130.91.56.66 - - [10/Oct/2012:10:30:40 -0400] "GET /cosign/valid?cosign-www.gradecraft.com=SsGk9g46K0JnaYK6FYUIgLwAHoDJmKp853h18+NNHKa2ZegUPV-PeKILKgjKPl-j2719bYb9hWuzr3Z6ZooXV4-CkMUF4kieXk2cvxwLRabcBFh8W1sW6oVSTHkb&https://www.gradecraft.com/ HTTP/1.1" 301 4096 "https://weblogin.umich.edu/?cosign-www.gradecraft.com&https://www.gradecraft.com/" "Mozilla/5.0 (Windows NT 6.1; WOW64) AppleWebKit/537.4 (KHTML, like Gecko) Chrome/22.0.1229.92 Safari/537.4"
130.91.56.66 - wadse@wharton.upenn.edu [10/Oct/2012:10:30:40 -0400] "GET / HTTP/1.1" 302 1348 "https://weblogin.umich.edu/?cosign-www.gradecraft.com&https://www.gradecraft.com/" "Mozilla/5.0 (Windows NT 6.1; WOW64) AppleWebKit/537.4 (KHTML, like Gecko) Chrome/22.0.1229.92 Safari/537.4"
130.91.56.66 - wadse@wharton.upenn.edu [10/Oct/2012:10:30:40 -0400] "GET /dashboard HTTP/1.1" 200 4100 "https://weblogin.umich.edu/?cosign-www.gradecraft.com&https://www.gradecraft.com/" "Mozilla/5.0 (Windows NT 6.1; WOW64) AppleWebKit/537.4 (KHTML, like Gecko) Chrome/22.0.1229.92 Safari/537.4"
130.91.56.66 - wadse@wharton.upenn.edu [10/Oct/2012:10:30:41 -0400] "GET /assets/stylesheets/superhero.min.css HTTP/1.1" 404 4288 "https://www.gradecraft.com/dashboard" "Mozilla/5.0 (Windows NT 6.1; WOW64) AppleWebKit/537.4 (KHTML, like Gecko) Chrome/22.0.1229.92 Safari/537.4"
130.91.56.66 - wadse@wharton.upenn.edu [10/Oct/2012:10:30:41 -0400] "GET /assets/application-ecd494f92b13eff6c1f1042a0c2c0300.css HTTP/1.1" 200 46973 "https://www.gradecraft.com/dashboard" "Mozilla/5.0 (Windows NT 6.1; WOW64) AppleWebKit/537.4 (KHTML, like Gecko) Chrome/22.0.1229.92 Safari/537.4"
130.91.56.66 - wadse@wharton.upenn.edu [10/Oct/2012:10:30:41 -0400] "GET /assets/application-1c8a7386185fa79b964fbb3a368c2523.js HTTP/1.1" 200 207268 "https://www.gradecraft.com/dashboard" "Mozilla/5.0 (Windows NT 6.1; WOW64) AppleWebKit/537.4 (KHTML, like Gecko) Chrome/22.0.1229.92 Safari/537.4"
130.91.56.66 - wadse@wharton.upenn.edu [10/Oct/2012:10:30:43 -0400] "GET /badges/wharton/image01.png HTTP/1.1" 200 6842 "https://www.gradecraft.com/dashboard" "Mozilla/5.0 (Windows NT 6.1; WOW64) AppleWebKit/537.4 (KHTML, like Gecko) Chrome/22.0.1229.92 Safari/537.4"
130.91.56.66 - wadse@wharton.upenn.edu [10/Oct/2012:10:30:43 -0400] "GET /badges/wharton/image02.png HTTP/1.1" 200 9899 "https://www.gradecraft.com/dashboard" "Mozilla/5.0 (Windows NT 6.1; WOW64) AppleWebKit/537.4 (KHTML, like Gecko) Chrome/22.0.1229.92 Safari/537.4"
130.91.56.66 - wadse@wharton.upenn.edu [10/Oct/2012:10:30:43 -0400] "GET /badges/wharton/image03.png HTTP/1.1" 200 10843 "https://www.gradecraft.com/dashboard" "Mozilla/5.0 (Windows NT 6.1; WOW64) AppleWebKit/537.4 (KHTML, like Gecko) Chrome/22.0.1229.92 Safari/537.4"
130.91.56.66 - wadse@wharton.upenn.edu [10/Oct/2012:10:30:43 -0400] "GET /users/predictor.json?user_id=34 HTTP/1.1" 200 1626 "https://www.gradecraft.com/dashboard" "Mozilla/5.0 (Windows NT 6.1; WOW64) AppleWebKit/537.4 (KHTML, like Gecko) Chrome/22.0.1229.92 Safari/537.4"
130.91.56.66 - wadse@wharton.upenn.edu [10/Oct/2012:10:30:43 -0400] "GET /badges/wharton/image04.png HTTP/1.1" 200 7835 "https://www.gradecraft.com/dashboard" "Mozilla/5.0 (Windows NT 6.1; WOW64) AppleWebKit/537.4 (KHTML, like Gecko) Chrome/22.0.1229.92 Safari/537.4"
130.91.56.66 - wadse@wharton.upenn.edu [10/Oct/2012:10:30:43 -0400] "GET /badges/wharton/image05.png HTTP/1.1" 200 7866 "https://www.gradecraft.com/dashboard" "Mozilla/5.0 (Windows NT 6.1; WOW64) AppleWebKit/537.4 (KHTML, like Gecko) Chrome/22.0.1229.92 Safari/537.4"
130.91.56.66 - wadse@wharton.upenn.edu [10/Oct/2012:10:30:43 -0400] "GET /badges/wharton/image06.png HTTP/1.1" 200 8042 "https://www.gradecraft.com/dashboard" "Mozilla/5.0 (Windows NT 6.1; WOW64) AppleWebKit/537.4 (KHTML, like Gecko) Chrome/22.0.1229.92 Safari/537.4"
130.91.56.66 - wadse@wharton.upenn.edu [10/Oct/2012:10:30:43 -0400] "GET /badges/wharton/image07.png HTTP/1.1" 200 7946 "https://www.gradecraft.com/dashboard" "Mozilla/5.0 (Windows NT 6.1; WOW64) AppleWebKit/537.4 (KHTML, like Gecko) Chrome/22.0.1229.92 Safari/537.4"
130.91.56.66 - wadse@wharton.upenn.edu [10/Oct/2012:10:30:43 -0400] "GET /badges/wharton/image08.png HTTP/1.1" 200 11146 "https://www.gradecraft.com/dashboard" "Mozilla/5.0 (Windows NT 6.1; WOW64) AppleWebKit/537.4 (KHTML, like Gecko) Chrome/22.0.1229.92 Safari/537.4"
130.91.56.66 - wadse@wharton.upenn.edu [10/Oct/2012:10:30:43 -0400] "GET /badges/wharton/image00.png HTTP/1.1" 200 8362 "https://www.gradecraft.com/dashboard" "Mozilla/5.0 (Windows NT 6.1; WOW64) AppleWebKit/537.4 (KHTML, like Gecko) Chrome/22.0.1229.92 Safari/537.4"
130.91.56.66 - wadse@wharton.upenn.edu [10/Oct/2012:10:30:43 -0400] "GET /badges/wharton/image09.png HTTP/1.1" 200 11818 "https://www.gradecraft.com/dashboard" "Mozilla/5.0 (Windows NT 6.1; WOW64) AppleWebKit/537.4 (KHTML, like Gecko) Chrome/22.0.1229.92 Safari/537.4"
130.91.56.66 - wadse@wharton.upenn.edu [10/Oct/2012:10:30:43 -0400] "GET /badges/wharton/Game-Master-Badge.png HTTP/1.1" 200 11946 "https://www.gradecraft.com/dashboard" "Mozilla/5.0 (Windows NT 6.1; WOW64) AppleWebKit/537.4 (KHTML, like Gecko) Chrome/22.0.1229.92 Safari/537.4"
130.91.56.66 - wadse@wharton.upenn.edu [10/Oct/2012:10:30:43 -0400] "GET /badges/wharton/Corporate-Lackey-Badge.png HTTP/1.1" 200 9914 "https://www.gradecraft.com/dashboard" "Mozilla/5.0 (Windows NT 6.1; WOW64) AppleWebKit/537.4 (KHTML, like Gecko) Chrome/22.0.1229.92 Safari/537.4"
130.91.56.66 - wadse@wharton.upenn.edu [10/Oct/2012:10:30:43 -0400] "GET /badges/wharton/Globe-Trotter-Badge.png HTTP/1.1" 200 10490 "https://www.gradecraft.com/dashboard" "Mozilla/5.0 (Windows NT 6.1; WOW64) AppleWebKit/537.4 (KHTML, like Gecko) Chrome/22.0.1229.92 Safari/537.4"
130.91.56.66 - wadse@wharton.upenn.edu [10/Oct/2012:10:30:43 -0400] "GET /users/predictor.json?in_progress=true&user_id=34 HTTP/1.1" 200 1626 "https://www.gradecraft.com/dashboard" "Mozilla/5.0 (Windows NT 6.1; WOW64) AppleWebKit/537.4 (KHTML, like Gecko) Chrome/22.0.1229.92 Safari/537.4"
165.123.84.109 - kly@wharton.upenn.edu [10/Oct/2012:10:30:43 -0400] "GET /assignments/10/grades/self_log?gradeable_id=11&gradeable_type=User HTTP/1.1" 200 2740 "https://www.gradecraft.com/dashboard" "Mozilla/5.0 (Windows NT 6.1; WOW64) AppleWebKit/537.4 (KHTML, like Gecko) Chrome/22.0.1229.92 Safari/537.4"
165.123.84.109 - kly@wharton.upenn.edu [10/Oct/2012:10:30:44 -0400] "GET /assets/stylesheets/superhero.min.css HTTP/1.1" 404 1044 "https://www.gradecraft.com/assignments/10/grades/self_log?gradeable_id=11&gradeable_type=User" "Mozilla/5.0 (Windows NT 6.1; WOW64) AppleWebKit/537.4 (KHTML, like Gecko) Chrome/22.0.1229.92 Safari/537.4"
174.252.75.115 - jcres@sas.upenn.edu [10/Oct/2012:10:30:44 -0400] "GET /assets/stylesheets/superhero.min.css HTTP/1.1" 404 4288 "https://www.gradecraft.com/dashboard" "Mozilla/5.0 (Linux; Android 4.1.1; Galaxy Nexus Build/JRO03O) AppleWebKit/535.19 (KHTML, like Gecko) Chrome/18.0.1025.166 Mobile Safari/535.19"
130.91.59.226 - kmate@wharton.upenn.edu [10/Oct/2012:10:30:44 -0400] "GET /dashboard HTTP/1.1" 200 4261 "https://www.gradecraft.com/assignments/10/grades/self_log?gradeable_id=58&gradeable_type=User" "Mozilla/5.0 (Windows NT 6.1; WOW64) AppleWebKit/537.4 (KHTML, like Gecko) Chrome/22.0.1229.92 Safari/537.4"
130.91.59.226 - kmate@wharton.upenn.edu [10/Oct/2012:10:30:44 -0400] "GET /assets/application-ecd494f92b13eff6c1f1042a0c2c0300.css HTTP/1.1" 304 245 "https://www.gradecraft.com/dashboard" "Mozilla/5.0 (Windows NT 6.1; WOW64) AppleWebKit/537.4 (KHTML, like Gecko) Chrome/22.0.1229.92 Safari/537.4"
130.91.59.226 - kmate@wharton.upenn.edu [10/Oct/2012:10:30:44 -0400] "GET /assets/application-1c8a7386185fa79b964fbb3a368c2523.js HTTP/1.1" 304 390 "https://www.gradecraft.com/dashboard" "Mozilla/5.0 (Windows NT 6.1; WOW64) AppleWebKit/537.4 (KHTML, like Gecko) Chrome/22.0.1229.92 Safari/537.4"
130.91.59.226 - kmate@wharton.upenn.edu [10/Oct/2012:10:30:44 -0400] "GET /assets/stylesheets/superhero.min.css HTTP/1.1" 404 1205 "https://www.gradecraft.com/dashboard" "Mozilla/5.0 (Windows NT 6.1; WOW64) AppleWebKit/537.4 (KHTML, like Gecko) Chrome/22.0.1229.92 Safari/537.4"
130.91.59.226 - kmate@wharton.upenn.edu [10/Oct/2012:10:30:44 -0400] "GET /badges/wharton/image01.png HTTP/1.1" 304 213 "https://www.gradecraft.com/dashboard" "Mozilla/5.0 (Windows NT 6.1; WOW64) AppleWebKit/537.4 (KHTML, like Gecko) Chrome/22.0.1229.92 Safari/537.4"
130.91.59.226 - kmate@wharton.upenn.edu [10/Oct/2012:10:30:44 -0400] "GET /badges/wharton/image02.png HTTP/1.1" 304 374 "https://www.gradecraft.com/dashboard" "Mozilla/5.0 (Windows NT 6.1; WOW64) AppleWebKit/537.4 (KHTML, like Gecko) Chrome/22.0.1229.92 Safari/537.4"
130.91.59.226 - kmate@wharton.upenn.edu [10/Oct/2012:10:30:44 -0400] "GET /badges/wharton/image03.png HTTP/1.1" 304 374 "https://www.gradecraft.com/dashboard" "Mozilla/5.0 (Windows NT 6.1; WOW64) AppleWebKit/537.4 (KHTML, like Gecko) Chrome/22.0.1229.92 Safari/537.4"
130.91.59.226 - kmate@wharton.upenn.edu [10/Oct/2012:10:30:44 -0400] "GET /badges/wharton/image04.png HTTP/1.1" 304 374 "https://www.gradecraft.com/dashboard" "Mozilla/5.0 (Windows NT 6.1; WOW64) AppleWebKit/537.4 (KHTML, like Gecko) Chrome/22.0.1229.92 Safari/537.4"
130.91.59.226 - kmate@wharton.upenn.edu [10/Oct/2012:10:30:44 -0400] "GET /badges/wharton/image05.png HTTP/1.1" 304 213 "https://www.gradecraft.com/dashboard" "Mozilla/5.0 (Windows NT 6.1; WOW64) AppleWebKit/537.4 (KHTML, like Gecko) Chrome/22.0.1229.92 Safari/537.4"
130.91.59.226 - kmate@wharton.upenn.edu [10/Oct/2012:10:30:44 -0400] "GET /badges/wharton/image06.png HTTP/1.1" 304 213 "https://www.gradecraft.com/dashboard" "Mozilla/5.0 (Windows NT 6.1; WOW64) AppleWebKit/537.4 (KHTML, like Gecko) Chrome/22.0.1229.92 Safari/537.4"
130.91.59.226 - kmate@wharton.upenn.edu [10/Oct/2012:10:30:44 -0400] "GET /badges/wharton/image07.png HTTP/1.1" 304 213 "https://www.gradecraft.com/dashboard" "Mozilla/5.0 (Windows NT 6.1; WOW64) AppleWebKit/537.4 (KHTML, like Gecko) Chrome/22.0.1229.92 Safari/537.4"
130.91.59.226 - kmate@wharton.upenn.edu [10/Oct/2012:10:30:44 -0400] "GET /users/predictor.json?user_id=58 HTTP/1.1" 304 885 "https://www.gradecraft.com/dashboard" "Mozilla/5.0 (Windows NT 6.1; WOW64) AppleWebKit/537.4 (KHTML, like Gecko) Chrome/22.0.1229.92 Safari/537.4"
130.91.59.226 - kmate@wharton.upenn.edu [10/Oct/2012:10:30:44 -0400] "GET /badges/wharton/image09.png HTTP/1.1" 304 213 "https://www.gradecraft.com/dashboard" "Mozilla/5.0 (Windows NT 6.1; WOW64) AppleWebKit/537.4 (KHTML, like Gecko) Chrome/22.0.1229.92 Safari/537.4"
130.91.59.226 - kmate@wharton.upenn.edu [10/Oct/2012:10:30:44 -0400] "GET /badges/wharton/image08.png HTTP/1.1" 304 213 "https://www.gradecraft.com/dashboard" "Mozilla/5.0 (Windows NT 6.1; WOW64) AppleWebKit/537.4 (KHTML, like Gecko) Chrome/22.0.1229.92 Safari/537.4"
130.91.59.226 - kmate@wharton.upenn.edu [10/Oct/2012:10:30:44 -0400] "GET /badges/wharton/image00.png HTTP/1.1" 304 213 "https://www.gradecraft.com/dashboard" "Mozilla/5.0 (Windows NT 6.1; WOW64) AppleWebKit/537.4 (KHTML, like Gecko) Chrome/22.0.1229.92 Safari/537.4"
130.91.59.226 - kmate@wharton.upenn.edu [10/Oct/2012:10:30:44 -0400] "GET /badges/wharton/Game-Master-Badge.png HTTP/1.1" 304 213 "https://www.gradecraft.com/dashboard" "Mozilla/5.0 (Windows NT 6.1; WOW64) AppleWebKit/537.4 (KHTML, like Gecko) Chrome/22.0.1229.92 Safari/537.4"
130.91.59.226 - kmate@wharton.upenn.edu [10/Oct/2012:10:30:44 -0400] "GET /badges/wharton/Corporate-Lackey-Badge.png HTTP/1.1" 304 213 "https://www.gradecraft.com/dashboard" "Mozilla/5.0 (Windows NT 6.1; WOW64) AppleWebKit/537.4 (KHTML, like Gecko) Chrome/22.0.1229.92 Safari/537.4"
130.91.59.226 - kmate@wharton.upenn.edu [10/Oct/2012:10:30:44 -0400] "GET /badges/wharton/Globe-Trotter-Badge.png HTTP/1.1" 304 213 "https://www.gradecraft.com/dashboard" "Mozilla/5.0 (Windows NT 6.1; WOW64) AppleWebKit/537.4 (KHTML, like Gecko) Chrome/22.0.1229.92 Safari/537.4"
130.91.59.226 - kmate@wharton.upenn.edu [10/Oct/2012:10:30:44 -0400] "GET /users/predictor.json?in_progress=true&user_id=58 HTTP/1.1" 304 885 "https://www.gradecraft.com/dashboard" "Mozilla/5.0 (Windows NT 6.1; WOW64) AppleWebKit/537.4 (KHTML, like Gecko) Chrome/22.0.1229.92 Safari/537.4"
174.252.75.115 - jcres@sas.upenn.edu [10/Oct/2012:10:30:46 -0400] "GET /users/predictor.json?user_id=50 HTTP/1.1" 304 4113 "https://www.gradecraft.com/dashboard" "Mozilla/5.0 (Linux; Android 4.1.1; Galaxy Nexus Build/JRO03O) AppleWebKit/535.19 (KHTML, like Gecko) Chrome/18.0.1025.166 Mobile Safari/535.19"
174.252.75.115 - jcres@sas.upenn.edu [10/Oct/2012:10:30:46 -0400] "GET /users/predictor.json?in_progress=true&user_id=50 HTTP/1.1" 304 885 "https://www.gradecraft.com/dashboard" "Mozilla/5.0 (Linux; Android 4.1.1; Galaxy Nexus Build/JRO03O) AppleWebKit/535.19 (KHTML, like Gecko) Chrome/18.0.1025.166 Mobile Safari/535.19"
174.252.75.115 - jcres@sas.upenn.edu [10/Oct/2012:10:30:47 -0400] "GET /apple-touch-icon-precomposed.png HTTP/1.1" 404 1044 "-" "Mozilla/5.0 (Linux; Android 4.1.1; Galaxy Nexus Build/JRO03O) AppleWebKit/535.19 (KHTML, like Gecko) Chrome/18.0.1025.166 Mobile Safari/535.19"
174.252.75.115 - jcres@sas.upenn.edu [10/Oct/2012:10:30:47 -0400] "GET /apple-touch-icon.png HTTP/1.1" 404 1044 "-" "Mozilla/5.0 (Linux; Android 4.1.1; Galaxy Nexus Build/JRO03O) AppleWebKit/535.19 (KHTML, like Gecko) Chrome/18.0.1025.166 Mobile Safari/535.19"
165.123.84.109 - kly@wharton.upenn.edu [10/Oct/2012:10:30:48 -0400] "POST /assignments/10/grades/self_log_create HTTP/1.1" 302 1652 "https://www.gradecraft.com/assignments/10/grades/self_log?gradeable_id=11&gradeable_type=User" "Mozilla/5.0 (Windows NT 6.1; WOW64) AppleWebKit/537.4 (KHTML, like Gecko) Chrome/22.0.1229.92 Safari/537.4"
165.123.84.12 - - [10/Oct/2012:10:30:48 -0400] "GET /dashboard HTTP/1.1" 302 3984 "-" "Mozilla/5.0 (X11; CrOS i686 2913.49.0) AppleWebKit/537.11 (KHTML, like Gecko) Chrome/23.0.1271.19 Safari/537.11"
165.123.84.109 - kly@wharton.upenn.edu [10/Oct/2012:10:30:48 -0400] "GET /dashboard HTTP/1.1" 200 4340 "https://www.gradecraft.com/assignments/10/grades/self_log?gradeable_id=11&gradeable_type=User" "Mozilla/5.0 (Windows NT 6.1; WOW64) AppleWebKit/537.4 (KHTML, like Gecko) Chrome/22.0.1229.92 Safari/537.4"
165.123.84.109 - kly@wharton.upenn.edu [10/Oct/2012:10:30:48 -0400] "GET /assets/stylesheets/superhero.min.css HTTP/1.1" 404 1044 "https://www.gradecraft.com/dashboard" "Mozilla/5.0 (Windows NT 6.1; WOW64) AppleWebKit/537.4 (KHTML, like Gecko) Chrome/22.0.1229.92 Safari/537.4"
165.123.84.109 - kly@wharton.upenn.edu [10/Oct/2012:10:30:48 -0400] "GET /users/predictor.json?user_id=11 HTTP/1.1" 200 1626 "https://www.gradecraft.com/dashboard" "Mozilla/5.0 (Windows NT 6.1; WOW64) AppleWebKit/537.4 (KHTML, like Gecko) Chrome/22.0.1229.92 Safari/537.4"
165.123.84.109 - kly@wharton.upenn.edu [10/Oct/2012:10:30:48 -0400] "GET /users/predictor.json?in_progress=true&user_id=11 HTTP/1.1" 200 1626 "https://www.gradecraft.com/dashboard" "Mozilla/5.0 (Windows NT 6.1; WOW64) AppleWebKit/537.4 (KHTML, like Gecko) Chrome/22.0.1229.92 Safari/537.4"
130.91.56.66 - wadse@wharton.upenn.edu [10/Oct/2012:10:30:57 -0400] "GET /assignments/10/grades/self_log?gradeable_id=34&gradeable_type=User HTTP/1.1" 200 2724 "https://www.gradecraft.com/dashboard" "Mozilla/5.0 (Windows NT 6.1; WOW64) AppleWebKit/537.4 (KHTML, like Gecko) Chrome/22.0.1229.92 Safari/537.4"
130.91.56.66 - wadse@wharton.upenn.edu [10/Oct/2012:10:30:58 -0400] "GET /assets/stylesheets/superhero.min.css HTTP/1.1" 404 1044 "https://www.gradecraft.com/assignments/10/grades/self_log?gradeable_id=34&gradeable_type=User" "Mozilla/5.0 (Windows NT 6.1; WOW64) AppleWebKit/537.4 (KHTML, like Gecko) Chrome/22.0.1229.92 Safari/537.4"
130.91.56.66 - wadse@wharton.upenn.edu [10/Oct/2012:10:31:01 -0400] "POST /assignments/10/grades/self_log_create HTTP/1.1" 302 1620 "https://www.gradecraft.com/assignments/10/grades/self_log?gradeable_id=34&gradeable_type=User" "Mozilla/5.0 (Windows NT 6.1; WOW64) AppleWebKit/537.4 (KHTML, like Gecko) Chrome/22.0.1229.92 Safari/537.4"
130.91.56.66 - wadse@wharton.upenn.edu [10/Oct/2012:10:31:01 -0400] "GET /dashboard HTTP/1.1" 200 4340 "https://www.gradecraft.com/assignments/10/grades/self_log?gradeable_id=34&gradeable_type=User" "Mozilla/5.0 (Windows NT 6.1; WOW64) AppleWebKit/537.4 (KHTML, like Gecko) Chrome/22.0.1229.92 Safari/537.4"
165.123.84.12 - - [10/Oct/2012:10:31:02 -0400] "GET /cosign/valid?cosign-www.gradecraft.com=ClEuSdKJMCEVx7ZqlvpaP7ju6PwUPKeeRTuOmDhPB4GiHP+agGgqIpZ2DBUs-jUqjJhTr-bSyFMFuPzgBk8Mpin4BUVes4e-pKXjPttSq0Ad3OyuYy4m4ngjms9F&https://www.gradecraft.com/dashboard HTTP/1.1" 301 900 "https://weblogin.umich.edu/?cosign-www.gradecraft.com&https://www.gradecraft.com/dashboard" "Mozilla/5.0 (X11; CrOS i686 2913.49.0) AppleWebKit/537.11 (KHTML, like Gecko) Chrome/23.0.1271.19 Safari/537.11"
165.123.84.12 - ath@wharton.upenn.edu [10/Oct/2012:10:31:02 -0400] "GET /dashboard HTTP/1.1" 302 1364 "https://weblogin.umich.edu/?cosign-www.gradecraft.com&https://www.gradecraft.com/dashboard" "Mozilla/5.0 (X11; CrOS i686 2913.49.0) AppleWebKit/537.11 (KHTML, like Gecko) Chrome/23.0.1271.19 Safari/537.11"
130.91.56.66 - wadse@wharton.upenn.edu [10/Oct/2012:10:31:02 -0400] "GET /assets/stylesheets/superhero.min.css HTTP/1.1" 404 1044 "https://www.gradecraft.com/dashboard" "Mozilla/5.0 (Windows NT 6.1; WOW64) AppleWebKit/537.4 (KHTML, like Gecko) Chrome/22.0.1229.92 Safari/537.4"
165.123.84.12 - ath@wharton.upenn.edu [10/Oct/2012:10:31:02 -0400] "GET /dashboard HTTP/1.1" 200 4100 "https://weblogin.umich.edu/?cosign-www.gradecraft.com&https://www.gradecraft.com/dashboard" "Mozilla/5.0 (X11; CrOS i686 2913.49.0) AppleWebKit/537.11 (KHTML, like Gecko) Chrome/23.0.1271.19 Safari/537.11"
130.91.56.66 - wadse@wharton.upenn.edu [10/Oct/2012:10:31:02 -0400] "GET /users/predictor.json?user_id=34 HTTP/1.1" 200 1771 "https://www.gradecraft.com/dashboard" "Mozilla/5.0 (Windows NT 6.1; WOW64) AppleWebKit/537.4 (KHTML, like Gecko) Chrome/22.0.1229.92 Safari/537.4"
130.91.56.66 - wadse@wharton.upenn.edu [10/Oct/2012:10:31:02 -0400] "GET /users/predictor.json?in_progress=true&user_id=34 HTTP/1.1" 200 1610 "https://www.gradecraft.com/dashboard" "Mozilla/5.0 (Windows NT 6.1; WOW64) AppleWebKit/537.4 (KHTML, like Gecko) Chrome/22.0.1229.92 Safari/537.4"
174.252.75.115 - jcres@sas.upenn.edu [10/Oct/2012:10:31:03 -0400] "GET /dashboard HTTP/1.1" 200 4261 "https://weblogin.umich.edu/?cosign-www.gradecraft.com&https://www.gradecraft.com/dashboard" "Mozilla/5.0 (Linux; Android 4.1.1; Galaxy Nexus Build/JRO03O) AppleWebKit/535.19 (KHTML, like Gecko) Chrome/18.0.1025.166 Mobile Safari/535.19"
174.252.75.115 - jcres@sas.upenn.edu [10/Oct/2012:10:31:04 -0400] "GET /assets/application-ecd494f92b13eff6c1f1042a0c2c0300.css HTTP/1.1" 304 245 "https://www.gradecraft.com/dashboard" "Mozilla/5.0 (Linux; Android 4.1.1; Galaxy Nexus Build/JRO03O) AppleWebKit/535.19 (KHTML, like Gecko) Chrome/18.0.1025.166 Mobile Safari/535.19"
174.252.75.115 - jcres@sas.upenn.edu [10/Oct/2012:10:31:04 -0400] "GET /assets/application-1c8a7386185fa79b964fbb3a368c2523.js HTTP/1.1" 304 390 "https://www.gradecraft.com/dashboard" "Mozilla/5.0 (Linux; Android 4.1.1; Galaxy Nexus Build/JRO03O) AppleWebKit/535.19 (KHTML, like Gecko) Chrome/18.0.1025.166 Mobile Safari/535.19"
165.123.84.12 - ath@wharton.upenn.edu [10/Oct/2012:10:31:04 -0400] "GET /assets/application-ecd494f92b13eff6c1f1042a0c2c0300.css HTTP/1.1" 304 245 "https://www.gradecraft.com/dashboard" "Mozilla/5.0 (X11; CrOS i686 2913.49.0) AppleWebKit/537.11 (KHTML, like Gecko) Chrome/23.0.1271.19 Safari/537.11"
165.123.84.12 - ath@wharton.upenn.edu [10/Oct/2012:10:31:05 -0400] "GET /assets/application-1c8a7386185fa79b964fbb3a368c2523.js HTTP/1.1" 304 3473 "https://www.gradecraft.com/dashboard" "Mozilla/5.0 (X11; CrOS i686 2913.49.0) AppleWebKit/537.11 (KHTML, like Gecko) Chrome/23.0.1271.19 Safari/537.11"
165.123.84.12 - ath@wharton.upenn.edu [10/Oct/2012:10:31:05 -0400] "GET /assets/stylesheets/superhero.min.css HTTP/1.1" 404 1044 "https://www.gradecraft.com/dashboard" "Mozilla/5.0 (X11; CrOS i686 2913.49.0) AppleWebKit/537.11 (KHTML, like Gecko) Chrome/23.0.1271.19 Safari/537.11"
174.252.75.115 - jcres@sas.upenn.edu [10/Oct/2012:10:31:05 -0400] "GET /badges/wharton/image01.png HTTP/1.1" 304 213 "https://www.gradecraft.com/dashboard" "Mozilla/5.0 (Linux; Android 4.1.1; Galaxy Nexus Build/JRO03O) AppleWebKit/535.19 (KHTML, like Gecko) Chrome/18.0.1025.166 Mobile Safari/535.19"
174.252.75.115 - jcres@sas.upenn.edu [10/Oct/2012:10:31:05 -0400] "GET /badges/wharton/image02.png HTTP/1.1" 304 213 "https://www.gradecraft.com/dashboard" "Mozilla/5.0 (Linux; Android 4.1.1; Galaxy Nexus Build/JRO03O) AppleWebKit/535.19 (KHTML, like Gecko) Chrome/18.0.1025.166 Mobile Safari/535.19"
174.252.75.115 - jcres@sas.upenn.edu [10/Oct/2012:10:31:05 -0400] "GET /badges/wharton/image03.png HTTP/1.1" 304 374 "https://www.gradecraft.com/dashboard" "Mozilla/5.0 (Linux; Android 4.1.1; Galaxy Nexus Build/JRO03O) AppleWebKit/535.19 (KHTML, like Gecko) Chrome/18.0.1025.166 Mobile Safari/535.19"
174.252.75.115 - jcres@sas.upenn.edu [10/Oct/2012:10:31:06 -0400] "GET /badges/wharton/image04.png HTTP/1.1" 304 374 "https://www.gradecraft.com/dashboard" "Mozilla/5.0 (Linux; Android 4.1.1; Galaxy Nexus Build/JRO03O) AppleWebKit/535.19 (KHTML, like Gecko) Chrome/18.0.1025.166 Mobile Safari/535.19"
174.252.75.115 - jcres@sas.upenn.edu [10/Oct/2012:10:31:06 -0400] "GET /badges/wharton/image05.png HTTP/1.1" 304 213 "https://www.gradecraft.com/dashboard" "Mozilla/5.0 (Linux; Android 4.1.1; Galaxy Nexus Build/JRO03O) AppleWebKit/535.19 (KHTML, like Gecko) Chrome/18.0.1025.166 Mobile Safari/535.19"
174.252.75.115 - jcres@sas.upenn.edu [10/Oct/2012:10:31:06 -0400] "GET /badges/wharton/image06.png HTTP/1.1" 304 213 "https://www.gradecraft.com/dashboard" "Mozilla/5.0 (Linux; Android 4.1.1; Galaxy Nexus Build/JRO03O) AppleWebKit/535.19 (KHTML, like Gecko) Chrome/18.0.1025.166 Mobile Safari/535.19"
174.252.75.115 - jcres@sas.upenn.edu [10/Oct/2012:10:31:06 -0400] "GET /badges/wharton/image07.png HTTP/1.1" 304 213 "https://www.gradecraft.com/dashboard" "Mozilla/5.0 (Linux; Android 4.1.1; Galaxy Nexus Build/JRO03O) AppleWebKit/535.19 (KHTML, like Gecko) Chrome/18.0.1025.166 Mobile Safari/535.19"
174.252.75.115 - jcres@sas.upenn.edu [10/Oct/2012:10:31:06 -0400] "GET /badges/wharton/image00.png HTTP/1.1" 304 213 "https://www.gradecraft.com/dashboard" "Mozilla/5.0 (Linux; Android 4.1.1; Galaxy Nexus Build/JRO03O) AppleWebKit/535.19 (KHTML, like Gecko) Chrome/18.0.1025.166 Mobile Safari/535.19"
174.252.75.115 - jcres@sas.upenn.edu [10/Oct/2012:10:31:06 -0400] "GET /badges/wharton/image08.png HTTP/1.1" 304 213 "https://www.gradecraft.com/dashboard" "Mozilla/5.0 (Linux; Android 4.1.1; Galaxy Nexus Build/JRO03O) AppleWebKit/535.19 (KHTML, like Gecko) Chrome/18.0.1025.166 Mobile Safari/535.19"
174.252.75.115 - jcres@sas.upenn.edu [10/Oct/2012:10:31:06 -0400] "GET /badges/wharton/image09.png HTTP/1.1" 304 213 "https://www.gradecraft.com/dashboard" "Mozilla/5.0 (Linux; Android 4.1.1; Galaxy Nexus Build/JRO03O) AppleWebKit/535.19 (KHTML, like Gecko) Chrome/18.0.1025.166 Mobile Safari/535.19"
174.252.75.115 - jcres@sas.upenn.edu [10/Oct/2012:10:31:06 -0400] "GET /badges/wharton/Game-Master-Badge.png HTTP/1.1" 304 213 "https://www.gradecraft.com/dashboard" "Mozilla/5.0 (Linux; Android 4.1.1; Galaxy Nexus Build/JRO03O) AppleWebKit/535.19 (KHTML, like Gecko) Chrome/18.0.1025.166 Mobile Safari/535.19"
174.252.75.115 - jcres@sas.upenn.edu [10/Oct/2012:10:31:06 -0400] "GET /badges/wharton/Corporate-Lackey-Badge.png HTTP/1.1" 304 213 "https://www.gradecraft.com/dashboard" "Mozilla/5.0 (Linux; Android 4.1.1; Galaxy Nexus Build/JRO03O) AppleWebKit/535.19 (KHTML, like Gecko) Chrome/18.0.1025.166 Mobile Safari/535.19"
165.123.84.12 - ath@wharton.upenn.edu [10/Oct/2012:10:31:06 -0400] "GET /users/predictor.json?user_id=30 HTTP/1.1" 200 1642 "https://www.gradecraft.com/dashboard" "Mozilla/5.0 (X11; CrOS i686 2913.49.0) AppleWebKit/537.11 (KHTML, like Gecko) Chrome/23.0.1271.19 Safari/537.11"
165.123.84.12 - ath@wharton.upenn.edu [10/Oct/2012:10:31:06 -0400] "GET /badges/wharton/image01.png HTTP/1.1" 304 3457 "https://www.gradecraft.com/dashboard" "Mozilla/5.0 (X11; CrOS i686 2913.49.0) AppleWebKit/537.11 (KHTML, like Gecko) Chrome/23.0.1271.19 Safari/537.11"
174.252.75.115 - jcres@sas.upenn.edu [10/Oct/2012:10:31:06 -0400] "GET /badges/wharton/Globe-Trotter-Badge.png HTTP/1.1" 304 374 "https://www.gradecraft.com/dashboard" "Mozilla/5.0 (Linux; Android 4.1.1; Galaxy Nexus Build/JRO03O) AppleWebKit/535.19 (KHTML, like Gecko) Chrome/18.0.1025.166 Mobile Safari/535.19"
165.123.84.12 - ath@wharton.upenn.edu [10/Oct/2012:10:31:06 -0400] "GET /users/predictor.json?in_progress=true&user_id=30 HTTP/1.1" 200 1642 "https://www.gradecraft.com/dashboard" "Mozilla/5.0 (X11; CrOS i686 2913.49.0) AppleWebKit/537.11 (KHTML, like Gecko) Chrome/23.0.1271.19 Safari/537.11"
165.123.84.12 - ath@wharton.upenn.edu [10/Oct/2012:10:31:06 -0400] "GET /badges/wharton/image02.png HTTP/1.1" 304 3457 "https://www.gradecraft.com/dashboard" "Mozilla/5.0 (X11; CrOS i686 2913.49.0) AppleWebKit/537.11 (KHTML, like Gecko) Chrome/23.0.1271.19 Safari/537.11"
165.123.84.12 - ath@wharton.upenn.edu [10/Oct/2012:10:31:06 -0400] "GET /badges/wharton/image03.png HTTP/1.1" 304 213 "https://www.gradecraft.com/dashboard" "Mozilla/5.0 (X11; CrOS i686 2913.49.0) AppleWebKit/537.11 (KHTML, like Gecko) Chrome/23.0.1271.19 Safari/537.11"
165.123.84.12 - ath@wharton.upenn.edu [10/Oct/2012:10:31:06 -0400] "GET /badges/wharton/image04.png HTTP/1.1" 304 213 "https://www.gradecraft.com/dashboard" "Mozilla/5.0 (X11; CrOS i686 2913.49.0) AppleWebKit/537.11 (KHTML, like Gecko) Chrome/23.0.1271.19 Safari/537.11"
165.123.84.12 - ath@wharton.upenn.edu [10/Oct/2012:10:31:06 -0400] "GET /badges/wharton/image05.png HTTP/1.1" 304 213 "https://www.gradecraft.com/dashboard" "Mozilla/5.0 (X11; CrOS i686 2913.49.0) AppleWebKit/537.11 (KHTML, like Gecko) Chrome/23.0.1271.19 Safari/537.11"
165.123.84.12 - ath@wharton.upenn.edu [10/Oct/2012:10:31:06 -0400] "GET /badges/wharton/image06.png HTTP/1.1" 304 213 "https://www.gradecraft.com/dashboard" "Mozilla/5.0 (X11; CrOS i686 2913.49.0) AppleWebKit/537.11 (KHTML, like Gecko) Chrome/23.0.1271.19 Safari/537.11"
165.123.84.12 - ath@wharton.upenn.edu [10/Oct/2012:10:31:06 -0400] "GET /badges/wharton/image07.png HTTP/1.1" 304 213 "https://www.gradecraft.com/dashboard" "Mozilla/5.0 (X11; CrOS i686 2913.49.0) AppleWebKit/537.11 (KHTML, like Gecko) Chrome/23.0.1271.19 Safari/537.11"
165.123.84.12 - ath@wharton.upenn.edu [10/Oct/2012:10:31:06 -0400] "GET /badges/wharton/image08.png HTTP/1.1" 304 213 "https://www.gradecraft.com/dashboard" "Mozilla/5.0 (X11; CrOS i686 2913.49.0) AppleWebKit/537.11 (KHTML, like Gecko) Chrome/23.0.1271.19 Safari/537.11"
165.123.84.12 - ath@wharton.upenn.edu [10/Oct/2012:10:31:06 -0400] "GET /badges/wharton/image09.png HTTP/1.1" 304 213 "https://www.gradecraft.com/dashboard" "Mozilla/5.0 (X11; CrOS i686 2913.49.0) AppleWebKit/537.11 (KHTML, like Gecko) Chrome/23.0.1271.19 Safari/537.11"
165.123.84.12 - ath@wharton.upenn.edu [10/Oct/2012:10:31:06 -0400] "GET /badges/wharton/image00.png HTTP/1.1" 304 213 "https://www.gradecraft.com/dashboard" "Mozilla/5.0 (X11; CrOS i686 2913.49.0) AppleWebKit/537.11 (KHTML, like Gecko) Chrome/23.0.1271.19 Safari/537.11"
174.252.75.115 - jcres@sas.upenn.edu [10/Oct/2012:10:31:06 -0400] "GET /apple-touch-icon-precomposed.png HTTP/1.1" 404 1044 "-" "Mozilla/5.0 (Linux; Android 4.1.1; Galaxy Nexus Build/JRO03O) AppleWebKit/535.19 (KHTML, like Gecko) Chrome/18.0.1025.166 Mobile Safari/535.19"
165.123.84.12 - ath@wharton.upenn.edu [10/Oct/2012:10:31:06 -0400] "GET /badges/wharton/Game-Master-Badge.png HTTP/1.1" 304 213 "https://www.gradecraft.com/dashboard" "Mozilla/5.0 (X11; CrOS i686 2913.49.0) AppleWebKit/537.11 (KHTML, like Gecko) Chrome/23.0.1271.19 Safari/537.11"
165.123.84.12 - ath@wharton.upenn.edu [10/Oct/2012:10:31:07 -0400] "GET /badges/wharton/Corporate-Lackey-Badge.png HTTP/1.1" 304 213 "https://www.gradecraft.com/dashboard" "Mozilla/5.0 (X11; CrOS i686 2913.49.0) AppleWebKit/537.11 (KHTML, like Gecko) Chrome/23.0.1271.19 Safari/537.11"
165.123.84.12 - ath@wharton.upenn.edu [10/Oct/2012:10:31:07 -0400] "GET /badges/wharton/Globe-Trotter-Badge.png HTTP/1.1" 304 213 "https://www.gradecraft.com/dashboard" "Mozilla/5.0 (X11; CrOS i686 2913.49.0) AppleWebKit/537.11 (KHTML, like Gecko) Chrome/23.0.1271.19 Safari/537.11"
174.252.75.115 - jcres@sas.upenn.edu [10/Oct/2012:10:31:07 -0400] "GET /apple-touch-icon.png HTTP/1.1" 404 1044 "-" "Mozilla/5.0 (Linux; Android 4.1.1; Galaxy Nexus Build/JRO03O) AppleWebKit/535.19 (KHTML, like Gecko) Chrome/18.0.1025.166 Mobile Safari/535.19"
165.123.84.12 - ath@wharton.upenn.edu [10/Oct/2012:10:31:08 -0400] "GET /favicon.ico HTTP/1.1" 304 229 "-" "Mozilla/5.0 (X11; CrOS i686 2913.49.0) AppleWebKit/537.11 (KHTML, like Gecko) Chrome/23.0.1271.19 Safari/537.11"
174.252.75.115 - jcres@sas.upenn.edu [10/Oct/2012:10:31:11 -0400] "GET /assignments/10/grades/self_log?gradeable_id=50&gradeable_type=User HTTP/1.1" 200 2740 "https://www.gradecraft.com/dashboard" "Mozilla/5.0 (Linux; Android 4.1.1; Galaxy Nexus Build/JRO03O) AppleWebKit/535.19 (KHTML, like Gecko) Chrome/18.0.1025.166 Mobile Safari/535.19"
165.123.85.188 - - [10/Oct/2012:10:31:13 -0400] "GET /dashboard HTTP/1.1" 302 3254 "-" "Mozilla/5.0 (Macintosh; Intel Mac OS X 10_6_8) AppleWebKit/534.57.2 (KHTML, like Gecko) Version/5.1.7 Safari/534.57.2"
165.123.84.12 - ath@wharton.upenn.edu [10/Oct/2012:10:31:14 -0400] "GET /assignments/10/grades/self_log?gradeable_id=30&gradeable_type=User HTTP/1.1" 200 2740 "https://www.gradecraft.com/dashboard" "Mozilla/5.0 (X11; CrOS i686 2913.49.0) AppleWebKit/537.11 (KHTML, like Gecko) Chrome/23.0.1271.19 Safari/537.11"
165.123.84.12 - ath@wharton.upenn.edu [10/Oct/2012:10:31:15 -0400] "GET /assets/stylesheets/superhero.min.css HTTP/1.1" 404 1044 "https://www.gradecraft.com/assignments/10/grades/self_log?gradeable_id=30&gradeable_type=User" "Mozilla/5.0 (X11; CrOS i686 2913.49.0) AppleWebKit/537.11 (KHTML, like Gecko) Chrome/23.0.1271.19 Safari/537.11"
165.123.84.12 - ath@wharton.upenn.edu [10/Oct/2012:10:31:20 -0400] "POST /assignments/10/grades/self_log_create HTTP/1.1" 302 1652 "https://www.gradecraft.com/assignments/10/grades/self_log?gradeable_id=30&gradeable_type=User" "Mozilla/5.0 (X11; CrOS i686 2913.49.0) AppleWebKit/537.11 (KHTML, like Gecko) Chrome/23.0.1271.19 Safari/537.11"
165.123.84.12 - ath@wharton.upenn.edu [10/Oct/2012:10:31:20 -0400] "GET /dashboard HTTP/1.1" 200 4324 "https://www.gradecraft.com/assignments/10/grades/self_log?gradeable_id=30&gradeable_type=User" "Mozilla/5.0 (X11; CrOS i686 2913.49.0) AppleWebKit/537.11 (KHTML, like Gecko) Chrome/23.0.1271.19 Safari/537.11"
165.123.84.12 - ath@wharton.upenn.edu [10/Oct/2012:10:31:22 -0400] "GET /assets/stylesheets/superhero.min.css HTTP/1.1" 404 1044 "https://www.gradecraft.com/dashboard" "Mozilla/5.0 (X11; CrOS i686 2913.49.0) AppleWebKit/537.11 (KHTML, like Gecko) Chrome/23.0.1271.19 Safari/537.11"
174.252.75.115 - jcres@sas.upenn.edu [10/Oct/2012:10:31:22 -0400] "GET /assets/stylesheets/superhero.min.css HTTP/1.1" 404 1044 "https://www.gradecraft.com/assignments/10/grades/self_log?gradeable_id=50&gradeable_type=User" "Mozilla/5.0 (Linux; Android 4.1.1; Galaxy Nexus Build/JRO03O) AppleWebKit/535.19 (KHTML, like Gecko) Chrome/18.0.1025.166 Mobile Safari/535.19"
165.123.84.12 - ath@wharton.upenn.edu [10/Oct/2012:10:31:22 -0400] "GET /users/predictor.json?user_id=30 HTTP/1.1" 200 1787 "https://www.gradecraft.com/dashboard" "Mozilla/5.0 (X11; CrOS i686 2913.49.0) AppleWebKit/537.11 (KHTML, like Gecko) Chrome/23.0.1271.19 Safari/537.11"
165.123.84.12 - ath@wharton.upenn.edu [10/Oct/2012:10:31:22 -0400] "GET /users/predictor.json?in_progress=true&user_id=30 HTTP/1.1" 200 1642 "https://www.gradecraft.com/dashboard" "Mozilla/5.0 (X11; CrOS i686 2913.49.0) AppleWebKit/537.11 (KHTML, like Gecko) Chrome/23.0.1271.19 Safari/537.11"
165.123.85.188 - - [10/Oct/2012:10:31:22 -0400] "GET /cosign/valid?cosign-www.gradecraft.com=k+xzBrhT-vDxfYPU2-+MiqZoHYdjDWKeBzd3Mr8-1KA8a2CyNdlNyZspluTZi3Aec8xQO6M7bVcz9HDd+Sl4l5Uv2mOco85gbTe3U7-wOiSAZcVGmDjEeQ1Vd+gM&https://www.gradecraft.com/dashboard HTTP/1.1" 301 900 "https://weblogin.umich.edu/?cosign-www.gradecraft.com&https://www.gradecraft.com/dashboard" "Mozilla/5.0 (Macintosh; Intel Mac OS X 10_6_8) AppleWebKit/534.57.2 (KHTML, like Gecko) Version/5.1.7 Safari/534.57.2"
165.123.85.188 - hougies@wharton.upenn.edu [10/Oct/2012:10:31:22 -0400] "GET /dashboard HTTP/1.1" 200 4116 "https://weblogin.umich.edu/?cosign-www.gradecraft.com&https://www.gradecraft.com/dashboard" "Mozilla/5.0 (Macintosh; Intel Mac OS X 10_6_8) AppleWebKit/534.57.2 (KHTML, like Gecko) Version/5.1.7 Safari/534.57.2"
165.123.85.188 - hougies@wharton.upenn.edu [10/Oct/2012:10:31:22 -0400] "GET /assets/application-ecd494f92b13eff6c1f1042a0c2c0300.css HTTP/1.1" 200 46973 "https://www.gradecraft.com/dashboard" "Mozilla/5.0 (Macintosh; Intel Mac OS X 10_6_8) AppleWebKit/534.57.2 (KHTML, like Gecko) Version/5.1.7 Safari/534.57.2"
165.123.85.188 - hougies@wharton.upenn.edu [10/Oct/2012:10:31:23 -0400] "GET /assets/stylesheets/superhero.min.css HTTP/1.1" 404 1198 "https://www.gradecraft.com/dashboard" "Mozilla/5.0 (Macintosh; Intel Mac OS X 10_6_8) AppleWebKit/534.57.2 (KHTML, like Gecko) Version/5.1.7 Safari/534.57.2"
165.123.85.188 - hougies@wharton.upenn.edu [10/Oct/2012:10:31:23 -0400] "GET /assets/application-1c8a7386185fa79b964fbb3a368c2523.js HTTP/1.1" 200 204178 "https://www.gradecraft.com/dashboard" "Mozilla/5.0 (Macintosh; Intel Mac OS X 10_6_8) AppleWebKit/534.57.2 (KHTML, like Gecko) Version/5.1.7 Safari/534.57.2"
165.123.85.188 - hougies@wharton.upenn.edu [10/Oct/2012:10:31:23 -0400] "GET /badges/wharton/image02.png HTTP/1.1" 200 9754 "https://www.gradecraft.com/dashboard" "Mozilla/5.0 (Macintosh; Intel Mac OS X 10_6_8) AppleWebKit/534.57.2 (KHTML, like Gecko) Version/5.1.7 Safari/534.57.2"
165.123.85.188 - hougies@wharton.upenn.edu [10/Oct/2012:10:31:23 -0400] "GET /badges/wharton/image04.png HTTP/1.1" 200 7690 "https://www.gradecraft.com/dashboard" "Mozilla/5.0 (Macintosh; Intel Mac OS X 10_6_8) AppleWebKit/534.57.2 (KHTML, like Gecko) Version/5.1.7 Safari/534.57.2"
165.123.85.188 - hougies@wharton.upenn.edu [10/Oct/2012:10:31:23 -0400] "GET /badges/wharton/image01.png HTTP/1.1" 200 6842 "https://www.gradecraft.com/dashboard" "Mozilla/5.0 (Macintosh; Intel Mac OS X 10_6_8) AppleWebKit/534.57.2 (KHTML, like Gecko) Version/5.1.7 Safari/534.57.2"
165.123.85.188 - hougies@wharton.upenn.edu [10/Oct/2012:10:31:23 -0400] "GET /badges/wharton/image05.png HTTP/1.1" 200 7866 "https://www.gradecraft.com/dashboard" "Mozilla/5.0 (Macintosh; Intel Mac OS X 10_6_8) AppleWebKit/534.57.2 (KHTML, like Gecko) Version/5.1.7 Safari/534.57.2"
165.123.85.188 - hougies@wharton.upenn.edu [10/Oct/2012:10:31:23 -0400] "GET /badges/wharton/image06.png HTTP/1.1" 200 8042 "https://www.gradecraft.com/dashboard" "Mozilla/5.0 (Macintosh; Intel Mac OS X 10_6_8) AppleWebKit/534.57.2 (KHTML, like Gecko) Version/5.1.7 Safari/534.57.2"
165.123.85.188 - hougies@wharton.upenn.edu [10/Oct/2012:10:31:23 -0400] "GET /badges/wharton/image08.png HTTP/1.1" 200 11146 "https://www.gradecraft.com/dashboard" "Mozilla/5.0 (Macintosh; Intel Mac OS X 10_6_8) AppleWebKit/534.57.2 (KHTML, like Gecko) Version/5.1.7 Safari/534.57.2"
165.123.85.188 - hougies@wharton.upenn.edu [10/Oct/2012:10:31:23 -0400] "GET /badges/wharton/image09.png HTTP/1.1" 200 11818 "https://www.gradecraft.com/dashboard" "Mozilla/5.0 (Macintosh; Intel Mac OS X 10_6_8) AppleWebKit/534.57.2 (KHTML, like Gecko) Version/5.1.7 Safari/534.57.2"
165.123.85.188 - hougies@wharton.upenn.edu [10/Oct/2012:10:31:23 -0400] "GET /badges/wharton/image00.png HTTP/1.1" 200 8362 "https://www.gradecraft.com/dashboard" "Mozilla/5.0 (Macintosh; Intel Mac OS X 10_6_8) AppleWebKit/534.57.2 (KHTML, like Gecko) Version/5.1.7 Safari/534.57.2"
165.123.85.188 - hougies@wharton.upenn.edu [10/Oct/2012:10:31:23 -0400] "GET /badges/wharton/image03.png HTTP/1.1" 200 10836 "https://www.gradecraft.com/dashboard" "Mozilla/5.0 (Macintosh; Intel Mac OS X 10_6_8) AppleWebKit/534.57.2 (KHTML, like Gecko) Version/5.1.7 Safari/534.57.2"
165.123.85.188 - hougies@wharton.upenn.edu [10/Oct/2012:10:31:23 -0400] "GET /badges/wharton/Game-Master-Badge.png HTTP/1.1" 200 11946 "https://www.gradecraft.com/dashboard" "Mozilla/5.0 (Macintosh; Intel Mac OS X 10_6_8) AppleWebKit/534.57.2 (KHTML, like Gecko) Version/5.1.7 Safari/534.57.2"
165.123.85.188 - hougies@wharton.upenn.edu [10/Oct/2012:10:31:23 -0400] "GET /badges/wharton/Corporate-Lackey-Badge.png HTTP/1.1" 200 9914 "https://www.gradecraft.com/dashboard" "Mozilla/5.0 (Macintosh; Intel Mac OS X 10_6_8) AppleWebKit/534.57.2 (KHTML, like Gecko) Version/5.1.7 Safari/534.57.2"
165.123.85.188 - hougies@wharton.upenn.edu [10/Oct/2012:10:31:23 -0400] "GET /badges/wharton/Globe-Trotter-Badge.png HTTP/1.1" 200 10490 "https://www.gradecraft.com/dashboard" "Mozilla/5.0 (Macintosh; Intel Mac OS X 10_6_8) AppleWebKit/534.57.2 (KHTML, like Gecko) Version/5.1.7 Safari/534.57.2"
165.123.85.188 - hougies@wharton.upenn.edu [10/Oct/2012:10:31:23 -0400] "GET /users/predictor.json?user_id=55 HTTP/1.1" 200 1764 "https://www.gradecraft.com/dashboard" "Mozilla/5.0 (Macintosh; Intel Mac OS X 10_6_8) AppleWebKit/534.57.2 (KHTML, like Gecko) Version/5.1.7 Safari/534.57.2"
165.123.85.188 - hougies@wharton.upenn.edu [10/Oct/2012:10:31:23 -0400] "GET /users/predictor.json?in_progress=true&user_id=55 HTTP/1.1" 200 1780 "https://www.gradecraft.com/dashboard" "Mozilla/5.0 (Macintosh; Intel Mac OS X 10_6_8) AppleWebKit/534.57.2 (KHTML, like Gecko) Version/5.1.7 Safari/534.57.2"
174.252.75.115 - jcres@sas.upenn.edu [10/Oct/2012:10:31:27 -0400] "POST /assignments/10/grades/self_log_create HTTP/1.1" 302 1797 "https://www.gradecraft.com/assignments/10/grades/self_log?gradeable_id=50&gradeable_type=User" "Mozilla/5.0 (Linux; Android 4.1.1; Galaxy Nexus Build/JRO03O) AppleWebKit/535.19 (KHTML, like Gecko) Chrome/18.0.1025.166 Mobile Safari/535.19"
174.252.75.115 - jcres@sas.upenn.edu [10/Oct/2012:10:31:27 -0400] "GET /dashboard HTTP/1.1" 200 4340 "https://www.gradecraft.com/assignments/10/grades/self_log?gradeable_id=50&gradeable_type=User" "Mozilla/5.0 (Linux; Android 4.1.1; Galaxy Nexus Build/JRO03O) AppleWebKit/535.19 (KHTML, like Gecko) Chrome/18.0.1025.166 Mobile Safari/535.19"
165.123.85.188 - hougies@wharton.upenn.edu [10/Oct/2012:10:31:28 -0400] "GET /assignments/10/grades/self_log?gradeable_id=55&gradeable_type=User HTTP/1.1" 200 2740 "https://www.gradecraft.com/dashboard" "Mozilla/5.0 (Macintosh; Intel Mac OS X 10_6_8) AppleWebKit/534.57.2 (KHTML, like Gecko) Version/5.1.7 Safari/534.57.2"
165.123.85.188 - hougies@wharton.upenn.edu [10/Oct/2012:10:31:28 -0400] "GET /assets/stylesheets/superhero.min.css HTTP/1.1" 404 1044 "https://www.gradecraft.com/assignments/10/grades/self_log?gradeable_id=55&gradeable_type=User" "Mozilla/5.0 (Macintosh; Intel Mac OS X 10_6_8) AppleWebKit/534.57.2 (KHTML, like Gecko) Version/5.1.7 Safari/534.57.2"
174.252.75.115 - jcres@sas.upenn.edu [10/Oct/2012:10:31:28 -0400] "GET /assets/stylesheets/superhero.min.css HTTP/1.1" 404 1044 "https://www.gradecraft.com/dashboard" "Mozilla/5.0 (Linux; Android 4.1.1; Galaxy Nexus Build/JRO03O) AppleWebKit/535.19 (KHTML, like Gecko) Chrome/18.0.1025.166 Mobile Safari/535.19"
165.123.87.187 - sohumd@wharton.upenn.edu [10/Oct/2012:10:31:29 -0400] "GET /dashboard HTTP/1.1" 200 4245 "https://www.gradecraft.com/assignments/10/grades/self_log?gradeable_id=51&gradeable_type=User" "Mozilla/5.0 (Windows NT 6.1; WOW64) AppleWebKit/537.4 (KHTML, like Gecko) Chrome/22.0.1229.92 Safari/537.4"
165.123.87.187 - sohumd@wharton.upenn.edu [10/Oct/2012:10:31:29 -0400] "GET /assets/application-ecd494f92b13eff6c1f1042a0c2c0300.css HTTP/1.1" 304 245 "https://www.gradecraft.com/dashboard" "Mozilla/5.0 (Windows NT 6.1; WOW64) AppleWebKit/537.4 (KHTML, like Gecko) Chrome/22.0.1229.92 Safari/537.4"
165.123.87.187 - sohumd@wharton.upenn.edu [10/Oct/2012:10:31:29 -0400] "GET /assets/application-1c8a7386185fa79b964fbb3a368c2523.js HTTP/1.1" 304 390 "https://www.gradecraft.com/dashboard" "Mozilla/5.0 (Windows NT 6.1; WOW64) AppleWebKit/537.4 (KHTML, like Gecko) Chrome/22.0.1229.92 Safari/537.4"
165.123.87.187 - sohumd@wharton.upenn.edu [10/Oct/2012:10:31:29 -0400] "GET /assets/stylesheets/superhero.min.css HTTP/1.1" 404 1205 "https://www.gradecraft.com/dashboard" "Mozilla/5.0 (Windows NT 6.1; WOW64) AppleWebKit/537.4 (KHTML, like Gecko) Chrome/22.0.1229.92 Safari/537.4"
165.123.87.187 - sohumd@wharton.upenn.edu [10/Oct/2012:10:31:29 -0400] "GET /badges/wharton/image01.png HTTP/1.1" 304 213 "https://www.gradecraft.com/dashboard" "Mozilla/5.0 (Windows NT 6.1; WOW64) AppleWebKit/537.4 (KHTML, like Gecko) Chrome/22.0.1229.92 Safari/537.4"
165.123.87.187 - sohumd@wharton.upenn.edu [10/Oct/2012:10:31:29 -0400] "GET /badges/wharton/image02.png HTTP/1.1" 304 374 "https://www.gradecraft.com/dashboard" "Mozilla/5.0 (Windows NT 6.1; WOW64) AppleWebKit/537.4 (KHTML, like Gecko) Chrome/22.0.1229.92 Safari/537.4"
165.123.87.187 - sohumd@wharton.upenn.edu [10/Oct/2012:10:31:29 -0400] "GET /badges/wharton/image03.png HTTP/1.1" 304 374 "https://www.gradecraft.com/dashboard" "Mozilla/5.0 (Windows NT 6.1; WOW64) AppleWebKit/537.4 (KHTML, like Gecko) Chrome/22.0.1229.92 Safari/537.4"
165.123.87.187 - sohumd@wharton.upenn.edu [10/Oct/2012:10:31:29 -0400] "GET /badges/wharton/image04.png HTTP/1.1" 304 374 "https://www.gradecraft.com/dashboard" "Mozilla/5.0 (Windows NT 6.1; WOW64) AppleWebKit/537.4 (KHTML, like Gecko) Chrome/22.0.1229.92 Safari/537.4"
165.123.87.187 - sohumd@wharton.upenn.edu [10/Oct/2012:10:31:29 -0400] "GET /badges/wharton/image05.png HTTP/1.1" 304 213 "https://www.gradecraft.com/dashboard" "Mozilla/5.0 (Windows NT 6.1; WOW64) AppleWebKit/537.4 (KHTML, like Gecko) Chrome/22.0.1229.92 Safari/537.4"
165.123.87.187 - sohumd@wharton.upenn.edu [10/Oct/2012:10:31:29 -0400] "GET /badges/wharton/image07.png HTTP/1.1" 304 213 "https://www.gradecraft.com/dashboard" "Mozilla/5.0 (Windows NT 6.1; WOW64) AppleWebKit/537.4 (KHTML, like Gecko) Chrome/22.0.1229.92 Safari/537.4"
165.123.87.187 - sohumd@wharton.upenn.edu [10/Oct/2012:10:31:29 -0400] "GET /badges/wharton/image06.png HTTP/1.1" 304 213 "https://www.gradecraft.com/dashboard" "Mozilla/5.0 (Windows NT 6.1; WOW64) AppleWebKit/537.4 (KHTML, like Gecko) Chrome/22.0.1229.92 Safari/537.4"
165.123.87.187 - sohumd@wharton.upenn.edu [10/Oct/2012:10:31:29 -0400] "GET /badges/wharton/image08.png HTTP/1.1" 304 213 "https://www.gradecraft.com/dashboard" "Mozilla/5.0 (Windows NT 6.1; WOW64) AppleWebKit/537.4 (KHTML, like Gecko) Chrome/22.0.1229.92 Safari/537.4"
165.123.87.187 - sohumd@wharton.upenn.edu [10/Oct/2012:10:31:29 -0400] "GET /badges/wharton/image09.png HTTP/1.1" 304 213 "https://www.gradecraft.com/dashboard" "Mozilla/5.0 (Windows NT 6.1; WOW64) AppleWebKit/537.4 (KHTML, like Gecko) Chrome/22.0.1229.92 Safari/537.4"
165.123.87.187 - sohumd@wharton.upenn.edu [10/Oct/2012:10:31:29 -0400] "GET /badges/wharton/image00.png HTTP/1.1" 304 213 "https://www.gradecraft.com/dashboard" "Mozilla/5.0 (Windows NT 6.1; WOW64) AppleWebKit/537.4 (KHTML, like Gecko) Chrome/22.0.1229.92 Safari/537.4"
165.123.87.187 - sohumd@wharton.upenn.edu [10/Oct/2012:10:31:29 -0400] "GET /badges/wharton/Game-Master-Badge.png HTTP/1.1" 304 213 "https://www.gradecraft.com/dashboard" "Mozilla/5.0 (Windows NT 6.1; WOW64) AppleWebKit/537.4 (KHTML, like Gecko) Chrome/22.0.1229.92 Safari/537.4"
165.123.87.187 - sohumd@wharton.upenn.edu [10/Oct/2012:10:31:29 -0400] "GET /badges/wharton/Corporate-Lackey-Badge.png HTTP/1.1" 304 213 "https://www.gradecraft.com/dashboard" "Mozilla/5.0 (Windows NT 6.1; WOW64) AppleWebKit/537.4 (KHTML, like Gecko) Chrome/22.0.1229.92 Safari/537.4"
165.123.87.187 - sohumd@wharton.upenn.edu [10/Oct/2012:10:31:29 -0400] "GET /badges/wharton/Globe-Trotter-Badge.png HTTP/1.1" 304 213 "https://www.gradecraft.com/dashboard" "Mozilla/5.0 (Windows NT 6.1; WOW64) AppleWebKit/537.4 (KHTML, like Gecko) Chrome/22.0.1229.92 Safari/537.4"
165.123.87.187 - sohumd@wharton.upenn.edu [10/Oct/2012:10:31:29 -0400] "GET /users/predictor.json?user_id=51 HTTP/1.1" 304 885 "https://www.gradecraft.com/dashboard" "Mozilla/5.0 (Windows NT 6.1; WOW64) AppleWebKit/537.4 (KHTML, like Gecko) Chrome/22.0.1229.92 Safari/537.4"
165.123.87.187 - sohumd@wharton.upenn.edu [10/Oct/2012:10:31:29 -0400] "GET /users/predictor.json?in_progress=true&user_id=51 HTTP/1.1" 304 885 "https://www.gradecraft.com/dashboard" "Mozilla/5.0 (Windows NT 6.1; WOW64) AppleWebKit/537.4 (KHTML, like Gecko) Chrome/22.0.1229.92 Safari/537.4"
174.252.75.115 - jcres@sas.upenn.edu [10/Oct/2012:10:31:29 -0400] "GET /users/predictor.json?user_id=50 HTTP/1.1" 200 1771 "https://www.gradecraft.com/dashboard" "Mozilla/5.0 (Linux; Android 4.1.1; Galaxy Nexus Build/JRO03O) AppleWebKit/535.19 (KHTML, like Gecko) Chrome/18.0.1025.166 Mobile Safari/535.19"
165.123.85.188 - hougies@wharton.upenn.edu [10/Oct/2012:10:31:31 -0400] "POST /assignments/10/grades/self_log_create HTTP/1.1" 302 1636 "https://www.gradecraft.com/assignments/10/grades/self_log?gradeable_id=55&gradeable_type=User" "Mozilla/5.0 (Macintosh; Intel Mac OS X 10_6_8) AppleWebKit/534.57.2 (KHTML, like Gecko) Version/5.1.7 Safari/534.57.2"
165.123.85.188 - hougies@wharton.upenn.edu [10/Oct/2012:10:31:31 -0400] "GET /dashboard HTTP/1.1" 200 4340 "https://www.gradecraft.com/assignments/10/grades/self_log?gradeable_id=55&gradeable_type=User" "Mozilla/5.0 (Macintosh; Intel Mac OS X 10_6_8) AppleWebKit/534.57.2 (KHTML, like Gecko) Version/5.1.7 Safari/534.57.2"
174.252.75.115 - jcres@sas.upenn.edu [10/Oct/2012:10:31:31 -0400] "GET /apple-touch-icon-precomposed.png HTTP/1.1" 404 1044 "-" "Mozilla/5.0 (Linux; Android 4.1.1; Galaxy Nexus Build/JRO03O) AppleWebKit/535.19 (KHTML, like Gecko) Chrome/18.0.1025.166 Mobile Safari/535.19"
174.252.75.115 - jcres@sas.upenn.edu [10/Oct/2012:10:31:29 -0400] "GET /users/predictor.json?in_progress=true&user_id=50 HTTP/1.1" 200 1626 "https://www.gradecraft.com/dashboard" "Mozilla/5.0 (Linux; Android 4.1.1; Galaxy Nexus Build/JRO03O) AppleWebKit/535.19 (KHTML, like Gecko) Chrome/18.0.1025.166 Mobile Safari/535.19"
174.252.75.115 - jcres@sas.upenn.edu [10/Oct/2012:10:31:31 -0400] "GET /apple-touch-icon-precomposed.png HTTP/1.1" 404 1044 "-" "Mozilla/5.0 (Linux; Android 4.1.1; Galaxy Nexus Build/JRO03O) AppleWebKit/535.19 (KHTML, like Gecko) Chrome/18.0.1025.166 Mobile Safari/535.19"
174.252.75.115 - jcres@sas.upenn.edu [10/Oct/2012:10:31:31 -0400] "GET /apple-touch-icon.png HTTP/1.1" 404 1044 "-" "Mozilla/5.0 (Linux; Android 4.1.1; Galaxy Nexus Build/JRO03O) AppleWebKit/535.19 (KHTML, like Gecko) Chrome/18.0.1025.166 Mobile Safari/535.19"
165.123.85.188 - hougies@wharton.upenn.edu [10/Oct/2012:10:31:31 -0400] "GET /assets/stylesheets/superhero.min.css HTTP/1.1" 404 1044 "https://www.gradecraft.com/dashboard" "Mozilla/5.0 (Macintosh; Intel Mac OS X 10_6_8) AppleWebKit/534.57.2 (KHTML, like Gecko) Version/5.1.7 Safari/534.57.2"
165.123.85.188 - hougies@wharton.upenn.edu [10/Oct/2012:10:31:31 -0400] "GET /users/predictor.json?user_id=55 HTTP/1.1" 200 1626 "https://www.gradecraft.com/dashboard" "Mozilla/5.0 (Macintosh; Intel Mac OS X 10_6_8) AppleWebKit/534.57.2 (KHTML, like Gecko) Version/5.1.7 Safari/534.57.2"
165.123.85.188 - hougies@wharton.upenn.edu [10/Oct/2012:10:31:31 -0400] "GET /users/predictor.json?in_progress=true&user_id=55 HTTP/1.1" 200 1642 "https://www.gradecraft.com/dashboard" "Mozilla/5.0 (Macintosh; Intel Mac OS X 10_6_8) AppleWebKit/534.57.2 (KHTML, like Gecko) Version/5.1.7 Safari/534.57.2"
130.91.56.66 - wadse@wharton.upenn.edu [10/Oct/2012:10:31:36 -0400] "GET /dashboard HTTP/1.1" 200 4245 "https://www.gradecraft.com/assignments/10/grades/self_log?gradeable_id=34&gradeable_type=User" "Mozilla/5.0 (Windows NT 6.1; WOW64) AppleWebKit/537.4 (KHTML, like Gecko) Chrome/22.0.1229.92 Safari/537.4"
130.91.56.66 - wadse@wharton.upenn.edu [10/Oct/2012:10:31:36 -0400] "GET /assets/application-ecd494f92b13eff6c1f1042a0c2c0300.css HTTP/1.1" 304 245 "https://www.gradecraft.com/dashboard" "Mozilla/5.0 (Windows NT 6.1; WOW64) AppleWebKit/537.4 (KHTML, like Gecko) Chrome/22.0.1229.92 Safari/537.4"
130.91.56.66 - wadse@wharton.upenn.edu [10/Oct/2012:10:31:36 -0400] "GET /assets/application-1c8a7386185fa79b964fbb3a368c2523.js HTTP/1.1" 304 390 "https://www.gradecraft.com/dashboard" "Mozilla/5.0 (Windows NT 6.1; WOW64) AppleWebKit/537.4 (KHTML, like Gecko) Chrome/22.0.1229.92 Safari/537.4"
130.91.56.66 - wadse@wharton.upenn.edu [10/Oct/2012:10:31:36 -0400] "GET /assets/stylesheets/superhero.min.css HTTP/1.1" 404 1205 "https://www.gradecraft.com/dashboard" "Mozilla/5.0 (Windows NT 6.1; WOW64) AppleWebKit/537.4 (KHTML, like Gecko) Chrome/22.0.1229.92 Safari/537.4"
130.91.56.66 - wadse@wharton.upenn.edu [10/Oct/2012:10:31:36 -0400] "GET /badges/wharton/image01.png HTTP/1.1" 304 213 "https://www.gradecraft.com/dashboard" "Mozilla/5.0 (Windows NT 6.1; WOW64) AppleWebKit/537.4 (KHTML, like Gecko) Chrome/22.0.1229.92 Safari/537.4"
130.91.56.66 - wadse@wharton.upenn.edu [10/Oct/2012:10:31:36 -0400] "GET /badges/wharton/image03.png HTTP/1.1" 304 374 "https://www.gradecraft.com/dashboard" "Mozilla/5.0 (Windows NT 6.1; WOW64) AppleWebKit/537.4 (KHTML, like Gecko) Chrome/22.0.1229.92 Safari/537.4"
130.91.56.66 - wadse@wharton.upenn.edu [10/Oct/2012:10:31:36 -0400] "GET /badges/wharton/image02.png HTTP/1.1" 304 374 "https://www.gradecraft.com/dashboard" "Mozilla/5.0 (Windows NT 6.1; WOW64) AppleWebKit/537.4 (KHTML, like Gecko) Chrome/22.0.1229.92 Safari/537.4"
