130.91.57.86 - ath@wharton.upenn.edu [31/Oct/2012:10:31:01 -0400] "GET /assets/application-4019f0e2cdfabad442b22c5ea2d0cede.js HTTP/1.1" 200 211849 "https://www.gradecraft.com/dashboard" "Mozilla/5.0 (X11; CrOS i686 2913.135.0) AppleWebKit/537.11 (KHTML, like Gecko) Chrome/23.0.1271.53 Safari/537.11"
130.91.57.86 - ath@wharton.upenn.edu [31/Oct/2012:10:31:03 -0400] "GET /badges/wharton/image01.png HTTP/1.1" 304 213 "https://www.gradecraft.com/dashboard" "Mozilla/5.0 (X11; CrOS i686 2913.135.0) AppleWebKit/537.11 (KHTML, like Gecko) Chrome/23.0.1271.53 Safari/537.11"
130.91.57.86 - ath@wharton.upenn.edu [31/Oct/2012:10:31:03 -0400] "GET /badges/wharton/image02.png HTTP/1.1" 304 3457 "https://www.gradecraft.com/dashboard" "Mozilla/5.0 (X11; CrOS i686 2913.135.0) AppleWebKit/537.11 (KHTML, like Gecko) Chrome/23.0.1271.53 Safari/537.11"
130.91.57.86 - ath@wharton.upenn.edu [31/Oct/2012:10:31:03 -0400] "GET /badges/wharton/image03.png HTTP/1.1" 304 3457 "https://www.gradecraft.com/dashboard" "Mozilla/5.0 (X11; CrOS i686 2913.135.0) AppleWebKit/537.11 (KHTML, like Gecko) Chrome/23.0.1271.53 Safari/537.11"
130.91.57.86 - ath@wharton.upenn.edu [31/Oct/2012:10:31:03 -0400] "GET /badges/wharton/image04.png HTTP/1.1" 304 213 "https://www.gradecraft.com/dashboard" "Mozilla/5.0 (X11; CrOS i686 2913.135.0) AppleWebKit/537.11 (KHTML, like Gecko) Chrome/23.0.1271.53 Safari/537.11"
130.91.57.86 - ath@wharton.upenn.edu [31/Oct/2012:10:31:03 -0400] "GET /badges/wharton/image05.png HTTP/1.1" 304 213 "https://www.gradecraft.com/dashboard" "Mozilla/5.0 (X11; CrOS i686 2913.135.0) AppleWebKit/537.11 (KHTML, like Gecko) Chrome/23.0.1271.53 Safari/537.11"
130.91.57.86 - ath@wharton.upenn.edu [31/Oct/2012:10:31:03 -0400] "GET /badges/wharton/image06.png HTTP/1.1" 304 213 "https://www.gradecraft.com/dashboard" "Mozilla/5.0 (X11; CrOS i686 2913.135.0) AppleWebKit/537.11 (KHTML, like Gecko) Chrome/23.0.1271.53 Safari/537.11"
130.91.57.86 - ath@wharton.upenn.edu [31/Oct/2012:10:31:03 -0400] "GET /badges/wharton/image07.png HTTP/1.1" 304 213 "https://www.gradecraft.com/dashboard" "Mozilla/5.0 (X11; CrOS i686 2913.135.0) AppleWebKit/537.11 (KHTML, like Gecko) Chrome/23.0.1271.53 Safari/537.11"
130.91.57.86 - ath@wharton.upenn.edu [31/Oct/2012:10:31:03 -0400] "GET /badges/wharton/image08.png HTTP/1.1" 304 213 "https://www.gradecraft.com/dashboard" "Mozilla/5.0 (X11; CrOS i686 2913.135.0) AppleWebKit/537.11 (KHTML, like Gecko) Chrome/23.0.1271.53 Safari/537.11"
130.91.57.86 - ath@wharton.upenn.edu [31/Oct/2012:10:31:03 -0400] "GET /badges/wharton/image09.png HTTP/1.1" 304 213 "https://www.gradecraft.com/dashboard" "Mozilla/5.0 (X11; CrOS i686 2913.135.0) AppleWebKit/537.11 (KHTML, like Gecko) Chrome/23.0.1271.53 Safari/537.11"
130.91.57.86 - ath@wharton.upenn.edu [31/Oct/2012:10:31:03 -0400] "GET /badges/wharton/image00.png HTTP/1.1" 304 213 "https://www.gradecraft.com/dashboard" "Mozilla/5.0 (X11; CrOS i686 2913.135.0) AppleWebKit/537.11 (KHTML, like Gecko) Chrome/23.0.1271.53 Safari/537.11"
130.91.57.86 - ath@wharton.upenn.edu [31/Oct/2012:10:31:03 -0400] "GET /users/predictor.json?user_id=30 HTTP/1.1" 304 885 "https://www.gradecraft.com/dashboard" "Mozilla/5.0 (X11; CrOS i686 2913.135.0) AppleWebKit/537.11 (KHTML, like Gecko) Chrome/23.0.1271.53 Safari/537.11"
130.91.57.86 - ath@wharton.upenn.edu [31/Oct/2012:10:31:03 -0400] "GET /users/predictor.json?in_progress=true&user_id=30 HTTP/1.1" 304 885 "https://www.gradecraft.com/dashboard" "Mozilla/5.0 (X11; CrOS i686 2913.135.0) AppleWebKit/537.11 (KHTML, like Gecko) Chrome/23.0.1271.53 Safari/537.11"
130.91.57.86 - ath@wharton.upenn.edu [31/Oct/2012:10:31:03 -0400] "GET /badges/wharton/Game-Master-Badge.png HTTP/1.1" 304 213 "https://www.gradecraft.com/dashboard" "Mozilla/5.0 (X11; CrOS i686 2913.135.0) AppleWebKit/537.11 (KHTML, like Gecko) Chrome/23.0.1271.53 Safari/537.11"
130.91.57.86 - ath@wharton.upenn.edu [31/Oct/2012:10:31:03 -0400] "GET /badges/wharton/Corporate-Lackey-Badge.png HTTP/1.1" 304 213 "https://www.gradecraft.com/dashboard" "Mozilla/5.0 (X11; CrOS i686 2913.135.0) AppleWebKit/537.11 (KHTML, like Gecko) Chrome/23.0.1271.53 Safari/537.11"
130.91.57.86 - ath@wharton.upenn.edu [31/Oct/2012:10:31:03 -0400] "GET /badges/wharton/Globe-Trotter-Badge.png HTTP/1.1" 304 213 "https://www.gradecraft.com/dashboard" "Mozilla/5.0 (X11; CrOS i686 2913.135.0) AppleWebKit/537.11 (KHTML, like Gecko) Chrome/23.0.1271.53 Safari/537.11"
70.192.128.26 - jcres@sas.upenn.edu [31/Oct/2012:10:30:48 -0400] "GET /assets/application-4019f0e2cdfabad442b22c5ea2d0cede.js HTTP/1.1" 200 211849 "https://www.gradecraft.com/dashboard" "Mozilla/5.0 (Linux; Android 4.1.1; Galaxy Nexus Build/JRO03O) AppleWebKit/535.19 (KHTML, like Gecko) Chrome/18.0.1025.166 Mobile Safari/535.19"
165.123.85.11 - emchenry@wharton.upenn.edu [31/Oct/2012:10:31:08 -0400] "GET /assignments/15/grades/self_log?gradeable_id=13&gradeable_type=User HTTP/1.1" 200 2676 "https://www.gradecraft.com/dashboard" "Mozilla/5.0 (Macintosh; Intel Mac OS X 10_6_8) AppleWebKit/534.52.7 (KHTML, like Gecko) Version/5.1.2 Safari/534.52.7"
165.123.85.11 - emchenry@wharton.upenn.edu [31/Oct/2012:10:31:08 -0400] "GET /assets/stylesheets/superhero.min.css HTTP/1.1" 404 1044 "https://www.gradecraft.com/assignments/15/grades/self_log?gradeable_id=13&gradeable_type=User" "Mozilla/5.0 (Macintosh; Intel Mac OS X 10_6_8) AppleWebKit/534.52.7 (KHTML, like Gecko) Version/5.1.2 Safari/534.52.7"
165.123.233.78 - anishsaw@sas.upenn.edu [31/Oct/2012:10:31:10 -0400] "GET /assignments/15/grades/self_log?gradeable_id=25&gradeable_type=User HTTP/1.1" 304 1078 "https://www.gradecraft.com/dashboard" "Opera/9.80 (Windows NT 6.1; WOW64; U; en) Presto/2.10.289 Version/12.02"
165.123.86.97 - - [31/Oct/2012:10:31:10 -0400] "GET /dashboard HTTP/1.1" 302 3259 "https://wharton.instructure.com/courses/755358" "Mozilla/5.0 (Macintosh; Intel Mac OS X 10_8_2) AppleWebKit/536.26.14 (KHTML, like Gecko) Version/6.0.1 Safari/536.26.14"
165.123.233.78 - anishsaw@sas.upenn.edu [31/Oct/2012:10:31:10 -0400] "GET /assets/stylesheets/superhero.min.css HTTP/1.1" 404 1044 "https://www.gradecraft.com/assignments/15/grades/self_log?gradeable_id=25&gradeable_type=User" "Opera/9.80 (Windows NT 6.1; WOW64; U; en) Presto/2.10.289 Version/12.02"
165.123.85.11 - emchenry@wharton.upenn.edu [31/Oct/2012:10:31:12 -0400] "POST /assignments/15/grades/self_log_create HTTP/1.1" 302 1652 "https://www.gradecraft.com/assignments/15/grades/self_log?gradeable_id=13&gradeable_type=User" "Mozilla/5.0 (Macintosh; Intel Mac OS X 10_6_8) AppleWebKit/534.52.7 (KHTML, like Gecko) Version/5.1.2 Safari/534.52.7"
165.123.85.11 - emchenry@wharton.upenn.edu [31/Oct/2012:10:31:12 -0400] "GET /dashboard HTTP/1.1" 200 4500 "https://www.gradecraft.com/assignments/15/grades/self_log?gradeable_id=13&gradeable_type=User" "Mozilla/5.0 (Macintosh; Intel Mac OS X 10_6_8) AppleWebKit/534.52.7 (KHTML, like Gecko) Version/5.1.2 Safari/534.52.7"
165.123.85.11 - emchenry@wharton.upenn.edu [31/Oct/2012:10:31:13 -0400] "GET /assets/stylesheets/superhero.min.css HTTP/1.1" 404 1044 "https://www.gradecraft.com/dashboard" "Mozilla/5.0 (Macintosh; Intel Mac OS X 10_6_8) AppleWebKit/534.52.7 (KHTML, like Gecko) Version/5.1.2 Safari/534.52.7"
165.123.85.11 - emchenry@wharton.upenn.edu [31/Oct/2012:10:31:13 -0400] "GET /users/predictor.json?in_progress=true&user_id=13 HTTP/1.1" 200 1674 "https://www.gradecraft.com/dashboard" "Mozilla/5.0 (Macintosh; Intel Mac OS X 10_6_8) AppleWebKit/534.52.7 (KHTML, like Gecko) Version/5.1.2 Safari/534.52.7"
165.123.85.11 - emchenry@wharton.upenn.edu [31/Oct/2012:10:31:13 -0400] "GET /users/predictor.json?user_id=13 HTTP/1.1" 304 1023 "https://www.gradecraft.com/dashboard" "Mozilla/5.0 (Macintosh; Intel Mac OS X 10_6_8) AppleWebKit/534.52.7 (KHTML, like Gecko) Version/5.1.2 Safari/534.52.7"
165.123.233.78 - anishsaw@sas.upenn.edu [31/Oct/2012:10:31:18 -0400] "POST /assignments/15/grades/self_log_create HTTP/1.1" 302 1797 "https://www.gradecraft.com/assignments/15/grades/self_log?gradeable_id=25&gradeable_type=User" "Opera/9.80 (Windows NT 6.1; WOW64; U; en) Presto/2.10.289 Version/12.02"
165.123.233.78 - anishsaw@sas.upenn.edu [31/Oct/2012:10:31:18 -0400] "GET /dashboard HTTP/1.1" 200 4516 "https://www.gradecraft.com/assignments/15/grades/self_log?gradeable_id=25&gradeable_type=User" "Opera/9.80 (Windows NT 6.1; WOW64; U; en) Presto/2.10.289 Version/12.02"
165.123.233.78 - anishsaw@sas.upenn.edu [31/Oct/2012:10:31:18 -0400] "GET /assets/stylesheets/superhero.min.css HTTP/1.1" 404 1044 "https://www.gradecraft.com/dashboard" "Opera/9.80 (Windows NT 6.1; WOW64; U; en) Presto/2.10.289 Version/12.02"
165.123.233.78 - anishsaw@sas.upenn.edu [31/Oct/2012:10:31:18 -0400] "GET /users/predictor.json?in_progress=true&user_id=25 HTTP/1.1" 200 1690 "https://www.gradecraft.com/dashboard" "Opera/9.80 (Windows NT 6.1; WOW64; U; en) Presto/2.10.289 Version/12.02"
165.123.233.78 - anishsaw@sas.upenn.edu [31/Oct/2012:10:31:19 -0400] "GET /users/predictor.json?user_id=25 HTTP/1.1" 200 1835 "https://www.gradecraft.com/dashboard" "Opera/9.80 (Windows NT 6.1; WOW64; U; en) Presto/2.10.289 Version/12.02"
67.194.71.125 - petersob [31/Oct/2012:10:31:20 -0400] "GET /assignments HTTP/1.1" 200 5477 "https://www.gradecraft.com/users/363" "Mozilla/5.0 (Windows NT 6.1; rv:16.0) Gecko/20100101 Firefox/16.0"
130.91.57.86 - ath@wharton.upenn.edu [31/Oct/2012:10:31:22 -0400] "GET /assignments/15/grades/self_log?gradeable_id=30&gradeable_type=User HTTP/1.1" 200 2821 "https://www.gradecraft.com/dashboard" "Mozilla/5.0 (X11; CrOS i686 2913.135.0) AppleWebKit/537.11 (KHTML, like Gecko) Chrome/23.0.1271.53 Safari/537.11"
130.91.57.86 - ath@wharton.upenn.edu [31/Oct/2012:10:31:23 -0400] "GET /assets/stylesheets/superhero.min.css HTTP/1.1" 404 1044 "https://www.gradecraft.com/assignments/15/grades/self_log?gradeable_id=30&gradeable_type=User" "Mozilla/5.0 (X11; CrOS i686 2913.135.0) AppleWebKit/537.11 (KHTML, like Gecko) Chrome/23.0.1271.53 Safari/537.11"
70.192.128.26 - jcres@sas.upenn.edu [31/Oct/2012:10:31:24 -0400] "GET /badges/wharton/image02.png HTTP/1.1" 304 374 "https://www.gradecraft.com/dashboard" "Mozilla/5.0 (Linux; Android 4.1.1; Galaxy Nexus Build/JRO03O) AppleWebKit/535.19 (KHTML, like Gecko) Chrome/18.0.1025.166 Mobile Safari/535.19"
70.192.128.26 - jcres@sas.upenn.edu [31/Oct/2012:10:31:24 -0400] "GET /badges/wharton/image01.png HTTP/1.1" 304 374 "https://www.gradecraft.com/dashboard" "Mozilla/5.0 (Linux; Android 4.1.1; Galaxy Nexus Build/JRO03O) AppleWebKit/535.19 (KHTML, like Gecko) Chrome/18.0.1025.166 Mobile Safari/535.19"
130.91.57.13 - markov@wharton.upenn.edu [31/Oct/2012:10:31:23 -0400] "GET /dashboard HTTP/1.1" 200 4517 "https://weblogin.umich.edu/?cosign-www.gradecraft.com&https://www.gradecraft.com/dashboard" "Mozilla/5.0 (Windows NT 6.1; WOW64) AppleWebKit/537.4 (KHTML, like Gecko) Chrome/22.0.1229.94 Safari/537.4"
70.192.128.26 - jcres@sas.upenn.edu [31/Oct/2012:10:31:24 -0400] "GET /badges/wharton/image03.png HTTP/1.1" 304 213 "https://www.gradecraft.com/dashboard" "Mozilla/5.0 (Linux; Android 4.1.1; Galaxy Nexus Build/JRO03O) AppleWebKit/535.19 (KHTML, like Gecko) Chrome/18.0.1025.166 Mobile Safari/535.19"
70.192.128.26 - jcres@sas.upenn.edu [31/Oct/2012:10:31:24 -0400] "GET /users/predictor.json?user_id=50 HTTP/1.1" 200 1835 "https://www.gradecraft.com/dashboard" "Mozilla/5.0 (Linux; Android 4.1.1; Galaxy Nexus Build/JRO03O) AppleWebKit/535.19 (KHTML, like Gecko) Chrome/18.0.1025.166 Mobile Safari/535.19"
130.91.57.13 - markov@wharton.upenn.edu [31/Oct/2012:10:31:25 -0400] "GET /assets/application-a3ae5c543e1d181d1d7cb923cba7352c.css HTTP/1.1" 304 245 "https://www.gradecraft.com/dashboard" "Mozilla/5.0 (Windows NT 6.1; WOW64) AppleWebKit/537.4 (KHTML, like Gecko) Chrome/22.0.1229.94 Safari/537.4"
130.91.57.13 - markov@wharton.upenn.edu [31/Oct/2012:10:31:25 -0400] "GET /assets/application-4019f0e2cdfabad442b22c5ea2d0cede.js HTTP/1.1" 304 390 "https://www.gradecraft.com/dashboard" "Mozilla/5.0 (Windows NT 6.1; WOW64) AppleWebKit/537.4 (KHTML, like Gecko) Chrome/22.0.1229.94 Safari/537.4"
130.91.57.13 - markov@wharton.upenn.edu [31/Oct/2012:10:31:25 -0400] "GET /assets/stylesheets/superhero.min.css HTTP/1.1" 404 1205 "https://www.gradecraft.com/dashboard" "Mozilla/5.0 (Windows NT 6.1; WOW64) AppleWebKit/537.4 (KHTML, like Gecko) Chrome/22.0.1229.94 Safari/537.4"
70.192.128.26 - jcres@sas.upenn.edu [31/Oct/2012:10:31:25 -0400] "GET /badges/wharton/image05.png HTTP/1.1" 304 213 "https://www.gradecraft.com/dashboard" "Mozilla/5.0 (Linux; Android 4.1.1; Galaxy Nexus Build/JRO03O) AppleWebKit/535.19 (KHTML, like Gecko) Chrome/18.0.1025.166 Mobile Safari/535.19"
70.192.128.26 - jcres@sas.upenn.edu [31/Oct/2012:10:31:25 -0400] "GET /badges/wharton/image06.png HTTP/1.1" 304 213 "https://www.gradecraft.com/dashboard" "Mozilla/5.0 (Linux; Android 4.1.1; Galaxy Nexus Build/JRO03O) AppleWebKit/535.19 (KHTML, like Gecko) Chrome/18.0.1025.166 Mobile Safari/535.19"
70.192.128.26 - jcres@sas.upenn.edu [31/Oct/2012:10:31:25 -0400] "GET /badges/wharton/image07.png HTTP/1.1" 304 213 "https://www.gradecraft.com/dashboard" "Mozilla/5.0 (Linux; Android 4.1.1; Galaxy Nexus Build/JRO03O) AppleWebKit/535.19 (KHTML, like Gecko) Chrome/18.0.1025.166 Mobile Safari/535.19"
130.91.57.13 - markov@wharton.upenn.edu [31/Oct/2012:10:31:25 -0400] "GET /badges/wharton/image01.png HTTP/1.1" 304 213 "https://www.gradecraft.com/dashboard" "Mozilla/5.0 (Windows NT 6.1; WOW64) AppleWebKit/537.4 (KHTML, like Gecko) Chrome/22.0.1229.94 Safari/537.4"
130.91.57.13 - markov@wharton.upenn.edu [31/Oct/2012:10:31:25 -0400] "GET /badges/wharton/image02.png HTTP/1.1" 304 374 "https://www.gradecraft.com/dashboard" "Mozilla/5.0 (Windows NT 6.1; WOW64) AppleWebKit/537.4 (KHTML, like Gecko) Chrome/22.0.1229.94 Safari/537.4"
70.192.128.26 - jcres@sas.upenn.edu [31/Oct/2012:10:31:25 -0400] "GET /badges/wharton/image08.png HTTP/1.1" 304 213 "https://www.gradecraft.com/dashboard" "Mozilla/5.0 (Linux; Android 4.1.1; Galaxy Nexus Build/JRO03O) AppleWebKit/535.19 (KHTML, like Gecko) Chrome/18.0.1025.166 Mobile Safari/535.19"
70.192.128.26 - jcres@sas.upenn.edu [31/Oct/2012:10:31:25 -0400] "GET /badges/wharton/image09.png HTTP/1.1" 304 213 "https://www.gradecraft.com/dashboard" "Mozilla/5.0 (Linux; Android 4.1.1; Galaxy Nexus Build/JRO03O) AppleWebKit/535.19 (KHTML, like Gecko) Chrome/18.0.1025.166 Mobile Safari/535.19"
130.91.57.13 - markov@wharton.upenn.edu [31/Oct/2012:10:31:25 -0400] "GET /badges/wharton/image03.png HTTP/1.1" 304 213 "https://www.gradecraft.com/dashboard" "Mozilla/5.0 (Windows NT 6.1; WOW64) AppleWebKit/537.4 (KHTML, like Gecko) Chrome/22.0.1229.94 Safari/537.4"
130.91.57.13 - markov@wharton.upenn.edu [31/Oct/2012:10:31:25 -0400] "GET /badges/wharton/image04.png HTTP/1.1" 304 213 "https://www.gradecraft.com/dashboard" "Mozilla/5.0 (Windows NT 6.1; WOW64) AppleWebKit/537.4 (KHTML, like Gecko) Chrome/22.0.1229.94 Safari/537.4"
130.91.57.13 - markov@wharton.upenn.edu [31/Oct/2012:10:31:25 -0400] "GET /users/predictor.json?in_progress=true&user_id=33 HTTP/1.1" 304 885 "https://www.gradecraft.com/dashboard" "Mozilla/5.0 (Windows NT 6.1; WOW64) AppleWebKit/537.4 (KHTML, like Gecko) Chrome/22.0.1229.94 Safari/537.4"
70.192.128.26 - jcres@sas.upenn.edu [31/Oct/2012:10:31:26 -0400] "GET /badges/wharton/image00.png HTTP/1.1" 304 213 "https://www.gradecraft.com/dashboard" "Mozilla/5.0 (Linux; Android 4.1.1; Galaxy Nexus Build/JRO03O) AppleWebKit/535.19 (KHTML, like Gecko) Chrome/18.0.1025.166 Mobile Safari/535.19"
130.91.57.13 - markov@wharton.upenn.edu [31/Oct/2012:10:31:25 -0400] "GET /users/predictor.json?user_id=33 HTTP/1.1" 304 885 "https://www.gradecraft.com/dashboard" "Mozilla/5.0 (Windows NT 6.1; WOW64) AppleWebKit/537.4 (KHTML, like Gecko) Chrome/22.0.1229.94 Safari/537.4"
130.91.57.13 - markov@wharton.upenn.edu [31/Oct/2012:10:31:26 -0400] "GET /badges/wharton/image05.png HTTP/1.1" 304 213 "https://www.gradecraft.com/dashboard" "Mozilla/5.0 (Windows NT 6.1; WOW64) AppleWebKit/537.4 (KHTML, like Gecko) Chrome/22.0.1229.94 Safari/537.4"
130.91.57.13 - markov@wharton.upenn.edu [31/Oct/2012:10:31:26 -0400] "GET /badges/wharton/image06.png HTTP/1.1" 304 213 "https://www.gradecraft.com/dashboard" "Mozilla/5.0 (Windows NT 6.1; WOW64) AppleWebKit/537.4 (KHTML, like Gecko) Chrome/22.0.1229.94 Safari/537.4"
130.91.57.13 - markov@wharton.upenn.edu [31/Oct/2012:10:31:26 -0400] "GET /badges/wharton/image07.png HTTP/1.1" 304 213 "https://www.gradecraft.com/dashboard" "Mozilla/5.0 (Windows NT 6.1; WOW64) AppleWebKit/537.4 (KHTML, like Gecko) Chrome/22.0.1229.94 Safari/537.4"
130.91.57.13 - markov@wharton.upenn.edu [31/Oct/2012:10:31:26 -0400] "GET /badges/wharton/image08.png HTTP/1.1" 304 213 "https://www.gradecraft.com/dashboard" "Mozilla/5.0 (Windows NT 6.1; WOW64) AppleWebKit/537.4 (KHTML, like Gecko) Chrome/22.0.1229.94 Safari/537.4"
130.91.57.13 - markov@wharton.upenn.edu [31/Oct/2012:10:31:26 -0400] "GET /badges/wharton/image09.png HTTP/1.1" 304 213 "https://www.gradecraft.com/dashboard" "Mozilla/5.0 (Windows NT 6.1; WOW64) AppleWebKit/537.4 (KHTML, like Gecko) Chrome/22.0.1229.94 Safari/537.4"
130.91.57.13 - markov@wharton.upenn.edu [31/Oct/2012:10:31:26 -0400] "GET /badges/wharton/image00.png HTTP/1.1" 304 213 "https://www.gradecraft.com/dashboard" "Mozilla/5.0 (Windows NT 6.1; WOW64) AppleWebKit/537.4 (KHTML, like Gecko) Chrome/22.0.1229.94 Safari/537.4"
130.91.57.13 - markov@wharton.upenn.edu [31/Oct/2012:10:31:26 -0400] "GET /badges/wharton/Game-Master-Badge.png HTTP/1.1" 304 213 "https://www.gradecraft.com/dashboard" "Mozilla/5.0 (Windows NT 6.1; WOW64) AppleWebKit/537.4 (KHTML, like Gecko) Chrome/22.0.1229.94 Safari/537.4"
70.192.128.26 - jcres@sas.upenn.edu [31/Oct/2012:10:31:26 -0400] "GET /badges/wharton/Game-Master-Badge.png HTTP/1.1" 304 213 "https://www.gradecraft.com/dashboard" "Mozilla/5.0 (Linux; Android 4.1.1; Galaxy Nexus Build/JRO03O) AppleWebKit/535.19 (KHTML, like Gecko) Chrome/18.0.1025.166 Mobile Safari/535.19"
130.91.57.13 - markov@wharton.upenn.edu [31/Oct/2012:10:31:26 -0400] "GET /badges/wharton/Corporate-Lackey-Badge.png HTTP/1.1" 304 213 "https://www.gradecraft.com/dashboard" "Mozilla/5.0 (Windows NT 6.1; WOW64) AppleWebKit/537.4 (KHTML, like Gecko) Chrome/22.0.1229.94 Safari/537.4"
130.91.57.13 - markov@wharton.upenn.edu [31/Oct/2012:10:31:26 -0400] "GET /badges/wharton/Globe-Trotter-Badge.png HTTP/1.1" 304 213 "https://www.gradecraft.com/dashboard" "Mozilla/5.0 (Windows NT 6.1; WOW64) AppleWebKit/537.4 (KHTML, like Gecko) Chrome/22.0.1229.94 Safari/537.4"
70.192.128.26 - jcres@sas.upenn.edu [31/Oct/2012:10:31:26 -0400] "GET /badges/wharton/Corporate-Lackey-Badge.png HTTP/1.1" 304 374 "https://www.gradecraft.com/dashboard" "Mozilla/5.0 (Linux; Android 4.1.1; Galaxy Nexus Build/JRO03O) AppleWebKit/535.19 (KHTML, like Gecko) Chrome/18.0.1025.166 Mobile Safari/535.19"
70.192.128.26 - jcres@sas.upenn.edu [31/Oct/2012:10:31:26 -0400] "GET /badges/wharton/Globe-Trotter-Badge.png HTTP/1.1" 304 374 "https://www.gradecraft.com/dashboard" "Mozilla/5.0 (Linux; Android 4.1.1; Galaxy Nexus Build/JRO03O) AppleWebKit/535.19 (KHTML, like Gecko) Chrome/18.0.1025.166 Mobile Safari/535.19"
70.192.128.26 - jcres@sas.upenn.edu [31/Oct/2012:10:31:29 -0400] "GET /users/predictor.json?in_progress=true&user_id=50 HTTP/1.1" 200 1819 "https://www.gradecraft.com/dashboard" "Mozilla/5.0 (Linux; Android 4.1.1; Galaxy Nexus Build/JRO03O) AppleWebKit/535.19 (KHTML, like Gecko) Chrome/18.0.1025.166 Mobile Safari/535.19"
70.192.128.26 - jcres@sas.upenn.edu [31/Oct/2012:10:31:30 -0400] "GET /badges/wharton/image04.png HTTP/1.1" 304 213 "https://www.gradecraft.com/dashboard" "Mozilla/5.0 (Linux; Android 4.1.1; Galaxy Nexus Build/JRO03O) AppleWebKit/535.19 (KHTML, like Gecko) Chrome/18.0.1025.166 Mobile Safari/535.19"
70.192.128.26 - jcres@sas.upenn.edu [31/Oct/2012:10:31:31 -0400] "GET /apple-touch-icon-precomposed.png HTTP/1.1" 404 1044 "-" "Mozilla/5.0 (Linux; Android 4.1.1; Galaxy Nexus Build/JRO03O) AppleWebKit/535.19 (KHTML, like Gecko) Chrome/18.0.1025.166 Mobile Safari/535.19"
70.192.128.26 - jcres@sas.upenn.edu [31/Oct/2012:10:31:31 -0400] "GET /apple-touch-icon.png HTTP/1.1" 404 1044 "-" "Mozilla/5.0 (Linux; Android 4.1.1; Galaxy Nexus Build/JRO03O) AppleWebKit/535.19 (KHTML, like Gecko) Chrome/18.0.1025.166 Mobile Safari/535.19"
130.91.57.13 - markov@wharton.upenn.edu [31/Oct/2012:10:31:31 -0400] "GET /assignments/15/grades/self_log?gradeable_id=33&gradeable_type=User HTTP/1.1" 200 2676 "https://www.gradecraft.com/dashboard" "Mozilla/5.0 (Windows NT 6.1; WOW64) AppleWebKit/537.4 (KHTML, like Gecko) Chrome/22.0.1229.94 Safari/537.4"
130.91.57.13 - markov@wharton.upenn.edu [31/Oct/2012:10:31:32 -0400] "GET /assets/stylesheets/superhero.min.css HTTP/1.1" 404 1044 "https://www.gradecraft.com/assignments/15/grades/self_log?gradeable_id=33&gradeable_type=User" "Mozilla/5.0 (Windows NT 6.1; WOW64) AppleWebKit/537.4 (KHTML, like Gecko) Chrome/22.0.1229.94 Safari/537.4"
130.91.59.246 - - [31/Oct/2012:10:31:33 -0400] "GET /dashboard HTTP/1.1" 302 3984 "https://wharton.instructure.com/courses/755358" "Mozilla/5.0 (Windows NT 6.1; WOW64) AppleWebKit/537.4 (KHTML, like Gecko) Chrome/22.0.1229.94 Safari/537.4"
165.123.86.97 - - [31/Oct/2012:10:31:34 -0400] "GET /cosign/valid?cosign-www.gradecraft.com=r9OPu5byCjy+EDq5xCdFcdw5E-jO7q697c4gdFVS3A-3SXjaNM9uXffuckTI+NglRxLdAYD7MjzE8ht3cGEH2ie0WCiogo16zMkpdeMdAlIaJsJAqBffaWkJVgEG&https://www.gradecraft.com/dashboard HTTP/1.1" 301 1045 "https://weblogin.umich.edu/?cosign-www.gradecraft.com&https://www.gradecraft.com/dashboard" "Mozilla/5.0 (Macintosh; Intel Mac OS X 10_8_2) AppleWebKit/536.26.14 (KHTML, like Gecko) Version/6.0.1 Safari/536.26.14"
165.123.86.97 - evanro@wharton.upenn.edu [31/Oct/2012:10:31:34 -0400] "GET /dashboard HTTP/1.1" 302 1364 "https://weblogin.umich.edu/?cosign-www.gradecraft.com&https://www.gradecraft.com/dashboard" "Mozilla/5.0 (Macintosh; Intel Mac OS X 10_8_2) AppleWebKit/536.26.14 (KHTML, like Gecko) Version/6.0.1 Safari/536.26.14"
165.123.86.97 - evanro@wharton.upenn.edu [31/Oct/2012:10:31:34 -0400] "GET /dashboard HTTP/1.1" 200 4372 "https://weblogin.umich.edu/?cosign-www.gradecraft.com&https://www.gradecraft.com/dashboard" "Mozilla/5.0 (Macintosh; Intel Mac OS X 10_8_2) AppleWebKit/536.26.14 (KHTML, like Gecko) Version/6.0.1 Safari/536.26.14"
165.123.86.97 - evanro@wharton.upenn.edu [31/Oct/2012:10:31:35 -0400] "GET /assets/application-a3ae5c543e1d181d1d7cb923cba7352c.css HTTP/1.1" 200 47949 "https://www.gradecraft.com/dashboard" "Mozilla/5.0 (Macintosh; Intel Mac OS X 10_8_2) AppleWebKit/536.26.14 (KHTML, like Gecko) Version/6.0.1 Safari/536.26.14"
165.123.86.97 - evanro@wharton.upenn.edu [31/Oct/2012:10:31:35 -0400] "GET /assets/stylesheets/superhero.min.css HTTP/1.1" 404 1205 "https://www.gradecraft.com/dashboard" "Mozilla/5.0 (Macintosh; Intel Mac OS X 10_8_2) AppleWebKit/536.26.14 (KHTML, like Gecko) Version/6.0.1 Safari/536.26.14"
165.123.86.97 - evanro@wharton.upenn.edu [31/Oct/2012:10:31:35 -0400] "GET /assets/application-4019f0e2cdfabad442b22c5ea2d0cede.js HTTP/1.1" 200 208766 "https://www.gradecraft.com/dashboard" "Mozilla/5.0 (Macintosh; Intel Mac OS X 10_8_2) AppleWebKit/536.26.14 (KHTML, like Gecko) Version/6.0.1 Safari/536.26.14"
165.123.86.97 - evanro@wharton.upenn.edu [31/Oct/2012:10:31:35 -0400] "GET /badges/wharton/image01.png HTTP/1.1" 200 6842 "https://www.gradecraft.com/dashboard" "Mozilla/5.0 (Macintosh; Intel Mac OS X 10_8_2) AppleWebKit/536.26.14 (KHTML, like Gecko) Version/6.0.1 Safari/536.26.14"
165.123.86.97 - evanro@wharton.upenn.edu [31/Oct/2012:10:31:35 -0400] "GET /badges/wharton/image02.png HTTP/1.1" 200 9754 "https://www.gradecraft.com/dashboard" "Mozilla/5.0 (Macintosh; Intel Mac OS X 10_8_2) AppleWebKit/536.26.14 (KHTML, like Gecko) Version/6.0.1 Safari/536.26.14"
165.123.86.97 - evanro@wharton.upenn.edu [31/Oct/2012:10:31:36 -0400] "GET /badges/wharton/image03.png HTTP/1.1" 200 10843 "https://www.gradecraft.com/dashboard" "Mozilla/5.0 (Macintosh; Intel Mac OS X 10_8_2) AppleWebKit/536.26.14 (KHTML, like Gecko) Version/6.0.1 Safari/536.26.14"
165.123.86.97 - evanro@wharton.upenn.edu [31/Oct/2012:10:31:36 -0400] "GET /badges/wharton/image04.png HTTP/1.1" 200 7835 "https://www.gradecraft.com/dashboard" "Mozilla/5.0 (Macintosh; Intel Mac OS X 10_8_2) AppleWebKit/536.26.14 (KHTML, like Gecko) Version/6.0.1 Safari/536.26.14"
165.123.86.97 - evanro@wharton.upenn.edu [31/Oct/2012:10:31:36 -0400] "GET /badges/wharton/image06.png HTTP/1.1" 200 8042 "https://www.gradecraft.com/dashboard" "Mozilla/5.0 (Macintosh; Intel Mac OS X 10_8_2) AppleWebKit/536.26.14 (KHTML, like Gecko) Version/6.0.1 Safari/536.26.14"
165.123.86.97 - evanro@wharton.upenn.edu [31/Oct/2012:10:31:36 -0400] "GET /badges/wharton/image05.png HTTP/1.1" 200 7866 "https://www.gradecraft.com/dashboard" "Mozilla/5.0 (Macintosh; Intel Mac OS X 10_8_2) AppleWebKit/536.26.14 (KHTML, like Gecko) Version/6.0.1 Safari/536.26.14"
165.123.86.97 - evanro@wharton.upenn.edu [31/Oct/2012:10:31:36 -0400] "GET /badges/wharton/image07.png HTTP/1.1" 200 7946 "https://www.gradecraft.com/dashboard" "Mozilla/5.0 (Macintosh; Intel Mac OS X 10_8_2) AppleWebKit/536.26.14 (KHTML, like Gecko) Version/6.0.1 Safari/536.26.14"
165.123.86.97 - evanro@wharton.upenn.edu [31/Oct/2012:10:31:36 -0400] "GET /badges/wharton/image09.png HTTP/1.1" 200 11818 "https://www.gradecraft.com/dashboard" "Mozilla/5.0 (Macintosh; Intel Mac OS X 10_8_2) AppleWebKit/536.26.14 (KHTML, like Gecko) Version/6.0.1 Safari/536.26.14"
165.123.86.97 - evanro@wharton.upenn.edu [31/Oct/2012:10:31:36 -0400] "GET /badges/wharton/image00.png HTTP/1.1" 200 8362 "https://www.gradecraft.com/dashboard" "Mozilla/5.0 (Macintosh; Intel Mac OS X 10_8_2) AppleWebKit/536.26.14 (KHTML, like Gecko) Version/6.0.1 Safari/536.26.14"
165.123.86.97 - evanro@wharton.upenn.edu [31/Oct/2012:10:31:36 -0400] "GET /badges/wharton/image08.png HTTP/1.1" 200 11146 "https://www.gradecraft.com/dashboard" "Mozilla/5.0 (Macintosh; Intel Mac OS X 10_8_2) AppleWebKit/536.26.14 (KHTML, like Gecko) Version/6.0.1 Safari/536.26.14"
165.123.86.97 - evanro@wharton.upenn.edu [31/Oct/2012:10:31:36 -0400] "GET /badges/wharton/Game-Master-Badge.png HTTP/1.1" 200 11946 "https://www.gradecraft.com/dashboard" "Mozilla/5.0 (Macintosh; Intel Mac OS X 10_8_2) AppleWebKit/536.26.14 (KHTML, like Gecko) Version/6.0.1 Safari/536.26.14"
165.123.86.97 - evanro@wharton.upenn.edu [31/Oct/2012:10:31:36 -0400] "GET /badges/wharton/Globe-Trotter-Badge.png HTTP/1.1" 200 10490 "https://www.gradecraft.com/dashboard" "Mozilla/5.0 (Macintosh; Intel Mac OS X 10_8_2) AppleWebKit/536.26.14 (KHTML, like Gecko) Version/6.0.1 Safari/536.26.14"
165.123.86.97 - evanro@wharton.upenn.edu [31/Oct/2012:10:31:36 -0400] "GET /badges/wharton/Corporate-Lackey-Badge.png HTTP/1.1" 200 9914 "https://www.gradecraft.com/dashboard" "Mozilla/5.0 (Macintosh; Intel Mac OS X 10_8_2) AppleWebKit/536.26.14 (KHTML, like Gecko) Version/6.0.1 Safari/536.26.14"
165.123.86.97 - evanro@wharton.upenn.edu [31/Oct/2012:10:31:35 -0400] "GET /users/predictor.json?in_progress=true&user_id=22 HTTP/1.1" 200 1690 "https://www.gradecraft.com/dashboard" "Mozilla/5.0 (Macintosh; Intel Mac OS X 10_8_2) AppleWebKit/536.26.14 (KHTML, like Gecko) Version/6.0.1 Safari/536.26.14"
165.123.86.97 - evanro@wharton.upenn.edu [31/Oct/2012:10:31:36 -0400] "GET /users/predictor.json?user_id=22 HTTP/1.1" 200 1819 "https://www.gradecraft.com/dashboard" "Mozilla/5.0 (Macintosh; Intel Mac OS X 10_8_2) AppleWebKit/536.26.14 (KHTML, like Gecko) Version/6.0.1 Safari/536.26.14"
165.123.86.97 - evanro@wharton.upenn.edu [31/Oct/2012:10:31:36 -0400] "GET /favicon.ico HTTP/1.1" 200 4795 "https://www.gradecraft.com/dashboard" "Mozilla/5.0 (Macintosh; Intel Mac OS X 10_8_2) AppleWebKit/536.26.14 (KHTML, like Gecko) Version/6.0.1 Safari/536.26.14"
130.91.57.13 - markov@wharton.upenn.edu [31/Oct/2012:10:31:38 -0400] "POST /assignments/15/grades/self_log_create HTTP/1.1" 302 1652 "https://www.gradecraft.com/assignments/15/grades/self_log?gradeable_id=33&gradeable_type=User" "Mozilla/5.0 (Windows NT 6.1; WOW64) AppleWebKit/537.4 (KHTML, like Gecko) Chrome/22.0.1229.94 Safari/537.4"
130.91.57.13 - markov@wharton.upenn.edu [31/Oct/2012:10:31:38 -0400] "GET /dashboard HTTP/1.1" 200 4532 "https://www.gradecraft.com/assignments/15/grades/self_log?gradeable_id=33&gradeable_type=User" "Mozilla/5.0 (Windows NT 6.1; WOW64) AppleWebKit/537.4 (KHTML, like Gecko) Chrome/22.0.1229.94 Safari/537.4"
130.91.57.13 - markov@wharton.upenn.edu [31/Oct/2012:10:31:39 -0400] "GET /assets/stylesheets/superhero.min.css HTTP/1.1" 404 1044 "https://www.gradecraft.com/dashboard" "Mozilla/5.0 (Windows NT 6.1; WOW64) AppleWebKit/537.4 (KHTML, like Gecko) Chrome/22.0.1229.94 Safari/537.4"
130.91.57.13 - markov@wharton.upenn.edu [31/Oct/2012:10:31:39 -0400] "GET /users/predictor.json?user_id=33 HTTP/1.1" 304 885 "https://www.gradecraft.com/dashboard" "Mozilla/5.0 (Windows NT 6.1; WOW64) AppleWebKit/537.4 (KHTML, like Gecko) Chrome/22.0.1229.94 Safari/537.4"
130.91.57.13 - markov@wharton.upenn.edu [31/Oct/2012:10:31:39 -0400] "GET /users/predictor.json?in_progress=true&user_id=33 HTTP/1.1" 304 885 "https://www.gradecraft.com/dashboard" "Mozilla/5.0 (Windows NT 6.1; WOW64) AppleWebKit/537.4 (KHTML, like Gecko) Chrome/22.0.1229.94 Safari/537.4"
130.91.57.86 - ath@wharton.upenn.edu [31/Oct/2012:10:31:42 -0400] "POST /assignments/15/grades/self_log_create HTTP/1.1" 302 1797 "https://www.gradecraft.com/assignments/15/grades/self_log?gradeable_id=30&gradeable_type=User" "Mozilla/5.0 (X11; CrOS i686 2913.135.0) AppleWebKit/537.11 (KHTML, like Gecko) Chrome/23.0.1271.53 Safari/537.11"
130.91.57.86 - ath@wharton.upenn.edu [31/Oct/2012:10:31:42 -0400] "GET /dashboard HTTP/1.1" 200 4532 "https://www.gradecraft.com/assignments/15/grades/self_log?gradeable_id=30&gradeable_type=User" "Mozilla/5.0 (X11; CrOS i686 2913.135.0) AppleWebKit/537.11 (KHTML, like Gecko) Chrome/23.0.1271.53 Safari/537.11"
130.91.57.86 - ath@wharton.upenn.edu [31/Oct/2012:10:31:44 -0400] "POST /assignments/15/grades/self_log_create HTTP/1.1" 302 1813 "https://www.gradecraft.com/assignments/15/grades/self_log?gradeable_id=30&gradeable_type=User" "Mozilla/5.0 (X11; CrOS i686 2913.135.0) AppleWebKit/537.11 (KHTML, like Gecko) Chrome/23.0.1271.53 Safari/537.11"
130.91.57.86 - ath@wharton.upenn.edu [31/Oct/2012:10:31:44 -0400] "GET /dashboard HTTP/1.1" 200 4580 "https://www.gradecraft.com/assignments/15/grades/self_log?gradeable_id=30&gradeable_type=User" "Mozilla/5.0 (X11; CrOS i686 2913.135.0) AppleWebKit/537.11 (KHTML, like Gecko) Chrome/23.0.1271.53 Safari/537.11"
130.91.59.246 - - [31/Oct/2012:10:31:47 -0400] "GET /cosign/valid?cosign-www.gradecraft.com=Q0MXAUC-JzmGiDjkejc0L6Qf41kiK6G0RyO1ojyfcWF-au4V2dquOzU77ec+sqFX04-xFI7KQ6qFMv9U7VuZ4vEGS6OWahBwY8VjUNip93TWs8RD1b9Zt9V-iFRx&https://www.gradecraft.com/dashboard HTTP/1.1" 301 900 "https://weblogin.umich.edu/cosign-bin/cosign.cgi" "Mozilla/5.0 (Windows NT 6.1; WOW64) AppleWebKit/537.4 (KHTML, like Gecko) Chrome/22.0.1229.94 Safari/537.4"
130.91.59.246 - kmate@wharton.upenn.edu [31/Oct/2012:10:31:47 -0400] "GET /dashboard HTTP/1.1" 302 1348 "https://weblogin.umich.edu/cosign-bin/cosign.cgi" "Mozilla/5.0 (Windows NT 6.1; WOW64) AppleWebKit/537.4 (KHTML, like Gecko) Chrome/22.0.1229.94 Safari/537.4"
130.91.57.86 - ath@wharton.upenn.edu [31/Oct/2012:10:31:47 -0400] "GET /assets/stylesheets/superhero.min.css HTTP/1.1" 404 1044 "https://www.gradecraft.com/dashboard" "Mozilla/5.0 (X11; CrOS i686 2913.135.0) AppleWebKit/537.11 (KHTML, like Gecko) Chrome/23.0.1271.53 Safari/537.11"
130.91.59.246 - kmate@wharton.upenn.edu [31/Oct/2012:10:31:47 -0400] "GET /dashboard HTTP/1.1" 200 4372 "https://weblogin.umich.edu/cosign-bin/cosign.cgi" "Mozilla/5.0 (Windows NT 6.1; WOW64) AppleWebKit/537.4 (KHTML, like Gecko) Chrome/22.0.1229.94 Safari/537.4"
130.91.57.86 - ath@wharton.upenn.edu [31/Oct/2012:10:31:47 -0400] "GET /users/predictor.json?user_id=30 HTTP/1.1" 304 1030 "https://www.gradecraft.com/dashboard" "Mozilla/5.0 (X11; CrOS i686 2913.135.0) AppleWebKit/537.11 (KHTML, like Gecko) Chrome/23.0.1271.53 Safari/537.11"
130.91.57.86 - ath@wharton.upenn.edu [31/Oct/2012:10:31:47 -0400] "GET /users/predictor.json?in_progress=true&user_id=30 HTTP/1.1" 304 885 "https://www.gradecraft.com/dashboard" "Mozilla/5.0 (X11; CrOS i686 2913.135.0) AppleWebKit/537.11 (KHTML, like Gecko) Chrome/23.0.1271.53 Safari/537.11"
130.91.59.246 - kmate@wharton.upenn.edu [31/Oct/2012:10:31:47 -0400] "GET /assets/stylesheets/superhero.min.css HTTP/1.1" 404 1205 "https://www.gradecraft.com/dashboard" "Mozilla/5.0 (Windows NT 6.1; WOW64) AppleWebKit/537.4 (KHTML, like Gecko) Chrome/22.0.1229.94 Safari/537.4"
130.91.59.246 - kmate@wharton.upenn.edu [31/Oct/2012:10:31:47 -0400] "GET /assets/application-a3ae5c543e1d181d1d7cb923cba7352c.css HTTP/1.1" 200 47949 "https://www.gradecraft.com/dashboard" "Mozilla/5.0 (Windows NT 6.1; WOW64) AppleWebKit/537.4 (KHTML, like Gecko) Chrome/22.0.1229.94 Safari/537.4"
130.91.59.246 - kmate@wharton.upenn.edu [31/Oct/2012:10:31:47 -0400] "GET /assets/application-4019f0e2cdfabad442b22c5ea2d0cede.js HTTP/1.1" 200 208766 "https://www.gradecraft.com/dashboard" "Mozilla/5.0 (Windows NT 6.1; WOW64) AppleWebKit/537.4 (KHTML, like Gecko) Chrome/22.0.1229.94 Safari/537.4"
130.91.59.246 - kmate@wharton.upenn.edu [31/Oct/2012:10:31:48 -0400] "GET /badges/wharton/image01.png HTTP/1.1" 200 6842 "https://www.gradecraft.com/dashboard" "Mozilla/5.0 (Windows NT 6.1; WOW64) AppleWebKit/537.4 (KHTML, like Gecko) Chrome/22.0.1229.94 Safari/537.4"
130.91.59.246 - kmate@wharton.upenn.edu [31/Oct/2012:10:31:48 -0400] "GET /badges/wharton/image05.png HTTP/1.1" 200 7866 "https://www.gradecraft.com/dashboard" "Mozilla/5.0 (Windows NT 6.1; WOW64) AppleWebKit/537.4 (KHTML, like Gecko) Chrome/22.0.1229.94 Safari/537.4"
130.91.59.246 - kmate@wharton.upenn.edu [31/Oct/2012:10:31:48 -0400] "GET /badges/wharton/image02.png HTTP/1.1" 200 9899 "https://www.gradecraft.com/dashboard" "Mozilla/5.0 (Windows NT 6.1; WOW64) AppleWebKit/537.4 (KHTML, like Gecko) Chrome/22.0.1229.94 Safari/537.4"
130.91.59.246 - kmate@wharton.upenn.edu [31/Oct/2012:10:31:48 -0400] "GET /badges/wharton/image04.png HTTP/1.1" 200 7835 "https://www.gradecraft.com/dashboard" "Mozilla/5.0 (Windows NT 6.1; WOW64) AppleWebKit/537.4 (KHTML, like Gecko) Chrome/22.0.1229.94 Safari/537.4"
130.91.59.246 - kmate@wharton.upenn.edu [31/Oct/2012:10:31:48 -0400] "GET /badges/wharton/image03.png HTTP/1.1" 200 10843 "https://www.gradecraft.com/dashboard" "Mozilla/5.0 (Windows NT 6.1; WOW64) AppleWebKit/537.4 (KHTML, like Gecko) Chrome/22.0.1229.94 Safari/537.4"
130.91.59.246 - kmate@wharton.upenn.edu [31/Oct/2012:10:31:48 -0400] "GET /badges/wharton/image06.png HTTP/1.1" 200 8042 "https://www.gradecraft.com/dashboard" "Mozilla/5.0 (Windows NT 6.1; WOW64) AppleWebKit/537.4 (KHTML, like Gecko) Chrome/22.0.1229.94 Safari/537.4"
130.91.59.246 - kmate@wharton.upenn.edu [31/Oct/2012:10:31:49 -0400] "GET /badges/wharton/image07.png HTTP/1.1" 200 7946 "https://www.gradecraft.com/dashboard" "Mozilla/5.0 (Windows NT 6.1; WOW64) AppleWebKit/537.4 (KHTML, like Gecko) Chrome/22.0.1229.94 Safari/537.4"
130.91.59.246 - kmate@wharton.upenn.edu [31/Oct/2012:10:31:49 -0400] "GET /badges/wharton/image08.png HTTP/1.1" 200 11146 "https://www.gradecraft.com/dashboard" "Mozilla/5.0 (Windows NT 6.1; WOW64) AppleWebKit/537.4 (KHTML, like Gecko) Chrome/22.0.1229.94 Safari/537.4"
130.91.59.246 - kmate@wharton.upenn.edu [31/Oct/2012:10:31:49 -0400] "GET /badges/wharton/image09.png HTTP/1.1" 200 11818 "https://www.gradecraft.com/dashboard" "Mozilla/5.0 (Windows NT 6.1; WOW64) AppleWebKit/537.4 (KHTML, like Gecko) Chrome/22.0.1229.94 Safari/537.4"
130.91.59.246 - kmate@wharton.upenn.edu [31/Oct/2012:10:31:49 -0400] "GET /badges/wharton/image00.png HTTP/1.1" 200 8362 "https://www.gradecraft.com/dashboard" "Mozilla/5.0 (Windows NT 6.1; WOW64) AppleWebKit/537.4 (KHTML, like Gecko) Chrome/22.0.1229.94 Safari/537.4"
130.91.59.246 - kmate@wharton.upenn.edu [31/Oct/2012:10:31:49 -0400] "GET /badges/wharton/Game-Master-Badge.png HTTP/1.1" 200 11946 "https://www.gradecraft.com/dashboard" "Mozilla/5.0 (Windows NT 6.1; WOW64) AppleWebKit/537.4 (KHTML, like Gecko) Chrome/22.0.1229.94 Safari/537.4"
130.91.59.246 - kmate@wharton.upenn.edu [31/Oct/2012:10:31:49 -0400] "GET /badges/wharton/Corporate-Lackey-Badge.png HTTP/1.1" 200 9914 "https://www.gradecraft.com/dashboard" "Mozilla/5.0 (Windows NT 6.1; WOW64) AppleWebKit/537.4 (KHTML, like Gecko) Chrome/22.0.1229.94 Safari/537.4"
130.91.59.246 - kmate@wharton.upenn.edu [31/Oct/2012:10:31:49 -0400] "GET /badges/wharton/Globe-Trotter-Badge.png HTTP/1.1" 200 10490 "https://www.gradecraft.com/dashboard" "Mozilla/5.0 (Windows NT 6.1; WOW64) AppleWebKit/537.4 (KHTML, like Gecko) Chrome/22.0.1229.94 Safari/537.4"
130.91.59.246 - kmate@wharton.upenn.edu [31/Oct/2012:10:31:48 -0400] "GET /users/predictor.json?user_id=58 HTTP/1.1" 304 885 "https://www.gradecraft.com/dashboard" "Mozilla/5.0 (Windows NT 6.1; WOW64) AppleWebKit/537.4 (KHTML, like Gecko) Chrome/22.0.1229.94 Safari/537.4"
130.91.59.246 - kmate@wharton.upenn.edu [31/Oct/2012:10:31:48 -0400] "GET /users/predictor.json?in_progress=true&user_id=58 HTTP/1.1" 304 885 "https://www.gradecraft.com/dashboard" "Mozilla/5.0 (Windows NT 6.1; WOW64) AppleWebKit/537.4 (KHTML, like Gecko) Chrome/22.0.1229.94 Safari/537.4"
70.192.128.26 - jcres@sas.upenn.edu [31/Oct/2012:10:31:50 -0400] "GET /assignments/15/grades/self_log?gradeable_id=50&gradeable_type=User HTTP/1.1" 200 2821 "https://www.gradecraft.com/dashboard" "Mozilla/5.0 (Linux; Android 4.1.1; Galaxy Nexus Build/JRO03O) AppleWebKit/535.19 (KHTML, like Gecko) Chrome/18.0.1025.166 Mobile Safari/535.19"
70.192.128.26 - jcres@sas.upenn.edu [31/Oct/2012:10:31:52 -0400] "GET /assets/stylesheets/superhero.min.css HTTP/1.1" 404 1044 "https://www.gradecraft.com/assignments/15/grades/self_log?gradeable_id=50&gradeable_type=User" "Mozilla/5.0 (Linux; Android 4.1.1; Galaxy Nexus Build/JRO03O) AppleWebKit/535.19 (KHTML, like Gecko) Chrome/18.0.1025.166 Mobile Safari/535.19"
70.192.128.26 - jcres@sas.upenn.edu [31/Oct/2012:10:31:53 -0400] "GET /apple-touch-icon-precomposed.png HTTP/1.1" 404 1044 "-" "Mozilla/5.0 (Linux; Android 4.1.1; Galaxy Nexus Build/JRO03O) AppleWebKit/535.19 (KHTML, like Gecko) Chrome/18.0.1025.166 Mobile Safari/535.19"
70.192.128.26 - jcres@sas.upenn.edu [31/Oct/2012:10:31:53 -0400] "GET /apple-touch-icon.png HTTP/1.1" 404 1044 "-" "Mozilla/5.0 (Linux; Android 4.1.1; Galaxy Nexus Build/JRO03O) AppleWebKit/535.19 (KHTML, like Gecko) Chrome/18.0.1025.166 Mobile Safari/535.19"
165.123.87.211 - - [31/Oct/2012:10:31:56 -0400] "GET /dashboard HTTP/1.1" 302 3259 "https://wharton.instructure.com/courses/755358" "Mozilla/5.0 (iPad; CPU OS 5_1_1 like Mac OS X) AppleWebKit/534.46 (KHTML, like Gecko) Version/5.1 Mobile/9B206 Safari/7534.48.3"
70.192.128.26 - jcres@sas.upenn.edu [31/Oct/2012:10:31:58 -0400] "POST /assignments/15/grades/self_log_create HTTP/1.1" 302 1652 "https://www.gradecraft.com/assignments/15/grades/self_log?gradeable_id=50&gradeable_type=User" "Mozilla/5.0 (Linux; Android 4.1.1; Galaxy Nexus Build/JRO03O) AppleWebKit/535.19 (KHTML, like Gecko) Chrome/18.0.1025.166 Mobile Safari/535.19"
130.91.59.246 - kmate@wharton.upenn.edu [31/Oct/2012:10:31:59 -0400] "GET /assignments/15/grades/self_log?gradeable_id=58&gradeable_type=User HTTP/1.1" 200 2676 "https://www.gradecraft.com/dashboard" "Mozilla/5.0 (Windows NT 6.1; WOW64) AppleWebKit/537.4 (KHTML, like Gecko) Chrome/22.0.1229.94 Safari/537.4"
130.91.59.246 - kmate@wharton.upenn.edu [31/Oct/2012:10:31:59 -0400] "GET /assets/stylesheets/superhero.min.css HTTP/1.1" 404 1044 "https://www.gradecraft.com/assignments/15/grades/self_log?gradeable_id=58&gradeable_type=User" "Mozilla/5.0 (Windows NT 6.1; WOW64) AppleWebKit/537.4 (KHTML, like Gecko) Chrome/22.0.1229.94 Safari/537.4"
130.91.59.246 - kmate@wharton.upenn.edu [31/Oct/2012:10:32:03 -0400] "POST /assignments/15/grades/self_log_create HTTP/1.1" 302 1636 "https://www.gradecraft.com/assignments/15/grades/self_log?gradeable_id=58&gradeable_type=User" "Mozilla/5.0 (Windows NT 6.1; WOW64) AppleWebKit/537.4 (KHTML, like Gecko) Chrome/22.0.1229.94 Safari/537.4"
130.91.59.31 - - [31/Oct/2012:10:32:03 -0400] "GET /dashboard HTTP/1.1" 302 3984 "https://wharton.instructure.com/courses/755358" "Mozilla/5.0 (Windows NT 6.1; WOW64) AppleWebKit/537.4 (KHTML, like Gecko) Chrome/22.0.1229.94 Safari/537.4"
130.91.59.246 - kmate@wharton.upenn.edu [31/Oct/2012:10:32:03 -0400] "GET /dashboard HTTP/1.1" 200 4548 "https://www.gradecraft.com/assignments/15/grades/self_log?gradeable_id=58&gradeable_type=User" "Mozilla/5.0 (Windows NT 6.1; WOW64) AppleWebKit/537.4 (KHTML, like Gecko) Chrome/22.0.1229.94 Safari/537.4"
130.91.59.246 - kmate@wharton.upenn.edu [31/Oct/2012:10:32:03 -0400] "GET /assets/stylesheets/superhero.min.css HTTP/1.1" 404 1044 "https://www.gradecraft.com/dashboard" "Mozilla/5.0 (Windows NT 6.1; WOW64) AppleWebKit/537.4 (KHTML, like Gecko) Chrome/22.0.1229.94 Safari/537.4"
130.91.59.246 - kmate@wharton.upenn.edu [31/Oct/2012:10:32:04 -0400] "GET /users/predictor.json?user_id=58 HTTP/1.1" 304 885 "https://www.gradecraft.com/dashboard" "Mozilla/5.0 (Windows NT 6.1; WOW64) AppleWebKit/537.4 (KHTML, like Gecko) Chrome/22.0.1229.94 Safari/537.4"
130.91.59.246 - kmate@wharton.upenn.edu [31/Oct/2012:10:32:04 -0400] "GET /users/predictor.json?in_progress=true&user_id=58 HTTP/1.1" 304 885 "https://www.gradecraft.com/dashboard" "Mozilla/5.0 (Windows NT 6.1; WOW64) AppleWebKit/537.4 (KHTML, like Gecko) Chrome/22.0.1229.94 Safari/537.4"
165.123.86.97 - evanro@wharton.upenn.edu [31/Oct/2012:10:32:04 -0400] "GET /dashboard HTTP/1.1" 304 1078 "https://www.gradecraft.com/dashboard" "Mozilla/5.0 (Macintosh; Intel Mac OS X 10_8_2) AppleWebKit/536.26.14 (KHTML, like Gecko) Version/6.0.1 Safari/536.26.14"
165.123.86.97 - evanro@wharton.upenn.edu [31/Oct/2012:10:32:05 -0400] "GET /assets/stylesheets/superhero.min.css HTTP/1.1" 404 1205 "https://www.gradecraft.com/dashboard" "Mozilla/5.0 (Macintosh; Intel Mac OS X 10_8_2) AppleWebKit/536.26.14 (KHTML, like Gecko) Version/6.0.1 Safari/536.26.14"
70.192.128.26 - jcres@sas.upenn.edu [31/Oct/2012:10:32:05 -0400] "POST /assignments/15/grades/self_log_create HTTP/1.1" 302 1813 "https://www.gradecraft.com/assignments/15/grades/self_log?gradeable_id=50&gradeable_type=User" "Mozilla/5.0 (Linux; Android 4.1.1; Galaxy Nexus Build/JRO03O) AppleWebKit/535.19 (KHTML, like Gecko) Chrome/18.0.1025.166 Mobile Safari/535.19"
165.123.86.97 - evanro@wharton.upenn.edu [31/Oct/2012:10:32:05 -0400] "GET /users/predictor.json?user_id=22 HTTP/1.1" 304 1030 "https://www.gradecraft.com/dashboard" "Mozilla/5.0 (Macintosh; Intel Mac OS X 10_8_2) AppleWebKit/536.26.14 (KHTML, like Gecko) Version/6.0.1 Safari/536.26.14"
165.123.86.97 - evanro@wharton.upenn.edu [31/Oct/2012:10:32:05 -0400] "GET /users/predictor.json?in_progress=true&user_id=22 HTTP/1.1" 304 885 "https://www.gradecraft.com/dashboard" "Mozilla/5.0 (Macintosh; Intel Mac OS X 10_8_2) AppleWebKit/536.26.14 (KHTML, like Gecko) Version/6.0.1 Safari/536.26.14"
70.192.128.26 - jcres@sas.upenn.edu [31/Oct/2012:10:32:06 -0400] "GET /dashboard HTTP/1.1" 200 4564 "https://www.gradecraft.com/assignments/15/grades/self_log?gradeable_id=50&gradeable_type=User" "Mozilla/5.0 (Linux; Android 4.1.1; Galaxy Nexus Build/JRO03O) AppleWebKit/535.19 (KHTML, like Gecko) Chrome/18.0.1025.166 Mobile Safari/535.19"
70.192.128.26 - jcres@sas.upenn.edu [31/Oct/2012:10:32:06 -0400] "GET /dashboard HTTP/1.1" 200 4564 "https://www.gradecraft.com/assignments/15/grades/self_log?gradeable_id=50&gradeable_type=User" "Mozilla/5.0 (Linux; Android 4.1.1; Galaxy Nexus Build/JRO03O) AppleWebKit/535.19 (KHTML, like Gecko) Chrome/18.0.1025.166 Mobile Safari/535.19"
70.192.128.26 - jcres@sas.upenn.edu [31/Oct/2012:10:32:09 -0400] "GET /users/predictor.json?in_progress=true&user_id=50 HTTP/1.1" 304 1030 "https://www.gradecraft.com/dashboard" "Mozilla/5.0 (Linux; Android 4.1.1; Galaxy Nexus Build/JRO03O) AppleWebKit/535.19 (KHTML, like Gecko) Chrome/18.0.1025.166 Mobile Safari/535.19"
70.192.128.26 - jcres@sas.upenn.edu [31/Oct/2012:10:32:09 -0400] "GET /users/predictor.json?user_id=50 HTTP/1.1" 304 1030 "https://www.gradecraft.com/dashboard" "Mozilla/5.0 (Linux; Android 4.1.1; Galaxy Nexus Build/JRO03O) AppleWebKit/535.19 (KHTML, like Gecko) Chrome/18.0.1025.166 Mobile Safari/535.19"
70.192.128.26 - jcres@sas.upenn.edu [31/Oct/2012:10:32:11 -0400] "GET /assets/stylesheets/superhero.min.css HTTP/1.1" 404 1044 "https://www.gradecraft.com/dashboard" "Mozilla/5.0 (Linux; Android 4.1.1; Galaxy Nexus Build/JRO03O) AppleWebKit/535.19 (KHTML, like Gecko) Chrome/18.0.1025.166 Mobile Safari/535.19"
70.192.128.26 - jcres@sas.upenn.edu [31/Oct/2012:10:32:12 -0400] "GET /apple-touch-icon-precomposed.png HTTP/1.1" 404 1044 "-" "Mozilla/5.0 (Linux; Android 4.1.1; Galaxy Nexus Build/JRO03O) AppleWebKit/535.19 (KHTML, like Gecko) Chrome/18.0.1025.166 Mobile Safari/535.19"
70.192.128.26 - jcres@sas.upenn.edu [31/Oct/2012:10:32:12 -0400] "GET /apple-touch-icon.png HTTP/1.1" 404 1044 "-" "Mozilla/5.0 (Linux; Android 4.1.1; Galaxy Nexus Build/JRO03O) AppleWebKit/535.19 (KHTML, like Gecko) Chrome/18.0.1025.166 Mobile Safari/535.19"
130.91.59.31 - - [31/Oct/2012:10:32:19 -0400] "GET /cosign/valid?cosign-www.gradecraft.com=Znl9b-qrYnsS1gEdAkCOCsJMvQH9A6BYg3OeznCzTyX4QvaMl5XPyJg9aD8kS0sLfaxJjnxjvHZyaBTuwSxCYbicM9Xf8NWYko2ByukuUCFDy0N4acIY-ju1OLCP&https://www.gradecraft.com/dashboard HTTP/1.1" 301 1045 "https://weblogin.umich.edu/?cosign-www.gradecraft.com&https://www.gradecraft.com/dashboard" "Mozilla/5.0 (Windows NT 6.1; WOW64) AppleWebKit/537.4 (KHTML, like Gecko) Chrome/22.0.1229.94 Safari/537.4"
130.91.59.31 - kly@wharton.upenn.edu [31/Oct/2012:10:32:19 -0400] "GET /dashboard HTTP/1.1" 302 1348 "https://weblogin.umich.edu/?cosign-www.gradecraft.com&https://www.gradecraft.com/dashboard" "Mozilla/5.0 (Windows NT 6.1; WOW64) AppleWebKit/537.4 (KHTML, like Gecko) Chrome/22.0.1229.94 Safari/537.4"
130.91.59.31 - kly@wharton.upenn.edu [31/Oct/2012:10:32:19 -0400] "GET /dashboard HTTP/1.1" 200 4372 "https://weblogin.umich.edu/?cosign-www.gradecraft.com&https://www.gradecraft.com/dashboard" "Mozilla/5.0 (Windows NT 6.1; WOW64) AppleWebKit/537.4 (KHTML, like Gecko) Chrome/22.0.1229.94 Safari/537.4"
130.91.59.31 - kly@wharton.upenn.edu [31/Oct/2012:10:32:20 -0400] "GET /assets/application-a3ae5c543e1d181d1d7cb923cba7352c.css HTTP/1.1" 200 47949 "https://www.gradecraft.com/dashboard" "Mozilla/5.0 (Windows NT 6.1; WOW64) AppleWebKit/537.4 (KHTML, like Gecko) Chrome/22.0.1229.94 Safari/537.4"
130.91.59.31 - kly@wharton.upenn.edu [31/Oct/2012:10:32:20 -0400] "GET /assets/stylesheets/superhero.min.css HTTP/1.1" 404 1205 "https://www.gradecraft.com/dashboard" "Mozilla/5.0 (Windows NT 6.1; WOW64) AppleWebKit/537.4 (KHTML, like Gecko) Chrome/22.0.1229.94 Safari/537.4"
130.91.59.31 - kly@wharton.upenn.edu [31/Oct/2012:10:32:20 -0400] "GET /assets/application-4019f0e2cdfabad442b22c5ea2d0cede.js HTTP/1.1" 200 208766 "https://www.gradecraft.com/dashboard" "Mozilla/5.0 (Windows NT 6.1; WOW64) AppleWebKit/537.4 (KHTML, like Gecko) Chrome/22.0.1229.94 Safari/537.4"
130.91.59.31 - kly@wharton.upenn.edu [31/Oct/2012:10:32:21 -0400] "GET /badges/wharton/image01.png HTTP/1.1" 200 6842 "https://www.gradecraft.com/dashboard" "Mozilla/5.0 (Windows NT 6.1; WOW64) AppleWebKit/537.4 (KHTML, like Gecko) Chrome/22.0.1229.94 Safari/537.4"
130.91.59.31 - kly@wharton.upenn.edu [31/Oct/2012:10:32:21 -0400] "GET /users/predictor.json?in_progress=true&user_id=11 HTTP/1.1" 200 1674 "https://www.gradecraft.com/dashboard" "Mozilla/5.0 (Windows NT 6.1; WOW64) AppleWebKit/537.4 (KHTML, like Gecko) Chrome/22.0.1229.94 Safari/537.4"
130.91.59.31 - kly@wharton.upenn.edu [31/Oct/2012:10:32:21 -0400] "GET /users/predictor.json?user_id=11 HTTP/1.1" 200 1690 "https://www.gradecraft.com/dashboard" "Mozilla/5.0 (Windows NT 6.1; WOW64) AppleWebKit/537.4 (KHTML, like Gecko) Chrome/22.0.1229.94 Safari/537.4"
130.91.59.31 - kly@wharton.upenn.edu [31/Oct/2012:10:32:21 -0400] "GET /badges/wharton/image02.png HTTP/1.1" 200 9754 "https://www.gradecraft.com/dashboard" "Mozilla/5.0 (Windows NT 6.1; WOW64) AppleWebKit/537.4 (KHTML, like Gecko) Chrome/22.0.1229.94 Safari/537.4"
130.91.59.31 - kly@wharton.upenn.edu [31/Oct/2012:10:32:21 -0400] "GET /badges/wharton/image03.png HTTP/1.1" 200 10698 "https://www.gradecraft.com/dashboard" "Mozilla/5.0 (Windows NT 6.1; WOW64) AppleWebKit/537.4 (KHTML, like Gecko) Chrome/22.0.1229.94 Safari/537.4"
130.91.59.31 - kly@wharton.upenn.edu [31/Oct/2012:10:32:21 -0400] "GET /badges/wharton/image04.png HTTP/1.1" 200 7835 "https://www.gradecraft.com/dashboard" "Mozilla/5.0 (Windows NT 6.1; WOW64) AppleWebKit/537.4 (KHTML, like Gecko) Chrome/22.0.1229.94 Safari/537.4"
130.91.59.31 - kly@wharton.upenn.edu [31/Oct/2012:10:32:21 -0400] "GET /badges/wharton/image06.png HTTP/1.1" 200 8187 "https://www.gradecraft.com/dashboard" "Mozilla/5.0 (Windows NT 6.1; WOW64) AppleWebKit/537.4 (KHTML, like Gecko) Chrome/22.0.1229.94 Safari/537.4"
130.91.59.31 - kly@wharton.upenn.edu [31/Oct/2012:10:32:21 -0400] "GET /badges/wharton/image05.png HTTP/1.1" 200 8011 "https://www.gradecraft.com/dashboard" "Mozilla/5.0 (Windows NT 6.1; WOW64) AppleWebKit/537.4 (KHTML, like Gecko) Chrome/22.0.1229.94 Safari/537.4"
130.91.59.31 - kly@wharton.upenn.edu [31/Oct/2012:10:32:21 -0400] "GET /badges/wharton/image07.png HTTP/1.1" 200 7946 "https://www.gradecraft.com/dashboard" "Mozilla/5.0 (Windows NT 6.1; WOW64) AppleWebKit/537.4 (KHTML, like Gecko) Chrome/22.0.1229.94 Safari/537.4"
