67.194.21.218 - - [17/Sep/2012:11:36:22 -0400] "GET /dashboard HTTP/1.1" 302 3251 "-" "Mozilla/4.0 (compatible; MSIE 8.0; Windows NT 6.1; WOW64; Trident/4.0; GTB7.4; SLCC2; .NET CLR 2.0.50727; .NET CLR 3.5.30729; .NET CLR 3.0.30729; Media Center PC 6.0; MDDR; .NET4.0C; InfoPath.3; BRI/1; AskTbORJ/5.15.1.22229; BRI/2)"
67.194.104.200 - - [17/Sep/2012:11:36:23 -0400] "GET /cosign/valid?cosign-www.gradecraft.com=oR9Ru8ws3kZtcwxQ0-g8hejOnKlTCd+D7WRnDvu2EOxY11r4XPL16+3c8L1p6EHI7Iq0-7J77mKPjDp8EzUdsrDKqRqlOaCxJ0EQOAuhp1V8GwH-ReJBi7+c9+Yk&https://www.gradecraft.com/ HTTP/1.1" 301 1013 "https://weblogin.umich.edu/cosign-bin/cosign.cgi" "Mozilla/5.0 (iPhone; CPU iPhone OS 5_1_1 like Mac OS X) AppleWebKit/534.46 (KHTML, like Gecko) Version/5.1 Mobile/9B206 Safari/7534.48.3"
67.194.104.200 - juliesar [17/Sep/2012:11:36:23 -0400] "GET / HTTP/1.1" 302 1348 "https://weblogin.umich.edu/cosign-bin/cosign.cgi" "Mozilla/5.0 (iPhone; CPU iPhone OS 5_1_1 like Mac OS X) AppleWebKit/534.46 (KHTML, like Gecko) Version/5.1 Mobile/9B206 Safari/7534.48.3"
67.194.31.50 - doksuz [17/Sep/2012:11:36:23 -0400] "GET / HTTP/1.1" 304 1062 "-" "Mozilla/5.0 (Windows NT 6.1; WOW64) AppleWebKit/537.1 (KHTML, like Gecko) Chrome/21.0.1180.89 Safari/537.1"
67.194.104.200 - juliesar [17/Sep/2012:11:36:23 -0400] "GET /dashboard HTTP/1.1" 200 3908 "https://weblogin.umich.edu/cosign-bin/cosign.cgi" "Mozilla/5.0 (iPhone; CPU iPhone OS 5_1_1 like Mac OS X) AppleWebKit/534.46 (KHTML, like Gecko) Version/5.1 Mobile/9B206 Safari/7534.48.3"
67.194.104.200 - juliesar [17/Sep/2012:11:36:24 -0400] "GET /assets/application-00253241250260a29e421ba336543d92.css HTTP/1.1" 200 46253 "https://www.gradecraft.com/dashboard" "Mozilla/5.0 (iPhone; CPU iPhone OS 5_1_1 like Mac OS X) AppleWebKit/534.46 (KHTML, like Gecko) Version/5.1 Mobile/9B206 Safari/7534.48.3"
67.194.104.200 - juliesar [17/Sep/2012:11:36:24 -0400] "GET /uploads/theme/filename/3/cyborg.min.css HTTP/1.1" 200 16538 "https://www.gradecraft.com/dashboard" "Mozilla/5.0 (iPhone; CPU iPhone OS 5_1_1 like Mac OS X) AppleWebKit/534.46 (KHTML, like Gecko) Version/5.1 Mobile/9B206 Safari/7534.48.3"
67.194.31.50 - doksuz [17/Sep/2012:11:36:24 -0400] "GET /users/predictor.json?user_id=156 HTTP/1.1" 304 1014 "https://www.gradecraft.com/" "Mozilla/5.0 (Windows NT 6.1; WOW64) AppleWebKit/537.1 (KHTML, like Gecko) Chrome/21.0.1180.89 Safari/537.1"
67.194.31.50 - doksuz [17/Sep/2012:11:36:24 -0400] "GET /users/predictor.json?in_progress=true&user_id=156 HTTP/1.1" 304 869 "https://www.gradecraft.com/" "Mozilla/5.0 (Windows NT 6.1; WOW64) AppleWebKit/537.1 (KHTML, like Gecko) Chrome/21.0.1180.89 Safari/537.1"
67.194.104.200 - juliesar [17/Sep/2012:11:36:24 -0400] "GET /assets/application-4ce0ae23744168912769066ef11545d8.js HTTP/1.1" 200 135770 "https://www.gradecraft.com/dashboard" "Mozilla/5.0 (iPhone; CPU iPhone OS 5_1_1 like Mac OS X) AppleWebKit/534.46 (KHTML, like Gecko) Version/5.1 Mobile/9B206 Safari/7534.48.3"
67.194.104.200 - juliesar [17/Sep/2012:11:36:25 -0400] "GET /users/predictor.json?user_id=74 HTTP/1.1" 200 1578 "https://www.gradecraft.com/dashboard" "Mozilla/5.0 (iPhone; CPU iPhone OS 5_1_1 like Mac OS X) AppleWebKit/534.46 (KHTML, like Gecko) Version/5.1 Mobile/9B206 Safari/7534.48.3"
67.194.104.200 - juliesar [17/Sep/2012:11:36:25 -0400] "GET /users/predictor.json?in_progress=true&user_id=74 HTTP/1.1" 200 1578 "https://www.gradecraft.com/dashboard" "Mozilla/5.0 (iPhone; CPU iPhone OS 5_1_1 like Mac OS X) AppleWebKit/534.46 (KHTML, like Gecko) Version/5.1 Mobile/9B206 Safari/7534.48.3"
67.194.3.33 - - [17/Sep/2012:11:36:27 -0400] "GET / HTTP/1.1" 302 894 "-" "Mozilla/5.0 (Macintosh; Intel Mac OS X 10_7_2) AppleWebKit/534.52.7 (KHTML, like Gecko) Version/5.1.2 Safari/534.52.7"
67.194.14.79 - rhwarner [17/Sep/2012:11:36:27 -0400] "GET /badges HTTP/1.1" 200 4117 "https://www.gradecraft.com/dashboard" "Mozilla/5.0 (Macintosh; Intel Mac OS X 10.6; rv:10.0) Gecko/20100101 Firefox/10.0"
67.194.21.153 - allicope [17/Sep/2012:11:36:27 -0400] "GET /assignments/28/grades/self_log?gradeable_id=124&gradeable_type=User HTTP/1.1" 200 2878 "https://www.gradecraft.com/" "Mozilla/5.0 (Macintosh; Intel Mac OS X 10_7_4) AppleWebKit/536.25 (KHTML, like Gecko) Version/6.0 Safari/536.25"
67.194.14.79 - rhwarner [17/Sep/2012:11:36:28 -0400] "GET /badges/pos101/always_learning.png HTTP/1.1" 200 3066 "https://www.gradecraft.com/badges" "Mozilla/5.0 (Macintosh; Intel Mac OS X 10.6; rv:10.0) Gecko/20100101 Firefox/10.0"
67.194.14.79 - rhwarner [17/Sep/2012:11:36:28 -0400] "GET /badges/pos101/awesome_aggregator.png HTTP/1.1" 200 5658 "https://www.gradecraft.com/badges" "Mozilla/5.0 (Macintosh; Intel Mac OS X 10.6; rv:10.0) Gecko/20100101 Firefox/10.0"
67.194.14.79 - rhwarner [17/Sep/2012:11:36:28 -0400] "GET /badges/pos101/above_and_beyond.png HTTP/1.1" 200 6379 "https://www.gradecraft.com/badges" "Mozilla/5.0 (Macintosh; Intel Mac OS X 10.6; rv:10.0) Gecko/20100101 Firefox/10.0"
67.194.14.79 - rhwarner [17/Sep/2012:11:36:29 -0400] "GET /badges/pos101/early_bird_special.png HTTP/1.1" 200 4602 "https://www.gradecraft.com/badges" "Mozilla/5.0 (Macintosh; Intel Mac OS X 10.6; rv:10.0) Gecko/20100101 Firefox/10.0"
67.194.14.79 - rhwarner [17/Sep/2012:11:36:29 -0400] "GET /badges/pos101/examination_expert.png HTTP/1.1" 200 4042 "https://www.gradecraft.com/badges" "Mozilla/5.0 (Macintosh; Intel Mac OS X 10.6; rv:10.0) Gecko/20100101 Firefox/10.0"
67.194.14.79 - rhwarner [17/Sep/2012:11:36:29 -0400] "GET /badges/pos101/gaining_experience.png HTTP/1.1" 200 8458 "https://www.gradecraft.com/badges" "Mozilla/5.0 (Macintosh; Intel Mac OS X 10.6; rv:10.0) Gecko/20100101 Firefox/10.0"
67.194.14.79 - rhwarner [17/Sep/2012:11:36:29 -0400] "GET /badges/pos101/gamer.png HTTP/1.1" 200 4378 "https://www.gradecraft.com/badges" "Mozilla/5.0 (Macintosh; Intel Mac OS X 10.6; rv:10.0) Gecko/20100101 Firefox/10.0"
67.194.14.79 - rhwarner [17/Sep/2012:11:36:29 -0400] "GET /uploads/badge/icon/23/learning_from_mistakes.png HTTP/1.1" 404 1044 "https://www.gradecraft.com/badges" "Mozilla/5.0 (Macintosh; Intel Mac OS X 10.6; rv:10.0) Gecko/20100101 Firefox/10.0"
67.194.14.79 - rhwarner [17/Sep/2012:11:36:29 -0400] "GET /badges/pos101/level_one.png HTTP/1.1" 200 4458 "https://www.gradecraft.com/badges" "Mozilla/5.0 (Macintosh; Intel Mac OS X 10.6; rv:10.0) Gecko/20100101 Firefox/10.0"
67.194.14.79 - rhwarner [17/Sep/2012:11:36:29 -0400] "GET /badges/pos101/personal.png HTTP/1.1" 200 4474 "https://www.gradecraft.com/badges" "Mozilla/5.0 (Macintosh; Intel Mac OS X 10.6; rv:10.0) Gecko/20100101 Firefox/10.0"
67.194.14.79 - rhwarner [17/Sep/2012:11:36:29 -0400] "GET /badges/pos101/participatory_democrat.png HTTP/1.1" 200 5354 "https://www.gradecraft.com/badges" "Mozilla/5.0 (Macintosh; Intel Mac OS X 10.6; rv:10.0) Gecko/20100101 Firefox/10.0"
67.194.14.79 - rhwarner [17/Sep/2012:11:36:29 -0400] "GET /badges/pos101/practice_makes_perfect.png HTTP/1.1" 200 6010 "https://www.gradecraft.com/badges" "Mozilla/5.0 (Macintosh; Intel Mac OS X 10.6; rv:10.0) Gecko/20100101 Firefox/10.0"
67.194.14.79 - rhwarner [17/Sep/2012:11:36:29 -0400] "GET /badges/pos101/public_speaker.png HTTP/1.1" 200 5482 "https://www.gradecraft.com/badges" "Mozilla/5.0 (Macintosh; Intel Mac OS X 10.6; rv:10.0) Gecko/20100101 Firefox/10.0"
67.194.14.79 - rhwarner [17/Sep/2012:11:36:29 -0400] "GET /badges/pos101/scribe.png HTTP/1.1" 200 3002 "https://www.gradecraft.com/badges" "Mozilla/5.0 (Macintosh; Intel Mac OS X 10.6; rv:10.0) Gecko/20100101 Firefox/10.0"
67.194.14.79 - rhwarner [17/Sep/2012:11:36:29 -0400] "GET /badges/pos101/courageous_failure.png HTTP/1.1" 200 8410 "https://www.gradecraft.com/badges" "Mozilla/5.0 (Macintosh; Intel Mac OS X 10.6; rv:10.0) Gecko/20100101 Firefox/10.0"
67.194.21.218 - - [17/Sep/2012:11:36:29 -0400] "GET /cosign/valid?cosign-www.gradecraft.com=2SSKgmEgTYSeqyT4xUUqoKKYG4DMmUQR99DaxFq4J+F30hK7ai4I+i2WNzLfLcal0xw5mCRjoyDxAeWCwHT0oQQwBYHFjNiFZhr3waElc3S4kZ8DAaKBHlRk6EB+&https://www.gradecraft.com/dashboard HTTP/1.1" 301 865 "https://weblogin.umich.edu/?cosign-www.gradecraft.com&https://www.gradecraft.com/dashboard" "Mozilla/4.0 (compatible; MSIE 8.0; Windows NT 6.1; WOW64; Trident/4.0; GTB7.4; SLCC2; .NET CLR 2.0.50727; .NET CLR 3.5.30729; .NET CLR 3.0.30729; Media Center PC 6.0; MDDR; .NET4.0C; InfoPath.3; BRI/1; AskTbORJ/5.15.1.22229; BRI/2)"
67.194.14.79 - rhwarner [17/Sep/2012:11:36:29 -0400] "GET /badges/pos101/times_immemorial.png HTTP/1.1" 200 5722 "https://www.gradecraft.com/badges" "Mozilla/5.0 (Macintosh; Intel Mac OS X 10.6; rv:10.0) Gecko/20100101 Firefox/10.0"
67.194.21.218 - abarbacc [17/Sep/2012:11:36:29 -0400] "GET /dashboard HTTP/1.1" 302 1336 "https://weblogin.umich.edu/?cosign-www.gradecraft.com&https://www.gradecraft.com/dashboard" "Mozilla/4.0 (compatible; MSIE 8.0; Windows NT 6.1; WOW64; Trident/4.0; GTB7.4; SLCC2; .NET CLR 2.0.50727; .NET CLR 3.5.30729; .NET CLR 3.0.30729; Media Center PC 6.0; MDDR; .NET4.0C; InfoPath.3; BRI/1; AskTbORJ/5.15.1.22229; BRI/2)"
67.194.21.218 - abarbacc [17/Sep/2012:11:36:29 -0400] "GET /dashboard HTTP/1.1" 200 3909 "https://weblogin.umich.edu/?cosign-www.gradecraft.com&https://www.gradecraft.com/dashboard" "Mozilla/4.0 (compatible; MSIE 8.0; Windows NT 6.1; WOW64; Trident/4.0; GTB7.4; SLCC2; .NET CLR 2.0.50727; .NET CLR 3.5.30729; .NET CLR 3.0.30729; Media Center PC 6.0; MDDR; .NET4.0C; InfoPath.3; BRI/1; AskTbORJ/5.15.1.22229; BRI/2)"
67.194.21.218 - abarbacc [17/Sep/2012:11:36:29 -0400] "GET /assets/application-00253241250260a29e421ba336543d92.css HTTP/1.1" 304 238 "https://www.gradecraft.com/dashboard" "Mozilla/4.0 (compatible; MSIE 8.0; Windows NT 6.1; WOW64; Trident/4.0; GTB7.4; SLCC2; .NET CLR 2.0.50727; .NET CLR 3.5.30729; .NET CLR 3.0.30729; Media Center PC 6.0; MDDR; .NET4.0C; InfoPath.3; BRI/1; AskTbORJ/5.15.1.22229; BRI/2)"
67.194.14.79 - rhwarner [17/Sep/2012:11:36:29 -0400] "GET /badges/pos101/concentrator.png HTTP/1.1" 200 3739 "https://www.gradecraft.com/badges" "Mozilla/5.0 (Macintosh; Intel Mac OS X 10.6; rv:10.0) Gecko/20100101 Firefox/10.0"
67.194.14.79 - rhwarner [17/Sep/2012:11:36:29 -0400] "GET /badges/pos101/teachers_pet.png HTTP/1.1" 200 3339 "https://www.gradecraft.com/badges" "Mozilla/5.0 (Macintosh; Intel Mac OS X 10.6; rv:10.0) Gecko/20100101 Firefox/10.0"
67.194.14.79 - rhwarner [17/Sep/2012:11:36:29 -0400] "GET /badges/pos101/presentation_of_self.png HTTP/1.1" 200 5643 "https://www.gradecraft.com/badges" "Mozilla/5.0 (Macintosh; Intel Mac OS X 10.6; rv:10.0) Gecko/20100101 Firefox/10.0"
67.194.14.79 - rhwarner [17/Sep/2012:11:36:29 -0400] "GET /badges/pos101/great_critic.png HTTP/1.1" 200 5451 "https://www.gradecraft.com/badges" "Mozilla/5.0 (Macintosh; Intel Mac OS X 10.6; rv:10.0) Gecko/20100101 Firefox/10.0"
67.194.21.218 - abarbacc [17/Sep/2012:11:36:29 -0400] "GET /uploads/theme/filename/3/cyborg.min.css HTTP/1.1" 304 236 "https://www.gradecraft.com/dashboard" "Mozilla/4.0 (compatible; MSIE 8.0; Windows NT 6.1; WOW64; Trident/4.0; GTB7.4; SLCC2; .NET CLR 2.0.50727; .NET CLR 3.5.30729; .NET CLR 3.0.30729; Media Center PC 6.0; MDDR; .NET4.0C; InfoPath.3; BRI/1; AskTbORJ/5.15.1.22229; BRI/2)"
67.194.21.218 - abarbacc [17/Sep/2012:11:36:29 -0400] "GET /assets/application-4ce0ae23744168912769066ef11545d8.js HTTP/1.1" 304 238 "https://www.gradecraft.com/dashboard" "Mozilla/4.0 (compatible; MSIE 8.0; Windows NT 6.1; WOW64; Trident/4.0; GTB7.4; SLCC2; .NET CLR 2.0.50727; .NET CLR 3.5.30729; .NET CLR 3.0.30729; Media Center PC 6.0; MDDR; .NET4.0C; InfoPath.3; BRI/1; AskTbORJ/5.15.1.22229; BRI/2)"
67.194.21.218 - abarbacc [17/Sep/2012:11:36:29 -0400] "GET /assets/fontawesome-webfont.eot? HTTP/1.1" 304 214 "https://www.gradecraft.com/dashboard" "Mozilla/4.0 (compatible; MSIE 8.0; Windows NT 6.1; WOW64; Trident/4.0; GTB7.4; SLCC2; .NET CLR 2.0.50727; .NET CLR 3.5.30729; .NET CLR 3.0.30729; Media Center PC 6.0; MDDR; .NET4.0C; InfoPath.3; BRI/1; AskTbORJ/5.15.1.22229; BRI/2)"
67.194.21.153 - allicope [17/Sep/2012:11:36:30 -0400] "POST /assignments/28/grades/self_log_create HTTP/1.1" 302 1636 "https://www.gradecraft.com/assignments/28/grades/self_log?gradeable_id=124&gradeable_type=User" "Mozilla/5.0 (Macintosh; Intel Mac OS X 10_7_4) AppleWebKit/536.25 (KHTML, like Gecko) Version/6.0 Safari/536.25"
67.194.21.153 - allicope [17/Sep/2012:11:36:30 -0400] "GET /dashboard HTTP/1.1" 200 4148 "https://www.gradecraft.com/assignments/28/grades/self_log?gradeable_id=124&gradeable_type=User" "Mozilla/5.0 (Macintosh; Intel Mac OS X 10_7_4) AppleWebKit/536.25 (KHTML, like Gecko) Version/6.0 Safari/536.25"
67.194.21.153 - allicope [17/Sep/2012:11:36:30 -0400] "GET /users/predictor.json?user_id=124 HTTP/1.1" 200 1716 "https://www.gradecraft.com/dashboard" "Mozilla/5.0 (Macintosh; Intel Mac OS X 10_7_4) AppleWebKit/536.25 (KHTML, like Gecko) Version/6.0 Safari/536.25"
67.194.21.153 - allicope [17/Sep/2012:11:36:30 -0400] "GET /users/predictor.json?in_progress=true&user_id=124 HTTP/1.1" 200 1578 "https://www.gradecraft.com/dashboard" "Mozilla/5.0 (Macintosh; Intel Mac OS X 10_7_4) AppleWebKit/536.25 (KHTML, like Gecko) Version/6.0 Safari/536.25"
67.194.31.50 - doksuz [17/Sep/2012:11:36:32 -0400] "GET /assignments/28/grades/self_log?gradeable_id=156&gradeable_type=User HTTP/1.1" 200 2740 "https://www.gradecraft.com/" "Mozilla/5.0 (Windows NT 6.1; WOW64) AppleWebKit/537.1 (KHTML, like Gecko) Chrome/21.0.1180.89 Safari/537.1"
67.194.21.218 - - [17/Sep/2012:11:36:33 -0400] "GET /favicon.ico HTTP/1.1" 302 3254 "-" "Mozilla/4.0 (compatible; MSIE 8.0; Windows NT 6.1; WOW64; Trident/4.0; GTB7.4; SLCC2; .NET CLR 2.0.50727; .NET CLR 3.5.30729; .NET CLR 3.0.30729; Media Center PC 6.0; MDDR; .NET4.0C; InfoPath.3; BRI/1; AskTbORJ/5.15.1.22229; BRI/2)"
67.194.21.218 - abarbacc [17/Sep/2012:11:36:33 -0400] "GET /users/predictor.json?in_progress=true&user_id=142 HTTP/1.1" 200 1563 "https://www.gradecraft.com/dashboard" "Mozilla/4.0 (compatible; MSIE 8.0; Windows NT 6.1; WOW64; Trident/4.0; GTB7.4; SLCC2; .NET CLR 2.0.50727; .NET CLR 3.5.30729; .NET CLR 3.0.30729; Media Center PC 6.0; MDDR; .NET4.0C; InfoPath.3; BRI/1; AskTbORJ/5.15.1.22229; BRI/2)"
67.194.21.218 - abarbacc [17/Sep/2012:11:36:33 -0400] "GET /users/predictor.json?user_id=142 HTTP/1.1" 200 1722 "https://www.gradecraft.com/dashboard" "Mozilla/4.0 (compatible; MSIE 8.0; Windows NT 6.1; WOW64; Trident/4.0; GTB7.4; SLCC2; .NET CLR 2.0.50727; .NET CLR 3.5.30729; .NET CLR 3.0.30729; Media Center PC 6.0; MDDR; .NET4.0C; InfoPath.3; BRI/1; AskTbORJ/5.15.1.22229; BRI/2)"
67.194.3.33 - - [17/Sep/2012:11:36:34 -0400] "GET /cosign/valid?cosign-www.gradecraft.com=2sZYaRqUdEJwfyQf6I4Mtj5kZS1mjuKP4LWfSBwt6WbEEq5576u1KU2Peb2oUGeGfkNFlhInOcE62G3mGMkM4zEO-ZaKFpbDnHe6UNCqVY9b1kv0kSMyPNDsXVsQ&https://www.gradecraft.com/ HTTP/1.1" 301 868 "https://weblogin.umich.edu/?cosign-www.gradecraft.com&https://www.gradecraft.com/" "Mozilla/5.0 (Macintosh; Intel Mac OS X 10_7_2) AppleWebKit/534.52.7 (KHTML, like Gecko) Version/5.1.2 Safari/534.52.7"
67.194.3.33 - jbgolden [17/Sep/2012:11:36:34 -0400] "GET / HTTP/1.1" 302 1524 "https://weblogin.umich.edu/?cosign-www.gradecraft.com&https://www.gradecraft.com/" "Mozilla/5.0 (Macintosh; Intel Mac OS X 10_7_2) AppleWebKit/534.52.7 (KHTML, like Gecko) Version/5.1.2 Safari/534.52.7"
67.194.3.33 - jbgolden [17/Sep/2012:11:36:34 -0400] "GET /dashboard HTTP/1.1" 200 4030 "https://weblogin.umich.edu/?cosign-www.gradecraft.com&https://www.gradecraft.com/" "Mozilla/5.0 (Macintosh; Intel Mac OS X 10_7_2) AppleWebKit/534.52.7 (KHTML, like Gecko) Version/5.1.2 Safari/534.52.7"
67.194.3.33 - jbgolden [17/Sep/2012:11:36:35 -0400] "GET /users/predictor.json?in_progress=true&user_id=88 HTTP/1.1" 304 869 "https://www.gradecraft.com/dashboard" "Mozilla/5.0 (Macintosh; Intel Mac OS X 10_7_2) AppleWebKit/534.52.7 (KHTML, like Gecko) Version/5.1.2 Safari/534.52.7"
67.194.3.33 - jbgolden [17/Sep/2012:11:36:35 -0400] "GET /users/predictor.json?user_id=88 HTTP/1.1" 304 1007 "https://www.gradecraft.com/dashboard" "Mozilla/5.0 (Macintosh; Intel Mac OS X 10_7_2) AppleWebKit/534.52.7 (KHTML, like Gecko) Version/5.1.2 Safari/534.52.7"
67.194.118.17 - - [17/Sep/2012:11:36:36 -0400] "GET / HTTP/1.1" 302 3984 "-" "Mozilla/5.0 (Macintosh; Intel Mac OS X 10_8_0) AppleWebKit/537.1 (KHTML, like Gecko) Chrome/21.0.1180.89 Safari/537.1"
67.194.31.50 - doksuz [17/Sep/2012:11:36:37 -0400] "POST /assignments/28/grades/self_log_create HTTP/1.1" 302 1636 "https://www.gradecraft.com/assignments/28/grades/self_log?gradeable_id=156&gradeable_type=User" "Mozilla/5.0 (Windows NT 6.1; WOW64) AppleWebKit/537.1 (KHTML, like Gecko) Chrome/21.0.1180.89 Safari/537.1"
67.194.31.50 - doksuz [17/Sep/2012:11:36:37 -0400] "GET /dashboard HTTP/1.1" 200 4164 "https://www.gradecraft.com/assignments/28/grades/self_log?gradeable_id=156&gradeable_type=User" "Mozilla/5.0 (Windows NT 6.1; WOW64) AppleWebKit/537.1 (KHTML, like Gecko) Chrome/21.0.1180.89 Safari/537.1"
67.194.31.50 - doksuz [17/Sep/2012:11:36:38 -0400] "GET /users/predictor.json?user_id=156 HTTP/1.1" 200 1562 "https://www.gradecraft.com/dashboard" "Mozilla/5.0 (Windows NT 6.1; WOW64) AppleWebKit/537.1 (KHTML, like Gecko) Chrome/21.0.1180.89 Safari/537.1"
67.194.31.50 - doksuz [17/Sep/2012:11:36:38 -0400] "GET /users/predictor.json?in_progress=true&user_id=156 HTTP/1.1" 200 1562 "https://www.gradecraft.com/dashboard" "Mozilla/5.0 (Windows NT 6.1; WOW64) AppleWebKit/537.1 (KHTML, like Gecko) Chrome/21.0.1180.89 Safari/537.1"
67.194.88.6 - lidavid [17/Sep/2012:11:36:39 -0400] "POST /assignments/28/grades/self_log_create HTTP/1.1" 302 1781 "https://www.gradecraft.com/assignments/28/grades/self_log?gradeable_id=346&gradeable_type=User" "Mozilla/5.0 (Macintosh; Intel Mac OS X 10_8_1) AppleWebKit/536.25 (KHTML, like Gecko) Version/6.0 Safari/536.25"
67.194.88.6 - lidavid [17/Sep/2012:11:36:39 -0400] "GET /dashboard HTTP/1.1" 200 4132 "https://www.gradecraft.com/assignments/28/grades/self_log?gradeable_id=346&gradeable_type=User" "Mozilla/5.0 (Macintosh; Intel Mac OS X 10_8_1) AppleWebKit/536.25 (KHTML, like Gecko) Version/6.0 Safari/536.25"
67.194.88.6 - lidavid [17/Sep/2012:11:36:40 -0400] "GET /users/predictor.json?user_id=346 HTTP/1.1" 200 1707 "https://www.gradecraft.com/dashboard" "Mozilla/5.0 (Macintosh; Intel Mac OS X 10_8_1) AppleWebKit/536.25 (KHTML, like Gecko) Version/6.0 Safari/536.25"
67.194.88.6 - lidavid [17/Sep/2012:11:36:40 -0400] "GET /users/predictor.json?in_progress=true&user_id=346 HTTP/1.1" 200 1562 "https://www.gradecraft.com/dashboard" "Mozilla/5.0 (Macintosh; Intel Mac OS X 10_8_1) AppleWebKit/536.25 (KHTML, like Gecko) Version/6.0 Safari/536.25"
67.194.94.27 - - [17/Sep/2012:11:36:42 -0400] "GET /dashboard HTTP/1.1" 302 3785 "-" "Mozilla/5.0 (Linux; U; Android 2.2.1; en-us; SGH-T959V Build/FROYO) AppleWebKit/533.1 (KHTML, like Gecko) Version/4.0 Mobile Safari/533.1"
67.194.14.79 - rhwarner [17/Sep/2012:11:36:42 -0400] "GET /dashboard HTTP/1.1" 200 3892 "https://www.gradecraft.com/badges" "Mozilla/5.0 (Macintosh; Intel Mac OS X 10.6; rv:10.0) Gecko/20100101 Firefox/10.0"
67.194.14.79 - rhwarner [17/Sep/2012:11:36:43 -0400] "GET /users/predictor.json?in_progress=true&user_id=120 HTTP/1.1" 304 869 "https://www.gradecraft.com/dashboard" "Mozilla/5.0 (Macintosh; Intel Mac OS X 10.6; rv:10.0) Gecko/20100101 Firefox/10.0"
67.194.14.79 - rhwarner [17/Sep/2012:11:36:43 -0400] "GET /users/predictor.json?user_id=120 HTTP/1.1" 304 869 "https://www.gradecraft.com/dashboard" "Mozilla/5.0 (Macintosh; Intel Mac OS X 10.6; rv:10.0) Gecko/20100101 Firefox/10.0"
67.194.21.218 - abarbacc [17/Sep/2012:11:36:43 -0400] "GET /assignments/28/grades/self_log?gradeable_id=142&gradeable_type=User HTTP/1.1" 200 2729 "https://www.gradecraft.com/dashboard" "Mozilla/4.0 (compatible; MSIE 8.0; Windows NT 6.1; WOW64; Trident/4.0; GTB7.4; SLCC2; .NET CLR 2.0.50727; .NET CLR 3.5.30729; .NET CLR 3.0.30729; Media Center PC 6.0; MDDR; .NET4.0C; InfoPath.3; BRI/1; AskTbORJ/5.15.1.22229; BRI/2)"
67.194.118.17 - - [17/Sep/2012:11:36:43 -0400] "GET /cosign/valid?cosign-www.gradecraft.com=PTjqqEGCBfVZYdLHmT-c1g7k0VOQ6AvcUroh1QBAg1DKbY54XptcLeA-E8-3a08B1xh4Hg5xpioTqU5CpN+Dp-uc9GNhSE4i+fHKbS3S-qjr6PiwMuFx7YwvUXAf&https://www.gradecraft.com/ HTTP/1.1" 301 868 "https://weblogin.umich.edu/?cosign-www.gradecraft.com&https://www.gradecraft.com/" "Mozilla/5.0 (Macintosh; Intel Mac OS X 10_8_0) AppleWebKit/537.1 (KHTML, like Gecko) Chrome/21.0.1180.89 Safari/537.1"
67.194.118.17 - bsees [17/Sep/2012:11:36:43 -0400] "GET / HTTP/1.1" 200 3940 "https://weblogin.umich.edu/?cosign-www.gradecraft.com&https://www.gradecraft.com/" "Mozilla/5.0 (Macintosh; Intel Mac OS X 10_8_0) AppleWebKit/537.1 (KHTML, like Gecko) Chrome/21.0.1180.89 Safari/537.1"
67.194.21.218 - - [17/Sep/2012:11:36:44 -0400] "GET /favicon.ico HTTP/1.1" 302 742 "-" "Mozilla/4.0 (compatible; MSIE 8.0; Windows NT 6.1; WOW64; Trident/4.0; GTB7.4; SLCC2; .NET CLR 2.0.50727; .NET CLR 3.5.30729; .NET CLR 3.0.30729; Media Center PC 6.0; MDDR; .NET4.0C; InfoPath.3; BRI/1; AskTbORJ/5.15.1.22229; BRI/2)"
67.194.118.17 - bsees [17/Sep/2012:11:36:44 -0400] "GET /uploads/theme/filename/3/cyborg.min.css HTTP/1.1" 200 19621 "https://www.gradecraft.com/" "Mozilla/5.0 (Macintosh; Intel Mac OS X 10_8_0) AppleWebKit/537.1 (KHTML, like Gecko) Chrome/21.0.1180.89 Safari/537.1"
67.194.118.17 - bsees [17/Sep/2012:11:36:44 -0400] "GET /assets/application-00253241250260a29e421ba336543d92.css HTTP/1.1" 200 46253 "https://www.gradecraft.com/" "Mozilla/5.0 (Macintosh; Intel Mac OS X 10_8_0) AppleWebKit/537.1 (KHTML, like Gecko) Chrome/21.0.1180.89 Safari/537.1"
67.194.118.17 - bsees [17/Sep/2012:11:36:44 -0400] "GET /assets/application-4ce0ae23744168912769066ef11545d8.js HTTP/1.1" 200 138998 "https://www.gradecraft.com/" "Mozilla/5.0 (Macintosh; Intel Mac OS X 10_8_0) AppleWebKit/537.1 (KHTML, like Gecko) Chrome/21.0.1180.89 Safari/537.1"
67.194.118.17 - bsees [17/Sep/2012:11:36:45 -0400] "GET /users/predictor.json?user_id=176 HTTP/1.1" 200 1578 "https://www.gradecraft.com/" "Mozilla/5.0 (Macintosh; Intel Mac OS X 10_8_0) AppleWebKit/537.1 (KHTML, like Gecko) Chrome/21.0.1180.89 Safari/537.1"
67.194.20.4 - - [17/Sep/2012:11:36:45 -0400] "GET /dashboard HTTP/1.1" 302 3789 "-" "Mozilla/5.0 (Macintosh; Intel Mac OS X 10_8_0) AppleWebKit/537.1 (KHTML, like Gecko) Chrome/21.0.1180.89 Safari/537.1"
67.194.118.17 - bsees [17/Sep/2012:11:36:45 -0400] "GET /users/predictor.json?in_progress=true&user_id=176 HTTP/1.1" 200 1578 "https://www.gradecraft.com/" "Mozilla/5.0 (Macintosh; Intel Mac OS X 10_8_0) AppleWebKit/537.1 (KHTML, like Gecko) Chrome/21.0.1180.89 Safari/537.1"
67.194.82.83 - - [17/Sep/2012:11:36:46 -0400] "GET / HTTP/1.1" 302 3259 "-" "Mozilla/5.0 (iPhone; CPU iPhone OS 5_1_1 like Mac OS X) AppleWebKit/534.46 (KHTML, like Gecko) Version/5.1 Mobile/9B206 Safari/7534.48.3"
67.194.10.197 - jcbelt [17/Sep/2012:11:36:48 -0400] "GET /users/edit_profile HTTP/1.1" 200 3344 "https://www.gradecraft.com/dashboard" "Mozilla/5.0 (compatible; MSIE 9.0; Windows NT 6.1; WOW64; Trident/5.0)"
67.194.90.200 - cchegash [17/Sep/2012:11:36:50 -0400] "GET /using_gradecraft HTTP/1.1" 200 2766 "https://www.gradecraft.com/dashboard" "Mozilla/5.0 (Macintosh; Intel Mac OS X 10_7_4) AppleWebKit/536.25 (KHTML, like Gecko) Version/6.0 Safari/536.25"
67.194.21.218 - abarbacc [17/Sep/2012:11:36:51 -0400] "POST /assignments/28/grades/self_log_create HTTP/1.1" 302 1635 "https://www.gradecraft.com/assignments/28/grades/self_log?gradeable_id=142&gradeable_type=User" "Mozilla/4.0 (compatible; MSIE 8.0; Windows NT 6.1; WOW64; Trident/4.0; GTB7.4; SLCC2; .NET CLR 2.0.50727; .NET CLR 3.5.30729; .NET CLR 3.0.30729; Media Center PC 6.0; MDDR; .NET4.0C; InfoPath.3; BRI/1; AskTbORJ/5.15.1.22229; BRI/2)"
67.194.18.159 - - [17/Sep/2012:11:36:51 -0400] "GET / HTTP/1.1" 302 901 "-" "Mozilla/5.0 (Macintosh; Intel Mac OS X 10_8_1) AppleWebKit/536.25 (KHTML, like Gecko) Version/6.0 Safari/536.25"
67.194.21.218 - abarbacc [17/Sep/2012:11:36:51 -0400] "GET /dashboard HTTP/1.1" 200 4160 "https://www.gradecraft.com/assignments/28/grades/self_log?gradeable_id=142&gradeable_type=User" "Mozilla/4.0 (compatible; MSIE 8.0; Windows NT 6.1; WOW64; Trident/4.0; GTB7.4; SLCC2; .NET CLR 2.0.50727; .NET CLR 3.5.30729; .NET CLR 3.0.30729; Media Center PC 6.0; MDDR; .NET4.0C; InfoPath.3; BRI/1; AskTbORJ/5.15.1.22229; BRI/2)"
67.194.2.213 - duncsmit [17/Sep/2012:11:36:51 -0400] "GET /assignments/28/grades/self_log?gradeable_id=237&gradeable_type=User HTTP/1.1" 200 2885 "https://www.gradecraft.com/dashboard" "Mozilla/5.0 (Windows NT 6.1; WOW64; rv:15.0) Gecko/20100101 Firefox/15.0.1"
67.194.118.17 - bsees [17/Sep/2012:11:36:51 -0400] "GET /assignments/28/grades/self_log?gradeable_id=176&gradeable_type=User HTTP/1.1" 200 2740 "https://www.gradecraft.com/" "Mozilla/5.0 (Macintosh; Intel Mac OS X 10_8_0) AppleWebKit/537.1 (KHTML, like Gecko) Chrome/21.0.1180.89 Safari/537.1"
67.194.20.4 - - [17/Sep/2012:11:36:51 -0400] "GET /cosign/valid?cosign-www.gradecraft.com=EC-ax1ryg2Q++zkAiRu5eAbICi2oJVX3rk-KjGgqlZPQkaafcGy154IJqmY-yXxEwg88kseNRy6lyXI925IHyf9OZgwHwbZO42-KQNVnP5NSmFb+3B9N4WD3XY-l&https://www.gradecraft.com/dashboard HTTP/1.1" 301 900 "https://weblogin.umich.edu/?cosign-www.gradecraft.com&https://www.gradecraft.com/dashboard" "Mozilla/5.0 (Macintosh; Intel Mac OS X 10_8_0) AppleWebKit/537.1 (KHTML, like Gecko) Chrome/21.0.1180.89 Safari/537.1"
35.0.91.59 - - [17/Sep/2012:11:36:51 -0400] "GET / HTTP/1.1" 302 901 "-" "Mozilla/5.0 (Macintosh; Intel Mac OS X 10_7_4) AppleWebKit/537.1 (KHTML, like Gecko) Chrome/21.0.1180.89 Safari/537.1"
35.0.91.59 - - [17/Sep/2012:11:36:51 -0400] "GET /cosign/valid?cosign-www.gradecraft.com=snGeFtA20JES9oAPTv5ynyUqAdMrVc0Klk1EXvePhPEkXnDrRIMKEXLnXZn5WgSdlVu+0vcyQWJgKTR845M03rQF0htfhKbtM9P9YwhAx2uwPsG3CqNYUh59a3GU&https://gradecraft.com/ HTTP/1.1" 301 885 "-" "Mozilla/5.0 (Macintosh; Intel Mac OS X 10_7_4) AppleWebKit/537.1 (KHTML, like Gecko) Chrome/21.0.1180.89 Safari/537.1"
67.194.20.4 - lkorten [17/Sep/2012:11:36:51 -0400] "GET /dashboard HTTP/1.1" 200 3892 "https://weblogin.umich.edu/?cosign-www.gradecraft.com&https://www.gradecraft.com/dashboard" "Mozilla/5.0 (Macintosh; Intel Mac OS X 10_8_0) AppleWebKit/537.1 (KHTML, like Gecko) Chrome/21.0.1180.89 Safari/537.1"
67.194.20.4 - lkorten [17/Sep/2012:11:36:52 -0400] "GET /users/predictor.json?user_id=132 HTTP/1.1" 304 3902 "https://www.gradecraft.com/dashboard" "Mozilla/5.0 (Macintosh; Intel Mac OS X 10_8_0) AppleWebKit/537.1 (KHTML, like Gecko) Chrome/21.0.1180.89 Safari/537.1"
67.194.20.4 - lkorten [17/Sep/2012:11:36:52 -0400] "GET /users/predictor.json?in_progress=true&user_id=132 HTTP/1.1" 304 869 "https://www.gradecraft.com/dashboard" "Mozilla/5.0 (Macintosh; Intel Mac OS X 10_8_0) AppleWebKit/537.1 (KHTML, like Gecko) Chrome/21.0.1180.89 Safari/537.1"
67.194.21.218 - abarbacc [17/Sep/2012:11:36:54 -0400] "GET /users/predictor.json?user_id=142 HTTP/1.1" 200 1722 "https://www.gradecraft.com/dashboard" "Mozilla/4.0 (compatible; MSIE 8.0; Windows NT 6.1; WOW64; Trident/4.0; GTB7.4; SLCC2; .NET CLR 2.0.50727; .NET CLR 3.5.30729; .NET CLR 3.0.30729; Media Center PC 6.0; MDDR; .NET4.0C; InfoPath.3; BRI/1; AskTbORJ/5.15.1.22229; BRI/2)"
67.194.21.218 - abarbacc [17/Sep/2012:11:36:54 -0400] "GET /users/predictor.json?in_progress=true&user_id=142 HTTP/1.1" 200 1563 "https://www.gradecraft.com/dashboard" "Mozilla/4.0 (compatible; MSIE 8.0; Windows NT 6.1; WOW64; Trident/4.0; GTB7.4; SLCC2; .NET CLR 2.0.50727; .NET CLR 3.5.30729; .NET CLR 3.0.30729; Media Center PC 6.0; MDDR; .NET4.0C; InfoPath.3; BRI/1; AskTbORJ/5.15.1.22229; BRI/2)"
67.194.118.17 - bsees [17/Sep/2012:11:36:54 -0400] "POST /assignments/28/grades/self_log_create HTTP/1.1" 302 1636 "https://www.gradecraft.com/assignments/28/grades/self_log?gradeable_id=176&gradeable_type=User" "Mozilla/5.0 (Macintosh; Intel Mac OS X 10_8_0) AppleWebKit/537.1 (KHTML, like Gecko) Chrome/21.0.1180.89 Safari/537.1"
67.194.118.17 - bsees [17/Sep/2012:11:36:54 -0400] "GET /dashboard HTTP/1.1" 200 4180 "https://www.gradecraft.com/assignments/28/grades/self_log?gradeable_id=176&gradeable_type=User" "Mozilla/5.0 (Macintosh; Intel Mac OS X 10_8_0) AppleWebKit/537.1 (KHTML, like Gecko) Chrome/21.0.1180.89 Safari/537.1"
67.194.118.17 - bsees [17/Sep/2012:11:36:55 -0400] "GET /users/predictor.json?user_id=176 HTTP/1.1" 200 1578 "https://www.gradecraft.com/dashboard" "Mozilla/5.0 (Macintosh; Intel Mac OS X 10_8_0) AppleWebKit/537.1 (KHTML, like Gecko) Chrome/21.0.1180.89 Safari/537.1"
67.194.118.17 - bsees [17/Sep/2012:11:36:55 -0400] "GET /users/predictor.json?in_progress=true&user_id=176 HTTP/1.1" 200 1578 "https://www.gradecraft.com/dashboard" "Mozilla/5.0 (Macintosh; Intel Mac OS X 10_8_0) AppleWebKit/537.1 (KHTML, like Gecko) Chrome/21.0.1180.89 Safari/537.1"
67.194.18.159 - - [17/Sep/2012:11:36:55 -0400] "GET /cosign/valid?cosign-www.gradecraft.com=5nJR7E++-UwQLdo6RU6e7GfLZxyZRB2s9mwJPXKYjvsHb-w6fylxP2aW1ZMaLTZUFoNKR6U6Te03sUThLa1S6x3I7jhn5rtyIi0+cTBYSzsUDTzFbPy3wqa6zteH&https://gradecraft.com/ HTTP/1.1" 301 885 "https://weblogin.umich.edu/?cosign-www.gradecraft.com&https://gradecraft.com/" "Mozilla/5.0 (Macintosh; Intel Mac OS X 10_8_1) AppleWebKit/536.25 (KHTML, like Gecko) Version/6.0 Safari/536.25"
67.194.2.213 - duncsmit [17/Sep/2012:11:36:56 -0400] "POST /assignments/28/grades/self_log_create HTTP/1.1" 302 1636 "https://www.gradecraft.com/assignments/28/grades/self_log?gradeable_id=237&gradeable_type=User" "Mozilla/5.0 (Windows NT 6.1; WOW64; rv:15.0) Gecko/20100101 Firefox/15.0.1"
67.194.2.213 - duncsmit [17/Sep/2012:11:36:56 -0400] "GET /dashboard HTTP/1.1" 200 4180 "https://www.gradecraft.com/assignments/28/grades/self_log?gradeable_id=237&gradeable_type=User" "Mozilla/5.0 (Windows NT 6.1; WOW64; rv:15.0) Gecko/20100101 Firefox/15.0.1"
67.194.25.29 - - [17/Sep/2012:11:36:57 -0400] "GET /dashboard HTTP/1.1" 302 3801 "-" "Mozilla/5.0 (Windows NT 6.1; WOW64; rv:15.0) Gecko/20100101 Firefox/15.0.1"
67.194.10.197 - jcbelt [17/Sep/2012:11:36:58 -0400] "GET / HTTP/1.1" 200 4028 "https://www.gradecraft.com/users/edit_profile" "Mozilla/5.0 (compatible; MSIE 9.0; Windows NT 6.1; WOW64; Trident/5.0)"
67.194.2.213 - duncsmit [17/Sep/2012:11:36:58 -0400] "GET /users/predictor.json?in_progress=true&user_id=237 HTTP/1.1" 200 1578 "https://www.gradecraft.com/dashboard" "Mozilla/5.0 (Windows NT 6.1; WOW64; rv:15.0) Gecko/20100101 Firefox/15.0.1"
67.194.2.213 - duncsmit [17/Sep/2012:11:36:58 -0400] "GET /users/predictor.json?user_id=237 HTTP/1.1" 200 1723 "https://www.gradecraft.com/dashboard" "Mozilla/5.0 (Windows NT 6.1; WOW64; rv:15.0) Gecko/20100101 Firefox/15.0.1"
67.194.10.197 - jcbelt [17/Sep/2012:11:36:58 -0400] "GET /users/predictor.json?in_progress=true&user_id=123 HTTP/1.1" 304 859 "https://www.gradecraft.com/" "Mozilla/5.0 (compatible; MSIE 9.0; Windows NT 6.1; WOW64; Trident/5.0)"
67.194.10.197 - jcbelt [17/Sep/2012:11:36:58 -0400] "GET /users/predictor.json?user_id=123 HTTP/1.1" 304 859 "https://www.gradecraft.com/" "Mozilla/5.0 (compatible; MSIE 9.0; Windows NT 6.1; WOW64; Trident/5.0)"
67.194.18.159 - - [17/Sep/2012:11:37:00 -0400] "GET / HTTP/1.1" 302 756 "-" "Mozilla/5.0 (Macintosh; Intel Mac OS X 10_8_1) AppleWebKit/536.25 (KHTML, like Gecko) Version/6.0 Safari/536.25"
67.194.18.159 - - [17/Sep/2012:11:37:00 -0400] "GET /cosign/valid?cosign-www.gradecraft.com=JMkHHEybx-kJr+DiW54swibDLz-6FnbSAG3f7stBVFgpe97RlYOaVksRWOD-9rtBmlmVI4oNkPccTj1iF4vsg6Fge-zDH67lwK5VDigDTD0KBX8x6L4eVvYvrpRS&https://gradecraft.com/ HTTP/1.1" 301 740 "-" "Mozilla/5.0 (Macintosh; Intel Mac OS X 10_8_1) AppleWebKit/536.25 (KHTML, like Gecko) Version/6.0 Safari/536.25"
35.0.90.190 - - [17/Sep/2012:11:37:00 -0400] "GET / HTTP/1.1" 302 3259 "-" "Mozilla/5.0 (iPhone; CPU iPhone OS 5_1_1 like Mac OS X) AppleWebKit/534.46 (KHTML, like Gecko) Version/5.1 Mobile/9B206 Safari/7534.48.3"
67.194.82.83 - - [17/Sep/2012:11:37:01 -0400] "GET /cosign/valid?cosign-www.gradecraft.com=OC26lphrWXOFMpACbyN7BCrs5Uq6RS8BqjGR6KUN4VNp5DsQLePYWMkCQeIXdvpOM0mC-HhupnMxMJS3gEmheQsZ+fycwhe42V5t9SvHouo0wz630gwC+HP1B--i&https://www.gradecraft.com/ HTTP/1.1" 301 1013 "https://weblogin.umich.edu/?cosign-www.gradecraft.com&https://www.gradecraft.com/" "Mozilla/5.0 (iPhone; CPU iPhone OS 5_1_1 like Mac OS X) AppleWebKit/534.46 (KHTML, like Gecko) Version/5.1 Mobile/9B206 Safari/7534.48.3"
67.194.82.83 - javiert [17/Sep/2012:11:37:01 -0400] "GET / HTTP/1.1" 302 1348 "https://weblogin.umich.edu/?cosign-www.gradecraft.com&https://www.gradecraft.com/" "Mozilla/5.0 (iPhone; CPU iPhone OS 5_1_1 like Mac OS X) AppleWebKit/534.46 (KHTML, like Gecko) Version/5.1 Mobile/9B206 Safari/7534.48.3"
67.194.82.83 - javiert [17/Sep/2012:11:37:01 -0400] "GET /dashboard HTTP/1.1" 200 3940 "https://weblogin.umich.edu/?cosign-www.gradecraft.com&https://www.gradecraft.com/" "Mozilla/5.0 (iPhone; CPU iPhone OS 5_1_1 like Mac OS X) AppleWebKit/534.46 (KHTML, like Gecko) Version/5.1 Mobile/9B206 Safari/7534.48.3"
67.194.82.83 - javiert [17/Sep/2012:11:37:02 -0400] "GET /assets/application-00253241250260a29e421ba336543d92.css HTTP/1.1" 200 46253 "https://www.gradecraft.com/dashboard" "Mozilla/5.0 (iPhone; CPU iPhone OS 5_1_1 like Mac OS X) AppleWebKit/534.46 (KHTML, like Gecko) Version/5.1 Mobile/9B206 Safari/7534.48.3"
67.194.82.83 - javiert [17/Sep/2012:11:37:02 -0400] "GET /uploads/theme/filename/3/cyborg.min.css HTTP/1.1" 200 16538 "https://www.gradecraft.com/dashboard" "Mozilla/5.0 (iPhone; CPU iPhone OS 5_1_1 like Mac OS X) AppleWebKit/534.46 (KHTML, like Gecko) Version/5.1 Mobile/9B206 Safari/7534.48.3"
67.194.82.83 - javiert [17/Sep/2012:11:37:02 -0400] "GET /assets/application-4ce0ae23744168912769066ef11545d8.js HTTP/1.1" 200 135770 "https://www.gradecraft.com/dashboard" "Mozilla/5.0 (iPhone; CPU iPhone OS 5_1_1 like Mac OS X) AppleWebKit/534.46 (KHTML, like Gecko) Version/5.1 Mobile/9B206 Safari/7534.48.3"
67.194.25.29 - - [17/Sep/2012:11:37:03 -0400] "GET /cosign/valid?cosign-www.gradecraft.com=UpJqdPTk+S-LGivEx04i9K4IycJdNwgSbSUZWQqT1Wk03l0mATPKbq-sYagyEh6byt2vMlBO9GmuaL5-va7HS2PBjvbxJbKnbcpe436TuwekJQ7cHeGFMpSh88M2&https://www.gradecraft.com/dashboard HTTP/1.1" 301 900 "https://weblogin.umich.edu/?cosign-www.gradecraft.com&https://www.gradecraft.com/dashboard" "Mozilla/5.0 (Windows NT 6.1; WOW64; rv:15.0) Gecko/20100101 Firefox/15.0.1"
67.194.25.29 - deebee [17/Sep/2012:11:37:03 -0400] "GET /dashboard HTTP/1.1" 302 1364 "https://weblogin.umich.edu/?cosign-www.gradecraft.com&https://www.gradecraft.com/dashboard" "Mozilla/5.0 (Windows NT 6.1; WOW64; rv:15.0) Gecko/20100101 Firefox/15.0.1"
67.194.25.29 - deebee [17/Sep/2012:11:37:04 -0400] "GET /dashboard HTTP/1.1" 200 4036 "https://weblogin.umich.edu/?cosign-www.gradecraft.com&https://www.gradecraft.com/dashboard" "Mozilla/5.0 (Windows NT 6.1; WOW64; rv:15.0) Gecko/20100101 Firefox/15.0.1"
67.194.25.29 - deebee [17/Sep/2012:11:37:04 -0400] "GET /assets/application-00253241250260a29e421ba336543d92.css HTTP/1.1" 304 245 "https://www.gradecraft.com/dashboard" "Mozilla/5.0 (Windows NT 6.1; WOW64; rv:15.0) Gecko/20100101 Firefox/15.0.1"
67.194.25.29 - deebee [17/Sep/2012:11:37:04 -0400] "GET /uploads/theme/filename/3/cyborg.min.css HTTP/1.1" 304 245 "https://www.gradecraft.com/dashboard" "Mozilla/5.0 (Windows NT 6.1; WOW64; rv:15.0) Gecko/20100101 Firefox/15.0.1"
67.194.25.29 - deebee [17/Sep/2012:11:37:04 -0400] "GET /assets/application-4ce0ae23744168912769066ef11545d8.js HTTP/1.1" 304 245 "https://www.gradecraft.com/dashboard" "Mozilla/5.0 (Windows NT 6.1; WOW64; rv:15.0) Gecko/20100101 Firefox/15.0.1"
67.194.25.29 - deebee [17/Sep/2012:11:37:05 -0400] "GET /users/predictor.json?in_progress=true&user_id=301 HTTP/1.1" 200 1594 "https://www.gradecraft.com/dashboard" "Mozilla/5.0 (Windows NT 6.1; WOW64; rv:15.0) Gecko/20100101 Firefox/15.0.1"
67.194.25.29 - deebee [17/Sep/2012:11:37:05 -0400] "GET /users/predictor.json?user_id=301 HTTP/1.1" 200 1755 "https://www.gradecraft.com/dashboard" "Mozilla/5.0 (Windows NT 6.1; WOW64; rv:15.0) Gecko/20100101 Firefox/15.0.1"
67.194.82.83 - javiert [17/Sep/2012:11:37:05 -0400] "GET /users/predictor.json?user_id=180 HTTP/1.1" 200 1578 "https://www.gradecraft.com/dashboard" "Mozilla/5.0 (iPhone; CPU iPhone OS 5_1_1 like Mac OS X) AppleWebKit/534.46 (KHTML, like Gecko) Version/5.1 Mobile/9B206 Safari/7534.48.3"
67.194.82.83 - javiert [17/Sep/2012:11:37:05 -0400] "GET /users/predictor.json?in_progress=true&user_id=180 HTTP/1.1" 200 1578 "https://www.gradecraft.com/dashboard" "Mozilla/5.0 (iPhone; CPU iPhone OS 5_1_1 like Mac OS X) AppleWebKit/534.46 (KHTML, like Gecko) Version/5.1 Mobile/9B206 Safari/7534.48.3"
67.194.118.17 - bsees [17/Sep/2012:11:37:06 -0400] "GET /users/predictor.json?user_id=176 HTTP/1.1" 304 1014 "https://www.gradecraft.com/dashboard" "Mozilla/5.0 (Macintosh; Intel Mac OS X 10_8_0) AppleWebKit/537.1 (KHTML, like Gecko) Chrome/21.0.1180.89 Safari/537.1"
67.194.118.17 - bsees [17/Sep/2012:11:37:06 -0400] "GET /users/predictor.json?in_progress=true&user_id=176 HTTP/1.1" 304 1014 "https://www.gradecraft.com/dashboard" "Mozilla/5.0 (Macintosh; Intel Mac OS X 10_8_0) AppleWebKit/537.1 (KHTML, like Gecko) Chrome/21.0.1180.89 Safari/537.1"
67.194.5.210 - - [17/Sep/2012:11:37:11 -0400] "GET / HTTP/1.1" 302 3920 "-" "Mozilla/5.0 (Macintosh; Intel Mac OS X 10_7_4) AppleWebKit/537.1 (KHTML, like Gecko) Chrome/21.0.1180.82 Safari/537.1"
35.0.90.190 - - [17/Sep/2012:11:37:13 -0400] "GET /cosign/valid?cosign-www.gradecraft.com=DbDpq0s0fmPdpuLhSrORPizkiOSIu6astpdkGo3sqQ1rcm-cCVGmXqFpKXBWtXvgR7CSpvkWj-NYe1GB8hjMZG1U0vm9Xa52VQL25SqiGMEirwm9DNMATcEAjYhe&https://gradecraft.com/ HTTP/1.1" 301 3243 "https://weblogin.umich.edu/?cosign-www.gradecraft.com&https://gradecraft.com/" "Mozilla/5.0 (iPhone; CPU iPhone OS 5_1_1 like Mac OS X) AppleWebKit/534.46 (KHTML, like Gecko) Version/5.1 Mobile/9B206 Safari/7534.48.3"
67.194.18.159 - - [17/Sep/2012:11:37:18 -0400] "GET / HTTP/1.1" 302 901 "https://sites.google.com/a/umich.edu/polsci101f2012/general-course-policies" "Mozilla/5.0 (Macintosh; Intel Mac OS X 10_8_1) AppleWebKit/536.25 (KHTML, like Gecko) Version/6.0 Safari/536.25"
67.194.18.159 - - [17/Sep/2012:11:37:18 -0400] "GET /cosign/valid?cosign-www.gradecraft.com=kBvdrVgi5hM+pCePgNjuGzGEPIXWfVsPaDNdXBNpNtqnPfHwqpRnVqk2HXgQFRhv156k2d6HDJbA1Rbb5yvkKMXHCwhPHcjgR3flD5iNJ2HyTvXHXF+iQNQ7lvU3&https://www.gradecraft.com/ HTTP/1.1" 301 868 "https://sites.google.com/a/umich.edu/polsci101f2012/general-course-policies" "Mozilla/5.0 (Macintosh; Intel Mac OS X 10_8_1) AppleWebKit/536.25 (KHTML, like Gecko) Version/6.0 Safari/536.25"
67.194.18.159 - linrmart [17/Sep/2012:11:37:18 -0400] "GET / HTTP/1.1" 302 1348 "https://sites.google.com/a/umich.edu/polsci101f2012/general-course-policies" "Mozilla/5.0 (Macintosh; Intel Mac OS X 10_8_1) AppleWebKit/536.25 (KHTML, like Gecko) Version/6.0 Safari/536.25"
67.194.5.210 - - [17/Sep/2012:11:37:18 -0400] "GET /cosign/valid?cosign-www.gradecraft.com=yABtNngIiE3y9aSKg5jFkTyff5Yt+QC1Fa+nTvEQl1ahXflcaczLAe-vrwnKPkdJI+6MDJdrH-gtXTDpbIc8hDubuXqY5iprmeNR2e2Rzi1mwc+0Q103X5g53jNu&https://www.gradecraft.com/ HTTP/1.1" 301 612 "https://weblogin.umich.edu/cosign-bin/cosign.cgi" "Mozilla/5.0 (Macintosh; Intel Mac OS X 10_7_4) AppleWebKit/537.1 (KHTML, like Gecko) Chrome/21.0.1180.82 Safari/537.1"
67.194.18.159 - linrmart [17/Sep/2012:11:37:18 -0400] "GET /dashboard HTTP/1.1" 200 3908 "https://sites.google.com/a/umich.edu/polsci101f2012/general-course-policies" "Mozilla/5.0 (Macintosh; Intel Mac OS X 10_8_1) AppleWebKit/536.25 (KHTML, like Gecko) Version/6.0 Safari/536.25"
67.194.18.159 - linrmart [17/Sep/2012:11:37:18 -0400] "GET /uploads/theme/filename/3/cyborg.min.css HTTP/1.1" 200 16393 "https://www.gradecraft.com/dashboard" "Mozilla/5.0 (Macintosh; Intel Mac OS X 10_8_1) AppleWebKit/536.25 (KHTML, like Gecko) Version/6.0 Safari/536.25"
67.194.18.159 - linrmart [17/Sep/2012:11:37:18 -0400] "GET /assets/application-00253241250260a29e421ba336543d92.css HTTP/1.1" 200 46398 "https://www.gradecraft.com/dashboard" "Mozilla/5.0 (Macintosh; Intel Mac OS X 10_8_1) AppleWebKit/536.25 (KHTML, like Gecko) Version/6.0 Safari/536.25"
67.194.18.159 - linrmart [17/Sep/2012:11:37:18 -0400] "GET /assets/application-4ce0ae23744168912769066ef11545d8.js HTTP/1.1" 200 135915 "https://www.gradecraft.com/dashboard" "Mozilla/5.0 (Macintosh; Intel Mac OS X 10_8_1) AppleWebKit/536.25 (KHTML, like Gecko) Version/6.0 Safari/536.25"
67.194.5.210 - cmmwood [17/Sep/2012:11:37:18 -0400] "GET / HTTP/1.1" 200 3476 "https://weblogin.umich.edu/cosign-bin/cosign.cgi" "Mozilla/5.0 (Macintosh; Intel Mac OS X 10_7_4) AppleWebKit/537.1 (KHTML, like Gecko) Chrome/21.0.1180.82 Safari/537.1"
67.194.5.210 - cmmwood [17/Sep/2012:11:37:18 -0400] "GET /assets/application-00253241250260a29e421ba336543d92.css HTTP/1.1" 200 45885 "https://www.gradecraft.com/" "Mozilla/5.0 (Macintosh; Intel Mac OS X 10_7_4) AppleWebKit/537.1 (KHTML, like Gecko) Chrome/21.0.1180.82 Safari/537.1"
67.194.5.210 - cmmwood [17/Sep/2012:11:37:18 -0400] "GET /uploads/theme/filename/3/cyborg.min.css HTTP/1.1" 200 16474 "https://www.gradecraft.com/" "Mozilla/5.0 (Macintosh; Intel Mac OS X 10_7_4) AppleWebKit/537.1 (KHTML, like Gecko) Chrome/21.0.1180.82 Safari/537.1"
67.194.5.210 - cmmwood [17/Sep/2012:11:37:19 -0400] "GET /assets/application-4ce0ae23744168912769066ef11545d8.js HTTP/1.1" 200 135931 "https://www.gradecraft.com/" "Mozilla/5.0 (Macintosh; Intel Mac OS X 10_7_4) AppleWebKit/537.1 (KHTML, like Gecko) Chrome/21.0.1180.82 Safari/537.1"
67.194.5.210 - cmmwood [17/Sep/2012:11:37:19 -0400] "GET /users/predictor.json?user_id=80 HTTP/1.1" 200 1114 "https://www.gradecraft.com/" "Mozilla/5.0 (Macintosh; Intel Mac OS X 10_7_4) AppleWebKit/537.1 (KHTML, like Gecko) Chrome/21.0.1180.82 Safari/537.1"
67.194.5.210 - cmmwood [17/Sep/2012:11:37:19 -0400] "GET /users/predictor.json?in_progress=true&user_id=80 HTTP/1.1" 200 1098 "https://www.gradecraft.com/" "Mozilla/5.0 (Macintosh; Intel Mac OS X 10_7_4) AppleWebKit/537.1 (KHTML, like Gecko) Chrome/21.0.1180.82 Safari/537.1"
67.194.18.159 - linrmart [17/Sep/2012:11:37:19 -0400] "GET /users/predictor.json?user_id=267 HTTP/1.1" 200 1578 "https://www.gradecraft.com/dashboard" "Mozilla/5.0 (Macintosh; Intel Mac OS X 10_8_1) AppleWebKit/536.25 (KHTML, like Gecko) Version/6.0 Safari/536.25"
67.194.18.159 - linrmart [17/Sep/2012:11:37:19 -0400] "GET /users/predictor.json?in_progress=true&user_id=267 HTTP/1.1" 200 1562 "https://www.gradecraft.com/dashboard" "Mozilla/5.0 (Macintosh; Intel Mac OS X 10_8_1) AppleWebKit/536.25 (KHTML, like Gecko) Version/6.0 Safari/536.25"
67.194.18.159 - linrmart [17/Sep/2012:11:37:19 -0400] "GET /-webkit-linear-gradient(top,%20rgb(6,%206,%206),%20rgb(37,%2042,%2048)) HTTP/1.1" 404 1044 "https://www.gradecraft.com/dashboard" "Mozilla/5.0 (Macintosh; Intel Mac OS X 10_8_1) AppleWebKit/536.25 (KHTML, like Gecko) Version/6.0 Safari/536.25"
67.194.29.11 - - [17/Sep/2012:11:37:22 -0400] "GET / HTTP/1.1" 302 3259 "https://sites.google.com/a/umich.edu/polsci101f2012/home" "Mozilla/5.0 (compatible; MSIE 9.0; Windows NT 6.1; WOW64; Trident/5.0)"
35.0.91.59 - - [17/Sep/2012:11:37:23 -0400] "GET / HTTP/1.1" 302 901 "-" "Mozilla/5.0 (Macintosh; Intel Mac OS X 10_7_4) AppleWebKit/537.1 (KHTML, like Gecko) Chrome/21.0.1180.89 Safari/537.1"
67.194.14.79 - rhwarner [17/Sep/2012:11:37:23 -0400] "GET / HTTP/1.1" 200 4037 "-" "Mozilla/5.0 (Macintosh; Intel Mac OS X 10.6; rv:10.0) Gecko/20100101 Firefox/10.0"
67.194.14.79 - rhwarner [17/Sep/2012:11:37:24 -0400] "GET /users/predictor.json?user_id=120 HTTP/1.1" 304 1014 "https://www.gradecraft.com/" "Mozilla/5.0 (Macintosh; Intel Mac OS X 10.6; rv:10.0) Gecko/20100101 Firefox/10.0"
67.194.14.79 - rhwarner [17/Sep/2012:11:37:24 -0400] "GET /users/predictor.json?in_progress=true&user_id=120 HTTP/1.1" 304 869 "https://www.gradecraft.com/" "Mozilla/5.0 (Macintosh; Intel Mac OS X 10.6; rv:10.0) Gecko/20100101 Firefox/10.0"
67.194.82.83 - javiert [17/Sep/2012:11:37:24 -0400] "GET /assignments/28/grades/self_log?gradeable_id=180&gradeable_type=User HTTP/1.1" 200 2885 "https://www.gradecraft.com/dashboard" "Mozilla/5.0 (iPhone; CPU iPhone OS 5_1_1 like Mac OS X) AppleWebKit/534.46 (KHTML, like Gecko) Version/5.1 Mobile/9B206 Safari/7534.48.3"
67.194.14.79 - rhwarner [17/Sep/2012:11:37:24 -0400] "GET / HTTP/1.1" 304 917 "-" "Mozilla/5.0 (Macintosh; Intel Mac OS X 10.6; rv:10.0) Gecko/20100101 Firefox/10.0"
67.194.18.159 - linrmart [17/Sep/2012:11:37:24 -0400] "GET /assignments/28/grades/self_log?gradeable_id=267&gradeable_type=User HTTP/1.1" 200 2740 "https://www.gradecraft.com/dashboard" "Mozilla/5.0 (Macintosh; Intel Mac OS X 10_8_1) AppleWebKit/536.25 (KHTML, like Gecko) Version/6.0 Safari/536.25"
67.194.18.159 - linrmart [17/Sep/2012:11:37:25 -0400] "GET /assignments/28/grades/-webkit-linear-gradient(top,%20rgb(6,%206,%206),%20rgb(37,%2042,%2048)) HTTP/1.1" 302 1444 "https://www.gradecraft.com/assignments/28/grades/self_log?gradeable_id=267&gradeable_type=User" "Mozilla/5.0 (Macintosh; Intel Mac OS X 10_8_1) AppleWebKit/536.25 (KHTML, like Gecko) Version/6.0 Safari/536.25"
67.194.18.159 - linrmart [17/Sep/2012:11:37:25 -0400] "GET /dashboard HTTP/1.1" 304 917 "https://www.gradecraft.com/assignments/28/grades/self_log?gradeable_id=267&gradeable_type=User" "Mozilla/5.0 (Macintosh; Intel Mac OS X 10_8_1) AppleWebKit/536.25 (KHTML, like Gecko) Version/6.0 Safari/536.25"
67.194.116.36 - - [17/Sep/2012:11:37:25 -0400] "GET / HTTP/1.1" 302 3984 "https://sites.google.com/a/umich.edu/polsci101f2012/readings" "Mozilla/5.0 (Macintosh; Intel Mac OS X 10_6_8) AppleWebKit/537.1 (KHTML, like Gecko) Chrome/21.0.1180.89 Safari/537.1"
67.194.18.159 - linrmart [17/Sep/2012:11:37:28 -0400] "POST /assignments/28/grades/self_log_create HTTP/1.1" 302 1636 "https://www.gradecraft.com/assignments/28/grades/self_log?gradeable_id=267&gradeable_type=User" "Mozilla/5.0 (Macintosh; Intel Mac OS X 10_8_1) AppleWebKit/536.25 (KHTML, like Gecko) Version/6.0 Safari/536.25"
67.194.18.159 - linrmart [17/Sep/2012:11:37:28 -0400] "GET /dashboard HTTP/1.1" 200 4148 "https://www.gradecraft.com/assignments/28/grades/self_log?gradeable_id=267&gradeable_type=User" "Mozilla/5.0 (Macintosh; Intel Mac OS X 10_8_1) AppleWebKit/536.25 (KHTML, like Gecko) Version/6.0 Safari/536.25"
67.194.18.159 - linrmart [17/Sep/2012:11:37:29 -0400] "GET /-webkit-linear-gradient(top,%20rgb(6,%206,%206),%20rgb(37,%2042,%2048)) HTTP/1.1" 404 1044 "https://www.gradecraft.com/dashboard" "Mozilla/5.0 (Macintosh; Intel Mac OS X 10_8_1) AppleWebKit/536.25 (KHTML, like Gecko) Version/6.0 Safari/536.25"
67.194.116.36 - - [17/Sep/2012:11:37:29 -0400] "GET /cosign/valid?cosign-www.gradecraft.com=2jRNQNM4BzMVezeR8hQgxEdL2C0DA-IJCEdDi3OjKCtEgbAxMICgRp0JaD5Eb3IEhpXgHn3S0+CDwEp4BjetMylm1j3KNsBrdu-To-nAh1ih5lANj0lXR6Y4d9OX&https://www.gradecraft.com/ HTTP/1.1" 301 868 "https://weblogin.umich.edu/?cosign-www.gradecraft.com&https://www.gradecraft.com/" "Mozilla/5.0 (Macintosh; Intel Mac OS X 10_6_8) AppleWebKit/537.1 (KHTML, like Gecko) Chrome/21.0.1180.89 Safari/537.1"
67.194.18.159 - linrmart [17/Sep/2012:11:37:29 -0400] "GET /users/predictor.json?user_id=267 HTTP/1.1" 200 1578 "https://www.gradecraft.com/dashboard" "Mozilla/5.0 (Macintosh; Intel Mac OS X 10_8_1) AppleWebKit/536.25 (KHTML, like Gecko) Version/6.0 Safari/536.25"
67.194.116.36 - rossmac [17/Sep/2012:11:37:29 -0400] "GET / HTTP/1.1" 302 1348 "https://weblogin.umich.edu/?cosign-www.gradecraft.com&https://www.gradecraft.com/" "Mozilla/5.0 (Macintosh; Intel Mac OS X 10_6_8) AppleWebKit/537.1 (KHTML, like Gecko) Chrome/21.0.1180.89 Safari/537.1"
67.194.18.159 - linrmart [17/Sep/2012:11:37:29 -0400] "GET /users/predictor.json?in_progress=true&user_id=267 HTTP/1.1" 200 1578 "https://www.gradecraft.com/dashboard" "Mozilla/5.0 (Macintosh; Intel Mac OS X 10_8_1) AppleWebKit/536.25 (KHTML, like Gecko) Version/6.0 Safari/536.25"
67.194.116.36 - rossmac [17/Sep/2012:11:37:29 -0400] "GET /dashboard HTTP/1.1" 200 3892 "https://weblogin.umich.edu/?cosign-www.gradecraft.com&https://www.gradecraft.com/" "Mozilla/5.0 (Macintosh; Intel Mac OS X 10_6_8) AppleWebKit/537.1 (KHTML, like Gecko) Chrome/21.0.1180.89 Safari/537.1"
67.194.116.36 - rossmac [17/Sep/2012:11:37:29 -0400] "GET /assets/application-00253241250260a29e421ba336543d92.css HTTP/1.1" 200 46253 "https://www.gradecraft.com/dashboard" "Mozilla/5.0 (Macintosh; Intel Mac OS X 10_6_8) AppleWebKit/537.1 (KHTML, like Gecko) Chrome/21.0.1180.89 Safari/537.1"
67.194.116.36 - rossmac [17/Sep/2012:11:37:29 -0400] "GET /uploads/theme/filename/3/cyborg.min.css HTTP/1.1" 200 16538 "https://www.gradecraft.com/dashboard" "Mozilla/5.0 (Macintosh; Intel Mac OS X 10_6_8) AppleWebKit/537.1 (KHTML, like Gecko) Chrome/21.0.1180.89 Safari/537.1"
67.194.116.36 - rossmac [17/Sep/2012:11:37:29 -0400] "GET /assets/application-4ce0ae23744168912769066ef11545d8.js HTTP/1.1" 200 135915 "https://www.gradecraft.com/dashboard" "Mozilla/5.0 (Macintosh; Intel Mac OS X 10_6_8) AppleWebKit/537.1 (KHTML, like Gecko) Chrome/21.0.1180.89 Safari/537.1"
67.194.116.36 - rossmac [17/Sep/2012:11:37:30 -0400] "GET /users/predictor.json?user_id=348 HTTP/1.1" 200 1578 "https://www.gradecraft.com/dashboard" "Mozilla/5.0 (Macintosh; Intel Mac OS X 10_6_8) AppleWebKit/537.1 (KHTML, like Gecko) Chrome/21.0.1180.89 Safari/537.1"
67.194.116.36 - rossmac [17/Sep/2012:11:37:30 -0400] "GET /users/predictor.json?in_progress=true&user_id=348 HTTP/1.1" 200 1578 "https://www.gradecraft.com/dashboard" "Mozilla/5.0 (Macintosh; Intel Mac OS X 10_6_8) AppleWebKit/537.1 (KHTML, like Gecko) Chrome/21.0.1180.89 Safari/537.1"
67.194.116.36 - rossmac [17/Sep/2012:11:37:30 -0400] "GET /favicon.ico HTTP/1.1" 200 4650 "-" "Mozilla/5.0 (Macintosh; Intel Mac OS X 10_6_8) AppleWebKit/537.1 (KHTML, like Gecko) Chrome/21.0.1180.89 Safari/537.1"
