165.123.84.210 - adrianfr@wharton.upenn.edu [31/Oct/2012:10:33:40 -0400] "GET /dashboard HTTP/1.1" 200 4340 "https://weblogin.umich.edu/?cosign-www.gradecraft.com&https://www.gradecraft.com/" "Mozilla/5.0 (Macintosh; Intel Mac OS X 10_8_2) AppleWebKit/537.4 (KHTML, like Gecko) Chrome/22.0.1229.94 Safari/537.4"
165.123.84.210 - adrianfr@wharton.upenn.edu [31/Oct/2012:10:33:41 -0400] "GET /assets/application-a3ae5c543e1d181d1d7cb923cba7352c.css HTTP/1.1" 200 47949 "https://www.gradecraft.com/dashboard" "Mozilla/5.0 (Macintosh; Intel Mac OS X 10_8_2) AppleWebKit/537.4 (KHTML, like Gecko) Chrome/22.0.1229.94 Safari/537.4"
165.123.84.210 - adrianfr@wharton.upenn.edu [31/Oct/2012:10:33:41 -0400] "GET /assets/stylesheets/superhero.min.css HTTP/1.1" 404 4288 "https://www.gradecraft.com/dashboard" "Mozilla/5.0 (Macintosh; Intel Mac OS X 10_8_2) AppleWebKit/537.4 (KHTML, like Gecko) Chrome/22.0.1229.94 Safari/537.4"
165.123.84.210 - adrianfr@wharton.upenn.edu [31/Oct/2012:10:33:41 -0400] "GET /assets/application-4019f0e2cdfabad442b22c5ea2d0cede.js HTTP/1.1" 200 211849 "https://www.gradecraft.com/dashboard" "Mozilla/5.0 (Macintosh; Intel Mac OS X 10_8_2) AppleWebKit/537.4 (KHTML, like Gecko) Chrome/22.0.1229.94 Safari/537.4"
165.123.84.210 - adrianfr@wharton.upenn.edu [31/Oct/2012:10:33:41 -0400] "GET /badges/wharton/image02.png HTTP/1.1" 304 213 "https://www.gradecraft.com/dashboard" "Mozilla/5.0 (Macintosh; Intel Mac OS X 10_8_2) AppleWebKit/537.4 (KHTML, like Gecko) Chrome/22.0.1229.94 Safari/537.4"
165.123.84.210 - adrianfr@wharton.upenn.edu [31/Oct/2012:10:33:41 -0400] "GET /badges/wharton/image01.png HTTP/1.1" 304 3457 "https://www.gradecraft.com/dashboard" "Mozilla/5.0 (Macintosh; Intel Mac OS X 10_8_2) AppleWebKit/537.4 (KHTML, like Gecko) Chrome/22.0.1229.94 Safari/537.4"
165.123.84.210 - adrianfr@wharton.upenn.edu [31/Oct/2012:10:33:41 -0400] "GET /badges/wharton/image03.png HTTP/1.1" 304 3457 "https://www.gradecraft.com/dashboard" "Mozilla/5.0 (Macintosh; Intel Mac OS X 10_8_2) AppleWebKit/537.4 (KHTML, like Gecko) Chrome/22.0.1229.94 Safari/537.4"
165.123.84.210 - adrianfr@wharton.upenn.edu [31/Oct/2012:10:33:41 -0400] "GET /badges/wharton/image04.png HTTP/1.1" 304 3457 "https://www.gradecraft.com/dashboard" "Mozilla/5.0 (Macintosh; Intel Mac OS X 10_8_2) AppleWebKit/537.4 (KHTML, like Gecko) Chrome/22.0.1229.94 Safari/537.4"
165.123.84.210 - adrianfr@wharton.upenn.edu [31/Oct/2012:10:33:41 -0400] "GET /badges/wharton/image05.png HTTP/1.1" 304 213 "https://www.gradecraft.com/dashboard" "Mozilla/5.0 (Macintosh; Intel Mac OS X 10_8_2) AppleWebKit/537.4 (KHTML, like Gecko) Chrome/22.0.1229.94 Safari/537.4"
165.123.84.210 - adrianfr@wharton.upenn.edu [31/Oct/2012:10:33:41 -0400] "GET /badges/wharton/image06.png HTTP/1.1" 304 213 "https://www.gradecraft.com/dashboard" "Mozilla/5.0 (Macintosh; Intel Mac OS X 10_8_2) AppleWebKit/537.4 (KHTML, like Gecko) Chrome/22.0.1229.94 Safari/537.4"
165.123.84.210 - adrianfr@wharton.upenn.edu [31/Oct/2012:10:33:41 -0400] "GET /badges/wharton/image07.png HTTP/1.1" 304 213 "https://www.gradecraft.com/dashboard" "Mozilla/5.0 (Macintosh; Intel Mac OS X 10_8_2) AppleWebKit/537.4 (KHTML, like Gecko) Chrome/22.0.1229.94 Safari/537.4"
165.123.84.210 - adrianfr@wharton.upenn.edu [31/Oct/2012:10:33:41 -0400] "GET /badges/wharton/image08.png HTTP/1.1" 304 213 "https://www.gradecraft.com/dashboard" "Mozilla/5.0 (Macintosh; Intel Mac OS X 10_8_2) AppleWebKit/537.4 (KHTML, like Gecko) Chrome/22.0.1229.94 Safari/537.4"
165.123.84.210 - adrianfr@wharton.upenn.edu [31/Oct/2012:10:33:41 -0400] "GET /badges/wharton/image09.png HTTP/1.1" 304 213 "https://www.gradecraft.com/dashboard" "Mozilla/5.0 (Macintosh; Intel Mac OS X 10_8_2) AppleWebKit/537.4 (KHTML, like Gecko) Chrome/22.0.1229.94 Safari/537.4"
165.123.84.210 - adrianfr@wharton.upenn.edu [31/Oct/2012:10:33:41 -0400] "GET /badges/wharton/image00.png HTTP/1.1" 304 213 "https://www.gradecraft.com/dashboard" "Mozilla/5.0 (Macintosh; Intel Mac OS X 10_8_2) AppleWebKit/537.4 (KHTML, like Gecko) Chrome/22.0.1229.94 Safari/537.4"
165.123.84.210 - adrianfr@wharton.upenn.edu [31/Oct/2012:10:33:41 -0400] "GET /badges/wharton/Corporate-Lackey-Badge.png HTTP/1.1" 304 213 "https://www.gradecraft.com/dashboard" "Mozilla/5.0 (Macintosh; Intel Mac OS X 10_8_2) AppleWebKit/537.4 (KHTML, like Gecko) Chrome/22.0.1229.94 Safari/537.4"
165.123.84.210 - adrianfr@wharton.upenn.edu [31/Oct/2012:10:33:41 -0400] "GET /badges/wharton/Game-Master-Badge.png HTTP/1.1" 304 213 "https://www.gradecraft.com/dashboard" "Mozilla/5.0 (Macintosh; Intel Mac OS X 10_8_2) AppleWebKit/537.4 (KHTML, like Gecko) Chrome/22.0.1229.94 Safari/537.4"
165.123.84.210 - adrianfr@wharton.upenn.edu [31/Oct/2012:10:33:41 -0400] "GET /badges/wharton/Globe-Trotter-Badge.png HTTP/1.1" 304 213 "https://www.gradecraft.com/dashboard" "Mozilla/5.0 (Macintosh; Intel Mac OS X 10_8_2) AppleWebKit/537.4 (KHTML, like Gecko) Chrome/22.0.1229.94 Safari/537.4"
165.123.84.210 - adrianfr@wharton.upenn.edu [31/Oct/2012:10:33:41 -0400] "GET /users/predictor.json?in_progress=true&user_id=53 HTTP/1.1" 304 869 "https://www.gradecraft.com/dashboard" "Mozilla/5.0 (Macintosh; Intel Mac OS X 10_8_2) AppleWebKit/537.4 (KHTML, like Gecko) Chrome/22.0.1229.94 Safari/537.4"
165.123.84.210 - adrianfr@wharton.upenn.edu [31/Oct/2012:10:33:41 -0400] "GET /users/predictor.json?user_id=53 HTTP/1.1" 304 869 "https://www.gradecraft.com/dashboard" "Mozilla/5.0 (Macintosh; Intel Mac OS X 10_8_2) AppleWebKit/537.4 (KHTML, like Gecko) Chrome/22.0.1229.94 Safari/537.4"
130.91.56.61 - kaipeng@wharton.upenn.edu [31/Oct/2012:10:33:47 -0400] "GET /assignments/15/grades/self_log?gradeable_id=18&gradeable_type=User HTTP/1.1" 200 2821 "https://www.gradecraft.com/dashboard" "Mozilla/5.0 (Macintosh; Intel Mac OS X 10_7_4) AppleWebKit/537.4 (KHTML, like Gecko) Chrome/22.0.1229.94 Safari/537.4"
130.91.56.61 - kaipeng@wharton.upenn.edu [31/Oct/2012:10:33:47 -0400] "GET /assets/stylesheets/superhero.min.css HTTP/1.1" 404 1044 "https://www.gradecraft.com/assignments/15/grades/self_log?gradeable_id=18&gradeable_type=User" "Mozilla/5.0 (Macintosh; Intel Mac OS X 10_7_4) AppleWebKit/537.4 (KHTML, like Gecko) Chrome/22.0.1229.94 Safari/537.4"
130.91.56.61 - kaipeng@wharton.upenn.edu [31/Oct/2012:10:33:50 -0400] "POST /assignments/15/grades/self_log_create HTTP/1.1" 302 1652 "https://www.gradecraft.com/assignments/15/grades/self_log?gradeable_id=18&gradeable_type=User" "Mozilla/5.0 (Macintosh; Intel Mac OS X 10_7_4) AppleWebKit/537.4 (KHTML, like Gecko) Chrome/22.0.1229.94 Safari/537.4"
130.91.56.61 - kaipeng@wharton.upenn.edu [31/Oct/2012:10:33:50 -0400] "GET /dashboard HTTP/1.1" 200 4516 "https://www.gradecraft.com/assignments/15/grades/self_log?gradeable_id=18&gradeable_type=User" "Mozilla/5.0 (Macintosh; Intel Mac OS X 10_7_4) AppleWebKit/537.4 (KHTML, like Gecko) Chrome/22.0.1229.94 Safari/537.4"
130.91.56.61 - kaipeng@wharton.upenn.edu [31/Oct/2012:10:33:51 -0400] "GET /assets/stylesheets/superhero.min.css HTTP/1.1" 404 1044 "https://www.gradecraft.com/dashboard" "Mozilla/5.0 (Macintosh; Intel Mac OS X 10_7_4) AppleWebKit/537.4 (KHTML, like Gecko) Chrome/22.0.1229.94 Safari/537.4"
130.91.56.61 - kaipeng@wharton.upenn.edu [31/Oct/2012:10:33:51 -0400] "GET /users/predictor.json?user_id=18 HTTP/1.1" 304 1030 "https://www.gradecraft.com/dashboard" "Mozilla/5.0 (Macintosh; Intel Mac OS X 10_7_4) AppleWebKit/537.4 (KHTML, like Gecko) Chrome/22.0.1229.94 Safari/537.4"
130.91.56.61 - kaipeng@wharton.upenn.edu [31/Oct/2012:10:33:51 -0400] "GET /users/predictor.json?in_progress=true&user_id=18 HTTP/1.1" 304 885 "https://www.gradecraft.com/dashboard" "Mozilla/5.0 (Macintosh; Intel Mac OS X 10_7_4) AppleWebKit/537.4 (KHTML, like Gecko) Chrome/22.0.1229.94 Safari/537.4"
165.123.85.95 - - [31/Oct/2012:10:33:53 -0400] "GET /dashboard HTTP/1.1" 302 3789 "-" "Mozilla/5.0 (Macintosh; Intel Mac OS X 10.6; rv:16.0) Gecko/20100101 Firefox/16.0"
165.123.84.210 - adrianfr@wharton.upenn.edu [31/Oct/2012:10:34:01 -0400] "GET /assignments/15/grades/self_log?gradeable_id=53&gradeable_type=User HTTP/1.1" 200 2805 "https://www.gradecraft.com/dashboard" "Mozilla/5.0 (Macintosh; Intel Mac OS X 10_8_2) AppleWebKit/537.4 (KHTML, like Gecko) Chrome/22.0.1229.94 Safari/537.4"
165.123.84.210 - adrianfr@wharton.upenn.edu [31/Oct/2012:10:34:01 -0400] "GET /assets/stylesheets/superhero.min.css HTTP/1.1" 404 1044 "https://www.gradecraft.com/assignments/15/grades/self_log?gradeable_id=53&gradeable_type=User" "Mozilla/5.0 (Macintosh; Intel Mac OS X 10_8_2) AppleWebKit/537.4 (KHTML, like Gecko) Chrome/22.0.1229.94 Safari/537.4"
130.91.56.35 - nbocc@wharton.upenn.edu [31/Oct/2012:10:34:03 -0400] "GET /assets/jquery-ui/ui-bg_glass_75_dadada_1x400-38ed9f33e066d6bee977c567d4b03650.png HTTP/1.1" 304 358 "https://www.gradecraft.com/users/predictor?user_id=46" "Mozilla/5.0 (Windows NT 6.1; WOW64) AppleWebKit/537.4 (KHTML, like Gecko) Chrome/22.0.1229.94 Safari/537.4"
130.91.56.35 - nbocc@wharton.upenn.edu [31/Oct/2012:10:34:04 -0400] "GET /assets/jquery-ui/ui-bg_glass_65_ffffff_1x400-a30aa544902182c133dbb46ac40a08d2.png HTTP/1.1" 304 213 "https://www.gradecraft.com/users/predictor?user_id=46" "Mozilla/5.0 (Windows NT 6.1; WOW64) AppleWebKit/537.4 (KHTML, like Gecko) Chrome/22.0.1229.94 Safari/537.4"
165.123.84.210 - adrianfr@wharton.upenn.edu [31/Oct/2012:10:34:05 -0400] "POST /assignments/15/grades/self_log_create HTTP/1.1" 302 1636 "https://www.gradecraft.com/assignments/15/grades/self_log?gradeable_id=53&gradeable_type=User" "Mozilla/5.0 (Macintosh; Intel Mac OS X 10_8_2) AppleWebKit/537.4 (KHTML, like Gecko) Chrome/22.0.1229.94 Safari/537.4"
165.123.84.210 - adrianfr@wharton.upenn.edu [31/Oct/2012:10:34:05 -0400] "GET /dashboard HTTP/1.1" 200 4532 "https://www.gradecraft.com/assignments/15/grades/self_log?gradeable_id=53&gradeable_type=User" "Mozilla/5.0 (Macintosh; Intel Mac OS X 10_8_2) AppleWebKit/537.4 (KHTML, like Gecko) Chrome/22.0.1229.94 Safari/537.4"
165.123.84.210 - adrianfr@wharton.upenn.edu [31/Oct/2012:10:34:06 -0400] "GET /assets/stylesheets/superhero.min.css HTTP/1.1" 404 1044 "https://www.gradecraft.com/dashboard" "Mozilla/5.0 (Macintosh; Intel Mac OS X 10_8_2) AppleWebKit/537.4 (KHTML, like Gecko) Chrome/22.0.1229.94 Safari/537.4"
165.123.84.210 - adrianfr@wharton.upenn.edu [31/Oct/2012:10:34:06 -0400] "GET /users/predictor.json?in_progress=true&user_id=53 HTTP/1.1" 304 869 "https://www.gradecraft.com/dashboard" "Mozilla/5.0 (Macintosh; Intel Mac OS X 10_8_2) AppleWebKit/537.4 (KHTML, like Gecko) Chrome/22.0.1229.94 Safari/537.4"
165.123.84.210 - adrianfr@wharton.upenn.edu [31/Oct/2012:10:34:06 -0400] "GET /users/predictor.json?user_id=53 HTTP/1.1" 304 1014 "https://www.gradecraft.com/dashboard" "Mozilla/5.0 (Macintosh; Intel Mac OS X 10_8_2) AppleWebKit/537.4 (KHTML, like Gecko) Chrome/22.0.1229.94 Safari/537.4"
165.123.85.95 - - [31/Oct/2012:10:34:09 -0400] "GET /cosign/valid?cosign-www.gradecraft.com=9aed6puf5KGNgnKI7ysyZbT58pZTBCeK6gNHnkq7bA3t8Co2vJfoMt295Fp9MKGdRn8q4JXOy-S2cxIpURxIk-J+EdTiqOrOOEOk6HH1Jp+wqco+oenODFVvkT8u&https://gradecraft.com/dashboard HTTP/1.1" 301 3773 "https://weblogin.umich.edu/?cosign-www.gradecraft.com&https://gradecraft.com/dashboard" "Mozilla/5.0 (Macintosh; Intel Mac OS X 10.6; rv:16.0) Gecko/20100101 Firefox/16.0"
165.123.85.95 - - [31/Oct/2012:10:34:13 -0400] "GET /cosign/valid?cosign-www.gradecraft.com=AGEbvB57vgX4h4tdfy7XsIZgpnhdH9GJq+3JC20PLkGK5NmicUNove8Un2Wngq+2DpRqFOf8tLWsUWN6kMGLD2LQp+1HynTqj383TqRFC1fgLwUP866ERSyf0vbl&https://gradecraft.com/dashboard HTTP/1.1" 301 740 "-" "Mozilla/5.0 (Macintosh; Intel Mac OS X 10.6; rv:16.0) Gecko/20100101 Firefox/16.0"
165.123.86.185 - wadse@wharton.upenn.edu [31/Oct/2012:10:34:26 -0400] "GET /users/edit_profile HTTP/1.1" 200 3253 "https://www.gradecraft.com/dashboard" "Mozilla/5.0 (Windows NT 6.1; WOW64) AppleWebKit/537.4 (KHTML, like Gecko) Chrome/22.0.1229.94 Safari/537.4"
165.123.86.185 - wadse@wharton.upenn.edu [31/Oct/2012:10:34:26 -0400] "GET /assets/stylesheets/superhero.min.css HTTP/1.1" 404 1044 "https://www.gradecraft.com/users/edit_profile" "Mozilla/5.0 (Windows NT 6.1; WOW64) AppleWebKit/537.4 (KHTML, like Gecko) Chrome/22.0.1229.94 Safari/537.4"
165.123.85.95 - - [31/Oct/2012:10:34:29 -0400] "GET /dashboard HTTP/1.1" 302 3984 "-" "Mozilla/5.0 (Macintosh; Intel Mac OS X 10.6; rv:16.0) Gecko/20100101 Firefox/16.0"
165.123.85.95 - - [31/Oct/2012:10:34:30 -0400] "GET /cosign/valid?cosign-www.gradecraft.com=tYgYzHobvZLmXEkd6eIhjelPeXbVQAkKTldKUg6+OxbyriYAWCEqnLmYH-xNCpLbz8Q-JreGLdS2PlwYi3ALNa6rtPka7T4AhjRQSNm83pAD+VOhFkR8gF1hemCr&https://gradecraft.com/dashboard HTTP/1.1" 301 3968 "-" "Mozilla/5.0 (Macintosh; Intel Mac OS X 10.6; rv:16.0) Gecko/20100101 Firefox/16.0"
130.91.59.31 - kly@wharton.upenn.edu [31/Oct/2012:10:34:38 -0400] "GET /assignments/135/groups/new HTTP/1.1" 302 1589 "https://www.gradecraft.com/dashboard" "Mozilla/5.0 (Windows NT 6.1; WOW64) AppleWebKit/537.4 (KHTML, like Gecko) Chrome/22.0.1229.94 Safari/537.4"
130.91.59.31 - kly@wharton.upenn.edu [31/Oct/2012:10:34:38 -0400] "GET /dashboard HTTP/1.1" 200 4308 "https://www.gradecraft.com/dashboard" "Mozilla/5.0 (Windows NT 6.1; WOW64) AppleWebKit/537.4 (KHTML, like Gecko) Chrome/22.0.1229.94 Safari/537.4"
130.91.59.31 - kly@wharton.upenn.edu [31/Oct/2012:10:34:39 -0400] "GET /assets/stylesheets/superhero.min.css HTTP/1.1" 404 1044 "https://www.gradecraft.com/dashboard" "Mozilla/5.0 (Windows NT 6.1; WOW64) AppleWebKit/537.4 (KHTML, like Gecko) Chrome/22.0.1229.94 Safari/537.4"
130.91.59.31 - kly@wharton.upenn.edu [31/Oct/2012:10:34:39 -0400] "GET /users/predictor.json?in_progress=true&user_id=11 HTTP/1.1" 304 885 "https://www.gradecraft.com/dashboard" "Mozilla/5.0 (Windows NT 6.1; WOW64) AppleWebKit/537.4 (KHTML, like Gecko) Chrome/22.0.1229.94 Safari/537.4"
130.91.59.31 - kly@wharton.upenn.edu [31/Oct/2012:10:34:39 -0400] "GET /users/predictor.json?user_id=11 HTTP/1.1" 304 1030 "https://www.gradecraft.com/dashboard" "Mozilla/5.0 (Windows NT 6.1; WOW64) AppleWebKit/537.4 (KHTML, like Gecko) Chrome/22.0.1229.94 Safari/537.4"
165.123.85.95 - - [31/Oct/2012:10:34:40 -0400] "GET /dashboard HTTP/1.1" 302 756 "-" "Mozilla/5.0 (Macintosh; Intel Mac OS X 10.6; rv:16.0) Gecko/20100101 Firefox/16.0"
165.123.85.95 - - [31/Oct/2012:10:34:41 -0400] "GET /cosign/valid?cosign-www.gradecraft.com=G5S1HslrlQmNKSZSfx9HFx-Hc+wFBxIhgzaGypeI9uzCLTW4Z4YadwFs0ZtqNbOJZOfKs23QbUZPE+VTDsTkl6QRjlHZ0ZDaJ3qhzlcs5fautLVraiuuqif6ejK3&https://gradecraft.com/dashboard HTTP/1.1" 301 740 "-" "Mozilla/5.0 (Macintosh; Intel Mac OS X 10.6; rv:16.0) Gecko/20100101 Firefox/16.0"
165.123.85.95 - - [31/Oct/2012:10:35:06 -0400] "GET /dashboard HTTP/1.1" 302 901 "https://wharton.instructure.com/courses/755358" "Mozilla/5.0 (Macintosh; Intel Mac OS X 10.6; rv:16.0) Gecko/20100101 Firefox/16.0"
165.123.85.95 - - [31/Oct/2012:10:35:06 -0400] "GET /cosign/valid?cosign-www.gradecraft.com=frIo99c+0+3ukTyPxl7uSd5SnOoIwlhuO8hUPEZy03GmiRj2vV505tpSZkMotFPQKc2b7ZfJZtzf5ZWswwaLMn-UILhFqBxsIgsIJ4u-LYVpcmljI+BNSNSDODXu&https://www.gradecraft.com/dashboard HTTP/1.1" 301 900 "https://wharton.instructure.com/courses/755358" "Mozilla/5.0 (Macintosh; Intel Mac OS X 10.6; rv:16.0) Gecko/20100101 Firefox/16.0"
165.123.85.95 - kapoors@wharton.upenn.edu [31/Oct/2012:10:35:06 -0400] "GET /dashboard HTTP/1.1" 200 4356 "https://wharton.instructure.com/courses/755358" "Mozilla/5.0 (Macintosh; Intel Mac OS X 10.6; rv:16.0) Gecko/20100101 Firefox/16.0"
165.123.85.95 - kapoors@wharton.upenn.edu [31/Oct/2012:10:35:07 -0400] "GET /assets/application-a3ae5c543e1d181d1d7cb923cba7352c.css HTTP/1.1" 304 245 "https://www.gradecraft.com/dashboard" "Mozilla/5.0 (Macintosh; Intel Mac OS X 10.6; rv:16.0) Gecko/20100101 Firefox/16.0"
165.123.85.95 - kapoors@wharton.upenn.edu [31/Oct/2012:10:35:07 -0400] "GET /assets/application-4019f0e2cdfabad442b22c5ea2d0cede.js HTTP/1.1" 304 390 "https://www.gradecraft.com/dashboard" "Mozilla/5.0 (Macintosh; Intel Mac OS X 10.6; rv:16.0) Gecko/20100101 Firefox/16.0"
165.123.85.95 - kapoors@wharton.upenn.edu [31/Oct/2012:10:35:07 -0400] "GET /assets/stylesheets/superhero.min.css HTTP/1.1" 404 1205 "https://www.gradecraft.com/dashboard" "Mozilla/5.0 (Macintosh; Intel Mac OS X 10.6; rv:16.0) Gecko/20100101 Firefox/16.0"
165.123.85.95 - kapoors@wharton.upenn.edu [31/Oct/2012:10:35:08 -0400] "GET /users/predictor.json?in_progress=true&user_id=8 HTTP/1.1" 304 869 "https://www.gradecraft.com/dashboard" "Mozilla/5.0 (Macintosh; Intel Mac OS X 10.6; rv:16.0) Gecko/20100101 Firefox/16.0"
165.123.85.95 - kapoors@wharton.upenn.edu [31/Oct/2012:10:35:08 -0400] "GET /users/predictor.json?user_id=8 HTTP/1.1" 304 869 "https://www.gradecraft.com/dashboard" "Mozilla/5.0 (Macintosh; Intel Mac OS X 10.6; rv:16.0) Gecko/20100101 Firefox/16.0"
165.123.86.185 - wadse@wharton.upenn.edu [31/Oct/2012:10:35:12 -0400] "GET /assets/stylesheets/superhero.min.css HTTP/1.1" 404 1205 "https://www.gradecraft.com/users/edit_profile" "Mozilla/5.0 (Windows NT 6.1; WOW64) AppleWebKit/537.4 (KHTML, like Gecko) Chrome/22.0.1229.94 Safari/537.4"
165.123.85.95 - kapoors@wharton.upenn.edu [31/Oct/2012:10:35:15 -0400] "GET /assignments/15/grades/self_log?gradeable_id=8&gradeable_type=User HTTP/1.1" 200 2660 "https://www.gradecraft.com/dashboard" "Mozilla/5.0 (Macintosh; Intel Mac OS X 10.6; rv:16.0) Gecko/20100101 Firefox/16.0"
165.123.85.95 - kapoors@wharton.upenn.edu [31/Oct/2012:10:35:15 -0400] "GET /assets/stylesheets/superhero.min.css HTTP/1.1" 404 1044 "https://www.gradecraft.com/assignments/15/grades/self_log?gradeable_id=8&gradeable_type=User" "Mozilla/5.0 (Macintosh; Intel Mac OS X 10.6; rv:16.0) Gecko/20100101 Firefox/16.0"
165.123.85.95 - kapoors@wharton.upenn.edu [31/Oct/2012:10:35:16 -0400] "GET /assets/stylesheets/superhero.min.css HTTP/1.1" 404 1044 "https://www.gradecraft.com/assignments/15/grades/self_log?gradeable_id=8&gradeable_type=User" "Mozilla/5.0 (Macintosh; Intel Mac OS X 10.6; rv:16.0) Gecko/20100101 Firefox/16.0"
165.123.85.95 - kapoors@wharton.upenn.edu [31/Oct/2012:10:35:19 -0400] "POST /assignments/15/grades/self_log_create HTTP/1.1" 302 1636 "https://www.gradecraft.com/assignments/15/grades/self_log?gradeable_id=8&gradeable_type=User" "Mozilla/5.0 (Macintosh; Intel Mac OS X 10.6; rv:16.0) Gecko/20100101 Firefox/16.0"
165.123.86.185 - wadse@wharton.upenn.edu [31/Oct/2012:10:35:19 -0400] "GET /badges HTTP/1.1" 200 2772 "https://www.gradecraft.com/users/edit_profile" "Mozilla/5.0 (Windows NT 6.1; WOW64) AppleWebKit/537.4 (KHTML, like Gecko) Chrome/22.0.1229.94 Safari/537.4"
165.123.86.185 - wadse@wharton.upenn.edu [31/Oct/2012:10:35:20 -0400] "GET /assets/stylesheets/superhero.min.css HTTP/1.1" 404 1044 "https://www.gradecraft.com/badges" "Mozilla/5.0 (Windows NT 6.1; WOW64) AppleWebKit/537.4 (KHTML, like Gecko) Chrome/22.0.1229.94 Safari/537.4"
165.123.85.95 - kapoors@wharton.upenn.edu [31/Oct/2012:10:35:19 -0400] "GET /dashboard HTTP/1.1" 200 4532 "https://www.gradecraft.com/assignments/15/grades/self_log?gradeable_id=8&gradeable_type=User" "Mozilla/5.0 (Macintosh; Intel Mac OS X 10.6; rv:16.0) Gecko/20100101 Firefox/16.0"
165.123.85.95 - kapoors@wharton.upenn.edu [31/Oct/2012:10:35:20 -0400] "GET /assets/stylesheets/superhero.min.css HTTP/1.1" 404 1044 "https://www.gradecraft.com/dashboard" "Mozilla/5.0 (Macintosh; Intel Mac OS X 10.6; rv:16.0) Gecko/20100101 Firefox/16.0"
165.123.85.95 - kapoors@wharton.upenn.edu [31/Oct/2012:10:35:21 -0400] "GET /assets/stylesheets/superhero.min.css HTTP/1.1" 404 1044 "https://www.gradecraft.com/dashboard" "Mozilla/5.0 (Macintosh; Intel Mac OS X 10.6; rv:16.0) Gecko/20100101 Firefox/16.0"
165.123.85.95 - kapoors@wharton.upenn.edu [31/Oct/2012:10:35:21 -0400] "GET /users/predictor.json?in_progress=true&user_id=8 HTTP/1.1" 304 869 "https://www.gradecraft.com/dashboard" "Mozilla/5.0 (Macintosh; Intel Mac OS X 10.6; rv:16.0) Gecko/20100101 Firefox/16.0"
165.123.85.95 - kapoors@wharton.upenn.edu [31/Oct/2012:10:35:21 -0400] "GET /users/predictor.json?user_id=8 HTTP/1.1" 304 869 "https://www.gradecraft.com/dashboard" "Mozilla/5.0 (Macintosh; Intel Mac OS X 10.6; rv:16.0) Gecko/20100101 Firefox/16.0"
165.123.86.185 - wadse@wharton.upenn.edu [31/Oct/2012:10:35:29 -0400] "GET /dashboard HTTP/1.1" 200 4276 "https://www.gradecraft.com/badges" "Mozilla/5.0 (Windows NT 6.1; WOW64) AppleWebKit/537.4 (KHTML, like Gecko) Chrome/22.0.1229.94 Safari/537.4"
165.123.86.185 - wadse@wharton.upenn.edu [31/Oct/2012:10:35:30 -0400] "GET /assets/stylesheets/superhero.min.css HTTP/1.1" 404 1044 "https://www.gradecraft.com/dashboard" "Mozilla/5.0 (Windows NT 6.1; WOW64) AppleWebKit/537.4 (KHTML, like Gecko) Chrome/22.0.1229.94 Safari/537.4"
165.123.86.185 - wadse@wharton.upenn.edu [31/Oct/2012:10:35:30 -0400] "GET /users/predictor.json?user_id=34 HTTP/1.1" 304 1014 "https://www.gradecraft.com/dashboard" "Mozilla/5.0 (Windows NT 6.1; WOW64) AppleWebKit/537.4 (KHTML, like Gecko) Chrome/22.0.1229.94 Safari/537.4"
165.123.86.185 - wadse@wharton.upenn.edu [31/Oct/2012:10:35:30 -0400] "GET /users/predictor.json?in_progress=true&user_id=34 HTTP/1.1" 304 869 "https://www.gradecraft.com/dashboard" "Mozilla/5.0 (Windows NT 6.1; WOW64) AppleWebKit/537.4 (KHTML, like Gecko) Chrome/22.0.1229.94 Safari/537.4"
165.123.86.1 - - [31/Oct/2012:10:35:33 -0400] "GET /dashboard HTTP/1.1" 302 3984 "-" "Mozilla/5.0 (Macintosh; Intel Mac OS X 10_6_8) AppleWebKit/537.11 (KHTML, like Gecko) Chrome/23.0.1271.26 Safari/537.11"
130.91.57.214 - - [31/Oct/2012:10:35:41 -0400] "GET / HTTP/1.1" 302 3984 "-" "Mozilla/5.0 (Macintosh; Intel Mac OS X 10_8_2) AppleWebKit/537.4 (KHTML, like Gecko) Chrome/22.0.1229.94 Safari/537.4"
165.123.86.1 - - [31/Oct/2012:10:35:51 -0400] "GET /cosign/valid?cosign-www.gradecraft.com=tIQFVm-4q0ewPLWTZIhyOHuM9xzZMIalzf5K3DoeDmafkjiR1k4qoXRdVZ8jlcwGuT7uyjJzw4vqihZi2iIZhEWbZgQnows+K7Y3yhVp6Twzn5tX6WVIeg8J9NJH&https://www.gradecraft.com/dashboard HTTP/1.1" 301 4128 "https://weblogin.umich.edu/cosign-bin/cosign.cgi" "Mozilla/5.0 (Macintosh; Intel Mac OS X 10_6_8) AppleWebKit/537.11 (KHTML, like Gecko) Chrome/23.0.1271.26 Safari/537.11"
165.123.86.1 - mfed@wharton.upenn.edu [31/Oct/2012:10:35:52 -0400] "GET /dashboard HTTP/1.1" 200 4372 "https://weblogin.umich.edu/cosign-bin/cosign.cgi" "Mozilla/5.0 (Macintosh; Intel Mac OS X 10_6_8) AppleWebKit/537.11 (KHTML, like Gecko) Chrome/23.0.1271.26 Safari/537.11"
165.123.86.1 - mfed@wharton.upenn.edu [31/Oct/2012:10:35:52 -0400] "GET /assets/stylesheets/superhero.min.css HTTP/1.1" 404 4288 "https://www.gradecraft.com/dashboard" "Mozilla/5.0 (Macintosh; Intel Mac OS X 10_6_8) AppleWebKit/537.11 (KHTML, like Gecko) Chrome/23.0.1271.26 Safari/537.11"
165.123.86.1 - mfed@wharton.upenn.edu [31/Oct/2012:10:35:52 -0400] "GET /assets/application-a3ae5c543e1d181d1d7cb923cba7352c.css HTTP/1.1" 200 47949 "https://www.gradecraft.com/dashboard" "Mozilla/5.0 (Macintosh; Intel Mac OS X 10_6_8) AppleWebKit/537.11 (KHTML, like Gecko) Chrome/23.0.1271.26 Safari/537.11"
165.123.86.1 - mfed@wharton.upenn.edu [31/Oct/2012:10:35:52 -0400] "GET /assets/application-4019f0e2cdfabad442b22c5ea2d0cede.js HTTP/1.1" 200 211849 "https://www.gradecraft.com/dashboard" "Mozilla/5.0 (Macintosh; Intel Mac OS X 10_6_8) AppleWebKit/537.11 (KHTML, like Gecko) Chrome/23.0.1271.26 Safari/537.11"
165.123.86.1 - mfed@wharton.upenn.edu [31/Oct/2012:10:35:53 -0400] "GET /badges/wharton/image01.png HTTP/1.1" 200 6842 "https://www.gradecraft.com/dashboard" "Mozilla/5.0 (Macintosh; Intel Mac OS X 10_6_8) AppleWebKit/537.11 (KHTML, like Gecko) Chrome/23.0.1271.26 Safari/537.11"
165.123.86.1 - mfed@wharton.upenn.edu [31/Oct/2012:10:35:53 -0400] "GET /badges/wharton/image02.png HTTP/1.1" 200 12982 "https://www.gradecraft.com/dashboard" "Mozilla/5.0 (Macintosh; Intel Mac OS X 10_6_8) AppleWebKit/537.11 (KHTML, like Gecko) Chrome/23.0.1271.26 Safari/537.11"
165.123.86.1 - mfed@wharton.upenn.edu [31/Oct/2012:10:35:53 -0400] "GET /badges/wharton/image03.png HTTP/1.1" 200 10843 "https://www.gradecraft.com/dashboard" "Mozilla/5.0 (Macintosh; Intel Mac OS X 10_6_8) AppleWebKit/537.11 (KHTML, like Gecko) Chrome/23.0.1271.26 Safari/537.11"
165.123.86.1 - mfed@wharton.upenn.edu [31/Oct/2012:10:35:53 -0400] "GET /badges/wharton/image05.png HTTP/1.1" 200 7866 "https://www.gradecraft.com/dashboard" "Mozilla/5.0 (Macintosh; Intel Mac OS X 10_6_8) AppleWebKit/537.11 (KHTML, like Gecko) Chrome/23.0.1271.26 Safari/537.11"
165.123.86.1 - mfed@wharton.upenn.edu [31/Oct/2012:10:35:53 -0400] "GET /badges/wharton/image06.png HTTP/1.1" 200 8042 "https://www.gradecraft.com/dashboard" "Mozilla/5.0 (Macintosh; Intel Mac OS X 10_6_8) AppleWebKit/537.11 (KHTML, like Gecko) Chrome/23.0.1271.26 Safari/537.11"
165.123.86.1 - mfed@wharton.upenn.edu [31/Oct/2012:10:35:53 -0400] "GET /badges/wharton/image04.png HTTP/1.1" 200 7835 "https://www.gradecraft.com/dashboard" "Mozilla/5.0 (Macintosh; Intel Mac OS X 10_6_8) AppleWebKit/537.11 (KHTML, like Gecko) Chrome/23.0.1271.26 Safari/537.11"
165.123.86.1 - mfed@wharton.upenn.edu [31/Oct/2012:10:35:53 -0400] "GET /badges/wharton/image07.png HTTP/1.1" 200 7946 "https://www.gradecraft.com/dashboard" "Mozilla/5.0 (Macintosh; Intel Mac OS X 10_6_8) AppleWebKit/537.11 (KHTML, like Gecko) Chrome/23.0.1271.26 Safari/537.11"
165.123.86.1 - mfed@wharton.upenn.edu [31/Oct/2012:10:35:53 -0400] "GET /badges/wharton/image08.png HTTP/1.1" 200 11146 "https://www.gradecraft.com/dashboard" "Mozilla/5.0 (Macintosh; Intel Mac OS X 10_6_8) AppleWebKit/537.11 (KHTML, like Gecko) Chrome/23.0.1271.26 Safari/537.11"
165.123.86.1 - mfed@wharton.upenn.edu [31/Oct/2012:10:35:53 -0400] "GET /badges/wharton/image09.png HTTP/1.1" 200 11818 "https://www.gradecraft.com/dashboard" "Mozilla/5.0 (Macintosh; Intel Mac OS X 10_6_8) AppleWebKit/537.11 (KHTML, like Gecko) Chrome/23.0.1271.26 Safari/537.11"
165.123.86.1 - mfed@wharton.upenn.edu [31/Oct/2012:10:35:53 -0400] "GET /badges/wharton/image00.png HTTP/1.1" 200 8362 "https://www.gradecraft.com/dashboard" "Mozilla/5.0 (Macintosh; Intel Mac OS X 10_6_8) AppleWebKit/537.11 (KHTML, like Gecko) Chrome/23.0.1271.26 Safari/537.11"
165.123.86.1 - mfed@wharton.upenn.edu [31/Oct/2012:10:35:53 -0400] "GET /badges/wharton/Game-Master-Badge.png HTTP/1.1" 200 11946 "https://www.gradecraft.com/dashboard" "Mozilla/5.0 (Macintosh; Intel Mac OS X 10_6_8) AppleWebKit/537.11 (KHTML, like Gecko) Chrome/23.0.1271.26 Safari/537.11"
165.123.86.1 - mfed@wharton.upenn.edu [31/Oct/2012:10:35:53 -0400] "GET /badges/wharton/Corporate-Lackey-Badge.png HTTP/1.1" 200 9914 "https://www.gradecraft.com/dashboard" "Mozilla/5.0 (Macintosh; Intel Mac OS X 10_6_8) AppleWebKit/537.11 (KHTML, like Gecko) Chrome/23.0.1271.26 Safari/537.11"
165.123.86.1 - mfed@wharton.upenn.edu [31/Oct/2012:10:35:53 -0400] "GET /badges/wharton/Globe-Trotter-Badge.png HTTP/1.1" 200 10490 "https://www.gradecraft.com/dashboard" "Mozilla/5.0 (Macintosh; Intel Mac OS X 10_6_8) AppleWebKit/537.11 (KHTML, like Gecko) Chrome/23.0.1271.26 Safari/537.11"
165.123.86.1 - mfed@wharton.upenn.edu [31/Oct/2012:10:35:53 -0400] "GET /users/predictor.json?user_id=52 HTTP/1.1" 304 885 "https://www.gradecraft.com/dashboard" "Mozilla/5.0 (Macintosh; Intel Mac OS X 10_6_8) AppleWebKit/537.11 (KHTML, like Gecko) Chrome/23.0.1271.26 Safari/537.11"
165.123.86.1 - mfed@wharton.upenn.edu [31/Oct/2012:10:35:53 -0400] "GET /favicon.ico HTTP/1.1" 200 4650 "-" "Mozilla/5.0 (Macintosh; Intel Mac OS X 10_6_8) AppleWebKit/537.11 (KHTML, like Gecko) Chrome/23.0.1271.26 Safari/537.11"
165.123.86.1 - mfed@wharton.upenn.edu [31/Oct/2012:10:35:53 -0400] "GET /users/predictor.json?in_progress=true&user_id=52 HTTP/1.1" 304 885 "https://www.gradecraft.com/dashboard" "Mozilla/5.0 (Macintosh; Intel Mac OS X 10_6_8) AppleWebKit/537.11 (KHTML, like Gecko) Chrome/23.0.1271.26 Safari/537.11"
130.91.57.214 - - [31/Oct/2012:10:35:53 -0400] "GET /cosign/valid?cosign-www.gradecraft.com=Cj-kvEuHdrjuKY9FAL4pDKwTyS63fWucAnNPvqPGBWngH9xU02GPjEodzt1s4DC3DUT0cYQMAe0eSasNr6AD8vxh-4YhppAsgLPLc1FiYf0SnSiYqpbyi4X1bX-z&https://www.gradecraft.com/ HTTP/1.1" 301 868 "https://weblogin.umich.edu/?cosign-www.gradecraft.com&https://www.gradecraft.com/" "Mozilla/5.0 (Macintosh; Intel Mac OS X 10_8_2) AppleWebKit/537.4 (KHTML, like Gecko) Chrome/22.0.1229.94 Safari/537.4"
130.91.57.214 - jvarela@wharton.upenn.edu [31/Oct/2012:10:35:53 -0400] "GET / HTTP/1.1" 200 4356 "https://weblogin.umich.edu/?cosign-www.gradecraft.com&https://www.gradecraft.com/" "Mozilla/5.0 (Macintosh; Intel Mac OS X 10_8_2) AppleWebKit/537.4 (KHTML, like Gecko) Chrome/22.0.1229.94 Safari/537.4"
130.91.57.214 - jvarela@wharton.upenn.edu [31/Oct/2012:10:35:54 -0400] "GET /assets/application-a3ae5c543e1d181d1d7cb923cba7352c.css HTTP/1.1" 200 47949 "https://www.gradecraft.com/" "Mozilla/5.0 (Macintosh; Intel Mac OS X 10_8_2) AppleWebKit/537.4 (KHTML, like Gecko) Chrome/22.0.1229.94 Safari/537.4"
130.91.57.214 - jvarela@wharton.upenn.edu [31/Oct/2012:10:35:54 -0400] "GET /assets/stylesheets/superhero.min.css HTTP/1.1" 404 1205 "https://www.gradecraft.com/" "Mozilla/5.0 (Macintosh; Intel Mac OS X 10_8_2) AppleWebKit/537.4 (KHTML, like Gecko) Chrome/22.0.1229.94 Safari/537.4"
130.91.57.214 - jvarela@wharton.upenn.edu [31/Oct/2012:10:35:54 -0400] "GET /assets/application-4019f0e2cdfabad442b22c5ea2d0cede.js HTTP/1.1" 200 208766 "https://www.gradecraft.com/" "Mozilla/5.0 (Macintosh; Intel Mac OS X 10_8_2) AppleWebKit/537.4 (KHTML, like Gecko) Chrome/22.0.1229.94 Safari/537.4"
130.91.57.214 - jvarela@wharton.upenn.edu [31/Oct/2012:10:35:54 -0400] "GET /badges/wharton/image01.png HTTP/1.1" 200 6842 "https://www.gradecraft.com/" "Mozilla/5.0 (Macintosh; Intel Mac OS X 10_8_2) AppleWebKit/537.4 (KHTML, like Gecko) Chrome/22.0.1229.94 Safari/537.4"
130.91.57.214 - jvarela@wharton.upenn.edu [31/Oct/2012:10:35:54 -0400] "GET /badges/wharton/image02.png HTTP/1.1" 200 9899 "https://www.gradecraft.com/" "Mozilla/5.0 (Macintosh; Intel Mac OS X 10_8_2) AppleWebKit/537.4 (KHTML, like Gecko) Chrome/22.0.1229.94 Safari/537.4"
130.91.57.214 - jvarela@wharton.upenn.edu [31/Oct/2012:10:35:54 -0400] "GET /badges/wharton/image05.png HTTP/1.1" 200 7866 "https://www.gradecraft.com/" "Mozilla/5.0 (Macintosh; Intel Mac OS X 10_8_2) AppleWebKit/537.4 (KHTML, like Gecko) Chrome/22.0.1229.94 Safari/537.4"
130.91.57.214 - jvarela@wharton.upenn.edu [31/Oct/2012:10:35:54 -0400] "GET /badges/wharton/image03.png HTTP/1.1" 200 10843 "https://www.gradecraft.com/" "Mozilla/5.0 (Macintosh; Intel Mac OS X 10_8_2) AppleWebKit/537.4 (KHTML, like Gecko) Chrome/22.0.1229.94 Safari/537.4"
130.91.57.214 - jvarela@wharton.upenn.edu [31/Oct/2012:10:35:54 -0400] "GET /badges/wharton/image04.png HTTP/1.1" 200 7835 "https://www.gradecraft.com/" "Mozilla/5.0 (Macintosh; Intel Mac OS X 10_8_2) AppleWebKit/537.4 (KHTML, like Gecko) Chrome/22.0.1229.94 Safari/537.4"
130.91.57.214 - jvarela@wharton.upenn.edu [31/Oct/2012:10:35:54 -0400] "GET /badges/wharton/image07.png HTTP/1.1" 200 7946 "https://www.gradecraft.com/" "Mozilla/5.0 (Macintosh; Intel Mac OS X 10_8_2) AppleWebKit/537.4 (KHTML, like Gecko) Chrome/22.0.1229.94 Safari/537.4"
130.91.57.214 - jvarela@wharton.upenn.edu [31/Oct/2012:10:35:54 -0400] "GET /badges/wharton/image06.png HTTP/1.1" 200 8042 "https://www.gradecraft.com/" "Mozilla/5.0 (Macintosh; Intel Mac OS X 10_8_2) AppleWebKit/537.4 (KHTML, like Gecko) Chrome/22.0.1229.94 Safari/537.4"
130.91.57.214 - jvarela@wharton.upenn.edu [31/Oct/2012:10:35:54 -0400] "GET /badges/wharton/image08.png HTTP/1.1" 200 11146 "https://www.gradecraft.com/" "Mozilla/5.0 (Macintosh; Intel Mac OS X 10_8_2) AppleWebKit/537.4 (KHTML, like Gecko) Chrome/22.0.1229.94 Safari/537.4"
130.91.57.214 - jvarela@wharton.upenn.edu [31/Oct/2012:10:35:54 -0400] "GET /badges/wharton/image09.png HTTP/1.1" 200 11818 "https://www.gradecraft.com/" "Mozilla/5.0 (Macintosh; Intel Mac OS X 10_8_2) AppleWebKit/537.4 (KHTML, like Gecko) Chrome/22.0.1229.94 Safari/537.4"
130.91.57.214 - jvarela@wharton.upenn.edu [31/Oct/2012:10:35:54 -0400] "GET /badges/wharton/image00.png HTTP/1.1" 200 8362 "https://www.gradecraft.com/" "Mozilla/5.0 (Macintosh; Intel Mac OS X 10_8_2) AppleWebKit/537.4 (KHTML, like Gecko) Chrome/22.0.1229.94 Safari/537.4"
130.91.57.214 - jvarela@wharton.upenn.edu [31/Oct/2012:10:35:54 -0400] "GET /badges/wharton/Game-Master-Badge.png HTTP/1.1" 200 11946 "https://www.gradecraft.com/" "Mozilla/5.0 (Macintosh; Intel Mac OS X 10_8_2) AppleWebKit/537.4 (KHTML, like Gecko) Chrome/22.0.1229.94 Safari/537.4"
130.91.57.214 - jvarela@wharton.upenn.edu [31/Oct/2012:10:35:54 -0400] "GET /badges/wharton/Corporate-Lackey-Badge.png HTTP/1.1" 200 9914 "https://www.gradecraft.com/" "Mozilla/5.0 (Macintosh; Intel Mac OS X 10_8_2) AppleWebKit/537.4 (KHTML, like Gecko) Chrome/22.0.1229.94 Safari/537.4"
130.91.57.214 - jvarela@wharton.upenn.edu [31/Oct/2012:10:35:54 -0400] "GET /users/predictor.json?user_id=32 HTTP/1.1" 200 1674 "https://www.gradecraft.com/" "Mozilla/5.0 (Macintosh; Intel Mac OS X 10_8_2) AppleWebKit/537.4 (KHTML, like Gecko) Chrome/22.0.1229.94 Safari/537.4"
130.91.57.214 - jvarela@wharton.upenn.edu [31/Oct/2012:10:35:54 -0400] "GET /badges/wharton/Globe-Trotter-Badge.png HTTP/1.1" 200 10490 "https://www.gradecraft.com/" "Mozilla/5.0 (Macintosh; Intel Mac OS X 10_8_2) AppleWebKit/537.4 (KHTML, like Gecko) Chrome/22.0.1229.94 Safari/537.4"
130.91.57.214 - jvarela@wharton.upenn.edu [31/Oct/2012:10:35:54 -0400] "GET /users/predictor.json?in_progress=true&user_id=32 HTTP/1.1" 200 1674 "https://www.gradecraft.com/" "Mozilla/5.0 (Macintosh; Intel Mac OS X 10_8_2) AppleWebKit/537.4 (KHTML, like Gecko) Chrome/22.0.1229.94 Safari/537.4"
130.91.57.214 - jvarela@wharton.upenn.edu [31/Oct/2012:10:35:55 -0400] "GET /favicon.ico HTTP/1.1" 200 4650 "-" "Mozilla/5.0 (Macintosh; Intel Mac OS X 10_8_2) AppleWebKit/537.4 (KHTML, like Gecko) Chrome/22.0.1229.94 Safari/537.4"
165.123.86.1 - mfed@wharton.upenn.edu [31/Oct/2012:10:36:05 -0400] "GET /assignments/15/grades/self_log?gradeable_id=52&gradeable_type=User HTTP/1.1" 200 2676 "https://www.gradecraft.com/dashboard" "Mozilla/5.0 (Macintosh; Intel Mac OS X 10_6_8) AppleWebKit/537.11 (KHTML, like Gecko) Chrome/23.0.1271.26 Safari/537.11"
165.123.86.1 - mfed@wharton.upenn.edu [31/Oct/2012:10:36:05 -0400] "GET /assets/stylesheets/superhero.min.css HTTP/1.1" 404 1044 "https://www.gradecraft.com/assignments/15/grades/self_log?gradeable_id=52&gradeable_type=User" "Mozilla/5.0 (Macintosh; Intel Mac OS X 10_6_8) AppleWebKit/537.11 (KHTML, like Gecko) Chrome/23.0.1271.26 Safari/537.11"
165.123.84.248 - hougies@wharton.upenn.edu [31/Oct/2012:10:36:07 -0400] "GET /dashboard HTTP/1.1" 200 6758 "https://www.gradecraft.com/assignments/15/grades/self_log?gradeable_id=55&gradeable_type=User" "Mozilla/5.0 (Macintosh; Intel Mac OS X 10_6_8) AppleWebKit/534.57.2 (KHTML, like Gecko) Version/5.1.7 Safari/534.57.2"
165.123.84.248 - hougies@wharton.upenn.edu [31/Oct/2012:10:36:08 -0400] "GET /assets/application-a3ae5c543e1d181d1d7cb923cba7352c.css HTTP/1.1" 304 245 "https://www.gradecraft.com/dashboard" "Mozilla/5.0 (Macintosh; Intel Mac OS X 10_6_8) AppleWebKit/534.57.2 (KHTML, like Gecko) Version/5.1.7 Safari/534.57.2"
165.123.84.248 - hougies@wharton.upenn.edu [31/Oct/2012:10:36:08 -0400] "GET /assets/application-4019f0e2cdfabad442b22c5ea2d0cede.js HTTP/1.1" 304 383 "https://www.gradecraft.com/dashboard" "Mozilla/5.0 (Macintosh; Intel Mac OS X 10_6_8) AppleWebKit/534.57.2 (KHTML, like Gecko) Version/5.1.7 Safari/534.57.2"
165.123.84.248 - hougies@wharton.upenn.edu [31/Oct/2012:10:36:08 -0400] "GET /assets/stylesheets/superhero.min.css HTTP/1.1" 404 1198 "https://www.gradecraft.com/dashboard" "Mozilla/5.0 (Macintosh; Intel Mac OS X 10_6_8) AppleWebKit/534.57.2 (KHTML, like Gecko) Version/5.1.7 Safari/534.57.2"
165.123.84.248 - hougies@wharton.upenn.edu [31/Oct/2012:10:36:09 -0400] "GET /badges/wharton/image02.png HTTP/1.1" 304 213 "https://www.gradecraft.com/dashboard" "Mozilla/5.0 (Macintosh; Intel Mac OS X 10_6_8) AppleWebKit/534.57.2 (KHTML, like Gecko) Version/5.1.7 Safari/534.57.2"
165.123.84.248 - hougies@wharton.upenn.edu [31/Oct/2012:10:36:09 -0400] "GET /badges/wharton/image01.png HTTP/1.1" 304 213 "https://www.gradecraft.com/dashboard" "Mozilla/5.0 (Macintosh; Intel Mac OS X 10_6_8) AppleWebKit/534.57.2 (KHTML, like Gecko) Version/5.1.7 Safari/534.57.2"
165.123.84.248 - hougies@wharton.upenn.edu [31/Oct/2012:10:36:09 -0400] "GET /badges/wharton/image03.png HTTP/1.1" 304 213 "https://www.gradecraft.com/dashboard" "Mozilla/5.0 (Macintosh; Intel Mac OS X 10_6_8) AppleWebKit/534.57.2 (KHTML, like Gecko) Version/5.1.7 Safari/534.57.2"
165.123.84.248 - hougies@wharton.upenn.edu [31/Oct/2012:10:36:09 -0400] "GET /badges/wharton/image04.png HTTP/1.1" 304 213 "https://www.gradecraft.com/dashboard" "Mozilla/5.0 (Macintosh; Intel Mac OS X 10_6_8) AppleWebKit/534.57.2 (KHTML, like Gecko) Version/5.1.7 Safari/534.57.2"
165.123.84.248 - hougies@wharton.upenn.edu [31/Oct/2012:10:36:09 -0400] "GET /badges/wharton/image07.png HTTP/1.1" 304 213 "https://www.gradecraft.com/dashboard" "Mozilla/5.0 (Macintosh; Intel Mac OS X 10_6_8) AppleWebKit/534.57.2 (KHTML, like Gecko) Version/5.1.7 Safari/534.57.2"
165.123.84.248 - hougies@wharton.upenn.edu [31/Oct/2012:10:36:09 -0400] "GET /badges/wharton/image08.png HTTP/1.1" 304 213 "https://www.gradecraft.com/dashboard" "Mozilla/5.0 (Macintosh; Intel Mac OS X 10_6_8) AppleWebKit/534.57.2 (KHTML, like Gecko) Version/5.1.7 Safari/534.57.2"
165.123.84.248 - hougies@wharton.upenn.edu [31/Oct/2012:10:36:09 -0400] "GET /badges/wharton/image09.png HTTP/1.1" 304 213 "https://www.gradecraft.com/dashboard" "Mozilla/5.0 (Macintosh; Intel Mac OS X 10_6_8) AppleWebKit/534.57.2 (KHTML, like Gecko) Version/5.1.7 Safari/534.57.2"
165.123.84.248 - hougies@wharton.upenn.edu [31/Oct/2012:10:36:09 -0400] "GET /badges/wharton/image00.png HTTP/1.1" 304 213 "https://www.gradecraft.com/dashboard" "Mozilla/5.0 (Macintosh; Intel Mac OS X 10_6_8) AppleWebKit/534.57.2 (KHTML, like Gecko) Version/5.1.7 Safari/534.57.2"
165.123.84.248 - hougies@wharton.upenn.edu [31/Oct/2012:10:36:09 -0400] "GET /badges/wharton/image05.png HTTP/1.1" 304 367 "https://www.gradecraft.com/dashboard" "Mozilla/5.0 (Macintosh; Intel Mac OS X 10_6_8) AppleWebKit/534.57.2 (KHTML, like Gecko) Version/5.1.7 Safari/534.57.2"
165.123.84.248 - hougies@wharton.upenn.edu [31/Oct/2012:10:36:09 -0400] "GET /badges/wharton/image06.png HTTP/1.1" 304 367 "https://www.gradecraft.com/dashboard" "Mozilla/5.0 (Macintosh; Intel Mac OS X 10_6_8) AppleWebKit/534.57.2 (KHTML, like Gecko) Version/5.1.7 Safari/534.57.2"
165.123.84.248 - hougies@wharton.upenn.edu [31/Oct/2012:10:36:09 -0400] "GET /badges/wharton/Game-Master-Badge.png HTTP/1.1" 304 213 "https://www.gradecraft.com/dashboard" "Mozilla/5.0 (Macintosh; Intel Mac OS X 10_6_8) AppleWebKit/534.57.2 (KHTML, like Gecko) Version/5.1.7 Safari/534.57.2"
165.123.84.248 - hougies@wharton.upenn.edu [31/Oct/2012:10:36:09 -0400] "GET /badges/wharton/Corporate-Lackey-Badge.png HTTP/1.1" 304 213 "https://www.gradecraft.com/dashboard" "Mozilla/5.0 (Macintosh; Intel Mac OS X 10_6_8) AppleWebKit/534.57.2 (KHTML, like Gecko) Version/5.1.7 Safari/534.57.2"
165.123.84.248 - hougies@wharton.upenn.edu [31/Oct/2012:10:36:09 -0400] "GET /badges/wharton/Globe-Trotter-Badge.png HTTP/1.1" 304 213 "https://www.gradecraft.com/dashboard" "Mozilla/5.0 (Macintosh; Intel Mac OS X 10_6_8) AppleWebKit/534.57.2 (KHTML, like Gecko) Version/5.1.7 Safari/534.57.2"
165.123.84.248 - hougies@wharton.upenn.edu [31/Oct/2012:10:36:09 -0400] "GET /users/predictor.json?in_progress=true&user_id=55 HTTP/1.1" 200 1690 "https://www.gradecraft.com/dashboard" "Mozilla/5.0 (Macintosh; Intel Mac OS X 10_6_8) AppleWebKit/534.57.2 (KHTML, like Gecko) Version/5.1.7 Safari/534.57.2"
165.123.84.248 - hougies@wharton.upenn.edu [31/Oct/2012:10:36:09 -0400] "GET /users/predictor.json?user_id=55 HTTP/1.1" 200 1828 "https://www.gradecraft.com/dashboard" "Mozilla/5.0 (Macintosh; Intel Mac OS X 10_6_8) AppleWebKit/534.57.2 (KHTML, like Gecko) Version/5.1.7 Safari/534.57.2"
165.123.86.1 - mfed@wharton.upenn.edu [31/Oct/2012:10:36:09 -0400] "POST /assignments/15/grades/self_log_create HTTP/1.1" 302 1636 "https://www.gradecraft.com/assignments/15/grades/self_log?gradeable_id=52&gradeable_type=User" "Mozilla/5.0 (Macintosh; Intel Mac OS X 10_6_8) AppleWebKit/537.11 (KHTML, like Gecko) Chrome/23.0.1271.26 Safari/537.11"
165.123.86.1 - mfed@wharton.upenn.edu [31/Oct/2012:10:36:09 -0400] "GET /dashboard HTTP/1.1" 200 4532 "https://www.gradecraft.com/assignments/15/grades/self_log?gradeable_id=52&gradeable_type=User" "Mozilla/5.0 (Macintosh; Intel Mac OS X 10_6_8) AppleWebKit/537.11 (KHTML, like Gecko) Chrome/23.0.1271.26 Safari/537.11"
165.123.86.1 - mfed@wharton.upenn.edu [31/Oct/2012:10:36:10 -0400] "GET /assets/stylesheets/superhero.min.css HTTP/1.1" 404 1044 "https://www.gradecraft.com/dashboard" "Mozilla/5.0 (Macintosh; Intel Mac OS X 10_6_8) AppleWebKit/537.11 (KHTML, like Gecko) Chrome/23.0.1271.26 Safari/537.11"
165.123.86.1 - mfed@wharton.upenn.edu [31/Oct/2012:10:36:10 -0400] "GET /users/predictor.json?in_progress=true&user_id=52 HTTP/1.1" 304 869 "https://www.gradecraft.com/dashboard" "Mozilla/5.0 (Macintosh; Intel Mac OS X 10_6_8) AppleWebKit/537.11 (KHTML, like Gecko) Chrome/23.0.1271.26 Safari/537.11"
165.123.86.1 - mfed@wharton.upenn.edu [31/Oct/2012:10:36:10 -0400] "GET /users/predictor.json?user_id=52 HTTP/1.1" 304 1030 "https://www.gradecraft.com/dashboard" "Mozilla/5.0 (Macintosh; Intel Mac OS X 10_6_8) AppleWebKit/537.11 (KHTML, like Gecko) Chrome/23.0.1271.26 Safari/537.11"
130.91.57.214 - jvarela@wharton.upenn.edu [31/Oct/2012:10:36:11 -0400] "GET /assignments/15/grades/self_log?gradeable_id=32&gradeable_type=User HTTP/1.1" 200 2805 "https://www.gradecraft.com/" "Mozilla/5.0 (Macintosh; Intel Mac OS X 10_8_2) AppleWebKit/537.4 (KHTML, like Gecko) Chrome/22.0.1229.94 Safari/537.4"
130.91.57.214 - jvarela@wharton.upenn.edu [31/Oct/2012:10:36:12 -0400] "GET /assets/stylesheets/superhero.min.css HTTP/1.1" 404 1044 "https://www.gradecraft.com/assignments/15/grades/self_log?gradeable_id=32&gradeable_type=User" "Mozilla/5.0 (Macintosh; Intel Mac OS X 10_8_2) AppleWebKit/537.4 (KHTML, like Gecko) Chrome/22.0.1229.94 Safari/537.4"
130.91.57.214 - jvarela@wharton.upenn.edu [31/Oct/2012:10:36:14 -0400] "POST /assignments/15/grades/self_log_create HTTP/1.1" 302 1636 "https://www.gradecraft.com/assignments/15/grades/self_log?gradeable_id=32&gradeable_type=User" "Mozilla/5.0 (Macintosh; Intel Mac OS X 10_8_2) AppleWebKit/537.4 (KHTML, like Gecko) Chrome/22.0.1229.94 Safari/537.4"
130.91.57.214 - jvarela@wharton.upenn.edu [31/Oct/2012:10:36:15 -0400] "GET /dashboard HTTP/1.1" 200 4532 "https://www.gradecraft.com/assignments/15/grades/self_log?gradeable_id=32&gradeable_type=User" "Mozilla/5.0 (Macintosh; Intel Mac OS X 10_8_2) AppleWebKit/537.4 (KHTML, like Gecko) Chrome/22.0.1229.94 Safari/537.4"
130.91.57.214 - jvarela@wharton.upenn.edu [31/Oct/2012:10:36:15 -0400] "GET /assets/stylesheets/superhero.min.css HTTP/1.1" 404 1044 "https://www.gradecraft.com/dashboard" "Mozilla/5.0 (Macintosh; Intel Mac OS X 10_8_2) AppleWebKit/537.4 (KHTML, like Gecko) Chrome/22.0.1229.94 Safari/537.4"
130.91.57.214 - jvarela@wharton.upenn.edu [31/Oct/2012:10:36:15 -0400] "GET /users/predictor.json?in_progress=true&user_id=32 HTTP/1.1" 304 869 "https://www.gradecraft.com/dashboard" "Mozilla/5.0 (Macintosh; Intel Mac OS X 10_8_2) AppleWebKit/537.4 (KHTML, like Gecko) Chrome/22.0.1229.94 Safari/537.4"
130.91.57.214 - jvarela@wharton.upenn.edu [31/Oct/2012:10:36:15 -0400] "GET /users/predictor.json?user_id=32 HTTP/1.1" 304 1014 "https://www.gradecraft.com/dashboard" "Mozilla/5.0 (Macintosh; Intel Mac OS X 10_8_2) AppleWebKit/537.4 (KHTML, like Gecko) Chrome/22.0.1229.94 Safari/537.4"
165.123.84.248 - hougies@wharton.upenn.edu [31/Oct/2012:10:36:16 -0400] "GET /users/predictor?user_id=55 HTTP/1.1" 200 3972 "https://www.gradecraft.com/dashboard" "Mozilla/5.0 (Macintosh; Intel Mac OS X 10_6_8) AppleWebKit/534.57.2 (KHTML, like Gecko) Version/5.1.7 Safari/534.57.2"
165.123.84.248 - hougies@wharton.upenn.edu [31/Oct/2012:10:36:17 -0400] "GET /assets/images/bg_direction_nav.png HTTP/1.1" 200 2778 "https://www.gradecraft.com/users/predictor?user_id=55" "Mozilla/5.0 (Macintosh; Intel Mac OS X 10_6_8) AppleWebKit/534.57.2 (KHTML, like Gecko) Version/5.1.7 Safari/534.57.2"
165.123.84.248 - hougies@wharton.upenn.edu [31/Oct/2012:10:36:17 -0400] "GET /assets/stylesheets/superhero.min.css HTTP/1.1" 404 1044 "https://www.gradecraft.com/users/predictor?user_id=55" "Mozilla/5.0 (Macintosh; Intel Mac OS X 10_6_8) AppleWebKit/534.57.2 (KHTML, like Gecko) Version/5.1.7 Safari/534.57.2"
165.123.84.248 - hougies@wharton.upenn.edu [31/Oct/2012:10:36:18 -0400] "GET /assets/jquery-ui/ui-bg_flat_75_ffffff_40x100-841636c8f8d33987bb8d2f31e8ef92ca.png HTTP/1.1" 200 538 "https://www.gradecraft.com/users/predictor?user_id=55" "Mozilla/5.0 (Macintosh; Intel Mac OS X 10_6_8) AppleWebKit/534.57.2 (KHTML, like Gecko) Version/5.1.7 Safari/534.57.2"
165.123.84.248 - hougies@wharton.upenn.edu [31/Oct/2012:10:36:19 -0400] "GET /assets/jquery-ui/ui-bg_glass_75_e6e6e6_1x400-3e20bce1b7b2f5dd47ca6ac361805162.png HTTP/1.1" 200 474 "https://www.gradecraft.com/users/predictor?user_id=55" "Mozilla/5.0 (Macintosh; Intel Mac OS X 10_6_8) AppleWebKit/534.57.2 (KHTML, like Gecko) Version/5.1.7 Safari/534.57.2"
69.136.131.33 - - [31/Oct/2012:10:36:29 -0400] "GET /dashboard HTTP/1.1" 302 3254 "-" "Mozilla/5.0 (Macintosh; Intel Mac OS X 10_7_4) AppleWebKit/536.25 (KHTML, like Gecko) Version/6.0 Safari/536.25"
69.136.131.33 - - [31/Oct/2012:10:36:37 -0400] "GET /cosign/valid?cosign-www.gradecraft.com=bVsyCutwpAEkzplQKnjNUfYiNwZ5UeFkBompfnexYJi1ZxOiWWaoPtHQ+o6M-rnqCkFgAxrZN8AT95jxLH26pAU9PKx9LMbMmPwveIghP-UMfgOlPHk2oqGiZ7NG&https://www.gradecraft.com/dashboard HTTP/1.1" 301 900 "https://weblogin.umich.edu/?cosign-www.gradecraft.com&https://www.gradecraft.com/dashboard" "Mozilla/5.0 (Macintosh; Intel Mac OS X 10_7_4) AppleWebKit/536.25 (KHTML, like Gecko) Version/6.0 Safari/536.25"
69.136.131.33 - millsji [31/Oct/2012:10:36:37 -0400] "GET /dashboard HTTP/1.1" 302 1364 "https://weblogin.umich.edu/?cosign-www.gradecraft.com&https://www.gradecraft.com/dashboard" "Mozilla/5.0 (Macintosh; Intel Mac OS X 10_7_4) AppleWebKit/536.25 (KHTML, like Gecko) Version/6.0 Safari/536.25"
69.136.131.33 - millsji [31/Oct/2012:10:36:37 -0400] "GET /dashboard HTTP/1.1" 200 5188 "https://weblogin.umich.edu/?cosign-www.gradecraft.com&https://www.gradecraft.com/dashboard" "Mozilla/5.0 (Macintosh; Intel Mac OS X 10_7_4) AppleWebKit/536.25 (KHTML, like Gecko) Version/6.0 Safari/536.25"
69.136.131.33 - millsji [31/Oct/2012:10:36:39 -0400] "GET /assets/application-a3ae5c543e1d181d1d7cb923cba7352c.css HTTP/1.1" 200 47949 "https://www.gradecraft.com/dashboard" "Mozilla/5.0 (Macintosh; Intel Mac OS X 10_7_4) AppleWebKit/536.25 (KHTML, like Gecko) Version/6.0 Safari/536.25"
69.136.131.33 - millsji [31/Oct/2012:10:36:39 -0400] "GET /assets/application-4019f0e2cdfabad442b22c5ea2d0cede.js HTTP/1.1" 200 208759 "https://www.gradecraft.com/dashboard" "Mozilla/5.0 (Macintosh; Intel Mac OS X 10_7_4) AppleWebKit/536.25 (KHTML, like Gecko) Version/6.0 Safari/536.25"
69.136.131.33 - millsji [31/Oct/2012:10:36:40 -0400] "GET /badges/pos101/always_learning.png HTTP/1.1" 200 3204 "https://www.gradecraft.com/dashboard" "Mozilla/5.0 (Macintosh; Intel Mac OS X 10_7_4) AppleWebKit/536.25 (KHTML, like Gecko) Version/6.0 Safari/536.25"
69.136.131.33 - millsji [31/Oct/2012:10:36:40 -0400] "GET /badges/pos101/above_and_beyond.png HTTP/1.1" 200 6372 "https://www.gradecraft.com/dashboard" "Mozilla/5.0 (Macintosh; Intel Mac OS X 10_7_4) AppleWebKit/536.25 (KHTML, like Gecko) Version/6.0 Safari/536.25"
69.136.131.33 - millsji [31/Oct/2012:10:36:40 -0400] "GET /badges/pos101/awesome_aggregator.png HTTP/1.1" 200 5796 "https://www.gradecraft.com/dashboard" "Mozilla/5.0 (Macintosh; Intel Mac OS X 10_7_4) AppleWebKit/536.25 (KHTML, like Gecko) Version/6.0 Safari/536.25"
69.136.131.33 - millsji [31/Oct/2012:10:36:40 -0400] "GET /badges/pos101/great_critic.png HTTP/1.1" 200 5444 "https://www.gradecraft.com/dashboard" "Mozilla/5.0 (Macintosh; Intel Mac OS X 10_7_4) AppleWebKit/536.25 (KHTML, like Gecko) Version/6.0 Safari/536.25"
69.136.131.33 - millsji [31/Oct/2012:10:36:40 -0400] "GET /badges/pos101/presentation_of_self.png HTTP/1.1" 200 5498 "https://www.gradecraft.com/dashboard" "Mozilla/5.0 (Macintosh; Intel Mac OS X 10_7_4) AppleWebKit/536.25 (KHTML, like Gecko) Version/6.0 Safari/536.25"
69.136.131.33 - millsji [31/Oct/2012:10:36:40 -0400] "GET /badges/pos101/teachers_pet.png HTTP/1.1" 200 3194 "https://www.gradecraft.com/dashboard" "Mozilla/5.0 (Macintosh; Intel Mac OS X 10_7_4) AppleWebKit/536.25 (KHTML, like Gecko) Version/6.0 Safari/536.25"
69.136.131.33 - millsji [31/Oct/2012:10:36:40 -0400] "GET /badges/pos101/concentrator.png HTTP/1.1" 200 3594 "https://www.gradecraft.com/dashboard" "Mozilla/5.0 (Macintosh; Intel Mac OS X 10_7_4) AppleWebKit/536.25 (KHTML, like Gecko) Version/6.0 Safari/536.25"
69.136.131.33 - millsji [31/Oct/2012:10:36:40 -0400] "GET /badges/pos101/courageous_failure.png HTTP/1.1" 200 8410 "https://www.gradecraft.com/dashboard" "Mozilla/5.0 (Macintosh; Intel Mac OS X 10_7_4) AppleWebKit/536.25 (KHTML, like Gecko) Version/6.0 Safari/536.25"
69.136.131.33 - millsji [31/Oct/2012:10:36:40 -0400] "GET /badges/pos101/early_bird_special.png HTTP/1.1" 200 4602 "https://www.gradecraft.com/dashboard" "Mozilla/5.0 (Macintosh; Intel Mac OS X 10_7_4) AppleWebKit/536.25 (KHTML, like Gecko) Version/6.0 Safari/536.25"
69.136.131.33 - millsji [31/Oct/2012:10:36:40 -0400] "GET /badges/pos101/examination_expert.png HTTP/1.1" 200 4042 "https://www.gradecraft.com/dashboard" "Mozilla/5.0 (Macintosh; Intel Mac OS X 10_7_4) AppleWebKit/536.25 (KHTML, like Gecko) Version/6.0 Safari/536.25"
