67.194.213.50 - bsgoldma [23/Oct/2012:10:48:06 -0400] "GET /badges/pos101/practice_makes_perfect.png HTTP/1.1" 200 6010 "https://www.gradecraft.com/dashboard" "Mozilla/5.0 (Macintosh; Intel Mac OS X 10_8_2) AppleWebKit/536.26.14 (KHTML, like Gecko) Version/6.0.1 Safari/536.26.14"
67.194.213.50 - bsgoldma [23/Oct/2012:10:48:06 -0400] "GET /badges/pos101/scribe.png HTTP/1.1" 200 3002 "https://www.gradecraft.com/dashboard" "Mozilla/5.0 (Macintosh; Intel Mac OS X 10_8_2) AppleWebKit/536.26.14 (KHTML, like Gecko) Version/6.0.1 Safari/536.26.14"
67.194.213.50 - bsgoldma [23/Oct/2012:10:48:06 -0400] "GET /badges/pos101/phoebe_badge.jpg HTTP/1.1" 200 5994 "https://www.gradecraft.com/dashboard" "Mozilla/5.0 (Macintosh; Intel Mac OS X 10_8_2) AppleWebKit/536.26.14 (KHTML, like Gecko) Version/6.0.1 Safari/536.26.14"
67.194.213.50 - bsgoldma [23/Oct/2012:10:48:06 -0400] "GET /badges/pos101/times_immemorial.png HTTP/1.1" 200 5722 "https://www.gradecraft.com/dashboard" "Mozilla/5.0 (Macintosh; Intel Mac OS X 10_8_2) AppleWebKit/536.26.14 (KHTML, like Gecko) Version/6.0.1 Safari/536.26.14"
67.194.213.50 - bsgoldma [23/Oct/2012:10:48:06 -0400] "GET /users/predictor.json?user_id=149 HTTP/1.1" 200 1610 "https://www.gradecraft.com/dashboard" "Mozilla/5.0 (Macintosh; Intel Mac OS X 10_8_2) AppleWebKit/536.26.14 (KHTML, like Gecko) Version/6.0.1 Safari/536.26.14"
67.194.213.50 - bsgoldma [23/Oct/2012:10:48:06 -0400] "GET /users/predictor.json?in_progress=true&user_id=149 HTTP/1.1" 200 1610 "https://www.gradecraft.com/dashboard" "Mozilla/5.0 (Macintosh; Intel Mac OS X 10_8_2) AppleWebKit/536.26.14 (KHTML, like Gecko) Version/6.0.1 Safari/536.26.14"
67.194.84.90 - - [23/Oct/2012:10:48:44 -0400] "GET /dashboard HTTP/1.1" 302 3789 "-" "Mozilla/5.0 (Windows NT 6.1; WOW64) AppleWebKit/537.4 (KHTML, like Gecko) Chrome/22.0.1229.94 Safari/537.4"
67.194.84.90 - - [23/Oct/2012:10:48:53 -0400] "GET /cosign/valid?cosign-www.gradecraft.com=Kz96NsahKh2nj0UDdb1F5+W0lpz8t1txqGCfmtBKwprEbROs94qrnmQdOfxF3x-QHFxx4VIVXdPAoMR8Nd3xGw9u+cBMSEpWqYXU+0d3BfJuRVLwklDIh34exHkn&https://www.gradecraft.com/dashboard HTTP/1.1" 301 900 "https://weblogin.umich.edu/?cosign-www.gradecraft.com&https://www.gradecraft.com/dashboard" "Mozilla/5.0 (Windows NT 6.1; WOW64) AppleWebKit/537.4 (KHTML, like Gecko) Chrome/22.0.1229.94 Safari/537.4"
67.194.84.90 - zspell [23/Oct/2012:10:48:53 -0400] "GET /dashboard HTTP/1.1" 200 5220 "https://weblogin.umich.edu/?cosign-www.gradecraft.com&https://www.gradecraft.com/dashboard" "Mozilla/5.0 (Windows NT 6.1; WOW64) AppleWebKit/537.4 (KHTML, like Gecko) Chrome/22.0.1229.94 Safari/537.4"
67.194.84.90 - zspell [23/Oct/2012:10:48:54 -0400] "GET /assets/application-75efbcdd2e483708b1922621823d8e20.css HTTP/1.1" 304 245 "https://www.gradecraft.com/dashboard" "Mozilla/5.0 (Windows NT 6.1; WOW64) AppleWebKit/537.4 (KHTML, like Gecko) Chrome/22.0.1229.94 Safari/537.4"
67.194.84.90 - zspell [23/Oct/2012:10:48:54 -0400] "GET /assets/application-8ce02592fd93cf8f056fcba13d4bd5fc.js HTTP/1.1" 304 3278 "https://www.gradecraft.com/dashboard" "Mozilla/5.0 (Windows NT 6.1; WOW64) AppleWebKit/537.4 (KHTML, like Gecko) Chrome/22.0.1229.94 Safari/537.4"
67.194.84.90 - zspell [23/Oct/2012:10:48:55 -0400] "GET /favicon.ico HTTP/1.1" 200 7683 "-" "Mozilla/5.0 (Windows NT 6.1; WOW64) AppleWebKit/537.4 (KHTML, like Gecko) Chrome/22.0.1229.94 Safari/537.4"
67.194.84.90 - zspell [23/Oct/2012:10:48:55 -0400] "GET /users/predictor.json?user_id=256 HTTP/1.1" 304 885 "https://www.gradecraft.com/dashboard" "Mozilla/5.0 (Windows NT 6.1; WOW64) AppleWebKit/537.4 (KHTML, like Gecko) Chrome/22.0.1229.94 Safari/537.4"
67.194.84.90 - zspell [23/Oct/2012:10:48:55 -0400] "GET /users/predictor.json?in_progress=true&user_id=256 HTTP/1.1" 304 885 "https://www.gradecraft.com/dashboard" "Mozilla/5.0 (Windows NT 6.1; WOW64) AppleWebKit/537.4 (KHTML, like Gecko) Chrome/22.0.1229.94 Safari/537.4"
67.194.65.26 - jtfletch [23/Oct/2012:10:49:17 -0400] "GET / HTTP/1.1" 200 8173 "https://sites.google.com/a/umich.edu/polsci101f2012/grading-summary" "Mozilla/5.0 (Windows NT 6.1; WOW64) AppleWebKit/537.4 (KHTML, like Gecko) Chrome/22.0.1229.94 Safari/537.4"
67.194.65.26 - jtfletch [23/Oct/2012:10:49:19 -0400] "GET /users/predictor.json?user_id=147 HTTP/1.1" 304 3902 "https://www.gradecraft.com/" "Mozilla/5.0 (Windows NT 6.1; WOW64) AppleWebKit/537.4 (KHTML, like Gecko) Chrome/22.0.1229.94 Safari/537.4"
67.194.65.26 - jtfletch [23/Oct/2012:10:49:19 -0400] "GET /users/predictor.json?in_progress=true&user_id=147 HTTP/1.1" 304 869 "https://www.gradecraft.com/" "Mozilla/5.0 (Windows NT 6.1; WOW64) AppleWebKit/537.4 (KHTML, like Gecko) Chrome/22.0.1229.94 Safari/537.4"
67.194.216.218 - - [23/Oct/2012:10:51:00 -0400] "GET / HTTP/1.1" 302 3259 "-" "Mozilla/5.0 (Macintosh; Intel Mac OS X 10_8_1) AppleWebKit/536.25 (KHTML, like Gecko) Version/6.0 Safari/536.25"
67.194.65.26 - jtfletch [23/Oct/2012:10:51:05 -0400] "GET /badges HTTP/1.1" 200 7152 "https://www.gradecraft.com/" "Mozilla/5.0 (Windows NT 6.1; WOW64) AppleWebKit/537.4 (KHTML, like Gecko) Chrome/22.0.1229.94 Safari/537.4"
67.194.95.166 - ilesjef [23/Oct/2012:10:54:05 -0400] "GET /dashboard HTTP/1.1" 304 4145 "-" "Mozilla/5.0 (Macintosh; Intel Mac OS X 10_8_2) AppleWebKit/537.4 (KHTML, like Gecko) Chrome/22.0.1229.94 Safari/537.4"
67.194.95.166 - ilesjef [23/Oct/2012:10:54:07 -0400] "GET /users/predictor.json?user_id=150 HTTP/1.1" 304 4113 "https://www.gradecraft.com/dashboard" "Mozilla/5.0 (Macintosh; Intel Mac OS X 10_8_2) AppleWebKit/537.4 (KHTML, like Gecko) Chrome/22.0.1229.94 Safari/537.4"
67.194.95.166 - ilesjef [23/Oct/2012:10:54:07 -0400] "GET /users/predictor.json?in_progress=true&user_id=150 HTTP/1.1" 304 885 "https://www.gradecraft.com/dashboard" "Mozilla/5.0 (Macintosh; Intel Mac OS X 10_8_2) AppleWebKit/537.4 (KHTML, like Gecko) Chrome/22.0.1229.94 Safari/537.4"
67.194.214.226 - hay [23/Oct/2012:10:58:29 -0400] "GET / HTTP/1.1" 304 3950 "https://sites.google.com/a/umich.edu/polsci101f2012/readings/reading-homework" "Mozilla/5.0 (Macintosh; Intel Mac OS X 10_6_8) AppleWebKit/537.4 (KHTML, like Gecko) Chrome/22.0.1229.94 Safari/537.4"
67.194.214.226 - hay [23/Oct/2012:10:58:30 -0400] "GET / HTTP/1.1" 200 8141 "https://sites.google.com/a/umich.edu/polsci101f2012/readings/reading-homework" "Mozilla/5.0 (Macintosh; Intel Mac OS X 10_6_8) AppleWebKit/537.4 (KHTML, like Gecko) Chrome/22.0.1229.94 Safari/537.4"
67.194.214.226 - hay [23/Oct/2012:10:58:32 -0400] "GET /users/predictor.json?user_id=160 HTTP/1.1" 304 4097 "https://www.gradecraft.com/" "Mozilla/5.0 (Macintosh; Intel Mac OS X 10_6_8) AppleWebKit/537.4 (KHTML, like Gecko) Chrome/22.0.1229.94 Safari/537.4"
67.194.214.226 - hay [23/Oct/2012:10:58:32 -0400] "GET /users/predictor.json?in_progress=true&user_id=160 HTTP/1.1" 304 869 "https://www.gradecraft.com/" "Mozilla/5.0 (Macintosh; Intel Mac OS X 10_6_8) AppleWebKit/537.4 (KHTML, like Gecko) Chrome/22.0.1229.94 Safari/537.4"
67.194.214.226 - hay [23/Oct/2012:10:58:32 -0400] "GET / HTTP/1.1" 304 3950 "-" "Mozilla/5.0 (Macintosh; Intel Mac OS X 10_6_8) AppleWebKit/537.4 (KHTML, like Gecko) Chrome/22.0.1229.94 Safari/537.4"
67.194.214.226 - hay [23/Oct/2012:10:58:34 -0400] "GET /users/predictor.json?user_id=160 HTTP/1.1" 200 4627 "https://www.gradecraft.com/" "Mozilla/5.0 (Macintosh; Intel Mac OS X 10_6_8) AppleWebKit/537.4 (KHTML, like Gecko) Chrome/22.0.1229.94 Safari/537.4"
67.194.214.226 - hay [23/Oct/2012:10:58:34 -0400] "GET /users/predictor.json?in_progress=true&user_id=160 HTTP/1.1" 200 1610 "https://www.gradecraft.com/" "Mozilla/5.0 (Macintosh; Intel Mac OS X 10_6_8) AppleWebKit/537.4 (KHTML, like Gecko) Chrome/22.0.1229.94 Safari/537.4"
67.194.22.177 - - [23/Oct/2012:10:59:39 -0400] "GET /dashboard HTTP/1.1" 302 3789 "-" "Mozilla/5.0 (Macintosh; Intel Mac OS X 10.7; rv:13.0) Gecko/20100101 Firefox/13.0"
67.194.22.177 - - [23/Oct/2012:10:59:39 -0400] "GET /cosign/valid?cosign-www.gradecraft.com=GmiWXOWYA7W4IDzQ4PvbnUp+mVgJjCgZ+cVsIyIqy6SBPESKjphWSOHqZ-g+lIvnkJ7Na6sazFVUe1I8zbZSKIOMp8-SMdY0qAN0gKDgSYyBhHIm20TTz7UZw9XT&https://www.gradecraft.com/dashboard HTTP/1.1" 301 900 "-" "Mozilla/5.0 (Macintosh; Intel Mac OS X 10.7; rv:13.0) Gecko/20100101 Firefox/13.0"
67.194.22.177 - ppicon [23/Oct/2012:10:59:39 -0400] "GET /dashboard HTTP/1.1" 200 5076 "-" "Mozilla/5.0 (Macintosh; Intel Mac OS X 10.7; rv:13.0) Gecko/20100101 Firefox/13.0"
67.194.22.177 - ppicon [23/Oct/2012:10:59:42 -0400] "GET /assets/application-75efbcdd2e483708b1922621823d8e20.css HTTP/1.1" 304 245 "-" "Mozilla/5.0 (Macintosh; Intel Mac OS X 10.7; rv:13.0) Gecko/20100101 Firefox/13.0"
67.194.22.177 - ppicon [23/Oct/2012:10:59:42 -0400] "GET /assets/application-8ce02592fd93cf8f056fcba13d4bd5fc.js HTTP/1.1" 304 3473 "-" "Mozilla/5.0 (Macintosh; Intel Mac OS X 10.7; rv:13.0) Gecko/20100101 Firefox/13.0"
67.194.22.177 - ppicon [23/Oct/2012:10:59:43 -0400] "GET /users/predictor.json?user_id=273 HTTP/1.1" 304 885 "-" "Mozilla/5.0 (Macintosh; Intel Mac OS X 10.7; rv:13.0) Gecko/20100101 Firefox/13.0"
67.194.22.177 - ppicon [23/Oct/2012:10:59:43 -0400] "GET /users/predictor.json?in_progress=true&user_id=273 HTTP/1.1" 304 885 "-" "Mozilla/5.0 (Macintosh; Intel Mac OS X 10.7; rv:13.0) Gecko/20100101 Firefox/13.0"
67.194.10.53 - - [23/Oct/2012:11:00:24 -0400] "GET / HTTP/1.1" 302 3259 "-" "Mozilla/5.0 (Macintosh; Intel Mac OS X 10_8_2) AppleWebKit/536.26.14 (KHTML, like Gecko) Version/6.0.1 Safari/536.26.14"
67.194.221.117 - - [23/Oct/2012:11:00:42 -0400] "GET / HTTP/1.1" 302 3254 "https://sites.google.com/a/umich.edu/polsci101f2012/course-structure/solo-new-media-project" "Mozilla/5.0 (Macintosh; Intel Mac OS X 10_6_8) AppleWebKit/534.57.2 (KHTML, like Gecko) Version/5.1.7 Safari/534.57.2"
67.194.221.117 - - [23/Oct/2012:11:00:42 -0400] "GET /cosign/valid?cosign-www.gradecraft.com=WnCwomR6jlQyjj9wlBFMMpAZJZZ38LsXcK9C7qmD50dv6Vt7tnIMvr9SbLoXjrP1RVQaCouSmpwchV4jT8Hs1mthhqs1VWJvdBP5PxyS4epL-Z3nMs4+sUEYVdv2&https://www.gradecraft.com/ HTTP/1.1" 301 868 "https://sites.google.com/a/umich.edu/polsci101f2012/course-structure/solo-new-media-project" "Mozilla/5.0 (Macintosh; Intel Mac OS X 10_6_8) AppleWebKit/534.57.2 (KHTML, like Gecko) Version/5.1.7 Safari/534.57.2"
67.194.221.117 - clafo [23/Oct/2012:11:00:42 -0400] "GET / HTTP/1.1" 302 1348 "https://sites.google.com/a/umich.edu/polsci101f2012/course-structure/solo-new-media-project" "Mozilla/5.0 (Macintosh; Intel Mac OS X 10_6_8) AppleWebKit/534.57.2 (KHTML, like Gecko) Version/5.1.7 Safari/534.57.2"
67.194.221.117 - clafo [23/Oct/2012:11:00:42 -0400] "GET /dashboard HTTP/1.1" 200 5108 "https://sites.google.com/a/umich.edu/polsci101f2012/course-structure/solo-new-media-project" "Mozilla/5.0 (Macintosh; Intel Mac OS X 10_6_8) AppleWebKit/534.57.2 (KHTML, like Gecko) Version/5.1.7 Safari/534.57.2"
67.194.221.117 - clafo [23/Oct/2012:11:00:43 -0400] "GET /assets/application-75efbcdd2e483708b1922621823d8e20.css HTTP/1.1" 200 47319 "https://www.gradecraft.com/dashboard" "Mozilla/5.0 (Macintosh; Intel Mac OS X 10_6_8) AppleWebKit/534.57.2 (KHTML, like Gecko) Version/5.1.7 Safari/534.57.2"
67.194.221.117 - clafo [23/Oct/2012:11:00:43 -0400] "GET /assets/application-8ce02592fd93cf8f056fcba13d4bd5fc.js HTTP/1.1" 200 201800 "https://www.gradecraft.com/dashboard" "Mozilla/5.0 (Macintosh; Intel Mac OS X 10_6_8) AppleWebKit/534.57.2 (KHTML, like Gecko) Version/5.1.7 Safari/534.57.2"
67.194.221.117 - clafo [23/Oct/2012:11:00:44 -0400] "GET /badges/pos101/always_learning.png HTTP/1.1" 200 3204 "https://www.gradecraft.com/dashboard" "Mozilla/5.0 (Macintosh; Intel Mac OS X 10_6_8) AppleWebKit/534.57.2 (KHTML, like Gecko) Version/5.1.7 Safari/534.57.2"
67.194.221.117 - clafo [23/Oct/2012:11:00:44 -0400] "GET /badges/pos101/awesome_aggregator.png HTTP/1.1" 200 5796 "https://www.gradecraft.com/dashboard" "Mozilla/5.0 (Macintosh; Intel Mac OS X 10_6_8) AppleWebKit/534.57.2 (KHTML, like Gecko) Version/5.1.7 Safari/534.57.2"
67.194.221.117 - clafo [23/Oct/2012:11:00:44 -0400] "GET /badges/pos101/above_and_beyond.png HTTP/1.1" 200 6372 "https://www.gradecraft.com/dashboard" "Mozilla/5.0 (Macintosh; Intel Mac OS X 10_6_8) AppleWebKit/534.57.2 (KHTML, like Gecko) Version/5.1.7 Safari/534.57.2"
67.194.221.117 - clafo [23/Oct/2012:11:00:44 -0400] "GET /badges/pos101/presentation_of_self.png HTTP/1.1" 200 5498 "https://www.gradecraft.com/dashboard" "Mozilla/5.0 (Macintosh; Intel Mac OS X 10_6_8) AppleWebKit/534.57.2 (KHTML, like Gecko) Version/5.1.7 Safari/534.57.2"
67.194.221.117 - clafo [23/Oct/2012:11:00:44 -0400] "GET /badges/pos101/teachers_pet.png HTTP/1.1" 200 3194 "https://www.gradecraft.com/dashboard" "Mozilla/5.0 (Macintosh; Intel Mac OS X 10_6_8) AppleWebKit/534.57.2 (KHTML, like Gecko) Version/5.1.7 Safari/534.57.2"
67.194.221.117 - clafo [23/Oct/2012:11:00:44 -0400] "GET /badges/pos101/concentrator.png HTTP/1.1" 200 3594 "https://www.gradecraft.com/dashboard" "Mozilla/5.0 (Macintosh; Intel Mac OS X 10_6_8) AppleWebKit/534.57.2 (KHTML, like Gecko) Version/5.1.7 Safari/534.57.2"
67.194.221.117 - clafo [23/Oct/2012:11:00:44 -0400] "GET /badges/pos101/great_critic.png HTTP/1.1" 200 5444 "https://www.gradecraft.com/dashboard" "Mozilla/5.0 (Macintosh; Intel Mac OS X 10_6_8) AppleWebKit/534.57.2 (KHTML, like Gecko) Version/5.1.7 Safari/534.57.2"
67.194.221.117 - clafo [23/Oct/2012:11:00:44 -0400] "GET /badges/pos101/courageous_failure.png HTTP/1.1" 200 8410 "https://www.gradecraft.com/dashboard" "Mozilla/5.0 (Macintosh; Intel Mac OS X 10_6_8) AppleWebKit/534.57.2 (KHTML, like Gecko) Version/5.1.7 Safari/534.57.2"
67.194.221.117 - clafo [23/Oct/2012:11:00:44 -0400] "GET /badges/pos101/early_bird_special.png HTTP/1.1" 200 4602 "https://www.gradecraft.com/dashboard" "Mozilla/5.0 (Macintosh; Intel Mac OS X 10_6_8) AppleWebKit/534.57.2 (KHTML, like Gecko) Version/5.1.7 Safari/534.57.2"
67.194.221.117 - clafo [23/Oct/2012:11:00:44 -0400] "GET /badges/pos101/examination_expert.png HTTP/1.1" 200 4042 "https://www.gradecraft.com/dashboard" "Mozilla/5.0 (Macintosh; Intel Mac OS X 10_6_8) AppleWebKit/534.57.2 (KHTML, like Gecko) Version/5.1.7 Safari/534.57.2"
67.194.221.117 - clafo [23/Oct/2012:11:00:44 -0400] "GET /badges/pos101/gaining_experience.png HTTP/1.1" 200 8458 "https://www.gradecraft.com/dashboard" "Mozilla/5.0 (Macintosh; Intel Mac OS X 10_6_8) AppleWebKit/534.57.2 (KHTML, like Gecko) Version/5.1.7 Safari/534.57.2"
67.194.221.117 - clafo [23/Oct/2012:11:00:44 -0400] "GET /badges/pos101/gamer.png HTTP/1.1" 200 4378 "https://www.gradecraft.com/dashboard" "Mozilla/5.0 (Macintosh; Intel Mac OS X 10_6_8) AppleWebKit/534.57.2 (KHTML, like Gecko) Version/5.1.7 Safari/534.57.2"
67.194.221.117 - clafo [23/Oct/2012:11:00:44 -0400] "GET /badges/pos101/learning_from_mistakes.png HTTP/1.1" 200 8362 "https://www.gradecraft.com/dashboard" "Mozilla/5.0 (Macintosh; Intel Mac OS X 10_6_8) AppleWebKit/534.57.2 (KHTML, like Gecko) Version/5.1.7 Safari/534.57.2"
67.194.221.117 - clafo [23/Oct/2012:11:00:44 -0400] "GET /badges/pos101/level_one.png HTTP/1.1" 200 4458 "https://www.gradecraft.com/dashboard" "Mozilla/5.0 (Macintosh; Intel Mac OS X 10_6_8) AppleWebKit/534.57.2 (KHTML, like Gecko) Version/5.1.7 Safari/534.57.2"
67.194.221.117 - clafo [23/Oct/2012:11:00:44 -0400] "GET /badges/pos101/personal.png HTTP/1.1" 200 4474 "https://www.gradecraft.com/dashboard" "Mozilla/5.0 (Macintosh; Intel Mac OS X 10_6_8) AppleWebKit/534.57.2 (KHTML, like Gecko) Version/5.1.7 Safari/534.57.2"
67.194.221.117 - clafo [23/Oct/2012:11:00:44 -0400] "GET /badges/pos101/participatory_democrat.png HTTP/1.1" 200 5354 "https://www.gradecraft.com/dashboard" "Mozilla/5.0 (Macintosh; Intel Mac OS X 10_6_8) AppleWebKit/534.57.2 (KHTML, like Gecko) Version/5.1.7 Safari/534.57.2"
67.194.221.117 - clafo [23/Oct/2012:11:00:44 -0400] "GET /badges/pos101/practice_makes_perfect.png HTTP/1.1" 200 6010 "https://www.gradecraft.com/dashboard" "Mozilla/5.0 (Macintosh; Intel Mac OS X 10_6_8) AppleWebKit/534.57.2 (KHTML, like Gecko) Version/5.1.7 Safari/534.57.2"
67.194.221.117 - clafo [23/Oct/2012:11:00:44 -0400] "GET /badges/pos101/public_speaker.png HTTP/1.1" 200 5482 "https://www.gradecraft.com/dashboard" "Mozilla/5.0 (Macintosh; Intel Mac OS X 10_6_8) AppleWebKit/534.57.2 (KHTML, like Gecko) Version/5.1.7 Safari/534.57.2"
67.194.221.117 - clafo [23/Oct/2012:11:00:44 -0400] "GET /badges/pos101/scribe.png HTTP/1.1" 200 3002 "https://www.gradecraft.com/dashboard" "Mozilla/5.0 (Macintosh; Intel Mac OS X 10_6_8) AppleWebKit/534.57.2 (KHTML, like Gecko) Version/5.1.7 Safari/534.57.2"
67.194.221.117 - clafo [23/Oct/2012:11:00:44 -0400] "GET /badges/pos101/times_immemorial.png HTTP/1.1" 200 5722 "https://www.gradecraft.com/dashboard" "Mozilla/5.0 (Macintosh; Intel Mac OS X 10_6_8) AppleWebKit/534.57.2 (KHTML, like Gecko) Version/5.1.7 Safari/534.57.2"
67.194.221.117 - clafo [23/Oct/2012:11:00:44 -0400] "GET /badges/pos101/phoebe_badge.jpg HTTP/1.1" 200 5994 "https://www.gradecraft.com/dashboard" "Mozilla/5.0 (Macintosh; Intel Mac OS X 10_6_8) AppleWebKit/534.57.2 (KHTML, like Gecko) Version/5.1.7 Safari/534.57.2"
67.194.221.117 - clafo [23/Oct/2012:11:00:44 -0400] "GET /users/predictor.json?user_id=153 HTTP/1.1" 200 1610 "https://www.gradecraft.com/dashboard" "Mozilla/5.0 (Macintosh; Intel Mac OS X 10_6_8) AppleWebKit/534.57.2 (KHTML, like Gecko) Version/5.1.7 Safari/534.57.2"
67.194.221.117 - clafo [23/Oct/2012:11:00:44 -0400] "GET /users/predictor.json?in_progress=true&user_id=153 HTTP/1.1" 200 1610 "https://www.gradecraft.com/dashboard" "Mozilla/5.0 (Macintosh; Intel Mac OS X 10_6_8) AppleWebKit/534.57.2 (KHTML, like Gecko) Version/5.1.7 Safari/534.57.2"
67.194.214.228 - - [23/Oct/2012:11:02:33 -0400] "GET / HTTP/1.1" 302 3259 "-" "Mozilla/5.0 (Macintosh; Intel Mac OS X 10_8_2) AppleWebKit/536.26.14 (KHTML, like Gecko) Version/6.0.1 Safari/536.26.14"
67.194.106.250 - - [23/Oct/2012:11:02:45 -0400] "GET / HTTP/1.1" 302 3259 "-" "Mozilla/5.0 (iPhone; CPU iPhone OS 6_0 like Mac OS X) AppleWebKit/536.26 (KHTML, like Gecko) Version/6.0 Mobile/10A403 Safari/8536.25"
67.194.222.240 - - [23/Oct/2012:11:02:54 -0400] "GET /dashboard HTTP/1.1" 302 3254 "-" "Mozilla/5.0 (Macintosh; U; Intel Mac OS X 10_6_6; en-us) AppleWebKit/533.19.4 (KHTML, like Gecko) Version/5.0.3 Safari/533.19.4"
67.194.106.250 - - [23/Oct/2012:11:02:58 -0400] "GET /cosign/valid?cosign-www.gradecraft.com=d2levwXlkpxBr4uukqt6yCZGOYzfeZMiVHPx-TqG7pWJzftBji7ek4lA9dPB-1zjTRu2nnDw+tF2IzT8eCbeK2xuE3+eCfzAy7G2EKwmvjct0rb6xy3L8MhR4k5E&https://www.gradecraft.com/ HTTP/1.1" 301 868 "https://weblogin.umich.edu/?cosign-www.gradecraft.com&https://www.gradecraft.com/" "Mozilla/5.0 (iPhone; CPU iPhone OS 6_0 like Mac OS X) AppleWebKit/536.26 (KHTML, like Gecko) Version/6.0 Mobile/10A403 Safari/8536.25"
67.194.106.250 - javiert [23/Oct/2012:11:02:58 -0400] "GET / HTTP/1.1" 200 5076 "https://weblogin.umich.edu/?cosign-www.gradecraft.com&https://www.gradecraft.com/" "Mozilla/5.0 (iPhone; CPU iPhone OS 6_0 like Mac OS X) AppleWebKit/536.26 (KHTML, like Gecko) Version/6.0 Mobile/10A403 Safari/8536.25"
67.194.106.250 - javiert [23/Oct/2012:11:02:59 -0400] "GET /assets/application-75efbcdd2e483708b1922621823d8e20.css HTTP/1.1" 304 245 "https://www.gradecraft.com/" "Mozilla/5.0 (iPhone; CPU iPhone OS 6_0 like Mac OS X) AppleWebKit/536.26 (KHTML, like Gecko) Version/6.0 Mobile/10A403 Safari/8536.25"
67.194.106.250 - javiert [23/Oct/2012:11:02:59 -0400] "GET /assets/application-8ce02592fd93cf8f056fcba13d4bd5fc.js HTTP/1.1" 304 245 "https://www.gradecraft.com/" "Mozilla/5.0 (iPhone; CPU iPhone OS 6_0 like Mac OS X) AppleWebKit/536.26 (KHTML, like Gecko) Version/6.0 Mobile/10A403 Safari/8536.25"
67.194.106.250 - javiert [23/Oct/2012:11:02:59 -0400] "GET /badges/pos101/early_bird_special.png HTTP/1.1" 200 4602 "https://www.gradecraft.com/" "Mozilla/5.0 (iPhone; CPU iPhone OS 6_0 like Mac OS X) AppleWebKit/536.26 (KHTML, like Gecko) Version/6.0 Mobile/10A403 Safari/8536.25"
67.194.106.250 - javiert [23/Oct/2012:11:03:01 -0400] "GET /users/predictor.json?user_id=180 HTTP/1.1" 304 1014 "https://www.gradecraft.com/" "Mozilla/5.0 (iPhone; CPU iPhone OS 6_0 like Mac OS X) AppleWebKit/536.26 (KHTML, like Gecko) Version/6.0 Mobile/10A403 Safari/8536.25"
67.194.106.250 - javiert [23/Oct/2012:11:03:01 -0400] "GET /users/predictor.json?in_progress=true&user_id=180 HTTP/1.1" 304 869 "https://www.gradecraft.com/" "Mozilla/5.0 (iPhone; CPU iPhone OS 6_0 like Mac OS X) AppleWebKit/536.26 (KHTML, like Gecko) Version/6.0 Mobile/10A403 Safari/8536.25"
35.0.80.194 - - [23/Oct/2012:11:03:10 -0400] "GET / HTTP/1.1" 302 3254 "-" "Mozilla/5.0 (Macintosh; Intel Mac OS X 10_7) AppleWebKit/534.48.3 (KHTML, like Gecko) Version/5.1 Safari/534.48.3"
67.194.106.250 - javiert [23/Oct/2012:11:03:19 -0400] "GET /users/180/user_assignment_type_weights/new?assignment_type_id=10 HTTP/1.1" 200 2837 "https://www.gradecraft.com/" "Mozilla/5.0 (iPhone; CPU iPhone OS 6_0 like Mac OS X) AppleWebKit/536.26 (KHTML, like Gecko) Version/6.0 Mobile/10A403 Safari/8536.25"
67.194.106.250 - javiert [23/Oct/2012:11:03:27 -0400] "POST /users/180/user_assignment_type_weights HTTP/1.1" 302 1700 "https://www.gradecraft.com/users/180/user_assignment_type_weights/new?assignment_type_id=10" "Mozilla/5.0 (iPhone; CPU iPhone OS 6_0 like Mac OS X) AppleWebKit/536.26 (KHTML, like Gecko) Version/6.0 Mobile/10A403 Safari/8536.25"
67.194.106.250 - javiert [23/Oct/2012:11:03:27 -0400] "GET /users/180/user_assignment_type_weights HTTP/1.1" 302 1636 "https://www.gradecraft.com/users/180/user_assignment_type_weights/new?assignment_type_id=10" "Mozilla/5.0 (iPhone; CPU iPhone OS 6_0 like Mac OS X) AppleWebKit/536.26 (KHTML, like Gecko) Version/6.0 Mobile/10A403 Safari/8536.25"
67.194.106.250 - javiert [23/Oct/2012:11:03:27 -0400] "GET /dashboard HTTP/1.1" 200 5140 "https://www.gradecraft.com/users/180/user_assignment_type_weights/new?assignment_type_id=10" "Mozilla/5.0 (iPhone; CPU iPhone OS 6_0 like Mac OS X) AppleWebKit/536.26 (KHTML, like Gecko) Version/6.0 Mobile/10A403 Safari/8536.25"
67.194.106.250 - javiert [23/Oct/2012:11:03:30 -0400] "GET /users/predictor.json?user_id=180 HTTP/1.1" 304 1014 "https://www.gradecraft.com/dashboard" "Mozilla/5.0 (iPhone; CPU iPhone OS 6_0 like Mac OS X) AppleWebKit/536.26 (KHTML, like Gecko) Version/6.0 Mobile/10A403 Safari/8536.25"
67.194.106.250 - javiert [23/Oct/2012:11:03:30 -0400] "GET /users/predictor.json?in_progress=true&user_id=180 HTTP/1.1" 304 869 "https://www.gradecraft.com/dashboard" "Mozilla/5.0 (iPhone; CPU iPhone OS 6_0 like Mac OS X) AppleWebKit/536.26 (KHTML, like Gecko) Version/6.0 Mobile/10A403 Safari/8536.25"
67.194.106.250 - javiert [23/Oct/2012:11:03:54 -0400] "GET /users/180/user_assignment_type_weights/new?assignment_type_id=8 HTTP/1.1" 200 2837 "https://www.gradecraft.com/dashboard" "Mozilla/5.0 (iPhone; CPU iPhone OS 6_0 like Mac OS X) AppleWebKit/536.26 (KHTML, like Gecko) Version/6.0 Mobile/10A403 Safari/8536.25"
67.194.13.88 - - [23/Oct/2012:11:04:20 -0400] "GET /dashboard HTTP/1.1" 302 3254 "-" "Mozilla/5.0 (Macintosh; Intel Mac OS X 10_7_5) AppleWebKit/536.26.14 (KHTML, like Gecko) Version/6.0.1 Safari/536.26.14"
67.194.104.92 - petersob [23/Oct/2012:11:04:24 -0400] "GET /assignments HTTP/1.1" 304 4145 "https://www.gradecraft.com/dashboard" "Mozilla/5.0 (Windows NT 6.1; rv:16.0) Gecko/20100101 Firefox/16.0"
67.194.106.250 - javiert [23/Oct/2012:11:04:30 -0400] "POST /users/180/user_assignment_type_weights HTTP/1.1" 302 1845 "https://www.gradecraft.com/users/180/user_assignment_type_weights/new?assignment_type_id=8" "Mozilla/5.0 (iPhone; CPU iPhone OS 6_0 like Mac OS X) AppleWebKit/536.26 (KHTML, like Gecko) Version/6.0 Mobile/10A403 Safari/8536.25"
67.194.106.250 - javiert [23/Oct/2012:11:04:30 -0400] "GET /users/180/user_assignment_type_weights HTTP/1.1" 302 1636 "https://www.gradecraft.com/users/180/user_assignment_type_weights/new?assignment_type_id=8" "Mozilla/5.0 (iPhone; CPU iPhone OS 6_0 like Mac OS X) AppleWebKit/536.26 (KHTML, like Gecko) Version/6.0 Mobile/10A403 Safari/8536.25"
67.194.106.250 - javiert [23/Oct/2012:11:04:30 -0400] "GET /dashboard HTTP/1.1" 200 5156 "https://www.gradecraft.com/users/180/user_assignment_type_weights/new?assignment_type_id=8" "Mozilla/5.0 (iPhone; CPU iPhone OS 6_0 like Mac OS X) AppleWebKit/536.26 (KHTML, like Gecko) Version/6.0 Mobile/10A403 Safari/8536.25"
67.194.106.250 - javiert [23/Oct/2012:11:04:32 -0400] "GET /users/predictor.json?user_id=180 HTTP/1.1" 304 1014 "https://www.gradecraft.com/dashboard" "Mozilla/5.0 (iPhone; CPU iPhone OS 6_0 like Mac OS X) AppleWebKit/536.26 (KHTML, like Gecko) Version/6.0 Mobile/10A403 Safari/8536.25"
67.194.106.250 - javiert [23/Oct/2012:11:04:32 -0400] "GET /users/predictor.json?in_progress=true&user_id=180 HTTP/1.1" 304 869 "https://www.gradecraft.com/dashboard" "Mozilla/5.0 (iPhone; CPU iPhone OS 6_0 like Mac OS X) AppleWebKit/536.26 (KHTML, like Gecko) Version/6.0 Mobile/10A403 Safari/8536.25"
67.194.104.92 - petersob [23/Oct/2012:11:04:50 -0400] "GET /assignments/110 HTTP/1.1" 200 12154 "https://www.gradecraft.com/assignments" "Mozilla/5.0 (Windows NT 6.1; rv:16.0) Gecko/20100101 Firefox/16.0"
67.194.104.92 - petersob [23/Oct/2012:11:05:00 -0400] "GET /assignments/110?utf8=%E2%9C%93&assignment_id=110&team_id=2&commit=Filter HTTP/1.1" 200 3780 "https://www.gradecraft.com/assignments/110" "Mozilla/5.0 (Windows NT 6.1; rv:16.0) Gecko/20100101 Firefox/16.0"
67.194.106.250 - javiert [23/Oct/2012:11:05:22 -0400] "GET /dashboard HTTP/1.1" 200 5301 "https://www.gradecraft.com/users/180/user_assignment_type_weights/new?assignment_type_id=8" "Mozilla/5.0 (iPhone; CPU iPhone OS 6_0 like Mac OS X) AppleWebKit/536.26 (KHTML, like Gecko) Version/6.0 Mobile/10A403 Safari/8536.25"
67.194.106.250 - javiert [23/Oct/2012:11:05:23 -0400] "GET /assets/application-75efbcdd2e483708b1922621823d8e20.css HTTP/1.1" 304 245 "https://www.gradecraft.com/dashboard" "Mozilla/5.0 (iPhone; CPU iPhone OS 6_0 like Mac OS X) AppleWebKit/536.26 (KHTML, like Gecko) Version/6.0 Mobile/10A403 Safari/8536.25"
67.194.106.250 - javiert [23/Oct/2012:11:05:23 -0400] "GET /assets/application-8ce02592fd93cf8f056fcba13d4bd5fc.js HTTP/1.1" 304 245 "https://www.gradecraft.com/dashboard" "Mozilla/5.0 (iPhone; CPU iPhone OS 6_0 like Mac OS X) AppleWebKit/536.26 (KHTML, like Gecko) Version/6.0 Mobile/10A403 Safari/8536.25"
67.194.106.250 - javiert [23/Oct/2012:11:05:23 -0400] "GET /badges/pos101/always_learning.png HTTP/1.1" 304 229 "https://www.gradecraft.com/dashboard" "Mozilla/5.0 (iPhone; CPU iPhone OS 6_0 like Mac OS X) AppleWebKit/536.26 (KHTML, like Gecko) Version/6.0 Mobile/10A403 Safari/8536.25"
67.194.106.250 - javiert [23/Oct/2012:11:05:23 -0400] "GET /badges/pos101/above_and_beyond.png HTTP/1.1" 304 229 "https://www.gradecraft.com/dashboard" "Mozilla/5.0 (iPhone; CPU iPhone OS 6_0 like Mac OS X) AppleWebKit/536.26 (KHTML, like Gecko) Version/6.0 Mobile/10A403 Safari/8536.25"
67.194.106.250 - javiert [23/Oct/2012:11:05:24 -0400] "GET /badges/pos101/awesome_aggregator.png HTTP/1.1" 304 229 "https://www.gradecraft.com/dashboard" "Mozilla/5.0 (iPhone; CPU iPhone OS 6_0 like Mac OS X) AppleWebKit/536.26 (KHTML, like Gecko) Version/6.0 Mobile/10A403 Safari/8536.25"
35.0.82.9 - - [23/Oct/2012:11:05:24 -0400] "GET /dashboard HTTP/1.1" 302 3984 "-" "Mozilla/5.0 (Macintosh; Intel Mac OS X 10_8_0) AppleWebKit/537.4 (KHTML, like Gecko) Chrome/22.0.1229.94 Safari/537.4"
67.194.106.250 - javiert [23/Oct/2012:11:05:24 -0400] "GET /badges/pos101/great_critic.png HTTP/1.1" 304 229 "https://www.gradecraft.com/dashboard" "Mozilla/5.0 (iPhone; CPU iPhone OS 6_0 like Mac OS X) AppleWebKit/536.26 (KHTML, like Gecko) Version/6.0 Mobile/10A403 Safari/8536.25"
67.194.106.250 - javiert [23/Oct/2012:11:05:24 -0400] "GET /badges/pos101/presentation_of_self.png HTTP/1.1" 304 229 "https://www.gradecraft.com/dashboard" "Mozilla/5.0 (iPhone; CPU iPhone OS 6_0 like Mac OS X) AppleWebKit/536.26 (KHTML, like Gecko) Version/6.0 Mobile/10A403 Safari/8536.25"
67.194.106.250 - javiert [23/Oct/2012:11:05:24 -0400] "GET /badges/pos101/teachers_pet.png HTTP/1.1" 304 229 "https://www.gradecraft.com/dashboard" "Mozilla/5.0 (iPhone; CPU iPhone OS 6_0 like Mac OS X) AppleWebKit/536.26 (KHTML, like Gecko) Version/6.0 Mobile/10A403 Safari/8536.25"
67.194.106.250 - javiert [23/Oct/2012:11:05:24 -0400] "GET /badges/pos101/concentrator.png HTTP/1.1" 304 229 "https://www.gradecraft.com/dashboard" "Mozilla/5.0 (iPhone; CPU iPhone OS 6_0 like Mac OS X) AppleWebKit/536.26 (KHTML, like Gecko) Version/6.0 Mobile/10A403 Safari/8536.25"
67.194.106.250 - javiert [23/Oct/2012:11:05:24 -0400] "GET /badges/pos101/courageous_failure.png HTTP/1.1" 304 229 "https://www.gradecraft.com/dashboard" "Mozilla/5.0 (iPhone; CPU iPhone OS 6_0 like Mac OS X) AppleWebKit/536.26 (KHTML, like Gecko) Version/6.0 Mobile/10A403 Safari/8536.25"
67.194.106.250 - javiert [23/Oct/2012:11:05:24 -0400] "GET /badges/pos101/early_bird_special.png HTTP/1.1" 304 229 "https://www.gradecraft.com/dashboard" "Mozilla/5.0 (iPhone; CPU iPhone OS 6_0 like Mac OS X) AppleWebKit/536.26 (KHTML, like Gecko) Version/6.0 Mobile/10A403 Safari/8536.25"
67.194.106.250 - javiert [23/Oct/2012:11:05:24 -0400] "GET /badges/pos101/examination_expert.png HTTP/1.1" 304 229 "https://www.gradecraft.com/dashboard" "Mozilla/5.0 (iPhone; CPU iPhone OS 6_0 like Mac OS X) AppleWebKit/536.26 (KHTML, like Gecko) Version/6.0 Mobile/10A403 Safari/8536.25"
67.194.106.250 - javiert [23/Oct/2012:11:05:24 -0400] "GET /badges/pos101/gaining_experience.png HTTP/1.1" 304 229 "https://www.gradecraft.com/dashboard" "Mozilla/5.0 (iPhone; CPU iPhone OS 6_0 like Mac OS X) AppleWebKit/536.26 (KHTML, like Gecko) Version/6.0 Mobile/10A403 Safari/8536.25"
67.194.106.250 - javiert [23/Oct/2012:11:05:24 -0400] "GET /badges/pos101/gamer.png HTTP/1.1" 304 229 "https://www.gradecraft.com/dashboard" "Mozilla/5.0 (iPhone; CPU iPhone OS 6_0 like Mac OS X) AppleWebKit/536.26 (KHTML, like Gecko) Version/6.0 Mobile/10A403 Safari/8536.25"
67.194.106.250 - javiert [23/Oct/2012:11:05:24 -0400] "GET /badges/pos101/learning_from_mistakes.png HTTP/1.1" 304 229 "https://www.gradecraft.com/dashboard" "Mozilla/5.0 (iPhone; CPU iPhone OS 6_0 like Mac OS X) AppleWebKit/536.26 (KHTML, like Gecko) Version/6.0 Mobile/10A403 Safari/8536.25"
67.194.106.250 - javiert [23/Oct/2012:11:05:24 -0400] "GET /badges/pos101/level_one.png HTTP/1.1" 304 229 "https://www.gradecraft.com/dashboard" "Mozilla/5.0 (iPhone; CPU iPhone OS 6_0 like Mac OS X) AppleWebKit/536.26 (KHTML, like Gecko) Version/6.0 Mobile/10A403 Safari/8536.25"
67.194.106.250 - javiert [23/Oct/2012:11:05:24 -0400] "GET /badges/pos101/personal.png HTTP/1.1" 304 229 "https://www.gradecraft.com/dashboard" "Mozilla/5.0 (iPhone; CPU iPhone OS 6_0 like Mac OS X) AppleWebKit/536.26 (KHTML, like Gecko) Version/6.0 Mobile/10A403 Safari/8536.25"
35.0.82.9 - - [23/Oct/2012:11:05:24 -0400] "GET /cosign/valid?cosign-www.gradecraft.com=T465aIZnkSTjUAF7mylUgvIFNiL9Pb18obbzI-PG+DZF9olEvlDI16hG8mJh7abuJNEzKpNT1wkQkHel6yqWzTyP5ZhVNGSaIPclL1gfq7yi9znY+nmHEeWG3kBu&https://www.gradecraft.com/dashboard HTTP/1.1" 301 900 "-" "Mozilla/5.0 (Macintosh; Intel Mac OS X 10_8_0) AppleWebKit/537.4 (KHTML, like Gecko) Chrome/22.0.1229.94 Safari/537.4"
67.194.106.250 - javiert [23/Oct/2012:11:05:24 -0400] "GET /badges/pos101/participatory_democrat.png HTTP/1.1" 304 229 "https://www.gradecraft.com/dashboard" "Mozilla/5.0 (iPhone; CPU iPhone OS 6_0 like Mac OS X) AppleWebKit/536.26 (KHTML, like Gecko) Version/6.0 Mobile/10A403 Safari/8536.25"
35.0.82.9 - meltjen [23/Oct/2012:11:05:24 -0400] "GET /dashboard HTTP/1.1" 302 1348 "-" "Mozilla/5.0 (Macintosh; Intel Mac OS X 10_8_0) AppleWebKit/537.4 (KHTML, like Gecko) Chrome/22.0.1229.94 Safari/537.4"
67.194.106.250 - javiert [23/Oct/2012:11:05:24 -0400] "GET /badges/pos101/practice_makes_perfect.png HTTP/1.1" 304 374 "https://www.gradecraft.com/dashboard" "Mozilla/5.0 (iPhone; CPU iPhone OS 6_0 like Mac OS X) AppleWebKit/536.26 (KHTML, like Gecko) Version/6.0 Mobile/10A403 Safari/8536.25"
67.194.106.250 - javiert [23/Oct/2012:11:05:24 -0400] "GET /badges/pos101/public_speaker.png HTTP/1.1" 304 374 "https://www.gradecraft.com/dashboard" "Mozilla/5.0 (iPhone; CPU iPhone OS 6_0 like Mac OS X) AppleWebKit/536.26 (KHTML, like Gecko) Version/6.0 Mobile/10A403 Safari/8536.25"
67.194.106.250 - javiert [23/Oct/2012:11:05:24 -0400] "GET /badges/pos101/phoebe_badge.jpg HTTP/1.1" 304 229 "https://www.gradecraft.com/dashboard" "Mozilla/5.0 (iPhone; CPU iPhone OS 6_0 like Mac OS X) AppleWebKit/536.26 (KHTML, like Gecko) Version/6.0 Mobile/10A403 Safari/8536.25"
67.194.106.250 - javiert [23/Oct/2012:11:05:24 -0400] "GET /badges/pos101/times_immemorial.png HTTP/1.1" 304 374 "https://www.gradecraft.com/dashboard" "Mozilla/5.0 (iPhone; CPU iPhone OS 6_0 like Mac OS X) AppleWebKit/536.26 (KHTML, like Gecko) Version/6.0 Mobile/10A403 Safari/8536.25"
67.194.106.250 - javiert [23/Oct/2012:11:05:24 -0400] "GET /badges/pos101/scribe.png HTTP/1.1" 304 374 "https://www.gradecraft.com/dashboard" "Mozilla/5.0 (iPhone; CPU iPhone OS 6_0 like Mac OS X) AppleWebKit/536.26 (KHTML, like Gecko) Version/6.0 Mobile/10A403 Safari/8536.25"
35.0.82.9 - meltjen [23/Oct/2012:11:05:24 -0400] "GET /dashboard HTTP/1.1" 200 5092 "-" "Mozilla/5.0 (Macintosh; Intel Mac OS X 10_8_0) AppleWebKit/537.4 (KHTML, like Gecko) Chrome/22.0.1229.94 Safari/537.4"
67.194.106.250 - javiert [23/Oct/2012:11:05:25 -0400] "GET /users/predictor.json?user_id=180 HTTP/1.1" 304 869 "https://www.gradecraft.com/dashboard" "Mozilla/5.0 (iPhone; CPU iPhone OS 6_0 like Mac OS X) AppleWebKit/536.26 (KHTML, like Gecko) Version/6.0 Mobile/10A403 Safari/8536.25"
35.0.82.9 - meltjen [23/Oct/2012:11:05:26 -0400] "GET /assets/application-75efbcdd2e483708b1922621823d8e20.css HTTP/1.1" 304 245 "https://www.gradecraft.com/dashboard" "Mozilla/5.0 (Macintosh; Intel Mac OS X 10_8_0) AppleWebKit/537.4 (KHTML, like Gecko) Chrome/22.0.1229.94 Safari/537.4"
35.0.82.9 - meltjen [23/Oct/2012:11:05:26 -0400] "GET /assets/application-8ce02592fd93cf8f056fcba13d4bd5fc.js HTTP/1.1" 304 3473 "https://www.gradecraft.com/dashboard" "Mozilla/5.0 (Macintosh; Intel Mac OS X 10_8_0) AppleWebKit/537.4 (KHTML, like Gecko) Chrome/22.0.1229.94 Safari/537.4"
67.194.106.250 - javiert [23/Oct/2012:11:05:25 -0400] "GET /users/predictor.json?in_progress=true&user_id=180 HTTP/1.1" 304 869 "https://www.gradecraft.com/dashboard" "Mozilla/5.0 (iPhone; CPU iPhone OS 6_0 like Mac OS X) AppleWebKit/536.26 (KHTML, like Gecko) Version/6.0 Mobile/10A403 Safari/8536.25"
35.0.82.9 - meltjen [23/Oct/2012:11:05:26 -0400] "GET /users/predictor.json?user_id=179 HTTP/1.1" 304 885 "https://www.gradecraft.com/dashboard" "Mozilla/5.0 (Macintosh; Intel Mac OS X 10_8_0) AppleWebKit/537.4 (KHTML, like Gecko) Chrome/22.0.1229.94 Safari/537.4"
35.0.82.9 - meltjen [23/Oct/2012:11:05:26 -0400] "GET /users/predictor.json?in_progress=true&user_id=179 HTTP/1.1" 304 885 "https://www.gradecraft.com/dashboard" "Mozilla/5.0 (Macintosh; Intel Mac OS X 10_8_0) AppleWebKit/537.4 (KHTML, like Gecko) Chrome/22.0.1229.94 Safari/537.4"
67.194.210.236 - - [23/Oct/2012:11:05:46 -0400] "GET / HTTP/1.1" 302 3984 "-" "Mozilla/5.0 (X11; Linux x86_64; rv:15.0) Gecko/20100101 Firefox/15.0.1"
67.194.210.236 - - [23/Oct/2012:11:05:52 -0400] "GET /cosign/valid?cosign-www.gradecraft.com=WEVj1OtqSP+Rl8ZyBnhH0QbNOCBzC-qk6-yJSpzHWK8kYbow9089UJyAg05mBe5P1-TB41PVbd6sKUVD0GTvVP29yvx2JsWK5eogJI0KyRv8i3uFuJw53QnFUxbC&https://www.gradecraft.com/ HTTP/1.1" 301 868 "https://weblogin.umich.edu/?cosign-www.gradecraft.com&https://www.gradecraft.com/" "Mozilla/5.0 (X11; Linux x86_64; rv:15.0) Gecko/20100101 Firefox/15.0.1"
67.194.210.236 - justwill [23/Oct/2012:11:05:52 -0400] "GET / HTTP/1.1" 302 1332 "https://weblogin.umich.edu/?cosign-www.gradecraft.com&https://www.gradecraft.com/" "Mozilla/5.0 (X11; Linux x86_64; rv:15.0) Gecko/20100101 Firefox/15.0.1"
67.194.222.240 - - [23/Oct/2012:11:05:52 -0400] "GET /dashboard HTTP/1.1" 302 3254 "-" "Mozilla/5.0 (Macintosh; U; Intel Mac OS X 10_6_6; en-us) AppleWebKit/533.19.4 (KHTML, like Gecko) Version/5.0.3 Safari/533.19.4"
67.194.210.236 - justwill [23/Oct/2012:11:05:52 -0400] "GET /dashboard HTTP/1.1" 200 4404 "https://weblogin.umich.edu/?cosign-www.gradecraft.com&https://www.gradecraft.com/" "Mozilla/5.0 (X11; Linux x86_64; rv:15.0) Gecko/20100101 Firefox/15.0.1"
67.194.222.240 - - [23/Oct/2012:11:05:58 -0400] "GET /cosign/valid?cosign-www.gradecraft.com=wuoQDmGjuYJmklB3NyyqSed+ffF7PO4FNyzpVo1O4AVyrmbClRIHsEMSdtP+DGbHLl+Y+bhrMi8Hmi3S2kctF9DPkktmKQmlcbVJtmdLHnz1XPxo0Y8MaU5-HL1z&https://www.gradecraft.com/dashboard HTTP/1.1" 301 900 "https://weblogin.umich.edu/?cosign-www.gradecraft.com&https://www.gradecraft.com/dashboard" "Mozilla/5.0 (Macintosh; U; Intel Mac OS X 10_6_6; en-us) AppleWebKit/533.19.4 (KHTML, like Gecko) Version/5.0.3 Safari/533.19.4"
67.194.222.240 - mshair [23/Oct/2012:11:05:58 -0400] "GET /dashboard HTTP/1.1" 200 5220 "https://weblogin.umich.edu/?cosign-www.gradecraft.com&https://www.gradecraft.com/dashboard" "Mozilla/5.0 (Macintosh; U; Intel Mac OS X 10_6_6; en-us) AppleWebKit/533.19.4 (KHTML, like Gecko) Version/5.0.3 Safari/533.19.4"
67.194.222.240 - mshair [23/Oct/2012:11:05:59 -0400] "GET /assets/application-75efbcdd2e483708b1922621823d8e20.css HTTP/1.1" 200 47181 "https://www.gradecraft.com/dashboard" "Mozilla/5.0 (Macintosh; U; Intel Mac OS X 10_6_6; en-us) AppleWebKit/533.19.4 (KHTML, like Gecko) Version/5.0.3 Safari/533.19.4"
67.194.222.240 - mshair [23/Oct/2012:11:05:59 -0400] "GET /assets/application-8ce02592fd93cf8f056fcba13d4bd5fc.js HTTP/1.1" 200 201938 "https://www.gradecraft.com/dashboard" "Mozilla/5.0 (Macintosh; U; Intel Mac OS X 10_6_6; en-us) AppleWebKit/533.19.4 (KHTML, like Gecko) Version/5.0.3 Safari/533.19.4"
67.194.222.240 - mshair [23/Oct/2012:11:06:00 -0400] "GET /badges/pos101/awesome_aggregator.png HTTP/1.1" 304 229 "https://www.gradecraft.com/dashboard" "Mozilla/5.0 (Macintosh; U; Intel Mac OS X 10_6_6; en-us) AppleWebKit/533.19.4 (KHTML, like Gecko) Version/5.0.3 Safari/533.19.4"
67.194.222.240 - mshair [23/Oct/2012:11:06:00 -0400] "GET /badges/pos101/above_and_beyond.png HTTP/1.1" 304 367 "https://www.gradecraft.com/dashboard" "Mozilla/5.0 (Macintosh; U; Intel Mac OS X 10_6_6; en-us) AppleWebKit/533.19.4 (KHTML, like Gecko) Version/5.0.3 Safari/533.19.4"
67.194.222.240 - mshair [23/Oct/2012:11:06:00 -0400] "GET /badges/pos101/great_critic.png HTTP/1.1" 304 367 "https://www.gradecraft.com/dashboard" "Mozilla/5.0 (Macintosh; U; Intel Mac OS X 10_6_6; en-us) AppleWebKit/533.19.4 (KHTML, like Gecko) Version/5.0.3 Safari/533.19.4"
67.194.222.240 - mshair [23/Oct/2012:11:06:00 -0400] "GET /badges/pos101/always_learning.png HTTP/1.1" 304 367 "https://www.gradecraft.com/dashboard" "Mozilla/5.0 (Macintosh; U; Intel Mac OS X 10_6_6; en-us) AppleWebKit/533.19.4 (KHTML, like Gecko) Version/5.0.3 Safari/533.19.4"
67.194.222.240 - mshair [23/Oct/2012:11:06:00 -0400] "GET /badges/pos101/presentation_of_self.png HTTP/1.1" 304 229 "https://www.gradecraft.com/dashboard" "Mozilla/5.0 (Macintosh; U; Intel Mac OS X 10_6_6; en-us) AppleWebKit/533.19.4 (KHTML, like Gecko) Version/5.0.3 Safari/533.19.4"
67.194.222.240 - mshair [23/Oct/2012:11:06:00 -0400] "GET /badges/pos101/courageous_failure.png HTTP/1.1" 304 229 "https://www.gradecraft.com/dashboard" "Mozilla/5.0 (Macintosh; U; Intel Mac OS X 10_6_6; en-us) AppleWebKit/533.19.4 (KHTML, like Gecko) Version/5.0.3 Safari/533.19.4"
67.194.222.240 - mshair [23/Oct/2012:11:06:00 -0400] "GET /badges/pos101/concentrator.png HTTP/1.1" 304 229 "https://www.gradecraft.com/dashboard" "Mozilla/5.0 (Macintosh; U; Intel Mac OS X 10_6_6; en-us) AppleWebKit/533.19.4 (KHTML, like Gecko) Version/5.0.3 Safari/533.19.4"
67.194.222.240 - mshair [23/Oct/2012:11:06:00 -0400] "GET /badges/pos101/teachers_pet.png HTTP/1.1" 304 229 "https://www.gradecraft.com/dashboard" "Mozilla/5.0 (Macintosh; U; Intel Mac OS X 10_6_6; en-us) AppleWebKit/533.19.4 (KHTML, like Gecko) Version/5.0.3 Safari/533.19.4"
67.194.222.240 - mshair [23/Oct/2012:11:06:00 -0400] "GET /badges/pos101/gamer.png HTTP/1.1" 304 229 "https://www.gradecraft.com/dashboard" "Mozilla/5.0 (Macintosh; U; Intel Mac OS X 10_6_6; en-us) AppleWebKit/533.19.4 (KHTML, like Gecko) Version/5.0.3 Safari/533.19.4"
67.194.222.240 - mshair [23/Oct/2012:11:06:00 -0400] "GET /badges/pos101/gaining_experience.png HTTP/1.1" 304 229 "https://www.gradecraft.com/dashboard" "Mozilla/5.0 (Macintosh; U; Intel Mac OS X 10_6_6; en-us) AppleWebKit/533.19.4 (KHTML, like Gecko) Version/5.0.3 Safari/533.19.4"
67.194.222.240 - mshair [23/Oct/2012:11:06:00 -0400] "GET /badges/pos101/early_bird_special.png HTTP/1.1" 304 229 "https://www.gradecraft.com/dashboard" "Mozilla/5.0 (Macintosh; U; Intel Mac OS X 10_6_6; en-us) AppleWebKit/533.19.4 (KHTML, like Gecko) Version/5.0.3 Safari/533.19.4"
67.194.222.240 - mshair [23/Oct/2012:11:06:00 -0400] "GET /badges/pos101/examination_expert.png HTTP/1.1" 304 229 "https://www.gradecraft.com/dashboard" "Mozilla/5.0 (Macintosh; U; Intel Mac OS X 10_6_6; en-us) AppleWebKit/533.19.4 (KHTML, like Gecko) Version/5.0.3 Safari/533.19.4"
67.194.222.240 - mshair [23/Oct/2012:11:06:00 -0400] "GET /badges/pos101/learning_from_mistakes.png HTTP/1.1" 304 229 "https://www.gradecraft.com/dashboard" "Mozilla/5.0 (Macintosh; U; Intel Mac OS X 10_6_6; en-us) AppleWebKit/533.19.4 (KHTML, like Gecko) Version/5.0.3 Safari/533.19.4"
67.194.222.240 - mshair [23/Oct/2012:11:06:00 -0400] "GET /badges/pos101/personal.png HTTP/1.1" 304 229 "https://www.gradecraft.com/dashboard" "Mozilla/5.0 (Macintosh; U; Intel Mac OS X 10_6_6; en-us) AppleWebKit/533.19.4 (KHTML, like Gecko) Version/5.0.3 Safari/533.19.4"
67.194.222.240 - mshair [23/Oct/2012:11:06:00 -0400] "GET /badges/pos101/level_one.png HTTP/1.1" 304 229 "https://www.gradecraft.com/dashboard" "Mozilla/5.0 (Macintosh; U; Intel Mac OS X 10_6_6; en-us) AppleWebKit/533.19.4 (KHTML, like Gecko) Version/5.0.3 Safari/533.19.4"
67.194.222.240 - mshair [23/Oct/2012:11:06:00 -0400] "GET /badges/pos101/participatory_democrat.png HTTP/1.1" 304 229 "https://www.gradecraft.com/dashboard" "Mozilla/5.0 (Macintosh; U; Intel Mac OS X 10_6_6; en-us) AppleWebKit/533.19.4 (KHTML, like Gecko) Version/5.0.3 Safari/533.19.4"
67.194.222.240 - mshair [23/Oct/2012:11:06:00 -0400] "GET /badges/pos101/times_immemorial.png HTTP/1.1" 304 229 "https://www.gradecraft.com/dashboard" "Mozilla/5.0 (Macintosh; U; Intel Mac OS X 10_6_6; en-us) AppleWebKit/533.19.4 (KHTML, like Gecko) Version/5.0.3 Safari/533.19.4"
67.194.222.240 - mshair [23/Oct/2012:11:06:00 -0400] "GET /badges/pos101/public_speaker.png HTTP/1.1" 304 229 "https://www.gradecraft.com/dashboard" "Mozilla/5.0 (Macintosh; U; Intel Mac OS X 10_6_6; en-us) AppleWebKit/533.19.4 (KHTML, like Gecko) Version/5.0.3 Safari/533.19.4"
67.194.222.240 - mshair [23/Oct/2012:11:06:00 -0400] "GET /badges/pos101/practice_makes_perfect.png HTTP/1.1" 304 229 "https://www.gradecraft.com/dashboard" "Mozilla/5.0 (Macintosh; U; Intel Mac OS X 10_6_6; en-us) AppleWebKit/533.19.4 (KHTML, like Gecko) Version/5.0.3 Safari/533.19.4"
67.194.222.240 - mshair [23/Oct/2012:11:06:00 -0400] "GET /badges/pos101/scribe.png HTTP/1.1" 304 229 "https://www.gradecraft.com/dashboard" "Mozilla/5.0 (Macintosh; U; Intel Mac OS X 10_6_6; en-us) AppleWebKit/533.19.4 (KHTML, like Gecko) Version/5.0.3 Safari/533.19.4"
67.194.222.240 - mshair [23/Oct/2012:11:06:00 -0400] "GET /badges/pos101/phoebe_badge.jpg HTTP/1.1" 304 229 "https://www.gradecraft.com/dashboard" "Mozilla/5.0 (Macintosh; U; Intel Mac OS X 10_6_6; en-us) AppleWebKit/533.19.4 (KHTML, like Gecko) Version/5.0.3 Safari/533.19.4"
67.194.222.240 - mshair [23/Oct/2012:11:06:00 -0400] "GET /users/predictor.json?user_id=177 HTTP/1.1" 200 1610 "https://www.gradecraft.com/dashboard" "Mozilla/5.0 (Macintosh; U; Intel Mac OS X 10_6_6; en-us) AppleWebKit/533.19.4 (KHTML, like Gecko) Version/5.0.3 Safari/533.19.4"
67.194.222.240 - mshair [23/Oct/2012:11:06:00 -0400] "GET /users/predictor.json?in_progress=true&user_id=177 HTTP/1.1" 200 1748 "https://www.gradecraft.com/dashboard" "Mozilla/5.0 (Macintosh; U; Intel Mac OS X 10_6_6; en-us) AppleWebKit/533.19.4 (KHTML, like Gecko) Version/5.0.3 Safari/533.19.4"
67.194.12.103 - - [23/Oct/2012:11:06:29 -0400] "GET / HTTP/1.1" 302 3254 "-" "Mozilla/5.0 (Macintosh; Intel Mac OS X 10_6_8) AppleWebKit/534.57.2 (KHTML, like Gecko) Version/5.1.7 Safari/534.57.2"
67.194.210.236 - justwill [23/Oct/2012:11:06:02 -0400] "GET /users/students HTTP/1.1" 200 21054 "https://www.gradecraft.com/dashboard" "Mozilla/5.0 (X11; Linux x86_64; rv:15.0) Gecko/20100101 Firefox/15.0.1"
67.194.221.117 - clafo [23/Oct/2012:11:06:30 -0400] "GET / HTTP/1.1" 200 7606 "https://sites.google.com/a/umich.edu/polsci101f2012/" "Mozilla/5.0 (Macintosh; Intel Mac OS X 10_6_8) AppleWebKit/534.57.2 (KHTML, like Gecko) Version/5.1.7 Safari/534.57.2"
67.194.221.117 - clafo [23/Oct/2012:11:06:31 -0400] "GET /users/predictor.json?user_id=153 HTTP/1.1" 304 869 "https://www.gradecraft.com/" "Mozilla/5.0 (Macintosh; Intel Mac OS X 10_6_8) AppleWebKit/534.57.2 (KHTML, like Gecko) Version/5.1.7 Safari/534.57.2"
67.194.221.117 - clafo [23/Oct/2012:11:06:31 -0400] "GET /users/predictor.json?in_progress=true&user_id=153 HTTP/1.1" 304 1023 "https://www.gradecraft.com/" "Mozilla/5.0 (Macintosh; Intel Mac OS X 10_6_8) AppleWebKit/534.57.2 (KHTML, like Gecko) Version/5.1.7 Safari/534.57.2"
67.194.221.117 - clafo [23/Oct/2012:11:06:40 -0400] "GET /assignments/118/assignment_submissions/374?grade_id=8691&gradeable_id=153&gradeable_type=User HTTP/1.1" 200 2510 "https://www.gradecraft.com/" "Mozilla/5.0 (Macintosh; Intel Mac OS X 10_6_8) AppleWebKit/534.57.2 (KHTML, like Gecko) Version/5.1.7 Safari/534.57.2"
67.194.221.117 - clafo [23/Oct/2012:11:06:46 -0400] "GET / HTTP/1.1" 304 917 "https://sites.google.com/a/umich.edu/polsci101f2012/" "Mozilla/5.0 (Macintosh; Intel Mac OS X 10_6_8) AppleWebKit/534.57.2 (KHTML, like Gecko) Version/5.1.7 Safari/534.57.2"
67.194.221.117 - clafo [23/Oct/2012:11:06:48 -0400] "GET /users/predictor.json?user_id=153 HTTP/1.1" 304 1023 "https://www.gradecraft.com/" "Mozilla/5.0 (Macintosh; Intel Mac OS X 10_6_8) AppleWebKit/534.57.2 (KHTML, like Gecko) Version/5.1.7 Safari/534.57.2"
67.194.221.117 - clafo [23/Oct/2012:11:06:48 -0400] "GET /users/predictor.json?in_progress=true&user_id=153 HTTP/1.1" 304 1007 "https://www.gradecraft.com/" "Mozilla/5.0 (Macintosh; Intel Mac OS X 10_6_8) AppleWebKit/534.57.2 (KHTML, like Gecko) Version/5.1.7 Safari/534.57.2"
67.194.210.236 - justwill [23/Oct/2012:11:06:28 -0400] "GET /users/students HTTP/1.1" 200 21199 "https://www.gradecraft.com/dashboard" "Mozilla/5.0 (X11; Linux x86_64; rv:15.0) Gecko/20100101 Firefox/15.0.1"
67.194.221.117 - clafo [23/Oct/2012:11:07:00 -0400] "GET /assignments/118/assignment_submissions/374?grade_id=8691&gradeable_id=153&gradeable_type=User HTTP/1.1" 304 1055 "https://www.gradecraft.com/" "Mozilla/5.0 (Macintosh; Intel Mac OS X 10_6_8) AppleWebKit/534.57.2 (KHTML, like Gecko) Version/5.1.7 Safari/534.57.2"
67.194.103.235 - - [23/Oct/2012:11:07:59 -0400] "GET / HTTP/1.1" 302 3984 "-" "Mozilla/5.0 (Windows NT 6.1; WOW64) AppleWebKit/537.4 (KHTML, like Gecko) Chrome/22.0.1229.94 Safari/537.4"
67.194.103.235 - - [23/Oct/2012:11:08:06 -0400] "GET /cosign/valid?cosign-www.gradecraft.com=tapEYHa-m8VMkBW48qnRd2s2N+kedae17zcvebcttuC-cOFz30NSw46PzP6Z4u527qaR-iOxfKywRadf07uTUmUcnbYcx37vNvZexGnev+NuIyUff-VkhGt090KP&https://www.gradecraft.com/ HTTP/1.1" 301 868 "https://weblogin.umich.edu/?cosign-www.gradecraft.com&https://www.gradecraft.com/" "Mozilla/5.0 (Windows NT 6.1; WOW64) AppleWebKit/537.4 (KHTML, like Gecko) Chrome/22.0.1229.94 Safari/537.4"
67.194.103.235 - allportk [23/Oct/2012:11:08:06 -0400] "GET / HTTP/1.1" 302 1348 "https://weblogin.umich.edu/?cosign-www.gradecraft.com&https://www.gradecraft.com/" "Mozilla/5.0 (Windows NT 6.1; WOW64) AppleWebKit/537.4 (KHTML, like Gecko) Chrome/22.0.1229.94 Safari/537.4"
67.194.103.235 - allportk [23/Oct/2012:11:08:06 -0400] "GET /dashboard HTTP/1.1" 200 5236 "https://weblogin.umich.edu/?cosign-www.gradecraft.com&https://www.gradecraft.com/" "Mozilla/5.0 (Windows NT 6.1; WOW64) AppleWebKit/537.4 (KHTML, like Gecko) Chrome/22.0.1229.94 Safari/537.4"
67.194.103.235 - allportk [23/Oct/2012:11:08:07 -0400] "GET /assets/application-75efbcdd2e483708b1922621823d8e20.css HTTP/1.1" 304 245 "https://www.gradecraft.com/dashboard" "Mozilla/5.0 (Windows NT 6.1; WOW64) AppleWebKit/537.4 (KHTML, like Gecko) Chrome/22.0.1229.94 Safari/537.4"
67.194.103.235 - allportk [23/Oct/2012:11:08:07 -0400] "GET /assets/application-8ce02592fd93cf8f056fcba13d4bd5fc.js HTTP/1.1" 304 3473 "https://www.gradecraft.com/dashboard" "Mozilla/5.0 (Windows NT 6.1; WOW64) AppleWebKit/537.4 (KHTML, like Gecko) Chrome/22.0.1229.94 Safari/537.4"
67.194.103.235 - allportk [23/Oct/2012:11:08:08 -0400] "GET /users/predictor.json?user_id=161 HTTP/1.1" 304 869 "https://www.gradecraft.com/dashboard" "Mozilla/5.0 (Windows NT 6.1; WOW64) AppleWebKit/537.4 (KHTML, like Gecko) Chrome/22.0.1229.94 Safari/537.4"
67.194.103.235 - allportk [23/Oct/2012:11:08:08 -0400] "GET /users/predictor.json?in_progress=true&user_id=161 HTTP/1.1" 304 869 "https://www.gradecraft.com/dashboard" "Mozilla/5.0 (Windows NT 6.1; WOW64) AppleWebKit/537.4 (KHTML, like Gecko) Chrome/22.0.1229.94 Safari/537.4"
67.194.28.85 - - [23/Oct/2012:11:09:10 -0400] "GET / HTTP/1.1" 302 3254 "-" "Mozilla/5.0 (Macintosh; Intel Mac OS X 10_7_4) AppleWebKit/534.57.5 (KHTML, like Gecko) Version/5.1.7 Safari/534.57.4"
67.194.28.85 - - [23/Oct/2012:11:09:10 -0400] "GET /cosign/valid?cosign-www.gradecraft.com=LR9iu78G+aeVIi9acHLPZ92hteHcEHNqZzZKznhs8-nUEIJ1DBtAlXp-G8WUpZ+baj0E4DSrKDCOZmRotTVqahSbLCmX0+i8TnJ61njFN5kG1VLrLbi2ZHMEcL2s&https://www.gradecraft.com/ HTTP/1.1" 301 868 "-" "Mozilla/5.0 (Macintosh; Intel Mac OS X 10_7_4) AppleWebKit/534.57.5 (KHTML, like Gecko) Version/5.1.7 Safari/534.57.4"
