67.194.13.160 - - [18/Sep/2012:09:13:10 -0400] "GET /dashboard HTTP/1.1" 302 3254 "-" "Mozilla/5.0 (Macintosh; Intel Mac OS X 10_7_4) AppleWebKit/534.57.5 (KHTML, like Gecko) Version/5.1.7 Safari/534.57.4"
67.194.13.160 - - [18/Sep/2012:09:13:11 -0400] "GET /cosign/valid?cosign-www.gradecraft.com=vGI1-jQN69gCHMY2fYihJ6Fta1eMpTx6S3CFqwNF7cGuZew1oI6pDmSgeWuki2b7tPPjCR+jHbJDUJlktbT3QGyf8+mbePG-+h8bmwYlYpTerxo0ersrAo76DMso&https://www.gradecraft.com/dashboard HTTP/1.1" 301 900 "-" "Mozilla/5.0 (Macintosh; Intel Mac OS X 10_7_4) AppleWebKit/534.57.5 (KHTML, like Gecko) Version/5.1.7 Safari/534.57.4"
67.194.13.160 - allymd [18/Sep/2012:09:13:11 -0400] "GET /dashboard HTTP/1.1" 200 4516 "-" "Mozilla/5.0 (Macintosh; Intel Mac OS X 10_7_4) AppleWebKit/534.57.5 (KHTML, like Gecko) Version/5.1.7 Safari/534.57.4"
67.194.13.160 - allymd [18/Sep/2012:09:13:11 -0400] "GET /assets/stylesheets/cyborg.min.css HTTP/1.1" 200 16531 "https://www.gradecraft.com/dashboard" "Mozilla/5.0 (Macintosh; Intel Mac OS X 10_7_4) AppleWebKit/534.57.5 (KHTML, like Gecko) Version/5.1.7 Safari/534.57.4"
67.194.13.160 - allymd [18/Sep/2012:09:13:11 -0400] "GET /assets/application-ae9afcefede0db68672464a1f0f30f59.css HTTP/1.1" 200 45133 "https://www.gradecraft.com/dashboard" "Mozilla/5.0 (Macintosh; Intel Mac OS X 10_7_4) AppleWebKit/534.57.5 (KHTML, like Gecko) Version/5.1.7 Safari/534.57.4"
67.194.13.160 - allymd [18/Sep/2012:09:13:11 -0400] "GET /assets/application-542000ad953fb19fdb62cdd04228c4b9.js HTTP/1.1" 200 199474 "https://www.gradecraft.com/dashboard" "Mozilla/5.0 (Macintosh; Intel Mac OS X 10_7_4) AppleWebKit/534.57.5 (KHTML, like Gecko) Version/5.1.7 Safari/534.57.4"
67.194.13.160 - allymd [18/Sep/2012:09:13:12 -0400] "GET /users/predictor.json?user_id=125 HTTP/1.1" 200 1578 "https://www.gradecraft.com/dashboard" "Mozilla/5.0 (Macintosh; Intel Mac OS X 10_7_4) AppleWebKit/534.57.5 (KHTML, like Gecko) Version/5.1.7 Safari/534.57.4"
67.194.13.160 - allymd [18/Sep/2012:09:13:12 -0400] "GET /users/predictor.json?in_progress=true&user_id=125 HTTP/1.1" 200 1578 "https://www.gradecraft.com/dashboard" "Mozilla/5.0 (Macintosh; Intel Mac OS X 10_7_4) AppleWebKit/534.57.5 (KHTML, like Gecko) Version/5.1.7 Safari/534.57.4"
67.194.7.243 - cympan [18/Sep/2012:09:13:13 -0400] "GET / HTTP/1.1" 304 959 "-" "Mozilla/5.0 (Macintosh; Intel Mac OS X 10_7_4) AppleWebKit/536.25 (KHTML, like Gecko) Version/6.0 Safari/536.25"
67.194.28.164 - - [18/Sep/2012:09:13:42 -0400] "GET / HTTP/1.1" 302 3789 "-" "Mozilla/5.0 (Macintosh; Intel Mac OS X 10.7; rv:15.0) Gecko/20100101 Firefox/15.0"
67.194.28.164 - - [18/Sep/2012:09:13:43 -0400] "GET /cosign/valid?cosign-www.gradecraft.com=8wWG-KqCI9+SKCQ2sXyPX-OciiqFWEkLbhyjGBa23GvXBXd3xLsoF9e4HYETNMoDU4RWjSBaJDe8NLOevkL7NAYNiPqhGpfouJtHFLpfiJIspi2W4H0uvizPo-Pg&https://www.gradecraft.com/ HTTP/1.1" 301 868 "-" "Mozilla/5.0 (Macintosh; Intel Mac OS X 10.7; rv:15.0) Gecko/20100101 Firefox/15.0"
67.194.28.164 - dajomc [18/Sep/2012:09:13:43 -0400] "GET / HTTP/1.1" 500 1028 "-" "Mozilla/5.0 (Macintosh; Intel Mac OS X 10.7; rv:15.0) Gecko/20100101 Firefox/15.0"
67.194.28.164 - dajomc [18/Sep/2012:09:14:00 -0400] "GET / HTTP/1.1" 500 4256 "-" "Mozilla/5.0 (Macintosh; Intel Mac OS X 10.7; rv:15.0) Gecko/20100101 Firefox/15.0"
35.0.82.46 - - [18/Sep/2012:09:15:01 -0400] "GET / HTTP/1.1" 302 3254 "https://sites.google.com/a/umich.edu/polsci101f2012/" "Mozilla/5.0 (Macintosh; Intel Mac OS X 10_7_4) AppleWebKit/536.25 (KHTML, like Gecko) Version/6.0 Safari/536.25"
35.0.82.46 - - [18/Sep/2012:09:15:01 -0400] "GET /cosign/valid?cosign-www.gradecraft.com=7Ovi9HC0Sz7kVqfDuIH0IGtAQm8XG2VRAzuG9p1K-AV91k9mj1dxJ-9uzKzOZFisj+5-JVKQQZWvgpXNWyK0ggLar8Eor8wiELpumABy4Ggd-yeDBbInwSJ3KBo+&https://www.gradecraft.com/ HTTP/1.1" 301 868 "https://sites.google.com/a/umich.edu/polsci101f2012/" "Mozilla/5.0 (Macintosh; Intel Mac OS X 10_7_4) AppleWebKit/536.25 (KHTML, like Gecko) Version/6.0 Safari/536.25"
35.0.82.46 - - [18/Sep/2012:09:15:01 -0400] "GET / HTTP/1.1" 302 756 "https://sites.google.com/a/umich.edu/polsci101f2012/" "Mozilla/5.0 (Macintosh; Intel Mac OS X 10_7_4) AppleWebKit/536.25 (KHTML, like Gecko) Version/6.0 Safari/536.25"
35.0.82.46 - - [18/Sep/2012:09:15:02 -0400] "GET /cosign/valid?cosign-www.gradecraft.com=y0tBWO5I1XHLcX2S9WBU9xCn7TuMLQMn4cu94ILko0CfBUnei9A8JcOvFGnQ5aVIiSPxaVpIfF+dlTTlo76KjmF859uXkRYwFz8ggjITNBrYDIAl8+VLPWULYiZ7&https://www.gradecraft.com/ HTTP/1.1" 301 868 "https://sites.google.com/a/umich.edu/polsci101f2012/" "Mozilla/5.0 (Macintosh; Intel Mac OS X 10_7_4) AppleWebKit/536.25 (KHTML, like Gecko) Version/6.0 Safari/536.25"
35.0.82.46 - - [18/Sep/2012:09:15:02 -0400] "GET / HTTP/1.1" 302 756 "https://sites.google.com/a/umich.edu/polsci101f2012/" "Mozilla/5.0 (Macintosh; Intel Mac OS X 10_7_4) AppleWebKit/536.25 (KHTML, like Gecko) Version/6.0 Safari/536.25"
35.0.82.46 - - [18/Sep/2012:09:15:02 -0400] "GET /cosign/valid?cosign-www.gradecraft.com=NxAKmSnsCMWajz7h8jX8F9964I01Y2VVQ0XX4euVNPDAF6FzPDjD7Z9aOIEQtil86MJGvxphsfqy1DKkDxnm-xCob0Ho8sSSDV5cNdR32r7LI06HK1M4GCPlSyoV&https://www.gradecraft.com/ HTTP/1.1" 301 868 "https://sites.google.com/a/umich.edu/polsci101f2012/" "Mozilla/5.0 (Macintosh; Intel Mac OS X 10_7_4) AppleWebKit/536.25 (KHTML, like Gecko) Version/6.0 Safari/536.25"
35.0.82.46 - - [18/Sep/2012:09:15:02 -0400] "GET / HTTP/1.1" 302 756 "https://sites.google.com/a/umich.edu/polsci101f2012/" "Mozilla/5.0 (Macintosh; Intel Mac OS X 10_7_4) AppleWebKit/536.25 (KHTML, like Gecko) Version/6.0 Safari/536.25"
35.0.82.46 - - [18/Sep/2012:09:15:02 -0400] "GET /cosign/valid?cosign-www.gradecraft.com=+PdFdGijH9VeMQvmfe9gRPk4mT0fdQQK0A2cY45FBwpJctvmyRw3QN3Uac-Xm9XNemR768OP2NuFIJyT5wr2rTnk4fFJTuEImQFFdHmtIG7SLVRSjXWB5azBehoO&https://www.gradecraft.com/ HTTP/1.1" 301 868 "https://sites.google.com/a/umich.edu/polsci101f2012/" "Mozilla/5.0 (Macintosh; Intel Mac OS X 10_7_4) AppleWebKit/536.25 (KHTML, like Gecko) Version/6.0 Safari/536.25"
35.0.82.46 - - [18/Sep/2012:09:15:02 -0400] "GET / HTTP/1.1" 302 756 "https://sites.google.com/a/umich.edu/polsci101f2012/" "Mozilla/5.0 (Macintosh; Intel Mac OS X 10_7_4) AppleWebKit/536.25 (KHTML, like Gecko) Version/6.0 Safari/536.25"
35.0.82.46 - - [18/Sep/2012:09:15:02 -0400] "GET /cosign/valid?cosign-www.gradecraft.com=iHf9CGD8AQvP43QeMi+ci0gfqf5ujMVbrZNWRD+dya0LR03VNgtaUYJBHomPaUAtsmw1HqEE0mLuJiO3yaUvSBqMdIMgCmiiRSLLmTINM1-5le9UNmxOziBLmLD6&https://www.gradecraft.com/ HTTP/1.1" 301 868 "https://sites.google.com/a/umich.edu/polsci101f2012/" "Mozilla/5.0 (Macintosh; Intel Mac OS X 10_7_4) AppleWebKit/536.25 (KHTML, like Gecko) Version/6.0 Safari/536.25"
35.0.82.46 - - [18/Sep/2012:09:15:02 -0400] "GET / HTTP/1.1" 302 756 "https://sites.google.com/a/umich.edu/polsci101f2012/" "Mozilla/5.0 (Macintosh; Intel Mac OS X 10_7_4) AppleWebKit/536.25 (KHTML, like Gecko) Version/6.0 Safari/536.25"
35.0.82.46 - - [18/Sep/2012:09:15:06 -0400] "GET / HTTP/1.1" 302 756 "https://sites.google.com/a/umich.edu/polsci101f2012/" "Mozilla/5.0 (Macintosh; Intel Mac OS X 10_7_4) AppleWebKit/536.25 (KHTML, like Gecko) Version/6.0 Safari/536.25"
35.0.82.46 - - [18/Sep/2012:09:15:07 -0400] "GET /cosign/valid?cosign-www.gradecraft.com=RGTQXlD5QeQnZHDzvktYh2nDm7rjYIXgBlhTIx+VYlcByijM6UOR8jupJZs30aBGbDrALPXW-nVKG3O5T2okTD15Wwet7ql1aVKD3R1fffLzWC02Ohs6PrYpECq0&https://www.gradecraft.com/ HTTP/1.1" 301 868 "https://sites.google.com/a/umich.edu/polsci101f2012/" "Mozilla/5.0 (Macintosh; Intel Mac OS X 10_7_4) AppleWebKit/536.25 (KHTML, like Gecko) Version/6.0 Safari/536.25"
35.0.82.46 - - [18/Sep/2012:09:15:07 -0400] "GET / HTTP/1.1" 302 756 "https://sites.google.com/a/umich.edu/polsci101f2012/" "Mozilla/5.0 (Macintosh; Intel Mac OS X 10_7_4) AppleWebKit/536.25 (KHTML, like Gecko) Version/6.0 Safari/536.25"
35.0.82.46 - - [18/Sep/2012:09:15:07 -0400] "GET /cosign/valid?cosign-www.gradecraft.com=lWjwEJQZpibHl5swbe-8NfeCX7de3JglwP9PFgDb7JHsLiGPgtd3CkRtW0okIIomBKsVq0ExsbI7vSukCs50Hw02ibYteDPpEoPEZCKOhR6CE0CVmw3k4iuFT7Az&https://www.gradecraft.com/ HTTP/1.1" 301 868 "https://sites.google.com/a/umich.edu/polsci101f2012/" "Mozilla/5.0 (Macintosh; Intel Mac OS X 10_7_4) AppleWebKit/536.25 (KHTML, like Gecko) Version/6.0 Safari/536.25"
35.0.82.46 - - [18/Sep/2012:09:15:07 -0400] "GET / HTTP/1.1" 302 756 "https://sites.google.com/a/umich.edu/polsci101f2012/" "Mozilla/5.0 (Macintosh; Intel Mac OS X 10_7_4) AppleWebKit/536.25 (KHTML, like Gecko) Version/6.0 Safari/536.25"
35.0.82.46 - - [18/Sep/2012:09:15:07 -0400] "GET /cosign/valid?cosign-www.gradecraft.com=rP-VAtTAsULvTvMIVgE5rMRG3n8Ql-DzLShuxqi6OOhnV9segLR73aJiUgO5BDvDMNl9G94Ff0kSHjJx6EuJNYj-DgNO8BxMo1UDtzKkN6mnHql0bSJvsnglPY6x&https://www.gradecraft.com/ HTTP/1.1" 301 868 "https://sites.google.com/a/umich.edu/polsci101f2012/" "Mozilla/5.0 (Macintosh; Intel Mac OS X 10_7_4) AppleWebKit/536.25 (KHTML, like Gecko) Version/6.0 Safari/536.25"
35.0.82.46 - - [18/Sep/2012:09:15:07 -0400] "GET / HTTP/1.1" 302 756 "https://sites.google.com/a/umich.edu/polsci101f2012/" "Mozilla/5.0 (Macintosh; Intel Mac OS X 10_7_4) AppleWebKit/536.25 (KHTML, like Gecko) Version/6.0 Safari/536.25"
67.194.28.164 - dajomc [18/Sep/2012:09:15:12 -0400] "GET / HTTP/1.1" 500 1173 "https://sites.google.com/a/umich.edu/polsci101f2012/" "Mozilla/5.0 (Macintosh; Intel Mac OS X 10.7; rv:15.0) Gecko/20100101 Firefox/15.0"
67.194.28.164 - dajomc [18/Sep/2012:09:18:49 -0400] "GET / HTTP/1.1" 500 1173 "-" "Mozilla/5.0 (Macintosh; Intel Mac OS X 10.7; rv:15.0) Gecko/20100101 Firefox/15.0"
67.194.28.164 - dajomc [18/Sep/2012:09:21:34 -0400] "GET / HTTP/1.1" 500 4061 "-" "Mozilla/5.0 (Macintosh; Intel Mac OS X 10.7; rv:15.0) Gecko/20100101 Firefox/15.0"
67.194.104.210 - - [18/Sep/2012:09:22:07 -0400] "GET /dashboard HTTP/1.1" 302 3259 "-" "Mozilla/5.0 (Macintosh; Intel Mac OS X 10_8_1) AppleWebKit/536.25 (KHTML, like Gecko) Version/6.0 Safari/536.25"
67.194.7.243 - cympan [18/Sep/2012:09:25:08 -0400] "GET / HTTP/1.1" 200 4982 "https://sites.google.com/a/umich.edu/polsci101f2012/" "Mozilla/5.0 (Macintosh; Intel Mac OS X 10_7_4) AppleWebKit/536.25 (KHTML, like Gecko) Version/6.0 Safari/536.25"
67.194.5.144 - - [18/Sep/2012:09:25:34 -0400] "GET / HTTP/1.1" 302 3789 "-" "Mozilla/5.0 (Macintosh; Intel Mac OS X 10_6_8) AppleWebKit/537.1 (KHTML, like Gecko) Chrome/21.0.1180.89 Safari/537.1"
67.194.5.144 - - [18/Sep/2012:09:25:34 -0400] "GET /cosign/valid?cosign-www.gradecraft.com=xY3kT-dNu+chmKgNTAslZb-zjVyvOHR2Uaw6UU-STXjETDvA2xbVTQC3r0RSban0t1NiTfxm9r1UTvs4y76KAV4ItqYcOfN3eMKOXn4R-fx404zIcN-NQjWa12pv&https://www.gradecraft.com/ HTTP/1.1" 301 868 "-" "Mozilla/5.0 (Macintosh; Intel Mac OS X 10_6_8) AppleWebKit/537.1 (KHTML, like Gecko) Chrome/21.0.1180.89 Safari/537.1"
67.194.11.71 - - [18/Sep/2012:09:25:35 -0400] "GET / HTTP/1.1" 302 3254 "https://sites.google.com/a/umich.edu/polsci101f2012/course-structure/blogging" "Mozilla/5.0 (Macintosh; Intel Mac OS X 10_7_4) AppleWebKit/536.25 (KHTML, like Gecko) Version/6.0 Safari/536.25"
67.194.5.144 - abigailt [18/Sep/2012:09:25:34 -0400] "GET / HTTP/1.1" 500 1028 "-" "Mozilla/5.0 (Macintosh; Intel Mac OS X 10_6_8) AppleWebKit/537.1 (KHTML, like Gecko) Chrome/21.0.1180.89 Safari/537.1"
67.194.11.71 - - [18/Sep/2012:09:25:35 -0400] "GET /cosign/valid?cosign-www.gradecraft.com=sHwyfLj3lIs5JW7lmOsPgaRH4PkmhX2qXg5lntfbtd1RcZky0JfACg9bqRQaHXYPpSa1UNHodPXtAnWD+NDZ16qb-p-fHQFWpJx8QZEYiG0QSg1F7JPEm4qGOoPJ&https://www.gradecraft.com/ HTTP/1.1" 301 868 "https://sites.google.com/a/umich.edu/polsci101f2012/course-structure/blogging" "Mozilla/5.0 (Macintosh; Intel Mac OS X 10_7_4) AppleWebKit/536.25 (KHTML, like Gecko) Version/6.0 Safari/536.25"
67.194.11.71 - allicope [18/Sep/2012:09:25:35 -0400] "GET / HTTP/1.1" 200 2484 "https://sites.google.com/a/umich.edu/polsci101f2012/course-structure/blogging" "Mozilla/5.0 (Macintosh; Intel Mac OS X 10_7_4) AppleWebKit/536.25 (KHTML, like Gecko) Version/6.0 Safari/536.25"
67.194.11.71 - allicope [18/Sep/2012:09:25:35 -0400] "GET /assets/application-ae9afcefede0db68672464a1f0f30f59.css HTTP/1.1" 200 45133 "https://www.gradecraft.com/" "Mozilla/5.0 (Macintosh; Intel Mac OS X 10_7_4) AppleWebKit/536.25 (KHTML, like Gecko) Version/6.0 Safari/536.25"
67.194.11.71 - allicope [18/Sep/2012:09:25:35 -0400] "GET /assets/application-542000ad953fb19fdb62cdd04228c4b9.js HTTP/1.1" 200 199474 "https://www.gradecraft.com/" "Mozilla/5.0 (Macintosh; Intel Mac OS X 10_7_4) AppleWebKit/536.25 (KHTML, like Gecko) Version/6.0 Safari/536.25"
67.194.20.170 - scforb [18/Sep/2012:09:25:38 -0400] "GET / HTTP/1.1" 500 4256 "-" "Mozilla/5.0 (Macintosh; Intel Mac OS X 10_7_4) AppleWebKit/537.1 (KHTML, like Gecko) Chrome/21.0.1180.89 Safari/537.1"
67.194.5.144 - abigailt [18/Sep/2012:09:25:39 -0400] "GET / HTTP/1.1" 500 4061 "-" "Mozilla/5.0 (Macintosh; Intel Mac OS X 10_6_8) AppleWebKit/537.1 (KHTML, like Gecko) Chrome/21.0.1180.89 Safari/537.1"
67.194.25.55 - - [18/Sep/2012:09:25:43 -0400] "GET / HTTP/1.1" 302 3254 "-" "Mozilla/5.0 (Macintosh; U; Intel Mac OS X 10_6_8; en-us) AppleWebKit/533.21.1 (KHTML, like Gecko) Version/5.0.5 Safari/533.21.1"
67.194.25.55 - - [18/Sep/2012:09:25:43 -0400] "GET /cosign/valid?cosign-www.gradecraft.com=7AwSOv7kRPbAWQUKFyXi+vGGkTHTP2vI8lWdYFEV0d1DpayjYrVhP-cmFCvF6zPYIftUwaz2hfZBAnia3ls7Xa38CkiZGRyCiXwR2rm6gJ-ksiudRZl6Q0rxF9T3&https://www.gradecraft.com/ HTTP/1.1" 301 868 "-" "Mozilla/5.0 (Macintosh; U; Intel Mac OS X 10_6_8; en-us) AppleWebKit/533.21.1 (KHTML, like Gecko) Version/5.0.5 Safari/533.21.1"
67.194.25.55 - aaabihai [18/Sep/2012:09:25:43 -0400] "GET / HTTP/1.1" 500 1028 "-" "Mozilla/5.0 (Macintosh; U; Intel Mac OS X 10_6_8; en-us) AppleWebKit/533.21.1 (KHTML, like Gecko) Version/5.0.5 Safari/533.21.1"
67.194.77.60 - efry [18/Sep/2012:09:25:46 -0400] "GET /dashboard HTTP/1.1" 302 3947 "-" "Mozilla/5.0 (Macintosh; Intel Mac OS X 10_8_1) AppleWebKit/536.25 (KHTML, like Gecko) Version/6.0 Safari/536.25"
67.194.77.60 - efry [18/Sep/2012:09:25:46 -0400] "GET /dashboard HTTP/1.1" 200 4548 "-" "Mozilla/5.0 (Macintosh; Intel Mac OS X 10_8_1) AppleWebKit/536.25 (KHTML, like Gecko) Version/6.0 Safari/536.25"
67.194.77.60 - efry [18/Sep/2012:09:25:46 -0400] "GET /assets/stylesheets/cyborg.min.css HTTP/1.1" 200 16393 "https://www.gradecraft.com/dashboard" "Mozilla/5.0 (Macintosh; Intel Mac OS X 10_8_1) AppleWebKit/536.25 (KHTML, like Gecko) Version/6.0 Safari/536.25"
67.194.77.60 - efry [18/Sep/2012:09:25:46 -0400] "GET /users/predictor.json?user_id=129 HTTP/1.1" 200 1594 "https://www.gradecraft.com/dashboard" "Mozilla/5.0 (Macintosh; Intel Mac OS X 10_8_1) AppleWebKit/536.25 (KHTML, like Gecko) Version/6.0 Safari/536.25"
67.194.77.60 - efry [18/Sep/2012:09:25:46 -0400] "GET /users/predictor.json?in_progress=true&user_id=129 HTTP/1.1" 200 1739 "https://www.gradecraft.com/dashboard" "Mozilla/5.0 (Macintosh; Intel Mac OS X 10_8_1) AppleWebKit/536.25 (KHTML, like Gecko) Version/6.0 Safari/536.25"
67.194.6.75 - cpenoyer [18/Sep/2012:09:25:48 -0400] "GET / HTTP/1.1" 500 3526 "https://sites.google.com/a/umich.edu/polsci101f2012/" "Mozilla/5.0 (Macintosh; Intel Mac OS X 10_7_4) AppleWebKit/536.25 (KHTML, like Gecko) Version/6.0 Safari/536.25"
67.194.25.55 - aaabihai [18/Sep/2012:09:25:49 -0400] "GET / HTTP/1.1" 500 1166 "-" "Mozilla/5.0 (Macintosh; U; Intel Mac OS X 10_6_8; en-us) AppleWebKit/533.21.1 (KHTML, like Gecko) Version/5.0.5 Safari/533.21.1"
67.194.98.73 - - [18/Sep/2012:09:25:49 -0400] "GET / HTTP/1.1" 302 3984 "-" "Mozilla/5.0 (Windows NT 6.1; WOW64) AppleWebKit/537.1 (KHTML, like Gecko) Chrome/21.0.1180.89 Safari/537.1"
67.194.98.73 - - [18/Sep/2012:09:25:50 -0400] "GET /cosign/valid?cosign-www.gradecraft.com=JLnlfOj-mzQcv5ykdytF9487zPY4LxBpolBDVKNPxGCg6cKkyWQBwByK2fPq3rCbEn5SNQT-6ykT-yiwzOWnSNvuQ1jd0JE3Aql+Dke422Jc4GFtfwbE30M6z7sM&https://www.gradecraft.com/ HTTP/1.1" 301 868 "-" "Mozilla/5.0 (Windows NT 6.1; WOW64) AppleWebKit/537.1 (KHTML, like Gecko) Chrome/21.0.1180.89 Safari/537.1"
67.194.98.73 - swsmth [18/Sep/2012:09:25:50 -0400] "GET / HTTP/1.1" 200 2484 "-" "Mozilla/5.0 (Windows NT 6.1; WOW64) AppleWebKit/537.1 (KHTML, like Gecko) Chrome/21.0.1180.89 Safari/537.1"
67.194.98.73 - swsmth [18/Sep/2012:09:25:50 -0400] "GET /assets/application-ae9afcefede0db68672464a1f0f30f59.css HTTP/1.1" 200 45133 "https://www.gradecraft.com/" "Mozilla/5.0 (Windows NT 6.1; WOW64) AppleWebKit/537.1 (KHTML, like Gecko) Chrome/21.0.1180.89 Safari/537.1"
67.194.98.73 - swsmth [18/Sep/2012:09:25:50 -0400] "GET /assets/application-542000ad953fb19fdb62cdd04228c4b9.js HTTP/1.1" 200 202564 "https://www.gradecraft.com/" "Mozilla/5.0 (Windows NT 6.1; WOW64) AppleWebKit/537.1 (KHTML, like Gecko) Chrome/21.0.1180.89 Safari/537.1"
67.194.11.71 - allicope [18/Sep/2012:09:25:51 -0400] "POST /user_sessions HTTP/1.1" 200 3150 "https://www.gradecraft.com/" "Mozilla/5.0 (Macintosh; Intel Mac OS X 10_7_4) AppleWebKit/536.25 (KHTML, like Gecko) Version/6.0 Safari/536.25"
67.194.28.164 - dajomc [18/Sep/2012:09:25:51 -0400] "GET / HTTP/1.1" 500 4256 "-" "Mozilla/5.0 (Macintosh; Intel Mac OS X 10.7; rv:15.0) Gecko/20100101 Firefox/15.0"
67.194.98.73 - swsmth [18/Sep/2012:09:26:06 -0400] "POST /user_sessions HTTP/1.1" 200 6224 "https://www.gradecraft.com/" "Mozilla/5.0 (Windows NT 6.1; WOW64) AppleWebKit/537.1 (KHTML, like Gecko) Chrome/21.0.1180.89 Safari/537.1"
67.194.38.208 - - [18/Sep/2012:09:26:15 -0400] "GET /dashboard HTTP/1.1" 302 3254 "-" "Mozilla/5.0 (Macintosh; Intel Mac OS X 10_7_4) AppleWebKit/534.56.5 (KHTML, like Gecko) Version/5.1.6 Safari/534.56.5"
67.194.38.208 - - [18/Sep/2012:09:26:15 -0400] "GET /cosign/valid?cosign-www.gradecraft.com=O0c-YATLaOE8Lrs2S+B-IC36BlB76EqR+KIoitMGO3U41SXiR8k+Ugw3wYHUznf8o-E6Af9ZY8JEUHzMHCxWAblNnUGzFy1MFr5-PaYnduxv0n1WKcARp-JoP18o&https://www.gradecraft.com/dashboard HTTP/1.1" 301 900 "-" "Mozilla/5.0 (Macintosh; Intel Mac OS X 10_7_4) AppleWebKit/534.56.5 (KHTML, like Gecko) Version/5.1.6 Safari/534.56.5"
67.194.38.208 - osinger [18/Sep/2012:09:26:15 -0400] "GET /dashboard HTTP/1.1" 302 1348 "-" "Mozilla/5.0 (Macintosh; Intel Mac OS X 10_7_4) AppleWebKit/534.56.5 (KHTML, like Gecko) Version/5.1.6 Safari/534.56.5"
67.194.38.208 - osinger [18/Sep/2012:09:26:15 -0400] "GET /dashboard HTTP/1.1" 200 4564 "-" "Mozilla/5.0 (Macintosh; Intel Mac OS X 10_7_4) AppleWebKit/534.56.5 (KHTML, like Gecko) Version/5.1.6 Safari/534.56.5"
67.194.38.208 - osinger [18/Sep/2012:09:26:17 -0400] "GET /assets/application-ae9afcefede0db68672464a1f0f30f59.css HTTP/1.1" 200 45133 "https://www.gradecraft.com/dashboard" "Mozilla/5.0 (Macintosh; Intel Mac OS X 10_7_4) AppleWebKit/534.56.5 (KHTML, like Gecko) Version/5.1.6 Safari/534.56.5"
67.194.38.208 - osinger [18/Sep/2012:09:26:17 -0400] "GET /assets/stylesheets/cyborg.min.css HTTP/1.1" 200 16531 "https://www.gradecraft.com/dashboard" "Mozilla/5.0 (Macintosh; Intel Mac OS X 10_7_4) AppleWebKit/534.56.5 (KHTML, like Gecko) Version/5.1.6 Safari/534.56.5"
67.194.38.208 - osinger [18/Sep/2012:09:26:17 -0400] "GET /assets/application-542000ad953fb19fdb62cdd04228c4b9.js HTTP/1.1" 200 199474 "https://www.gradecraft.com/dashboard" "Mozilla/5.0 (Macintosh; Intel Mac OS X 10_7_4) AppleWebKit/534.56.5 (KHTML, like Gecko) Version/5.1.6 Safari/534.56.5"
67.194.38.208 - osinger [18/Sep/2012:09:26:17 -0400] "GET /users/predictor.json?user_id=75 HTTP/1.1" 200 1578 "https://www.gradecraft.com/dashboard" "Mozilla/5.0 (Macintosh; Intel Mac OS X 10_7_4) AppleWebKit/534.56.5 (KHTML, like Gecko) Version/5.1.6 Safari/534.56.5"
67.194.38.208 - osinger [18/Sep/2012:09:26:17 -0400] "GET /users/predictor.json?in_progress=true&user_id=75 HTTP/1.1" 200 1578 "https://www.gradecraft.com/dashboard" "Mozilla/5.0 (Macintosh; Intel Mac OS X 10_7_4) AppleWebKit/534.56.5 (KHTML, like Gecko) Version/5.1.6 Safari/534.56.5"
67.194.98.73 - swsmth [18/Sep/2012:09:26:21 -0400] "GET / HTTP/1.1" 304 821 "-" "Mozilla/5.0 (Windows NT 6.1; WOW64) AppleWebKit/537.1 (KHTML, like Gecko) Chrome/21.0.1180.89 Safari/537.1"
67.194.11.71 - allicope [18/Sep/2012:09:26:33 -0400] "GET / HTTP/1.1" 304 959 "https://sites.google.com/a/umich.edu/polsci101f2012/" "Mozilla/5.0 (Macintosh; Intel Mac OS X 10_7_4) AppleWebKit/536.25 (KHTML, like Gecko) Version/6.0 Safari/536.25"
67.194.108.98 - - [18/Sep/2012:09:26:46 -0400] "GET /dashboard HTTP/1.1" 302 3789 "-" "Mozilla/5.0 (Macintosh; Intel Mac OS X 10_8_1) AppleWebKit/537.1 (KHTML, like Gecko) Chrome/21.0.1180.89 Safari/537.1"
67.194.108.98 - - [18/Sep/2012:09:26:46 -0400] "GET /cosign/valid?cosign-www.gradecraft.com=93reBRt+H22lhdER+q38ETwvqhjy7-X1TOm-zzYjL8HSO4pElz4ldluPmisIQI3+saaYHEBEKp02xaR-CXNIxuBXvACgjTyiQpLCQlqBSJdBGG7w40rwq4xhzbUq&https://www.gradecraft.com/dashboard HTTP/1.1" 301 900 "-" "Mozilla/5.0 (Macintosh; Intel Mac OS X 10_8_1) AppleWebKit/537.1 (KHTML, like Gecko) Chrome/21.0.1180.89 Safari/537.1"
67.194.108.98 - ilesjef [18/Sep/2012:09:26:46 -0400] "GET /dashboard HTTP/1.1" 200 4564 "-" "Mozilla/5.0 (Macintosh; Intel Mac OS X 10_8_1) AppleWebKit/537.1 (KHTML, like Gecko) Chrome/21.0.1180.89 Safari/537.1"
67.194.108.98 - ilesjef [18/Sep/2012:09:26:47 -0400] "GET /assets/stylesheets/cyborg.min.css HTTP/1.1" 200 19426 "https://www.gradecraft.com/dashboard" "Mozilla/5.0 (Macintosh; Intel Mac OS X 10_8_1) AppleWebKit/537.1 (KHTML, like Gecko) Chrome/21.0.1180.89 Safari/537.1"
67.194.108.98 - ilesjef [18/Sep/2012:09:26:47 -0400] "GET /assets/application-ae9afcefede0db68672464a1f0f30f59.css HTTP/1.1" 200 45133 "https://www.gradecraft.com/dashboard" "Mozilla/5.0 (Macintosh; Intel Mac OS X 10_8_1) AppleWebKit/537.1 (KHTML, like Gecko) Chrome/21.0.1180.89 Safari/537.1"
67.194.108.98 - ilesjef [18/Sep/2012:09:26:47 -0400] "GET /assets/application-542000ad953fb19fdb62cdd04228c4b9.js HTTP/1.1" 200 202369 "https://www.gradecraft.com/dashboard" "Mozilla/5.0 (Macintosh; Intel Mac OS X 10_8_1) AppleWebKit/537.1 (KHTML, like Gecko) Chrome/21.0.1180.89 Safari/537.1"
67.194.108.98 - ilesjef [18/Sep/2012:09:26:47 -0400] "GET /users/predictor.json?user_id=150 HTTP/1.1" 304 885 "https://www.gradecraft.com/dashboard" "Mozilla/5.0 (Macintosh; Intel Mac OS X 10_8_1) AppleWebKit/537.1 (KHTML, like Gecko) Chrome/21.0.1180.89 Safari/537.1"
67.194.108.98 - ilesjef [18/Sep/2012:09:26:47 -0400] "GET /users/predictor.json?in_progress=true&user_id=150 HTTP/1.1" 304 885 "https://www.gradecraft.com/dashboard" "Mozilla/5.0 (Macintosh; Intel Mac OS X 10_8_1) AppleWebKit/537.1 (KHTML, like Gecko) Chrome/21.0.1180.89 Safari/537.1"
67.194.11.71 - allicope [18/Sep/2012:09:26:51 -0400] "POST /user_sessions HTTP/1.1" 200 3150 "https://www.gradecraft.com/" "Mozilla/5.0 (Macintosh; Intel Mac OS X 10_7_4) AppleWebKit/536.25 (KHTML, like Gecko) Version/6.0 Safari/536.25"
67.194.98.73 - swsmth [18/Sep/2012:09:27:05 -0400] "POST /user_sessions HTTP/1.1" 200 3157 "https://www.gradecraft.com/" "Mozilla/5.0 (Windows NT 6.1; WOW64) AppleWebKit/537.1 (KHTML, like Gecko) Chrome/21.0.1180.89 Safari/537.1"
67.194.11.71 - allicope [18/Sep/2012:09:27:10 -0400] "POST /user_sessions HTTP/1.1" 200 3150 "https://www.gradecraft.com/user_sessions" "Mozilla/5.0 (Macintosh; Intel Mac OS X 10_7_4) AppleWebKit/536.25 (KHTML, like Gecko) Version/6.0 Safari/536.25"
67.194.98.73 - swsmth [18/Sep/2012:09:27:22 -0400] "POST /user_sessions HTTP/1.1" 200 3157 "https://www.gradecraft.com/user_sessions" "Mozilla/5.0 (Windows NT 6.1; WOW64) AppleWebKit/537.1 (KHTML, like Gecko) Chrome/21.0.1180.89 Safari/537.1"
67.194.98.73 - swsmth [18/Sep/2012:09:27:27 -0400] "POST /user_sessions HTTP/1.1" 200 2996 "https://www.gradecraft.com/user_sessions" "Mozilla/5.0 (Windows NT 6.1; WOW64) AppleWebKit/537.1 (KHTML, like Gecko) Chrome/21.0.1180.89 Safari/537.1"
67.194.98.73 - swsmth [18/Sep/2012:09:28:42 -0400] "GET / HTTP/1.1" 304 950 "-" "Mozilla/5.0 (Windows NT 6.1; WOW64) AppleWebKit/537.1 (KHTML, like Gecko) Chrome/21.0.1180.89 Safari/537.1"
67.194.98.73 - swsmth [18/Sep/2012:09:29:01 -0400] "POST /user_sessions HTTP/1.1" 200 3157 "https://www.gradecraft.com/" "Mozilla/5.0 (Windows NT 6.1; WOW64) AppleWebKit/537.1 (KHTML, like Gecko) Chrome/21.0.1180.89 Safari/537.1"
67.194.98.73 - - [18/Sep/2012:09:29:55 -0400] "GET / HTTP/1.1" 302 3984 "-" "Mozilla/5.0 (Windows NT 6.1; WOW64) AppleWebKit/537.1 (KHTML, like Gecko) Chrome/21.0.1180.89 Safari/537.1"
67.194.108.98 - ilesjef [18/Sep/2012:09:30:02 -0400] "GET /users/predictor.json?user_id=150 HTTP/1.1" 304 4113 "https://www.gradecraft.com/dashboard" "Mozilla/5.0 (Macintosh; Intel Mac OS X 10_8_1) AppleWebKit/537.1 (KHTML, like Gecko) Chrome/21.0.1180.89 Safari/537.1"
67.194.108.98 - ilesjef [18/Sep/2012:09:30:02 -0400] "GET /users/predictor.json?in_progress=true&user_id=150 HTTP/1.1" 304 4113 "https://www.gradecraft.com/dashboard" "Mozilla/5.0 (Macintosh; Intel Mac OS X 10_8_1) AppleWebKit/537.1 (KHTML, like Gecko) Chrome/21.0.1180.89 Safari/537.1"
67.194.98.73 - - [18/Sep/2012:09:30:02 -0400] "GET /cosign/valid?cosign-www.gradecraft.com=b0aXpddstb4hiu9ZIV3j1nUnxx9vnlal47rNXzKEnkTiAuQRlNnlQ3b+GE6WU-nGFdUPO7RyWmVHGztLBpqYKQyK46YISgTMKD+kvmP-8z9wah34s8+6KX8zcAo4&https://www.gradecraft.com/ HTTP/1.1" 301 868 "https://weblogin.umich.edu/?cosign-www.gradecraft.com&https://www.gradecraft.com/" "Mozilla/5.0 (Windows NT 6.1; WOW64) AppleWebKit/537.1 (KHTML, like Gecko) Chrome/21.0.1180.89 Safari/537.1"
67.194.98.73 - swsmth [18/Sep/2012:09:30:02 -0400] "GET / HTTP/1.1" 200 2468 "https://weblogin.umich.edu/?cosign-www.gradecraft.com&https://www.gradecraft.com/" "Mozilla/5.0 (Windows NT 6.1; WOW64) AppleWebKit/537.1 (KHTML, like Gecko) Chrome/21.0.1180.89 Safari/537.1"
67.194.98.73 - swsmth [18/Sep/2012:09:30:13 -0400] "POST /user_sessions HTTP/1.1" 200 3012 "https://www.gradecraft.com/" "Mozilla/5.0 (Windows NT 6.1; WOW64) AppleWebKit/537.1 (KHTML, like Gecko) Chrome/21.0.1180.89 Safari/537.1"
67.194.98.73 - swsmth [18/Sep/2012:09:30:34 -0400] "GET /user_sessions?utf8=%E2%9C%93&authenticity_token=YCKMaxeUYr37Ayj9JWLi2k3tXfGXIuTWMeFWP8YJf1w%3D&commit=Create+a+New+Password HTTP/1.1" 404 1205 "https://www.gradecraft.com/user_sessions" "Mozilla/5.0 (Windows NT 6.1; WOW64) AppleWebKit/537.1 (KHTML, like Gecko) Chrome/21.0.1180.89 Safari/537.1"
67.194.108.98 - ilesjef [18/Sep/2012:09:36:29 -0400] "GET /dashboard HTTP/1.1" 304 3966 "-" "Mozilla/5.0 (Macintosh; Intel Mac OS X 10_8_1) AppleWebKit/537.1 (KHTML, like Gecko) Chrome/21.0.1180.89 Safari/537.1"
67.194.108.98 - ilesjef [18/Sep/2012:09:36:30 -0400] "GET /users/predictor.json?in_progress=true&user_id=150 HTTP/1.1" 304 885 "https://www.gradecraft.com/dashboard" "Mozilla/5.0 (Macintosh; Intel Mac OS X 10_8_1) AppleWebKit/537.1 (KHTML, like Gecko) Chrome/21.0.1180.89 Safari/537.1"
67.194.108.98 - ilesjef [18/Sep/2012:09:36:30 -0400] "GET /users/predictor.json?user_id=150 HTTP/1.1" 304 3918 "https://www.gradecraft.com/dashboard" "Mozilla/5.0 (Macintosh; Intel Mac OS X 10_8_1) AppleWebKit/537.1 (KHTML, like Gecko) Chrome/21.0.1180.89 Safari/537.1"
67.194.23.116 - ewags [18/Sep/2012:09:36:42 -0400] "GET / HTTP/1.1" 500 3526 "https://sites.google.com/a/umich.edu/polsci101f2012/readings/reading-homework" "Mozilla/5.0 (Macintosh; Intel Mac OS X 10_7_4) AppleWebKit/536.25 (KHTML, like Gecko) Version/6.0 Safari/536.25"
67.194.23.116 - ewags [18/Sep/2012:09:37:30 -0400] "GET / HTTP/1.1" 500 1166 "-" "Mozilla/5.0 (Macintosh; Intel Mac OS X 10_7_4) AppleWebKit/536.25 (KHTML, like Gecko) Version/6.0 Safari/536.25"
67.194.33.122 - - [18/Sep/2012:09:37:55 -0400] "GET / HTTP/1.1" 302 3259 "-" "Mozilla/5.0 (Macintosh; Intel Mac OS X 10_8_1) AppleWebKit/536.25 (KHTML, like Gecko) Version/6.0 Safari/536.25"
67.194.25.55 - - [18/Sep/2012:09:47:05 -0400] "GET / HTTP/1.1" 302 3254 "-" "Mozilla/5.0 (Macintosh; U; Intel Mac OS X 10_6_8; en-us) AppleWebKit/533.21.1 (KHTML, like Gecko) Version/5.0.5 Safari/533.21.1"
67.194.35.144 - - [18/Sep/2012:09:59:09 -0400] "GET / HTTP/1.1" 302 3254 "-" "Mozilla/5.0 (Macintosh; Intel Mac OS X 10_5_8) AppleWebKit/534.50.2 (KHTML, like Gecko) Version/5.0.6 Safari/533.22.3"
35.0.92.83 - - [18/Sep/2012:10:00:31 -0400] "GET / HTTP/1.1" 302 3254 "-" "Mozilla/5.0 (Macintosh; Intel Mac OS X 10_6_8) AppleWebKit/534.52.7 (KHTML, like Gecko) Version/5.1.2 Safari/534.52.7"
35.0.92.83 - - [18/Sep/2012:10:00:38 -0400] "GET /cosign/valid?cosign-www.gradecraft.com=BpHPB565WHOlc-pZK6zhN64iJuAczOMxEHN9rToHoiWC16+jSN+NAIjgvCVBjCtMR9UWg-OkPIuMH1z1Mo6UXq8PgwQ4FJlXVfQB3LrnWDIYpiWUtGaoXFQ8vOC0&https://www.gradecraft.com/ HTTP/1.1" 301 868 "https://weblogin.umich.edu/?cosign-www.gradecraft.com&https://www.gradecraft.com/" "Mozilla/5.0 (Macintosh; Intel Mac OS X 10_6_8) AppleWebKit/534.52.7 (KHTML, like Gecko) Version/5.1.2 Safari/534.52.7"
35.0.92.83 - jepfeife [18/Sep/2012:10:00:39 -0400] "GET / HTTP/1.1" 200 2484 "https://weblogin.umich.edu/?cosign-www.gradecraft.com&https://www.gradecraft.com/" "Mozilla/5.0 (Macintosh; Intel Mac OS X 10_6_8) AppleWebKit/534.52.7 (KHTML, like Gecko) Version/5.1.2 Safari/534.52.7"
35.0.92.83 - jepfeife [18/Sep/2012:10:00:39 -0400] "GET /assets/application-ae9afcefede0db68672464a1f0f30f59.css HTTP/1.1" 200 45133 "https://www.gradecraft.com/" "Mozilla/5.0 (Macintosh; Intel Mac OS X 10_6_8) AppleWebKit/534.52.7 (KHTML, like Gecko) Version/5.1.2 Safari/534.52.7"
35.0.92.83 - jepfeife [18/Sep/2012:10:00:39 -0400] "GET /assets/application-542000ad953fb19fdb62cdd04228c4b9.js HTTP/1.1" 200 199474 "https://www.gradecraft.com/" "Mozilla/5.0 (Macintosh; Intel Mac OS X 10_6_8) AppleWebKit/534.52.7 (KHTML, like Gecko) Version/5.1.2 Safari/534.52.7"
35.0.92.83 - jepfeife [18/Sep/2012:10:00:56 -0400] "POST /user_sessions HTTP/1.1" 200 3012 "https://www.gradecraft.com/" "Mozilla/5.0 (Macintosh; Intel Mac OS X 10_6_8) AppleWebKit/534.52.7 (KHTML, like Gecko) Version/5.1.2 Safari/534.52.7"
35.0.92.83 - jepfeife [18/Sep/2012:10:01:00 -0400] "GET / HTTP/1.1" 304 821 "-" "Mozilla/5.0 (Macintosh; Intel Mac OS X 10_6_8) AppleWebKit/534.52.7 (KHTML, like Gecko) Version/5.1.2 Safari/534.52.7"
35.0.92.83 - jepfeife [18/Sep/2012:10:01:18 -0400] "GET /user_sessions HTTP/1.1" 404 1198 "-" "Mozilla/5.0 (Macintosh; Intel Mac OS X 10_6_8) AppleWebKit/534.52.7 (KHTML, like Gecko) Version/5.1.2 Safari/534.52.7"
35.0.92.83 - jepfeife [18/Sep/2012:10:01:26 -0400] "GET /badges HTTP/1.1" 302 1444 "-" "Mozilla/5.0 (Macintosh; Intel Mac OS X 10_6_8) AppleWebKit/534.52.7 (KHTML, like Gecko) Version/5.1.2 Safari/534.52.7"
35.0.92.83 - jepfeife [18/Sep/2012:10:01:26 -0400] "GET /dashboard HTTP/1.1" 200 4548 "-" "Mozilla/5.0 (Macintosh; Intel Mac OS X 10_6_8) AppleWebKit/534.52.7 (KHTML, like Gecko) Version/5.1.2 Safari/534.52.7"
35.0.92.83 - jepfeife [18/Sep/2012:10:01:27 -0400] "GET /assets/stylesheets/cyborg.min.css HTTP/1.1" 200 16393 "https://www.gradecraft.com/dashboard" "Mozilla/5.0 (Macintosh; Intel Mac OS X 10_6_8) AppleWebKit/534.52.7 (KHTML, like Gecko) Version/5.1.2 Safari/534.52.7"
35.0.92.83 - jepfeife [18/Sep/2012:10:01:27 -0400] "GET /users/predictor.json?in_progress=true&user_id=192 HTTP/1.1" 200 1594 "https://www.gradecraft.com/dashboard" "Mozilla/5.0 (Macintosh; Intel Mac OS X 10_6_8) AppleWebKit/534.52.7 (KHTML, like Gecko) Version/5.1.2 Safari/534.52.7"
35.0.92.83 - jepfeife [18/Sep/2012:10:01:27 -0400] "GET /users/predictor.json?user_id=192 HTTP/1.1" 200 1716 "https://www.gradecraft.com/dashboard" "Mozilla/5.0 (Macintosh; Intel Mac OS X 10_6_8) AppleWebKit/534.52.7 (KHTML, like Gecko) Version/5.1.2 Safari/534.52.7"
35.0.92.83 - jepfeife [18/Sep/2012:10:01:31 -0400] "GET /badges HTTP/1.1" 200 3940 "https://www.gradecraft.com/dashboard" "Mozilla/5.0 (Macintosh; Intel Mac OS X 10_6_8) AppleWebKit/534.52.7 (KHTML, like Gecko) Version/5.1.2 Safari/534.52.7"
35.0.92.83 - jepfeife [18/Sep/2012:10:01:31 -0400] "GET /badges/pos101/always_learning.png HTTP/1.1" 200 3066 "https://www.gradecraft.com/badges" "Mozilla/5.0 (Macintosh; Intel Mac OS X 10_6_8) AppleWebKit/534.52.7 (KHTML, like Gecko) Version/5.1.2 Safari/534.52.7"
35.0.92.83 - jepfeife [18/Sep/2012:10:01:31 -0400] "GET /badges/pos101/great_critic.png HTTP/1.1" 200 5306 "https://www.gradecraft.com/badges" "Mozilla/5.0 (Macintosh; Intel Mac OS X 10_6_8) AppleWebKit/534.52.7 (KHTML, like Gecko) Version/5.1.2 Safari/534.52.7"
35.0.92.83 - jepfeife [18/Sep/2012:10:01:31 -0400] "GET /badges/pos101/above_and_beyond.png HTTP/1.1" 200 6372 "https://www.gradecraft.com/badges" "Mozilla/5.0 (Macintosh; Intel Mac OS X 10_6_8) AppleWebKit/534.52.7 (KHTML, like Gecko) Version/5.1.2 Safari/534.52.7"
35.0.92.83 - jepfeife [18/Sep/2012:10:01:31 -0400] "GET /badges/pos101/presentation_of_self.png HTTP/1.1" 200 5636 "https://www.gradecraft.com/badges" "Mozilla/5.0 (Macintosh; Intel Mac OS X 10_6_8) AppleWebKit/534.52.7 (KHTML, like Gecko) Version/5.1.2 Safari/534.52.7"
35.0.92.83 - jepfeife [18/Sep/2012:10:01:31 -0400] "GET /badges/pos101/awesome_aggregator.png HTTP/1.1" 200 5796 "https://www.gradecraft.com/badges" "Mozilla/5.0 (Macintosh; Intel Mac OS X 10_6_8) AppleWebKit/534.52.7 (KHTML, like Gecko) Version/5.1.2 Safari/534.52.7"
35.0.92.83 - jepfeife [18/Sep/2012:10:01:31 -0400] "GET /badges/pos101/teachers_pet.png HTTP/1.1" 200 3332 "https://www.gradecraft.com/badges" "Mozilla/5.0 (Macintosh; Intel Mac OS X 10_6_8) AppleWebKit/534.52.7 (KHTML, like Gecko) Version/5.1.2 Safari/534.52.7"
35.0.92.83 - jepfeife [18/Sep/2012:10:01:31 -0400] "GET /badges/pos101/courageous_failure.png HTTP/1.1" 200 8548 "https://www.gradecraft.com/badges" "Mozilla/5.0 (Macintosh; Intel Mac OS X 10_6_8) AppleWebKit/534.52.7 (KHTML, like Gecko) Version/5.1.2 Safari/534.52.7"
35.0.92.83 - jepfeife [18/Sep/2012:10:01:31 -0400] "GET /badges/pos101/early_bird_special.png HTTP/1.1" 200 4740 "https://www.gradecraft.com/badges" "Mozilla/5.0 (Macintosh; Intel Mac OS X 10_6_8) AppleWebKit/534.52.7 (KHTML, like Gecko) Version/5.1.2 Safari/534.52.7"
35.0.92.83 - jepfeife [18/Sep/2012:10:01:31 -0400] "GET /badges/pos101/examination_expert.png HTTP/1.1" 200 4042 "https://www.gradecraft.com/badges" "Mozilla/5.0 (Macintosh; Intel Mac OS X 10_6_8) AppleWebKit/534.52.7 (KHTML, like Gecko) Version/5.1.2 Safari/534.52.7"
35.0.92.83 - jepfeife [18/Sep/2012:10:01:31 -0400] "GET /badges/pos101/gaining_experience.png HTTP/1.1" 200 8458 "https://www.gradecraft.com/badges" "Mozilla/5.0 (Macintosh; Intel Mac OS X 10_6_8) AppleWebKit/534.52.7 (KHTML, like Gecko) Version/5.1.2 Safari/534.52.7"
35.0.92.83 - jepfeife [18/Sep/2012:10:01:32 -0400] "GET /badges/pos101/gamer.png HTTP/1.1" 200 4378 "https://www.gradecraft.com/badges" "Mozilla/5.0 (Macintosh; Intel Mac OS X 10_6_8) AppleWebKit/534.52.7 (KHTML, like Gecko) Version/5.1.2 Safari/534.52.7"
35.0.92.83 - jepfeife [18/Sep/2012:10:01:32 -0400] "GET /uploads/badge/icon/23/learning_from_mistakes.png HTTP/1.1" 404 1198 "https://www.gradecraft.com/badges" "Mozilla/5.0 (Macintosh; Intel Mac OS X 10_6_8) AppleWebKit/534.52.7 (KHTML, like Gecko) Version/5.1.2 Safari/534.52.7"
35.0.92.83 - jepfeife [18/Sep/2012:10:01:32 -0400] "GET /badges/pos101/level_one.png HTTP/1.1" 200 4596 "https://www.gradecraft.com/badges" "Mozilla/5.0 (Macintosh; Intel Mac OS X 10_6_8) AppleWebKit/534.52.7 (KHTML, like Gecko) Version/5.1.2 Safari/534.52.7"
35.0.92.83 - jepfeife [18/Sep/2012:10:01:32 -0400] "GET /badges/pos101/personal.png HTTP/1.1" 200 4474 "https://www.gradecraft.com/badges" "Mozilla/5.0 (Macintosh; Intel Mac OS X 10_6_8) AppleWebKit/534.52.7 (KHTML, like Gecko) Version/5.1.2 Safari/534.52.7"
35.0.92.83 - jepfeife [18/Sep/2012:10:01:32 -0400] "GET /badges/pos101/participatory_democrat.png HTTP/1.1" 200 5492 "https://www.gradecraft.com/badges" "Mozilla/5.0 (Macintosh; Intel Mac OS X 10_6_8) AppleWebKit/534.52.7 (KHTML, like Gecko) Version/5.1.2 Safari/534.52.7"
35.0.92.83 - jepfeife [18/Sep/2012:10:01:32 -0400] "GET /badges/pos101/practice_makes_perfect.png HTTP/1.1" 200 6010 "https://www.gradecraft.com/badges" "Mozilla/5.0 (Macintosh; Intel Mac OS X 10_6_8) AppleWebKit/534.52.7 (KHTML, like Gecko) Version/5.1.2 Safari/534.52.7"
35.0.92.83 - jepfeife [18/Sep/2012:10:01:32 -0400] "GET /badges/pos101/public_speaker.png HTTP/1.1" 200 5620 "https://www.gradecraft.com/badges" "Mozilla/5.0 (Macintosh; Intel Mac OS X 10_6_8) AppleWebKit/534.52.7 (KHTML, like Gecko) Version/5.1.2 Safari/534.52.7"
35.0.92.83 - jepfeife [18/Sep/2012:10:01:32 -0400] "GET /badges/pos101/scribe.png HTTP/1.1" 200 3002 "https://www.gradecraft.com/badges" "Mozilla/5.0 (Macintosh; Intel Mac OS X 10_6_8) AppleWebKit/534.52.7 (KHTML, like Gecko) Version/5.1.2 Safari/534.52.7"
35.0.92.83 - jepfeife [18/Sep/2012:10:01:32 -0400] "GET /badges/pos101/times_immemorial.png HTTP/1.1" 200 5722 "https://www.gradecraft.com/badges" "Mozilla/5.0 (Macintosh; Intel Mac OS X 10_6_8) AppleWebKit/534.52.7 (KHTML, like Gecko) Version/5.1.2 Safari/534.52.7"
35.0.92.83 - jepfeife [18/Sep/2012:10:01:32 -0400] "GET /badges/pos101/concentrator.png HTTP/1.1" 200 3732 "https://www.gradecraft.com/badges" "Mozilla/5.0 (Macintosh; Intel Mac OS X 10_6_8) AppleWebKit/534.52.7 (KHTML, like Gecko) Version/5.1.2 Safari/534.52.7"
35.0.92.83 - jepfeife [18/Sep/2012:10:01:35 -0400] "GET /dashboard HTTP/1.1" 304 917 "https://www.gradecraft.com/badges" "Mozilla/5.0 (Macintosh; Intel Mac OS X 10_6_8) AppleWebKit/534.52.7 (KHTML, like Gecko) Version/5.1.2 Safari/534.52.7"
35.0.92.83 - jepfeife [18/Sep/2012:10:01:35 -0400] "GET /users/predictor.json?in_progress=true&user_id=192 HTTP/1.1" 304 869 "https://www.gradecraft.com/dashboard" "Mozilla/5.0 (Macintosh; Intel Mac OS X 10_6_8) AppleWebKit/534.52.7 (KHTML, like Gecko) Version/5.1.2 Safari/534.52.7"
35.0.92.83 - jepfeife [18/Sep/2012:10:01:35 -0400] "GET /users/predictor.json?user_id=192 HTTP/1.1" 304 885 "https://www.gradecraft.com/dashboard" "Mozilla/5.0 (Macintosh; Intel Mac OS X 10_6_8) AppleWebKit/534.52.7 (KHTML, like Gecko) Version/5.1.2 Safari/534.52.7"
35.0.92.83 - jepfeife [18/Sep/2012:10:01:42 -0400] "GET /users/edit_profile HTTP/1.1" 200 3310 "https://www.gradecraft.com/dashboard" "Mozilla/5.0 (Macintosh; Intel Mac OS X 10_6_8) AppleWebKit/534.52.7 (KHTML, like Gecko) Version/5.1.2 Safari/534.52.7"
35.0.80.210 - - [18/Sep/2012:10:03:52 -0400] "GET / HTTP/1.1" 302 3259 "-" "Mozilla/5.0 (Macintosh; Intel Mac OS X 10_8) AppleWebKit/536.25 (KHTML, like Gecko) Version/6.0 Safari/536.25"
67.194.108.98 - ilesjef [18/Sep/2012:10:15:05 -0400] "GET /dashboard HTTP/1.1" 304 4145 "-" "Mozilla/5.0 (Macintosh; Intel Mac OS X 10_8_1) AppleWebKit/537.1 (KHTML, like Gecko) Chrome/21.0.1180.89 Safari/537.1"
35.0.82.46 - - [18/Sep/2012:10:15:06 -0400] "GET / HTTP/1.1" 302 3254 "https://sites.google.com/a/umich.edu/polsci101f2012/" "Mozilla/5.0 (Macintosh; Intel Mac OS X 10_7_4) AppleWebKit/536.25 (KHTML, like Gecko) Version/6.0 Safari/536.25"
67.194.108.98 - ilesjef [18/Sep/2012:10:15:06 -0400] "GET /users/predictor.json?in_progress=true&user_id=150 HTTP/1.1" 304 885 "https://www.gradecraft.com/dashboard" "Mozilla/5.0 (Macintosh; Intel Mac OS X 10_8_1) AppleWebKit/537.1 (KHTML, like Gecko) Chrome/21.0.1180.89 Safari/537.1"
35.0.82.46 - - [18/Sep/2012:10:15:06 -0400] "GET /cosign/valid?cosign-www.gradecraft.com=XJ+pGaKGjJsP2K76bmtO7f4gCM6cdX7NiKKxt9jtf4Ae5J1rRPFE72nZL7YU9QdkE7BW+0Xfh5RQ2xWnhvHw9yQcPl4o-24aomGu8JG0AhZERAn2YywQVoNSAcFb&https://www.gradecraft.com/ HTTP/1.1" 301 868 "https://sites.google.com/a/umich.edu/polsci101f2012/" "Mozilla/5.0 (Macintosh; Intel Mac OS X 10_7_4) AppleWebKit/536.25 (KHTML, like Gecko) Version/6.0 Safari/536.25"
35.0.82.46 - - [18/Sep/2012:10:15:07 -0400] "GET / HTTP/1.1" 302 756 "https://sites.google.com/a/umich.edu/polsci101f2012/" "Mozilla/5.0 (Macintosh; Intel Mac OS X 10_7_4) AppleWebKit/536.25 (KHTML, like Gecko) Version/6.0 Safari/536.25"
67.194.108.98 - ilesjef [18/Sep/2012:10:15:06 -0400] "GET /users/predictor.json?user_id=150 HTTP/1.1" 304 4113 "https://www.gradecraft.com/dashboard" "Mozilla/5.0 (Macintosh; Intel Mac OS X 10_8_1) AppleWebKit/537.1 (KHTML, like Gecko) Chrome/21.0.1180.89 Safari/537.1"
35.0.82.46 - - [18/Sep/2012:10:15:07 -0400] "GET /cosign/valid?cosign-www.gradecraft.com=zSqH99-b3Pq5YFXeDSbI4zkmJRWeGLoWdq7Hbm4dh-vdW7qXQfapwhW4yiPaO7Ark6yjDDCiTPYdaT+NDcVoF5DeVoflDfvAQDd887GBUehpTkvSTNWMhAYbaHGH&https://www.gradecraft.com/ HTTP/1.1" 301 868 "https://sites.google.com/a/umich.edu/polsci101f2012/" "Mozilla/5.0 (Macintosh; Intel Mac OS X 10_7_4) AppleWebKit/536.25 (KHTML, like Gecko) Version/6.0 Safari/536.25"
35.0.82.46 - - [18/Sep/2012:10:15:07 -0400] "GET / HTTP/1.1" 302 756 "https://sites.google.com/a/umich.edu/polsci101f2012/" "Mozilla/5.0 (Macintosh; Intel Mac OS X 10_7_4) AppleWebKit/536.25 (KHTML, like Gecko) Version/6.0 Safari/536.25"
35.0.82.46 - - [18/Sep/2012:10:15:07 -0400] "GET /cosign/valid?cosign-www.gradecraft.com=agMP47UAQyyRBMxzd1rmL65gRZ8jZfSwl8tpUXKHoF2I4R4xxHe60cMUZfaYtuBV9FFOx2WPCc48Z8ubSDOn0cUpI-JSCsj9B+hRcEdjfIGDYwU5xX-ZJdb+dPdj&https://www.gradecraft.com/ HTTP/1.1" 301 868 "https://sites.google.com/a/umich.edu/polsci101f2012/" "Mozilla/5.0 (Macintosh; Intel Mac OS X 10_7_4) AppleWebKit/536.25 (KHTML, like Gecko) Version/6.0 Safari/536.25"
35.0.82.46 - - [18/Sep/2012:10:15:07 -0400] "GET / HTTP/1.1" 302 756 "https://sites.google.com/a/umich.edu/polsci101f2012/" "Mozilla/5.0 (Macintosh; Intel Mac OS X 10_7_4) AppleWebKit/536.25 (KHTML, like Gecko) Version/6.0 Safari/536.25"
35.0.82.46 - - [18/Sep/2012:10:15:07 -0400] "GET /cosign/valid?cosign-www.gradecraft.com=VDlz35ggDW8yODoCpHXz8Vc8roXbySf4XA0BfE5FEDEkExD8kSazFgDJwk3qESEgWkBxmAI00OSvxxkAAWnQOz3-7aY9Q32-1PoYDhvVEyGyFEkcNmRsfK-EaayH&https://www.gradecraft.com/ HTTP/1.1" 301 868 "https://sites.google.com/a/umich.edu/polsci101f2012/" "Mozilla/5.0 (Macintosh; Intel Mac OS X 10_7_4) AppleWebKit/536.25 (KHTML, like Gecko) Version/6.0 Safari/536.25"
35.0.82.46 - - [18/Sep/2012:10:15:07 -0400] "GET / HTTP/1.1" 302 756 "https://sites.google.com/a/umich.edu/polsci101f2012/" "Mozilla/5.0 (Macintosh; Intel Mac OS X 10_7_4) AppleWebKit/536.25 (KHTML, like Gecko) Version/6.0 Safari/536.25"
35.0.82.46 - - [18/Sep/2012:10:15:07 -0400] "GET /cosign/valid?cosign-www.gradecraft.com=rfBS-OF2ZyN8rr+TRTcqB2JzvcssY-Zsuv3o17lAfbJM1nmnksaFLttMssJhAuZV3CgV-Nc2epb5AOmIN2kiI7gcE+2x9cYg0AHP48zSTb4tA07fX0wOXKA6KWwR&https://www.gradecraft.com/ HTTP/1.1" 301 868 "https://sites.google.com/a/umich.edu/polsci101f2012/" "Mozilla/5.0 (Macintosh; Intel Mac OS X 10_7_4) AppleWebKit/536.25 (KHTML, like Gecko) Version/6.0 Safari/536.25"
35.0.82.46 - - [18/Sep/2012:10:15:07 -0400] "GET / HTTP/1.1" 302 756 "https://sites.google.com/a/umich.edu/polsci101f2012/" "Mozilla/5.0 (Macintosh; Intel Mac OS X 10_7_4) AppleWebKit/536.25 (KHTML, like Gecko) Version/6.0 Safari/536.25"
67.194.223.228 - - [18/Sep/2012:10:15:12 -0400] "GET /dashboard HTTP/1.1" 302 3789 "-" "Mozilla/5.0 (Macintosh; Intel Mac OS X 10_6_8) AppleWebKit/537.1 (KHTML, like Gecko) Chrome/21.0.1180.89 Safari/537.1"
67.194.212.19 - - [18/Sep/2012:10:15:15 -0400] "GET / HTTP/1.1" 302 3984 "-" "Mozilla/5.0 (Windows NT 6.1; WOW64) AppleWebKit/537.1 (KHTML, like Gecko) Chrome/21.0.1180.89 Safari/537.1"
67.194.212.19 - - [18/Sep/2012:10:15:15 -0400] "GET /cosign/valid?cosign-www.gradecraft.com=ubGTxYBrLJyTAOzma0q+vl76ZFBTp1h0Ew7JYOD-OsJAlOPpxuRF9eu2rXJT4vKFtGkOERXm-Kpjx0sOh4pWTMnoL0PDjcXdhS6-0uLknl3pEvuIxbFzy7bMVARJ&https://www.gradecraft.com/ HTTP/1.1" 301 868 "-" "Mozilla/5.0 (Windows NT 6.1; WOW64) AppleWebKit/537.1 (KHTML, like Gecko) Chrome/21.0.1180.89 Safari/537.1"
67.194.212.19 - doksuz [18/Sep/2012:10:15:15 -0400] "GET / HTTP/1.1" 200 2484 "-" "Mozilla/5.0 (Windows NT 6.1; WOW64) AppleWebKit/537.1 (KHTML, like Gecko) Chrome/21.0.1180.89 Safari/537.1"
67.194.212.19 - doksuz [18/Sep/2012:10:15:16 -0400] "GET /assets/application-ae9afcefede0db68672464a1f0f30f59.css HTTP/1.1" 304 245 "https://www.gradecraft.com/" "Mozilla/5.0 (Windows NT 6.1; WOW64) AppleWebKit/537.1 (KHTML, like Gecko) Chrome/21.0.1180.89 Safari/537.1"
67.194.212.19 - doksuz [18/Sep/2012:10:15:16 -0400] "GET /assets/application-542000ad953fb19fdb62cdd04228c4b9.js HTTP/1.1" 304 3473 "https://www.gradecraft.com/" "Mozilla/5.0 (Windows NT 6.1; WOW64) AppleWebKit/537.1 (KHTML, like Gecko) Chrome/21.0.1180.89 Safari/537.1"
67.194.223.228 - - [18/Sep/2012:10:15:19 -0400] "GET /cosign/valid?cosign-www.gradecraft.com=YAgtRAfjvgIYzssr38BDq7fwGM60KU-AYpXt2kZwTbSS80rLrpAxMR+or2NQIKsIUMfrts+M-JUKuxpWSDBbt0i1j6Tf2eBWxk+razIukytRcod2HeitffDJfrYp&https://www.gradecraft.com/dashboard HTTP/1.1" 301 900 "https://weblogin.umich.edu/?cosign-www.gradecraft.com&https://www.gradecraft.com/dashboard" "Mozilla/5.0 (Macintosh; Intel Mac OS X 10_6_8) AppleWebKit/537.1 (KHTML, like Gecko) Chrome/21.0.1180.89 Safari/537.1"
67.194.223.228 - ebander [18/Sep/2012:10:15:19 -0400] "GET /dashboard HTTP/1.1" 200 4564 "https://weblogin.umich.edu/?cosign-www.gradecraft.com&https://www.gradecraft.com/dashboard" "Mozilla/5.0 (Macintosh; Intel Mac OS X 10_6_8) AppleWebKit/537.1 (KHTML, like Gecko) Chrome/21.0.1180.89 Safari/537.1"
67.194.223.228 - ebander [18/Sep/2012:10:15:21 -0400] "GET /assets/stylesheets/cyborg.min.css HTTP/1.1" 200 19426 "https://www.gradecraft.com/dashboard" "Mozilla/5.0 (Macintosh; Intel Mac OS X 10_6_8) AppleWebKit/537.1 (KHTML, like Gecko) Chrome/21.0.1180.89 Safari/537.1"
67.194.223.228 - ebander [18/Sep/2012:10:15:21 -0400] "GET /assets/application-ae9afcefede0db68672464a1f0f30f59.css HTTP/1.1" 200 45133 "https://www.gradecraft.com/dashboard" "Mozilla/5.0 (Macintosh; Intel Mac OS X 10_6_8) AppleWebKit/537.1 (KHTML, like Gecko) Chrome/21.0.1180.89 Safari/537.1"
67.194.223.228 - ebander [18/Sep/2012:10:15:21 -0400] "GET /assets/application-542000ad953fb19fdb62cdd04228c4b9.js HTTP/1.1" 200 202369 "https://www.gradecraft.com/dashboard" "Mozilla/5.0 (Macintosh; Intel Mac OS X 10_6_8) AppleWebKit/537.1 (KHTML, like Gecko) Chrome/21.0.1180.89 Safari/537.1"
67.194.223.228 - ebander [18/Sep/2012:10:15:21 -0400] "GET /users/predictor.json?user_id=141 HTTP/1.1" 304 885 "https://www.gradecraft.com/dashboard" "Mozilla/5.0 (Macintosh; Intel Mac OS X 10_6_8) AppleWebKit/537.1 (KHTML, like Gecko) Chrome/21.0.1180.89 Safari/537.1"
67.194.223.228 - ebander [18/Sep/2012:10:15:21 -0400] "GET /users/predictor.json?in_progress=true&user_id=141 HTTP/1.1" 304 885 "https://www.gradecraft.com/dashboard" "Mozilla/5.0 (Macintosh; Intel Mac OS X 10_6_8) AppleWebKit/537.1 (KHTML, like Gecko) Chrome/21.0.1180.89 Safari/537.1"
67.194.72.2 - - [18/Sep/2012:10:15:24 -0400] "GET /dashboard HTTP/1.1" 302 3789 "-" "Mozilla/5.0 (Macintosh; Intel Mac OS X 10_8_1) AppleWebKit/537.1 (KHTML, like Gecko) Chrome/21.0.1180.89 Safari/537.1"
67.194.72.2 - - [18/Sep/2012:10:15:24 -0400] "GET /cosign/valid?cosign-www.gradecraft.com=DZ2SQ2baIauSlJLDzlMaNlk0iRv9n5vjG1V47aBx-+G6UByy2jjfCQXuyXAwBYIKZwOha60kl6hbx-SEKkrHuUZW56s5bZXbQ-Nno93CKXHHtt-YFrs5CgncULlB&https://www.gradecraft.com/dashboard HTTP/1.1" 301 900 "-" "Mozilla/5.0 (Macintosh; Intel Mac OS X 10_8_1) AppleWebKit/537.1 (KHTML, like Gecko) Chrome/21.0.1180.89 Safari/537.1"
67.194.72.2 - bsucher [18/Sep/2012:10:15:24 -0400] "GET /dashboard HTTP/1.1" 200 4596 "-" "Mozilla/5.0 (Macintosh; Intel Mac OS X 10_8_1) AppleWebKit/537.1 (KHTML, like Gecko) Chrome/21.0.1180.89 Safari/537.1"
67.194.72.2 - bsucher [18/Sep/2012:10:15:25 -0400] "GET /assets/stylesheets/cyborg.min.css HTTP/1.1" 200 19426 "https://www.gradecraft.com/dashboard" "Mozilla/5.0 (Macintosh; Intel Mac OS X 10_8_1) AppleWebKit/537.1 (KHTML, like Gecko) Chrome/21.0.1180.89 Safari/537.1"
67.194.72.2 - bsucher [18/Sep/2012:10:15:25 -0400] "GET /assets/application-ae9afcefede0db68672464a1f0f30f59.css HTTP/1.1" 200 45133 "https://www.gradecraft.com/dashboard" "Mozilla/5.0 (Macintosh; Intel Mac OS X 10_8_1) AppleWebKit/537.1 (KHTML, like Gecko) Chrome/21.0.1180.89 Safari/537.1"
67.194.72.2 - bsucher [18/Sep/2012:10:15:25 -0400] "GET /assets/application-542000ad953fb19fdb62cdd04228c4b9.js HTTP/1.1" 200 202369 "https://www.gradecraft.com/dashboard" "Mozilla/5.0 (Macintosh; Intel Mac OS X 10_8_1) AppleWebKit/537.1 (KHTML, like Gecko) Chrome/21.0.1180.89 Safari/537.1"
67.194.72.2 - bsucher [18/Sep/2012:10:15:25 -0400] "GET /users/predictor.json?user_id=158 HTTP/1.1" 304 869 "https://www.gradecraft.com/dashboard" "Mozilla/5.0 (Macintosh; Intel Mac OS X 10_8_1) AppleWebKit/537.1 (KHTML, like Gecko) Chrome/21.0.1180.89 Safari/537.1"
67.194.72.2 - bsucher [18/Sep/2012:10:15:25 -0400] "GET /users/predictor.json?in_progress=true&user_id=158 HTTP/1.1" 304 869 "https://www.gradecraft.com/dashboard" "Mozilla/5.0 (Macintosh; Intel Mac OS X 10_8_1) AppleWebKit/537.1 (KHTML, like Gecko) Chrome/21.0.1180.89 Safari/537.1"
67.194.108.98 - ilesjef [18/Sep/2012:10:15:26 -0400] "GET /user_assignment_type_weights/new?assignment_type_id=8 HTTP/1.1" 200 7925 "https://www.gradecraft.com/dashboard" "Mozilla/5.0 (Macintosh; Intel Mac OS X 10_8_1) AppleWebKit/537.1 (KHTML, like Gecko) Chrome/21.0.1180.89 Safari/537.1"
35.0.82.46 - - [18/Sep/2012:10:15:32 -0400] "GET / HTTP/1.1" 302 894 "https://sites.google.com/a/umich.edu/polsci101f2012/" "Mozilla/5.0 (Macintosh; Intel Mac OS X 10_7_4) AppleWebKit/536.25 (KHTML, like Gecko) Version/6.0 Safari/536.25"
35.0.82.46 - - [18/Sep/2012:10:15:32 -0400] "GET /cosign/valid?cosign-www.gradecraft.com=ESSmImnrUOJLOdgDZuBNbxZCnrv-uSG5OZgeToNL1y+j487ociWCiDrLuB0gaB9H+SNUKeidnKwTrGNVe38X7H2C0HXHtHGcmgwcv0WW+q49tWIGRz+H7MUgStJk&https://www.gradecraft.com/ HTTP/1.1" 301 868 "https://sites.google.com/a/umich.edu/polsci101f2012/" "Mozilla/5.0 (Macintosh; Intel Mac OS X 10_7_4) AppleWebKit/536.25 (KHTML, like Gecko) Version/6.0 Safari/536.25"
35.0.82.46 - - [18/Sep/2012:10:15:32 -0400] "GET / HTTP/1.1" 302 756 "https://sites.google.com/a/umich.edu/polsci101f2012/" "Mozilla/5.0 (Macintosh; Intel Mac OS X 10_7_4) AppleWebKit/536.25 (KHTML, like Gecko) Version/6.0 Safari/536.25"
35.0.82.46 - - [18/Sep/2012:10:15:32 -0400] "GET /cosign/valid?cosign-www.gradecraft.com=gr6J-MkATDoJFQPXm-elkCpTATM69JnGFlllT55HJkYcY6NX6JmmrOVi+Z5Hvo064toSFABn-Z7ck7BiWzt+fku8ZiVpJujZZIpg2Stt8llmo1yiAREa24DkvKej&https://www.gradecraft.com/ HTTP/1.1" 301 868 "https://sites.google.com/a/umich.edu/polsci101f2012/" "Mozilla/5.0 (Macintosh; Intel Mac OS X 10_7_4) AppleWebKit/536.25 (KHTML, like Gecko) Version/6.0 Safari/536.25"
