165.123.85.48 - kaipeng@Wharton.upenn.edu [12/Sep/2012:10:34:47 -0400] "GET /assignments/4/grades/self_log?gradeable_id=18&gradeable_type=User HTTP/1.1" 200 5664 "https://www.gradecraft.com/dashboard" "Mozilla/5.0 (Linux; U; Android 4.0.4; en-us; SPH-D710 Build/IMM76I) AppleWebKit/534.30 (KHTML, like Gecko) Version/4.0 Mobile Safari/534.30"
165.123.87.25 - pbau@wharton.upenn.edu [12/Sep/2012:10:34:47 -0400] "GET /apple-touch-icon-precomposed.png HTTP/1.1" 404 1044 "-" "Mozilla/5.0 (Linux; Android 4.1.1; Nexus 7 Build/JRO03D) AppleWebKit/535.19 (KHTML, like Gecko) Chrome/18.0.1025.166  Safari/535.19"
165.123.87.25 - pbau@wharton.upenn.edu [12/Sep/2012:10:34:48 -0400] "GET /apple-touch-icon.png HTTP/1.1" 404 1044 "-" "Mozilla/5.0 (Linux; Android 4.1.1; Nexus 7 Build/JRO03D) AppleWebKit/535.19 (KHTML, like Gecko) Chrome/18.0.1025.166  Safari/535.19"
165.123.85.48 - kaipeng@Wharton.upenn.edu [12/Sep/2012:10:35:00 -0400] "GET /dashboard HTTP/1.1" 304 3969 "https://www.gradecraft.com/assignments/4/grades/self_log?gradeable_id=18&gradeable_type=User" "Mozilla/5.0 (Linux; U; Android 4.0.4; en-us; SPH-D710 Build/IMM76I) AppleWebKit/534.30 (KHTML, like Gecko) Version/4.0 Mobile Safari/534.30"
165.123.85.48 - kaipeng@Wharton.upenn.edu [12/Sep/2012:10:35:01 -0400] "GET /users/predictor.json?in_progress=true&user_id=18 HTTP/1.1" 304 133 "https://www.gradecraft.com/dashboard" "Mozilla/5.0 (Linux; U; Android 4.0.4; en-us; SPH-D710 Build/IMM76I) AppleWebKit/534.30 (KHTML, like Gecko) Version/4.0 Mobile Safari/534.30"
165.123.85.48 - kaipeng@Wharton.upenn.edu [12/Sep/2012:10:35:01 -0400] "GET /users/predictor.json?user_id=18 HTTP/1.1" 304 117 "https://www.gradecraft.com/dashboard" "Mozilla/5.0 (Linux; U; Android 4.0.4; en-us; SPH-D710 Build/IMM76I) AppleWebKit/534.30 (KHTML, like Gecko) Version/4.0 Mobile Safari/534.30"
165.123.87.25 - pbau@wharton.upenn.edu [12/Sep/2012:10:35:11 -0400] "GET /users/predictor.json?user_id=44 HTTP/1.1" 304 1030 "https://www.gradecraft.com/dashboard" "Mozilla/5.0 (Linux; Android 4.1.1; Nexus 7 Build/JRO03D) AppleWebKit/535.19 (KHTML, like Gecko) Chrome/18.0.1025.166  Safari/535.19"
165.123.87.25 - pbau@wharton.upenn.edu [12/Sep/2012:10:35:11 -0400] "GET /users/predictor.json?in_progress=true&user_id=44 HTTP/1.1" 304 1030 "https://www.gradecraft.com/dashboard" "Mozilla/5.0 (Linux; Android 4.1.1; Nexus 7 Build/JRO03D) AppleWebKit/535.19 (KHTML, like Gecko) Chrome/18.0.1025.166  Safari/535.19"
165.123.87.25 - pbau@wharton.upenn.edu [12/Sep/2012:10:35:12 -0400] "GET /apple-touch-icon-precomposed.png HTTP/1.1" 404 1044 "-" "Mozilla/5.0 (Linux; Android 4.1.1; Nexus 7 Build/JRO03D) AppleWebKit/535.19 (KHTML, like Gecko) Chrome/18.0.1025.166  Safari/535.19"
165.123.87.25 - pbau@wharton.upenn.edu [12/Sep/2012:10:35:12 -0400] "GET /apple-touch-icon.png HTTP/1.1" 404 1044 "-" "Mozilla/5.0 (Linux; Android 4.1.1; Nexus 7 Build/JRO03D) AppleWebKit/535.19 (KHTML, like Gecko) Chrome/18.0.1025.166  Safari/535.19"
165.123.85.48 - kaipeng@Wharton.upenn.edu [12/Sep/2012:10:35:14 -0400] "GET /assignments/4/grades/self_log?gradeable_id=18&gradeable_type=User HTTP/1.1" 304 3953 "https://www.gradecraft.com/dashboard" "Mozilla/5.0 (Linux; U; Android 4.0.4; en-us; SPH-D710 Build/IMM76I) AppleWebKit/534.30 (KHTML, like Gecko) Version/4.0 Mobile Safari/534.30"
165.123.87.25 - pbau@wharton.upenn.edu [12/Sep/2012:10:35:26 -0400] "GET /assignments/4/grades/self_log?gradeable_id=44&gradeable_type=User HTTP/1.1" 304 933 "https://www.gradecraft.com/dashboard" "Mozilla/5.0 (Linux; Android 4.1.1; Nexus 7 Build/JRO03D) AppleWebKit/535.19 (KHTML, like Gecko) Chrome/18.0.1025.166  Safari/535.19"
165.123.87.25 - pbau@wharton.upenn.edu [12/Sep/2012:10:35:27 -0400] "GET /apple-touch-icon-precomposed.png HTTP/1.1" 404 1044 "-" "Mozilla/5.0 (Linux; Android 4.1.1; Nexus 7 Build/JRO03D) AppleWebKit/535.19 (KHTML, like Gecko) Chrome/18.0.1025.166  Safari/535.19"
165.123.87.25 - pbau@wharton.upenn.edu [12/Sep/2012:10:35:27 -0400] "GET /apple-touch-icon.png HTTP/1.1" 404 1044 "-" "Mozilla/5.0 (Linux; Android 4.1.1; Nexus 7 Build/JRO03D) AppleWebKit/535.19 (KHTML, like Gecko) Chrome/18.0.1025.166  Safari/535.19"
165.123.85.20 - - [12/Sep/2012:10:35:36 -0400] "GET /cosign/valid?cosign-www.gradecraft.com=tHqyDDxuUJG8S8sjucFcPWxDv3LG9qLK0w2x4G+L0G+eDy9oDlN-SM83LBDR0vO++jAQ4xV6BjL1yViO4Mi6qaltHDB8i4-oPnzh4RcFE4Nc5DGsA+gaJUYkAz56&https://www.gradecraft.com/dashboard HTTP/1.1" 301 965 "https://weblogin.umich.edu/?cosign-www.gradecraft.com&https://www.gradecraft.com/dashboard" "Mozilla/5.0 (iPhone; CPU iPhone OS 5_1_1 like Mac OS X; en-us) AppleWebKit/534.46.0 (KHTML, like Gecko) CriOS/21.0.1180.80 Mobile/9B206 Safari/7534.48.3"
165.123.85.20 - paynej@wharton.upenn.edu [12/Sep/2012:10:35:36 -0400] "GET /dashboard HTTP/1.1" 302 916 "https://weblogin.umich.edu/?cosign-www.gradecraft.com&https://www.gradecraft.com/dashboard" "Mozilla/5.0 (iPhone; CPU iPhone OS 5_1_1 like Mac OS X; en-us) AppleWebKit/534.46.0 (KHTML, like Gecko) CriOS/21.0.1180.80 Mobile/9B206 Safari/7534.48.3"
165.123.85.20 - paynej@wharton.upenn.edu [12/Sep/2012:10:35:36 -0400] "GET /dashboard HTTP/1.1" 200 2644 "https://weblogin.umich.edu/?cosign-www.gradecraft.com&https://www.gradecraft.com/dashboard" "Mozilla/5.0 (iPhone; CPU iPhone OS 5_1_1 like Mac OS X; en-us) AppleWebKit/534.46.0 (KHTML, like Gecko) CriOS/21.0.1180.80 Mobile/9B206 Safari/7534.48.3"
165.123.85.20 - paynej@wharton.upenn.edu [12/Sep/2012:10:35:36 -0400] "GET /assets/application-00253241250260a29e421ba336543d92.css HTTP/1.1" 200 45869 "https://www.gradecraft.com/dashboard" "Mozilla/5.0 (iPhone; CPU iPhone OS 5_1_1 like Mac OS X; en-us) AppleWebKit/534.46.0 (KHTML, like Gecko) CriOS/21.0.1180.80 Mobile/9B206 Safari/7534.48.3"
165.123.85.20 - paynej@wharton.upenn.edu [12/Sep/2012:10:35:37 -0400] "GET /uploads/theme/filename/8/superhero.min.css HTTP/1.1" 200 16362 "https://www.gradecraft.com/dashboard" "Mozilla/5.0 (iPhone; CPU iPhone OS 5_1_1 like Mac OS X; en-us) AppleWebKit/534.46.0 (KHTML, like Gecko) CriOS/21.0.1180.80 Mobile/9B206 Safari/7534.48.3"
165.123.85.20 - paynej@wharton.upenn.edu [12/Sep/2012:10:35:37 -0400] "GET /assets/application-4ce0ae23744168912769066ef11545d8.js HTTP/1.1" 200 135915 "https://www.gradecraft.com/dashboard" "Mozilla/5.0 (iPhone; CPU iPhone OS 5_1_1 like Mac OS X; en-us) AppleWebKit/534.46.0 (KHTML, like Gecko) CriOS/21.0.1180.80 Mobile/9B206 Safari/7534.48.3"
165.123.85.20 - paynej@wharton.upenn.edu [12/Sep/2012:10:35:38 -0400] "GET /users/predictor.json?user_id=17 HTTP/1.1" 200 1018 "https://www.gradecraft.com/dashboard" "Mozilla/5.0 (iPhone; CPU iPhone OS 5_1_1 like Mac OS X; en-us) AppleWebKit/534.46.0 (KHTML, like Gecko) CriOS/21.0.1180.80 Mobile/9B206 Safari/7534.48.3"
165.123.85.20 - paynej@wharton.upenn.edu [12/Sep/2012:10:35:38 -0400] "GET /users/predictor.json?in_progress=true&user_id=17 HTTP/1.1" 200 1114 "https://www.gradecraft.com/dashboard" "Mozilla/5.0 (iPhone; CPU iPhone OS 5_1_1 like Mac OS X; en-us) AppleWebKit/534.46.0 (KHTML, like Gecko) CriOS/21.0.1180.80 Mobile/9B206 Safari/7534.48.3"
165.123.85.20 - - [12/Sep/2012:10:35:38 -0400] "GET /favicon.ico HTTP/1.1" 302 612 "-" "Mozilla/5.0 (iPhone; CPU iPhone OS 5_1_1 like Mac OS X; en-us) AppleWebKit/534.46.0 (KHTML, like Gecko) CriOS/21.0.1180.80 Mobile/9B206 Safari/7534.48.3"
165.123.85.20 - - [12/Sep/2012:10:35:38 -0400] "GET /apple-touch-icon-precomposed.png HTTP/1.1" 302 580 "-" "Mozilla/5.0 (iPhone; CPU iPhone OS 5_1_1 like Mac OS X; en-us) AppleWebKit/534.46.0 (KHTML, like Gecko) CriOS/21.0.1180.80 Mobile/9B206 Safari/7534.48.3"
165.123.87.25 - pbau@wharton.upenn.edu [12/Sep/2012:10:35:41 -0400] "POST /assignments/4/grades/self_log_create HTTP/1.1" 302 1652 "https://www.gradecraft.com/assignments/4/grades/self_log?gradeable_id=44&gradeable_type=User" "Mozilla/5.0 (Linux; Android 4.1.1; Nexus 7 Build/JRO03D) AppleWebKit/535.19 (KHTML, like Gecko) Chrome/18.0.1025.166  Safari/535.19"
165.123.87.25 - pbau@wharton.upenn.edu [12/Sep/2012:10:35:41 -0400] "GET /dashboard HTTP/1.1" 200 3684 "https://www.gradecraft.com/assignments/4/grades/self_log?gradeable_id=44&gradeable_type=User" "Mozilla/5.0 (Linux; Android 4.1.1; Nexus 7 Build/JRO03D) AppleWebKit/535.19 (KHTML, like Gecko) Chrome/18.0.1025.166  Safari/535.19"
165.123.87.25 - pbau@wharton.upenn.edu [12/Sep/2012:10:35:42 -0400] "GET /users/predictor.json?in_progress=true&user_id=44 HTTP/1.1" 304 885 "https://www.gradecraft.com/dashboard" "Mozilla/5.0 (Linux; Android 4.1.1; Nexus 7 Build/JRO03D) AppleWebKit/535.19 (KHTML, like Gecko) Chrome/18.0.1025.166  Safari/535.19"
165.123.87.25 - pbau@wharton.upenn.edu [12/Sep/2012:10:35:42 -0400] "GET /users/predictor.json?user_id=44 HTTP/1.1" 304 1030 "https://www.gradecraft.com/dashboard" "Mozilla/5.0 (Linux; Android 4.1.1; Nexus 7 Build/JRO03D) AppleWebKit/535.19 (KHTML, like Gecko) Chrome/18.0.1025.166  Safari/535.19"
165.123.87.25 - pbau@wharton.upenn.edu [12/Sep/2012:10:35:42 -0400] "GET /dashboard HTTP/1.1" 200 3460 "https://www.gradecraft.com/dashboard" "Mozilla/5.0 (Linux; Android 4.1.1; Nexus 7 Build/JRO03D) AppleWebKit/535.19 (KHTML, like Gecko) Chrome/18.0.1025.166  Safari/535.19"
165.123.87.25 - pbau@wharton.upenn.edu [12/Sep/2012:10:35:42 -0400] "GET /apple-touch-icon-precomposed.png HTTP/1.1" 404 1044 "-" "Mozilla/5.0 (Linux; Android 4.1.1; Nexus 7 Build/JRO03D) AppleWebKit/535.19 (KHTML, like Gecko) Chrome/18.0.1025.166  Safari/535.19"
165.123.87.25 - pbau@wharton.upenn.edu [12/Sep/2012:10:35:47 -0400] "GET /users/predictor.json?user_id=44 HTTP/1.1" 200 1610 "https://www.gradecraft.com/dashboard" "Mozilla/5.0 (Linux; Android 4.1.1; Nexus 7 Build/JRO03D) AppleWebKit/535.19 (KHTML, like Gecko) Chrome/18.0.1025.166  Safari/535.19"
165.123.87.25 - pbau@wharton.upenn.edu [12/Sep/2012:10:35:47 -0400] "GET /apple-touch-icon-precomposed.png HTTP/1.1" 404 1205 "-" "Mozilla/5.0 (Linux; Android 4.1.1; Nexus 7 Build/JRO03D) AppleWebKit/535.19 (KHTML, like Gecko) Chrome/18.0.1025.166  Safari/535.19"
165.123.87.25 - pbau@wharton.upenn.edu [12/Sep/2012:10:35:47 -0400] "GET /users/predictor.json?in_progress=true&user_id=44 HTTP/1.1" 304 1030 "https://www.gradecraft.com/dashboard" "Mozilla/5.0 (Linux; Android 4.1.1; Nexus 7 Build/JRO03D) AppleWebKit/535.19 (KHTML, like Gecko) Chrome/18.0.1025.166  Safari/535.19"
165.123.87.25 - pbau@wharton.upenn.edu [12/Sep/2012:10:35:47 -0400] "GET /apple-touch-icon.png HTTP/1.1" 404 1044 "-" "Mozilla/5.0 (Linux; Android 4.1.1; Nexus 7 Build/JRO03D) AppleWebKit/535.19 (KHTML, like Gecko) Chrome/18.0.1025.166  Safari/535.19"
165.123.87.25 - pbau@wharton.upenn.edu [12/Sep/2012:10:35:47 -0400] "GET /assignments/4/grades/self_log?gradeable_id=44&gradeable_type=User HTTP/1.1" 304 917 "https://www.gradecraft.com/dashboard" "Mozilla/5.0 (Linux; Android 4.1.1; Nexus 7 Build/JRO03D) AppleWebKit/535.19 (KHTML, like Gecko) Chrome/18.0.1025.166  Safari/535.19"
165.123.87.25 - pbau@wharton.upenn.edu [12/Sep/2012:10:35:51 -0400] "GET /apple-touch-icon-precomposed.png HTTP/1.1" 404 1044 "-" "Mozilla/5.0 (Linux; Android 4.1.1; Nexus 7 Build/JRO03D) AppleWebKit/535.19 (KHTML, like Gecko) Chrome/18.0.1025.166  Safari/535.19"
165.123.87.25 - pbau@wharton.upenn.edu [12/Sep/2012:10:35:52 -0400] "GET /apple-touch-icon.png HTTP/1.1" 404 1044 "-" "Mozilla/5.0 (Linux; Android 4.1.1; Nexus 7 Build/JRO03D) AppleWebKit/535.19 (KHTML, like Gecko) Chrome/18.0.1025.166  Safari/535.19"
165.123.87.25 - pbau@wharton.upenn.edu [12/Sep/2012:10:35:52 -0400] "GET /dashboard HTTP/1.1" 304 933 "https://www.gradecraft.com/assignments/4/grades/self_log?gradeable_id=44&gradeable_type=User" "Mozilla/5.0 (Linux; Android 4.1.1; Nexus 7 Build/JRO03D) AppleWebKit/535.19 (KHTML, like Gecko) Chrome/18.0.1025.166  Safari/535.19"
165.123.85.48 - kaipeng@Wharton.upenn.edu [12/Sep/2012:10:35:56 -0400] "GET /users/predictor.json?in_progress=true&user_id=18 HTTP/1.1" 304 3937 "https://www.gradecraft.com/dashboard" "Mozilla/5.0 (Linux; U; Android 4.0.4; en-us; SPH-D710 Build/IMM76I) AppleWebKit/534.30 (KHTML, like Gecko) Version/4.0 Mobile Safari/534.30"
165.123.85.48 - kaipeng@Wharton.upenn.edu [12/Sep/2012:10:35:56 -0400] "GET /users/predictor.json?user_id=18 HTTP/1.1" 304 3937 "https://www.gradecraft.com/dashboard" "Mozilla/5.0 (Linux; U; Android 4.0.4; en-us; SPH-D710 Build/IMM76I) AppleWebKit/534.30 (KHTML, like Gecko) Version/4.0 Mobile Safari/534.30"
165.123.87.25 - pbau@wharton.upenn.edu [12/Sep/2012:10:35:56 -0400] "GET /apple-touch-icon-precomposed.png HTTP/1.1" 404 1205 "-" "Mozilla/5.0 (Linux; Android 4.1.1; Nexus 7 Build/JRO03D) AppleWebKit/535.19 (KHTML, like Gecko) Chrome/18.0.1025.166  Safari/535.19"
165.123.87.25 - pbau@wharton.upenn.edu [12/Sep/2012:10:35:56 -0400] "GET /users/predictor.json?user_id=44 HTTP/1.1" 304 885 "https://www.gradecraft.com/dashboard" "Mozilla/5.0 (Linux; Android 4.1.1; Nexus 7 Build/JRO03D) AppleWebKit/535.19 (KHTML, like Gecko) Chrome/18.0.1025.166  Safari/535.19"
165.123.87.25 - pbau@wharton.upenn.edu [12/Sep/2012:10:35:56 -0400] "GET /users/predictor.json?in_progress=true&user_id=44 HTTP/1.1" 200 1610 "https://www.gradecraft.com/dashboard" "Mozilla/5.0 (Linux; Android 4.1.1; Nexus 7 Build/JRO03D) AppleWebKit/535.19 (KHTML, like Gecko) Chrome/18.0.1025.166  Safari/535.19"
165.123.87.25 - pbau@wharton.upenn.edu [12/Sep/2012:10:35:56 -0400] "GET /apple-touch-icon.png HTTP/1.1" 404 1044 "-" "Mozilla/5.0 (Linux; Android 4.1.1; Nexus 7 Build/JRO03D) AppleWebKit/535.19 (KHTML, like Gecko) Chrome/18.0.1025.166  Safari/535.19"
165.123.85.20 - paynej@wharton.upenn.edu [12/Sep/2012:10:36:02 -0400] "GET /assignments/4/grades/self_log?gradeable_id=17&gradeable_type=User HTTP/1.1" 200 2597 "https://www.gradecraft.com/dashboard" "Mozilla/5.0 (iPhone; CPU iPhone OS 5_1_1 like Mac OS X; en-us) AppleWebKit/534.46.0 (KHTML, like Gecko) CriOS/21.0.1180.80 Mobile/9B206 Safari/7534.48.3"
165.123.85.20 - - [12/Sep/2012:10:36:03 -0400] "GET /favicon.ico HTTP/1.1" 302 564 "-" "Mozilla/5.0 (iPhone; CPU iPhone OS 5_1_1 like Mac OS X; en-us) AppleWebKit/534.46.0 (KHTML, like Gecko) CriOS/21.0.1180.80 Mobile/9B206 Safari/7534.48.3"
165.123.85.20 - - [12/Sep/2012:10:36:03 -0400] "GET /apple-touch-icon-precomposed.png HTTP/1.1" 302 484 "-" "Mozilla/5.0 (iPhone; CPU iPhone OS 5_1_1 like Mac OS X; en-us) AppleWebKit/534.46.0 (KHTML, like Gecko) CriOS/21.0.1180.80 Mobile/9B206 Safari/7534.48.3"
165.123.85.48 - kaipeng@Wharton.upenn.edu [12/Sep/2012:10:36:12 -0400] "GET /assignments/4/grades/self_log?gradeable_id=18&gradeable_type=User HTTP/1.1" 304 3937 "-" "Mozilla/5.0 (Linux; U; Android 4.0.4; en-us; SPH-D710 Build/IMM76I) AppleWebKit/534.30 (KHTML, like Gecko) Version/4.0 Mobile Safari/534.30"
165.123.85.48 - kaipeng@Wharton.upenn.edu [12/Sep/2012:10:36:24 -0400] "GET /assignments/4/grades/self_log?gradeable_id=18&gradeable_type=User HTTP/1.1" 304 3969 "https://www.gradecraft.com/dashboard" "Mozilla/5.0 (Linux; U; Android 4.0.4; en-us; SPH-D710 Build/IMM76I) AppleWebKit/534.30 (KHTML, like Gecko) Version/4.0 Mobile Safari/534.30"
165.123.85.48 - kaipeng@Wharton.upenn.edu [12/Sep/2012:10:36:35 -0400] "POST /assignments/4/grades/self_log_create HTTP/1.1" 302 4544 "https://www.gradecraft.com/assignments/4/grades/self_log?gradeable_id=18&gradeable_type=User" "Mozilla/5.0 (Linux; U; Android 4.0.4; en-us; SPH-D710 Build/IMM76I) AppleWebKit/534.30 (KHTML, like Gecko) Version/4.0 Mobile Safari/534.30"
165.123.85.48 - kaipeng@Wharton.upenn.edu [12/Sep/2012:10:36:35 -0400] "GET /dashboard HTTP/1.1" 200 2820 "https://www.gradecraft.com/assignments/4/grades/self_log?gradeable_id=18&gradeable_type=User" "Mozilla/5.0 (Linux; U; Android 4.0.4; en-us; SPH-D710 Build/IMM76I) AppleWebKit/534.30 (KHTML, like Gecko) Version/4.0 Mobile Safari/534.30"
165.123.85.48 - kaipeng@Wharton.upenn.edu [12/Sep/2012:10:36:36 -0400] "GET /users/predictor.json?in_progress=true&user_id=18 HTTP/1.1" 200 410 "https://www.gradecraft.com/dashboard" "Mozilla/5.0 (Linux; U; Android 4.0.4; en-us; SPH-D710 Build/IMM76I) AppleWebKit/534.30 (KHTML, like Gecko) Version/4.0 Mobile Safari/534.30"
165.123.85.48 - kaipeng@Wharton.upenn.edu [12/Sep/2012:10:36:36 -0400] "GET /users/predictor.json?user_id=18 HTTP/1.1" 200 1243 "https://www.gradecraft.com/dashboard" "Mozilla/5.0 (Linux; U; Android 4.0.4; en-us; SPH-D710 Build/IMM76I) AppleWebKit/534.30 (KHTML, like Gecko) Version/4.0 Mobile Safari/534.30"
165.123.87.25 - pbau@wharton.upenn.edu [12/Sep/2012:10:36:41 -0400] "GET /assignments/4/grades/self_log?gradeable_id=44&gradeable_type=User HTTP/1.1" 304 1078 "https://www.gradecraft.com/dashboard" "Mozilla/5.0 (Linux; Android 4.1.1; Nexus 7 Build/JRO03D) AppleWebKit/535.19 (KHTML, like Gecko) Chrome/18.0.1025.166  Safari/535.19"
165.123.87.25 - pbau@wharton.upenn.edu [12/Sep/2012:10:36:43 -0400] "GET /apple-touch-icon-precomposed.png HTTP/1.1" 404 1044 "-" "Mozilla/5.0 (Linux; Android 4.1.1; Nexus 7 Build/JRO03D) AppleWebKit/535.19 (KHTML, like Gecko) Chrome/18.0.1025.166  Safari/535.19"
165.123.87.25 - pbau@wharton.upenn.edu [12/Sep/2012:10:36:43 -0400] "GET /apple-touch-icon.png HTTP/1.1" 404 1044 "-" "Mozilla/5.0 (Linux; Android 4.1.1; Nexus 7 Build/JRO03D) AppleWebKit/535.19 (KHTML, like Gecko) Chrome/18.0.1025.166  Safari/535.19"
130.91.56.96 - - [12/Sep/2012:10:37:12 -0400] "GET /dashboard HTTP/1.1" 302 3984 "https://wharton.instructure.com/courses/755358" "Mozilla/5.0 (Macintosh; Intel Mac OS X 10_8_0) AppleWebKit/537.1 (KHTML, like Gecko) Chrome/21.0.1180.89 Safari/537.1"
130.91.56.242 - tichen@sas.upenn.edu [12/Sep/2012:10:37:22 -0400] "GET /dashboard HTTP/1.1" 200 6509 "https://wharton.instructure.com/courses/755358" "Mozilla/5.0 (Macintosh; Intel Mac OS X 10_7_4) AppleWebKit/537.1 (KHTML, like Gecko) Chrome/21.0.1180.89 Safari/537.1"
130.91.56.242 - tichen@sas.upenn.edu [12/Sep/2012:10:37:22 -0400] "GET /users/predictor.json?in_progress=true&user_id=47 HTTP/1.1" 304 885 "https://www.gradecraft.com/dashboard" "Mozilla/5.0 (Macintosh; Intel Mac OS X 10_7_4) AppleWebKit/537.1 (KHTML, like Gecko) Chrome/21.0.1180.89 Safari/537.1"
130.91.56.242 - tichen@sas.upenn.edu [12/Sep/2012:10:37:23 -0400] "GET /users/predictor.json?user_id=47 HTTP/1.1" 304 885 "https://www.gradecraft.com/dashboard" "Mozilla/5.0 (Macintosh; Intel Mac OS X 10_7_4) AppleWebKit/537.1 (KHTML, like Gecko) Chrome/21.0.1180.89 Safari/537.1"
130.91.56.96 - - [12/Sep/2012:10:37:25 -0400] "GET /cosign/valid?cosign-www.gradecraft.com=iIjKcPtJEGjBJWwCVPynH+hWPQbI+kUcdYhfXvAJSZsD-Vsgn67JshDpWMad+ZjQaDkOrxMgh+ja7asXVW1Ko3BUtGYuDBd7sVZOmn9RsfxInYfzORrjmtvl9zfl&https://www.gradecraft.com/dashboard HTTP/1.1" 301 900 "https://weblogin.umich.edu/cosign-bin/cosign.cgi" "Mozilla/5.0 (Macintosh; Intel Mac OS X 10_8_0) AppleWebKit/537.1 (KHTML, like Gecko) Chrome/21.0.1180.89 Safari/537.1"
130.91.56.96 - hlieb@sas.upenn.edu [12/Sep/2012:10:37:25 -0400] "GET /dashboard HTTP/1.1" 200 3460 "https://weblogin.umich.edu/cosign-bin/cosign.cgi" "Mozilla/5.0 (Macintosh; Intel Mac OS X 10_8_0) AppleWebKit/537.1 (KHTML, like Gecko) Chrome/21.0.1180.89 Safari/537.1"
130.91.56.96 - hlieb@sas.upenn.edu [12/Sep/2012:10:37:26 -0400] "GET /assets/application-00253241250260a29e421ba336543d92.css HTTP/1.1" 200 46253 "https://www.gradecraft.com/dashboard" "Mozilla/5.0 (Macintosh; Intel Mac OS X 10_8_0) AppleWebKit/537.1 (KHTML, like Gecko) Chrome/21.0.1180.89 Safari/537.1"
130.91.56.96 - hlieb@sas.upenn.edu [12/Sep/2012:10:37:26 -0400] "GET /uploads/theme/filename/8/superhero.min.css HTTP/1.1" 200 16394 "https://www.gradecraft.com/dashboard" "Mozilla/5.0 (Macintosh; Intel Mac OS X 10_8_0) AppleWebKit/537.1 (KHTML, like Gecko) Chrome/21.0.1180.89 Safari/537.1"
130.91.56.96 - hlieb@sas.upenn.edu [12/Sep/2012:10:37:26 -0400] "GET /assets/application-4ce0ae23744168912769066ef11545d8.js HTTP/1.1" 200 135915 "https://www.gradecraft.com/dashboard" "Mozilla/5.0 (Macintosh; Intel Mac OS X 10_8_0) AppleWebKit/537.1 (KHTML, like Gecko) Chrome/21.0.1180.89 Safari/537.1"
130.91.56.96 - hlieb@sas.upenn.edu [12/Sep/2012:10:37:26 -0400] "GET /users/predictor.json?user_id=57 HTTP/1.1" 200 1594 "https://www.gradecraft.com/dashboard" "Mozilla/5.0 (Macintosh; Intel Mac OS X 10_8_0) AppleWebKit/537.1 (KHTML, like Gecko) Chrome/21.0.1180.89 Safari/537.1"
130.91.56.96 - hlieb@sas.upenn.edu [12/Sep/2012:10:37:26 -0400] "GET /users/predictor.json?in_progress=true&user_id=57 HTTP/1.1" 200 1594 "https://www.gradecraft.com/dashboard" "Mozilla/5.0 (Macintosh; Intel Mac OS X 10_8_0) AppleWebKit/537.1 (KHTML, like Gecko) Chrome/21.0.1180.89 Safari/537.1"
130.91.56.242 - tichen@sas.upenn.edu [12/Sep/2012:10:37:33 -0400] "GET /badges HTTP/1.1" 200 2804 "https://www.gradecraft.com/dashboard" "Mozilla/5.0 (Macintosh; Intel Mac OS X 10_7_4) AppleWebKit/537.1 (KHTML, like Gecko) Chrome/21.0.1180.89 Safari/537.1"
130.91.56.242 - tichen@sas.upenn.edu [12/Sep/2012:10:37:33 -0400] "GET /badges/wharton/image01.png HTTP/1.1" 200 6842 "https://www.gradecraft.com/badges" "Mozilla/5.0 (Macintosh; Intel Mac OS X 10_7_4) AppleWebKit/537.1 (KHTML, like Gecko) Chrome/21.0.1180.89 Safari/537.1"
130.91.56.242 - tichen@sas.upenn.edu [12/Sep/2012:10:37:33 -0400] "GET /badges/wharton/image02.png HTTP/1.1" 200 12982 "https://www.gradecraft.com/badges" "Mozilla/5.0 (Macintosh; Intel Mac OS X 10_7_4) AppleWebKit/537.1 (KHTML, like Gecko) Chrome/21.0.1180.89 Safari/537.1"
130.91.56.242 - tichen@sas.upenn.edu [12/Sep/2012:10:37:33 -0400] "GET /badges/wharton/image03.png HTTP/1.1" 200 10843 "https://www.gradecraft.com/badges" "Mozilla/5.0 (Macintosh; Intel Mac OS X 10_7_4) AppleWebKit/537.1 (KHTML, like Gecko) Chrome/21.0.1180.89 Safari/537.1"
130.91.56.242 - tichen@sas.upenn.edu [12/Sep/2012:10:37:33 -0400] "GET /badges/wharton/image07.png HTTP/1.1" 200 7946 "https://www.gradecraft.com/badges" "Mozilla/5.0 (Macintosh; Intel Mac OS X 10_7_4) AppleWebKit/537.1 (KHTML, like Gecko) Chrome/21.0.1180.89 Safari/537.1"
130.91.56.242 - tichen@sas.upenn.edu [12/Sep/2012:10:37:33 -0400] "GET /badges/wharton/image08.png HTTP/1.1" 200 11146 "https://www.gradecraft.com/badges" "Mozilla/5.0 (Macintosh; Intel Mac OS X 10_7_4) AppleWebKit/537.1 (KHTML, like Gecko) Chrome/21.0.1180.89 Safari/537.1"
130.91.56.242 - tichen@sas.upenn.edu [12/Sep/2012:10:37:33 -0400] "GET /badges/wharton/image05.png HTTP/1.1" 200 8011 "https://www.gradecraft.com/badges" "Mozilla/5.0 (Macintosh; Intel Mac OS X 10_7_4) AppleWebKit/537.1 (KHTML, like Gecko) Chrome/21.0.1180.89 Safari/537.1"
130.91.56.242 - tichen@sas.upenn.edu [12/Sep/2012:10:37:33 -0400] "GET /badges/wharton/image06.png HTTP/1.1" 200 8187 "https://www.gradecraft.com/badges" "Mozilla/5.0 (Macintosh; Intel Mac OS X 10_7_4) AppleWebKit/537.1 (KHTML, like Gecko) Chrome/21.0.1180.89 Safari/537.1"
130.91.56.242 - tichen@sas.upenn.edu [12/Sep/2012:10:37:33 -0400] "GET /badges/wharton/image04.png HTTP/1.1" 200 7835 "https://www.gradecraft.com/badges" "Mozilla/5.0 (Macintosh; Intel Mac OS X 10_7_4) AppleWebKit/537.1 (KHTML, like Gecko) Chrome/21.0.1180.89 Safari/537.1"
130.91.56.242 - tichen@sas.upenn.edu [12/Sep/2012:10:37:33 -0400] "GET /badges/wharton/image09.png HTTP/1.1" 200 11818 "https://www.gradecraft.com/badges" "Mozilla/5.0 (Macintosh; Intel Mac OS X 10_7_4) AppleWebKit/537.1 (KHTML, like Gecko) Chrome/21.0.1180.89 Safari/537.1"
130.91.56.242 - tichen@sas.upenn.edu [12/Sep/2012:10:37:33 -0400] "GET /badges/wharton/image00.png HTTP/1.1" 200 8362 "https://www.gradecraft.com/badges" "Mozilla/5.0 (Macintosh; Intel Mac OS X 10_7_4) AppleWebKit/537.1 (KHTML, like Gecko) Chrome/21.0.1180.89 Safari/537.1"
130.91.56.96 - hlieb@sas.upenn.edu [12/Sep/2012:10:37:34 -0400] "GET /assignments/4/grades/self_log?gradeable_id=57&gradeable_type=User HTTP/1.1" 200 2724 "https://www.gradecraft.com/dashboard" "Mozilla/5.0 (Macintosh; Intel Mac OS X 10_8_0) AppleWebKit/537.1 (KHTML, like Gecko) Chrome/21.0.1180.89 Safari/537.1"
130.91.56.96 - hlieb@sas.upenn.edu [12/Sep/2012:10:37:38 -0400] "POST /assignments/4/grades/self_log_create HTTP/1.1" 302 1636 "https://www.gradecraft.com/assignments/4/grades/self_log?gradeable_id=57&gradeable_type=User" "Mozilla/5.0 (Macintosh; Intel Mac OS X 10_8_0) AppleWebKit/537.1 (KHTML, like Gecko) Chrome/21.0.1180.89 Safari/537.1"
130.91.56.96 - hlieb@sas.upenn.edu [12/Sep/2012:10:37:38 -0400] "GET /dashboard HTTP/1.1" 200 3716 "https://www.gradecraft.com/assignments/4/grades/self_log?gradeable_id=57&gradeable_type=User" "Mozilla/5.0 (Macintosh; Intel Mac OS X 10_8_0) AppleWebKit/537.1 (KHTML, like Gecko) Chrome/21.0.1180.89 Safari/537.1"
130.91.56.96 - hlieb@sas.upenn.edu [12/Sep/2012:10:37:38 -0400] "GET /users/predictor.json?user_id=57 HTTP/1.1" 200 1594 "https://www.gradecraft.com/dashboard" "Mozilla/5.0 (Macintosh; Intel Mac OS X 10_8_0) AppleWebKit/537.1 (KHTML, like Gecko) Chrome/21.0.1180.89 Safari/537.1"
130.91.56.96 - hlieb@sas.upenn.edu [12/Sep/2012:10:37:38 -0400] "GET /users/predictor.json?in_progress=true&user_id=57 HTTP/1.1" 200 1594 "https://www.gradecraft.com/dashboard" "Mozilla/5.0 (Macintosh; Intel Mac OS X 10_8_0) AppleWebKit/537.1 (KHTML, like Gecko) Chrome/21.0.1180.89 Safari/537.1"
130.91.56.90 - barbora@wharton.upenn.edu [12/Sep/2012:10:37:48 -0400] "GET /dashboard HTTP/1.1" 200 6477 "https://www.gradecraft.com/dashboard" "Mozilla/5.0 (Windows NT 6.1; WOW64) AppleWebKit/537.1 (KHTML, like Gecko) Chrome/21.0.1180.89 Safari/537.1"
130.91.56.90 - barbora@wharton.upenn.edu [12/Sep/2012:10:37:48 -0400] "GET /users/predictor.json?in_progress=true&user_id=20 HTTP/1.1" 304 885 "https://www.gradecraft.com/dashboard" "Mozilla/5.0 (Windows NT 6.1; WOW64) AppleWebKit/537.1 (KHTML, like Gecko) Chrome/21.0.1180.89 Safari/537.1"
130.91.56.90 - barbora@wharton.upenn.edu [12/Sep/2012:10:37:48 -0400] "GET /users/predictor.json?user_id=20 HTTP/1.1" 304 885 "https://www.gradecraft.com/dashboard" "Mozilla/5.0 (Windows NT 6.1; WOW64) AppleWebKit/537.1 (KHTML, like Gecko) Chrome/21.0.1180.89 Safari/537.1"
130.91.56.15 - - [12/Sep/2012:10:37:49 -0400] "GET / HTTP/1.1" 302 901 "-" "Mozilla/5.0 (Macintosh; Intel Mac OS X 10_8_1) AppleWebKit/537.1 (KHTML, like Gecko) Chrome/21.0.1180.89 Safari/537.1"
130.91.127.204 - - [12/Sep/2012:10:37:50 -0400] "GET /dashboard HTTP/1.1" 302 3254 "-" "Mozilla/5.0 (Macintosh; Intel Mac OS X 10_6_8) AppleWebKit/534.57.2 (KHTML, like Gecko) Version/5.1.7 Safari/534.57.2"
130.91.56.90 - barbora@wharton.upenn.edu [12/Sep/2012:10:37:51 -0400] "GET /badges HTTP/1.1" 200 2804 "https://www.gradecraft.com/dashboard" "Mozilla/5.0 (Windows NT 6.1; WOW64) AppleWebKit/537.1 (KHTML, like Gecko) Chrome/21.0.1180.89 Safari/537.1"
130.91.56.90 - barbora@wharton.upenn.edu [12/Sep/2012:10:37:52 -0400] "GET /badges/wharton/image01.png HTTP/1.1" 200 6842 "https://www.gradecraft.com/badges" "Mozilla/5.0 (Windows NT 6.1; WOW64) AppleWebKit/537.1 (KHTML, like Gecko) Chrome/21.0.1180.89 Safari/537.1"
130.91.56.90 - barbora@wharton.upenn.edu [12/Sep/2012:10:37:52 -0400] "GET /badges/wharton/image02.png HTTP/1.1" 200 12982 "https://www.gradecraft.com/badges" "Mozilla/5.0 (Windows NT 6.1; WOW64) AppleWebKit/537.1 (KHTML, like Gecko) Chrome/21.0.1180.89 Safari/537.1"
130.91.56.90 - barbora@wharton.upenn.edu [12/Sep/2012:10:37:52 -0400] "GET /badges/wharton/image03.png HTTP/1.1" 200 10698 "https://www.gradecraft.com/badges" "Mozilla/5.0 (Windows NT 6.1; WOW64) AppleWebKit/537.1 (KHTML, like Gecko) Chrome/21.0.1180.89 Safari/537.1"
130.91.56.90 - barbora@wharton.upenn.edu [12/Sep/2012:10:37:52 -0400] "GET /badges/wharton/image04.png HTTP/1.1" 200 7835 "https://www.gradecraft.com/badges" "Mozilla/5.0 (Windows NT 6.1; WOW64) AppleWebKit/537.1 (KHTML, like Gecko) Chrome/21.0.1180.89 Safari/537.1"
130.91.56.90 - barbora@wharton.upenn.edu [12/Sep/2012:10:37:52 -0400] "GET /badges/wharton/image05.png HTTP/1.1" 200 8011 "https://www.gradecraft.com/badges" "Mozilla/5.0 (Windows NT 6.1; WOW64) AppleWebKit/537.1 (KHTML, like Gecko) Chrome/21.0.1180.89 Safari/537.1"
130.91.56.90 - barbora@wharton.upenn.edu [12/Sep/2012:10:37:52 -0400] "GET /badges/wharton/image06.png HTTP/1.1" 200 8187 "https://www.gradecraft.com/badges" "Mozilla/5.0 (Windows NT 6.1; WOW64) AppleWebKit/537.1 (KHTML, like Gecko) Chrome/21.0.1180.89 Safari/537.1"
130.91.56.90 - barbora@wharton.upenn.edu [12/Sep/2012:10:37:52 -0400] "GET /badges/wharton/image07.png HTTP/1.1" 200 8091 "https://www.gradecraft.com/badges" "Mozilla/5.0 (Windows NT 6.1; WOW64) AppleWebKit/537.1 (KHTML, like Gecko) Chrome/21.0.1180.89 Safari/537.1"
130.91.56.90 - barbora@wharton.upenn.edu [12/Sep/2012:10:37:52 -0400] "GET /badges/wharton/image08.png HTTP/1.1" 200 11146 "https://www.gradecraft.com/badges" "Mozilla/5.0 (Windows NT 6.1; WOW64) AppleWebKit/537.1 (KHTML, like Gecko) Chrome/21.0.1180.89 Safari/537.1"
130.91.56.90 - barbora@wharton.upenn.edu [12/Sep/2012:10:37:52 -0400] "GET /badges/wharton/image09.png HTTP/1.1" 200 11818 "https://www.gradecraft.com/badges" "Mozilla/5.0 (Windows NT 6.1; WOW64) AppleWebKit/537.1 (KHTML, like Gecko) Chrome/21.0.1180.89 Safari/537.1"
130.91.56.90 - barbora@wharton.upenn.edu [12/Sep/2012:10:37:52 -0400] "GET /badges/wharton/image00.png HTTP/1.1" 200 8362 "https://www.gradecraft.com/badges" "Mozilla/5.0 (Windows NT 6.1; WOW64) AppleWebKit/537.1 (KHTML, like Gecko) Chrome/21.0.1180.89 Safari/537.1"
165.123.87.1 - akshat@wharton.upenn.edu [12/Sep/2012:10:37:54 -0400] "GET /dashboard HTTP/1.1" 302 4269 "https://wharton.instructure.com/courses/755358/wiki/front-page" "Mozilla/5.0 (Macintosh; Intel Mac OS X 10_5_8) AppleWebKit/537.1 (KHTML, like Gecko) Chrome/21.0.1180.79 Safari/537.1"
165.123.87.1 - akshat@wharton.upenn.edu [12/Sep/2012:10:37:54 -0400] "GET /dashboard HTTP/1.1" 200 2676 "https://wharton.instructure.com/courses/755358/wiki/front-page" "Mozilla/5.0 (Macintosh; Intel Mac OS X 10_5_8) AppleWebKit/537.1 (KHTML, like Gecko) Chrome/21.0.1180.79 Safari/537.1"
130.91.56.15 - - [12/Sep/2012:10:37:55 -0400] "GET /cosign/valid?cosign-www.gradecraft.com=bdzg+Vk5cYWqJV6EtkRlXYtbcWLN88reQTcRoj6geiI7F0Xt8vHKrXjLtZCNReuzY049yN9uG4buuBo6EKqOTZWHnWkp17zNiXnFgEtjPkKm3DExN7UrmJEQm0e+&https://www.gradecraft.com/ HTTP/1.1" 301 868 "https://weblogin.umich.edu/?cosign-www.gradecraft.com&https://www.gradecraft.com/" "Mozilla/5.0 (Macintosh; Intel Mac OS X 10_8_1) AppleWebKit/537.1 (KHTML, like Gecko) Chrome/21.0.1180.89 Safari/537.1"
165.123.87.1 - akshat@wharton.upenn.edu [12/Sep/2012:10:37:55 -0400] "GET /users/predictor.json?in_progress=true&user_id=31 HTTP/1.1" 304 165 "https://www.gradecraft.com/dashboard" "Mozilla/5.0 (Macintosh; Intel Mac OS X 10_5_8) AppleWebKit/537.1 (KHTML, like Gecko) Chrome/21.0.1180.79 Safari/537.1"
165.123.87.1 - akshat@wharton.upenn.edu [12/Sep/2012:10:37:55 -0400] "GET /users/predictor.json?user_id=31 HTTP/1.1" 304 133 "https://www.gradecraft.com/dashboard" "Mozilla/5.0 (Macintosh; Intel Mac OS X 10_5_8) AppleWebKit/537.1 (KHTML, like Gecko) Chrome/21.0.1180.79 Safari/537.1"
130.91.56.15 - anamoura@sas.upenn.edu [12/Sep/2012:10:37:55 -0400] "GET / HTTP/1.1" 200 3428 "https://weblogin.umich.edu/?cosign-www.gradecraft.com&https://www.gradecraft.com/" "Mozilla/5.0 (Macintosh; Intel Mac OS X 10_8_1) AppleWebKit/537.1 (KHTML, like Gecko) Chrome/21.0.1180.89 Safari/537.1"
130.91.56.15 - anamoura@sas.upenn.edu [12/Sep/2012:10:37:55 -0400] "GET /users/predictor.json?user_id=14 HTTP/1.1" 304 1014 "https://www.gradecraft.com/" "Mozilla/5.0 (Macintosh; Intel Mac OS X 10_8_1) AppleWebKit/537.1 (KHTML, like Gecko) Chrome/21.0.1180.89 Safari/537.1"
130.91.56.15 - anamoura@sas.upenn.edu [12/Sep/2012:10:37:55 -0400] "GET /users/predictor.json?in_progress=true&user_id=14 HTTP/1.1" 304 869 "https://www.gradecraft.com/" "Mozilla/5.0 (Macintosh; Intel Mac OS X 10_8_1) AppleWebKit/537.1 (KHTML, like Gecko) Chrome/21.0.1180.89 Safari/537.1"
130.91.127.204 - - [12/Sep/2012:10:38:05 -0400] "GET /cosign/valid?cosign-www.gradecraft.com=7Llr9Uc03I2TzfUx35A5qSdkP3QFEt-fSNLpTLP1pKuBBP4fFWw3F8gv2OOZvZ-mD6QY5KafP8OBh6tpEiuYrVJknpKXB3mRfI1XsvrPMEIIRU62FkCgOe8WGBvt&https://www.gradecraft.com/dashboard HTTP/1.1" 301 1038 "https://weblogin.umich.edu/?cosign-www.gradecraft.com&https://www.gradecraft.com/dashboard" "Mozilla/5.0 (Macintosh; Intel Mac OS X 10_6_8) AppleWebKit/534.57.2 (KHTML, like Gecko) Version/5.1.7 Safari/534.57.2"
130.91.127.204 - kapoors@wharton.upenn.edu [12/Sep/2012:10:38:06 -0400] "GET /dashboard HTTP/1.1" 302 1364 "https://weblogin.umich.edu/?cosign-www.gradecraft.com&https://www.gradecraft.com/dashboard" "Mozilla/5.0 (Macintosh; Intel Mac OS X 10_6_8) AppleWebKit/534.57.2 (KHTML, like Gecko) Version/5.1.7 Safari/534.57.2"
130.91.127.204 - kapoors@wharton.upenn.edu [12/Sep/2012:10:38:06 -0400] "GET /dashboard HTTP/1.1" 200 3476 "https://weblogin.umich.edu/?cosign-www.gradecraft.com&https://www.gradecraft.com/dashboard" "Mozilla/5.0 (Macintosh; Intel Mac OS X 10_6_8) AppleWebKit/534.57.2 (KHTML, like Gecko) Version/5.1.7 Safari/534.57.2"
130.91.127.204 - kapoors@wharton.upenn.edu [12/Sep/2012:10:38:06 -0400] "GET /uploads/theme/filename/8/superhero.min.css HTTP/1.1" 200 16387 "https://www.gradecraft.com/dashboard" "Mozilla/5.0 (Macintosh; Intel Mac OS X 10_6_8) AppleWebKit/534.57.2 (KHTML, like Gecko) Version/5.1.7 Safari/534.57.2"
130.91.127.204 - kapoors@wharton.upenn.edu [12/Sep/2012:10:38:06 -0400] "GET /assets/application-4ce0ae23744168912769066ef11545d8.js HTTP/1.1" 200 135770 "https://www.gradecraft.com/dashboard" "Mozilla/5.0 (Macintosh; Intel Mac OS X 10_6_8) AppleWebKit/534.57.2 (KHTML, like Gecko) Version/5.1.7 Safari/534.57.2"
130.91.127.204 - kapoors@wharton.upenn.edu [12/Sep/2012:10:38:06 -0400] "GET /assets/application-00253241250260a29e421ba336543d92.css HTTP/1.1" 200 46391 "https://www.gradecraft.com/dashboard" "Mozilla/5.0 (Macintosh; Intel Mac OS X 10_6_8) AppleWebKit/534.57.2 (KHTML, like Gecko) Version/5.1.7 Safari/534.57.2"
130.91.127.204 - kapoors@wharton.upenn.edu [12/Sep/2012:10:38:07 -0400] "GET /users/predictor.json?user_id=8 HTTP/1.1" 200 1610 "https://www.gradecraft.com/dashboard" "Mozilla/5.0 (Macintosh; Intel Mac OS X 10_6_8) AppleWebKit/534.57.2 (KHTML, like Gecko) Version/5.1.7 Safari/534.57.2"
130.91.127.204 - kapoors@wharton.upenn.edu [12/Sep/2012:10:38:07 -0400] "GET /users/predictor.json?in_progress=true&user_id=8 HTTP/1.1" 200 1610 "https://www.gradecraft.com/dashboard" "Mozilla/5.0 (Macintosh; Intel Mac OS X 10_6_8) AppleWebKit/534.57.2 (KHTML, like Gecko) Version/5.1.7 Safari/534.57.2"
130.91.127.204 - kapoors@wharton.upenn.edu [12/Sep/2012:10:38:09 -0400] "GET /favicon.ico HTTP/1.1" 200 4650 "https://www.gradecraft.com/dashboard" "Mozilla/5.0 (Macintosh; Intel Mac OS X 10_6_8) AppleWebKit/534.57.2 (KHTML, like Gecko) Version/5.1.7 Safari/534.57.2"
74.125.183.27 - - [12/Sep/2012:10:38:19 -0400] "GET / HTTP/1.1" 302 3354 "-" "AppEngine-Google; (+http://code.google.com/appengine; appid: getfavicon)"
74.125.183.27 - - [12/Sep/2012:10:38:19 -0400] "GET /cosign/images/blockm.png HTTP/1.1" 302 706 "-" "AppEngine-Google; (+http://code.google.com/appengine; appid: getfavicon)"
130.91.127.204 - kapoors@wharton.upenn.edu [12/Sep/2012:10:38:21 -0400] "GET /assignments/4/grades/self_log?gradeable_id=8&gradeable_type=User HTTP/1.1" 200 2740 "https://www.gradecraft.com/dashboard" "Mozilla/5.0 (Macintosh; Intel Mac OS X 10_6_8) AppleWebKit/534.57.2 (KHTML, like Gecko) Version/5.1.7 Safari/534.57.2"
165.123.87.25 - - [12/Sep/2012:10:38:25 -0400] "GET /assignments/4/grades/self_log?gradeable_id=44&gradeable_type=User HTTP/1.1" 302 4080 "-" "Mozilla/5.0 (Android; Tablet; rv:16.0) Gecko/16.0 Firefox/16.0"
130.91.127.204 - kapoors@wharton.upenn.edu [12/Sep/2012:10:38:25 -0400] "POST /assignments/4/grades/self_log_create HTTP/1.1" 302 1636 "https://www.gradecraft.com/assignments/4/grades/self_log?gradeable_id=8&gradeable_type=User" "Mozilla/5.0 (Macintosh; Intel Mac OS X 10_6_8) AppleWebKit/534.57.2 (KHTML, like Gecko) Version/5.1.7 Safari/534.57.2"
130.91.127.204 - kapoors@wharton.upenn.edu [12/Sep/2012:10:38:25 -0400] "GET /dashboard HTTP/1.1" 200 3716 "https://www.gradecraft.com/assignments/4/grades/self_log?gradeable_id=8&gradeable_type=User" "Mozilla/5.0 (Macintosh; Intel Mac OS X 10_6_8) AppleWebKit/534.57.2 (KHTML, like Gecko) Version/5.1.7 Safari/534.57.2"
130.91.127.204 - kapoors@wharton.upenn.edu [12/Sep/2012:10:38:26 -0400] "GET /users/predictor.json?user_id=8 HTTP/1.1" 200 1594 "https://www.gradecraft.com/dashboard" "Mozilla/5.0 (Macintosh; Intel Mac OS X 10_6_8) AppleWebKit/534.57.2 (KHTML, like Gecko) Version/5.1.7 Safari/534.57.2"
130.91.127.204 - kapoors@wharton.upenn.edu [12/Sep/2012:10:38:26 -0400] "GET /users/predictor.json?in_progress=true&user_id=8 HTTP/1.1" 200 1748 "https://www.gradecraft.com/dashboard" "Mozilla/5.0 (Macintosh; Intel Mac OS X 10_6_8) AppleWebKit/534.57.2 (KHTML, like Gecko) Version/5.1.7 Safari/534.57.2"
165.123.87.61 - tarikbel@seas.upenn.edu [12/Sep/2012:10:38:35 -0400] "GET /dashboard HTTP/1.1" 200 6461 "-" "Mozilla/5.0 (Macintosh; Intel Mac OS X 10_8_1) AppleWebKit/537.1 (KHTML, like Gecko) Chrome/21.0.1180.89 Safari/537.1"
165.123.87.61 - tarikbel@seas.upenn.edu [12/Sep/2012:10:38:35 -0400] "GET /assets/application-00253241250260a29e421ba336543d92.css HTTP/1.1" 304 245 "https://www.gradecraft.com/dashboard" "Mozilla/5.0 (Macintosh; Intel Mac OS X 10_8_1) AppleWebKit/537.1 (KHTML, like Gecko) Chrome/21.0.1180.89 Safari/537.1"
165.123.87.61 - tarikbel@seas.upenn.edu [12/Sep/2012:10:38:35 -0400] "GET /assets/application-4ce0ae23744168912769066ef11545d8.js HTTP/1.1" 304 3278 "https://www.gradecraft.com/dashboard" "Mozilla/5.0 (Macintosh; Intel Mac OS X 10_8_1) AppleWebKit/537.1 (KHTML, like Gecko) Chrome/21.0.1180.89 Safari/537.1"
165.123.87.61 - tarikbel@seas.upenn.edu [12/Sep/2012:10:38:36 -0400] "GET /users/predictor.json?in_progress=true&user_id=45 HTTP/1.1" 304 869 "https://www.gradecraft.com/dashboard" "Mozilla/5.0 (Macintosh; Intel Mac OS X 10_8_1) AppleWebKit/537.1 (KHTML, like Gecko) Chrome/21.0.1180.89 Safari/537.1"
165.123.87.61 - tarikbel@seas.upenn.edu [12/Sep/2012:10:38:36 -0400] "GET /users/predictor.json?user_id=45 HTTP/1.1" 304 869 "https://www.gradecraft.com/dashboard" "Mozilla/5.0 (Macintosh; Intel Mac OS X 10_8_1) AppleWebKit/537.1 (KHTML, like Gecko) Chrome/21.0.1180.89 Safari/537.1"
165.123.87.61 - tarikbel@seas.upenn.edu [12/Sep/2012:10:38:45 -0400] "GET /assignments/4/grades/self_log?gradeable_id=45&gradeable_type=User HTTP/1.1" 200 2724 "https://www.gradecraft.com/dashboard" "Mozilla/5.0 (Macintosh; Intel Mac OS X 10_8_1) AppleWebKit/537.1 (KHTML, like Gecko) Chrome/21.0.1180.89 Safari/537.1"
165.123.87.61 - tarikbel@seas.upenn.edu [12/Sep/2012:10:38:51 -0400] "POST /assignments/4/grades/self_log_create HTTP/1.1" 302 1636 "https://www.gradecraft.com/assignments/4/grades/self_log?gradeable_id=45&gradeable_type=User" "Mozilla/5.0 (Macintosh; Intel Mac OS X 10_8_1) AppleWebKit/537.1 (KHTML, like Gecko) Chrome/21.0.1180.89 Safari/537.1"
165.123.87.61 - tarikbel@seas.upenn.edu [12/Sep/2012:10:38:53 -0400] "GET /dashboard HTTP/1.1" 200 3668 "https://www.gradecraft.com/assignments/4/grades/self_log?gradeable_id=45&gradeable_type=User" "Mozilla/5.0 (Macintosh; Intel Mac OS X 10_8_1) AppleWebKit/537.1 (KHTML, like Gecko) Chrome/21.0.1180.89 Safari/537.1"
165.123.87.61 - tarikbel@seas.upenn.edu [12/Sep/2012:10:38:58 -0400] "GET /users/predictor.json?in_progress=true&user_id=45 HTTP/1.1" 200 1594 "https://www.gradecraft.com/dashboard" "Mozilla/5.0 (Macintosh; Intel Mac OS X 10_8_1) AppleWebKit/537.1 (KHTML, like Gecko) Chrome/21.0.1180.89 Safari/537.1"
165.123.87.61 - tarikbel@seas.upenn.edu [12/Sep/2012:10:38:58 -0400] "GET /users/predictor.json?user_id=45 HTTP/1.1" 200 1594 "https://www.gradecraft.com/dashboard" "Mozilla/5.0 (Macintosh; Intel Mac OS X 10_8_1) AppleWebKit/537.1 (KHTML, like Gecko) Chrome/21.0.1180.89 Safari/537.1"
165.123.87.25 - pbau@wharton.upenn.edu [12/Sep/2012:10:39:06 -0400] "GET /dashboard HTTP/1.1" 304 3966 "https://www.gradecraft.com/assignments/4/grades/self_log?gradeable_id=44&gradeable_type=User" "Mozilla/5.0 (Linux; Android 4.1.1; Nexus 7 Build/JRO03D) AppleWebKit/535.19 (KHTML, like Gecko) Chrome/18.0.1025.166  Safari/535.19"
165.123.87.25 - pbau@wharton.upenn.edu [12/Sep/2012:10:39:07 -0400] "GET /users/predictor.json?in_progress=true&user_id=44 HTTP/1.1" 304 885 "https://www.gradecraft.com/dashboard" "Mozilla/5.0 (Linux; Android 4.1.1; Nexus 7 Build/JRO03D) AppleWebKit/535.19 (KHTML, like Gecko) Chrome/18.0.1025.166  Safari/535.19"
165.123.87.25 - pbau@wharton.upenn.edu [12/Sep/2012:10:39:07 -0400] "GET /users/predictor.json?user_id=44 HTTP/1.1" 304 4113 "https://www.gradecraft.com/dashboard" "Mozilla/5.0 (Linux; Android 4.1.1; Nexus 7 Build/JRO03D) AppleWebKit/535.19 (KHTML, like Gecko) Chrome/18.0.1025.166  Safari/535.19"
165.123.87.25 - pbau@wharton.upenn.edu [12/Sep/2012:10:39:08 -0400] "GET /apple-touch-icon-precomposed.png HTTP/1.1" 404 1044 "-" "Mozilla/5.0 (Linux; Android 4.1.1; Nexus 7 Build/JRO03D) AppleWebKit/535.19 (KHTML, like Gecko) Chrome/18.0.1025.166  Safari/535.19"
165.123.87.25 - pbau@wharton.upenn.edu [12/Sep/2012:10:39:09 -0400] "GET /apple-touch-icon.png HTTP/1.1" 404 1044 "-" "Mozilla/5.0 (Linux; Android 4.1.1; Nexus 7 Build/JRO03D) AppleWebKit/535.19 (KHTML, like Gecko) Chrome/18.0.1025.166  Safari/535.19"
165.123.87.25 - pbau@wharton.upenn.edu [12/Sep/2012:10:39:15 -0400] "GET /assignments/4/grades/self_log?gradeable_id=44&gradeable_type=User HTTP/1.1" 304 933 "https://www.gradecraft.com/dashboard" "Mozilla/5.0 (Linux; Android 4.1.1; Nexus 7 Build/JRO03D) AppleWebKit/535.19 (KHTML, like Gecko) Chrome/18.0.1025.166  Safari/535.19"
165.123.87.25 - pbau@wharton.upenn.edu [12/Sep/2012:10:39:16 -0400] "GET /apple-touch-icon-precomposed.png HTTP/1.1" 404 1044 "-" "Mozilla/5.0 (Linux; Android 4.1.1; Nexus 7 Build/JRO03D) AppleWebKit/535.19 (KHTML, like Gecko) Chrome/18.0.1025.166  Safari/535.19"
165.123.87.25 - pbau@wharton.upenn.edu [12/Sep/2012:10:39:16 -0400] "GET /apple-touch-icon.png HTTP/1.1" 404 1044 "-" "Mozilla/5.0 (Linux; Android 4.1.1; Nexus 7 Build/JRO03D) AppleWebKit/535.19 (KHTML, like Gecko) Chrome/18.0.1025.166  Safari/535.19"
165.123.87.25 - pbau@wharton.upenn.edu [12/Sep/2012:10:39:22 -0400] "GET /dashboard HTTP/1.1" 304 933 "https://www.gradecraft.com/assignments/4/grades/self_log?gradeable_id=44&gradeable_type=User" "Mozilla/5.0 (Linux; Android 4.1.1; Nexus 7 Build/JRO03D) AppleWebKit/535.19 (KHTML, like Gecko) Chrome/18.0.1025.166  Safari/535.19"
165.123.87.25 - pbau@wharton.upenn.edu [12/Sep/2012:10:39:23 -0400] "GET /users/predictor.json?in_progress=true&user_id=44 HTTP/1.1" 304 885 "https://www.gradecraft.com/dashboard" "Mozilla/5.0 (Linux; Android 4.1.1; Nexus 7 Build/JRO03D) AppleWebKit/535.19 (KHTML, like Gecko) Chrome/18.0.1025.166  Safari/535.19"
165.123.87.25 - pbau@wharton.upenn.edu [12/Sep/2012:10:39:23 -0400] "GET /users/predictor.json?user_id=44 HTTP/1.1" 304 1030 "https://www.gradecraft.com/dashboard" "Mozilla/5.0 (Linux; Android 4.1.1; Nexus 7 Build/JRO03D) AppleWebKit/535.19 (KHTML, like Gecko) Chrome/18.0.1025.166  Safari/535.19"
165.123.87.25 - pbau@wharton.upenn.edu [12/Sep/2012:10:39:23 -0400] "GET /apple-touch-icon-precomposed.png HTTP/1.1" 404 1044 "-" "Mozilla/5.0 (Linux; Android 4.1.1; Nexus 7 Build/JRO03D) AppleWebKit/535.19 (KHTML, like Gecko) Chrome/18.0.1025.166  Safari/535.19"
165.123.87.25 - pbau@wharton.upenn.edu [12/Sep/2012:10:39:24 -0400] "GET /apple-touch-icon.png HTTP/1.1" 404 1044 "-" "Mozilla/5.0 (Linux; Android 4.1.1; Nexus 7 Build/JRO03D) AppleWebKit/535.19 (KHTML, like Gecko) Chrome/18.0.1025.166  Safari/535.19"
130.91.59.80 - - [12/Sep/2012:10:48:48 -0400] "GET /dashboard HTTP/1.1" 302 3254 "https://wharton.instructure.com/courses/755358" "Mozilla/5.0 (Macintosh; Intel Mac OS X 10_6_8) AppleWebKit/534.57.2 (KHTML, like Gecko) Version/5.1.7 Safari/534.57.2"
130.91.59.80 - - [12/Sep/2012:10:49:00 -0400] "GET /cosign/valid?cosign-www.gradecraft.com=13Q0QyGFioes6ZYaml9YTwQ7T4DcRdMq4+4ZMU5ttIYCmCpr7ZD52MPHWqe8G9cPfC7umrEncjdj3sjCRdloj7u90I-RQRGk9PNmiAwPImZB7JuaICzxpbjmcrEL&https://www.gradecraft.com/dashboard HTTP/1.1" 301 900 "https://weblogin.umich.edu/?cosign-www.gradecraft.com&https://www.gradecraft.com/dashboard" "Mozilla/5.0 (Macintosh; Intel Mac OS X 10_6_8) AppleWebKit/534.57.2 (KHTML, like Gecko) Version/5.1.7 Safari/534.57.2"
130.91.59.80 - paynej@wharton.upenn.edu [12/Sep/2012:10:49:01 -0400] "GET /dashboard HTTP/1.1" 302 1348 "https://weblogin.umich.edu/?cosign-www.gradecraft.com&https://www.gradecraft.com/dashboard" "Mozilla/5.0 (Macintosh; Intel Mac OS X 10_6_8) AppleWebKit/534.57.2 (KHTML, like Gecko) Version/5.1.7 Safari/534.57.2"
130.91.59.80 - paynej@wharton.upenn.edu [12/Sep/2012:10:49:01 -0400] "GET /dashboard HTTP/1.1" 200 3444 "https://weblogin.umich.edu/?cosign-www.gradecraft.com&https://www.gradecraft.com/dashboard" "Mozilla/5.0 (Macintosh; Intel Mac OS X 10_6_8) AppleWebKit/534.57.2 (KHTML, like Gecko) Version/5.1.7 Safari/534.57.2"
130.91.59.80 - paynej@wharton.upenn.edu [12/Sep/2012:10:49:01 -0400] "GET /assets/application-00253241250260a29e421ba336543d92.css HTTP/1.1" 200 46253 "https://www.gradecraft.com/dashboard" "Mozilla/5.0 (Macintosh; Intel Mac OS X 10_6_8) AppleWebKit/534.57.2 (KHTML, like Gecko) Version/5.1.7 Safari/534.57.2"
130.91.59.80 - paynej@wharton.upenn.edu [12/Sep/2012:10:49:01 -0400] "GET /uploads/theme/filename/8/superhero.min.css HTTP/1.1" 200 16387 "https://www.gradecraft.com/dashboard" "Mozilla/5.0 (Macintosh; Intel Mac OS X 10_6_8) AppleWebKit/534.57.2 (KHTML, like Gecko) Version/5.1.7 Safari/534.57.2"
130.91.59.80 - paynej@wharton.upenn.edu [12/Sep/2012:10:49:01 -0400] "GET /assets/application-4ce0ae23744168912769066ef11545d8.js HTTP/1.1" 200 135908 "https://www.gradecraft.com/dashboard" "Mozilla/5.0 (Macintosh; Intel Mac OS X 10_6_8) AppleWebKit/534.57.2 (KHTML, like Gecko) Version/5.1.7 Safari/534.57.2"
130.91.59.80 - paynej@wharton.upenn.edu [12/Sep/2012:10:49:02 -0400] "GET /users/predictor.json?in_progress=true&user_id=17 HTTP/1.1" 200 1594 "https://www.gradecraft.com/dashboard" "Mozilla/5.0 (Macintosh; Intel Mac OS X 10_6_8) AppleWebKit/534.57.2 (KHTML, like Gecko) Version/5.1.7 Safari/534.57.2"
130.91.59.80 - paynej@wharton.upenn.edu [12/Sep/2012:10:49:02 -0400] "GET /users/predictor.json?user_id=17 HTTP/1.1" 200 1610 "https://www.gradecraft.com/dashboard" "Mozilla/5.0 (Macintosh; Intel Mac OS X 10_6_8) AppleWebKit/534.57.2 (KHTML, like Gecko) Version/5.1.7 Safari/534.57.2"
130.91.59.80 - paynej@wharton.upenn.edu [12/Sep/2012:10:49:02 -0400] "GET /favicon.ico HTTP/1.1" 200 4650 "https://www.gradecraft.com/dashboard" "Mozilla/5.0 (Macintosh; Intel Mac OS X 10_6_8) AppleWebKit/534.57.2 (KHTML, like Gecko) Version/5.1.7 Safari/534.57.2"
130.91.59.80 - paynej@wharton.upenn.edu [12/Sep/2012:10:49:14 -0400] "GET /assignments/4/grades/self_log?gradeable_id=17&gradeable_type=User HTTP/1.1" 200 2740 "https://www.gradecraft.com/dashboard" "Mozilla/5.0 (Macintosh; Intel Mac OS X 10_6_8) AppleWebKit/534.57.2 (KHTML, like Gecko) Version/5.1.7 Safari/534.57.2"
130.91.59.80 - paynej@wharton.upenn.edu [12/Sep/2012:10:49:23 -0400] "POST /assignments/4/grades/self_log_create HTTP/1.1" 302 1652 "https://www.gradecraft.com/assignments/4/grades/self_log?gradeable_id=17&gradeable_type=User" "Mozilla/5.0 (Macintosh; Intel Mac OS X 10_6_8) AppleWebKit/534.57.2 (KHTML, like Gecko) Version/5.1.7 Safari/534.57.2"
130.91.59.80 - paynej@wharton.upenn.edu [12/Sep/2012:10:49:23 -0400] "GET /dashboard HTTP/1.1" 200 3684 "https://www.gradecraft.com/assignments/4/grades/self_log?gradeable_id=17&gradeable_type=User" "Mozilla/5.0 (Macintosh; Intel Mac OS X 10_6_8) AppleWebKit/534.57.2 (KHTML, like Gecko) Version/5.1.7 Safari/534.57.2"
130.91.59.80 - paynej@wharton.upenn.edu [12/Sep/2012:10:49:23 -0400] "GET /users/predictor.json?user_id=17 HTTP/1.1" 200 1610 "https://www.gradecraft.com/dashboard" "Mozilla/5.0 (Macintosh; Intel Mac OS X 10_6_8) AppleWebKit/534.57.2 (KHTML, like Gecko) Version/5.1.7 Safari/534.57.2"
130.91.59.80 - paynej@wharton.upenn.edu [12/Sep/2012:10:49:24 -0400] "GET /users/predictor.json?in_progress=true&user_id=17 HTTP/1.1" 200 1732 "https://www.gradecraft.com/dashboard" "Mozilla/5.0 (Macintosh; Intel Mac OS X 10_6_8) AppleWebKit/534.57.2 (KHTML, like Gecko) Version/5.1.7 Safari/534.57.2"
141.213.172.243 - gradecraft@gmail.com [12/Sep/2012:10:55:29 -0400] "GET /assignments HTTP/1.1" 200 7981 "https://www.gradecraft.com/assignments/4" "Mozilla/5.0 (Macintosh; Intel Mac OS X 10_7_4) AppleWebKit/537.1 (KHTML, like Gecko) Chrome/21.0.1180.89 Safari/537.1"
141.213.172.243 - gradecraft@gmail.com [12/Sep/2012:10:55:30 -0400] "GET /assets/application-00253241250260a29e421ba336543d92.css HTTP/1.1" 304 245 "https://www.gradecraft.com/assignments" "Mozilla/5.0 (Macintosh; Intel Mac OS X 10_7_4) AppleWebKit/537.1 (KHTML, like Gecko) Chrome/21.0.1180.89 Safari/537.1"
141.213.172.243 - gradecraft@gmail.com [12/Sep/2012:10:55:30 -0400] "GET /assets/application-4ce0ae23744168912769066ef11545d8.js HTTP/1.1" 304 245 "https://www.gradecraft.com/assignments" "Mozilla/5.0 (Macintosh; Intel Mac OS X 10_7_4) AppleWebKit/537.1 (KHTML, like Gecko) Chrome/21.0.1180.89 Safari/537.1"
141.213.172.243 - gradecraft@gmail.com [12/Sep/2012:10:55:33 -0400] "GET /assignments/4 HTTP/1.1" 200 4916 "https://www.gradecraft.com/assignments" "Mozilla/5.0 (Macintosh; Intel Mac OS X 10_7_4) AppleWebKit/537.1 (KHTML, like Gecko) Chrome/21.0.1180.89 Safari/537.1"
141.213.172.243 - gradecraft@gmail.com [12/Sep/2012:10:56:00 -0400] "GET /dashboard HTTP/1.1" 200 6816 "https://www.gradecraft.com/assignments/4" "Mozilla/5.0 (Macintosh; Intel Mac OS X 10_7_4) AppleWebKit/537.1 (KHTML, like Gecko) Chrome/21.0.1180.89 Safari/537.1"
165.123.87.136 - sohumd@wharton.upenn.edu [12/Sep/2012:10:56:12 -0400] "GET /dashboard HTTP/1.1" 200 6477 "https://weblogin.umich.edu/?cosign-www.gradecraft.com&https://www.gradecraft.com/dashboard" "Mozilla/5.0 (Windows NT 6.1; WOW64) AppleWebKit/537.1 (KHTML, like Gecko) Chrome/21.0.1180.89 Safari/537.1"
