67.194.17.81 - - [13/Nov/2012:08:57:38 -0500] "GET /cosign/valid?cosign-www.gradecraft.com=iC9Xii7pDd48QwN73PSZq4-Cq9xamHnWhM86Dqv4FjIdfWm2-m--wxozOCrPRUY1nJP6D2ZLnnTTiwKOVZH9xvNHbfxSvDGpqRJE99g6Fpp75aEMaPKaJdbWTv2s&https://www.gradecraft.com/dashboard HTTP/1.1" 301 900 "-" "Mozilla/5.0 (Macintosh; Intel Mac OS X 10_7_4) AppleWebKit/534.57.5 (KHTML, like Gecko) Version/5.1.7 Safari/534.57.4"
67.194.17.81 - allymd [13/Nov/2012:08:57:38 -0500] "GET /dashboard HTTP/1.1" 200 5252 "-" "Mozilla/5.0 (Macintosh; Intel Mac OS X 10_7_4) AppleWebKit/534.57.5 (KHTML, like Gecko) Version/5.1.7 Safari/534.57.4"
67.194.17.81 - allymd [13/Nov/2012:08:57:41 -0500] "GET /assets/application-eead062cf4bfb3cb3081a4c5cf6e0538.css HTTP/1.1" 200 49197 "https://www.gradecraft.com/dashboard" "Mozilla/5.0 (Macintosh; Intel Mac OS X 10_7_4) AppleWebKit/534.57.5 (KHTML, like Gecko) Version/5.1.7 Safari/534.57.4"
67.194.17.81 - allymd [13/Nov/2012:08:57:41 -0500] "GET /assets/application-9f660eabf71ba8890dbbc2052f1a72b3.js HTTP/1.1" 200 221367 "https://www.gradecraft.com/dashboard" "Mozilla/5.0 (Macintosh; Intel Mac OS X 10_7_4) AppleWebKit/534.57.5 (KHTML, like Gecko) Version/5.1.7 Safari/534.57.4"
67.194.17.81 - allymd [13/Nov/2012:08:57:41 -0500] "GET /badges/pos101/phoebe_badge.jpg HTTP/1.1" 404 1198 "https://www.gradecraft.com/dashboard" "Mozilla/5.0 (Macintosh; Intel Mac OS X 10_7_4) AppleWebKit/534.57.5 (KHTML, like Gecko) Version/5.1.7 Safari/534.57.4"
67.194.17.81 - allymd [13/Nov/2012:08:57:41 -0500] "GET /users/predictor.json?in_progress=true&user_id=125 HTTP/1.1" 200 1610 "https://www.gradecraft.com/dashboard" "Mozilla/5.0 (Macintosh; Intel Mac OS X 10_7_4) AppleWebKit/534.57.5 (KHTML, like Gecko) Version/5.1.7 Safari/534.57.4"
67.194.17.81 - allymd [13/Nov/2012:08:57:41 -0500] "GET /users/predictor.json?user_id=125 HTTP/1.1" 200 1610 "https://www.gradecraft.com/dashboard" "Mozilla/5.0 (Macintosh; Intel Mac OS X 10_7_4) AppleWebKit/534.57.5 (KHTML, like Gecko) Version/5.1.7 Safari/534.57.4"
67.194.43.139 - - [13/Nov/2012:09:02:07 -0500] "GET / HTTP/1.1" 302 3259 "-" "Mozilla/5.0 (Macintosh; Intel Mac OS X 10_8_1) AppleWebKit/536.25 (KHTML, like Gecko) Version/6.0 Safari/536.25"
67.194.43.139 - - [13/Nov/2012:09:02:11 -0500] "GET / HTTP/1.1" 302 3259 "-" "Mozilla/5.0 (Macintosh; Intel Mac OS X 10_8_1) AppleWebKit/536.25 (KHTML, like Gecko) Version/6.0 Safari/536.25"
67.194.43.139 - - [13/Nov/2012:09:02:22 -0500] "GET /cosign/valid?cosign-www.gradecraft.com=MMkxo1cPb-vTmj6Vo+-Fotf7Ztuhodv9Vh9YshkNWIp3-J8lv--3haMCrLxPzmM9+PS7IxY3ksDxJz-dm1wn9MFPONDfU1STw7UgiFfqn+wqMVENVKXUPs1qdf2Z&https://www.gradecraft.com/ HTTP/1.1" 301 868 "https://weblogin.umich.edu/cosign-bin/cosign.cgi" "Mozilla/5.0 (Macintosh; Intel Mac OS X 10_8_1) AppleWebKit/536.25 (KHTML, like Gecko) Version/6.0 Safari/536.25"
67.194.43.139 - linrmart [13/Nov/2012:09:02:22 -0500] "GET / HTTP/1.1" 200 5252 "https://weblogin.umich.edu/cosign-bin/cosign.cgi" "Mozilla/5.0 (Macintosh; Intel Mac OS X 10_8_1) AppleWebKit/536.25 (KHTML, like Gecko) Version/6.0 Safari/536.25"
67.194.43.139 - linrmart [13/Nov/2012:09:02:25 -0500] "GET /assets/application-eead062cf4bfb3cb3081a4c5cf6e0538.css HTTP/1.1" 304 245 "https://www.gradecraft.com/" "Mozilla/5.0 (Macintosh; Intel Mac OS X 10_8_1) AppleWebKit/536.25 (KHTML, like Gecko) Version/6.0 Safari/536.25"
67.194.43.139 - linrmart [13/Nov/2012:09:02:25 -0500] "GET /assets/application-9f660eabf71ba8890dbbc2052f1a72b3.js HTTP/1.1" 200 221374 "https://www.gradecraft.com/" "Mozilla/5.0 (Macintosh; Intel Mac OS X 10_8_1) AppleWebKit/536.25 (KHTML, like Gecko) Version/6.0 Safari/536.25"
67.194.43.139 - linrmart [13/Nov/2012:09:02:25 -0500] "GET /badges/pos101/phoebe_badge.jpg HTTP/1.1" 404 1205 "https://www.gradecraft.com/" "Mozilla/5.0 (Macintosh; Intel Mac OS X 10_8_1) AppleWebKit/536.25 (KHTML, like Gecko) Version/6.0 Safari/536.25"
67.194.43.139 - linrmart [13/Nov/2012:09:02:25 -0500] "GET /users/predictor.json?user_id=267 HTTP/1.1" 304 885 "https://www.gradecraft.com/" "Mozilla/5.0 (Macintosh; Intel Mac OS X 10_8_1) AppleWebKit/536.25 (KHTML, like Gecko) Version/6.0 Safari/536.25"
67.194.43.139 - linrmart [13/Nov/2012:09:02:25 -0500] "GET /users/predictor.json?in_progress=true&user_id=267 HTTP/1.1" 304 869 "https://www.gradecraft.com/" "Mozilla/5.0 (Macintosh; Intel Mac OS X 10_8_1) AppleWebKit/536.25 (KHTML, like Gecko) Version/6.0 Safari/536.25"
67.194.76.48 - - [13/Nov/2012:09:03:04 -0500] "GET / HTTP/1.1" 302 3259 "-" "Mozilla/5.0 (iPad; CPU OS 5_1_1 like Mac OS X) AppleWebKit/534.46 (KHTML, like Gecko) Version/5.1 Mobile/9B206 Safari/7534.48.3"
67.194.76.48 - - [13/Nov/2012:09:03:28 -0500] "GET /cosign/valid?cosign-www.gradecraft.com=kJNQzEl1JIHFSTPSyIydR0gmbvPvqicoF7PQ3A3GcSnR54ELxXnnajFc66ynSMkwfUxhGmhZKhBx6najzNubCPXPRVU00syP5x-rc-2zKaWf2sMHOhCKBwmW4Olh&https://www.gradecraft.com/ HTTP/1.1" 301 1013 "https://weblogin.umich.edu/?cosign-www.gradecraft.com&https://www.gradecraft.com/" "Mozilla/5.0 (iPad; CPU OS 5_1_1 like Mac OS X) AppleWebKit/534.46 (KHTML, like Gecko) Version/5.1 Mobile/9B206 Safari/7534.48.3"
67.194.76.48 - mmanty [13/Nov/2012:09:03:28 -0500] "GET / HTTP/1.1" 302 1348 "https://weblogin.umich.edu/?cosign-www.gradecraft.com&https://www.gradecraft.com/" "Mozilla/5.0 (iPad; CPU OS 5_1_1 like Mac OS X) AppleWebKit/534.46 (KHTML, like Gecko) Version/5.1 Mobile/9B206 Safari/7534.48.3"
67.194.76.48 - mmanty [13/Nov/2012:09:03:28 -0500] "GET /dashboard HTTP/1.1" 200 3828 "https://weblogin.umich.edu/?cosign-www.gradecraft.com&https://www.gradecraft.com/" "Mozilla/5.0 (iPad; CPU OS 5_1_1 like Mac OS X) AppleWebKit/534.46 (KHTML, like Gecko) Version/5.1 Mobile/9B206 Safari/7534.48.3"
67.194.76.48 - mmanty [13/Nov/2012:09:03:33 -0500] "GET /assets/application-eead062cf4bfb3cb3081a4c5cf6e0538.css HTTP/1.1" 200 49197 "https://www.gradecraft.com/dashboard" "Mozilla/5.0 (iPad; CPU OS 5_1_1 like Mac OS X) AppleWebKit/534.46 (KHTML, like Gecko) Version/5.1 Mobile/9B206 Safari/7534.48.3"
67.194.76.48 - mmanty [13/Nov/2012:09:03:33 -0500] "GET /assets/application-9f660eabf71ba8890dbbc2052f1a72b3.js HTTP/1.1" 200 221229 "https://www.gradecraft.com/dashboard" "Mozilla/5.0 (iPad; CPU OS 5_1_1 like Mac OS X) AppleWebKit/534.46 (KHTML, like Gecko) Version/5.1 Mobile/9B206 Safari/7534.48.3"
67.194.76.48 - mmanty [13/Nov/2012:09:03:42 -0500] "GET /assignments HTTP/1.1" 200 5557 "https://www.gradecraft.com/dashboard" "Mozilla/5.0 (iPad; CPU OS 5_1_1 like Mac OS X) AppleWebKit/534.46 (KHTML, like Gecko) Version/5.1 Mobile/9B206 Safari/7534.48.3"
66.249.75.229 - - [13/Nov/2012:09:03:46 -0500] "GET /robots.txt HTTP/1.1" 302 3428 "-" "Mozilla/5.0 (compatible; Googlebot/2.1; +http://www.google.com/bot.html)"
66.249.75.229 - - [13/Nov/2012:09:03:46 -0500] "GET / HTTP/1.1" 302 724 "-" "Mozilla/5.0 (compatible; Googlebot/2.1; +http://www.google.com/bot.html)"
67.194.76.48 - mmanty [13/Nov/2012:09:04:32 -0500] "GET /assignments/116 HTTP/1.1" 200 4805 "https://www.gradecraft.com/assignments" "Mozilla/5.0 (iPad; CPU OS 5_1_1 like Mac OS X) AppleWebKit/534.46 (KHTML, like Gecko) Version/5.1 Mobile/9B206 Safari/7534.48.3"
67.194.76.48 - mmanty [13/Nov/2012:09:04:58 -0500] "GET /users/131 HTTP/1.1" 200 6085 "https://www.gradecraft.com/assignments/116" "Mozilla/5.0 (iPad; CPU OS 5_1_1 like Mac OS X) AppleWebKit/534.46 (KHTML, like Gecko) Version/5.1 Mobile/9B206 Safari/7534.48.3"
67.194.76.48 - mmanty [13/Nov/2012:09:05:01 -0500] "GET /badges/pos101/always_learning.png HTTP/1.1" 200 3066 "https://www.gradecraft.com/users/131" "Mozilla/5.0 (iPad; CPU OS 5_1_1 like Mac OS X) AppleWebKit/534.46 (KHTML, like Gecko) Version/5.1 Mobile/9B206 Safari/7534.48.3"
67.194.76.48 - mmanty [13/Nov/2012:09:05:01 -0500] "GET /badges/pos101/above_and_beyond.png HTTP/1.1" 200 6234 "https://www.gradecraft.com/users/131" "Mozilla/5.0 (iPad; CPU OS 5_1_1 like Mac OS X) AppleWebKit/534.46 (KHTML, like Gecko) Version/5.1 Mobile/9B206 Safari/7534.48.3"
67.194.76.48 - mmanty [13/Nov/2012:09:05:01 -0500] "GET /badges/pos101/awesome_aggregator.png HTTP/1.1" 200 5658 "https://www.gradecraft.com/users/131" "Mozilla/5.0 (iPad; CPU OS 5_1_1 like Mac OS X) AppleWebKit/534.46 (KHTML, like Gecko) Version/5.1 Mobile/9B206 Safari/7534.48.3"
67.194.76.48 - mmanty [13/Nov/2012:09:05:01 -0500] "GET /badges/pos101/presentation_of_self.png HTTP/1.1" 200 5498 "https://www.gradecraft.com/users/131" "Mozilla/5.0 (iPad; CPU OS 5_1_1 like Mac OS X) AppleWebKit/534.46 (KHTML, like Gecko) Version/5.1 Mobile/9B206 Safari/7534.48.3"
67.194.76.48 - mmanty [13/Nov/2012:09:05:01 -0500] "GET /badges/pos101/great_critic.png HTTP/1.1" 200 5451 "https://www.gradecraft.com/users/131" "Mozilla/5.0 (iPad; CPU OS 5_1_1 like Mac OS X) AppleWebKit/534.46 (KHTML, like Gecko) Version/5.1 Mobile/9B206 Safari/7534.48.3"
67.194.76.48 - mmanty [13/Nov/2012:09:05:02 -0500] "GET /badges/pos101/examination_expert.png HTTP/1.1" 200 4042 "https://www.gradecraft.com/users/131" "Mozilla/5.0 (iPad; CPU OS 5_1_1 like Mac OS X) AppleWebKit/534.46 (KHTML, like Gecko) Version/5.1 Mobile/9B206 Safari/7534.48.3"
67.194.76.48 - mmanty [13/Nov/2012:09:05:02 -0500] "GET /badges/pos101/gaining_experience.png HTTP/1.1" 200 8458 "https://www.gradecraft.com/users/131" "Mozilla/5.0 (iPad; CPU OS 5_1_1 like Mac OS X) AppleWebKit/534.46 (KHTML, like Gecko) Version/5.1 Mobile/9B206 Safari/7534.48.3"
67.194.76.48 - mmanty [13/Nov/2012:09:05:02 -0500] "GET /badges/pos101/teachers_pet.png HTTP/1.1" 200 3339 "https://www.gradecraft.com/users/131" "Mozilla/5.0 (iPad; CPU OS 5_1_1 like Mac OS X) AppleWebKit/534.46 (KHTML, like Gecko) Version/5.1 Mobile/9B206 Safari/7534.48.3"
67.194.76.48 - mmanty [13/Nov/2012:09:05:02 -0500] "GET /badges/pos101/gamer.png HTTP/1.1" 200 4378 "https://www.gradecraft.com/users/131" "Mozilla/5.0 (iPad; CPU OS 5_1_1 like Mac OS X) AppleWebKit/534.46 (KHTML, like Gecko) Version/5.1 Mobile/9B206 Safari/7534.48.3"
67.194.76.48 - mmanty [13/Nov/2012:09:05:02 -0500] "GET /badges/pos101/early_bird_special.png HTTP/1.1" 200 4747 "https://www.gradecraft.com/users/131" "Mozilla/5.0 (iPad; CPU OS 5_1_1 like Mac OS X) AppleWebKit/534.46 (KHTML, like Gecko) Version/5.1 Mobile/9B206 Safari/7534.48.3"
67.194.76.48 - mmanty [13/Nov/2012:09:05:02 -0500] "GET /badges/pos101/learning_from_mistakes.png HTTP/1.1" 200 8362 "https://www.gradecraft.com/users/131" "Mozilla/5.0 (iPad; CPU OS 5_1_1 like Mac OS X) AppleWebKit/534.46 (KHTML, like Gecko) Version/5.1 Mobile/9B206 Safari/7534.48.3"
67.194.76.48 - mmanty [13/Nov/2012:09:05:02 -0500] "GET /badges/pos101/courageous_failure.png HTTP/1.1" 200 8555 "https://www.gradecraft.com/users/131" "Mozilla/5.0 (iPad; CPU OS 5_1_1 like Mac OS X) AppleWebKit/534.46 (KHTML, like Gecko) Version/5.1 Mobile/9B206 Safari/7534.48.3"
67.194.76.48 - mmanty [13/Nov/2012:09:05:02 -0500] "GET /badges/pos101/personal.png HTTP/1.1" 200 4474 "https://www.gradecraft.com/users/131" "Mozilla/5.0 (iPad; CPU OS 5_1_1 like Mac OS X) AppleWebKit/534.46 (KHTML, like Gecko) Version/5.1 Mobile/9B206 Safari/7534.48.3"
67.194.76.48 - mmanty [13/Nov/2012:09:05:02 -0500] "GET /badges/pos101/participatory_democrat.png HTTP/1.1" 200 5354 "https://www.gradecraft.com/users/131" "Mozilla/5.0 (iPad; CPU OS 5_1_1 like Mac OS X) AppleWebKit/534.46 (KHTML, like Gecko) Version/5.1 Mobile/9B206 Safari/7534.48.3"
67.194.76.48 - mmanty [13/Nov/2012:09:05:02 -0500] "GET /badges/pos101/practice_makes_perfect.png HTTP/1.1" 200 6010 "https://www.gradecraft.com/users/131" "Mozilla/5.0 (iPad; CPU OS 5_1_1 like Mac OS X) AppleWebKit/534.46 (KHTML, like Gecko) Version/5.1 Mobile/9B206 Safari/7534.48.3"
67.194.76.48 - mmanty [13/Nov/2012:09:05:02 -0500] "GET /badges/pos101/public_speaker.png HTTP/1.1" 200 5482 "https://www.gradecraft.com/users/131" "Mozilla/5.0 (iPad; CPU OS 5_1_1 like Mac OS X) AppleWebKit/534.46 (KHTML, like Gecko) Version/5.1 Mobile/9B206 Safari/7534.48.3"
67.194.76.48 - mmanty [13/Nov/2012:09:05:02 -0500] "GET /badges/pos101/scribe.png HTTP/1.1" 200 3002 "https://www.gradecraft.com/users/131" "Mozilla/5.0 (iPad; CPU OS 5_1_1 like Mac OS X) AppleWebKit/534.46 (KHTML, like Gecko) Version/5.1 Mobile/9B206 Safari/7534.48.3"
67.194.76.48 - mmanty [13/Nov/2012:09:05:02 -0500] "GET /badges/pos101/times_immemorial.png HTTP/1.1" 200 5722 "https://www.gradecraft.com/users/131" "Mozilla/5.0 (iPad; CPU OS 5_1_1 like Mac OS X) AppleWebKit/534.46 (KHTML, like Gecko) Version/5.1 Mobile/9B206 Safari/7534.48.3"
67.194.76.48 - mmanty [13/Nov/2012:09:05:02 -0500] "GET /badges/pos101/level_one.png HTTP/1.1" 200 4458 "https://www.gradecraft.com/users/131" "Mozilla/5.0 (iPad; CPU OS 5_1_1 like Mac OS X) AppleWebKit/534.46 (KHTML, like Gecko) Version/5.1 Mobile/9B206 Safari/7534.48.3"
67.194.76.48 - mmanty [13/Nov/2012:09:05:02 -0500] "GET /badges/pos101/phoebe_badge.jpg HTTP/1.1" 404 1044 "https://www.gradecraft.com/users/131" "Mozilla/5.0 (iPad; CPU OS 5_1_1 like Mac OS X) AppleWebKit/534.46 (KHTML, like Gecko) Version/5.1 Mobile/9B206 Safari/7534.48.3"
67.194.76.48 - mmanty [13/Nov/2012:09:05:02 -0500] "GET /badges/pos101/concentrator.png HTTP/1.1" 200 3739 "https://www.gradecraft.com/users/131" "Mozilla/5.0 (iPad; CPU OS 5_1_1 like Mac OS X) AppleWebKit/534.46 (KHTML, like Gecko) Version/5.1 Mobile/9B206 Safari/7534.48.3"
67.194.76.48 - mmanty [13/Nov/2012:09:05:03 -0500] "GET /users/predictor.json?user_id=131 HTTP/1.1" 200 1610 "https://www.gradecraft.com/users/131" "Mozilla/5.0 (iPad; CPU OS 5_1_1 like Mac OS X) AppleWebKit/534.46 (KHTML, like Gecko) Version/5.1 Mobile/9B206 Safari/7534.48.3"
67.194.76.48 - mmanty [13/Nov/2012:09:05:03 -0500] "GET /users/predictor.json?in_progress=true&user_id=131 HTTP/1.1" 200 1610 "https://www.gradecraft.com/users/131" "Mozilla/5.0 (iPad; CPU OS 5_1_1 like Mac OS X) AppleWebKit/534.46 (KHTML, like Gecko) Version/5.1 Mobile/9B206 Safari/7534.48.3"
67.194.27.18 - - [13/Nov/2012:09:07:36 -0500] "GET / HTTP/1.1" 302 3254 "https://sites.google.com/a/umich.edu/polsci101f2012/" "Mozilla/5.0 (Macintosh; Intel Mac OS X 10_7_5) AppleWebKit/536.26.17 (KHTML, like Gecko) Version/6.0.2 Safari/536.26.17"
67.194.27.18 - - [13/Nov/2012:09:07:36 -0500] "GET /cosign/valid?cosign-www.gradecraft.com=XsvPCi7kdk6rsWi-VzM-l3Lb7c5h07iDWxjxgmIMlQehmsdA9oWNegbSy00fHvsfIIXpof+h8hZECG4pEDUV2kN2pI6Q9FhpnKHDz89t6NVSbuSAVShT-TifpnmO&https://www.gradecraft.com/ HTTP/1.1" 301 868 "https://sites.google.com/a/umich.edu/polsci101f2012/" "Mozilla/5.0 (Macintosh; Intel Mac OS X 10_7_5) AppleWebKit/536.26.17 (KHTML, like Gecko) Version/6.0.2 Safari/536.26.17"
67.194.27.18 - cympan [13/Nov/2012:09:07:36 -0500] "GET / HTTP/1.1" 302 1348 "https://sites.google.com/a/umich.edu/polsci101f2012/" "Mozilla/5.0 (Macintosh; Intel Mac OS X 10_7_5) AppleWebKit/536.26.17 (KHTML, like Gecko) Version/6.0.2 Safari/536.26.17"
67.194.27.18 - cympan [13/Nov/2012:09:07:36 -0500] "GET /dashboard HTTP/1.1" 200 5252 "https://sites.google.com/a/umich.edu/polsci101f2012/" "Mozilla/5.0 (Macintosh; Intel Mac OS X 10_7_5) AppleWebKit/536.26.17 (KHTML, like Gecko) Version/6.0.2 Safari/536.26.17"
67.194.27.18 - cympan [13/Nov/2012:09:07:39 -0500] "GET /assets/application-eead062cf4bfb3cb3081a4c5cf6e0538.css HTTP/1.1" 200 49197 "https://www.gradecraft.com/dashboard" "Mozilla/5.0 (Macintosh; Intel Mac OS X 10_7_5) AppleWebKit/536.26.17 (KHTML, like Gecko) Version/6.0.2 Safari/536.26.17"
67.194.27.18 - cympan [13/Nov/2012:09:07:39 -0500] "GET /assets/application-9f660eabf71ba8890dbbc2052f1a72b3.js HTTP/1.1" 200 221367 "https://www.gradecraft.com/dashboard" "Mozilla/5.0 (Macintosh; Intel Mac OS X 10_7_5) AppleWebKit/536.26.17 (KHTML, like Gecko) Version/6.0.2 Safari/536.26.17"
67.194.27.18 - cympan [13/Nov/2012:09:07:40 -0500] "GET /badges/pos101/above_and_beyond.png HTTP/1.1" 200 6372 "https://www.gradecraft.com/dashboard" "Mozilla/5.0 (Macintosh; Intel Mac OS X 10_7_5) AppleWebKit/536.26.17 (KHTML, like Gecko) Version/6.0.2 Safari/536.26.17"
67.194.27.18 - cympan [13/Nov/2012:09:07:40 -0500] "GET /badges/pos101/always_learning.png HTTP/1.1" 200 3204 "https://www.gradecraft.com/dashboard" "Mozilla/5.0 (Macintosh; Intel Mac OS X 10_7_5) AppleWebKit/536.26.17 (KHTML, like Gecko) Version/6.0.2 Safari/536.26.17"
67.194.27.18 - cympan [13/Nov/2012:09:07:40 -0500] "GET /badges/pos101/great_critic.png HTTP/1.1" 200 5444 "https://www.gradecraft.com/dashboard" "Mozilla/5.0 (Macintosh; Intel Mac OS X 10_7_5) AppleWebKit/536.26.17 (KHTML, like Gecko) Version/6.0.2 Safari/536.26.17"
67.194.27.18 - cympan [13/Nov/2012:09:07:40 -0500] "GET /badges/pos101/awesome_aggregator.png HTTP/1.1" 200 5796 "https://www.gradecraft.com/dashboard" "Mozilla/5.0 (Macintosh; Intel Mac OS X 10_7_5) AppleWebKit/536.26.17 (KHTML, like Gecko) Version/6.0.2 Safari/536.26.17"
67.194.27.18 - cympan [13/Nov/2012:09:07:40 -0500] "GET /badges/pos101/presentation_of_self.png HTTP/1.1" 200 5498 "https://www.gradecraft.com/dashboard" "Mozilla/5.0 (Macintosh; Intel Mac OS X 10_7_5) AppleWebKit/536.26.17 (KHTML, like Gecko) Version/6.0.2 Safari/536.26.17"
67.194.27.18 - cympan [13/Nov/2012:09:07:40 -0500] "GET /badges/pos101/teachers_pet.png HTTP/1.1" 200 3194 "https://www.gradecraft.com/dashboard" "Mozilla/5.0 (Macintosh; Intel Mac OS X 10_7_5) AppleWebKit/536.26.17 (KHTML, like Gecko) Version/6.0.2 Safari/536.26.17"
67.194.27.18 - cympan [13/Nov/2012:09:07:40 -0500] "GET /badges/pos101/concentrator.png HTTP/1.1" 200 3594 "https://www.gradecraft.com/dashboard" "Mozilla/5.0 (Macintosh; Intel Mac OS X 10_7_5) AppleWebKit/536.26.17 (KHTML, like Gecko) Version/6.0.2 Safari/536.26.17"
67.194.27.18 - cympan [13/Nov/2012:09:07:40 -0500] "GET /badges/pos101/courageous_failure.png HTTP/1.1" 200 8410 "https://www.gradecraft.com/dashboard" "Mozilla/5.0 (Macintosh; Intel Mac OS X 10_7_5) AppleWebKit/536.26.17 (KHTML, like Gecko) Version/6.0.2 Safari/536.26.17"
67.194.27.18 - cympan [13/Nov/2012:09:07:40 -0500] "GET /badges/pos101/early_bird_special.png HTTP/1.1" 200 4602 "https://www.gradecraft.com/dashboard" "Mozilla/5.0 (Macintosh; Intel Mac OS X 10_7_5) AppleWebKit/536.26.17 (KHTML, like Gecko) Version/6.0.2 Safari/536.26.17"
67.194.27.18 - cympan [13/Nov/2012:09:07:40 -0500] "GET /badges/pos101/examination_expert.png HTTP/1.1" 200 4042 "https://www.gradecraft.com/dashboard" "Mozilla/5.0 (Macintosh; Intel Mac OS X 10_7_5) AppleWebKit/536.26.17 (KHTML, like Gecko) Version/6.0.2 Safari/536.26.17"
67.194.27.18 - cympan [13/Nov/2012:09:07:40 -0500] "GET /badges/pos101/gaining_experience.png HTTP/1.1" 200 8458 "https://www.gradecraft.com/dashboard" "Mozilla/5.0 (Macintosh; Intel Mac OS X 10_7_5) AppleWebKit/536.26.17 (KHTML, like Gecko) Version/6.0.2 Safari/536.26.17"
67.194.27.18 - cympan [13/Nov/2012:09:07:40 -0500] "GET /badges/pos101/gamer.png HTTP/1.1" 200 4378 "https://www.gradecraft.com/dashboard" "Mozilla/5.0 (Macintosh; Intel Mac OS X 10_7_5) AppleWebKit/536.26.17 (KHTML, like Gecko) Version/6.0.2 Safari/536.26.17"
67.194.27.18 - cympan [13/Nov/2012:09:07:40 -0500] "GET /badges/pos101/learning_from_mistakes.png HTTP/1.1" 200 8362 "https://www.gradecraft.com/dashboard" "Mozilla/5.0 (Macintosh; Intel Mac OS X 10_7_5) AppleWebKit/536.26.17 (KHTML, like Gecko) Version/6.0.2 Safari/536.26.17"
67.194.27.18 - cympan [13/Nov/2012:09:07:40 -0500] "GET /badges/pos101/level_one.png HTTP/1.1" 200 4458 "https://www.gradecraft.com/dashboard" "Mozilla/5.0 (Macintosh; Intel Mac OS X 10_7_5) AppleWebKit/536.26.17 (KHTML, like Gecko) Version/6.0.2 Safari/536.26.17"
67.194.27.18 - cympan [13/Nov/2012:09:07:40 -0500] "GET /badges/pos101/personal.png HTTP/1.1" 200 4474 "https://www.gradecraft.com/dashboard" "Mozilla/5.0 (Macintosh; Intel Mac OS X 10_7_5) AppleWebKit/536.26.17 (KHTML, like Gecko) Version/6.0.2 Safari/536.26.17"
67.194.27.18 - cympan [13/Nov/2012:09:07:40 -0500] "GET /badges/pos101/participatory_democrat.png HTTP/1.1" 200 5354 "https://www.gradecraft.com/dashboard" "Mozilla/5.0 (Macintosh; Intel Mac OS X 10_7_5) AppleWebKit/536.26.17 (KHTML, like Gecko) Version/6.0.2 Safari/536.26.17"
67.194.27.18 - cympan [13/Nov/2012:09:07:40 -0500] "GET /badges/pos101/practice_makes_perfect.png HTTP/1.1" 200 6010 "https://www.gradecraft.com/dashboard" "Mozilla/5.0 (Macintosh; Intel Mac OS X 10_7_5) AppleWebKit/536.26.17 (KHTML, like Gecko) Version/6.0.2 Safari/536.26.17"
67.194.27.18 - cympan [13/Nov/2012:09:07:40 -0500] "GET /badges/pos101/public_speaker.png HTTP/1.1" 200 5482 "https://www.gradecraft.com/dashboard" "Mozilla/5.0 (Macintosh; Intel Mac OS X 10_7_5) AppleWebKit/536.26.17 (KHTML, like Gecko) Version/6.0.2 Safari/536.26.17"
67.194.27.18 - cympan [13/Nov/2012:09:07:40 -0500] "GET /badges/pos101/scribe.png HTTP/1.1" 200 3002 "https://www.gradecraft.com/dashboard" "Mozilla/5.0 (Macintosh; Intel Mac OS X 10_7_5) AppleWebKit/536.26.17 (KHTML, like Gecko) Version/6.0.2 Safari/536.26.17"
67.194.27.18 - cympan [13/Nov/2012:09:07:40 -0500] "GET /badges/pos101/times_immemorial.png HTTP/1.1" 200 5722 "https://www.gradecraft.com/dashboard" "Mozilla/5.0 (Macintosh; Intel Mac OS X 10_7_5) AppleWebKit/536.26.17 (KHTML, like Gecko) Version/6.0.2 Safari/536.26.17"
67.194.27.18 - cympan [13/Nov/2012:09:07:40 -0500] "GET /badges/pos101/phoebe_badge.jpg HTTP/1.1" 404 1044 "https://www.gradecraft.com/dashboard" "Mozilla/5.0 (Macintosh; Intel Mac OS X 10_7_5) AppleWebKit/536.26.17 (KHTML, like Gecko) Version/6.0.2 Safari/536.26.17"
67.194.27.18 - cympan [13/Nov/2012:09:07:40 -0500] "GET /favicon.ico HTTP/1.1" 200 4788 "https://www.gradecraft.com/dashboard" "Mozilla/5.0 (Macintosh; Intel Mac OS X 10_7_5) AppleWebKit/536.26.17 (KHTML, like Gecko) Version/6.0.2 Safari/536.26.17"
67.194.27.18 - cympan [13/Nov/2012:09:07:40 -0500] "GET /users/predictor.json?user_id=134 HTTP/1.1" 200 1610 "https://www.gradecraft.com/dashboard" "Mozilla/5.0 (Macintosh; Intel Mac OS X 10_7_5) AppleWebKit/536.26.17 (KHTML, like Gecko) Version/6.0.2 Safari/536.26.17"
67.194.27.18 - cympan [13/Nov/2012:09:07:40 -0500] "GET /users/predictor.json?in_progress=true&user_id=134 HTTP/1.1" 200 1610 "https://www.gradecraft.com/dashboard" "Mozilla/5.0 (Macintosh; Intel Mac OS X 10_7_5) AppleWebKit/536.26.17 (KHTML, like Gecko) Version/6.0.2 Safari/536.26.17"
67.194.38.100 - - [13/Nov/2012:09:07:42 -0500] "GET / HTTP/1.1" 302 3254 "-" "Mozilla/5.0 (Macintosh; Intel Mac OS X 10_7_5) AppleWebKit/536.26.17 (KHTML, like Gecko) Version/6.0.2 Safari/536.26.17"
67.194.43.139 - linrmart [13/Nov/2012:09:08:09 -0500] "GET / HTTP/1.1" 304 3420 "-" "Mozilla/5.0 (Macintosh; Intel Mac OS X 10_8_1) AppleWebKit/536.25 (KHTML, like Gecko) Version/6.0 Safari/536.25"
67.194.43.139 - linrmart [13/Nov/2012:09:08:12 -0500] "GET /badges/pos101/phoebe_badge.jpg HTTP/1.1" 404 1205 "https://www.gradecraft.com/" "Mozilla/5.0 (Macintosh; Intel Mac OS X 10_8_1) AppleWebKit/536.25 (KHTML, like Gecko) Version/6.0 Safari/536.25"
67.194.43.139 - linrmart [13/Nov/2012:09:08:12 -0500] "GET /users/predictor.json?user_id=267 HTTP/1.1" 304 1014 "https://www.gradecraft.com/" "Mozilla/5.0 (Macintosh; Intel Mac OS X 10_8_1) AppleWebKit/536.25 (KHTML, like Gecko) Version/6.0 Safari/536.25"
67.194.43.139 - linrmart [13/Nov/2012:09:08:12 -0500] "GET /users/predictor.json?in_progress=true&user_id=267 HTTP/1.1" 304 869 "https://www.gradecraft.com/" "Mozilla/5.0 (Macintosh; Intel Mac OS X 10_8_1) AppleWebKit/536.25 (KHTML, like Gecko) Version/6.0 Safari/536.25"
67.194.27.18 - cympan [13/Nov/2012:09:08:29 -0500] "GET /assignments/112/assignment_submissions/827?gradeable_id=134&gradeable_type=User HTTP/1.1" 200 2558 "https://www.gradecraft.com/dashboard" "Mozilla/5.0 (Macintosh; Intel Mac OS X 10_7_5) AppleWebKit/536.26.17 (KHTML, like Gecko) Version/6.0.2 Safari/536.26.17"
67.194.8.128 - - [13/Nov/2012:09:11:39 -0500] "GET /dashboard HTTP/1.1" 302 3984 "-" "Mozilla/5.0 (Macintosh; Intel Mac OS X 10.8; rv:16.0) Gecko/20100101 Firefox/16.0"
67.194.8.128 - - [13/Nov/2012:09:11:42 -0500] "GET /cosign/valid?cosign-www.gradecraft.com=HlvLhsSiimR+rKSJ26EC7+ENKLdB3J3xqsOLHxTNXBnHhijDXfCpOgKvaqycH4axk84xD6Hcfh82OlIPjokYC52mFBKMMIfYBAQIAtzcznsReoMOfZFu4aQrza7T&https://www.gradecraft.com/dashboard HTTP/1.1" 301 900 "https://weblogin.umich.edu/?cosign-www.gradecraft.com&https://www.gradecraft.com/dashboard" "Mozilla/5.0 (Macintosh; Intel Mac OS X 10.8; rv:16.0) Gecko/20100101 Firefox/16.0"
67.194.8.128 - lkorten [13/Nov/2012:09:11:42 -0500] "GET /dashboard HTTP/1.1" 302 1364 "https://weblogin.umich.edu/?cosign-www.gradecraft.com&https://www.gradecraft.com/dashboard" "Mozilla/5.0 (Macintosh; Intel Mac OS X 10.8; rv:16.0) Gecko/20100101 Firefox/16.0"
67.194.8.128 - lkorten [13/Nov/2012:09:11:42 -0500] "GET /dashboard HTTP/1.1" 200 5124 "https://weblogin.umich.edu/?cosign-www.gradecraft.com&https://www.gradecraft.com/dashboard" "Mozilla/5.0 (Macintosh; Intel Mac OS X 10.8; rv:16.0) Gecko/20100101 Firefox/16.0"
67.194.8.128 - lkorten [13/Nov/2012:09:11:44 -0500] "GET /assets/application-eead062cf4bfb3cb3081a4c5cf6e0538.css HTTP/1.1" 304 245 "https://www.gradecraft.com/dashboard" "Mozilla/5.0 (Macintosh; Intel Mac OS X 10.8; rv:16.0) Gecko/20100101 Firefox/16.0"
67.194.8.128 - lkorten [13/Nov/2012:09:11:44 -0500] "GET /assets/application-9f660eabf71ba8890dbbc2052f1a72b3.js HTTP/1.1" 304 245 "https://www.gradecraft.com/dashboard" "Mozilla/5.0 (Macintosh; Intel Mac OS X 10.8; rv:16.0) Gecko/20100101 Firefox/16.0"
67.194.8.128 - lkorten [13/Nov/2012:09:11:44 -0500] "GET /badges/pos101/phoebe_badge.jpg HTTP/1.1" 404 1205 "https://www.gradecraft.com/dashboard" "Mozilla/5.0 (Macintosh; Intel Mac OS X 10.8; rv:16.0) Gecko/20100101 Firefox/16.0"
67.194.8.128 - lkorten [13/Nov/2012:09:11:45 -0500] "GET /badges/pos101/phoebe_badge.jpg HTTP/1.1" 404 1044 "https://www.gradecraft.com/dashboard" "Mozilla/5.0 (Macintosh; Intel Mac OS X 10.8; rv:16.0) Gecko/20100101 Firefox/16.0"
67.194.8.128 - lkorten [13/Nov/2012:09:11:45 -0500] "GET /users/predictor.json?user_id=132 HTTP/1.1" 304 885 "https://www.gradecraft.com/dashboard" "Mozilla/5.0 (Macintosh; Intel Mac OS X 10.8; rv:16.0) Gecko/20100101 Firefox/16.0"
67.194.8.128 - lkorten [13/Nov/2012:09:11:45 -0500] "GET /users/predictor.json?in_progress=true&user_id=132 HTTP/1.1" 304 885 "https://www.gradecraft.com/dashboard" "Mozilla/5.0 (Macintosh; Intel Mac OS X 10.8; rv:16.0) Gecko/20100101 Firefox/16.0"
67.194.15.125 - - [13/Nov/2012:09:11:52 -0500] "GET /dashboard HTTP/1.1" 302 3789 "-" "Mozilla/5.0 (Windows NT 6.1; WOW64) AppleWebKit/537.11 (KHTML, like Gecko) Chrome/23.0.1271.64 Safari/537.11"
67.194.15.125 - - [13/Nov/2012:09:11:59 -0500] "GET /cosign/valid?cosign-www.gradecraft.com=yyUzZyS0P9J9cyBmqPOmZVpsE7wR2-k-MonZlxAyHLxL9oBcQ8RDOMG-wLJrbpqHlXPSsRpS25ck2JGm1KrKWyaPOGmuAi8aOh0hcW7RxlkoDJ3U-GVrXKfsWydP&https://www.gradecraft.com/dashboard HTTP/1.1" 301 900 "https://weblogin.umich.edu/?cosign-www.gradecraft.com&https://www.gradecraft.com/dashboard" "Mozilla/5.0 (Windows NT 6.1; WOW64) AppleWebKit/537.11 (KHTML, like Gecko) Chrome/23.0.1271.64 Safari/537.11"
67.194.6.133 - - [13/Nov/2012:09:12:00 -0500] "GET / HTTP/1.1" 302 3254 "-" "Mozilla/5.0 (Macintosh; U; Intel Mac OS X 10_6_8; en-us) AppleWebKit/533.21.1 (KHTML, like Gecko) Version/5.0.5 Safari/533.21.1"
67.194.6.133 - - [13/Nov/2012:09:12:00 -0500] "GET /cosign/valid?cosign-www.gradecraft.com=eRaD0nKpFkzbcS+1QHQQNea41vJbm14K4CoA7shxyotfGYc+V+jGuf66UkP8-CLMXtS7QWVAmL0ORJOpcoXzfD5B-eIHDlK481eyxjwlE1Dw5XczgaSVafyX4ncK&https://www.gradecraft.com/ HTTP/1.1" 301 868 "-" "Mozilla/5.0 (Macintosh; U; Intel Mac OS X 10_6_8; en-us) AppleWebKit/533.21.1 (KHTML, like Gecko) Version/5.0.5 Safari/533.21.1"
67.194.15.125 - zeinz [13/Nov/2012:09:11:59 -0500] "GET /dashboard HTTP/1.1" 200 5156 "https://weblogin.umich.edu/?cosign-www.gradecraft.com&https://www.gradecraft.com/dashboard" "Mozilla/5.0 (Windows NT 6.1; WOW64) AppleWebKit/537.11 (KHTML, like Gecko) Chrome/23.0.1271.64 Safari/537.11"
67.194.15.125 - zeinz [13/Nov/2012:09:12:01 -0500] "GET /assets/application-eead062cf4bfb3cb3081a4c5cf6e0538.css HTTP/1.1" 304 245 "https://www.gradecraft.com/dashboard" "Mozilla/5.0 (Windows NT 6.1; WOW64) AppleWebKit/537.11 (KHTML, like Gecko) Chrome/23.0.1271.64 Safari/537.11"
67.194.15.125 - zeinz [13/Nov/2012:09:12:01 -0500] "GET /assets/application-9f660eabf71ba8890dbbc2052f1a72b3.js HTTP/1.1" 304 3278 "https://www.gradecraft.com/dashboard" "Mozilla/5.0 (Windows NT 6.1; WOW64) AppleWebKit/537.11 (KHTML, like Gecko) Chrome/23.0.1271.64 Safari/537.11"
67.194.15.125 - zeinz [13/Nov/2012:09:12:01 -0500] "GET /users/predictor.json?user_id=140 HTTP/1.1" 304 885 "https://www.gradecraft.com/dashboard" "Mozilla/5.0 (Windows NT 6.1; WOW64) AppleWebKit/537.11 (KHTML, like Gecko) Chrome/23.0.1271.64 Safari/537.11"
67.194.15.125 - zeinz [13/Nov/2012:09:12:01 -0500] "GET /badges/pos101/phoebe_badge.jpg HTTP/1.1" 404 4093 "https://www.gradecraft.com/dashboard" "Mozilla/5.0 (Windows NT 6.1; WOW64) AppleWebKit/537.11 (KHTML, like Gecko) Chrome/23.0.1271.64 Safari/537.11"
67.194.6.133 - aaabihai [13/Nov/2012:09:12:00 -0500] "GET / HTTP/1.1" 200 5220 "-" "Mozilla/5.0 (Macintosh; U; Intel Mac OS X 10_6_8; en-us) AppleWebKit/533.21.1 (KHTML, like Gecko) Version/5.0.5 Safari/533.21.1"
67.194.6.133 - aaabihai [13/Nov/2012:09:12:03 -0500] "GET /assets/application-eead062cf4bfb3cb3081a4c5cf6e0538.css HTTP/1.1" 200 49197 "https://www.gradecraft.com/" "Mozilla/5.0 (Macintosh; U; Intel Mac OS X 10_6_8; en-us) AppleWebKit/533.21.1 (KHTML, like Gecko) Version/5.0.5 Safari/533.21.1"
67.194.6.133 - aaabihai [13/Nov/2012:09:12:03 -0500] "GET /assets/application-9f660eabf71ba8890dbbc2052f1a72b3.js HTTP/1.1" 200 221367 "https://www.gradecraft.com/" "Mozilla/5.0 (Macintosh; U; Intel Mac OS X 10_6_8; en-us) AppleWebKit/533.21.1 (KHTML, like Gecko) Version/5.0.5 Safari/533.21.1"
67.194.125.146 - - [13/Nov/2012:09:12:03 -0500] "GET /dashboard HTTP/1.1" 302 3259 "-" "Mozilla/5.0 (Macintosh; Intel Mac OS X 10_8_2) AppleWebKit/536.26.14 (KHTML, like Gecko) Version/6.0.1 Safari/536.26.14"
67.194.15.125 - zeinz [13/Nov/2012:09:12:01 -0500] "GET /users/predictor.json?in_progress=true&user_id=140 HTTP/1.1" 304 885 "https://www.gradecraft.com/dashboard" "Mozilla/5.0 (Windows NT 6.1; WOW64) AppleWebKit/537.11 (KHTML, like Gecko) Chrome/23.0.1271.64 Safari/537.11"
67.194.6.133 - aaabihai [13/Nov/2012:09:12:04 -0500] "GET /badges/pos101/phoebe_badge.jpg HTTP/1.1" 404 1044 "https://www.gradecraft.com/" "Mozilla/5.0 (Macintosh; U; Intel Mac OS X 10_6_8; en-us) AppleWebKit/533.21.1 (KHTML, like Gecko) Version/5.0.5 Safari/533.21.1"
67.194.17.81 - allymd [13/Nov/2012:09:12:01 -0500] "GET /dashboard HTTP/1.1" 200 7750 "-" "Mozilla/5.0 (Macintosh; Intel Mac OS X 10_7_4) AppleWebKit/534.57.5 (KHTML, like Gecko) Version/5.1.7 Safari/534.57.4"
67.194.17.81 - allymd [13/Nov/2012:09:12:05 -0500] "GET /assets/application-eead062cf4bfb3cb3081a4c5cf6e0538.css HTTP/1.1" 200 49197 "https://www.gradecraft.com/dashboard" "Mozilla/5.0 (Macintosh; Intel Mac OS X 10_7_4) AppleWebKit/534.57.5 (KHTML, like Gecko) Version/5.1.7 Safari/534.57.4"
67.194.17.81 - allymd [13/Nov/2012:09:12:05 -0500] "GET /assets/application-9f660eabf71ba8890dbbc2052f1a72b3.js HTTP/1.1" 200 221367 "https://www.gradecraft.com/dashboard" "Mozilla/5.0 (Macintosh; Intel Mac OS X 10_7_4) AppleWebKit/534.57.5 (KHTML, like Gecko) Version/5.1.7 Safari/534.57.4"
67.194.6.133 - aaabihai [13/Nov/2012:09:12:04 -0500] "GET /users/predictor.json?in_progress=true&user_id=121 HTTP/1.1" 200 1610 "https://www.gradecraft.com/" "Mozilla/5.0 (Macintosh; U; Intel Mac OS X 10_6_8; en-us) AppleWebKit/533.21.1 (KHTML, like Gecko) Version/5.0.5 Safari/533.21.1"
67.194.6.133 - aaabihai [13/Nov/2012:09:12:04 -0500] "GET /users/predictor.json?user_id=121 HTTP/1.1" 200 1668 "https://www.gradecraft.com/" "Mozilla/5.0 (Macintosh; U; Intel Mac OS X 10_6_8; en-us) AppleWebKit/533.21.1 (KHTML, like Gecko) Version/5.0.5 Safari/533.21.1"
67.194.17.81 - allymd [13/Nov/2012:09:12:05 -0500] "GET /badges/pos101/phoebe_badge.jpg HTTP/1.1" 404 1198 "https://www.gradecraft.com/dashboard" "Mozilla/5.0 (Macintosh; Intel Mac OS X 10_7_4) AppleWebKit/534.57.5 (KHTML, like Gecko) Version/5.1.7 Safari/534.57.4"
67.194.125.146 - - [13/Nov/2012:09:12:08 -0500] "GET /cosign/valid?cosign-www.gradecraft.com=0ZUyUndtFEZsj6sl0cwB5q3v9w4G6QtPEFzG6Ygi58aHyVvqnm7QZy9z+LxDsmDY3YNHpEBearPRqz8AM3MHW3Agsn9uBrPLcvIp6cXbUuipWKHQDAVPlDvCYnQu&https://www.gradecraft.com/dashboard HTTP/1.1" 301 900 "https://weblogin.umich.edu/?cosign-www.gradecraft.com&https://www.gradecraft.com/dashboard" "Mozilla/5.0 (Macintosh; Intel Mac OS X 10_8_2) AppleWebKit/536.26.14 (KHTML, like Gecko) Version/6.0.1 Safari/536.26.14"
67.194.125.146 - efry [13/Nov/2012:09:12:08 -0500] "GET /dashboard HTTP/1.1" 302 1348 "https://weblogin.umich.edu/?cosign-www.gradecraft.com&https://www.gradecraft.com/dashboard" "Mozilla/5.0 (Macintosh; Intel Mac OS X 10_8_2) AppleWebKit/536.26.14 (KHTML, like Gecko) Version/6.0.1 Safari/536.26.14"
67.194.17.81 - allymd [13/Nov/2012:09:12:05 -0500] "GET /users/predictor.json?user_id=125 HTTP/1.1" 200 1610 "https://www.gradecraft.com/dashboard" "Mozilla/5.0 (Macintosh; Intel Mac OS X 10_7_4) AppleWebKit/534.57.5 (KHTML, like Gecko) Version/5.1.7 Safari/534.57.4"
67.194.17.81 - allymd [13/Nov/2012:09:12:05 -0500] "GET /users/predictor.json?in_progress=true&user_id=125 HTTP/1.1" 200 1626 "https://www.gradecraft.com/dashboard" "Mozilla/5.0 (Macintosh; Intel Mac OS X 10_7_4) AppleWebKit/534.57.5 (KHTML, like Gecko) Version/5.1.7 Safari/534.57.4"
67.194.125.146 - efry [13/Nov/2012:09:12:08 -0500] "GET /dashboard HTTP/1.1" 200 5268 "https://weblogin.umich.edu/?cosign-www.gradecraft.com&https://www.gradecraft.com/dashboard" "Mozilla/5.0 (Macintosh; Intel Mac OS X 10_8_2) AppleWebKit/536.26.14 (KHTML, like Gecko) Version/6.0.1 Safari/536.26.14"
67.194.125.146 - efry [13/Nov/2012:09:12:11 -0500] "GET /assets/application-eead062cf4bfb3cb3081a4c5cf6e0538.css HTTP/1.1" 200 49342 "https://www.gradecraft.com/dashboard" "Mozilla/5.0 (Macintosh; Intel Mac OS X 10_8_2) AppleWebKit/536.26.14 (KHTML, like Gecko) Version/6.0.1 Safari/536.26.14"
67.194.125.146 - efry [13/Nov/2012:09:12:11 -0500] "GET /assets/application-9f660eabf71ba8890dbbc2052f1a72b3.js HTTP/1.1" 200 221229 "https://www.gradecraft.com/dashboard" "Mozilla/5.0 (Macintosh; Intel Mac OS X 10_8_2) AppleWebKit/536.26.14 (KHTML, like Gecko) Version/6.0.1 Safari/536.26.14"
67.194.125.146 - efry [13/Nov/2012:09:12:11 -0500] "GET /badges/pos101/above_and_beyond.png HTTP/1.1" 200 6379 "https://www.gradecraft.com/dashboard" "Mozilla/5.0 (Macintosh; Intel Mac OS X 10_8_2) AppleWebKit/536.26.14 (KHTML, like Gecko) Version/6.0.1 Safari/536.26.14"
67.194.125.146 - efry [13/Nov/2012:09:12:11 -0500] "GET /badges/pos101/always_learning.png HTTP/1.1" 200 3211 "https://www.gradecraft.com/dashboard" "Mozilla/5.0 (Macintosh; Intel Mac OS X 10_8_2) AppleWebKit/536.26.14 (KHTML, like Gecko) Version/6.0.1 Safari/536.26.14"
67.194.125.146 - efry [13/Nov/2012:09:12:11 -0500] "GET /badges/pos101/awesome_aggregator.png HTTP/1.1" 200 5803 "https://www.gradecraft.com/dashboard" "Mozilla/5.0 (Macintosh; Intel Mac OS X 10_8_2) AppleWebKit/536.26.14 (KHTML, like Gecko) Version/6.0.1 Safari/536.26.14"
67.194.125.146 - efry [13/Nov/2012:09:12:11 -0500] "GET /badges/pos101/great_critic.png HTTP/1.1" 200 5451 "https://www.gradecraft.com/dashboard" "Mozilla/5.0 (Macintosh; Intel Mac OS X 10_8_2) AppleWebKit/536.26.14 (KHTML, like Gecko) Version/6.0.1 Safari/536.26.14"
67.194.125.146 - efry [13/Nov/2012:09:12:11 -0500] "GET /badges/pos101/presentation_of_self.png HTTP/1.1" 200 5498 "https://www.gradecraft.com/dashboard" "Mozilla/5.0 (Macintosh; Intel Mac OS X 10_8_2) AppleWebKit/536.26.14 (KHTML, like Gecko) Version/6.0.1 Safari/536.26.14"
67.194.125.146 - efry [13/Nov/2012:09:12:11 -0500] "GET /badges/pos101/teachers_pet.png HTTP/1.1" 200 3194 "https://www.gradecraft.com/dashboard" "Mozilla/5.0 (Macintosh; Intel Mac OS X 10_8_2) AppleWebKit/536.26.14 (KHTML, like Gecko) Version/6.0.1 Safari/536.26.14"
67.194.125.146 - efry [13/Nov/2012:09:12:11 -0500] "GET /badges/pos101/concentrator.png HTTP/1.1" 200 3594 "https://www.gradecraft.com/dashboard" "Mozilla/5.0 (Macintosh; Intel Mac OS X 10_8_2) AppleWebKit/536.26.14 (KHTML, like Gecko) Version/6.0.1 Safari/536.26.14"
67.194.125.146 - efry [13/Nov/2012:09:12:11 -0500] "GET /badges/pos101/examination_expert.png HTTP/1.1" 200 4042 "https://www.gradecraft.com/dashboard" "Mozilla/5.0 (Macintosh; Intel Mac OS X 10_8_2) AppleWebKit/536.26.14 (KHTML, like Gecko) Version/6.0.1 Safari/536.26.14"
67.194.125.146 - efry [13/Nov/2012:09:12:11 -0500] "GET /badges/pos101/courageous_failure.png HTTP/1.1" 200 8410 "https://www.gradecraft.com/dashboard" "Mozilla/5.0 (Macintosh; Intel Mac OS X 10_8_2) AppleWebKit/536.26.14 (KHTML, like Gecko) Version/6.0.1 Safari/536.26.14"
67.194.125.146 - efry [13/Nov/2012:09:12:11 -0500] "GET /badges/pos101/early_bird_special.png HTTP/1.1" 200 4602 "https://www.gradecraft.com/dashboard" "Mozilla/5.0 (Macintosh; Intel Mac OS X 10_8_2) AppleWebKit/536.26.14 (KHTML, like Gecko) Version/6.0.1 Safari/536.26.14"
67.194.125.146 - efry [13/Nov/2012:09:12:11 -0500] "GET /badges/pos101/gaining_experience.png HTTP/1.1" 200 8458 "https://www.gradecraft.com/dashboard" "Mozilla/5.0 (Macintosh; Intel Mac OS X 10_8_2) AppleWebKit/536.26.14 (KHTML, like Gecko) Version/6.0.1 Safari/536.26.14"
67.194.125.146 - efry [13/Nov/2012:09:12:11 -0500] "GET /badges/pos101/learning_from_mistakes.png HTTP/1.1" 200 8362 "https://www.gradecraft.com/dashboard" "Mozilla/5.0 (Macintosh; Intel Mac OS X 10_8_2) AppleWebKit/536.26.14 (KHTML, like Gecko) Version/6.0.1 Safari/536.26.14"
67.194.125.146 - efry [13/Nov/2012:09:12:11 -0500] "GET /badges/pos101/gamer.png HTTP/1.1" 200 4378 "https://www.gradecraft.com/dashboard" "Mozilla/5.0 (Macintosh; Intel Mac OS X 10_8_2) AppleWebKit/536.26.14 (KHTML, like Gecko) Version/6.0.1 Safari/536.26.14"
67.194.125.146 - efry [13/Nov/2012:09:12:11 -0500] "GET /badges/pos101/level_one.png HTTP/1.1" 200 4458 "https://www.gradecraft.com/dashboard" "Mozilla/5.0 (Macintosh; Intel Mac OS X 10_8_2) AppleWebKit/536.26.14 (KHTML, like Gecko) Version/6.0.1 Safari/536.26.14"
67.194.125.146 - efry [13/Nov/2012:09:12:11 -0500] "GET /badges/pos101/personal.png HTTP/1.1" 200 4474 "https://www.gradecraft.com/dashboard" "Mozilla/5.0 (Macintosh; Intel Mac OS X 10_8_2) AppleWebKit/536.26.14 (KHTML, like Gecko) Version/6.0.1 Safari/536.26.14"
67.194.125.146 - efry [13/Nov/2012:09:12:11 -0500] "GET /badges/pos101/practice_makes_perfect.png HTTP/1.1" 200 6010 "https://www.gradecraft.com/dashboard" "Mozilla/5.0 (Macintosh; Intel Mac OS X 10_8_2) AppleWebKit/536.26.14 (KHTML, like Gecko) Version/6.0.1 Safari/536.26.14"
67.194.125.146 - efry [13/Nov/2012:09:12:11 -0500] "GET /badges/pos101/participatory_democrat.png HTTP/1.1" 200 5354 "https://www.gradecraft.com/dashboard" "Mozilla/5.0 (Macintosh; Intel Mac OS X 10_8_2) AppleWebKit/536.26.14 (KHTML, like Gecko) Version/6.0.1 Safari/536.26.14"
67.194.125.146 - efry [13/Nov/2012:09:12:11 -0500] "GET /badges/pos101/public_speaker.png HTTP/1.1" 200 5482 "https://www.gradecraft.com/dashboard" "Mozilla/5.0 (Macintosh; Intel Mac OS X 10_8_2) AppleWebKit/536.26.14 (KHTML, like Gecko) Version/6.0.1 Safari/536.26.14"
67.194.125.146 - efry [13/Nov/2012:09:12:11 -0500] "GET /badges/pos101/scribe.png HTTP/1.1" 200 3002 "https://www.gradecraft.com/dashboard" "Mozilla/5.0 (Macintosh; Intel Mac OS X 10_8_2) AppleWebKit/536.26.14 (KHTML, like Gecko) Version/6.0.1 Safari/536.26.14"
67.194.125.146 - efry [13/Nov/2012:09:12:11 -0500] "GET /badges/pos101/times_immemorial.png HTTP/1.1" 200 5722 "https://www.gradecraft.com/dashboard" "Mozilla/5.0 (Macintosh; Intel Mac OS X 10_8_2) AppleWebKit/536.26.14 (KHTML, like Gecko) Version/6.0.1 Safari/536.26.14"
67.194.125.146 - efry [13/Nov/2012:09:12:11 -0500] "GET /badges/pos101/phoebe_badge.jpg HTTP/1.1" 404 1044 "https://www.gradecraft.com/dashboard" "Mozilla/5.0 (Macintosh; Intel Mac OS X 10_8_2) AppleWebKit/536.26.14 (KHTML, like Gecko) Version/6.0.1 Safari/536.26.14"
67.194.125.146 - efry [13/Nov/2012:09:12:11 -0500] "GET /users/predictor.json?in_progress=true&user_id=129 HTTP/1.1" 200 1626 "https://www.gradecraft.com/dashboard" "Mozilla/5.0 (Macintosh; Intel Mac OS X 10_8_2) AppleWebKit/536.26.14 (KHTML, like Gecko) Version/6.0.1 Safari/536.26.14"
67.194.125.146 - efry [13/Nov/2012:09:12:11 -0500] "GET /users/predictor.json?user_id=129 HTTP/1.1" 200 1626 "https://www.gradecraft.com/dashboard" "Mozilla/5.0 (Macintosh; Intel Mac OS X 10_8_2) AppleWebKit/536.26.14 (KHTML, like Gecko) Version/6.0.1 Safari/536.26.14"
67.194.69.71 - - [13/Nov/2012:09:12:15 -0500] "GET / HTTP/1.1" 302 3254 "https://sites.google.com/a/umich.edu/polsci101f2012/" "Mozilla/5.0 (Macintosh; Intel Mac OS X 10_7_3) AppleWebKit/534.54.16 (KHTML, like Gecko) Version/5.1.4 Safari/534.54.16"
67.194.76.48 - mmanty [13/Nov/2012:09:12:17 -0500] "GET /users/73 HTTP/1.1" 200 8427 "https://www.gradecraft.com/assignments/116" "Mozilla/5.0 (iPad; CPU OS 5_1_1 like Mac OS X) AppleWebKit/534.46 (KHTML, like Gecko) Version/5.1 Mobile/9B206 Safari/7534.48.3"
67.194.76.48 - mmanty [13/Nov/2012:09:12:21 -0500] "GET /badges/pos101/always_learning.png HTTP/1.1" 200 3066 "https://www.gradecraft.com/users/73" "Mozilla/5.0 (iPad; CPU OS 5_1_1 like Mac OS X) AppleWebKit/534.46 (KHTML, like Gecko) Version/5.1 Mobile/9B206 Safari/7534.48.3"
67.194.76.48 - mmanty [13/Nov/2012:09:12:21 -0500] "GET /badges/pos101/awesome_aggregator.png HTTP/1.1" 200 5658 "https://www.gradecraft.com/users/73" "Mozilla/5.0 (iPad; CPU OS 5_1_1 like Mac OS X) AppleWebKit/534.46 (KHTML, like Gecko) Version/5.1 Mobile/9B206 Safari/7534.48.3"
67.194.76.48 - mmanty [13/Nov/2012:09:12:21 -0500] "GET /badges/pos101/above_and_beyond.png HTTP/1.1" 200 6379 "https://www.gradecraft.com/users/73" "Mozilla/5.0 (iPad; CPU OS 5_1_1 like Mac OS X) AppleWebKit/534.46 (KHTML, like Gecko) Version/5.1 Mobile/9B206 Safari/7534.48.3"
67.194.76.48 - mmanty [13/Nov/2012:09:12:21 -0500] "GET /badges/pos101/presentation_of_self.png HTTP/1.1" 200 5498 "https://www.gradecraft.com/users/73" "Mozilla/5.0 (iPad; CPU OS 5_1_1 like Mac OS X) AppleWebKit/534.46 (KHTML, like Gecko) Version/5.1 Mobile/9B206 Safari/7534.48.3"
67.194.76.48 - mmanty [13/Nov/2012:09:12:21 -0500] "GET /badges/pos101/great_critic.png HTTP/1.1" 200 5451 "https://www.gradecraft.com/users/73" "Mozilla/5.0 (iPad; CPU OS 5_1_1 like Mac OS X) AppleWebKit/534.46 (KHTML, like Gecko) Version/5.1 Mobile/9B206 Safari/7534.48.3"
67.194.76.48 - mmanty [13/Nov/2012:09:12:21 -0500] "GET /badges/pos101/teachers_pet.png HTTP/1.1" 200 3194 "https://www.gradecraft.com/users/73" "Mozilla/5.0 (iPad; CPU OS 5_1_1 like Mac OS X) AppleWebKit/534.46 (KHTML, like Gecko) Version/5.1 Mobile/9B206 Safari/7534.48.3"
67.194.69.71 - - [13/Nov/2012:09:12:21 -0500] "GET /cosign/valid?cosign-www.gradecraft.com=JFkDL6H0huIoKFAHKw246emLQZkwPwwXqtUxzS4LlTbM7AlClAjC1CljWqK2xhTAt8xtT-970giV+yXf1LgOljgYU+Qoyhow2RAVlcoynS5AP4Qh2g-l6C972xFG&https://www.gradecraft.com/ HTTP/1.1" 301 868 "https://weblogin.umich.edu/?cosign-www.gradecraft.com&https://www.gradecraft.com/" "Mozilla/5.0 (Macintosh; Intel Mac OS X 10_7_3) AppleWebKit/534.54.16 (KHTML, like Gecko) Version/5.1.4 Safari/534.54.16"
67.194.76.48 - mmanty [13/Nov/2012:09:12:21 -0500] "GET /badges/pos101/concentrator.png HTTP/1.1" 200 3594 "https://www.gradecraft.com/users/73" "Mozilla/5.0 (iPad; CPU OS 5_1_1 like Mac OS X) AppleWebKit/534.46 (KHTML, like Gecko) Version/5.1 Mobile/9B206 Safari/7534.48.3"
67.194.76.48 - mmanty [13/Nov/2012:09:12:21 -0500] "GET /badges/pos101/courageous_failure.png HTTP/1.1" 200 8410 "https://www.gradecraft.com/users/73" "Mozilla/5.0 (iPad; CPU OS 5_1_1 like Mac OS X) AppleWebKit/534.46 (KHTML, like Gecko) Version/5.1 Mobile/9B206 Safari/7534.48.3"
67.194.76.48 - mmanty [13/Nov/2012:09:12:21 -0500] "GET /badges/pos101/gamer.png HTTP/1.1" 200 4378 "https://www.gradecraft.com/users/73" "Mozilla/5.0 (iPad; CPU OS 5_1_1 like Mac OS X) AppleWebKit/534.46 (KHTML, like Gecko) Version/5.1 Mobile/9B206 Safari/7534.48.3"
67.194.76.48 - mmanty [13/Nov/2012:09:12:21 -0500] "GET /badges/pos101/learning_from_mistakes.png HTTP/1.1" 200 8362 "https://www.gradecraft.com/users/73" "Mozilla/5.0 (iPad; CPU OS 5_1_1 like Mac OS X) AppleWebKit/534.46 (KHTML, like Gecko) Version/5.1 Mobile/9B206 Safari/7534.48.3"
67.194.76.48 - mmanty [13/Nov/2012:09:12:21 -0500] "GET /badges/pos101/examination_expert.png HTTP/1.1" 200 4187 "https://www.gradecraft.com/users/73" "Mozilla/5.0 (iPad; CPU OS 5_1_1 like Mac OS X) AppleWebKit/534.46 (KHTML, like Gecko) Version/5.1 Mobile/9B206 Safari/7534.48.3"
67.194.76.48 - mmanty [13/Nov/2012:09:12:21 -0500] "GET /badges/pos101/level_one.png HTTP/1.1" 200 4458 "https://www.gradecraft.com/users/73" "Mozilla/5.0 (iPad; CPU OS 5_1_1 like Mac OS X) AppleWebKit/534.46 (KHTML, like Gecko) Version/5.1 Mobile/9B206 Safari/7534.48.3"
67.194.76.48 - mmanty [13/Nov/2012:09:12:21 -0500] "GET /badges/pos101/early_bird_special.png HTTP/1.1" 200 4747 "https://www.gradecraft.com/users/73" "Mozilla/5.0 (iPad; CPU OS 5_1_1 like Mac OS X) AppleWebKit/534.46 (KHTML, like Gecko) Version/5.1 Mobile/9B206 Safari/7534.48.3"
67.194.76.48 - mmanty [13/Nov/2012:09:12:21 -0500] "GET /badges/pos101/personal.png HTTP/1.1" 200 4474 "https://www.gradecraft.com/users/73" "Mozilla/5.0 (iPad; CPU OS 5_1_1 like Mac OS X) AppleWebKit/534.46 (KHTML, like Gecko) Version/5.1 Mobile/9B206 Safari/7534.48.3"
67.194.76.48 - mmanty [13/Nov/2012:09:12:21 -0500] "GET /badges/pos101/public_speaker.png HTTP/1.1" 200 5482 "https://www.gradecraft.com/users/73" "Mozilla/5.0 (iPad; CPU OS 5_1_1 like Mac OS X) AppleWebKit/534.46 (KHTML, like Gecko) Version/5.1 Mobile/9B206 Safari/7534.48.3"
67.194.76.48 - mmanty [13/Nov/2012:09:12:21 -0500] "GET /badges/pos101/scribe.png HTTP/1.1" 200 3002 "https://www.gradecraft.com/users/73" "Mozilla/5.0 (iPad; CPU OS 5_1_1 like Mac OS X) AppleWebKit/534.46 (KHTML, like Gecko) Version/5.1 Mobile/9B206 Safari/7534.48.3"
67.194.76.48 - mmanty [13/Nov/2012:09:12:21 -0500] "GET /badges/pos101/times_immemorial.png HTTP/1.1" 200 5722 "https://www.gradecraft.com/users/73" "Mozilla/5.0 (iPad; CPU OS 5_1_1 like Mac OS X) AppleWebKit/534.46 (KHTML, like Gecko) Version/5.1 Mobile/9B206 Safari/7534.48.3"
67.194.76.48 - mmanty [13/Nov/2012:09:12:21 -0500] "GET /badges/pos101/participatory_democrat.png HTTP/1.1" 200 5354 "https://www.gradecraft.com/users/73" "Mozilla/5.0 (iPad; CPU OS 5_1_1 like Mac OS X) AppleWebKit/534.46 (KHTML, like Gecko) Version/5.1 Mobile/9B206 Safari/7534.48.3"
67.194.76.48 - mmanty [13/Nov/2012:09:12:21 -0500] "GET /badges/pos101/practice_makes_perfect.png HTTP/1.1" 200 6010 "https://www.gradecraft.com/users/73" "Mozilla/5.0 (iPad; CPU OS 5_1_1 like Mac OS X) AppleWebKit/534.46 (KHTML, like Gecko) Version/5.1 Mobile/9B206 Safari/7534.48.3"
67.194.76.48 - mmanty [13/Nov/2012:09:12:21 -0500] "GET /badges/pos101/phoebe_badge.jpg HTTP/1.1" 404 1044 "https://www.gradecraft.com/users/73" "Mozilla/5.0 (iPad; CPU OS 5_1_1 like Mac OS X) AppleWebKit/534.46 (KHTML, like Gecko) Version/5.1 Mobile/9B206 Safari/7534.48.3"
67.194.76.48 - mmanty [13/Nov/2012:09:12:21 -0500] "GET /badges/pos101/gaining_experience.png HTTP/1.1" 200 8603 "https://www.gradecraft.com/users/73" "Mozilla/5.0 (iPad; CPU OS 5_1_1 like Mac OS X) AppleWebKit/534.46 (KHTML, like Gecko) Version/5.1 Mobile/9B206 Safari/7534.48.3"
67.194.76.48 - mmanty [13/Nov/2012:09:12:22 -0500] "GET /users/predictor.json?in_progress=true&user_id=73 HTTP/1.1" 200 1594 "https://www.gradecraft.com/users/73" "Mozilla/5.0 (iPad; CPU OS 5_1_1 like Mac OS X) AppleWebKit/534.46 (KHTML, like Gecko) Version/5.1 Mobile/9B206 Safari/7534.48.3"
67.194.69.71 - malinid [13/Nov/2012:09:12:21 -0500] "GET / HTTP/1.1" 200 5172 "https://weblogin.umich.edu/?cosign-www.gradecraft.com&https://www.gradecraft.com/" "Mozilla/5.0 (Macintosh; Intel Mac OS X 10_7_3) AppleWebKit/534.54.16 (KHTML, like Gecko) Version/5.1.4 Safari/534.54.16"
67.194.69.71 - malinid [13/Nov/2012:09:12:23 -0500] "GET /assets/application-eead062cf4bfb3cb3081a4c5cf6e0538.css HTTP/1.1" 200 49197 "https://www.gradecraft.com/" "Mozilla/5.0 (Macintosh; Intel Mac OS X 10_7_3) AppleWebKit/534.54.16 (KHTML, like Gecko) Version/5.1.4 Safari/534.54.16"
67.194.69.71 - malinid [13/Nov/2012:09:12:23 -0500] "GET /assets/application-9f660eabf71ba8890dbbc2052f1a72b3.js HTTP/1.1" 200 221367 "https://www.gradecraft.com/" "Mozilla/5.0 (Macintosh; Intel Mac OS X 10_7_3) AppleWebKit/534.54.16 (KHTML, like Gecko) Version/5.1.4 Safari/534.54.16"
67.194.69.71 - malinid [13/Nov/2012:09:12:24 -0500] "GET /badges/pos101/always_learning.png HTTP/1.1" 200 3204 "https://www.gradecraft.com/" "Mozilla/5.0 (Macintosh; Intel Mac OS X 10_7_3) AppleWebKit/534.54.16 (KHTML, like Gecko) Version/5.1.4 Safari/534.54.16"
67.194.69.71 - malinid [13/Nov/2012:09:12:24 -0500] "GET /badges/pos101/above_and_beyond.png HTTP/1.1" 200 6372 "https://www.gradecraft.com/" "Mozilla/5.0 (Macintosh; Intel Mac OS X 10_7_3) AppleWebKit/534.54.16 (KHTML, like Gecko) Version/5.1.4 Safari/534.54.16"
67.194.69.71 - malinid [13/Nov/2012:09:12:24 -0500] "GET /badges/pos101/awesome_aggregator.png HTTP/1.1" 200 5796 "https://www.gradecraft.com/" "Mozilla/5.0 (Macintosh; Intel Mac OS X 10_7_3) AppleWebKit/534.54.16 (KHTML, like Gecko) Version/5.1.4 Safari/534.54.16"
67.194.69.71 - malinid [13/Nov/2012:09:12:24 -0500] "GET /badges/pos101/great_critic.png HTTP/1.1" 200 5444 "https://www.gradecraft.com/" "Mozilla/5.0 (Macintosh; Intel Mac OS X 10_7_3) AppleWebKit/534.54.16 (KHTML, like Gecko) Version/5.1.4 Safari/534.54.16"
67.194.69.71 - malinid [13/Nov/2012:09:12:24 -0500] "GET /badges/pos101/presentation_of_self.png HTTP/1.1" 200 5498 "https://www.gradecraft.com/" "Mozilla/5.0 (Macintosh; Intel Mac OS X 10_7_3) AppleWebKit/534.54.16 (KHTML, like Gecko) Version/5.1.4 Safari/534.54.16"
