67.194.209.253 - barnesbr [23/Oct/2012:11:12:50 -0400] "GET /badges/pos101/gaining_experience.png HTTP/1.1" 200 8458 "https://www.gradecraft.com/dashboard" "Mozilla/5.0 (Macintosh; Intel Mac OS X 10_7_4) AppleWebKit/536.25 (KHTML, like Gecko) Version/6.0 Safari/536.25"
67.194.209.253 - barnesbr [23/Oct/2012:11:12:50 -0400] "GET /badges/pos101/gamer.png HTTP/1.1" 200 4378 "https://www.gradecraft.com/dashboard" "Mozilla/5.0 (Macintosh; Intel Mac OS X 10_7_4) AppleWebKit/536.25 (KHTML, like Gecko) Version/6.0 Safari/536.25"
67.194.209.253 - barnesbr [23/Oct/2012:11:12:50 -0400] "GET /badges/pos101/learning_from_mistakes.png HTTP/1.1" 200 8362 "https://www.gradecraft.com/dashboard" "Mozilla/5.0 (Macintosh; Intel Mac OS X 10_7_4) AppleWebKit/536.25 (KHTML, like Gecko) Version/6.0 Safari/536.25"
67.194.209.253 - barnesbr [23/Oct/2012:11:12:50 -0400] "GET /badges/pos101/level_one.png HTTP/1.1" 200 4458 "https://www.gradecraft.com/dashboard" "Mozilla/5.0 (Macintosh; Intel Mac OS X 10_7_4) AppleWebKit/536.25 (KHTML, like Gecko) Version/6.0 Safari/536.25"
67.194.209.253 - barnesbr [23/Oct/2012:11:12:50 -0400] "GET /badges/pos101/personal.png HTTP/1.1" 200 4474 "https://www.gradecraft.com/dashboard" "Mozilla/5.0 (Macintosh; Intel Mac OS X 10_7_4) AppleWebKit/536.25 (KHTML, like Gecko) Version/6.0 Safari/536.25"
67.194.209.253 - barnesbr [23/Oct/2012:11:12:50 -0400] "GET /badges/pos101/participatory_democrat.png HTTP/1.1" 200 5354 "https://www.gradecraft.com/dashboard" "Mozilla/5.0 (Macintosh; Intel Mac OS X 10_7_4) AppleWebKit/536.25 (KHTML, like Gecko) Version/6.0 Safari/536.25"
67.194.209.253 - barnesbr [23/Oct/2012:11:12:50 -0400] "GET /badges/pos101/practice_makes_perfect.png HTTP/1.1" 200 6010 "https://www.gradecraft.com/dashboard" "Mozilla/5.0 (Macintosh; Intel Mac OS X 10_7_4) AppleWebKit/536.25 (KHTML, like Gecko) Version/6.0 Safari/536.25"
67.194.209.253 - barnesbr [23/Oct/2012:11:12:50 -0400] "GET /badges/pos101/public_speaker.png HTTP/1.1" 200 5482 "https://www.gradecraft.com/dashboard" "Mozilla/5.0 (Macintosh; Intel Mac OS X 10_7_4) AppleWebKit/536.25 (KHTML, like Gecko) Version/6.0 Safari/536.25"
67.194.209.253 - barnesbr [23/Oct/2012:11:12:50 -0400] "GET /badges/pos101/scribe.png HTTP/1.1" 200 3002 "https://www.gradecraft.com/dashboard" "Mozilla/5.0 (Macintosh; Intel Mac OS X 10_7_4) AppleWebKit/536.25 (KHTML, like Gecko) Version/6.0 Safari/536.25"
67.194.209.253 - barnesbr [23/Oct/2012:11:12:50 -0400] "GET /badges/pos101/times_immemorial.png HTTP/1.1" 200 5722 "https://www.gradecraft.com/dashboard" "Mozilla/5.0 (Macintosh; Intel Mac OS X 10_7_4) AppleWebKit/536.25 (KHTML, like Gecko) Version/6.0 Safari/536.25"
67.194.209.253 - barnesbr [23/Oct/2012:11:12:50 -0400] "GET /badges/pos101/phoebe_badge.jpg HTTP/1.1" 200 5994 "https://www.gradecraft.com/dashboard" "Mozilla/5.0 (Macintosh; Intel Mac OS X 10_7_4) AppleWebKit/536.25 (KHTML, like Gecko) Version/6.0 Safari/536.25"
67.194.209.253 - barnesbr [23/Oct/2012:11:12:50 -0400] "GET /users/predictor.json?user_id=162 HTTP/1.1" 200 1610 "https://www.gradecraft.com/dashboard" "Mozilla/5.0 (Macintosh; Intel Mac OS X 10_7_4) AppleWebKit/536.25 (KHTML, like Gecko) Version/6.0 Safari/536.25"
67.194.209.253 - barnesbr [23/Oct/2012:11:12:50 -0400] "GET /users/predictor.json?in_progress=true&user_id=162 HTTP/1.1" 200 1610 "https://www.gradecraft.com/dashboard" "Mozilla/5.0 (Macintosh; Intel Mac OS X 10_7_4) AppleWebKit/536.25 (KHTML, like Gecko) Version/6.0 Safari/536.25"
67.194.218.105 - - [23/Oct/2012:11:13:14 -0400] "GET / HTTP/1.1" 302 3259 "https://sites.google.com/a/umich.edu/polsci101f2012/" "Mozilla/5.0 (iPad; CPU OS 6_0 like Mac OS X) AppleWebKit/536.26 (KHTML, like Gecko) Version/6.0 Mobile/10A403 Safari/8536.25"
67.194.218.105 - - [23/Oct/2012:11:13:14 -0400] "GET /cosign/valid?cosign-www.gradecraft.com=i-OVdZb4MJWITfqMxlv6JZZ4zS7O52cNAtkJ9sJ71fZLcIMuFxO5g33NmD4BF6O1leebOqWFXjiwHKX5IbN4hAHW6EJsvX4lpyYHuGDidscfaTmJR0wB1avcwaxv&https://www.gradecraft.com/ HTTP/1.1" 301 868 "https://sites.google.com/a/umich.edu/polsci101f2012/" "Mozilla/5.0 (iPad; CPU OS 6_0 like Mac OS X) AppleWebKit/536.26 (KHTML, like Gecko) Version/6.0 Mobile/10A403 Safari/8536.25"
67.194.218.105 - - [23/Oct/2012:11:13:15 -0400] "GET / HTTP/1.1" 302 756 "https://sites.google.com/a/umich.edu/polsci101f2012/" "Mozilla/5.0 (iPad; CPU OS 6_0 like Mac OS X) AppleWebKit/536.26 (KHTML, like Gecko) Version/6.0 Mobile/10A403 Safari/8536.25"
67.194.218.105 - - [23/Oct/2012:11:13:15 -0400] "GET /cosign/valid?cosign-www.gradecraft.com=6g-TL1STpgmKrmGdbya9bjWKE1BAmnY+3UQbqfLWhg1vQym0Exc80rhb1Ce9HP4fFP0CDA8dSPpIpNocavDMG4JhpZhZTKU01HewIbG2GsgqMRQKDRp58a5md5So&https://www.gradecraft.com/ HTTP/1.1" 301 868 "https://sites.google.com/a/umich.edu/polsci101f2012/" "Mozilla/5.0 (iPad; CPU OS 6_0 like Mac OS X) AppleWebKit/536.26 (KHTML, like Gecko) Version/6.0 Mobile/10A403 Safari/8536.25"
67.194.218.105 - - [23/Oct/2012:11:13:15 -0400] "GET / HTTP/1.1" 302 756 "https://sites.google.com/a/umich.edu/polsci101f2012/" "Mozilla/5.0 (iPad; CPU OS 6_0 like Mac OS X) AppleWebKit/536.26 (KHTML, like Gecko) Version/6.0 Mobile/10A403 Safari/8536.25"
67.194.218.105 - - [23/Oct/2012:11:13:15 -0400] "GET /cosign/valid?cosign-www.gradecraft.com=t1GW3qsUqYQTB4cnkptlrlKrEqpkYTX6rgKGycvKYBtlOD9FZft8ehDnc3HQflwoYBHBA8EHmMe8h1qji0761lYtz7A+T75qntR4aYgvpoOBucpmUAtmI0kaFLrS&https://www.gradecraft.com/ HTTP/1.1" 301 868 "https://sites.google.com/a/umich.edu/polsci101f2012/" "Mozilla/5.0 (iPad; CPU OS 6_0 like Mac OS X) AppleWebKit/536.26 (KHTML, like Gecko) Version/6.0 Mobile/10A403 Safari/8536.25"
67.194.218.105 - - [23/Oct/2012:11:13:15 -0400] "GET / HTTP/1.1" 302 756 "https://sites.google.com/a/umich.edu/polsci101f2012/" "Mozilla/5.0 (iPad; CPU OS 6_0 like Mac OS X) AppleWebKit/536.26 (KHTML, like Gecko) Version/6.0 Mobile/10A403 Safari/8536.25"
67.194.218.105 - - [23/Oct/2012:11:13:15 -0400] "GET /cosign/valid?cosign-www.gradecraft.com=2rta0uYi5Vig9y-kVVk973QOomniW+laOyE2nN1hBTjV-rw-Fhp0KNc9YAlpz4D0lhFNYw-zH4oTAYD3MBCu8ENCGZBjylDvX8cCet35s8YJoztTkjYLNc3VcZ4b&https://www.gradecraft.com/ HTTP/1.1" 301 868 "https://sites.google.com/a/umich.edu/polsci101f2012/" "Mozilla/5.0 (iPad; CPU OS 6_0 like Mac OS X) AppleWebKit/536.26 (KHTML, like Gecko) Version/6.0 Mobile/10A403 Safari/8536.25"
67.194.218.105 - - [23/Oct/2012:11:13:15 -0400] "GET / HTTP/1.1" 302 756 "https://sites.google.com/a/umich.edu/polsci101f2012/" "Mozilla/5.0 (iPad; CPU OS 6_0 like Mac OS X) AppleWebKit/536.26 (KHTML, like Gecko) Version/6.0 Mobile/10A403 Safari/8536.25"
67.194.218.105 - - [23/Oct/2012:11:13:16 -0400] "GET /cosign/valid?cosign-www.gradecraft.com=VPMhGWpOCCmy9rGZVh0TefJJ39hn0mQgI3hoFR+LRaO-sa0B6Fsjsx5sJeMYY8VdvWSZvWwDOqyTuXeCX2akHhfJlO+57Ru1TsG2Ue9SkEDDulw2BG8SplXeeDRI&https://www.gradecraft.com/ HTTP/1.1" 301 868 "https://sites.google.com/a/umich.edu/polsci101f2012/" "Mozilla/5.0 (iPad; CPU OS 6_0 like Mac OS X) AppleWebKit/536.26 (KHTML, like Gecko) Version/6.0 Mobile/10A403 Safari/8536.25"
67.194.218.105 - - [23/Oct/2012:11:13:16 -0400] "GET / HTTP/1.1" 302 756 "https://sites.google.com/a/umich.edu/polsci101f2012/" "Mozilla/5.0 (iPad; CPU OS 6_0 like Mac OS X) AppleWebKit/536.26 (KHTML, like Gecko) Version/6.0 Mobile/10A403 Safari/8536.25"
67.194.218.105 - - [23/Oct/2012:11:13:24 -0400] "GET / HTTP/1.1" 302 756 "https://sites.google.com/a/umich.edu/polsci101f2012/" "Mozilla/5.0 (iPad; CPU OS 6_0 like Mac OS X) AppleWebKit/536.26 (KHTML, like Gecko) Version/6.0 Mobile/10A403 Safari/8536.25"
67.194.218.105 - - [23/Oct/2012:11:13:24 -0400] "GET /cosign/valid?cosign-www.gradecraft.com=v+L0fQYZi2mT3u7QrZN2VFAY81ECCy4CvC+zDLaZGMu0n8NaRoG9eyvEVnDMsoa-JBMMyW2hDdlnUV6WTtaDmBohcRVuwvA8IA4QfZUmUzcDfHaVGpNA4KQmnP2y&https://www.gradecraft.com/ HTTP/1.1" 301 868 "https://sites.google.com/a/umich.edu/polsci101f2012/" "Mozilla/5.0 (iPad; CPU OS 6_0 like Mac OS X) AppleWebKit/536.26 (KHTML, like Gecko) Version/6.0 Mobile/10A403 Safari/8536.25"
67.194.218.105 - - [23/Oct/2012:11:13:24 -0400] "GET / HTTP/1.1" 302 756 "https://sites.google.com/a/umich.edu/polsci101f2012/" "Mozilla/5.0 (iPad; CPU OS 6_0 like Mac OS X) AppleWebKit/536.26 (KHTML, like Gecko) Version/6.0 Mobile/10A403 Safari/8536.25"
67.194.218.105 - - [23/Oct/2012:11:13:24 -0400] "GET /cosign/valid?cosign-www.gradecraft.com=PWM6oCub-cwek+vMsNzoRwQCYFSIqIzwXJ5qPwJeYYPY6VdutKbyIhIWXZZugqFYPU-w6EMke+9r51WqCcLBxCpeSm8CqB-mWLybx4SDngX8Y1SWvEPse5F05PNJ&https://www.gradecraft.com/ HTTP/1.1" 301 868 "https://sites.google.com/a/umich.edu/polsci101f2012/" "Mozilla/5.0 (iPad; CPU OS 6_0 like Mac OS X) AppleWebKit/536.26 (KHTML, like Gecko) Version/6.0 Mobile/10A403 Safari/8536.25"
67.194.218.105 - - [23/Oct/2012:11:13:24 -0400] "GET / HTTP/1.1" 302 756 "https://sites.google.com/a/umich.edu/polsci101f2012/" "Mozilla/5.0 (iPad; CPU OS 6_0 like Mac OS X) AppleWebKit/536.26 (KHTML, like Gecko) Version/6.0 Mobile/10A403 Safari/8536.25"
67.194.218.105 - - [23/Oct/2012:11:13:24 -0400] "GET /cosign/valid?cosign-www.gradecraft.com=rpF36yz36GswtsvXwSlZor-6G44PXyuwZVHaHJu92f2nhQxreabp6Zc3mwLWGBo3gVrWzNYRhEfRYqY7pHezA8WMSXSIZonM6dCPqJ17oWaG9R4Qs3b62wlBSEu8&https://www.gradecraft.com/ HTTP/1.1" 301 868 "https://sites.google.com/a/umich.edu/polsci101f2012/" "Mozilla/5.0 (iPad; CPU OS 6_0 like Mac OS X) AppleWebKit/536.26 (KHTML, like Gecko) Version/6.0 Mobile/10A403 Safari/8536.25"
67.194.218.105 - - [23/Oct/2012:11:13:24 -0400] "GET / HTTP/1.1" 302 756 "https://sites.google.com/a/umich.edu/polsci101f2012/" "Mozilla/5.0 (iPad; CPU OS 6_0 like Mac OS X) AppleWebKit/536.26 (KHTML, like Gecko) Version/6.0 Mobile/10A403 Safari/8536.25"
67.194.218.105 - - [23/Oct/2012:11:13:24 -0400] "GET /cosign/valid?cosign-www.gradecraft.com=Q0qB3iupjDfblhlQu8jV9EKb3echd2-b0aWytCTDwoQlBEaFx6BpBU46TVYQSIakgoh0dcKhn18aXLXcHtR-aB5rPKcCZaWoH7C226MhV3UwjLY3Qpvz9SXaSep5&https://www.gradecraft.com/ HTTP/1.1" 301 868 "https://sites.google.com/a/umich.edu/polsci101f2012/" "Mozilla/5.0 (iPad; CPU OS 6_0 like Mac OS X) AppleWebKit/536.26 (KHTML, like Gecko) Version/6.0 Mobile/10A403 Safari/8536.25"
67.194.218.105 - - [23/Oct/2012:11:13:24 -0400] "GET / HTTP/1.1" 302 756 "https://sites.google.com/a/umich.edu/polsci101f2012/" "Mozilla/5.0 (iPad; CPU OS 6_0 like Mac OS X) AppleWebKit/536.26 (KHTML, like Gecko) Version/6.0 Mobile/10A403 Safari/8536.25"
67.194.218.105 - - [23/Oct/2012:11:13:24 -0400] "GET /cosign/valid?cosign-www.gradecraft.com=JRy+zTQ-wDd7rhbPUweXlqufBgMXk3SCZibMoVW+FektZwXMKkFAWdBMJFEeMHbAORDNcRA+NRz45C3aOHlA-CBBO9Tqp7ORTPbzqVCjO0It7wBE7I+5NEdMLDZT&https://www.gradecraft.com/ HTTP/1.1" 301 868 "https://sites.google.com/a/umich.edu/polsci101f2012/" "Mozilla/5.0 (iPad; CPU OS 6_0 like Mac OS X) AppleWebKit/536.26 (KHTML, like Gecko) Version/6.0 Mobile/10A403 Safari/8536.25"
67.194.218.105 - - [23/Oct/2012:11:13:24 -0400] "GET / HTTP/1.1" 302 756 "https://sites.google.com/a/umich.edu/polsci101f2012/" "Mozilla/5.0 (iPad; CPU OS 6_0 like Mac OS X) AppleWebKit/536.26 (KHTML, like Gecko) Version/6.0 Mobile/10A403 Safari/8536.25"
67.194.209.253 - barnesbr [23/Oct/2012:11:13:34 -0400] "GET /users/predictor?user_id=162 HTTP/1.1" 200 5630 "https://www.gradecraft.com/dashboard" "Mozilla/5.0 (Macintosh; Intel Mac OS X 10_7_4) AppleWebKit/536.25 (KHTML, like Gecko) Version/6.0 Safari/536.25"
67.194.209.253 - barnesbr [23/Oct/2012:11:13:36 -0400] "GET /assets/images/bg_direction_nav.png HTTP/1.1" 200 2778 "https://www.gradecraft.com/users/predictor?user_id=162" "Mozilla/5.0 (Macintosh; Intel Mac OS X 10_7_4) AppleWebKit/536.25 (KHTML, like Gecko) Version/6.0 Safari/536.25"
67.194.209.253 - barnesbr [23/Oct/2012:11:13:36 -0400] "GET /assets/jquery-ui/ui-bg_flat_75_ffffff_40x100-841636c8f8d33987bb8d2f31e8ef92ca.png HTTP/1.1" 200 538 "https://www.gradecraft.com/users/predictor?user_id=162" "Mozilla/5.0 (Macintosh; Intel Mac OS X 10_7_4) AppleWebKit/536.25 (KHTML, like Gecko) Version/6.0 Safari/536.25"
67.194.209.253 - barnesbr [23/Oct/2012:11:13:36 -0400] "GET /assets/jquery-ui/ui-bg_glass_75_e6e6e6_1x400-3e20bce1b7b2f5dd47ca6ac361805162.png HTTP/1.1" 200 474 "https://www.gradecraft.com/users/predictor?user_id=162" "Mozilla/5.0 (Macintosh; Intel Mac OS X 10_7_4) AppleWebKit/536.25 (KHTML, like Gecko) Version/6.0 Safari/536.25"
67.194.209.253 - barnesbr [23/Oct/2012:11:13:43 -0400] "GET /assets/jquery-ui/ui-bg_glass_65_ffffff_1x400-a30aa544902182c133dbb46ac40a08d2.png HTTP/1.1" 200 458 "https://www.gradecraft.com/users/predictor?user_id=162" "Mozilla/5.0 (Macintosh; Intel Mac OS X 10_7_4) AppleWebKit/536.25 (KHTML, like Gecko) Version/6.0 Safari/536.25"
67.194.209.253 - barnesbr [23/Oct/2012:11:13:48 -0400] "GET /assets/jquery-ui/ui-bg_glass_75_dadada_1x400-38ed9f33e066d6bee977c567d4b03650.png HTTP/1.1" 200 474 "https://www.gradecraft.com/users/predictor?user_id=162" "Mozilla/5.0 (Macintosh; Intel Mac OS X 10_7_4) AppleWebKit/536.25 (KHTML, like Gecko) Version/6.0 Safari/536.25"
67.194.218.105 - - [23/Oct/2012:11:13:53 -0400] "GET / HTTP/1.1" 302 901 "-" "Mozilla/5.0 (iPad; CPU OS 6_0 like Mac OS X) AppleWebKit/536.26 (KHTML, like Gecko) Version/6.0 Mobile/10A403 Safari/8536.25"
67.194.218.105 - - [23/Oct/2012:11:13:53 -0400] "GET /cosign/valid?cosign-www.gradecraft.com=+G+Arqf3h72AErV9CwJ3hJOaz0XHjeKIiP6+oocET9p1kXbD6UH7PCSIW8AmdUTRla18fRip42WJJLS-KQp00OLMWvmbbxqdUwJ6lCHG50BnNw09vE0h8wzql3iI&https://www.gradecraft.com/ HTTP/1.1" 301 868 "-" "Mozilla/5.0 (iPad; CPU OS 6_0 like Mac OS X) AppleWebKit/536.26 (KHTML, like Gecko) Version/6.0 Mobile/10A403 Safari/8536.25"
67.194.218.105 - wmarie [23/Oct/2012:11:13:53 -0400] "GET / HTTP/1.1" 302 1348 "-" "Mozilla/5.0 (iPad; CPU OS 6_0 like Mac OS X) AppleWebKit/536.26 (KHTML, like Gecko) Version/6.0 Mobile/10A403 Safari/8536.25"
67.194.218.105 - wmarie [23/Oct/2012:11:13:53 -0400] "GET /dashboard HTTP/1.1" 200 4996 "-" "Mozilla/5.0 (iPad; CPU OS 6_0 like Mac OS X) AppleWebKit/536.26 (KHTML, like Gecko) Version/6.0 Mobile/10A403 Safari/8536.25"
67.194.218.105 - wmarie [23/Oct/2012:11:13:54 -0400] "GET /assets/application-75efbcdd2e483708b1922621823d8e20.css HTTP/1.1" 304 245 "https://www.gradecraft.com/dashboard" "Mozilla/5.0 (iPad; CPU OS 6_0 like Mac OS X) AppleWebKit/536.26 (KHTML, like Gecko) Version/6.0 Mobile/10A403 Safari/8536.25"
67.194.218.105 - wmarie [23/Oct/2012:11:13:54 -0400] "GET /assets/application-8ce02592fd93cf8f056fcba13d4bd5fc.js HTTP/1.1" 304 245 "https://www.gradecraft.com/dashboard" "Mozilla/5.0 (iPad; CPU OS 6_0 like Mac OS X) AppleWebKit/536.26 (KHTML, like Gecko) Version/6.0 Mobile/10A403 Safari/8536.25"
67.194.218.105 - wmarie [23/Oct/2012:11:13:54 -0400] "GET /badges/pos101/always_learning.png HTTP/1.1" 304 229 "https://www.gradecraft.com/dashboard" "Mozilla/5.0 (iPad; CPU OS 6_0 like Mac OS X) AppleWebKit/536.26 (KHTML, like Gecko) Version/6.0 Mobile/10A403 Safari/8536.25"
67.194.218.105 - wmarie [23/Oct/2012:11:13:54 -0400] "GET /badges/pos101/great_critic.png HTTP/1.1" 304 229 "https://www.gradecraft.com/dashboard" "Mozilla/5.0 (iPad; CPU OS 6_0 like Mac OS X) AppleWebKit/536.26 (KHTML, like Gecko) Version/6.0 Mobile/10A403 Safari/8536.25"
67.194.218.105 - wmarie [23/Oct/2012:11:13:55 -0400] "GET /badges/pos101/concentrator.png HTTP/1.1" 304 229 "https://www.gradecraft.com/dashboard" "Mozilla/5.0 (iPad; CPU OS 6_0 like Mac OS X) AppleWebKit/536.26 (KHTML, like Gecko) Version/6.0 Mobile/10A403 Safari/8536.25"
67.194.218.105 - wmarie [23/Oct/2012:11:13:55 -0400] "GET /badges/pos101/presentation_of_self.png HTTP/1.1" 304 374 "https://www.gradecraft.com/dashboard" "Mozilla/5.0 (iPad; CPU OS 6_0 like Mac OS X) AppleWebKit/536.26 (KHTML, like Gecko) Version/6.0 Mobile/10A403 Safari/8536.25"
67.194.218.105 - wmarie [23/Oct/2012:11:13:55 -0400] "GET /badges/pos101/above_and_beyond.png HTTP/1.1" 304 374 "https://www.gradecraft.com/dashboard" "Mozilla/5.0 (iPad; CPU OS 6_0 like Mac OS X) AppleWebKit/536.26 (KHTML, like Gecko) Version/6.0 Mobile/10A403 Safari/8536.25"
67.194.218.105 - wmarie [23/Oct/2012:11:13:55 -0400] "GET /badges/pos101/courageous_failure.png HTTP/1.1" 304 229 "https://www.gradecraft.com/dashboard" "Mozilla/5.0 (iPad; CPU OS 6_0 like Mac OS X) AppleWebKit/536.26 (KHTML, like Gecko) Version/6.0 Mobile/10A403 Safari/8536.25"
67.194.218.105 - wmarie [23/Oct/2012:11:13:55 -0400] "GET /badges/pos101/teachers_pet.png HTTP/1.1" 304 374 "https://www.gradecraft.com/dashboard" "Mozilla/5.0 (iPad; CPU OS 6_0 like Mac OS X) AppleWebKit/536.26 (KHTML, like Gecko) Version/6.0 Mobile/10A403 Safari/8536.25"
67.194.218.105 - wmarie [23/Oct/2012:11:13:55 -0400] "GET /badges/pos101/examination_expert.png HTTP/1.1" 304 229 "https://www.gradecraft.com/dashboard" "Mozilla/5.0 (iPad; CPU OS 6_0 like Mac OS X) AppleWebKit/536.26 (KHTML, like Gecko) Version/6.0 Mobile/10A403 Safari/8536.25"
67.194.218.105 - wmarie [23/Oct/2012:11:13:55 -0400] "GET /badges/pos101/early_bird_special.png HTTP/1.1" 304 229 "https://www.gradecraft.com/dashboard" "Mozilla/5.0 (iPad; CPU OS 6_0 like Mac OS X) AppleWebKit/536.26 (KHTML, like Gecko) Version/6.0 Mobile/10A403 Safari/8536.25"
67.194.218.105 - wmarie [23/Oct/2012:11:13:55 -0400] "GET /badges/pos101/gaining_experience.png HTTP/1.1" 304 229 "https://www.gradecraft.com/dashboard" "Mozilla/5.0 (iPad; CPU OS 6_0 like Mac OS X) AppleWebKit/536.26 (KHTML, like Gecko) Version/6.0 Mobile/10A403 Safari/8536.25"
67.194.218.105 - wmarie [23/Oct/2012:11:13:55 -0400] "GET /badges/pos101/awesome_aggregator.png HTTP/1.1" 304 374 "https://www.gradecraft.com/dashboard" "Mozilla/5.0 (iPad; CPU OS 6_0 like Mac OS X) AppleWebKit/536.26 (KHTML, like Gecko) Version/6.0 Mobile/10A403 Safari/8536.25"
67.194.218.105 - wmarie [23/Oct/2012:11:13:55 -0400] "GET /badges/pos101/gamer.png HTTP/1.1" 304 229 "https://www.gradecraft.com/dashboard" "Mozilla/5.0 (iPad; CPU OS 6_0 like Mac OS X) AppleWebKit/536.26 (KHTML, like Gecko) Version/6.0 Mobile/10A403 Safari/8536.25"
67.194.218.105 - wmarie [23/Oct/2012:11:13:55 -0400] "GET /badges/pos101/learning_from_mistakes.png HTTP/1.1" 304 229 "https://www.gradecraft.com/dashboard" "Mozilla/5.0 (iPad; CPU OS 6_0 like Mac OS X) AppleWebKit/536.26 (KHTML, like Gecko) Version/6.0 Mobile/10A403 Safari/8536.25"
67.194.218.105 - wmarie [23/Oct/2012:11:13:55 -0400] "GET /badges/pos101/level_one.png HTTP/1.1" 304 229 "https://www.gradecraft.com/dashboard" "Mozilla/5.0 (iPad; CPU OS 6_0 like Mac OS X) AppleWebKit/536.26 (KHTML, like Gecko) Version/6.0 Mobile/10A403 Safari/8536.25"
67.194.218.105 - wmarie [23/Oct/2012:11:13:55 -0400] "GET /badges/pos101/personal.png HTTP/1.1" 304 229 "https://www.gradecraft.com/dashboard" "Mozilla/5.0 (iPad; CPU OS 6_0 like Mac OS X) AppleWebKit/536.26 (KHTML, like Gecko) Version/6.0 Mobile/10A403 Safari/8536.25"
67.194.218.105 - wmarie [23/Oct/2012:11:13:55 -0400] "GET /badges/pos101/participatory_democrat.png HTTP/1.1" 304 229 "https://www.gradecraft.com/dashboard" "Mozilla/5.0 (iPad; CPU OS 6_0 like Mac OS X) AppleWebKit/536.26 (KHTML, like Gecko) Version/6.0 Mobile/10A403 Safari/8536.25"
67.194.218.105 - wmarie [23/Oct/2012:11:13:55 -0400] "GET /badges/pos101/times_immemorial.png HTTP/1.1" 304 229 "https://www.gradecraft.com/dashboard" "Mozilla/5.0 (iPad; CPU OS 6_0 like Mac OS X) AppleWebKit/536.26 (KHTML, like Gecko) Version/6.0 Mobile/10A403 Safari/8536.25"
67.194.218.105 - wmarie [23/Oct/2012:11:13:55 -0400] "GET /badges/pos101/practice_makes_perfect.png HTTP/1.1" 304 229 "https://www.gradecraft.com/dashboard" "Mozilla/5.0 (iPad; CPU OS 6_0 like Mac OS X) AppleWebKit/536.26 (KHTML, like Gecko) Version/6.0 Mobile/10A403 Safari/8536.25"
67.194.218.105 - wmarie [23/Oct/2012:11:13:55 -0400] "GET /badges/pos101/public_speaker.png HTTP/1.1" 304 229 "https://www.gradecraft.com/dashboard" "Mozilla/5.0 (iPad; CPU OS 6_0 like Mac OS X) AppleWebKit/536.26 (KHTML, like Gecko) Version/6.0 Mobile/10A403 Safari/8536.25"
67.194.218.105 - wmarie [23/Oct/2012:11:13:55 -0400] "GET /badges/pos101/phoebe_badge.jpg HTTP/1.1" 304 229 "https://www.gradecraft.com/dashboard" "Mozilla/5.0 (iPad; CPU OS 6_0 like Mac OS X) AppleWebKit/536.26 (KHTML, like Gecko) Version/6.0 Mobile/10A403 Safari/8536.25"
67.194.218.105 - wmarie [23/Oct/2012:11:13:55 -0400] "GET /badges/pos101/scribe.png HTTP/1.1" 304 229 "https://www.gradecraft.com/dashboard" "Mozilla/5.0 (iPad; CPU OS 6_0 like Mac OS X) AppleWebKit/536.26 (KHTML, like Gecko) Version/6.0 Mobile/10A403 Safari/8536.25"
67.194.218.105 - wmarie [23/Oct/2012:11:13:55 -0400] "GET /users/predictor.json?user_id=172 HTTP/1.1" 304 869 "https://www.gradecraft.com/dashboard" "Mozilla/5.0 (iPad; CPU OS 6_0 like Mac OS X) AppleWebKit/536.26 (KHTML, like Gecko) Version/6.0 Mobile/10A403 Safari/8536.25"
67.194.218.105 - wmarie [23/Oct/2012:11:13:55 -0400] "GET /users/predictor.json?in_progress=true&user_id=172 HTTP/1.1" 304 869 "https://www.gradecraft.com/dashboard" "Mozilla/5.0 (iPad; CPU OS 6_0 like Mac OS X) AppleWebKit/536.26 (KHTML, like Gecko) Version/6.0 Mobile/10A403 Safari/8536.25"
67.194.87.23 - - [23/Oct/2012:11:14:11 -0400] "GET / HTTP/1.1" 302 3259 "-" "Mozilla/5.0 (Macintosh; Intel Mac OS X 10_8_2) AppleWebKit/536.26.14 (KHTML, like Gecko) Version/6.0.1 Safari/536.26.14"
67.194.11.31 - - [23/Oct/2012:11:14:15 -0400] "GET / HTTP/1.1" 302 3984 "-" "Mozilla/5.0 (Windows NT 6.1; WOW64) AppleWebKit/537.4 (KHTML, like Gecko) Chrome/22.0.1229.94 Safari/537.4"
67.194.11.31 - - [23/Oct/2012:11:14:17 -0400] "GET /cosign/valid?cosign-www.gradecraft.com=kjJwknZvJwTKaRp3Sz4h27jiaJWzVhVIj9-LtHLG6jWFO9p+9xhi6qLnh-ZPFegZ+UlAbN-UIeT4zxHsagLe77I8ntCCqNknJInSuYWqEE7+4Ah1SDIE5Yyi-au8&https://www.gradecraft.com/ HTTP/1.1" 301 4096 "-" "Mozilla/5.0 (Windows NT 6.1; WOW64) AppleWebKit/537.4 (KHTML, like Gecko) Chrome/22.0.1229.94 Safari/537.4"
67.194.11.31 - woodsbre [23/Oct/2012:11:14:18 -0400] "GET / HTTP/1.1" 302 1348 "-" "Mozilla/5.0 (Windows NT 6.1; WOW64) AppleWebKit/537.4 (KHTML, like Gecko) Chrome/22.0.1229.94 Safari/537.4"
67.194.11.31 - woodsbre [23/Oct/2012:11:14:18 -0400] "GET /dashboard HTTP/1.1" 200 5092 "-" "Mozilla/5.0 (Windows NT 6.1; WOW64) AppleWebKit/537.4 (KHTML, like Gecko) Chrome/22.0.1229.94 Safari/537.4"
67.194.11.31 - woodsbre [23/Oct/2012:11:14:20 -0400] "GET /assets/application-75efbcdd2e483708b1922621823d8e20.css HTTP/1.1" 304 245 "https://www.gradecraft.com/dashboard" "Mozilla/5.0 (Windows NT 6.1; WOW64) AppleWebKit/537.4 (KHTML, like Gecko) Chrome/22.0.1229.94 Safari/537.4"
67.194.11.31 - woodsbre [23/Oct/2012:11:14:20 -0400] "GET /assets/application-8ce02592fd93cf8f056fcba13d4bd5fc.js HTTP/1.1" 304 245 "https://www.gradecraft.com/dashboard" "Mozilla/5.0 (Windows NT 6.1; WOW64) AppleWebKit/537.4 (KHTML, like Gecko) Chrome/22.0.1229.94 Safari/537.4"
67.194.11.31 - woodsbre [23/Oct/2012:11:14:20 -0400] "GET /users/predictor.json?user_id=258 HTTP/1.1" 304 885 "https://www.gradecraft.com/dashboard" "Mozilla/5.0 (Windows NT 6.1; WOW64) AppleWebKit/537.4 (KHTML, like Gecko) Chrome/22.0.1229.94 Safari/537.4"
67.194.11.31 - woodsbre [23/Oct/2012:11:14:20 -0400] "GET /users/predictor.json?in_progress=true&user_id=258 HTTP/1.1" 304 885 "https://www.gradecraft.com/dashboard" "Mozilla/5.0 (Windows NT 6.1; WOW64) AppleWebKit/537.4 (KHTML, like Gecko) Chrome/22.0.1229.94 Safari/537.4"
67.194.101.36 - hjsim [23/Oct/2012:11:14:25 -0400] "GET /dashboard HTTP/1.1" 304 4161 "-" "Mozilla/5.0 (Windows NT 6.1; WOW64) AppleWebKit/537.4 (KHTML, like Gecko) Chrome/22.0.1229.94 Safari/537.4"
67.194.101.36 - hjsim [23/Oct/2012:11:14:27 -0400] "GET /users/predictor.json?user_id=334 HTTP/1.1" 304 4113 "https://www.gradecraft.com/dashboard" "Mozilla/5.0 (Windows NT 6.1; WOW64) AppleWebKit/537.4 (KHTML, like Gecko) Chrome/22.0.1229.94 Safari/537.4"
67.194.101.36 - hjsim [23/Oct/2012:11:14:27 -0400] "GET /users/predictor.json?in_progress=true&user_id=334 HTTP/1.1" 304 885 "https://www.gradecraft.com/dashboard" "Mozilla/5.0 (Windows NT 6.1; WOW64) AppleWebKit/537.4 (KHTML, like Gecko) Chrome/22.0.1229.94 Safari/537.4"
67.194.97.176 - - [23/Oct/2012:11:15:03 -0400] "GET /dashboard HTTP/1.1" 302 3984 "-" "Mozilla/5.0 (Windows NT 6.1; WOW64) AppleWebKit/537.4 (KHTML, like Gecko) Chrome/22.0.1229.94 Safari/537.4"
67.194.97.176 - - [23/Oct/2012:11:15:03 -0400] "GET /cosign/valid?cosign-www.gradecraft.com=7w1ipMMR1AaCq9QEPv5OXERWaYDsVokOFN-BUUGQUhxTUoHMTo4iN51FYCZzSl2fAHbhHYKFyiDgoGh4l0kKB3lyqCRp6mywk1slpzg0lxDZCz7R8Y9GwNOZvIse&https://www.gradecraft.com/dashboard HTTP/1.1" 301 900 "-" "Mozilla/5.0 (Windows NT 6.1; WOW64) AppleWebKit/537.4 (KHTML, like Gecko) Chrome/22.0.1229.94 Safari/537.4"
67.194.97.176 - amschwar [23/Oct/2012:11:15:03 -0400] "GET /dashboard HTTP/1.1" 302 1364 "-" "Mozilla/5.0 (Windows NT 6.1; WOW64) AppleWebKit/537.4 (KHTML, like Gecko) Chrome/22.0.1229.94 Safari/537.4"
67.194.97.176 - amschwar [23/Oct/2012:11:15:03 -0400] "GET /dashboard HTTP/1.1" 200 5092 "-" "Mozilla/5.0 (Windows NT 6.1; WOW64) AppleWebKit/537.4 (KHTML, like Gecko) Chrome/22.0.1229.94 Safari/537.4"
67.194.97.176 - amschwar [23/Oct/2012:11:15:05 -0400] "GET /assets/application-75efbcdd2e483708b1922621823d8e20.css HTTP/1.1" 304 245 "https://www.gradecraft.com/dashboard" "Mozilla/5.0 (Windows NT 6.1; WOW64) AppleWebKit/537.4 (KHTML, like Gecko) Chrome/22.0.1229.94 Safari/537.4"
67.194.97.176 - amschwar [23/Oct/2012:11:15:05 -0400] "GET /assets/application-8ce02592fd93cf8f056fcba13d4bd5fc.js HTTP/1.1" 304 3473 "https://www.gradecraft.com/dashboard" "Mozilla/5.0 (Windows NT 6.1; WOW64) AppleWebKit/537.4 (KHTML, like Gecko) Chrome/22.0.1229.94 Safari/537.4"
67.194.97.176 - amschwar [23/Oct/2012:11:15:06 -0400] "GET /badges/pos101/phoebe_badge.jpg HTTP/1.1" 304 3457 "https://www.gradecraft.com/dashboard" "Mozilla/5.0 (Windows NT 6.1; WOW64) AppleWebKit/537.4 (KHTML, like Gecko) Chrome/22.0.1229.94 Safari/537.4"
67.194.97.176 - amschwar [23/Oct/2012:11:15:06 -0400] "GET /users/predictor.json?user_id=333 HTTP/1.1" 200 1642 "https://www.gradecraft.com/dashboard" "Mozilla/5.0 (Windows NT 6.1; WOW64) AppleWebKit/537.4 (KHTML, like Gecko) Chrome/22.0.1229.94 Safari/537.4"
67.194.97.176 - amschwar [23/Oct/2012:11:15:06 -0400] "GET /users/predictor.json?in_progress=true&user_id=333 HTTP/1.1" 200 1626 "https://www.gradecraft.com/dashboard" "Mozilla/5.0 (Windows NT 6.1; WOW64) AppleWebKit/537.4 (KHTML, like Gecko) Chrome/22.0.1229.94 Safari/537.4"
67.194.97.176 - amschwar [23/Oct/2012:11:15:07 -0400] "GET /favicon.ico HTTP/1.1" 200 4650 "-" "Mozilla/5.0 (Windows NT 6.1; WOW64) AppleWebKit/537.4 (KHTML, like Gecko) Chrome/22.0.1229.94 Safari/537.4"
67.194.220.38 - ekozak [23/Oct/2012:11:15:12 -0400] "GET / HTTP/1.1" 200 5214 "https://sites.google.com/a/umich.edu/polsci101f2012/readings/reading-homework" "Mozilla/5.0 (Macintosh; Intel Mac OS X 10_7_5) AppleWebKit/534.57.7 (KHTML, like Gecko) Version/5.1.7 Safari/534.57.7"
67.194.220.38 - ekozak [23/Oct/2012:11:15:14 -0400] "GET /users/predictor.json?user_id=169 HTTP/1.1" 200 1748 "https://www.gradecraft.com/" "Mozilla/5.0 (Macintosh; Intel Mac OS X 10_7_5) AppleWebKit/534.57.7 (KHTML, like Gecko) Version/5.1.7 Safari/534.57.7"
67.194.220.38 - ekozak [23/Oct/2012:11:15:14 -0400] "GET /users/predictor.json?in_progress=true&user_id=169 HTTP/1.1" 200 1610 "https://www.gradecraft.com/" "Mozilla/5.0 (Macintosh; Intel Mac OS X 10_7_5) AppleWebKit/534.57.7 (KHTML, like Gecko) Version/5.1.7 Safari/534.57.7"
67.194.94.73 - hritp [23/Oct/2012:11:15:21 -0400] "GET /assignments/100/assignment_submissions/16?gradeable_id=323&gradeable_type=User HTTP/1.1" 200 4923 "https://www.gradecraft.com/dashboard" "Mozilla/5.0 (Macintosh; Intel Mac OS X 10_8_2) AppleWebKit/536.26.14 (KHTML, like Gecko) Version/6.0.1 Safari/536.26.14"
67.194.31.81 - - [23/Oct/2012:11:15:46 -0400] "GET / HTTP/1.1" 302 3984 "-" "Mozilla/5.0 (Macintosh; Intel Mac OS X 10_7_4) AppleWebKit/537.4 (KHTML, like Gecko) Chrome/22.0.1229.94 Safari/537.4"
67.194.7.154 - julielb [23/Oct/2012:11:15:52 -0400] "GET /badges HTTP/1.1" 200 6422 "https://www.gradecraft.com/dashboard" "Mozilla/5.0 (Macintosh; Intel Mac OS X 10_7_5) AppleWebKit/536.25 (KHTML, like Gecko) Version/6.0 Safari/536.25"
67.194.31.81 - - [23/Oct/2012:11:15:52 -0400] "GET /cosign/valid?cosign-www.gradecraft.com=+BbUPq5kSTwxeBSPPEO9VBwGFote4ud34Ux8E-oubRgkbbdZ27HvzdSC7luO3ztCvCQBmvCp7RvSExVmzX0UQc5OSJSbhYf6DuimsNDUYD2QmbIukWZXZVj8ayT2&https://gradecraft.com/ HTTP/1.1" 301 3773 "https://weblogin.umich.edu/?cosign-www.gradecraft.com&https://gradecraft.com/" "Mozilla/5.0 (Macintosh; Intel Mac OS X 10_7_4) AppleWebKit/537.4 (KHTML, like Gecko) Chrome/22.0.1229.94 Safari/537.4"
67.194.94.40 - - [23/Oct/2012:11:15:57 -0400] "GET / HTTP/1.1" 302 3254 "-" "Mozilla/5.0 (Macintosh; Intel Mac OS X 10_7_5) AppleWebKit/536.26.14 (KHTML, like Gecko) Version/6.0.1 Safari/536.26.14"
67.194.124.224 - - [23/Oct/2012:11:16:03 -0400] "GET /dashboard HTTP/1.1" 302 3254 "-" "Mozilla/5.0 (Macintosh; Intel Mac OS X 10_7_2) AppleWebKit/534.52.7 (KHTML, like Gecko) Version/5.1.2 Safari/534.52.7"
67.194.94.40 - - [23/Oct/2012:11:16:06 -0400] "GET /cosign/valid?cosign-www.gradecraft.com=ofvwNY8VKgN0Rh7IsyUi+QEN5pjb7co4z2Lu1fuTryOsmJqdTdUQ7PvfAopB+HWTwV9c2C8Gn4rdYEaGMXEez6rK0VEWSQyrpYEcrsHkKu2gM9WNWBCpz45qrrUo&https://www.gradecraft.com/ HTTP/1.1" 301 868 "https://weblogin.umich.edu/?cosign-www.gradecraft.com&https://www.gradecraft.com/" "Mozilla/5.0 (Macintosh; Intel Mac OS X 10_7_5) AppleWebKit/536.26.14 (KHTML, like Gecko) Version/6.0.1 Safari/536.26.14"
67.194.8.164 - - [23/Oct/2012:11:16:06 -0400] "GET / HTTP/1.1" 302 3984 "-" "Mozilla/5.0 (Macintosh; Intel Mac OS X 10_7_4) AppleWebKit/537.4 (KHTML, like Gecko) Chrome/22.0.1229.79 Safari/537.4"
67.194.8.164 - - [23/Oct/2012:11:16:07 -0400] "GET /cosign/valid?cosign-www.gradecraft.com=ePbGSV9C1H2nFuvau3OGkxcx8p1+bviiK7l8+mumOJgKs3MV22DzOF0Z7Bdx20cSY5uSThGpJ5UYMhTi22sKbPVTKlbGDg8lJeA8O7kffRXPh8oegV1dzTr9Zo2h&https://www.gradecraft.com/ HTTP/1.1" 301 868 "-" "Mozilla/5.0 (Macintosh; Intel Mac OS X 10_7_4) AppleWebKit/537.4 (KHTML, like Gecko) Chrome/22.0.1229.79 Safari/537.4"
67.194.94.40 - jrjurg [23/Oct/2012:11:16:06 -0400] "GET / HTTP/1.1" 200 5140 "https://weblogin.umich.edu/?cosign-www.gradecraft.com&https://www.gradecraft.com/" "Mozilla/5.0 (Macintosh; Intel Mac OS X 10_7_5) AppleWebKit/536.26.14 (KHTML, like Gecko) Version/6.0.1 Safari/536.26.14"
67.194.94.40 - jrjurg [23/Oct/2012:11:16:08 -0400] "GET /assets/application-75efbcdd2e483708b1922621823d8e20.css HTTP/1.1" 200 47181 "https://www.gradecraft.com/" "Mozilla/5.0 (Macintosh; Intel Mac OS X 10_7_5) AppleWebKit/536.26.14 (KHTML, like Gecko) Version/6.0.1 Safari/536.26.14"
67.194.94.40 - jrjurg [23/Oct/2012:11:16:08 -0400] "GET /assets/application-8ce02592fd93cf8f056fcba13d4bd5fc.js HTTP/1.1" 200 201938 "https://www.gradecraft.com/" "Mozilla/5.0 (Macintosh; Intel Mac OS X 10_7_5) AppleWebKit/536.26.14 (KHTML, like Gecko) Version/6.0.1 Safari/536.26.14"
67.194.8.164 - smithlu [23/Oct/2012:11:16:07 -0400] "GET / HTTP/1.1" 200 5092 "-" "Mozilla/5.0 (Macintosh; Intel Mac OS X 10_7_4) AppleWebKit/537.4 (KHTML, like Gecko) Chrome/22.0.1229.79 Safari/537.4"
67.194.94.40 - jrjurg [23/Oct/2012:11:16:08 -0400] "GET /users/predictor.json?user_id=325 HTTP/1.1" 200 1610 "https://www.gradecraft.com/" "Mozilla/5.0 (Macintosh; Intel Mac OS X 10_7_5) AppleWebKit/536.26.14 (KHTML, like Gecko) Version/6.0.1 Safari/536.26.14"
67.194.94.40 - jrjurg [23/Oct/2012:11:16:08 -0400] "GET /users/predictor.json?in_progress=true&user_id=325 HTTP/1.1" 200 1594 "https://www.gradecraft.com/" "Mozilla/5.0 (Macintosh; Intel Mac OS X 10_7_5) AppleWebKit/536.26.14 (KHTML, like Gecko) Version/6.0.1 Safari/536.26.14"
67.194.209.253 - barnesbr [23/Oct/2012:11:16:11 -0400] "GET /dashboard HTTP/1.1" 304 1055 "https://www.gradecraft.com/users/predictor?user_id=162" "Mozilla/5.0 (Macintosh; Intel Mac OS X 10_7_4) AppleWebKit/536.25 (KHTML, like Gecko) Version/6.0 Safari/536.25"
67.194.209.253 - barnesbr [23/Oct/2012:11:16:12 -0400] "GET /users/predictor.json?user_id=162 HTTP/1.1" 304 1007 "https://www.gradecraft.com/dashboard" "Mozilla/5.0 (Macintosh; Intel Mac OS X 10_7_4) AppleWebKit/536.25 (KHTML, like Gecko) Version/6.0 Safari/536.25"
67.194.209.253 - barnesbr [23/Oct/2012:11:16:12 -0400] "GET /users/predictor.json?in_progress=true&user_id=162 HTTP/1.1" 304 1007 "https://www.gradecraft.com/dashboard" "Mozilla/5.0 (Macintosh; Intel Mac OS X 10_7_4) AppleWebKit/536.25 (KHTML, like Gecko) Version/6.0 Safari/536.25"
67.194.31.81 - - [23/Oct/2012:11:16:21 -0400] "GET / HTTP/1.1" 302 3984 "-" "Mozilla/5.0 (Macintosh; Intel Mac OS X 10_7_4) AppleWebKit/537.4 (KHTML, like Gecko) Chrome/22.0.1229.94 Safari/537.4"
67.194.31.81 - - [23/Oct/2012:11:16:21 -0400] "GET /cosign/valid?cosign-www.gradecraft.com=MjGf05gBU2BLyjEBLCWCDU8-WpUBmtAsq32SZfB+CNfRafO7+eUw9EIDLukKSI0oUe4tRT6wGmwKBFaEYCRzYn-vhn4dInC20yysj6GgfuAmLSBY9-eDsonjk4Dl&https://www.gradecraft.com/ HTTP/1.1" 301 868 "-" "Mozilla/5.0 (Macintosh; Intel Mac OS X 10_7_4) AppleWebKit/537.4 (KHTML, like Gecko) Chrome/22.0.1229.94 Safari/537.4"
67.194.31.81 - jsacksho [23/Oct/2012:11:16:21 -0400] "GET / HTTP/1.1" 200 5124 "-" "Mozilla/5.0 (Macintosh; Intel Mac OS X 10_7_4) AppleWebKit/537.4 (KHTML, like Gecko) Chrome/22.0.1229.94 Safari/537.4"
67.194.31.81 - jsacksho [23/Oct/2012:11:16:23 -0400] "GET /assets/application-75efbcdd2e483708b1922621823d8e20.css HTTP/1.1" 304 245 "https://www.gradecraft.com/" "Mozilla/5.0 (Macintosh; Intel Mac OS X 10_7_4) AppleWebKit/537.4 (KHTML, like Gecko) Chrome/22.0.1229.94 Safari/537.4"
67.194.31.81 - jsacksho [23/Oct/2012:11:16:23 -0400] "GET /assets/application-8ce02592fd93cf8f056fcba13d4bd5fc.js HTTP/1.1" 304 3473 "https://www.gradecraft.com/" "Mozilla/5.0 (Macintosh; Intel Mac OS X 10_7_4) AppleWebKit/537.4 (KHTML, like Gecko) Chrome/22.0.1229.94 Safari/537.4"
67.194.7.154 - julielb [23/Oct/2012:11:16:22 -0400] "GET /dashboard HTTP/1.1" 304 1055 "https://www.gradecraft.com/badges" "Mozilla/5.0 (Macintosh; Intel Mac OS X 10_7_5) AppleWebKit/536.25 (KHTML, like Gecko) Version/6.0 Safari/536.25"
67.194.31.81 - jsacksho [23/Oct/2012:11:16:23 -0400] "GET /users/predictor.json?user_id=332 HTTP/1.1" 304 869 "https://www.gradecraft.com/" "Mozilla/5.0 (Macintosh; Intel Mac OS X 10_7_4) AppleWebKit/537.4 (KHTML, like Gecko) Chrome/22.0.1229.94 Safari/537.4"
67.194.7.154 - julielb [23/Oct/2012:11:16:23 -0400] "GET /users/predictor.json?user_id=320 HTTP/1.1" 304 1023 "https://www.gradecraft.com/dashboard" "Mozilla/5.0 (Macintosh; Intel Mac OS X 10_7_5) AppleWebKit/536.25 (KHTML, like Gecko) Version/6.0 Safari/536.25"
67.194.31.81 - jsacksho [23/Oct/2012:11:16:23 -0400] "GET /users/predictor.json?in_progress=true&user_id=332 HTTP/1.1" 304 885 "https://www.gradecraft.com/" "Mozilla/5.0 (Macintosh; Intel Mac OS X 10_7_4) AppleWebKit/537.4 (KHTML, like Gecko) Chrome/22.0.1229.94 Safari/537.4"
67.194.7.154 - julielb [23/Oct/2012:11:16:23 -0400] "GET /users/predictor.json?in_progress=true&user_id=320 HTTP/1.1" 304 1007 "https://www.gradecraft.com/dashboard" "Mozilla/5.0 (Macintosh; Intel Mac OS X 10_7_5) AppleWebKit/536.25 (KHTML, like Gecko) Version/6.0 Safari/536.25"
67.194.37.196 - - [23/Oct/2012:11:17:22 -0400] "GET /dashboard HTTP/1.1" 302 3984 "-" "Mozilla/5.0 (Windows NT 6.1; WOW64) AppleWebKit/537.4 (KHTML, like Gecko) Chrome/22.0.1229.94 Safari/537.4"
35.0.95.11 - daniraej [23/Oct/2012:11:17:25 -0400] "GET / HTTP/1.1" 200 7590 "-" "Mozilla/5.0 (Macintosh; Intel Mac OS X 10_7_4) AppleWebKit/534.57.5 (KHTML, like Gecko) Version/5.1.7 Safari/534.57.4"
35.0.95.11 - daniraej [23/Oct/2012:11:17:29 -0400] "GET /users/predictor.json?user_id=324 HTTP/1.1" 304 1023 "https://www.gradecraft.com/" "Mozilla/5.0 (Macintosh; Intel Mac OS X 10_7_4) AppleWebKit/534.57.5 (KHTML, like Gecko) Version/5.1.7 Safari/534.57.4"
35.0.95.11 - daniraej [23/Oct/2012:11:17:29 -0400] "GET /users/predictor.json?in_progress=true&user_id=324 HTTP/1.1" 304 885 "https://www.gradecraft.com/" "Mozilla/5.0 (Macintosh; Intel Mac OS X 10_7_4) AppleWebKit/534.57.5 (KHTML, like Gecko) Version/5.1.7 Safari/534.57.4"
67.194.37.196 - - [23/Oct/2012:11:17:47 -0400] "GET /cosign/valid?cosign-www.gradecraft.com=MZvogv0PuId50tJDP8ktosnxwJenvz9POAYTDCD0Wg7Zq1fm6Ov7Zrbmdxox80J2ssOUQxrM1Yezm0D0ePxhMA1wY99MitdpNqbqr1wog9ot0Rb5eN1PL+ro49vF&https://www.gradecraft.com/dashboard HTTP/1.1" 301 1045 "https://weblogin.umich.edu/cosign-bin/cosign.cgi" "Mozilla/5.0 (Windows NT 6.1; WOW64) AppleWebKit/537.4 (KHTML, like Gecko) Chrome/22.0.1229.94 Safari/537.4"
67.194.37.196 - rwstrong [23/Oct/2012:11:17:47 -0400] "GET /dashboard HTTP/1.1" 302 1364 "https://weblogin.umich.edu/cosign-bin/cosign.cgi" "Mozilla/5.0 (Windows NT 6.1; WOW64) AppleWebKit/537.4 (KHTML, like Gecko) Chrome/22.0.1229.94 Safari/537.4"
67.194.37.196 - rwstrong [23/Oct/2012:11:17:48 -0400] "GET /dashboard HTTP/1.1" 200 5236 "https://weblogin.umich.edu/cosign-bin/cosign.cgi" "Mozilla/5.0 (Windows NT 6.1; WOW64) AppleWebKit/537.4 (KHTML, like Gecko) Chrome/22.0.1229.94 Safari/537.4"
67.194.37.196 - rwstrong [23/Oct/2012:11:17:49 -0400] "GET /assets/application-75efbcdd2e483708b1922621823d8e20.css HTTP/1.1" 304 245 "https://www.gradecraft.com/dashboard" "Mozilla/5.0 (Windows NT 6.1; WOW64) AppleWebKit/537.4 (KHTML, like Gecko) Chrome/22.0.1229.94 Safari/537.4"
67.194.37.196 - rwstrong [23/Oct/2012:11:17:49 -0400] "GET /assets/application-8ce02592fd93cf8f056fcba13d4bd5fc.js HTTP/1.1" 304 245 "https://www.gradecraft.com/dashboard" "Mozilla/5.0 (Windows NT 6.1; WOW64) AppleWebKit/537.4 (KHTML, like Gecko) Chrome/22.0.1229.94 Safari/537.4"
67.194.37.196 - rwstrong [23/Oct/2012:11:17:49 -0400] "GET /badges/pos101/phoebe_badge.jpg HTTP/1.1" 304 374 "https://www.gradecraft.com/dashboard" "Mozilla/5.0 (Windows NT 6.1; WOW64) AppleWebKit/537.4 (KHTML, like Gecko) Chrome/22.0.1229.94 Safari/537.4"
67.194.37.196 - rwstrong [23/Oct/2012:11:17:49 -0400] "GET /users/predictor.json?in_progress=true&user_id=315 HTTP/1.1" 304 885 "https://www.gradecraft.com/dashboard" "Mozilla/5.0 (Windows NT 6.1; WOW64) AppleWebKit/537.4 (KHTML, like Gecko) Chrome/22.0.1229.94 Safari/537.4"
67.194.37.196 - rwstrong [23/Oct/2012:11:17:49 -0400] "GET /users/predictor.json?user_id=315 HTTP/1.1" 304 1030 "https://www.gradecraft.com/dashboard" "Mozilla/5.0 (Windows NT 6.1; WOW64) AppleWebKit/537.4 (KHTML, like Gecko) Chrome/22.0.1229.94 Safari/537.4"
67.194.94.73 - - [23/Oct/2012:11:17:52 -0400] "GET / HTTP/1.1" 302 3259 "-" "Mozilla/5.0 (Macintosh; Intel Mac OS X 10_8_2) AppleWebKit/536.26.14 (KHTML, like Gecko) Version/6.0.1 Safari/536.26.14"
67.194.126.116 - - [23/Oct/2012:11:18:23 -0400] "GET /dashboard HTTP/1.1" 302 3259 "-" "Mozilla/5.0 (Macintosh; Intel Mac OS X 10_8_2) AppleWebKit/536.26.14 (KHTML, like Gecko) Version/6.0.1 Safari/536.26.14"
67.194.209.253 - - [23/Oct/2012:11:18:38 -0400] "GET / HTTP/1.1" 302 3254 "-" "Mozilla/5.0 (Macintosh; Intel Mac OS X 10_7_4) AppleWebKit/536.25 (KHTML, like Gecko) Version/6.0 Safari/536.25"
67.194.222.19 - - [23/Oct/2012:11:19:27 -0400] "GET / HTTP/1.1" 302 3789 "-" "Mozilla/5.0 (Windows NT 6.1; WOW64) AppleWebKit/537.4 (KHTML, like Gecko) Chrome/22.0.1229.94 Safari/537.4"
67.194.222.19 - - [23/Oct/2012:11:19:28 -0400] "GET /cosign/valid?cosign-www.gradecraft.com=-ZH6OKxljuvamP4Q23ziNRFll3haJzJw6D0HCN5sMkXXHN40Hllr8PKq37ytmwp5cL5PR1vamXLtlrTmEv72RaLMlg9UoIfw9o6srJwpB8HhX6LghwIn4CUqjIM9&https://www.gradecraft.com/ HTTP/1.1" 301 868 "-" "Mozilla/5.0 (Windows NT 6.1; WOW64) AppleWebKit/537.4 (KHTML, like Gecko) Chrome/22.0.1229.94 Safari/537.4"
67.194.222.19 - rmenhen [23/Oct/2012:11:19:28 -0400] "GET / HTTP/1.1" 200 5012 "-" "Mozilla/5.0 (Windows NT 6.1; WOW64) AppleWebKit/537.4 (KHTML, like Gecko) Chrome/22.0.1229.94 Safari/537.4"
67.194.222.19 - rmenhen [23/Oct/2012:11:19:29 -0400] "GET /assets/application-8ce02592fd93cf8f056fcba13d4bd5fc.js HTTP/1.1" 304 3473 "https://www.gradecraft.com/" "Mozilla/5.0 (Windows NT 6.1; WOW64) AppleWebKit/537.4 (KHTML, like Gecko) Chrome/22.0.1229.94 Safari/537.4"
67.194.222.19 - rmenhen [23/Oct/2012:11:19:29 -0400] "GET /assets/application-75efbcdd2e483708b1922621823d8e20.css HTTP/1.1" 200 47181 "https://www.gradecraft.com/" "Mozilla/5.0 (Windows NT 6.1; WOW64) AppleWebKit/537.4 (KHTML, like Gecko) Chrome/22.0.1229.94 Safari/537.4"
67.194.222.19 - rmenhen [23/Oct/2012:11:19:30 -0400] "GET /badges/pos101/always_learning.png HTTP/1.1" 304 3457 "https://www.gradecraft.com/" "Mozilla/5.0 (Windows NT 6.1; WOW64) AppleWebKit/537.4 (KHTML, like Gecko) Chrome/22.0.1229.94 Safari/537.4"
67.194.222.19 - rmenhen [23/Oct/2012:11:19:30 -0400] "GET /badges/pos101/above_and_beyond.png HTTP/1.1" 304 3457 "https://www.gradecraft.com/" "Mozilla/5.0 (Windows NT 6.1; WOW64) AppleWebKit/537.4 (KHTML, like Gecko) Chrome/22.0.1229.94 Safari/537.4"
67.194.222.19 - rmenhen [23/Oct/2012:11:19:30 -0400] "GET /badges/pos101/awesome_aggregator.png HTTP/1.1" 304 3262 "https://www.gradecraft.com/" "Mozilla/5.0 (Windows NT 6.1; WOW64) AppleWebKit/537.4 (KHTML, like Gecko) Chrome/22.0.1229.94 Safari/537.4"
67.194.222.19 - rmenhen [23/Oct/2012:11:19:30 -0400] "GET /badges/pos101/great_critic.png HTTP/1.1" 304 3262 "https://www.gradecraft.com/" "Mozilla/5.0 (Windows NT 6.1; WOW64) AppleWebKit/537.4 (KHTML, like Gecko) Chrome/22.0.1229.94 Safari/537.4"
67.194.222.19 - rmenhen [23/Oct/2012:11:19:30 -0400] "GET /badges/pos101/presentation_of_self.png HTTP/1.1" 304 229 "https://www.gradecraft.com/" "Mozilla/5.0 (Windows NT 6.1; WOW64) AppleWebKit/537.4 (KHTML, like Gecko) Chrome/22.0.1229.94 Safari/537.4"
67.194.222.19 - rmenhen [23/Oct/2012:11:19:30 -0400] "GET /badges/pos101/teachers_pet.png HTTP/1.1" 304 229 "https://www.gradecraft.com/" "Mozilla/5.0 (Windows NT 6.1; WOW64) AppleWebKit/537.4 (KHTML, like Gecko) Chrome/22.0.1229.94 Safari/537.4"
67.194.222.19 - rmenhen [23/Oct/2012:11:19:30 -0400] "GET /badges/pos101/concentrator.png HTTP/1.1" 304 229 "https://www.gradecraft.com/" "Mozilla/5.0 (Windows NT 6.1; WOW64) AppleWebKit/537.4 (KHTML, like Gecko) Chrome/22.0.1229.94 Safari/537.4"
67.194.222.19 - rmenhen [23/Oct/2012:11:19:30 -0400] "GET /badges/pos101/courageous_failure.png HTTP/1.1" 304 229 "https://www.gradecraft.com/" "Mozilla/5.0 (Windows NT 6.1; WOW64) AppleWebKit/537.4 (KHTML, like Gecko) Chrome/22.0.1229.94 Safari/537.4"
67.194.222.19 - rmenhen [23/Oct/2012:11:19:30 -0400] "GET /badges/pos101/early_bird_special.png HTTP/1.1" 304 229 "https://www.gradecraft.com/" "Mozilla/5.0 (Windows NT 6.1; WOW64) AppleWebKit/537.4 (KHTML, like Gecko) Chrome/22.0.1229.94 Safari/537.4"
67.194.222.19 - rmenhen [23/Oct/2012:11:19:30 -0400] "GET /badges/pos101/examination_expert.png HTTP/1.1" 304 229 "https://www.gradecraft.com/" "Mozilla/5.0 (Windows NT 6.1; WOW64) AppleWebKit/537.4 (KHTML, like Gecko) Chrome/22.0.1229.94 Safari/537.4"
67.194.222.19 - rmenhen [23/Oct/2012:11:19:30 -0400] "GET /badges/pos101/gaining_experience.png HTTP/1.1" 304 229 "https://www.gradecraft.com/" "Mozilla/5.0 (Windows NT 6.1; WOW64) AppleWebKit/537.4 (KHTML, like Gecko) Chrome/22.0.1229.94 Safari/537.4"
67.194.222.19 - rmenhen [23/Oct/2012:11:19:30 -0400] "GET /badges/pos101/gamer.png HTTP/1.1" 304 229 "https://www.gradecraft.com/" "Mozilla/5.0 (Windows NT 6.1; WOW64) AppleWebKit/537.4 (KHTML, like Gecko) Chrome/22.0.1229.94 Safari/537.4"
67.194.222.19 - rmenhen [23/Oct/2012:11:19:30 -0400] "GET /badges/pos101/learning_from_mistakes.png HTTP/1.1" 200 8362 "https://www.gradecraft.com/" "Mozilla/5.0 (Windows NT 6.1; WOW64) AppleWebKit/537.4 (KHTML, like Gecko) Chrome/22.0.1229.94 Safari/537.4"
67.194.222.19 - rmenhen [23/Oct/2012:11:19:30 -0400] "GET /badges/pos101/personal.png HTTP/1.1" 304 229 "https://www.gradecraft.com/" "Mozilla/5.0 (Windows NT 6.1; WOW64) AppleWebKit/537.4 (KHTML, like Gecko) Chrome/22.0.1229.94 Safari/537.4"
67.194.222.19 - rmenhen [23/Oct/2012:11:19:30 -0400] "GET /badges/pos101/level_one.png HTTP/1.1" 304 229 "https://www.gradecraft.com/" "Mozilla/5.0 (Windows NT 6.1; WOW64) AppleWebKit/537.4 (KHTML, like Gecko) Chrome/22.0.1229.94 Safari/537.4"
67.194.222.19 - rmenhen [23/Oct/2012:11:19:30 -0400] "GET /badges/pos101/participatory_democrat.png HTTP/1.1" 304 229 "https://www.gradecraft.com/" "Mozilla/5.0 (Windows NT 6.1; WOW64) AppleWebKit/537.4 (KHTML, like Gecko) Chrome/22.0.1229.94 Safari/537.4"
67.194.222.19 - rmenhen [23/Oct/2012:11:19:30 -0400] "GET /badges/pos101/practice_makes_perfect.png HTTP/1.1" 304 229 "https://www.gradecraft.com/" "Mozilla/5.0 (Windows NT 6.1; WOW64) AppleWebKit/537.4 (KHTML, like Gecko) Chrome/22.0.1229.94 Safari/537.4"
67.194.222.19 - rmenhen [23/Oct/2012:11:19:30 -0400] "GET /badges/pos101/public_speaker.png HTTP/1.1" 304 229 "https://www.gradecraft.com/" "Mozilla/5.0 (Windows NT 6.1; WOW64) AppleWebKit/537.4 (KHTML, like Gecko) Chrome/22.0.1229.94 Safari/537.4"
67.194.222.19 - rmenhen [23/Oct/2012:11:19:30 -0400] "GET /badges/pos101/times_immemorial.png HTTP/1.1" 304 229 "https://www.gradecraft.com/" "Mozilla/5.0 (Windows NT 6.1; WOW64) AppleWebKit/537.4 (KHTML, like Gecko) Chrome/22.0.1229.94 Safari/537.4"
67.194.222.19 - rmenhen [23/Oct/2012:11:19:30 -0400] "GET /badges/pos101/scribe.png HTTP/1.1" 304 229 "https://www.gradecraft.com/" "Mozilla/5.0 (Windows NT 6.1; WOW64) AppleWebKit/537.4 (KHTML, like Gecko) Chrome/22.0.1229.94 Safari/537.4"
67.194.222.19 - rmenhen [23/Oct/2012:11:19:30 -0400] "GET /badges/pos101/phoebe_badge.jpg HTTP/1.1" 200 5994 "https://www.gradecraft.com/" "Mozilla/5.0 (Windows NT 6.1; WOW64) AppleWebKit/537.4 (KHTML, like Gecko) Chrome/22.0.1229.94 Safari/537.4"
67.194.222.19 - rmenhen [23/Oct/2012:11:19:30 -0400] "GET /users/predictor.json?user_id=171 HTTP/1.1" 304 869 "https://www.gradecraft.com/" "Mozilla/5.0 (Windows NT 6.1; WOW64) AppleWebKit/537.4 (KHTML, like Gecko) Chrome/22.0.1229.94 Safari/537.4"
67.194.222.19 - rmenhen [23/Oct/2012:11:19:30 -0400] "GET /users/predictor.json?in_progress=true&user_id=171 HTTP/1.1" 304 869 "https://www.gradecraft.com/" "Mozilla/5.0 (Windows NT 6.1; WOW64) AppleWebKit/537.4 (KHTML, like Gecko) Chrome/22.0.1229.94 Safari/537.4"
35.0.86.249 - - [23/Oct/2012:11:21:28 -0400] "GET / HTTP/1.1" 302 3789 "-" "Mozilla/5.0 (Macintosh; Intel Mac OS X 10_7_4) AppleWebKit/537.4 (KHTML, like Gecko) Chrome/22.0.1229.94 Safari/537.4"
35.0.86.249 - - [23/Oct/2012:11:21:36 -0400] "GET /cosign/valid?cosign-www.gradecraft.com=pvSe5XCAv5+JT33ygnI1k7mjOyQK0nEZG1ZF24qOacDxkEpNtDcaQWAmbd+Nz+zAj6DOwbGVP1wuSitJwPAr+0Vglh46JFMtEFti70B8LZme9FVQ8emEZrmidamN&https://www.gradecraft.com/ HTTP/1.1" 301 868 "https://weblogin.umich.edu/?cosign-www.gradecraft.com&https://www.gradecraft.com/" "Mozilla/5.0 (Macintosh; Intel Mac OS X 10_7_4) AppleWebKit/537.4 (KHTML, like Gecko) Chrome/22.0.1229.94 Safari/537.4"
35.0.86.249 - mberk [23/Oct/2012:11:21:36 -0400] "GET / HTTP/1.1" 200 5188 "https://weblogin.umich.edu/?cosign-www.gradecraft.com&https://www.gradecraft.com/" "Mozilla/5.0 (Macintosh; Intel Mac OS X 10_7_4) AppleWebKit/537.4 (KHTML, like Gecko) Chrome/22.0.1229.94 Safari/537.4"
35.0.86.249 - mberk [23/Oct/2012:11:21:37 -0400] "GET /assets/application-75efbcdd2e483708b1922621823d8e20.css HTTP/1.1" 304 245 "https://www.gradecraft.com/" "Mozilla/5.0 (Macintosh; Intel Mac OS X 10_7_4) AppleWebKit/537.4 (KHTML, like Gecko) Chrome/22.0.1229.94 Safari/537.4"
35.0.86.249 - mberk [23/Oct/2012:11:21:37 -0400] "GET /assets/application-8ce02592fd93cf8f056fcba13d4bd5fc.js HTTP/1.1" 304 3278 "https://www.gradecraft.com/" "Mozilla/5.0 (Macintosh; Intel Mac OS X 10_7_4) AppleWebKit/537.4 (KHTML, like Gecko) Chrome/22.0.1229.94 Safari/537.4"
35.0.86.249 - mberk [23/Oct/2012:11:21:37 -0400] "GET /users/predictor.json?user_id=300 HTTP/1.1" 304 885 "https://www.gradecraft.com/" "Mozilla/5.0 (Macintosh; Intel Mac OS X 10_7_4) AppleWebKit/537.4 (KHTML, like Gecko) Chrome/22.0.1229.94 Safari/537.4"
35.0.86.249 - mberk [23/Oct/2012:11:21:37 -0400] "GET /users/predictor.json?in_progress=true&user_id=300 HTTP/1.1" 304 869 "https://www.gradecraft.com/" "Mozilla/5.0 (Macintosh; Intel Mac OS X 10_7_4) AppleWebKit/537.4 (KHTML, like Gecko) Chrome/22.0.1229.94 Safari/537.4"
67.194.103.235 - - [23/Oct/2012:11:23:16 -0400] "GET /dashboard HTTP/1.1" 302 3201 "-" "VB Project"
141.211.154.28 - mmanty [23/Oct/2012:11:23:57 -0400] "GET /assignments/ HTTP/1.1" 304 3950 "-" "Mozilla/5.0 (Macintosh; Intel Mac OS X 10.6; rv:16.0) Gecko/20100101 Firefox/16.0"
141.211.154.28 - mmanty [23/Oct/2012:11:24:06 -0400] "GET /assignments/74/grades/mass_edit HTTP/1.1" 200 14345 "https://www.gradecraft.com/assignments/" "Mozilla/5.0 (Macintosh; Intel Mac OS X 10.6; rv:16.0) Gecko/20100101 Firefox/16.0"
67.194.222.19 - rmenhen [23/Oct/2012:11:24:45 -0400] "GET / HTTP/1.1" 304 3950 "-" "Mozilla/5.0 (Windows NT 6.1; WOW64) AppleWebKit/537.4 (KHTML, like Gecko) Chrome/22.0.1229.94 Safari/537.4"
67.194.222.19 - rmenhen [23/Oct/2012:11:24:47 -0400] "GET /users/predictor.json?user_id=171 HTTP/1.1" 304 4097 "https://www.gradecraft.com/" "Mozilla/5.0 (Windows NT 6.1; WOW64) AppleWebKit/537.4 (KHTML, like Gecko) Chrome/22.0.1229.94 Safari/537.4"
67.194.222.19 - rmenhen [23/Oct/2012:11:24:47 -0400] "GET /users/predictor.json?in_progress=true&user_id=171 HTTP/1.1" 304 869 "https://www.gradecraft.com/" "Mozilla/5.0 (Windows NT 6.1; WOW64) AppleWebKit/537.4 (KHTML, like Gecko) Chrome/22.0.1229.94 Safari/537.4"
67.194.126.116 - - [23/Oct/2012:11:28:03 -0400] "GET /dashboard HTTP/1.1" 302 3259 "-" "Mozilla/5.0 (Macintosh; Intel Mac OS X 10_8_2) AppleWebKit/536.26.14 (KHTML, like Gecko) Version/6.0.1 Safari/536.26.14"
67.194.126.116 - - [23/Oct/2012:11:28:04 -0400] "GET /cosign/valid?cosign-www.gradecraft.com=l1-ru46wXTDEdKjOAtA9M8A96bJYt7qqhnw+XYl-63MunDxVicMX0lv-IWTDsmD2T1a2DquJ36TD7q6NQN2EawGQCdZ0Uga8bP-TgMYE3nQJqBvqiZPZ1jY4z+dS&https://www.gradecraft.com/dashboard HTTP/1.1" 301 900 "-" "Mozilla/5.0 (Macintosh; Intel Mac OS X 10_8_2) AppleWebKit/536.26.14 (KHTML, like Gecko) Version/6.0.1 Safari/536.26.14"
67.194.126.116 - frasheed [23/Oct/2012:11:28:04 -0400] "GET /dashboard HTTP/1.1" 200 5204 "-" "Mozilla/5.0 (Macintosh; Intel Mac OS X 10_8_2) AppleWebKit/536.26.14 (KHTML, like Gecko) Version/6.0.1 Safari/536.26.14"
