165.123.84.248 - hougies@wharton.upenn.edu [31/Oct/2012:10:30:03 -0400] "GET /assets/application-4019f0e2cdfabad442b22c5ea2d0cede.js HTTP/1.1" 304 245 "https://www.gradecraft.com/dashboard" "Mozilla/5.0 (Macintosh; Intel Mac OS X 10_6_8) AppleWebKit/534.57.2 (KHTML, like Gecko) Version/5.1.7 Safari/534.57.2"
165.123.87.136 - ghalia@wharton.upenn.edu [31/Oct/2012:10:30:03 -0400] "GET /assets/application-a3ae5c543e1d181d1d7cb923cba7352c.css HTTP/1.1" 304 245 "https://www.gradecraft.com/dashboard" "Mozilla/5.0 (iPhone; CPU iPhone OS 6_0 like Mac OS X) AppleWebKit/536.26 (KHTML, like Gecko) Version/6.0 Mobile/10A403 Safari/8536.25"
165.123.84.248 - hougies@wharton.upenn.edu [31/Oct/2012:10:30:04 -0400] "GET /assets/application-a3ae5c543e1d181d1d7cb923cba7352c.css HTTP/1.1" 304 383 "https://www.gradecraft.com/dashboard" "Mozilla/5.0 (Macintosh; Intel Mac OS X 10_6_8) AppleWebKit/534.57.2 (KHTML, like Gecko) Version/5.1.7 Safari/534.57.2"
165.123.84.248 - hougies@wharton.upenn.edu [31/Oct/2012:10:30:04 -0400] "GET /assets/stylesheets/superhero.min.css HTTP/1.1" 404 1198 "https://www.gradecraft.com/dashboard" "Mozilla/5.0 (Macintosh; Intel Mac OS X 10_6_8) AppleWebKit/534.57.2 (KHTML, like Gecko) Version/5.1.7 Safari/534.57.2"
165.123.87.136 - ghalia@wharton.upenn.edu [31/Oct/2012:10:30:04 -0400] "GET /assets/stylesheets/superhero.min.css HTTP/1.1" 404 1205 "https://www.gradecraft.com/dashboard" "Mozilla/5.0 (iPhone; CPU iPhone OS 6_0 like Mac OS X) AppleWebKit/536.26 (KHTML, like Gecko) Version/6.0 Mobile/10A403 Safari/8536.25"
165.123.87.136 - ghalia@wharton.upenn.edu [31/Oct/2012:10:30:04 -0400] "GET /assets/application-4019f0e2cdfabad442b22c5ea2d0cede.js HTTP/1.1" 304 245 "https://www.gradecraft.com/dashboard" "Mozilla/5.0 (iPhone; CPU iPhone OS 6_0 like Mac OS X) AppleWebKit/536.26 (KHTML, like Gecko) Version/6.0 Mobile/10A403 Safari/8536.25"
165.123.84.248 - hougies@wharton.upenn.edu [31/Oct/2012:10:30:04 -0400] "GET /badges/wharton/image02.png HTTP/1.1" 304 213 "https://www.gradecraft.com/dashboard" "Mozilla/5.0 (Macintosh; Intel Mac OS X 10_6_8) AppleWebKit/534.57.2 (KHTML, like Gecko) Version/5.1.7 Safari/534.57.2"
165.123.84.248 - hougies@wharton.upenn.edu [31/Oct/2012:10:30:04 -0400] "GET /badges/wharton/image01.png HTTP/1.1" 304 213 "https://www.gradecraft.com/dashboard" "Mozilla/5.0 (Macintosh; Intel Mac OS X 10_6_8) AppleWebKit/534.57.2 (KHTML, like Gecko) Version/5.1.7 Safari/534.57.2"
165.123.87.136 - ghalia@wharton.upenn.edu [31/Oct/2012:10:30:04 -0400] "GET /badges/wharton/image01.png HTTP/1.1" 304 213 "https://www.gradecraft.com/dashboard" "Mozilla/5.0 (iPhone; CPU iPhone OS 6_0 like Mac OS X) AppleWebKit/536.26 (KHTML, like Gecko) Version/6.0 Mobile/10A403 Safari/8536.25"
165.123.87.136 - ghalia@wharton.upenn.edu [31/Oct/2012:10:30:04 -0400] "GET /badges/wharton/image02.png HTTP/1.1" 304 213 "https://www.gradecraft.com/dashboard" "Mozilla/5.0 (iPhone; CPU iPhone OS 6_0 like Mac OS X) AppleWebKit/536.26 (KHTML, like Gecko) Version/6.0 Mobile/10A403 Safari/8536.25"
165.123.87.136 - ghalia@wharton.upenn.edu [31/Oct/2012:10:30:04 -0400] "GET /badges/wharton/image06.png HTTP/1.1" 304 213 "https://www.gradecraft.com/dashboard" "Mozilla/5.0 (iPhone; CPU iPhone OS 6_0 like Mac OS X) AppleWebKit/536.26 (KHTML, like Gecko) Version/6.0 Mobile/10A403 Safari/8536.25"
165.123.87.136 - ghalia@wharton.upenn.edu [31/Oct/2012:10:30:04 -0400] "GET /badges/wharton/image00.png HTTP/1.1" 304 213 "https://www.gradecraft.com/dashboard" "Mozilla/5.0 (iPhone; CPU iPhone OS 6_0 like Mac OS X) AppleWebKit/536.26 (KHTML, like Gecko) Version/6.0 Mobile/10A403 Safari/8536.25"
165.123.87.136 - ghalia@wharton.upenn.edu [31/Oct/2012:10:30:04 -0400] "GET /badges/wharton/Game-Master-Badge.png HTTP/1.1" 304 213 "https://www.gradecraft.com/dashboard" "Mozilla/5.0 (iPhone; CPU iPhone OS 6_0 like Mac OS X) AppleWebKit/536.26 (KHTML, like Gecko) Version/6.0 Mobile/10A403 Safari/8536.25"
165.123.84.248 - hougies@wharton.upenn.edu [31/Oct/2012:10:30:04 -0400] "GET /badges/wharton/image03.png HTTP/1.1" 304 213 "https://www.gradecraft.com/dashboard" "Mozilla/5.0 (Macintosh; Intel Mac OS X 10_6_8) AppleWebKit/534.57.2 (KHTML, like Gecko) Version/5.1.7 Safari/534.57.2"
165.123.84.248 - hougies@wharton.upenn.edu [31/Oct/2012:10:30:04 -0400] "GET /badges/wharton/image04.png HTTP/1.1" 304 213 "https://www.gradecraft.com/dashboard" "Mozilla/5.0 (Macintosh; Intel Mac OS X 10_6_8) AppleWebKit/534.57.2 (KHTML, like Gecko) Version/5.1.7 Safari/534.57.2"
165.123.84.248 - hougies@wharton.upenn.edu [31/Oct/2012:10:30:04 -0400] "GET /badges/wharton/image07.png HTTP/1.1" 304 213 "https://www.gradecraft.com/dashboard" "Mozilla/5.0 (Macintosh; Intel Mac OS X 10_6_8) AppleWebKit/534.57.2 (KHTML, like Gecko) Version/5.1.7 Safari/534.57.2"
165.123.84.248 - hougies@wharton.upenn.edu [31/Oct/2012:10:30:04 -0400] "GET /badges/wharton/image08.png HTTP/1.1" 304 213 "https://www.gradecraft.com/dashboard" "Mozilla/5.0 (Macintosh; Intel Mac OS X 10_6_8) AppleWebKit/534.57.2 (KHTML, like Gecko) Version/5.1.7 Safari/534.57.2"
165.123.84.248 - hougies@wharton.upenn.edu [31/Oct/2012:10:30:04 -0400] "GET /badges/wharton/image09.png HTTP/1.1" 304 213 "https://www.gradecraft.com/dashboard" "Mozilla/5.0 (Macintosh; Intel Mac OS X 10_6_8) AppleWebKit/534.57.2 (KHTML, like Gecko) Version/5.1.7 Safari/534.57.2"
165.123.84.248 - hougies@wharton.upenn.edu [31/Oct/2012:10:30:04 -0400] "GET /badges/wharton/image00.png HTTP/1.1" 304 213 "https://www.gradecraft.com/dashboard" "Mozilla/5.0 (Macintosh; Intel Mac OS X 10_6_8) AppleWebKit/534.57.2 (KHTML, like Gecko) Version/5.1.7 Safari/534.57.2"
165.123.84.248 - hougies@wharton.upenn.edu [31/Oct/2012:10:30:04 -0400] "GET /badges/wharton/Game-Master-Badge.png HTTP/1.1" 304 213 "https://www.gradecraft.com/dashboard" "Mozilla/5.0 (Macintosh; Intel Mac OS X 10_6_8) AppleWebKit/534.57.2 (KHTML, like Gecko) Version/5.1.7 Safari/534.57.2"
165.123.84.248 - hougies@wharton.upenn.edu [31/Oct/2012:10:30:04 -0400] "GET /badges/wharton/Corporate-Lackey-Badge.png HTTP/1.1" 304 213 "https://www.gradecraft.com/dashboard" "Mozilla/5.0 (Macintosh; Intel Mac OS X 10_6_8) AppleWebKit/534.57.2 (KHTML, like Gecko) Version/5.1.7 Safari/534.57.2"
165.123.84.248 - hougies@wharton.upenn.edu [31/Oct/2012:10:30:04 -0400] "GET /badges/wharton/Globe-Trotter-Badge.png HTTP/1.1" 304 213 "https://www.gradecraft.com/dashboard" "Mozilla/5.0 (Macintosh; Intel Mac OS X 10_6_8) AppleWebKit/534.57.2 (KHTML, like Gecko) Version/5.1.7 Safari/534.57.2"
35.0.91.6 - allymd [31/Oct/2012:10:30:04 -0400] "GET /badges/pos101/personal.png HTTP/1.1" 200 4474 "https://www.gradecraft.com/dashboard" "Mozilla/5.0 (Macintosh; Intel Mac OS X 10_7_4) AppleWebKit/534.57.5 (KHTML, like Gecko) Version/5.1.7 Safari/534.57.4"
165.123.84.248 - hougies@wharton.upenn.edu [31/Oct/2012:10:30:04 -0400] "GET /users/predictor.json?user_id=55 HTTP/1.1" 200 1674 "https://www.gradecraft.com/dashboard" "Mozilla/5.0 (Macintosh; Intel Mac OS X 10_6_8) AppleWebKit/534.57.2 (KHTML, like Gecko) Version/5.1.7 Safari/534.57.2"
165.123.87.136 - ghalia@wharton.upenn.edu [31/Oct/2012:10:30:04 -0400] "GET /users/predictor.json?in_progress=true&user_id=26 HTTP/1.1" 304 885 "https://www.gradecraft.com/dashboard" "Mozilla/5.0 (iPhone; CPU iPhone OS 6_0 like Mac OS X) AppleWebKit/536.26 (KHTML, like Gecko) Version/6.0 Mobile/10A403 Safari/8536.25"
165.123.87.136 - ghalia@wharton.upenn.edu [31/Oct/2012:10:30:04 -0400] "GET /users/predictor.json?user_id=26 HTTP/1.1" 304 885 "https://www.gradecraft.com/dashboard" "Mozilla/5.0 (iPhone; CPU iPhone OS 6_0 like Mac OS X) AppleWebKit/536.26 (KHTML, like Gecko) Version/6.0 Mobile/10A403 Safari/8536.25"
165.123.87.136 - ghalia@wharton.upenn.edu [31/Oct/2012:10:30:05 -0400] "GET /badges/wharton/image03.png HTTP/1.1" 304 374 "https://www.gradecraft.com/dashboard" "Mozilla/5.0 (iPhone; CPU iPhone OS 6_0 like Mac OS X) AppleWebKit/536.26 (KHTML, like Gecko) Version/6.0 Mobile/10A403 Safari/8536.25"
165.123.87.136 - ghalia@wharton.upenn.edu [31/Oct/2012:10:30:05 -0400] "GET /badges/wharton/image07.png HTTP/1.1" 304 213 "https://www.gradecraft.com/dashboard" "Mozilla/5.0 (iPhone; CPU iPhone OS 6_0 like Mac OS X) AppleWebKit/536.26 (KHTML, like Gecko) Version/6.0 Mobile/10A403 Safari/8536.25"
165.123.87.136 - ghalia@wharton.upenn.edu [31/Oct/2012:10:30:05 -0400] "GET /badges/wharton/Corporate-Lackey-Badge.png HTTP/1.1" 304 213 "https://www.gradecraft.com/dashboard" "Mozilla/5.0 (iPhone; CPU iPhone OS 6_0 like Mac OS X) AppleWebKit/536.26 (KHTML, like Gecko) Version/6.0 Mobile/10A403 Safari/8536.25"
165.123.84.248 - hougies@wharton.upenn.edu [31/Oct/2012:10:30:05 -0400] "GET /users/predictor.json?in_progress=true&user_id=55 HTTP/1.1" 200 1828 "https://www.gradecraft.com/dashboard" "Mozilla/5.0 (Macintosh; Intel Mac OS X 10_6_8) AppleWebKit/534.57.2 (KHTML, like Gecko) Version/5.1.7 Safari/534.57.2"
165.123.233.78 - anishsaw@sas.upenn.edu [31/Oct/2012:10:30:03 -0400] "GET /dashboard HTTP/1.1" 200 4356 "https://weblogin.umich.edu/?cosign-www.gradecraft.com&https://www.gradecraft.com/dashboard" "Opera/9.80 (Windows NT 6.1; WOW64; U; en) Presto/2.10.289 Version/12.02"
165.123.233.78 - anishsaw@sas.upenn.edu [31/Oct/2012:10:30:05 -0400] "GET /assets/application-a3ae5c543e1d181d1d7cb923cba7352c.css HTTP/1.1" 200 47949 "https://www.gradecraft.com/dashboard" "Opera/9.80 (Windows NT 6.1; WOW64; U; en) Presto/2.10.289 Version/12.02"
165.123.233.78 - anishsaw@sas.upenn.edu [31/Oct/2012:10:30:05 -0400] "GET /badges/wharton/image04.png HTTP/1.1" 200 7690 "https://www.gradecraft.com/dashboard" "Opera/9.80 (Windows NT 6.1; WOW64; U; en) Presto/2.10.289 Version/12.02"
165.123.233.78 - anishsaw@sas.upenn.edu [31/Oct/2012:10:30:05 -0400] "GET /badges/wharton/image00.png HTTP/1.1" 200 8362 "https://www.gradecraft.com/dashboard" "Opera/9.80 (Windows NT 6.1; WOW64; U; en) Presto/2.10.289 Version/12.02"
35.0.91.6 - allymd [31/Oct/2012:10:30:06 -0400] "GET /badges/pos101/level_one.png HTTP/1.1" 200 4458 "https://www.gradecraft.com/dashboard" "Mozilla/5.0 (Macintosh; Intel Mac OS X 10_7_4) AppleWebKit/534.57.5 (KHTML, like Gecko) Version/5.1.7 Safari/534.57.4"
165.123.233.78 - anishsaw@sas.upenn.edu [31/Oct/2012:10:30:06 -0400] "GET /assets/stylesheets/superhero.min.css HTTP/1.1" 404 1044 "https://www.gradecraft.com/dashboard" "Opera/9.80 (Windows NT 6.1; WOW64; U; en) Presto/2.10.289 Version/12.02"
165.123.86.68 - yanfengo@wharton.upenn.edu [31/Oct/2012:10:30:03 -0400] "GET /dashboard HTTP/1.1" 200 4501 "https://weblogin.umich.edu/?cosign-www.gradecraft.com&https://www.gradecraft.com/" "Mozilla/5.0 (Windows NT 6.1; WOW64) AppleWebKit/537.4 (KHTML, like Gecko) Chrome/22.0.1229.94 Safari/537.4"
165.123.233.78 - anishsaw@sas.upenn.edu [31/Oct/2012:10:30:06 -0400] "GET /badges/wharton/image01.png HTTP/1.1" 200 6842 "https://www.gradecraft.com/dashboard" "Opera/9.80 (Windows NT 6.1; WOW64; U; en) Presto/2.10.289 Version/12.02"
165.123.84.248 - hougies@wharton.upenn.edu [31/Oct/2012:10:30:06 -0400] "GET /badges/wharton/image06.png HTTP/1.1" 304 367 "https://www.gradecraft.com/dashboard" "Mozilla/5.0 (Macintosh; Intel Mac OS X 10_6_8) AppleWebKit/534.57.2 (KHTML, like Gecko) Version/5.1.7 Safari/534.57.2"
165.123.84.248 - hougies@wharton.upenn.edu [31/Oct/2012:10:30:06 -0400] "GET /badges/wharton/image05.png HTTP/1.1" 304 367 "https://www.gradecraft.com/dashboard" "Mozilla/5.0 (Macintosh; Intel Mac OS X 10_6_8) AppleWebKit/534.57.2 (KHTML, like Gecko) Version/5.1.7 Safari/534.57.2"
165.123.87.136 - ghalia@wharton.upenn.edu [31/Oct/2012:10:30:06 -0400] "GET /badges/wharton/image04.png HTTP/1.1" 304 374 "https://www.gradecraft.com/dashboard" "Mozilla/5.0 (iPhone; CPU iPhone OS 6_0 like Mac OS X) AppleWebKit/536.26 (KHTML, like Gecko) Version/6.0 Mobile/10A403 Safari/8536.25"
165.123.87.136 - ghalia@wharton.upenn.edu [31/Oct/2012:10:30:06 -0400] "GET /badges/wharton/image05.png HTTP/1.1" 304 374 "https://www.gradecraft.com/dashboard" "Mozilla/5.0 (iPhone; CPU iPhone OS 6_0 like Mac OS X) AppleWebKit/536.26 (KHTML, like Gecko) Version/6.0 Mobile/10A403 Safari/8536.25"
165.123.87.136 - ghalia@wharton.upenn.edu [31/Oct/2012:10:30:06 -0400] "GET /badges/wharton/image09.png HTTP/1.1" 304 213 "https://www.gradecraft.com/dashboard" "Mozilla/5.0 (iPhone; CPU iPhone OS 6_0 like Mac OS X) AppleWebKit/536.26 (KHTML, like Gecko) Version/6.0 Mobile/10A403 Safari/8536.25"
165.123.87.136 - ghalia@wharton.upenn.edu [31/Oct/2012:10:30:06 -0400] "GET /badges/wharton/image08.png HTTP/1.1" 304 213 "https://www.gradecraft.com/dashboard" "Mozilla/5.0 (iPhone; CPU iPhone OS 6_0 like Mac OS X) AppleWebKit/536.26 (KHTML, like Gecko) Version/6.0 Mobile/10A403 Safari/8536.25"
165.123.233.78 - anishsaw@sas.upenn.edu [31/Oct/2012:10:30:06 -0400] "GET /badges/wharton/image06.png HTTP/1.1" 200 8042 "https://www.gradecraft.com/dashboard" "Opera/9.80 (Windows NT 6.1; WOW64; U; en) Presto/2.10.289 Version/12.02"
165.123.87.136 - ghalia@wharton.upenn.edu [31/Oct/2012:10:30:06 -0400] "GET /badges/wharton/Globe-Trotter-Badge.png HTTP/1.1" 304 213 "https://www.gradecraft.com/dashboard" "Mozilla/5.0 (iPhone; CPU iPhone OS 6_0 like Mac OS X) AppleWebKit/536.26 (KHTML, like Gecko) Version/6.0 Mobile/10A403 Safari/8536.25"
165.123.233.78 - anishsaw@sas.upenn.edu [31/Oct/2012:10:30:05 -0400] "GET /assets/application-4019f0e2cdfabad442b22c5ea2d0cede.js HTTP/1.1" 200 208766 "https://www.gradecraft.com/dashboard" "Opera/9.80 (Windows NT 6.1; WOW64; U; en) Presto/2.10.289 Version/12.02"
165.123.233.78 - anishsaw@sas.upenn.edu [31/Oct/2012:10:30:06 -0400] "GET /badges/wharton/image05.png HTTP/1.1" 200 7866 "https://www.gradecraft.com/dashboard" "Opera/9.80 (Windows NT 6.1; WOW64; U; en) Presto/2.10.289 Version/12.02"
165.123.233.78 - anishsaw@sas.upenn.edu [31/Oct/2012:10:30:06 -0400] "GET /badges/wharton/Game-Master-Badge.png HTTP/1.1" 200 11946 "https://www.gradecraft.com/dashboard" "Opera/9.80 (Windows NT 6.1; WOW64; U; en) Presto/2.10.289 Version/12.02"
165.123.233.78 - anishsaw@sas.upenn.edu [31/Oct/2012:10:30:06 -0400] "GET /badges/wharton/image07.png HTTP/1.1" 200 7946 "https://www.gradecraft.com/dashboard" "Opera/9.80 (Windows NT 6.1; WOW64; U; en) Presto/2.10.289 Version/12.02"
165.123.233.78 - anishsaw@sas.upenn.edu [31/Oct/2012:10:30:06 -0400] "GET /badges/wharton/image03.png HTTP/1.1" 200 10698 "https://www.gradecraft.com/dashboard" "Opera/9.80 (Windows NT 6.1; WOW64; U; en) Presto/2.10.289 Version/12.02"
165.123.233.78 - anishsaw@sas.upenn.edu [31/Oct/2012:10:30:06 -0400] "GET /badges/wharton/image02.png HTTP/1.1" 200 9754 "https://www.gradecraft.com/dashboard" "Opera/9.80 (Windows NT 6.1; WOW64; U; en) Presto/2.10.289 Version/12.02"
35.0.91.6 - allymd [31/Oct/2012:10:30:06 -0400] "GET /badges/pos101/awesome_aggregator.png HTTP/1.1" 200 5796 "https://www.gradecraft.com/dashboard" "Mozilla/5.0 (Macintosh; Intel Mac OS X 10_7_4) AppleWebKit/534.57.5 (KHTML, like Gecko) Version/5.1.7 Safari/534.57.4"
165.123.233.78 - anishsaw@sas.upenn.edu [31/Oct/2012:10:30:06 -0400] "GET /badges/wharton/image08.png HTTP/1.1" 200 11146 "https://www.gradecraft.com/dashboard" "Opera/9.80 (Windows NT 6.1; WOW64; U; en) Presto/2.10.289 Version/12.02"
165.123.233.78 - anishsaw@sas.upenn.edu [31/Oct/2012:10:30:06 -0400] "GET /badges/wharton/image09.png HTTP/1.1" 200 11818 "https://www.gradecraft.com/dashboard" "Opera/9.80 (Windows NT 6.1; WOW64; U; en) Presto/2.10.289 Version/12.02"
165.123.233.78 - anishsaw@sas.upenn.edu [31/Oct/2012:10:30:06 -0400] "GET /users/predictor.json?user_id=25 HTTP/1.1" 200 1674 "https://www.gradecraft.com/dashboard" "Opera/9.80 (Windows NT 6.1; WOW64; U; en) Presto/2.10.289 Version/12.02"
165.123.86.68 - yanfengo@wharton.upenn.edu [31/Oct/2012:10:30:07 -0400] "GET /assets/application-a3ae5c543e1d181d1d7cb923cba7352c.css HTTP/1.1" 304 245 "https://www.gradecraft.com/dashboard" "Mozilla/5.0 (Windows NT 6.1; WOW64) AppleWebKit/537.4 (KHTML, like Gecko) Chrome/22.0.1229.94 Safari/537.4"
165.123.86.68 - yanfengo@wharton.upenn.edu [31/Oct/2012:10:30:07 -0400] "GET /assets/application-4019f0e2cdfabad442b22c5ea2d0cede.js HTTP/1.1" 304 390 "https://www.gradecraft.com/dashboard" "Mozilla/5.0 (Windows NT 6.1; WOW64) AppleWebKit/537.4 (KHTML, like Gecko) Chrome/22.0.1229.94 Safari/537.4"
165.123.86.68 - yanfengo@wharton.upenn.edu [31/Oct/2012:10:30:07 -0400] "GET /assets/stylesheets/superhero.min.css HTTP/1.1" 404 1205 "https://www.gradecraft.com/dashboard" "Mozilla/5.0 (Windows NT 6.1; WOW64) AppleWebKit/537.4 (KHTML, like Gecko) Chrome/22.0.1229.94 Safari/537.4"
165.123.233.78 - anishsaw@sas.upenn.edu [31/Oct/2012:10:30:07 -0400] "GET /badges/wharton/Corporate-Lackey-Badge.png HTTP/1.1" 200 10059 "https://www.gradecraft.com/dashboard" "Opera/9.80 (Windows NT 6.1; WOW64; U; en) Presto/2.10.289 Version/12.02"
165.123.233.78 - - [31/Oct/2012:10:30:07 -0400] "GET /favicon.ico HTTP/1.1" 302 917 "https://www.gradecraft.com/dashboard" "Opera/9.80 (Windows NT 6.1; WOW64; U; en) Presto/2.10.289 Version/12.02"
165.123.233.78 - anishsaw@sas.upenn.edu [31/Oct/2012:10:30:07 -0400] "GET /users/predictor.json?in_progress=true&user_id=25 HTTP/1.1" 200 1819 "https://www.gradecraft.com/dashboard" "Opera/9.80 (Windows NT 6.1; WOW64; U; en) Presto/2.10.289 Version/12.02"
165.123.86.68 - yanfengo@wharton.upenn.edu [31/Oct/2012:10:30:07 -0400] "GET /badges/wharton/image01.png HTTP/1.1" 304 213 "https://www.gradecraft.com/dashboard" "Mozilla/5.0 (Windows NT 6.1; WOW64) AppleWebKit/537.4 (KHTML, like Gecko) Chrome/22.0.1229.94 Safari/537.4"
165.123.86.68 - yanfengo@wharton.upenn.edu [31/Oct/2012:10:30:07 -0400] "GET /badges/wharton/image04.png HTTP/1.1" 304 374 "https://www.gradecraft.com/dashboard" "Mozilla/5.0 (Windows NT 6.1; WOW64) AppleWebKit/537.4 (KHTML, like Gecko) Chrome/22.0.1229.94 Safari/537.4"
165.123.86.68 - yanfengo@wharton.upenn.edu [31/Oct/2012:10:30:07 -0400] "GET /badges/wharton/image02.png HTTP/1.1" 304 374 "https://www.gradecraft.com/dashboard" "Mozilla/5.0 (Windows NT 6.1; WOW64) AppleWebKit/537.4 (KHTML, like Gecko) Chrome/22.0.1229.94 Safari/537.4"
165.123.86.68 - yanfengo@wharton.upenn.edu [31/Oct/2012:10:30:07 -0400] "GET /badges/wharton/image03.png HTTP/1.1" 304 374 "https://www.gradecraft.com/dashboard" "Mozilla/5.0 (Windows NT 6.1; WOW64) AppleWebKit/537.4 (KHTML, like Gecko) Chrome/22.0.1229.94 Safari/537.4"
165.123.86.68 - yanfengo@wharton.upenn.edu [31/Oct/2012:10:30:07 -0400] "GET /badges/wharton/image05.png HTTP/1.1" 304 213 "https://www.gradecraft.com/dashboard" "Mozilla/5.0 (Windows NT 6.1; WOW64) AppleWebKit/537.4 (KHTML, like Gecko) Chrome/22.0.1229.94 Safari/537.4"
165.123.86.68 - yanfengo@wharton.upenn.edu [31/Oct/2012:10:30:07 -0400] "GET /badges/wharton/image06.png HTTP/1.1" 304 213 "https://www.gradecraft.com/dashboard" "Mozilla/5.0 (Windows NT 6.1; WOW64) AppleWebKit/537.4 (KHTML, like Gecko) Chrome/22.0.1229.94 Safari/537.4"
165.123.86.68 - yanfengo@wharton.upenn.edu [31/Oct/2012:10:30:07 -0400] "GET /badges/wharton/image07.png HTTP/1.1" 304 213 "https://www.gradecraft.com/dashboard" "Mozilla/5.0 (Windows NT 6.1; WOW64) AppleWebKit/537.4 (KHTML, like Gecko) Chrome/22.0.1229.94 Safari/537.4"
165.123.86.68 - yanfengo@wharton.upenn.edu [31/Oct/2012:10:30:07 -0400] "GET /badges/wharton/image08.png HTTP/1.1" 304 213 "https://www.gradecraft.com/dashboard" "Mozilla/5.0 (Windows NT 6.1; WOW64) AppleWebKit/537.4 (KHTML, like Gecko) Chrome/22.0.1229.94 Safari/537.4"
165.123.86.68 - yanfengo@wharton.upenn.edu [31/Oct/2012:10:30:07 -0400] "GET /badges/wharton/image09.png HTTP/1.1" 304 213 "https://www.gradecraft.com/dashboard" "Mozilla/5.0 (Windows NT 6.1; WOW64) AppleWebKit/537.4 (KHTML, like Gecko) Chrome/22.0.1229.94 Safari/537.4"
165.123.86.68 - yanfengo@wharton.upenn.edu [31/Oct/2012:10:30:07 -0400] "GET /badges/wharton/image00.png HTTP/1.1" 304 213 "https://www.gradecraft.com/dashboard" "Mozilla/5.0 (Windows NT 6.1; WOW64) AppleWebKit/537.4 (KHTML, like Gecko) Chrome/22.0.1229.94 Safari/537.4"
165.123.86.68 - yanfengo@wharton.upenn.edu [31/Oct/2012:10:30:07 -0400] "GET /badges/wharton/Game-Master-Badge.png HTTP/1.1" 304 213 "https://www.gradecraft.com/dashboard" "Mozilla/5.0 (Windows NT 6.1; WOW64) AppleWebKit/537.4 (KHTML, like Gecko) Chrome/22.0.1229.94 Safari/537.4"
165.123.86.68 - yanfengo@wharton.upenn.edu [31/Oct/2012:10:30:07 -0400] "GET /badges/wharton/Corporate-Lackey-Badge.png HTTP/1.1" 304 213 "https://www.gradecraft.com/dashboard" "Mozilla/5.0 (Windows NT 6.1; WOW64) AppleWebKit/537.4 (KHTML, like Gecko) Chrome/22.0.1229.94 Safari/537.4"
165.123.86.68 - yanfengo@wharton.upenn.edu [31/Oct/2012:10:30:07 -0400] "GET /badges/wharton/Globe-Trotter-Badge.png HTTP/1.1" 304 213 "https://www.gradecraft.com/dashboard" "Mozilla/5.0 (Windows NT 6.1; WOW64) AppleWebKit/537.4 (KHTML, like Gecko) Chrome/22.0.1229.94 Safari/537.4"
165.123.86.68 - yanfengo@wharton.upenn.edu [31/Oct/2012:10:30:07 -0400] "GET /favicon.ico HTTP/1.1" 200 4650 "-" "Mozilla/5.0 (Windows NT 6.1; WOW64) AppleWebKit/537.4 (KHTML, like Gecko) Chrome/22.0.1229.94 Safari/537.4"
165.123.86.68 - yanfengo@wharton.upenn.edu [31/Oct/2012:10:30:07 -0400] "GET /users/predictor.json?user_id=16 HTTP/1.1" 304 869 "https://www.gradecraft.com/dashboard" "Mozilla/5.0 (Windows NT 6.1; WOW64) AppleWebKit/537.4 (KHTML, like Gecko) Chrome/22.0.1229.94 Safari/537.4"
165.123.86.68 - yanfengo@wharton.upenn.edu [31/Oct/2012:10:30:07 -0400] "GET /users/predictor.json?in_progress=true&user_id=16 HTTP/1.1" 304 869 "https://www.gradecraft.com/dashboard" "Mozilla/5.0 (Windows NT 6.1; WOW64) AppleWebKit/537.4 (KHTML, like Gecko) Chrome/22.0.1229.94 Safari/537.4"
67.194.71.125 - - [31/Oct/2012:10:30:07 -0400] "GET /users/363 HTTP/1.1" 302 3789 "https://www.gradecraft.com/users/students" "Mozilla/5.0 (Windows NT 6.1; rv:16.0) Gecko/20100101 Firefox/16.0"
130.91.56.195 - - [31/Oct/2012:10:30:08 -0400] "GET /dashboard HTTP/1.1" 302 3789 "https://wharton.instructure.com/courses/755358" "Mozilla/5.0 (Macintosh; Intel Mac OS X 10_7_5) AppleWebKit/537.4 (KHTML, like Gecko) Chrome/22.0.1229.94 Safari/537.4"
165.123.84.248 - hougies@wharton.upenn.edu [31/Oct/2012:10:30:09 -0400] "GET /assignments/15/grades/self_log?gradeable_id=55&gradeable_type=User HTTP/1.1" 200 2676 "https://www.gradecraft.com/dashboard" "Mozilla/5.0 (Macintosh; Intel Mac OS X 10_6_8) AppleWebKit/534.57.2 (KHTML, like Gecko) Version/5.1.7 Safari/534.57.2"
165.123.233.78 - anishsaw@sas.upenn.edu [31/Oct/2012:10:30:10 -0400] "GET /badges/wharton/Globe-Trotter-Badge.png HTTP/1.1" 200 10635 "https://www.gradecraft.com/dashboard" "Opera/9.80 (Windows NT 6.1; WOW64; U; en) Presto/2.10.289 Version/12.02"
165.123.84.248 - hougies@wharton.upenn.edu [31/Oct/2012:10:30:10 -0400] "GET /assets/stylesheets/superhero.min.css HTTP/1.1" 404 1044 "https://www.gradecraft.com/assignments/15/grades/self_log?gradeable_id=55&gradeable_type=User" "Mozilla/5.0 (Macintosh; Intel Mac OS X 10_6_8) AppleWebKit/534.57.2 (KHTML, like Gecko) Version/5.1.7 Safari/534.57.2"
67.194.71.125 - - [31/Oct/2012:10:30:14 -0400] "GET /cosign/valid?cosign-www.gradecraft.com=ncGjkeEbWFQ09o5kGnktC5Yl524uAdzMY0KgauvsatuDGaDl3C2Dw1kthc9iJ8OWGOyLfn4eMgJDYWvvvTACivjxeIuxwH6zbB9K3k99TSZEEU4pHX0MFDJ2fY-T&https://www.gradecraft.com/users/363 HTTP/1.1" 301 900 "https://weblogin.umich.edu/?cosign-www.gradecraft.com&https://www.gradecraft.com/users/363" "Mozilla/5.0 (Windows NT 6.1; rv:16.0) Gecko/20100101 Firefox/16.0"
165.123.84.248 - hougies@wharton.upenn.edu [31/Oct/2012:10:30:14 -0400] "POST /assignments/15/grades/self_log_create HTTP/1.1" 302 1652 "https://www.gradecraft.com/assignments/15/grades/self_log?gradeable_id=55&gradeable_type=User" "Mozilla/5.0 (Macintosh; Intel Mac OS X 10_6_8) AppleWebKit/534.57.2 (KHTML, like Gecko) Version/5.1.7 Safari/534.57.2"
165.123.84.248 - hougies@wharton.upenn.edu [31/Oct/2012:10:30:14 -0400] "GET /dashboard HTTP/1.1" 200 4500 "https://www.gradecraft.com/assignments/15/grades/self_log?gradeable_id=55&gradeable_type=User" "Mozilla/5.0 (Macintosh; Intel Mac OS X 10_6_8) AppleWebKit/534.57.2 (KHTML, like Gecko) Version/5.1.7 Safari/534.57.2"
165.123.84.248 - hougies@wharton.upenn.edu [31/Oct/2012:10:30:15 -0400] "GET /assets/stylesheets/superhero.min.css HTTP/1.1" 404 1044 "https://www.gradecraft.com/dashboard" "Mozilla/5.0 (Macintosh; Intel Mac OS X 10_6_8) AppleWebKit/534.57.2 (KHTML, like Gecko) Version/5.1.7 Safari/534.57.2"
165.123.84.248 - hougies@wharton.upenn.edu [31/Oct/2012:10:30:15 -0400] "GET /users/predictor.json?user_id=55 HTTP/1.1" 304 885 "https://www.gradecraft.com/dashboard" "Mozilla/5.0 (Macintosh; Intel Mac OS X 10_6_8) AppleWebKit/534.57.2 (KHTML, like Gecko) Version/5.1.7 Safari/534.57.2"
165.123.84.248 - hougies@wharton.upenn.edu [31/Oct/2012:10:30:15 -0400] "GET /users/predictor.json?in_progress=true&user_id=55 HTTP/1.1" 304 885 "https://www.gradecraft.com/dashboard" "Mozilla/5.0 (Macintosh; Intel Mac OS X 10_6_8) AppleWebKit/534.57.2 (KHTML, like Gecko) Version/5.1.7 Safari/534.57.2"
67.194.71.125 - petersob [31/Oct/2012:10:30:14 -0400] "GET /users/363 HTTP/1.1" 200 5972 "https://weblogin.umich.edu/?cosign-www.gradecraft.com&https://www.gradecraft.com/users/363" "Mozilla/5.0 (Windows NT 6.1; rv:16.0) Gecko/20100101 Firefox/16.0"
67.194.71.125 - petersob [31/Oct/2012:10:30:16 -0400] "GET /assets/application-a3ae5c543e1d181d1d7cb923cba7352c.css HTTP/1.1" 304 245 "https://www.gradecraft.com/users/363" "Mozilla/5.0 (Windows NT 6.1; rv:16.0) Gecko/20100101 Firefox/16.0"
67.194.71.125 - petersob [31/Oct/2012:10:30:16 -0400] "GET /assets/application-4019f0e2cdfabad442b22c5ea2d0cede.js HTTP/1.1" 304 245 "https://www.gradecraft.com/users/363" "Mozilla/5.0 (Windows NT 6.1; rv:16.0) Gecko/20100101 Firefox/16.0"
67.194.71.125 - petersob [31/Oct/2012:10:30:16 -0400] "GET /badges/pos101/phoebe_badge.jpg HTTP/1.1" 404 4288 "https://www.gradecraft.com/users/363" "Mozilla/5.0 (Windows NT 6.1; rv:16.0) Gecko/20100101 Firefox/16.0"
130.91.56.195 - - [31/Oct/2012:10:30:16 -0400] "GET /cosign/valid?cosign-www.gradecraft.com=pWeAHV+VetWoGxju+gwNgLf0n706wnEl-RcfDRYpPzfi2ZzbUBvuz32-X2wOpKLRAykITT-34eiE5LC+fd0ZKh+MmuztjkixJt5xr12j8xMETbkf6mfUBtxSvekn&https://www.gradecraft.com/dashboard HTTP/1.1" 301 900 "https://weblogin.umich.edu/?cosign-www.gradecraft.com&https://www.gradecraft.com/dashboard" "Mozilla/5.0 (Macintosh; Intel Mac OS X 10_7_5) AppleWebKit/537.4 (KHTML, like Gecko) Chrome/22.0.1229.94 Safari/537.4"
130.91.56.195 - tichen@sas.upenn.edu [31/Oct/2012:10:30:16 -0400] "GET /dashboard HTTP/1.1" 200 4372 "https://weblogin.umich.edu/?cosign-www.gradecraft.com&https://www.gradecraft.com/dashboard" "Mozilla/5.0 (Macintosh; Intel Mac OS X 10_7_5) AppleWebKit/537.4 (KHTML, like Gecko) Chrome/22.0.1229.94 Safari/537.4"
130.91.56.195 - tichen@sas.upenn.edu [31/Oct/2012:10:30:17 -0400] "GET /assets/application-a3ae5c543e1d181d1d7cb923cba7352c.css HTTP/1.1" 200 47949 "https://www.gradecraft.com/dashboard" "Mozilla/5.0 (Macintosh; Intel Mac OS X 10_7_5) AppleWebKit/537.4 (KHTML, like Gecko) Chrome/22.0.1229.94 Safari/537.4"
130.91.56.195 - tichen@sas.upenn.edu [31/Oct/2012:10:30:17 -0400] "GET /assets/stylesheets/superhero.min.css HTTP/1.1" 404 4288 "https://www.gradecraft.com/dashboard" "Mozilla/5.0 (Macintosh; Intel Mac OS X 10_7_5) AppleWebKit/537.4 (KHTML, like Gecko) Chrome/22.0.1229.94 Safari/537.4"
130.91.56.195 - tichen@sas.upenn.edu [31/Oct/2012:10:30:17 -0400] "GET /assets/application-4019f0e2cdfabad442b22c5ea2d0cede.js HTTP/1.1" 200 211849 "https://www.gradecraft.com/dashboard" "Mozilla/5.0 (Macintosh; Intel Mac OS X 10_7_5) AppleWebKit/537.4 (KHTML, like Gecko) Chrome/22.0.1229.94 Safari/537.4"
130.91.56.195 - tichen@sas.upenn.edu [31/Oct/2012:10:30:18 -0400] "GET /badges/wharton/image01.png HTTP/1.1" 200 6842 "https://www.gradecraft.com/dashboard" "Mozilla/5.0 (Macintosh; Intel Mac OS X 10_7_5) AppleWebKit/537.4 (KHTML, like Gecko) Chrome/22.0.1229.94 Safari/537.4"
130.91.56.195 - tichen@sas.upenn.edu [31/Oct/2012:10:30:18 -0400] "GET /badges/wharton/image02.png HTTP/1.1" 200 9899 "https://www.gradecraft.com/dashboard" "Mozilla/5.0 (Macintosh; Intel Mac OS X 10_7_5) AppleWebKit/537.4 (KHTML, like Gecko) Chrome/22.0.1229.94 Safari/537.4"
130.91.56.195 - tichen@sas.upenn.edu [31/Oct/2012:10:30:18 -0400] "GET /badges/wharton/image03.png HTTP/1.1" 200 10843 "https://www.gradecraft.com/dashboard" "Mozilla/5.0 (Macintosh; Intel Mac OS X 10_7_5) AppleWebKit/537.4 (KHTML, like Gecko) Chrome/22.0.1229.94 Safari/537.4"
130.91.56.195 - tichen@sas.upenn.edu [31/Oct/2012:10:30:18 -0400] "GET /badges/wharton/image04.png HTTP/1.1" 200 7835 "https://www.gradecraft.com/dashboard" "Mozilla/5.0 (Macintosh; Intel Mac OS X 10_7_5) AppleWebKit/537.4 (KHTML, like Gecko) Chrome/22.0.1229.94 Safari/537.4"
130.91.56.195 - tichen@sas.upenn.edu [31/Oct/2012:10:30:18 -0400] "GET /badges/wharton/image05.png HTTP/1.1" 200 7866 "https://www.gradecraft.com/dashboard" "Mozilla/5.0 (Macintosh; Intel Mac OS X 10_7_5) AppleWebKit/537.4 (KHTML, like Gecko) Chrome/22.0.1229.94 Safari/537.4"
130.91.56.195 - tichen@sas.upenn.edu [31/Oct/2012:10:30:18 -0400] "GET /badges/wharton/image06.png HTTP/1.1" 200 8042 "https://www.gradecraft.com/dashboard" "Mozilla/5.0 (Macintosh; Intel Mac OS X 10_7_5) AppleWebKit/537.4 (KHTML, like Gecko) Chrome/22.0.1229.94 Safari/537.4"
130.91.56.195 - tichen@sas.upenn.edu [31/Oct/2012:10:30:18 -0400] "GET /badges/wharton/image07.png HTTP/1.1" 200 7946 "https://www.gradecraft.com/dashboard" "Mozilla/5.0 (Macintosh; Intel Mac OS X 10_7_5) AppleWebKit/537.4 (KHTML, like Gecko) Chrome/22.0.1229.94 Safari/537.4"
130.91.56.195 - tichen@sas.upenn.edu [31/Oct/2012:10:30:18 -0400] "GET /badges/wharton/image08.png HTTP/1.1" 200 11146 "https://www.gradecraft.com/dashboard" "Mozilla/5.0 (Macintosh; Intel Mac OS X 10_7_5) AppleWebKit/537.4 (KHTML, like Gecko) Chrome/22.0.1229.94 Safari/537.4"
67.194.71.125 - petersob [31/Oct/2012:10:30:18 -0400] "GET /badges/pos101/phoebe_badge.jpg HTTP/1.1" 404 1044 "https://www.gradecraft.com/users/363" "Mozilla/5.0 (Windows NT 6.1; rv:16.0) Gecko/20100101 Firefox/16.0"
130.91.56.195 - tichen@sas.upenn.edu [31/Oct/2012:10:30:18 -0400] "GET /badges/wharton/image09.png HTTP/1.1" 200 11818 "https://www.gradecraft.com/dashboard" "Mozilla/5.0 (Macintosh; Intel Mac OS X 10_7_5) AppleWebKit/537.4 (KHTML, like Gecko) Chrome/22.0.1229.94 Safari/537.4"
130.91.56.195 - tichen@sas.upenn.edu [31/Oct/2012:10:30:18 -0400] "GET /badges/wharton/image00.png HTTP/1.1" 200 8362 "https://www.gradecraft.com/dashboard" "Mozilla/5.0 (Macintosh; Intel Mac OS X 10_7_5) AppleWebKit/537.4 (KHTML, like Gecko) Chrome/22.0.1229.94 Safari/537.4"
130.91.56.195 - tichen@sas.upenn.edu [31/Oct/2012:10:30:18 -0400] "GET /badges/wharton/Game-Master-Badge.png HTTP/1.1" 200 11946 "https://www.gradecraft.com/dashboard" "Mozilla/5.0 (Macintosh; Intel Mac OS X 10_7_5) AppleWebKit/537.4 (KHTML, like Gecko) Chrome/22.0.1229.94 Safari/537.4"
130.91.56.195 - tichen@sas.upenn.edu [31/Oct/2012:10:30:18 -0400] "GET /badges/wharton/Corporate-Lackey-Badge.png HTTP/1.1" 200 9914 "https://www.gradecraft.com/dashboard" "Mozilla/5.0 (Macintosh; Intel Mac OS X 10_7_5) AppleWebKit/537.4 (KHTML, like Gecko) Chrome/22.0.1229.94 Safari/537.4"
130.91.56.195 - tichen@sas.upenn.edu [31/Oct/2012:10:30:18 -0400] "GET /badges/wharton/Globe-Trotter-Badge.png HTTP/1.1" 200 10490 "https://www.gradecraft.com/dashboard" "Mozilla/5.0 (Macintosh; Intel Mac OS X 10_7_5) AppleWebKit/537.4 (KHTML, like Gecko) Chrome/22.0.1229.94 Safari/537.4"
130.91.56.195 - tichen@sas.upenn.edu [31/Oct/2012:10:30:18 -0400] "GET /users/predictor.json?in_progress=true&user_id=47 HTTP/1.1" 200 1690 "https://www.gradecraft.com/dashboard" "Mozilla/5.0 (Macintosh; Intel Mac OS X 10_7_5) AppleWebKit/537.4 (KHTML, like Gecko) Chrome/22.0.1229.94 Safari/537.4"
130.91.56.195 - tichen@sas.upenn.edu [31/Oct/2012:10:30:18 -0400] "GET /users/predictor.json?user_id=47 HTTP/1.1" 200 1674 "https://www.gradecraft.com/dashboard" "Mozilla/5.0 (Macintosh; Intel Mac OS X 10_7_5) AppleWebKit/537.4 (KHTML, like Gecko) Chrome/22.0.1229.94 Safari/537.4"
67.194.71.125 - petersob [31/Oct/2012:10:30:18 -0400] "GET /users/predictor.json?in_progress=true&user_id=363 HTTP/1.1" 200 1610 "https://www.gradecraft.com/users/363" "Mozilla/5.0 (Windows NT 6.1; rv:16.0) Gecko/20100101 Firefox/16.0"
67.194.71.125 - petersob [31/Oct/2012:10:30:18 -0400] "GET /users/predictor.json?user_id=363 HTTP/1.1" 200 1610 "https://www.gradecraft.com/users/363" "Mozilla/5.0 (Windows NT 6.1; rv:16.0) Gecko/20100101 Firefox/16.0"
165.123.233.78 - anishsaw@sas.upenn.edu [31/Oct/2012:10:30:21 -0400] "GET /assignments/15/grades/self_log?gradeable_id=25&gradeable_type=User HTTP/1.1" 200 2676 "https://www.gradecraft.com/dashboard" "Opera/9.80 (Windows NT 6.1; WOW64; U; en) Presto/2.10.289 Version/12.02"
165.123.233.78 - anishsaw@sas.upenn.edu [31/Oct/2012:10:30:22 -0400] "GET /assets/stylesheets/superhero.min.css HTTP/1.1" 404 1044 "https://www.gradecraft.com/assignments/15/grades/self_log?gradeable_id=25&gradeable_type=User" "Opera/9.80 (Windows NT 6.1; WOW64; U; en) Presto/2.10.289 Version/12.02"
130.91.56.195 - tichen@sas.upenn.edu [31/Oct/2012:10:30:25 -0400] "GET /assignments/15/grades/self_log?gradeable_id=47&gradeable_type=User HTTP/1.1" 200 2676 "https://www.gradecraft.com/dashboard" "Mozilla/5.0 (Macintosh; Intel Mac OS X 10_7_5) AppleWebKit/537.4 (KHTML, like Gecko) Chrome/22.0.1229.94 Safari/537.4"
130.91.56.195 - tichen@sas.upenn.edu [31/Oct/2012:10:30:26 -0400] "GET /assets/stylesheets/superhero.min.css HTTP/1.1" 404 1044 "https://www.gradecraft.com/assignments/15/grades/self_log?gradeable_id=47&gradeable_type=User" "Mozilla/5.0 (Macintosh; Intel Mac OS X 10_7_5) AppleWebKit/537.4 (KHTML, like Gecko) Chrome/22.0.1229.94 Safari/537.4"
165.123.86.68 - yanfengo@wharton.upenn.edu [31/Oct/2012:10:30:26 -0400] "GET /assignments/15/grades/self_log?gradeable_id=16&gradeable_type=User HTTP/1.1" 200 2805 "https://www.gradecraft.com/dashboard" "Mozilla/5.0 (Windows NT 6.1; WOW64) AppleWebKit/537.4 (KHTML, like Gecko) Chrome/22.0.1229.94 Safari/537.4"
165.123.86.68 - yanfengo@wharton.upenn.edu [31/Oct/2012:10:30:27 -0400] "GET /assets/stylesheets/superhero.min.css HTTP/1.1" 404 1044 "https://www.gradecraft.com/assignments/15/grades/self_log?gradeable_id=16&gradeable_type=User" "Mozilla/5.0 (Windows NT 6.1; WOW64) AppleWebKit/537.4 (KHTML, like Gecko) Chrome/22.0.1229.94 Safari/537.4"
130.91.56.195 - tichen@sas.upenn.edu [31/Oct/2012:10:30:29 -0400] "POST /assignments/15/grades/self_log_create HTTP/1.1" 302 1652 "https://www.gradecraft.com/assignments/15/grades/self_log?gradeable_id=47&gradeable_type=User" "Mozilla/5.0 (Macintosh; Intel Mac OS X 10_7_5) AppleWebKit/537.4 (KHTML, like Gecko) Chrome/22.0.1229.94 Safari/537.4"
130.91.56.195 - tichen@sas.upenn.edu [31/Oct/2012:10:30:29 -0400] "GET /dashboard HTTP/1.1" 200 4548 "https://www.gradecraft.com/assignments/15/grades/self_log?gradeable_id=47&gradeable_type=User" "Mozilla/5.0 (Macintosh; Intel Mac OS X 10_7_5) AppleWebKit/537.4 (KHTML, like Gecko) Chrome/22.0.1229.94 Safari/537.4"
130.91.56.195 - tichen@sas.upenn.edu [31/Oct/2012:10:30:30 -0400] "GET /assets/stylesheets/superhero.min.css HTTP/1.1" 404 1044 "https://www.gradecraft.com/dashboard" "Mozilla/5.0 (Macintosh; Intel Mac OS X 10_7_5) AppleWebKit/537.4 (KHTML, like Gecko) Chrome/22.0.1229.94 Safari/537.4"
70.192.128.26 - - [31/Oct/2012:10:30:30 -0400] "GET /dashboard HTTP/1.1" 302 3984 "-" "Mozilla/5.0 (Linux; Android 4.1.1; Galaxy Nexus Build/JRO03O) AppleWebKit/535.19 (KHTML, like Gecko) Chrome/18.0.1025.166 Mobile Safari/535.19"
130.91.56.195 - tichen@sas.upenn.edu [31/Oct/2012:10:30:30 -0400] "GET /users/predictor.json?in_progress=true&user_id=47 HTTP/1.1" 304 885 "https://www.gradecraft.com/dashboard" "Mozilla/5.0 (Macintosh; Intel Mac OS X 10_7_5) AppleWebKit/537.4 (KHTML, like Gecko) Chrome/22.0.1229.94 Safari/537.4"
130.91.56.195 - tichen@sas.upenn.edu [31/Oct/2012:10:30:30 -0400] "GET /users/predictor.json?user_id=47 HTTP/1.1" 304 885 "https://www.gradecraft.com/dashboard" "Mozilla/5.0 (Macintosh; Intel Mac OS X 10_7_5) AppleWebKit/537.4 (KHTML, like Gecko) Chrome/22.0.1229.94 Safari/537.4"
165.123.87.136 - ghalia@wharton.upenn.edu [31/Oct/2012:10:30:31 -0400] "GET /assignments/15/grades/self_log?gradeable_id=26&gradeable_type=User HTTP/1.1" 200 2821 "https://www.gradecraft.com/dashboard" "Mozilla/5.0 (iPhone; CPU iPhone OS 6_0 like Mac OS X) AppleWebKit/536.26 (KHTML, like Gecko) Version/6.0 Mobile/10A403 Safari/8536.25"
165.123.87.136 - ghalia@wharton.upenn.edu [31/Oct/2012:10:30:31 -0400] "GET /assets/stylesheets/superhero.min.css HTTP/1.1" 404 1044 "https://www.gradecraft.com/assignments/15/grades/self_log?gradeable_id=26&gradeable_type=User" "Mozilla/5.0 (iPhone; CPU iPhone OS 6_0 like Mac OS X) AppleWebKit/536.26 (KHTML, like Gecko) Version/6.0 Mobile/10A403 Safari/8536.25"
165.123.86.68 - yanfengo@wharton.upenn.edu [31/Oct/2012:10:30:35 -0400] "POST /assignments/15/grades/self_log_create HTTP/1.1" 302 1620 "https://www.gradecraft.com/assignments/15/grades/self_log?gradeable_id=16&gradeable_type=User" "Mozilla/5.0 (Windows NT 6.1; WOW64) AppleWebKit/537.4 (KHTML, like Gecko) Chrome/22.0.1229.94 Safari/537.4"
165.123.86.68 - yanfengo@wharton.upenn.edu [31/Oct/2012:10:30:35 -0400] "GET /dashboard HTTP/1.1" 200 4532 "https://www.gradecraft.com/assignments/15/grades/self_log?gradeable_id=16&gradeable_type=User" "Mozilla/5.0 (Windows NT 6.1; WOW64) AppleWebKit/537.4 (KHTML, like Gecko) Chrome/22.0.1229.94 Safari/537.4"
165.123.86.68 - yanfengo@wharton.upenn.edu [31/Oct/2012:10:30:36 -0400] "GET /assets/stylesheets/superhero.min.css HTTP/1.1" 404 1044 "https://www.gradecraft.com/dashboard" "Mozilla/5.0 (Windows NT 6.1; WOW64) AppleWebKit/537.4 (KHTML, like Gecko) Chrome/22.0.1229.94 Safari/537.4"
165.123.86.68 - yanfengo@wharton.upenn.edu [31/Oct/2012:10:30:36 -0400] "GET /users/predictor.json?in_progress=true&user_id=16 HTTP/1.1" 304 869 "https://www.gradecraft.com/dashboard" "Mozilla/5.0 (Windows NT 6.1; WOW64) AppleWebKit/537.4 (KHTML, like Gecko) Chrome/22.0.1229.94 Safari/537.4"
165.123.86.68 - yanfengo@wharton.upenn.edu [31/Oct/2012:10:30:36 -0400] "GET /users/predictor.json?user_id=16 HTTP/1.1" 304 1014 "https://www.gradecraft.com/dashboard" "Mozilla/5.0 (Windows NT 6.1; WOW64) AppleWebKit/537.4 (KHTML, like Gecko) Chrome/22.0.1229.94 Safari/537.4"
165.123.87.136 - ghalia@wharton.upenn.edu [31/Oct/2012:10:30:38 -0400] "POST /assignments/15/grades/self_log_create HTTP/1.1" 302 1652 "https://www.gradecraft.com/assignments/15/grades/self_log?gradeable_id=26&gradeable_type=User" "Mozilla/5.0 (iPhone; CPU iPhone OS 6_0 like Mac OS X) AppleWebKit/536.26 (KHTML, like Gecko) Version/6.0 Mobile/10A403 Safari/8536.25"
165.123.87.136 - ghalia@wharton.upenn.edu [31/Oct/2012:10:30:38 -0400] "GET /dashboard HTTP/1.1" 200 4516 "https://www.gradecraft.com/assignments/15/grades/self_log?gradeable_id=26&gradeable_type=User" "Mozilla/5.0 (iPhone; CPU iPhone OS 6_0 like Mac OS X) AppleWebKit/536.26 (KHTML, like Gecko) Version/6.0 Mobile/10A403 Safari/8536.25"
165.123.233.78 - anishsaw@sas.upenn.edu [31/Oct/2012:10:30:38 -0400] "GET /assignments/15/grades/self_log?gradeable_id=23&gradeable_type=User HTTP/1.1" 404 1205 "-" "Opera/9.80 (Windows NT 6.1; WOW64; U; en) Presto/2.10.289 Version/12.02"
165.123.87.136 - ghalia@wharton.upenn.edu [31/Oct/2012:10:30:39 -0400] "GET /assets/stylesheets/superhero.min.css HTTP/1.1" 404 1044 "https://www.gradecraft.com/dashboard" "Mozilla/5.0 (iPhone; CPU iPhone OS 6_0 like Mac OS X) AppleWebKit/536.26 (KHTML, like Gecko) Version/6.0 Mobile/10A403 Safari/8536.25"
165.123.87.136 - ghalia@wharton.upenn.edu [31/Oct/2012:10:30:39 -0400] "GET /users/predictor.json?in_progress=true&user_id=26 HTTP/1.1" 304 885 "https://www.gradecraft.com/dashboard" "Mozilla/5.0 (iPhone; CPU iPhone OS 6_0 like Mac OS X) AppleWebKit/536.26 (KHTML, like Gecko) Version/6.0 Mobile/10A403 Safari/8536.25"
165.123.87.136 - ghalia@wharton.upenn.edu [31/Oct/2012:10:30:39 -0400] "GET /users/predictor.json?user_id=26 HTTP/1.1" 304 1030 "https://www.gradecraft.com/dashboard" "Mozilla/5.0 (iPhone; CPU iPhone OS 6_0 like Mac OS X) AppleWebKit/536.26 (KHTML, like Gecko) Version/6.0 Mobile/10A403 Safari/8536.25"
165.123.233.78 - anishsaw@sas.upenn.edu [31/Oct/2012:10:30:40 -0400] "GET /assignments/15/grades/self_log?gradeable_id=25&gradeable_type=User HTTP/1.1" 304 933 "https://www.gradecraft.com/dashboard" "Opera/9.80 (Windows NT 6.1; WOW64; U; en) Presto/2.10.289 Version/12.02"
67.194.71.125 - petersob [31/Oct/2012:10:30:40 -0400] "GET /users/363/earned_badges/new HTTP/1.1" 200 3445 "https://www.gradecraft.com/users/363" "Mozilla/5.0 (Windows NT 6.1; rv:16.0) Gecko/20100101 Firefox/16.0"
67.194.71.125 - petersob [31/Oct/2012:10:30:43 -0400] "GET /assets/bootstrap-wysihtml5/wysiwyg-color.css HTTP/1.1" 404 1044 "https://www.gradecraft.com/users/363/earned_badges/new" "Mozilla/5.0 (Windows NT 6.1; rv:16.0) Gecko/20100101 Firefox/16.0"
165.123.85.11 - - [31/Oct/2012:10:30:43 -0400] "GET /dashboard HTTP/1.1" 302 3254 "-" "Mozilla/5.0 (Macintosh; Intel Mac OS X 10_6_8) AppleWebKit/534.52.7 (KHTML, like Gecko) Version/5.1.2 Safari/534.52.7"
70.192.128.26 - - [31/Oct/2012:10:30:45 -0400] "GET /cosign/valid?cosign-www.gradecraft.com=NahP0TBEVOK1rueTPnxUSpMDGTCa09aJg8OMH3urWMnDSh8p-t9Xh+p3jKq6ZX1R5qboZBK1lkld8IRH+5Y4rg3X0ahXvemOksRR3VIm8T7wCs+n-iXKGR-gYjO3&https://www.gradecraft.com/dashboard HTTP/1.1" 301 900 "https://weblogin.umich.edu/?cosign-www.gradecraft.com&https://www.gradecraft.com/dashboard" "Mozilla/5.0 (Linux; Android 4.1.1; Galaxy Nexus Build/JRO03O) AppleWebKit/535.19 (KHTML, like Gecko) Chrome/18.0.1025.166 Mobile Safari/535.19"
165.123.233.78 - anishsaw@sas.upenn.edu [31/Oct/2012:10:30:45 -0400] "GET /assignments/13/grades/self_log?gradeable_id=25&gradeable_type=User HTTP/1.1" 200 2821 "-" "Opera/9.80 (Windows NT 6.1; WOW64; U; en) Presto/2.10.289 Version/12.02"
165.123.233.78 - anishsaw@sas.upenn.edu [31/Oct/2012:10:30:45 -0400] "GET /assets/stylesheets/superhero.min.css HTTP/1.1" 404 1044 "https://www.gradecraft.com/assignments/13/grades/self_log?gradeable_id=25&gradeable_type=User" "Opera/9.80 (Windows NT 6.1; WOW64; U; en) Presto/2.10.289 Version/12.02"
70.192.128.26 - jcres@sas.upenn.edu [31/Oct/2012:10:30:46 -0400] "GET /dashboard HTTP/1.1" 200 4372 "https://weblogin.umich.edu/?cosign-www.gradecraft.com&https://www.gradecraft.com/dashboard" "Mozilla/5.0 (Linux; Android 4.1.1; Galaxy Nexus Build/JRO03O) AppleWebKit/535.19 (KHTML, like Gecko) Chrome/18.0.1025.166 Mobile Safari/535.19"
130.91.57.86 - - [31/Oct/2012:10:30:47 -0400] "GET /dashboard HTTP/1.1" 302 3984 "-" "Mozilla/5.0 (X11; CrOS i686 2913.135.0) AppleWebKit/537.11 (KHTML, like Gecko) Chrome/23.0.1271.53 Safari/537.11"
165.123.233.78 - anishsaw@sas.upenn.edu [31/Oct/2012:10:30:48 -0400] "GET /assignments/15/grades/self_log?gradeable_id=25&gradeable_type=User HTTP/1.1" 304 933 "https://www.gradecraft.com/dashboard" "Opera/9.80 (Windows NT 6.1; WOW64; U; en) Presto/2.10.289 Version/12.02"
165.123.233.78 - anishsaw@sas.upenn.edu [31/Oct/2012:10:30:49 -0400] "GET /dashboard HTTP/1.1" 304 917 "https://weblogin.umich.edu/?cosign-www.gradecraft.com&https://www.gradecraft.com/dashboard" "Opera/9.80 (Windows NT 6.1; WOW64; U; en) Presto/2.10.289 Version/12.02"
165.123.233.78 - anishsaw@sas.upenn.edu [31/Oct/2012:10:30:50 -0400] "GET /users/predictor.json?user_id=25 HTTP/1.1" 200 1690 "https://www.gradecraft.com/dashboard" "Opera/9.80 (Windows NT 6.1; WOW64; U; en) Presto/2.10.289 Version/12.02"
165.123.233.78 - anishsaw@sas.upenn.edu [31/Oct/2012:10:30:50 -0400] "GET /users/predictor.json?in_progress=true&user_id=25 HTTP/1.1" 200 1690 "https://www.gradecraft.com/dashboard" "Opera/9.80 (Windows NT 6.1; WOW64; U; en) Presto/2.10.289 Version/12.02"
70.192.128.26 - jcres@sas.upenn.edu [31/Oct/2012:10:30:50 -0400] "GET /assets/stylesheets/superhero.min.css HTTP/1.1" 404 1205 "https://www.gradecraft.com/dashboard" "Mozilla/5.0 (Linux; Android 4.1.1; Galaxy Nexus Build/JRO03O) AppleWebKit/535.19 (KHTML, like Gecko) Chrome/18.0.1025.166 Mobile Safari/535.19"
70.192.128.26 - jcres@sas.upenn.edu [31/Oct/2012:10:30:48 -0400] "GET /assets/application-a3ae5c543e1d181d1d7cb923cba7352c.css HTTP/1.1" 200 47949 "https://www.gradecraft.com/dashboard" "Mozilla/5.0 (Linux; Android 4.1.1; Galaxy Nexus Build/JRO03O) AppleWebKit/535.19 (KHTML, like Gecko) Chrome/18.0.1025.166 Mobile Safari/535.19"
67.194.71.125 - petersob [31/Oct/2012:10:30:53 -0400] "POST /users/363/earned_badges HTTP/1.1" 302 1636 "https://www.gradecraft.com/users/363/earned_badges/new" "Mozilla/5.0 (Windows NT 6.1; rv:16.0) Gecko/20100101 Firefox/16.0"
67.194.71.125 - petersob [31/Oct/2012:10:30:53 -0400] "GET /users/363 HTTP/1.1" 200 6196 "https://www.gradecraft.com/users/363/earned_badges/new" "Mozilla/5.0 (Windows NT 6.1; rv:16.0) Gecko/20100101 Firefox/16.0"
67.194.71.125 - petersob [31/Oct/2012:10:30:55 -0400] "GET /badges/pos101/phoebe_badge.jpg HTTP/1.1" 404 1044 "https://www.gradecraft.com/users/363" "Mozilla/5.0 (Windows NT 6.1; rv:16.0) Gecko/20100101 Firefox/16.0"
165.123.85.11 - - [31/Oct/2012:10:30:55 -0400] "GET /cosign/valid?cosign-www.gradecraft.com=3daPcStQc45Gud2n0oogpJ8EgNh4DGJwVfI+tP4jogW9MypeTc55N9x8i+hYgpsw9aa106eFYvZwTLxdcTsMxAbL+jcuX-MpsbVheIQ0wcQELk3540bSqkCpkvvl&https://www.gradecraft.com/dashboard HTTP/1.1" 301 900 "https://weblogin.umich.edu/?cosign-www.gradecraft.com&https://www.gradecraft.com/dashboard" "Mozilla/5.0 (Macintosh; Intel Mac OS X 10_6_8) AppleWebKit/534.52.7 (KHTML, like Gecko) Version/5.1.2 Safari/534.52.7"
67.194.71.125 - petersob [31/Oct/2012:10:30:56 -0400] "GET /badges/pos101/phoebe_badge.jpg HTTP/1.1" 404 1044 "https://www.gradecraft.com/users/363" "Mozilla/5.0 (Windows NT 6.1; rv:16.0) Gecko/20100101 Firefox/16.0"
165.123.85.11 - emchenry@wharton.upenn.edu [31/Oct/2012:10:30:56 -0400] "GET /dashboard HTTP/1.1" 200 4340 "https://weblogin.umich.edu/?cosign-www.gradecraft.com&https://www.gradecraft.com/dashboard" "Mozilla/5.0 (Macintosh; Intel Mac OS X 10_6_8) AppleWebKit/534.52.7 (KHTML, like Gecko) Version/5.1.2 Safari/534.52.7"
67.194.71.125 - petersob [31/Oct/2012:10:30:56 -0400] "GET /users/predictor.json?user_id=363 HTTP/1.1" 304 1014 "https://www.gradecraft.com/users/363" "Mozilla/5.0 (Windows NT 6.1; rv:16.0) Gecko/20100101 Firefox/16.0"
67.194.71.125 - petersob [31/Oct/2012:10:30:56 -0400] "GET /users/predictor.json?in_progress=true&user_id=363 HTTP/1.1" 304 1014 "https://www.gradecraft.com/users/363" "Mozilla/5.0 (Windows NT 6.1; rv:16.0) Gecko/20100101 Firefox/16.0"
165.123.85.11 - emchenry@wharton.upenn.edu [31/Oct/2012:10:30:57 -0400] "GET /assets/stylesheets/superhero.min.css HTTP/1.1" 404 1044 "https://www.gradecraft.com/dashboard" "Mozilla/5.0 (Macintosh; Intel Mac OS X 10_6_8) AppleWebKit/534.52.7 (KHTML, like Gecko) Version/5.1.2 Safari/534.52.7"
165.123.85.11 - emchenry@wharton.upenn.edu [31/Oct/2012:10:30:57 -0400] "GET /assets/application-a3ae5c543e1d181d1d7cb923cba7352c.css HTTP/1.1" 200 48087 "https://www.gradecraft.com/dashboard" "Mozilla/5.0 (Macintosh; Intel Mac OS X 10_6_8) AppleWebKit/534.52.7 (KHTML, like Gecko) Version/5.1.2 Safari/534.52.7"
165.123.85.11 - emchenry@wharton.upenn.edu [31/Oct/2012:10:30:57 -0400] "GET /assets/application-4019f0e2cdfabad442b22c5ea2d0cede.js HTTP/1.1" 200 208759 "https://www.gradecraft.com/dashboard" "Mozilla/5.0 (Macintosh; Intel Mac OS X 10_6_8) AppleWebKit/534.52.7 (KHTML, like Gecko) Version/5.1.2 Safari/534.52.7"
165.123.85.11 - emchenry@wharton.upenn.edu [31/Oct/2012:10:30:58 -0400] "GET /users/predictor.json?in_progress=true&user_id=13 HTTP/1.1" 200 1674 "https://www.gradecraft.com/dashboard" "Mozilla/5.0 (Macintosh; Intel Mac OS X 10_6_8) AppleWebKit/534.52.7 (KHTML, like Gecko) Version/5.1.2 Safari/534.52.7"
165.123.85.11 - emchenry@wharton.upenn.edu [31/Oct/2012:10:30:58 -0400] "GET /users/predictor.json?user_id=13 HTTP/1.1" 200 1690 "https://www.gradecraft.com/dashboard" "Mozilla/5.0 (Macintosh; Intel Mac OS X 10_6_8) AppleWebKit/534.52.7 (KHTML, like Gecko) Version/5.1.2 Safari/534.52.7"
130.91.57.86 - - [31/Oct/2012:10:31:00 -0400] "GET /cosign/valid?cosign-www.gradecraft.com=zI5uRpC0vNauchWEQZVN4ZAzlJSfLHybFyzT+Sc53O-P3hjjTk+4Ao7jbnt62OfOcWi6S254ek7Il6ciDXZjXugB3puLCfcMQUP6q7tU9NQR1sLkG0BuxZUG1BcS&https://www.gradecraft.com/dashboard HTTP/1.1" 301 900 "https://weblogin.umich.edu/?cosign-www.gradecraft.com&https://www.gradecraft.com/dashboard" "Mozilla/5.0 (X11; CrOS i686 2913.135.0) AppleWebKit/537.11 (KHTML, like Gecko) Chrome/23.0.1271.53 Safari/537.11"
130.91.57.86 - ath@wharton.upenn.edu [31/Oct/2012:10:31:00 -0400] "GET /dashboard HTTP/1.1" 302 1348 "https://weblogin.umich.edu/?cosign-www.gradecraft.com&https://www.gradecraft.com/dashboard" "Mozilla/5.0 (X11; CrOS i686 2913.135.0) AppleWebKit/537.11 (KHTML, like Gecko) Chrome/23.0.1271.53 Safari/537.11"
130.91.57.86 - ath@wharton.upenn.edu [31/Oct/2012:10:31:00 -0400] "GET /dashboard HTTP/1.1" 200 4372 "https://weblogin.umich.edu/?cosign-www.gradecraft.com&https://www.gradecraft.com/dashboard" "Mozilla/5.0 (X11; CrOS i686 2913.135.0) AppleWebKit/537.11 (KHTML, like Gecko) Chrome/23.0.1271.53 Safari/537.11"
130.91.57.86 - ath@wharton.upenn.edu [31/Oct/2012:10:31:01 -0400] "GET /assets/stylesheets/superhero.min.css HTTP/1.1" 404 4288 "https://www.gradecraft.com/dashboard" "Mozilla/5.0 (X11; CrOS i686 2913.135.0) AppleWebKit/537.11 (KHTML, like Gecko) Chrome/23.0.1271.53 Safari/537.11"
130.91.57.86 - ath@wharton.upenn.edu [31/Oct/2012:10:31:01 -0400] "GET /assets/application-a3ae5c543e1d181d1d7cb923cba7352c.css HTTP/1.1" 200 47949 "https://www.gradecraft.com/dashboard" "Mozilla/5.0 (X11; CrOS i686 2913.135.0) AppleWebKit/537.11 (KHTML, like Gecko) Chrome/23.0.1271.53 Safari/537.11"
