165.123.87.136 - sohumd@wharton.upenn.edu [12/Sep/2012:10:33:03 -0400] "GET /users/predictor.json?user_id=51 HTTP/1.1" 200 1755 "https://www.gradecraft.com/dashboard" "Mozilla/5.0 (Windows NT 6.1; WOW64) AppleWebKit/537.1 (KHTML, like Gecko) Chrome/21.0.1180.89 Safari/537.1"
165.123.87.136 - sohumd@wharton.upenn.edu [12/Sep/2012:10:33:03 -0400] "GET /users/predictor.json?in_progress=true&user_id=51 HTTP/1.1" 200 1594 "https://www.gradecraft.com/dashboard" "Mozilla/5.0 (Windows NT 6.1; WOW64) AppleWebKit/537.1 (KHTML, like Gecko) Chrome/21.0.1180.89 Safari/537.1"
165.123.87.1 - akshat@wharton.upenn.edu [12/Sep/2012:10:33:03 -0400] "GET /dashboard HTTP/1.1" 200 2532 "https://weblogin.umich.edu/cosign-bin/cosign.cgi" "Mozilla/5.0 (Macintosh; Intel Mac OS X 10_5_8) AppleWebKit/537.1 (KHTML, like Gecko) Chrome/21.0.1180.79 Safari/537.1"
165.123.87.1 - akshat@wharton.upenn.edu [12/Sep/2012:10:33:03 -0400] "GET /assets/application-00253241250260a29e421ba336543d92.css HTTP/1.1" 200 45869 "https://www.gradecraft.com/dashboard" "Mozilla/5.0 (Macintosh; Intel Mac OS X 10_5_8) AppleWebKit/537.1 (KHTML, like Gecko) Chrome/21.0.1180.79 Safari/537.1"
165.123.87.1 - akshat@wharton.upenn.edu [12/Sep/2012:10:33:03 -0400] "GET /uploads/theme/filename/8/superhero.min.css HTTP/1.1" 200 16362 "https://www.gradecraft.com/dashboard" "Mozilla/5.0 (Macintosh; Intel Mac OS X 10_5_8) AppleWebKit/537.1 (KHTML, like Gecko) Chrome/21.0.1180.79 Safari/537.1"
165.123.87.1 - akshat@wharton.upenn.edu [12/Sep/2012:10:33:03 -0400] "GET /assets/application-4ce0ae23744168912769066ef11545d8.js HTTP/1.1" 200 135915 "https://www.gradecraft.com/dashboard" "Mozilla/5.0 (Macintosh; Intel Mac OS X 10_5_8) AppleWebKit/537.1 (KHTML, like Gecko) Chrome/21.0.1180.79 Safari/537.1"
165.123.87.1 - akshat@wharton.upenn.edu [12/Sep/2012:10:33:04 -0400] "GET /users/predictor.json?user_id=31 HTTP/1.1" 200 1130 "https://www.gradecraft.com/dashboard" "Mozilla/5.0 (Macintosh; Intel Mac OS X 10_5_8) AppleWebKit/537.1 (KHTML, like Gecko) Chrome/21.0.1180.79 Safari/537.1"
165.123.87.1 - akshat@wharton.upenn.edu [12/Sep/2012:10:33:04 -0400] "GET /users/predictor.json?in_progress=true&user_id=31 HTTP/1.1" 200 1114 "https://www.gradecraft.com/dashboard" "Mozilla/5.0 (Macintosh; Intel Mac OS X 10_5_8) AppleWebKit/537.1 (KHTML, like Gecko) Chrome/21.0.1180.79 Safari/537.1"
165.123.87.1 - akshat@wharton.upenn.edu [12/Sep/2012:10:33:04 -0400] "GET /favicon.ico HTTP/1.1" 200 1530 "-" "Mozilla/5.0 (Macintosh; Intel Mac OS X 10_5_8) AppleWebKit/537.1 (KHTML, like Gecko) Chrome/21.0.1180.79 Safari/537.1"
165.123.87.179 - - [12/Sep/2012:10:33:08 -0400] "GET /cosign/valid?cosign-www.gradecraft.com=LYY8KDqg712yKIVjRsyufgEhmg9LpFcNCCWj9yZiQKun-BcTZvNrZHjEufqjWtnDQwwoup1XQL-+8zIBKaphwQCZ1bidS+4hUNceY6lww+Kaop9R6n0D3--ZMhrz&https://www.gradecraft.com/ HTTP/1.1" 301 949 "https://weblogin.umich.edu/?cosign-www.gradecraft.com&https://www.gradecraft.com/" "Mozilla/5.0 (iPad; CPU OS 5_1_1 like Mac OS X; en-us) AppleWebKit/534.46.0 (KHTML, like Gecko) CriOS/21.0.1180.77 Mobile/9B206 Safari/7534.48.3"
165.123.87.179 - hweiss@wharton.upenn.edu [12/Sep/2012:10:33:08 -0400] "GET / HTTP/1.1" 302 900 "https://weblogin.umich.edu/?cosign-www.gradecraft.com&https://www.gradecraft.com/" "Mozilla/5.0 (iPad; CPU OS 5_1_1 like Mac OS X; en-us) AppleWebKit/534.46.0 (KHTML, like Gecko) CriOS/21.0.1180.77 Mobile/9B206 Safari/7534.48.3"
165.123.87.179 - hweiss@wharton.upenn.edu [12/Sep/2012:10:33:08 -0400] "GET /dashboard HTTP/1.1" 200 2628 "https://weblogin.umich.edu/?cosign-www.gradecraft.com&https://www.gradecraft.com/" "Mozilla/5.0 (iPad; CPU OS 5_1_1 like Mac OS X; en-us) AppleWebKit/534.46.0 (KHTML, like Gecko) CriOS/21.0.1180.77 Mobile/9B206 Safari/7534.48.3"
165.123.87.179 - hweiss@wharton.upenn.edu [12/Sep/2012:10:33:08 -0400] "GET /assets/application-00253241250260a29e421ba336543d92.css HTTP/1.1" 200 45869 "https://www.gradecraft.com/dashboard" "Mozilla/5.0 (iPad; CPU OS 5_1_1 like Mac OS X; en-us) AppleWebKit/534.46.0 (KHTML, like Gecko) CriOS/21.0.1180.77 Mobile/9B206 Safari/7534.48.3"
165.123.87.179 - hweiss@wharton.upenn.edu [12/Sep/2012:10:33:09 -0400] "GET /uploads/theme/filename/8/superhero.min.css HTTP/1.1" 200 16362 "https://www.gradecraft.com/dashboard" "Mozilla/5.0 (iPad; CPU OS 5_1_1 like Mac OS X; en-us) AppleWebKit/534.46.0 (KHTML, like Gecko) CriOS/21.0.1180.77 Mobile/9B206 Safari/7534.48.3"
165.123.87.179 - hweiss@wharton.upenn.edu [12/Sep/2012:10:33:09 -0400] "GET /assets/application-4ce0ae23744168912769066ef11545d8.js HTTP/1.1" 200 135770 "https://www.gradecraft.com/dashboard" "Mozilla/5.0 (iPad; CPU OS 5_1_1 like Mac OS X; en-us) AppleWebKit/534.46.0 (KHTML, like Gecko) CriOS/21.0.1180.77 Mobile/9B206 Safari/7534.48.3"
165.123.87.136 - sohumd@wharton.upenn.edu [12/Sep/2012:10:33:10 -0400] "GET /assignments/4/grades/self_log?gradeable_id=51&gradeable_type=User HTTP/1.1" 200 2740 "https://www.gradecraft.com/dashboard" "Mozilla/5.0 (Windows NT 6.1; WOW64) AppleWebKit/537.1 (KHTML, like Gecko) Chrome/21.0.1180.89 Safari/537.1"
165.123.87.179 - hweiss@wharton.upenn.edu [12/Sep/2012:10:33:11 -0400] "GET /users/predictor.json?in_progress=true&user_id=36 HTTP/1.1" 200 1114 "https://www.gradecraft.com/dashboard" "Mozilla/5.0 (iPad; CPU OS 5_1_1 like Mac OS X; en-us) AppleWebKit/534.46.0 (KHTML, like Gecko) CriOS/21.0.1180.77 Mobile/9B206 Safari/7534.48.3"
165.123.87.179 - hweiss@wharton.upenn.edu [12/Sep/2012:10:33:11 -0400] "GET /users/predictor.json?user_id=36 HTTP/1.1" 200 986 "https://www.gradecraft.com/dashboard" "Mozilla/5.0 (iPad; CPU OS 5_1_1 like Mac OS X; en-us) AppleWebKit/534.46.0 (KHTML, like Gecko) CriOS/21.0.1180.77 Mobile/9B206 Safari/7534.48.3"
165.123.87.179 - - [12/Sep/2012:10:33:11 -0400] "GET /favicon.ico HTTP/1.1" 302 612 "-" "Mozilla/5.0 (iPad; CPU OS 5_1_1 like Mac OS X; en-us) AppleWebKit/534.46.0 (KHTML, like Gecko) CriOS/21.0.1180.77 Mobile/9B206 Safari/7534.48.3"
165.123.87.179 - - [12/Sep/2012:10:33:11 -0400] "GET /apple-touch-icon-precomposed.png HTTP/1.1" 302 580 "-" "Mozilla/5.0 (iPad; CPU OS 5_1_1 like Mac OS X; en-us) AppleWebKit/534.46.0 (KHTML, like Gecko) CriOS/21.0.1180.77 Mobile/9B206 Safari/7534.48.3"
165.123.84.57 - - [12/Sep/2012:10:33:13 -0400] "GET /cosign/valid?cosign-www.gradecraft.com=hB0rM6jecrWyU56dmnFvq04BcJcoYS1flTOqonAy1vq1sJowrnuYTzPX0FldRPP0jhcrrnekVHLn1rE+iCT8P157D+H9AjYLwo9P7r85wWojfGGxgmHt5RNds68d&https://www.gradecraft.com/dashboard HTTP/1.1" 301 1045 "https://weblogin.umich.edu/cosign-bin/cosign.cgi" "Mozilla/5.0 (Macintosh; Intel Mac OS X 10_8_1) AppleWebKit/537.1 (KHTML, like Gecko) Chrome/21.0.1180.89 Safari/537.1"
165.123.84.57 - jvarela@wharton.upenn.edu [12/Sep/2012:10:33:13 -0400] "GET /dashboard HTTP/1.1" 302 1364 "https://weblogin.umich.edu/cosign-bin/cosign.cgi" "Mozilla/5.0 (Macintosh; Intel Mac OS X 10_8_1) AppleWebKit/537.1 (KHTML, like Gecko) Chrome/21.0.1180.89 Safari/537.1"
165.123.84.57 - jvarela@wharton.upenn.edu [12/Sep/2012:10:33:14 -0400] "GET /dashboard HTTP/1.1" 200 3444 "https://weblogin.umich.edu/cosign-bin/cosign.cgi" "Mozilla/5.0 (Macintosh; Intel Mac OS X 10_8_1) AppleWebKit/537.1 (KHTML, like Gecko) Chrome/21.0.1180.89 Safari/537.1"
165.123.84.57 - jvarela@wharton.upenn.edu [12/Sep/2012:10:33:15 -0400] "GET /assets/application-00253241250260a29e421ba336543d92.css HTTP/1.1" 200 46253 "https://www.gradecraft.com/dashboard" "Mozilla/5.0 (Macintosh; Intel Mac OS X 10_8_1) AppleWebKit/537.1 (KHTML, like Gecko) Chrome/21.0.1180.89 Safari/537.1"
165.123.84.57 - jvarela@wharton.upenn.edu [12/Sep/2012:10:33:15 -0400] "GET /uploads/theme/filename/8/superhero.min.css HTTP/1.1" 200 16394 "https://www.gradecraft.com/dashboard" "Mozilla/5.0 (Macintosh; Intel Mac OS X 10_8_1) AppleWebKit/537.1 (KHTML, like Gecko) Chrome/21.0.1180.89 Safari/537.1"
165.123.84.57 - jvarela@wharton.upenn.edu [12/Sep/2012:10:33:15 -0400] "GET /assets/application-4ce0ae23744168912769066ef11545d8.js HTTP/1.1" 200 135915 "https://www.gradecraft.com/dashboard" "Mozilla/5.0 (Macintosh; Intel Mac OS X 10_8_1) AppleWebKit/537.1 (KHTML, like Gecko) Chrome/21.0.1180.89 Safari/537.1"
165.123.84.57 - jvarela@wharton.upenn.edu [12/Sep/2012:10:33:16 -0400] "GET /users/predictor.json?in_progress=true&user_id=32 HTTP/1.1" 200 1610 "https://www.gradecraft.com/dashboard" "Mozilla/5.0 (Macintosh; Intel Mac OS X 10_8_1) AppleWebKit/537.1 (KHTML, like Gecko) Chrome/21.0.1180.89 Safari/537.1"
165.123.84.57 - jvarela@wharton.upenn.edu [12/Sep/2012:10:33:16 -0400] "GET /users/predictor.json?user_id=32 HTTP/1.1" 200 1610 "https://www.gradecraft.com/dashboard" "Mozilla/5.0 (Macintosh; Intel Mac OS X 10_8_1) AppleWebKit/537.1 (KHTML, like Gecko) Chrome/21.0.1180.89 Safari/537.1"
165.123.87.1 - akshat@wharton.upenn.edu [12/Sep/2012:10:33:16 -0400] "GET /assignments/4/grades/self_log?gradeable_id=31&gradeable_type=User HTTP/1.1" 200 1796 "https://www.gradecraft.com/dashboard" "Mozilla/5.0 (Macintosh; Intel Mac OS X 10_5_8) AppleWebKit/537.1 (KHTML, like Gecko) Chrome/21.0.1180.79 Safari/537.1"
165.123.85.48 - - [12/Sep/2012:10:33:16 -0400] "GET /dashboard HTTP/1.1" 302 3936 "-" "Mozilla/5.0 (Linux; U; Android 4.0.4; en-us; SPH-D710 Build/IMM76I) AppleWebKit/534.30 (KHTML, like Gecko) Version/4.0 Mobile Safari/534.30"
165.123.84.57 - jvarela@wharton.upenn.edu [12/Sep/2012:10:33:16 -0400] "GET /favicon.ico HTTP/1.1" 200 4650 "-" "Mozilla/5.0 (Macintosh; Intel Mac OS X 10_8_1) AppleWebKit/537.1 (KHTML, like Gecko) Chrome/21.0.1180.89 Safari/537.1"
165.123.87.136 - sohumd@wharton.upenn.edu [12/Sep/2012:10:33:16 -0400] "POST /assignments/4/grades/self_log_create HTTP/1.1" 302 1652 "https://www.gradecraft.com/assignments/4/grades/self_log?gradeable_id=51&gradeable_type=User" "Mozilla/5.0 (Windows NT 6.1; WOW64) AppleWebKit/537.1 (KHTML, like Gecko) Chrome/21.0.1180.89 Safari/537.1"
165.123.87.136 - sohumd@wharton.upenn.edu [12/Sep/2012:10:33:16 -0400] "GET /dashboard HTTP/1.1" 200 3668 "https://www.gradecraft.com/assignments/4/grades/self_log?gradeable_id=51&gradeable_type=User" "Mozilla/5.0 (Windows NT 6.1; WOW64) AppleWebKit/537.1 (KHTML, like Gecko) Chrome/21.0.1180.89 Safari/537.1"
165.123.87.136 - sohumd@wharton.upenn.edu [12/Sep/2012:10:33:17 -0400] "GET /users/predictor.json?in_progress=true&user_id=51 HTTP/1.1" 200 1610 "https://www.gradecraft.com/dashboard" "Mozilla/5.0 (Windows NT 6.1; WOW64) AppleWebKit/537.1 (KHTML, like Gecko) Chrome/21.0.1180.89 Safari/537.1"
165.123.87.136 - sohumd@wharton.upenn.edu [12/Sep/2012:10:33:17 -0400] "GET /users/predictor.json?user_id=51 HTTP/1.1" 200 1610 "https://www.gradecraft.com/dashboard" "Mozilla/5.0 (Windows NT 6.1; WOW64) AppleWebKit/537.1 (KHTML, like Gecko) Chrome/21.0.1180.89 Safari/537.1"
165.123.87.1 - akshat@wharton.upenn.edu [12/Sep/2012:10:33:20 -0400] "POST /assignments/4/grades/self_log_create HTTP/1.1" 302 820 "https://www.gradecraft.com/assignments/4/grades/self_log?gradeable_id=31&gradeable_type=User" "Mozilla/5.0 (Macintosh; Intel Mac OS X 10_5_8) AppleWebKit/537.1 (KHTML, like Gecko) Chrome/21.0.1180.79 Safari/537.1"
165.123.87.1 - akshat@wharton.upenn.edu [12/Sep/2012:10:33:20 -0400] "GET /dashboard HTTP/1.1" 200 2468 "https://www.gradecraft.com/assignments/4/grades/self_log?gradeable_id=31&gradeable_type=User" "Mozilla/5.0 (Macintosh; Intel Mac OS X 10_5_8) AppleWebKit/537.1 (KHTML, like Gecko) Chrome/21.0.1180.79 Safari/537.1"
165.123.87.1 - akshat@wharton.upenn.edu [12/Sep/2012:10:33:20 -0400] "GET /users/predictor.json?in_progress=true&user_id=31 HTTP/1.1" 200 234 "https://www.gradecraft.com/dashboard" "Mozilla/5.0 (Macintosh; Intel Mac OS X 10_5_8) AppleWebKit/537.1 (KHTML, like Gecko) Chrome/21.0.1180.79 Safari/537.1"
165.123.87.1 - akshat@wharton.upenn.edu [12/Sep/2012:10:33:20 -0400] "GET /users/predictor.json?user_id=31 HTTP/1.1" 200 1259 "https://www.gradecraft.com/dashboard" "Mozilla/5.0 (Macintosh; Intel Mac OS X 10_5_8) AppleWebKit/537.1 (KHTML, like Gecko) Chrome/21.0.1180.79 Safari/537.1"
165.123.85.25 - - [12/Sep/2012:10:33:23 -0400] "GET / HTTP/1.1" 302 3984 "-" "Mozilla/5.0 (Macintosh; Intel Mac OS X 10_6_8) AppleWebKit/537.4 (KHTML, like Gecko) Chrome/22.0.1229.14 Safari/537.4"
141.213.172.243 - gradecraft@gmail.com [12/Sep/2012:10:33:24 -0400] "GET /dashboard HTTP/1.1" 200 5958 "https://weblogin.umich.edu/?cosign-www.gradecraft.com&https://www.gradecraft.com/" "Mozilla/5.0 (Macintosh; Intel Mac OS X 10_7_4) AppleWebKit/536.25 (KHTML, like Gecko) Version/6.0 Safari/536.25"
141.213.172.243 - gradecraft@gmail.com [12/Sep/2012:10:33:25 -0400] "GET /assets/application-00253241250260a29e421ba336543d92.css HTTP/1.1" 304 245 "https://www.gradecraft.com/dashboard" "Mozilla/5.0 (Macintosh; Intel Mac OS X 10_7_4) AppleWebKit/536.25 (KHTML, like Gecko) Version/6.0 Safari/536.25"
141.213.172.243 - gradecraft@gmail.com [12/Sep/2012:10:33:25 -0400] "GET /uploads/theme/filename/8/superhero.min.css HTTP/1.1" 304 383 "https://www.gradecraft.com/dashboard" "Mozilla/5.0 (Macintosh; Intel Mac OS X 10_7_4) AppleWebKit/536.25 (KHTML, like Gecko) Version/6.0 Safari/536.25"
141.213.172.243 - gradecraft@gmail.com [12/Sep/2012:10:33:25 -0400] "GET /assets/application-4ce0ae23744168912769066ef11545d8.js HTTP/1.1" 304 383 "https://www.gradecraft.com/dashboard" "Mozilla/5.0 (Macintosh; Intel Mac OS X 10_7_4) AppleWebKit/536.25 (KHTML, like Gecko) Version/6.0 Safari/536.25"
141.213.172.243 - gradecraft@gmail.com [12/Sep/2012:10:33:25 -0400] "GET /users/predictor.json?user_id=6 HTTP/1.1" 304 869 "https://www.gradecraft.com/dashboard" "Mozilla/5.0 (Macintosh; Intel Mac OS X 10_7_4) AppleWebKit/536.25 (KHTML, like Gecko) Version/6.0 Safari/536.25"
141.213.172.243 - gradecraft@gmail.com [12/Sep/2012:10:33:25 -0400] "GET /users/predictor.json?in_progress=true&user_id=6 HTTP/1.1" 304 869 "https://www.gradecraft.com/dashboard" "Mozilla/5.0 (Macintosh; Intel Mac OS X 10_7_4) AppleWebKit/536.25 (KHTML, like Gecko) Version/6.0 Safari/536.25"
165.123.84.57 - jvarela@wharton.upenn.edu [12/Sep/2012:10:33:26 -0400] "GET /assignments/4/grades/self_log?gradeable_id=32&gradeable_type=User HTTP/1.1" 200 2740 "https://www.gradecraft.com/dashboard" "Mozilla/5.0 (Macintosh; Intel Mac OS X 10_8_1) AppleWebKit/537.1 (KHTML, like Gecko) Chrome/21.0.1180.89 Safari/537.1"
165.123.87.179 - hweiss@wharton.upenn.edu [12/Sep/2012:10:33:26 -0400] "GET /assignments/4/grades/self_log?gradeable_id=36&gradeable_type=User HTTP/1.1" 200 2597 "https://www.gradecraft.com/dashboard" "Mozilla/5.0 (iPad; CPU OS 5_1_1 like Mac OS X; en-us) AppleWebKit/534.46.0 (KHTML, like Gecko) CriOS/21.0.1180.77 Mobile/9B206 Safari/7534.48.3"
165.123.87.179 - - [12/Sep/2012:10:33:29 -0400] "GET /favicon.ico HTTP/1.1" 302 548 "-" "Mozilla/5.0 (iPad; CPU OS 5_1_1 like Mac OS X; en-us) AppleWebKit/534.46.0 (KHTML, like Gecko) CriOS/21.0.1180.77 Mobile/9B206 Safari/7534.48.3"
165.123.87.179 - - [12/Sep/2012:10:33:29 -0400] "GET /apple-touch-icon-precomposed.png HTTP/1.1" 302 869 "-" "Mozilla/5.0 (iPad; CPU OS 5_1_1 like Mac OS X; en-us) AppleWebKit/534.46.0 (KHTML, like Gecko) CriOS/21.0.1180.77 Mobile/9B206 Safari/7534.48.3"
165.123.84.57 - jvarela@wharton.upenn.edu [12/Sep/2012:10:33:29 -0400] "POST /assignments/4/grades/self_log_create HTTP/1.1" 302 1652 "https://www.gradecraft.com/assignments/4/grades/self_log?gradeable_id=32&gradeable_type=User" "Mozilla/5.0 (Macintosh; Intel Mac OS X 10_8_1) AppleWebKit/537.1 (KHTML, like Gecko) Chrome/21.0.1180.89 Safari/537.1"
130.91.56.15 - anamoura@sas.upenn.edu [12/Sep/2012:10:33:29 -0400] "GET /logout HTTP/1.1" 302 4333 "https://www.gradecraft.com/dashboard" "Mozilla/5.0 (Macintosh; Intel Mac OS X 10_8_1) AppleWebKit/537.1 (KHTML, like Gecko) Chrome/21.0.1180.89 Safari/537.1"
165.123.84.57 - jvarela@wharton.upenn.edu [12/Sep/2012:10:33:30 -0400] "GET /dashboard HTTP/1.1" 200 3668 "https://www.gradecraft.com/assignments/4/grades/self_log?gradeable_id=32&gradeable_type=User" "Mozilla/5.0 (Macintosh; Intel Mac OS X 10_8_1) AppleWebKit/537.1 (KHTML, like Gecko) Chrome/21.0.1180.89 Safari/537.1"
165.123.84.57 - jvarela@wharton.upenn.edu [12/Sep/2012:10:33:30 -0400] "GET /users/predictor.json?user_id=32 HTTP/1.1" 200 1610 "https://www.gradecraft.com/dashboard" "Mozilla/5.0 (Macintosh; Intel Mac OS X 10_8_1) AppleWebKit/537.1 (KHTML, like Gecko) Chrome/21.0.1180.89 Safari/537.1"
165.123.84.57 - jvarela@wharton.upenn.edu [12/Sep/2012:10:33:30 -0400] "GET /users/predictor.json?in_progress=true&user_id=32 HTTP/1.1" 200 1594 "https://www.gradecraft.com/dashboard" "Mozilla/5.0 (Macintosh; Intel Mac OS X 10_8_1) AppleWebKit/537.1 (KHTML, like Gecko) Chrome/21.0.1180.89 Safari/537.1"
130.91.56.15 - anamoura@sas.upenn.edu [12/Sep/2012:10:33:33 -0400] "GET / HTTP/1.1" 302 1508 "-" "Mozilla/5.0 (Macintosh; Intel Mac OS X 10_8_1) AppleWebKit/537.1 (KHTML, like Gecko) Chrome/21.0.1180.89 Safari/537.1"
130.91.56.15 - anamoura@sas.upenn.edu [12/Sep/2012:10:33:33 -0400] "GET /dashboard HTTP/1.1" 200 3428 "-" "Mozilla/5.0 (Macintosh; Intel Mac OS X 10_8_1) AppleWebKit/537.1 (KHTML, like Gecko) Chrome/21.0.1180.89 Safari/537.1"
165.123.87.179 - hweiss@wharton.upenn.edu [12/Sep/2012:10:33:34 -0400] "POST /assignments/4/grades/self_log_create HTTP/1.1" 302 1124 "https://www.gradecraft.com/assignments/4/grades/self_log?gradeable_id=36&gradeable_type=User" "Mozilla/5.0 (iPad; CPU OS 5_1_1 like Mac OS X; en-us) AppleWebKit/534.46.0 (KHTML, like Gecko) CriOS/21.0.1180.77 Mobile/9B206 Safari/7534.48.3"
130.91.56.15 - anamoura@sas.upenn.edu [12/Sep/2012:10:33:34 -0400] "GET /users/predictor.json?in_progress=true&user_id=14 HTTP/1.1" 304 869 "https://www.gradecraft.com/dashboard" "Mozilla/5.0 (Macintosh; Intel Mac OS X 10_8_1) AppleWebKit/537.1 (KHTML, like Gecko) Chrome/21.0.1180.89 Safari/537.1"
130.91.56.15 - anamoura@sas.upenn.edu [12/Sep/2012:10:33:34 -0400] "GET /users/predictor.json?user_id=14 HTTP/1.1" 304 4097 "https://www.gradecraft.com/dashboard" "Mozilla/5.0 (Macintosh; Intel Mac OS X 10_8_1) AppleWebKit/537.1 (KHTML, like Gecko) Chrome/21.0.1180.89 Safari/537.1"
165.123.87.179 - hweiss@wharton.upenn.edu [12/Sep/2012:10:33:34 -0400] "GET /dashboard HTTP/1.1" 200 2804 "https://www.gradecraft.com/assignments/4/grades/self_log?gradeable_id=36&gradeable_type=User" "Mozilla/5.0 (iPad; CPU OS 5_1_1 like Mac OS X; en-us) AppleWebKit/534.46.0 (KHTML, like Gecko) CriOS/21.0.1180.77 Mobile/9B206 Safari/7534.48.3"
165.123.87.179 - hweiss@wharton.upenn.edu [12/Sep/2012:10:33:35 -0400] "GET /users/predictor.json?in_progress=true&user_id=36 HTTP/1.1" 200 426 "https://www.gradecraft.com/dashboard" "Mozilla/5.0 (iPad; CPU OS 5_1_1 like Mac OS X; en-us) AppleWebKit/534.46.0 (KHTML, like Gecko) CriOS/21.0.1180.77 Mobile/9B206 Safari/7534.48.3"
165.123.87.179 - hweiss@wharton.upenn.edu [12/Sep/2012:10:33:35 -0400] "GET /users/predictor.json?user_id=36 HTTP/1.1" 200 618 "https://www.gradecraft.com/dashboard" "Mozilla/5.0 (iPad; CPU OS 5_1_1 like Mac OS X; en-us) AppleWebKit/534.46.0 (KHTML, like Gecko) CriOS/21.0.1180.77 Mobile/9B206 Safari/7534.48.3"
130.91.56.15 - anamoura@sas.upenn.edu [12/Sep/2012:10:33:35 -0400] "GET /dashboard HTTP/1.1" 304 901 "-" "Mozilla/5.0 (Macintosh; Intel Mac OS X 10_8_1) AppleWebKit/537.1 (KHTML, like Gecko) Chrome/21.0.1180.89 Safari/537.1"
130.91.56.15 - anamoura@sas.upenn.edu [12/Sep/2012:10:33:35 -0400] "GET /assets/application-00253241250260a29e421ba336543d92.css HTTP/1.1" 304 245 "https://www.gradecraft.com/dashboard" "Mozilla/5.0 (Macintosh; Intel Mac OS X 10_8_1) AppleWebKit/537.1 (KHTML, like Gecko) Chrome/21.0.1180.89 Safari/537.1"
130.91.56.15 - anamoura@sas.upenn.edu [12/Sep/2012:10:33:35 -0400] "GET /uploads/theme/filename/8/superhero.min.css HTTP/1.1" 304 245 "https://www.gradecraft.com/dashboard" "Mozilla/5.0 (Macintosh; Intel Mac OS X 10_8_1) AppleWebKit/537.1 (KHTML, like Gecko) Chrome/21.0.1180.89 Safari/537.1"
130.91.56.15 - anamoura@sas.upenn.edu [12/Sep/2012:10:33:35 -0400] "GET /assets/application-4ce0ae23744168912769066ef11545d8.js HTTP/1.1" 304 3473 "https://www.gradecraft.com/dashboard" "Mozilla/5.0 (Macintosh; Intel Mac OS X 10_8_1) AppleWebKit/537.1 (KHTML, like Gecko) Chrome/21.0.1180.89 Safari/537.1"
130.91.56.15 - anamoura@sas.upenn.edu [12/Sep/2012:10:33:35 -0400] "GET /users/predictor.json?in_progress=true&user_id=14 HTTP/1.1" 304 869 "https://www.gradecraft.com/dashboard" "Mozilla/5.0 (Macintosh; Intel Mac OS X 10_8_1) AppleWebKit/537.1 (KHTML, like Gecko) Chrome/21.0.1180.89 Safari/537.1"
130.91.56.15 - anamoura@sas.upenn.edu [12/Sep/2012:10:33:35 -0400] "GET /users/predictor.json?user_id=14 HTTP/1.1" 304 869 "https://www.gradecraft.com/dashboard" "Mozilla/5.0 (Macintosh; Intel Mac OS X 10_8_1) AppleWebKit/537.1 (KHTML, like Gecko) Chrome/21.0.1180.89 Safari/537.1"
165.123.87.179 - - [12/Sep/2012:10:33:36 -0400] "GET /favicon.ico HTTP/1.1" 302 164 "-" "Mozilla/5.0 (iPad; CPU OS 5_1_1 like Mac OS X; en-us) AppleWebKit/534.46.0 (KHTML, like Gecko) CriOS/21.0.1180.77 Mobile/9B206 Safari/7534.48.3"
165.123.87.179 - - [12/Sep/2012:10:33:36 -0400] "GET /apple-touch-icon-precomposed.png HTTP/1.1" 302 180 "-" "Mozilla/5.0 (iPad; CPU OS 5_1_1 like Mac OS X; en-us) AppleWebKit/534.46.0 (KHTML, like Gecko) CriOS/21.0.1180.77 Mobile/9B206 Safari/7534.48.3"
165.123.84.57 - jvarela@wharton.upenn.edu [12/Sep/2012:10:33:39 -0400] "GET /badges HTTP/1.1" 200 2804 "https://www.gradecraft.com/dashboard" "Mozilla/5.0 (Macintosh; Intel Mac OS X 10_8_1) AppleWebKit/537.1 (KHTML, like Gecko) Chrome/21.0.1180.89 Safari/537.1"
165.123.84.57 - jvarela@wharton.upenn.edu [12/Sep/2012:10:33:39 -0400] "GET /badges/wharton/image02.png HTTP/1.1" 200 9754 "https://www.gradecraft.com/badges" "Mozilla/5.0 (Macintosh; Intel Mac OS X 10_8_1) AppleWebKit/537.1 (KHTML, like Gecko) Chrome/21.0.1180.89 Safari/537.1"
165.123.84.57 - jvarela@wharton.upenn.edu [12/Sep/2012:10:33:39 -0400] "GET /badges/wharton/image01.png HTTP/1.1" 200 6842 "https://www.gradecraft.com/badges" "Mozilla/5.0 (Macintosh; Intel Mac OS X 10_8_1) AppleWebKit/537.1 (KHTML, like Gecko) Chrome/21.0.1180.89 Safari/537.1"
165.123.84.57 - jvarela@wharton.upenn.edu [12/Sep/2012:10:33:39 -0400] "GET /badges/wharton/image03.png HTTP/1.1" 200 10698 "https://www.gradecraft.com/badges" "Mozilla/5.0 (Macintosh; Intel Mac OS X 10_8_1) AppleWebKit/537.1 (KHTML, like Gecko) Chrome/21.0.1180.89 Safari/537.1"
165.123.84.57 - jvarela@wharton.upenn.edu [12/Sep/2012:10:33:39 -0400] "GET /badges/wharton/image04.png HTTP/1.1" 200 7690 "https://www.gradecraft.com/badges" "Mozilla/5.0 (Macintosh; Intel Mac OS X 10_8_1) AppleWebKit/537.1 (KHTML, like Gecko) Chrome/21.0.1180.89 Safari/537.1"
165.123.84.57 - jvarela@wharton.upenn.edu [12/Sep/2012:10:33:39 -0400] "GET /badges/wharton/image07.png HTTP/1.1" 200 8091 "https://www.gradecraft.com/badges" "Mozilla/5.0 (Macintosh; Intel Mac OS X 10_8_1) AppleWebKit/537.1 (KHTML, like Gecko) Chrome/21.0.1180.89 Safari/537.1"
165.123.84.57 - jvarela@wharton.upenn.edu [12/Sep/2012:10:33:39 -0400] "GET /badges/wharton/image09.png HTTP/1.1" 200 11818 "https://www.gradecraft.com/badges" "Mozilla/5.0 (Macintosh; Intel Mac OS X 10_8_1) AppleWebKit/537.1 (KHTML, like Gecko) Chrome/21.0.1180.89 Safari/537.1"
165.123.84.57 - jvarela@wharton.upenn.edu [12/Sep/2012:10:33:39 -0400] "GET /badges/wharton/image05.png HTTP/1.1" 200 8011 "https://www.gradecraft.com/badges" "Mozilla/5.0 (Macintosh; Intel Mac OS X 10_8_1) AppleWebKit/537.1 (KHTML, like Gecko) Chrome/21.0.1180.89 Safari/537.1"
165.123.84.57 - jvarela@wharton.upenn.edu [12/Sep/2012:10:33:39 -0400] "GET /badges/wharton/image06.png HTTP/1.1" 200 8187 "https://www.gradecraft.com/badges" "Mozilla/5.0 (Macintosh; Intel Mac OS X 10_8_1) AppleWebKit/537.1 (KHTML, like Gecko) Chrome/21.0.1180.89 Safari/537.1"
165.123.84.57 - jvarela@wharton.upenn.edu [12/Sep/2012:10:33:39 -0400] "GET /badges/wharton/image00.png HTTP/1.1" 200 8362 "https://www.gradecraft.com/badges" "Mozilla/5.0 (Macintosh; Intel Mac OS X 10_8_1) AppleWebKit/537.1 (KHTML, like Gecko) Chrome/21.0.1180.89 Safari/537.1"
165.123.84.57 - jvarela@wharton.upenn.edu [12/Sep/2012:10:33:39 -0400] "GET /badges/wharton/image08.png HTTP/1.1" 200 11291 "https://www.gradecraft.com/badges" "Mozilla/5.0 (Macintosh; Intel Mac OS X 10_8_1) AppleWebKit/537.1 (KHTML, like Gecko) Chrome/21.0.1180.89 Safari/537.1"
130.91.56.15 - - [12/Sep/2012:10:33:42 -0400] "GET / HTTP/1.1" 302 3259 "-" "Mozilla/5.0 (Macintosh; Intel Mac OS X 10_8_1) AppleWebKit/536.25 (KHTML, like Gecko) Version/6.0 Safari/536.25"
130.91.58.117 - - [12/Sep/2012:10:33:44 -0400] "GET /dashboard HTTP/1.1" 302 901 "https://wharton.instructure.com/courses/755358" "Opera/9.80 (Windows NT 6.1; WOW64; U; en) Presto/2.10.289 Version/12.02"
130.91.56.188 - - [12/Sep/2012:10:33:45 -0400] "GET /cosign/valid?cosign-www.gradecraft.com=ZbzeOyrIVgsQL09-SU938X7xYWbz+H3mhkmfHST5yAOUoKt+vEzPBseluuozeQJaapn-ZRLfc-1BC4fPcM9hPCdOd6zWs6TGTq2L+Bo9YZfLX0DK5zaZMTNbxyGk&https://www.gradecraft.com/dashboard HTTP/1.1" 301 1045 "https://weblogin.umich.edu/cosign-bin/cosign.cgi" "Mozilla/5.0 (Windows NT 6.1; WOW64) AppleWebKit/537.1 (KHTML, like Gecko) Chrome/21.0.1180.89 Safari/537.1"
130.91.56.188 - kly@wharton.upenn.edu [12/Sep/2012:10:33:45 -0400] "GET /dashboard HTTP/1.1" 302 1364 "https://weblogin.umich.edu/cosign-bin/cosign.cgi" "Mozilla/5.0 (Windows NT 6.1; WOW64) AppleWebKit/537.1 (KHTML, like Gecko) Chrome/21.0.1180.89 Safari/537.1"
130.91.56.188 - kly@wharton.upenn.edu [12/Sep/2012:10:33:45 -0400] "GET /dashboard HTTP/1.1" 200 3444 "https://weblogin.umich.edu/cosign-bin/cosign.cgi" "Mozilla/5.0 (Windows NT 6.1; WOW64) AppleWebKit/537.1 (KHTML, like Gecko) Chrome/21.0.1180.89 Safari/537.1"
130.91.56.188 - kly@wharton.upenn.edu [12/Sep/2012:10:33:46 -0400] "GET /assets/application-00253241250260a29e421ba336543d92.css HTTP/1.1" 200 46253 "https://www.gradecraft.com/dashboard" "Mozilla/5.0 (Windows NT 6.1; WOW64) AppleWebKit/537.1 (KHTML, like Gecko) Chrome/21.0.1180.89 Safari/537.1"
130.91.56.188 - kly@wharton.upenn.edu [12/Sep/2012:10:33:46 -0400] "GET /uploads/theme/filename/8/superhero.min.css HTTP/1.1" 200 16394 "https://www.gradecraft.com/dashboard" "Mozilla/5.0 (Windows NT 6.1; WOW64) AppleWebKit/537.1 (KHTML, like Gecko) Chrome/21.0.1180.89 Safari/537.1"
130.91.56.188 - kly@wharton.upenn.edu [12/Sep/2012:10:33:46 -0400] "GET /assets/application-4ce0ae23744168912769066ef11545d8.js HTTP/1.1" 200 135915 "https://www.gradecraft.com/dashboard" "Mozilla/5.0 (Windows NT 6.1; WOW64) AppleWebKit/537.1 (KHTML, like Gecko) Chrome/21.0.1180.89 Safari/537.1"
130.91.56.188 - kly@wharton.upenn.edu [12/Sep/2012:10:33:47 -0400] "GET /users/predictor.json?user_id=11 HTTP/1.1" 200 1594 "https://www.gradecraft.com/dashboard" "Mozilla/5.0 (Windows NT 6.1; WOW64) AppleWebKit/537.1 (KHTML, like Gecko) Chrome/21.0.1180.89 Safari/537.1"
130.91.56.188 - kly@wharton.upenn.edu [12/Sep/2012:10:33:47 -0400] "GET /users/predictor.json?in_progress=true&user_id=11 HTTP/1.1" 200 1610 "https://www.gradecraft.com/dashboard" "Mozilla/5.0 (Windows NT 6.1; WOW64) AppleWebKit/537.1 (KHTML, like Gecko) Chrome/21.0.1180.89 Safari/537.1"
165.123.85.25 - - [12/Sep/2012:10:33:50 -0400] "GET /cosign/valid?cosign-www.gradecraft.com=ETVXW5nn4m2yzj-6kwr549RAGwhEcndTtvFvE0M+vx0vrRSsqJO4KagLexQTUhtWdvkbHE3ByFcTFSp+0mFexWqeht4gE3RkPfjvN3hY7nM+Ifz1ofoDJNOF4qcU&https://www.gradecraft.com/ HTTP/1.1" 301 1013 "https://weblogin.umich.edu/cosign-bin/cosign.cgi" "Mozilla/5.0 (Macintosh; Intel Mac OS X 10_6_8) AppleWebKit/537.4 (KHTML, like Gecko) Chrome/22.0.1229.14 Safari/537.4"
165.123.85.25 - mfed@wharton.upenn.edu [12/Sep/2012:10:33:50 -0400] "GET / HTTP/1.1" 200 3428 "https://weblogin.umich.edu/cosign-bin/cosign.cgi" "Mozilla/5.0 (Macintosh; Intel Mac OS X 10_6_8) AppleWebKit/537.4 (KHTML, like Gecko) Chrome/22.0.1229.14 Safari/537.4"
165.123.85.25 - mfed@wharton.upenn.edu [12/Sep/2012:10:33:50 -0400] "GET /assets/application-00253241250260a29e421ba336543d92.css HTTP/1.1" 200 46253 "https://www.gradecraft.com/" "Mozilla/5.0 (Macintosh; Intel Mac OS X 10_6_8) AppleWebKit/537.4 (KHTML, like Gecko) Chrome/22.0.1229.14 Safari/537.4"
165.123.85.25 - mfed@wharton.upenn.edu [12/Sep/2012:10:33:50 -0400] "GET /uploads/theme/filename/8/superhero.min.css HTTP/1.1" 200 16394 "https://www.gradecraft.com/" "Mozilla/5.0 (Macintosh; Intel Mac OS X 10_6_8) AppleWebKit/537.4 (KHTML, like Gecko) Chrome/22.0.1229.14 Safari/537.4"
165.123.85.25 - mfed@wharton.upenn.edu [12/Sep/2012:10:33:50 -0400] "GET /assets/application-4ce0ae23744168912769066ef11545d8.js HTTP/1.1" 200 135915 "https://www.gradecraft.com/" "Mozilla/5.0 (Macintosh; Intel Mac OS X 10_6_8) AppleWebKit/537.4 (KHTML, like Gecko) Chrome/22.0.1229.14 Safari/537.4"
165.123.85.25 - mfed@wharton.upenn.edu [12/Sep/2012:10:33:51 -0400] "GET /users/predictor.json?user_id=52 HTTP/1.1" 200 1594 "https://www.gradecraft.com/" "Mozilla/5.0 (Macintosh; Intel Mac OS X 10_6_8) AppleWebKit/537.4 (KHTML, like Gecko) Chrome/22.0.1229.14 Safari/537.4"
165.123.85.25 - mfed@wharton.upenn.edu [12/Sep/2012:10:33:51 -0400] "GET /users/predictor.json?in_progress=true&user_id=52 HTTP/1.1" 200 1578 "https://www.gradecraft.com/" "Mozilla/5.0 (Macintosh; Intel Mac OS X 10_6_8) AppleWebKit/537.4 (KHTML, like Gecko) Chrome/22.0.1229.14 Safari/537.4"
130.91.56.188 - kly@wharton.upenn.edu [12/Sep/2012:10:33:52 -0400] "GET /assignments/4/grades/self_log?gradeable_id=11&gradeable_type=User HTTP/1.1" 200 2740 "https://www.gradecraft.com/dashboard" "Mozilla/5.0 (Windows NT 6.1; WOW64) AppleWebKit/537.1 (KHTML, like Gecko) Chrome/21.0.1180.89 Safari/537.1"
130.91.58.117 - - [12/Sep/2012:10:33:56 -0400] "GET /cosign/valid?cosign-www.gradecraft.com=aojl9TmJHPBhEZLmTSgNdagJbTLF76QaYi8u8vj7TYzgOM-faJD20bS5tx9474Fm7cIQKLsKs2xPYgoTNZ7frngYuQNtkvxnxHnyNXkgwEI8UvGJDGysM3luTiyJ&https://www.gradecraft.com/dashboard HTTP/1.1" 301 900 "https://weblogin.umich.edu/?cosign-www.gradecraft.com&https://www.gradecraft.com/dashboard" "Opera/9.80 (Windows NT 6.1; WOW64; U; en) Presto/2.10.289 Version/12.02"
130.91.58.117 - anishsaw@sas.upenn.edu [12/Sep/2012:10:33:56 -0400] "GET /dashboard HTTP/1.1" 302 4397 "https://weblogin.umich.edu/?cosign-www.gradecraft.com&https://www.gradecraft.com/dashboard" "Opera/9.80 (Windows NT 6.1; WOW64; U; en) Presto/2.10.289 Version/12.02"
130.91.56.188 - kly@wharton.upenn.edu [12/Sep/2012:10:33:56 -0400] "POST /assignments/4/grades/self_log_create HTTP/1.1" 302 1636 "https://www.gradecraft.com/assignments/4/grades/self_log?gradeable_id=11&gradeable_type=User" "Mozilla/5.0 (Windows NT 6.1; WOW64) AppleWebKit/537.1 (KHTML, like Gecko) Chrome/21.0.1180.89 Safari/537.1"
130.91.58.117 - anishsaw@sas.upenn.edu [12/Sep/2012:10:33:56 -0400] "GET /dashboard HTTP/1.1" 200 3444 "https://weblogin.umich.edu/?cosign-www.gradecraft.com&https://www.gradecraft.com/dashboard" "Opera/9.80 (Windows NT 6.1; WOW64; U; en) Presto/2.10.289 Version/12.02"
130.91.56.188 - kly@wharton.upenn.edu [12/Sep/2012:10:33:56 -0400] "GET /dashboard HTTP/1.1" 200 3684 "https://www.gradecraft.com/assignments/4/grades/self_log?gradeable_id=11&gradeable_type=User" "Mozilla/5.0 (Windows NT 6.1; WOW64) AppleWebKit/537.1 (KHTML, like Gecko) Chrome/21.0.1180.89 Safari/537.1"
130.91.58.117 - anishsaw@sas.upenn.edu [12/Sep/2012:10:33:57 -0400] "GET /uploads/theme/filename/8/superhero.min.css HTTP/1.1" 200 16394 "https://www.gradecraft.com/dashboard" "Opera/9.80 (Windows NT 6.1; WOW64; U; en) Presto/2.10.289 Version/12.02"
130.91.58.117 - anishsaw@sas.upenn.edu [12/Sep/2012:10:33:57 -0400] "GET /assets/application-00253241250260a29e421ba336543d92.css HTTP/1.1" 200 46253 "https://www.gradecraft.com/dashboard" "Opera/9.80 (Windows NT 6.1; WOW64; U; en) Presto/2.10.289 Version/12.02"
130.91.56.188 - kly@wharton.upenn.edu [12/Sep/2012:10:33:57 -0400] "GET /users/predictor.json?user_id=11 HTTP/1.1" 200 1594 "https://www.gradecraft.com/dashboard" "Mozilla/5.0 (Windows NT 6.1; WOW64) AppleWebKit/537.1 (KHTML, like Gecko) Chrome/21.0.1180.89 Safari/537.1"
130.91.56.188 - kly@wharton.upenn.edu [12/Sep/2012:10:33:57 -0400] "GET /users/predictor.json?in_progress=true&user_id=11 HTTP/1.1" 200 1610 "https://www.gradecraft.com/dashboard" "Mozilla/5.0 (Windows NT 6.1; WOW64) AppleWebKit/537.1 (KHTML, like Gecko) Chrome/21.0.1180.89 Safari/537.1"
130.91.57.170 - - [12/Sep/2012:10:33:57 -0400] "GET /dashboard HTTP/1.1" 302 901 "https://wharton.instructure.com/courses/755358" "Mozilla/5.0 (Macintosh; Intel Mac OS X 10_8_1) AppleWebKit/536.25 (KHTML, like Gecko) Version/6.0 Safari/536.25"
130.91.57.170 - - [12/Sep/2012:10:33:57 -0400] "GET /cosign/valid?cosign-www.gradecraft.com=+BLDzXPcc1RnzKnPPO3A-p54Cdbf8AvEkcHS2vN5c+l2kLB76nBZcpinWqAqrb3hFDG45MJ+FebpSMO8Gd1FVcnsQkFyvHXvwTWz8uqNTCh+RyqrzpDNGqkaJe1i&https://www.gradecraft.com/dashboard HTTP/1.1" 301 900 "https://wharton.instructure.com/courses/755358" "Mozilla/5.0 (Macintosh; Intel Mac OS X 10_8_1) AppleWebKit/536.25 (KHTML, like Gecko) Version/6.0 Safari/536.25"
130.91.57.170 - evanro@wharton.upenn.edu [12/Sep/2012:10:33:57 -0400] "GET /dashboard HTTP/1.1" 302 1348 "https://wharton.instructure.com/courses/755358" "Mozilla/5.0 (Macintosh; Intel Mac OS X 10_8_1) AppleWebKit/536.25 (KHTML, like Gecko) Version/6.0 Safari/536.25"
130.91.58.117 - - [12/Sep/2012:10:33:57 -0400] "GET /favicon.ico HTTP/1.1" 302 917 "https://www.gradecraft.com/dashboard" "Opera/9.80 (Windows NT 6.1; WOW64; U; en) Presto/2.10.289 Version/12.02"
130.91.58.117 - anishsaw@sas.upenn.edu [12/Sep/2012:10:33:57 -0400] "GET /assets/application-4ce0ae23744168912769066ef11545d8.js HTTP/1.1" 200 135915 "https://www.gradecraft.com/dashboard" "Opera/9.80 (Windows NT 6.1; WOW64; U; en) Presto/2.10.289 Version/12.02"
130.91.57.170 - evanro@wharton.upenn.edu [12/Sep/2012:10:33:57 -0400] "GET /dashboard HTTP/1.1" 200 3444 "https://wharton.instructure.com/courses/755358" "Mozilla/5.0 (Macintosh; Intel Mac OS X 10_8_1) AppleWebKit/536.25 (KHTML, like Gecko) Version/6.0 Safari/536.25"
130.91.57.170 - evanro@wharton.upenn.edu [12/Sep/2012:10:33:58 -0400] "GET /assets/application-00253241250260a29e421ba336543d92.css HTTP/1.1" 200 46253 "https://www.gradecraft.com/dashboard" "Mozilla/5.0 (Macintosh; Intel Mac OS X 10_8_1) AppleWebKit/536.25 (KHTML, like Gecko) Version/6.0 Safari/536.25"
130.91.57.170 - evanro@wharton.upenn.edu [12/Sep/2012:10:33:58 -0400] "GET /uploads/theme/filename/8/superhero.min.css HTTP/1.1" 200 16394 "https://www.gradecraft.com/dashboard" "Mozilla/5.0 (Macintosh; Intel Mac OS X 10_8_1) AppleWebKit/536.25 (KHTML, like Gecko) Version/6.0 Safari/536.25"
130.91.57.170 - evanro@wharton.upenn.edu [12/Sep/2012:10:33:58 -0400] "GET /assets/application-4ce0ae23744168912769066ef11545d8.js HTTP/1.1" 200 135915 "https://www.gradecraft.com/dashboard" "Mozilla/5.0 (Macintosh; Intel Mac OS X 10_8_1) AppleWebKit/536.25 (KHTML, like Gecko) Version/6.0 Safari/536.25"
130.91.58.117 - anishsaw@sas.upenn.edu [12/Sep/2012:10:33:58 -0400] "GET /users/predictor.json?user_id=25 HTTP/1.1" 200 1594 "https://www.gradecraft.com/dashboard" "Opera/9.80 (Windows NT 6.1; WOW64; U; en) Presto/2.10.289 Version/12.02"
130.91.58.117 - anishsaw@sas.upenn.edu [12/Sep/2012:10:33:58 -0400] "GET /users/predictor.json?in_progress=true&user_id=25 HTTP/1.1" 200 1610 "https://www.gradecraft.com/dashboard" "Opera/9.80 (Windows NT 6.1; WOW64; U; en) Presto/2.10.289 Version/12.02"
130.91.57.170 - evanro@wharton.upenn.edu [12/Sep/2012:10:33:58 -0400] "GET /users/predictor.json?user_id=22 HTTP/1.1" 200 1610 "https://www.gradecraft.com/dashboard" "Mozilla/5.0 (Macintosh; Intel Mac OS X 10_8_1) AppleWebKit/536.25 (KHTML, like Gecko) Version/6.0 Safari/536.25"
130.91.57.170 - evanro@wharton.upenn.edu [12/Sep/2012:10:33:58 -0400] "GET /users/predictor.json?in_progress=true&user_id=22 HTTP/1.1" 200 1610 "https://www.gradecraft.com/dashboard" "Mozilla/5.0 (Macintosh; Intel Mac OS X 10_8_1) AppleWebKit/536.25 (KHTML, like Gecko) Version/6.0 Safari/536.25"
130.91.57.170 - evanro@wharton.upenn.edu [12/Sep/2012:10:33:59 -0400] "GET /favicon.ico HTTP/1.1" 200 4795 "https://www.gradecraft.com/dashboard" "Mozilla/5.0 (Macintosh; Intel Mac OS X 10_8_1) AppleWebKit/536.25 (KHTML, like Gecko) Version/6.0 Safari/536.25"
165.123.87.1 - akshat@wharton.upenn.edu [12/Sep/2012:10:34:02 -0400] "GET /dashboard HTTP/1.1" 200 3317 "https://www.gradecraft.com/assignments/4/grades/self_log?gradeable_id=31&gradeable_type=User" "Mozilla/5.0 (Macintosh; Intel Mac OS X 10_5_8) AppleWebKit/537.1 (KHTML, like Gecko) Chrome/21.0.1180.79 Safari/537.1"
165.123.87.1 - akshat@wharton.upenn.edu [12/Sep/2012:10:34:02 -0400] "GET /assets/application-00253241250260a29e421ba336543d92.css HTTP/1.1" 304 101 "https://www.gradecraft.com/dashboard" "Mozilla/5.0 (Macintosh; Intel Mac OS X 10_5_8) AppleWebKit/537.1 (KHTML, like Gecko) Chrome/21.0.1180.79 Safari/537.1"
165.123.87.1 - akshat@wharton.upenn.edu [12/Sep/2012:10:34:02 -0400] "GET /uploads/theme/filename/8/superhero.min.css HTTP/1.1" 304 358 "https://www.gradecraft.com/dashboard" "Mozilla/5.0 (Macintosh; Intel Mac OS X 10_5_8) AppleWebKit/537.1 (KHTML, like Gecko) Chrome/21.0.1180.79 Safari/537.1"
165.123.87.1 - akshat@wharton.upenn.edu [12/Sep/2012:10:34:02 -0400] "GET /assets/application-4ce0ae23744168912769066ef11545d8.js HTTP/1.1" 304 358 "https://www.gradecraft.com/dashboard" "Mozilla/5.0 (Macintosh; Intel Mac OS X 10_5_8) AppleWebKit/537.1 (KHTML, like Gecko) Chrome/21.0.1180.79 Safari/537.1"
165.123.87.1 - akshat@wharton.upenn.edu [12/Sep/2012:10:34:03 -0400] "GET /users/predictor.json?user_id=31 HTTP/1.1" 304 597 "https://www.gradecraft.com/dashboard" "Mozilla/5.0 (Macintosh; Intel Mac OS X 10_5_8) AppleWebKit/537.1 (KHTML, like Gecko) Chrome/21.0.1180.79 Safari/537.1"
165.123.87.1 - akshat@wharton.upenn.edu [12/Sep/2012:10:34:03 -0400] "GET /users/predictor.json?in_progress=true&user_id=31 HTTP/1.1" 304 133 "https://www.gradecraft.com/dashboard" "Mozilla/5.0 (Macintosh; Intel Mac OS X 10_5_8) AppleWebKit/537.1 (KHTML, like Gecko) Chrome/21.0.1180.79 Safari/537.1"
165.123.87.25 - - [12/Sep/2012:10:34:05 -0400] "GET /dashboard HTTP/1.1" 302 3984 "https://wharton.instructure.com/courses/755358" "Mozilla/5.0 (Linux; Android 4.1.1; Nexus 7 Build/JRO03D) AppleWebKit/535.19 (KHTML, like Gecko) Chrome/18.0.1025.166  Safari/535.19"
165.123.85.48 - - [12/Sep/2012:10:34:06 -0400] "GET /cosign/valid?cosign-www.gradecraft.com=8bgBfNO6yGABw8sify1rePc66uuZ+B6db56MNjaa43j49Dhvij0NacJWEowEnuQLwnG8RvEutsJQ5+VM3PLesJR61XsW0NFfDD05jSbsm1AdDFI3peNtwRqbWaZc&https://www.gradecraft.com/dashboard HTTP/1.1" 301 4032 "https://weblogin.umich.edu/cosign-bin/cosign.cgi" "Mozilla/5.0 (Linux; U; Android 4.0.4; en-us; SPH-D710 Build/IMM76I) AppleWebKit/534.30 (KHTML, like Gecko) Version/4.0 Mobile Safari/534.30"
165.123.85.48 - kaipeng@Wharton.upenn.edu [12/Sep/2012:10:34:06 -0400] "GET /dashboard HTTP/1.1" 302 916 "https://weblogin.umich.edu/cosign-bin/cosign.cgi" "Mozilla/5.0 (Linux; U; Android 4.0.4; en-us; SPH-D710 Build/IMM76I) AppleWebKit/534.30 (KHTML, like Gecko) Version/4.0 Mobile Safari/534.30"
165.123.85.48 - kaipeng@Wharton.upenn.edu [12/Sep/2012:10:34:06 -0400] "GET /dashboard HTTP/1.1" 200 2516 "https://weblogin.umich.edu/cosign-bin/cosign.cgi" "Mozilla/5.0 (Linux; U; Android 4.0.4; en-us; SPH-D710 Build/IMM76I) AppleWebKit/534.30 (KHTML, like Gecko) Version/4.0 Mobile Safari/534.30"
165.123.85.48 - kaipeng@Wharton.upenn.edu [12/Sep/2012:10:34:06 -0400] "GET /assets/application-00253241250260a29e421ba336543d92.css HTTP/1.1" 200 45869 "https://www.gradecraft.com/dashboard" "Mozilla/5.0 (Linux; U; Android 4.0.4; en-us; SPH-D710 Build/IMM76I) AppleWebKit/534.30 (KHTML, like Gecko) Version/4.0 Mobile Safari/534.30"
165.123.85.48 - kaipeng@Wharton.upenn.edu [12/Sep/2012:10:34:06 -0400] "GET /uploads/theme/filename/8/superhero.min.css HTTP/1.1" 200 16362 "https://www.gradecraft.com/dashboard" "Mozilla/5.0 (Linux; U; Android 4.0.4; en-us; SPH-D710 Build/IMM76I) AppleWebKit/534.30 (KHTML, like Gecko) Version/4.0 Mobile Safari/534.30"
165.123.85.25 - mfed@wharton.upenn.edu [12/Sep/2012:10:34:07 -0400] "GET /assignments/4/grades/self_log?gradeable_id=52&gradeable_type=User HTTP/1.1" 200 2869 "https://www.gradecraft.com/" "Mozilla/5.0 (Macintosh; Intel Mac OS X 10_6_8) AppleWebKit/537.4 (KHTML, like Gecko) Chrome/22.0.1229.14 Safari/537.4"
165.123.85.48 - kaipeng@Wharton.upenn.edu [12/Sep/2012:10:34:06 -0400] "GET /assets/application-4ce0ae23744168912769066ef11545d8.js HTTP/1.1" 200 135770 "https://www.gradecraft.com/dashboard" "Mozilla/5.0 (Linux; U; Android 4.0.4; en-us; SPH-D710 Build/IMM76I) AppleWebKit/534.30 (KHTML, like Gecko) Version/4.0 Mobile Safari/534.30"
165.123.85.48 - kaipeng@Wharton.upenn.edu [12/Sep/2012:10:34:09 -0400] "GET /users/predictor.json?user_id=18 HTTP/1.1" 200 1018 "https://www.gradecraft.com/dashboard" "Mozilla/5.0 (Linux; U; Android 4.0.4; en-us; SPH-D710 Build/IMM76I) AppleWebKit/534.30 (KHTML, like Gecko) Version/4.0 Mobile Safari/534.30"
165.123.85.48 - kaipeng@Wharton.upenn.edu [12/Sep/2012:10:34:09 -0400] "GET /users/predictor.json?in_progress=true&user_id=18 HTTP/1.1" 200 1114 "https://www.gradecraft.com/dashboard" "Mozilla/5.0 (Linux; U; Android 4.0.4; en-us; SPH-D710 Build/IMM76I) AppleWebKit/534.30 (KHTML, like Gecko) Version/4.0 Mobile Safari/534.30"
165.123.85.48 - kaipeng@Wharton.upenn.edu [12/Sep/2012:10:34:09 -0400] "GET /favicon.ico HTTP/1.1" 200 1530 "https://www.gradecraft.com/dashboard" "Mozilla/5.0 (Linux; U; Android 4.0.4; en-us; SPH-D710 Build/IMM76I) AppleWebKit/534.30 (KHTML, like Gecko) Version/4.0 Mobile Safari/534.30"
130.91.58.117 - anishsaw@sas.upenn.edu [12/Sep/2012:10:34:11 -0400] "GET /assignments/4/grades/self_log?gradeable_id=25&gradeable_type=User HTTP/1.1" 200 5773 "https://www.gradecraft.com/dashboard" "Opera/9.80 (Windows NT 6.1; WOW64; U; en) Presto/2.10.289 Version/12.02"
165.123.85.25 - mfed@wharton.upenn.edu [12/Sep/2012:10:34:11 -0400] "POST /assignments/4/grades/self_log_create HTTP/1.1" 302 1636 "https://www.gradecraft.com/assignments/4/grades/self_log?gradeable_id=52&gradeable_type=User" "Mozilla/5.0 (Macintosh; Intel Mac OS X 10_6_8) AppleWebKit/537.4 (KHTML, like Gecko) Chrome/22.0.1229.14 Safari/537.4"
165.123.85.25 - mfed@wharton.upenn.edu [12/Sep/2012:10:34:11 -0400] "GET /dashboard HTTP/1.1" 200 3684 "https://www.gradecraft.com/assignments/4/grades/self_log?gradeable_id=52&gradeable_type=User" "Mozilla/5.0 (Macintosh; Intel Mac OS X 10_6_8) AppleWebKit/537.4 (KHTML, like Gecko) Chrome/22.0.1229.14 Safari/537.4"
165.123.85.25 - mfed@wharton.upenn.edu [12/Sep/2012:10:34:11 -0400] "GET /users/predictor.json?in_progress=true&user_id=52 HTTP/1.1" 200 1594 "https://www.gradecraft.com/dashboard" "Mozilla/5.0 (Macintosh; Intel Mac OS X 10_6_8) AppleWebKit/537.4 (KHTML, like Gecko) Chrome/22.0.1229.14 Safari/537.4"
165.123.85.25 - mfed@wharton.upenn.edu [12/Sep/2012:10:34:11 -0400] "GET /users/predictor.json?user_id=52 HTTP/1.1" 200 1739 "https://www.gradecraft.com/dashboard" "Mozilla/5.0 (Macintosh; Intel Mac OS X 10_6_8) AppleWebKit/537.4 (KHTML, like Gecko) Chrome/22.0.1229.14 Safari/537.4"
130.91.57.170 - evanro@wharton.upenn.edu [12/Sep/2012:10:34:13 -0400] "GET /assignments/4/grades/self_log?gradeable_id=22&gradeable_type=User HTTP/1.1" 200 2740 "https://www.gradecraft.com/dashboard" "Mozilla/5.0 (Macintosh; Intel Mac OS X 10_8_1) AppleWebKit/536.25 (KHTML, like Gecko) Version/6.0 Safari/536.25"
165.123.87.1 - akshat@wharton.upenn.edu [12/Sep/2012:10:34:13 -0400] "GET /logout HTTP/1.1" 302 708 "https://www.gradecraft.com/dashboard" "Mozilla/5.0 (Macintosh; Intel Mac OS X 10_5_8) AppleWebKit/537.1 (KHTML, like Gecko) Chrome/21.0.1180.79 Safari/537.1"
130.91.58.117 - anishsaw@sas.upenn.edu [12/Sep/2012:10:34:15 -0400] "POST /assignments/4/grades/self_log_create HTTP/1.1" 302 1797 "https://www.gradecraft.com/assignments/4/grades/self_log?gradeable_id=25&gradeable_type=User" "Opera/9.80 (Windows NT 6.1; WOW64; U; en) Presto/2.10.289 Version/12.02"
130.91.58.117 - anishsaw@sas.upenn.edu [12/Sep/2012:10:34:15 -0400] "GET /dashboard HTTP/1.1" 200 3845 "https://www.gradecraft.com/assignments/4/grades/self_log?gradeable_id=25&gradeable_type=User" "Opera/9.80 (Windows NT 6.1; WOW64; U; en) Presto/2.10.289 Version/12.02"
130.91.58.117 - anishsaw@sas.upenn.edu [12/Sep/2012:10:34:16 -0400] "GET /users/predictor.json?in_progress=true&user_id=25 HTTP/1.1" 200 1610 "https://www.gradecraft.com/dashboard" "Opera/9.80 (Windows NT 6.1; WOW64; U; en) Presto/2.10.289 Version/12.02"
130.91.58.117 - anishsaw@sas.upenn.edu [12/Sep/2012:10:34:16 -0400] "GET /users/predictor.json?user_id=25 HTTP/1.1" 200 1610 "https://www.gradecraft.com/dashboard" "Opera/9.80 (Windows NT 6.1; WOW64; U; en) Presto/2.10.289 Version/12.02"
130.91.57.170 - evanro@wharton.upenn.edu [12/Sep/2012:10:34:17 -0400] "POST /assignments/4/grades/self_log_create HTTP/1.1" 302 1652 "https://www.gradecraft.com/assignments/4/grades/self_log?gradeable_id=22&gradeable_type=User" "Mozilla/5.0 (Macintosh; Intel Mac OS X 10_8_1) AppleWebKit/536.25 (KHTML, like Gecko) Version/6.0 Safari/536.25"
130.91.57.170 - evanro@wharton.upenn.edu [12/Sep/2012:10:34:17 -0400] "GET /dashboard HTTP/1.1" 200 3684 "https://www.gradecraft.com/assignments/4/grades/self_log?gradeable_id=22&gradeable_type=User" "Mozilla/5.0 (Macintosh; Intel Mac OS X 10_8_1) AppleWebKit/536.25 (KHTML, like Gecko) Version/6.0 Safari/536.25"
130.91.57.170 - evanro@wharton.upenn.edu [12/Sep/2012:10:34:17 -0400] "GET /users/predictor.json?in_progress=true&user_id=22 HTTP/1.1" 200 1594 "https://www.gradecraft.com/dashboard" "Mozilla/5.0 (Macintosh; Intel Mac OS X 10_8_1) AppleWebKit/536.25 (KHTML, like Gecko) Version/6.0 Safari/536.25"
130.91.57.170 - evanro@wharton.upenn.edu [12/Sep/2012:10:34:18 -0400] "GET /users/predictor.json?user_id=22 HTTP/1.1" 200 1755 "https://www.gradecraft.com/dashboard" "Mozilla/5.0 (Macintosh; Intel Mac OS X 10_8_1) AppleWebKit/536.25 (KHTML, like Gecko) Version/6.0 Safari/536.25"
165.123.87.25 - - [12/Sep/2012:10:34:27 -0400] "GET /cosign/valid?cosign-www.gradecraft.com=0ijVLR-1OvLUltfVb54gSICUR-xNN9bx2kmAv4bGIJmbdTfEhBtnG-iWK9n3xpQHIhsqzGwYRSkcFEicv-gBEvP4ihLno-AkCIZ1TwzpM3h2jdNLZY9SqdZ8ZwWI&https://www.gradecraft.com/dashboard HTTP/1.1" 301 1045 "https://weblogin.umich.edu/?cosign-www.gradecraft.com&https://www.gradecraft.com/dashboard" "Mozilla/5.0 (Linux; Android 4.1.1; Nexus 7 Build/JRO03D) AppleWebKit/535.19 (KHTML, like Gecko) Chrome/18.0.1025.166  Safari/535.19"
165.123.87.25 - pbau@wharton.upenn.edu [12/Sep/2012:10:34:27 -0400] "GET /dashboard HTTP/1.1" 302 1364 "https://weblogin.umich.edu/?cosign-www.gradecraft.com&https://www.gradecraft.com/dashboard" "Mozilla/5.0 (Linux; Android 4.1.1; Nexus 7 Build/JRO03D) AppleWebKit/535.19 (KHTML, like Gecko) Chrome/18.0.1025.166  Safari/535.19"
165.123.87.25 - pbau@wharton.upenn.edu [12/Sep/2012:10:34:27 -0400] "GET /dashboard HTTP/1.1" 200 3444 "https://weblogin.umich.edu/?cosign-www.gradecraft.com&https://www.gradecraft.com/dashboard" "Mozilla/5.0 (Linux; Android 4.1.1; Nexus 7 Build/JRO03D) AppleWebKit/535.19 (KHTML, like Gecko) Chrome/18.0.1025.166  Safari/535.19"
165.123.87.25 - pbau@wharton.upenn.edu [12/Sep/2012:10:34:28 -0400] "GET /assets/application-00253241250260a29e421ba336543d92.css HTTP/1.1" 200 46253 "https://www.gradecraft.com/dashboard" "Mozilla/5.0 (Linux; Android 4.1.1; Nexus 7 Build/JRO03D) AppleWebKit/535.19 (KHTML, like Gecko) Chrome/18.0.1025.166  Safari/535.19"
165.123.87.25 - pbau@wharton.upenn.edu [12/Sep/2012:10:34:28 -0400] "GET /uploads/theme/filename/8/superhero.min.css HTTP/1.1" 200 16394 "https://www.gradecraft.com/dashboard" "Mozilla/5.0 (Linux; Android 4.1.1; Nexus 7 Build/JRO03D) AppleWebKit/535.19 (KHTML, like Gecko) Chrome/18.0.1025.166  Safari/535.19"
165.123.87.25 - pbau@wharton.upenn.edu [12/Sep/2012:10:34:28 -0400] "GET /assets/application-4ce0ae23744168912769066ef11545d8.js HTTP/1.1" 200 135915 "https://www.gradecraft.com/dashboard" "Mozilla/5.0 (Linux; Android 4.1.1; Nexus 7 Build/JRO03D) AppleWebKit/535.19 (KHTML, like Gecko) Chrome/18.0.1025.166  Safari/535.19"
165.123.87.25 - pbau@wharton.upenn.edu [12/Sep/2012:10:34:29 -0400] "GET /users/predictor.json?user_id=44 HTTP/1.1" 200 1610 "https://www.gradecraft.com/dashboard" "Mozilla/5.0 (Linux; Android 4.1.1; Nexus 7 Build/JRO03D) AppleWebKit/535.19 (KHTML, like Gecko) Chrome/18.0.1025.166  Safari/535.19"
165.123.87.25 - pbau@wharton.upenn.edu [12/Sep/2012:10:34:29 -0400] "GET /users/predictor.json?in_progress=true&user_id=44 HTTP/1.1" 200 1610 "https://www.gradecraft.com/dashboard" "Mozilla/5.0 (Linux; Android 4.1.1; Nexus 7 Build/JRO03D) AppleWebKit/535.19 (KHTML, like Gecko) Chrome/18.0.1025.166  Safari/535.19"
165.123.87.25 - pbau@wharton.upenn.edu [12/Sep/2012:10:34:36 -0400] "GET /favicon.ico HTTP/1.1" 200 4650 "-" "Mozilla/5.0 (Linux; Android 4.1.1; Nexus 7 Build/JRO03D) AppleWebKit/535.19 (KHTML, like Gecko) Chrome/18.0.1025.166  Safari/535.19"
165.123.87.25 - pbau@wharton.upenn.edu [12/Sep/2012:10:34:38 -0400] "GET /apple-touch-icon-precomposed.png HTTP/1.1" 404 1044 "-" "Mozilla/5.0 (Linux; Android 4.1.1; Nexus 7 Build/JRO03D) AppleWebKit/535.19 (KHTML, like Gecko) Chrome/18.0.1025.166  Safari/535.19"
165.123.87.25 - pbau@wharton.upenn.edu [12/Sep/2012:10:34:38 -0400] "GET /apple-touch-icon.png HTTP/1.1" 404 1044 "-" "Mozilla/5.0 (Linux; Android 4.1.1; Nexus 7 Build/JRO03D) AppleWebKit/535.19 (KHTML, like Gecko) Chrome/18.0.1025.166  Safari/535.19"
165.123.85.20 - - [12/Sep/2012:10:34:45 -0400] "GET /dashboard HTTP/1.1" 302 3936 "https://wharton.instructure.com/courses/755358" "Mozilla/5.0 (iPhone; CPU iPhone OS 5_1_1 like Mac OS X; en-us) AppleWebKit/534.46.0 (KHTML, like Gecko) CriOS/21.0.1180.80 Mobile/9B206 Safari/7534.48.3"
165.123.87.25 - pbau@wharton.upenn.edu [12/Sep/2012:10:34:46 -0400] "GET /assignments/4/grades/self_log?gradeable_id=44&gradeable_type=User HTTP/1.1" 200 2740 "https://www.gradecraft.com/dashboard" "Mozilla/5.0 (Linux; Android 4.1.1; Nexus 7 Build/JRO03D) AppleWebKit/535.19 (KHTML, like Gecko) Chrome/18.0.1025.166  Safari/535.19"
