130.91.59.107 - kmate@wharton.upenn.edu [24/Oct/2012:10:31:34 -0400] "GET /assets/application-8ce02592fd93cf8f056fcba13d4bd5fc.js HTTP/1.1" 304 245 "https://www.gradecraft.com/dashboard" "Mozilla/5.0 (Windows NT 6.1; WOW64) AppleWebKit/537.4 (KHTML, like Gecko) Chrome/22.0.1229.94 Safari/537.4"
130.91.58.38 - markov@wharton.upenn.edu [24/Oct/2012:10:31:34 -0400] "GET /users/predictor.json?user_id=33 HTTP/1.1" 304 885 "https://www.gradecraft.com/dashboard" "Mozilla/5.0 (Windows NT 6.1; WOW64) AppleWebKit/537.4 (KHTML, like Gecko) Chrome/22.0.1229.94 Safari/537.4"
130.91.58.38 - markov@wharton.upenn.edu [24/Oct/2012:10:31:34 -0400] "GET /users/predictor.json?in_progress=true&user_id=33 HTTP/1.1" 304 885 "https://www.gradecraft.com/dashboard" "Mozilla/5.0 (Windows NT 6.1; WOW64) AppleWebKit/537.4 (KHTML, like Gecko) Chrome/22.0.1229.94 Safari/537.4"
130.91.59.107 - kmate@wharton.upenn.edu [24/Oct/2012:10:31:35 -0400] "GET /assets/stylesheets/superhero.min.css HTTP/1.1" 404 1205 "https://www.gradecraft.com/dashboard" "Mozilla/5.0 (Windows NT 6.1; WOW64) AppleWebKit/537.4 (KHTML, like Gecko) Chrome/22.0.1229.94 Safari/537.4"
130.91.59.107 - kmate@wharton.upenn.edu [24/Oct/2012:10:31:36 -0400] "GET /badges/wharton/image01.png HTTP/1.1" 304 374 "https://www.gradecraft.com/dashboard" "Mozilla/5.0 (Windows NT 6.1; WOW64) AppleWebKit/537.4 (KHTML, like Gecko) Chrome/22.0.1229.94 Safari/537.4"
130.91.59.107 - kmate@wharton.upenn.edu [24/Oct/2012:10:31:36 -0400] "GET /badges/wharton/image02.png HTTP/1.1" 304 213 "https://www.gradecraft.com/dashboard" "Mozilla/5.0 (Windows NT 6.1; WOW64) AppleWebKit/537.4 (KHTML, like Gecko) Chrome/22.0.1229.94 Safari/537.4"
130.91.59.107 - kmate@wharton.upenn.edu [24/Oct/2012:10:31:36 -0400] "GET /badges/wharton/image04.png HTTP/1.1" 304 213 "https://www.gradecraft.com/dashboard" "Mozilla/5.0 (Windows NT 6.1; WOW64) AppleWebKit/537.4 (KHTML, like Gecko) Chrome/22.0.1229.94 Safari/537.4"
130.91.59.107 - kmate@wharton.upenn.edu [24/Oct/2012:10:31:36 -0400] "GET /badges/wharton/image03.png HTTP/1.1" 304 374 "https://www.gradecraft.com/dashboard" "Mozilla/5.0 (Windows NT 6.1; WOW64) AppleWebKit/537.4 (KHTML, like Gecko) Chrome/22.0.1229.94 Safari/537.4"
130.91.59.107 - kmate@wharton.upenn.edu [24/Oct/2012:10:31:36 -0400] "GET /badges/wharton/image05.png HTTP/1.1" 304 213 "https://www.gradecraft.com/dashboard" "Mozilla/5.0 (Windows NT 6.1; WOW64) AppleWebKit/537.4 (KHTML, like Gecko) Chrome/22.0.1229.94 Safari/537.4"
130.91.59.107 - kmate@wharton.upenn.edu [24/Oct/2012:10:31:36 -0400] "GET /badges/wharton/image08.png HTTP/1.1" 304 213 "https://www.gradecraft.com/dashboard" "Mozilla/5.0 (Windows NT 6.1; WOW64) AppleWebKit/537.4 (KHTML, like Gecko) Chrome/22.0.1229.94 Safari/537.4"
130.91.59.107 - kmate@wharton.upenn.edu [24/Oct/2012:10:31:36 -0400] "GET /badges/wharton/image06.png HTTP/1.1" 304 374 "https://www.gradecraft.com/dashboard" "Mozilla/5.0 (Windows NT 6.1; WOW64) AppleWebKit/537.4 (KHTML, like Gecko) Chrome/22.0.1229.94 Safari/537.4"
130.91.59.107 - kmate@wharton.upenn.edu [24/Oct/2012:10:31:36 -0400] "GET /badges/wharton/image07.png HTTP/1.1" 304 374 "https://www.gradecraft.com/dashboard" "Mozilla/5.0 (Windows NT 6.1; WOW64) AppleWebKit/537.4 (KHTML, like Gecko) Chrome/22.0.1229.94 Safari/537.4"
130.91.59.107 - kmate@wharton.upenn.edu [24/Oct/2012:10:31:36 -0400] "GET /badges/wharton/image09.png HTTP/1.1" 304 213 "https://www.gradecraft.com/dashboard" "Mozilla/5.0 (Windows NT 6.1; WOW64) AppleWebKit/537.4 (KHTML, like Gecko) Chrome/22.0.1229.94 Safari/537.4"
130.91.59.107 - kmate@wharton.upenn.edu [24/Oct/2012:10:31:36 -0400] "GET /badges/wharton/image00.png HTTP/1.1" 304 213 "https://www.gradecraft.com/dashboard" "Mozilla/5.0 (Windows NT 6.1; WOW64) AppleWebKit/537.4 (KHTML, like Gecko) Chrome/22.0.1229.94 Safari/537.4"
130.91.59.107 - kmate@wharton.upenn.edu [24/Oct/2012:10:31:36 -0400] "GET /badges/wharton/Game-Master-Badge.png HTTP/1.1" 304 213 "https://www.gradecraft.com/dashboard" "Mozilla/5.0 (Windows NT 6.1; WOW64) AppleWebKit/537.4 (KHTML, like Gecko) Chrome/22.0.1229.94 Safari/537.4"
130.91.59.107 - kmate@wharton.upenn.edu [24/Oct/2012:10:31:36 -0400] "GET /badges/wharton/Corporate-Lackey-Badge.png HTTP/1.1" 304 213 "https://www.gradecraft.com/dashboard" "Mozilla/5.0 (Windows NT 6.1; WOW64) AppleWebKit/537.4 (KHTML, like Gecko) Chrome/22.0.1229.94 Safari/537.4"
130.91.59.107 - kmate@wharton.upenn.edu [24/Oct/2012:10:31:36 -0400] "GET /badges/wharton/Globe-Trotter-Badge.png HTTP/1.1" 304 213 "https://www.gradecraft.com/dashboard" "Mozilla/5.0 (Windows NT 6.1; WOW64) AppleWebKit/537.4 (KHTML, like Gecko) Chrome/22.0.1229.94 Safari/537.4"
130.91.59.107 - kmate@wharton.upenn.edu [24/Oct/2012:10:31:36 -0400] "GET /users/predictor.json?user_id=58 HTTP/1.1" 304 885 "https://www.gradecraft.com/dashboard" "Mozilla/5.0 (Windows NT 6.1; WOW64) AppleWebKit/537.4 (KHTML, like Gecko) Chrome/22.0.1229.94 Safari/537.4"
130.91.59.107 - kmate@wharton.upenn.edu [24/Oct/2012:10:31:36 -0400] "GET /users/predictor.json?in_progress=true&user_id=58 HTTP/1.1" 304 885 "https://www.gradecraft.com/dashboard" "Mozilla/5.0 (Windows NT 6.1; WOW64) AppleWebKit/537.4 (KHTML, like Gecko) Chrome/22.0.1229.94 Safari/537.4"
130.91.58.38 - markov@wharton.upenn.edu [24/Oct/2012:10:31:40 -0400] "GET /assignments/13/grades/self_log?gradeable_id=33&gradeable_type=User HTTP/1.1" 200 2676 "https://www.gradecraft.com/dashboard" "Mozilla/5.0 (Windows NT 6.1; WOW64) AppleWebKit/537.4 (KHTML, like Gecko) Chrome/22.0.1229.94 Safari/537.4"
130.91.58.38 - markov@wharton.upenn.edu [24/Oct/2012:10:31:40 -0400] "GET /assets/stylesheets/superhero.min.css HTTP/1.1" 404 1044 "https://www.gradecraft.com/assignments/13/grades/self_log?gradeable_id=33&gradeable_type=User" "Mozilla/5.0 (Windows NT 6.1; WOW64) AppleWebKit/537.4 (KHTML, like Gecko) Chrome/22.0.1229.94 Safari/537.4"
130.91.57.77 - - [24/Oct/2012:10:31:41 -0400] "GET / HTTP/1.1" 302 3984 "-" "Mozilla/5.0 (Macintosh; Intel Mac OS X 10_8_2) AppleWebKit/537.4 (KHTML, like Gecko) Chrome/22.0.1229.94 Safari/537.4"
130.91.58.38 - markov@wharton.upenn.edu [24/Oct/2012:10:31:43 -0400] "POST /assignments/13/grades/self_log_create HTTP/1.1" 302 1652 "https://www.gradecraft.com/assignments/13/grades/self_log?gradeable_id=33&gradeable_type=User" "Mozilla/5.0 (Windows NT 6.1; WOW64) AppleWebKit/537.4 (KHTML, like Gecko) Chrome/22.0.1229.94 Safari/537.4"
130.91.58.38 - markov@wharton.upenn.edu [24/Oct/2012:10:31:43 -0400] "GET /dashboard HTTP/1.1" 200 4468 "https://www.gradecraft.com/assignments/13/grades/self_log?gradeable_id=33&gradeable_type=User" "Mozilla/5.0 (Windows NT 6.1; WOW64) AppleWebKit/537.4 (KHTML, like Gecko) Chrome/22.0.1229.94 Safari/537.4"
130.91.58.38 - markov@wharton.upenn.edu [24/Oct/2012:10:31:44 -0400] "GET /assets/stylesheets/superhero.min.css HTTP/1.1" 404 1044 "https://www.gradecraft.com/dashboard" "Mozilla/5.0 (Windows NT 6.1; WOW64) AppleWebKit/537.4 (KHTML, like Gecko) Chrome/22.0.1229.94 Safari/537.4"
130.91.58.38 - markov@wharton.upenn.edu [24/Oct/2012:10:31:44 -0400] "GET /users/predictor.json?user_id=33 HTTP/1.1" 304 885 "https://www.gradecraft.com/dashboard" "Mozilla/5.0 (Windows NT 6.1; WOW64) AppleWebKit/537.4 (KHTML, like Gecko) Chrome/22.0.1229.94 Safari/537.4"
130.91.58.38 - markov@wharton.upenn.edu [24/Oct/2012:10:31:44 -0400] "GET /users/predictor.json?in_progress=true&user_id=33 HTTP/1.1" 304 885 "https://www.gradecraft.com/dashboard" "Mozilla/5.0 (Windows NT 6.1; WOW64) AppleWebKit/537.4 (KHTML, like Gecko) Chrome/22.0.1229.94 Safari/537.4"
165.123.85.187 - - [24/Oct/2012:10:31:48 -0400] "GET /dashboard HTTP/1.1" 302 3259 "https://wharton.instructure.com/courses/755358" "Mozilla/5.0 (iPhone; CPU iPhone OS 6_0 like Mac OS X) AppleWebKit/536.26 (KHTML, like Gecko) Version/6.0 Mobile/10A403 Safari/8536.25"
130.91.59.129 - - [24/Oct/2012:10:31:50 -0400] "GET /dashboard HTTP/1.1" 302 3789 "https://wharton.instructure.com/courses/755358" "Opera/9.80 (Windows NT 6.1; WOW64; U; en) Presto/2.10.289 Version/12.02"
130.91.57.77 - - [24/Oct/2012:10:31:50 -0400] "GET /cosign/valid?cosign-www.gradecraft.com=9YeSSaIAiTgwLvbAW7tXgUW5ro+DaPgCKJDJJZ7u3G1OnTt1Sx1yerjrjmGCHRyQKeh5QWbhoVmscFMw+-WMvax-k2OPTD2qSX8237LqlPZkw3m1RLmt6UB566T1&https://www.gradecraft.com/ HTTP/1.1" 301 868 "https://weblogin.umich.edu/?cosign-www.gradecraft.com&https://www.gradecraft.com/" "Mozilla/5.0 (Macintosh; Intel Mac OS X 10_8_2) AppleWebKit/537.4 (KHTML, like Gecko) Chrome/22.0.1229.94 Safari/537.4"
130.91.57.77 - brclark@wharton.upenn.edu [24/Oct/2012:10:31:50 -0400] "GET / HTTP/1.1" 302 1348 "https://weblogin.umich.edu/?cosign-www.gradecraft.com&https://www.gradecraft.com/" "Mozilla/5.0 (Macintosh; Intel Mac OS X 10_8_2) AppleWebKit/537.4 (KHTML, like Gecko) Chrome/22.0.1229.94 Safari/537.4"
130.91.57.253 - - [24/Oct/2012:10:31:51 -0400] "GET /dashboard HTTP/1.1" 302 3984 "https://wharton.instructure.com/courses/755358" "Mozilla/5.0 (Windows NT 6.1; WOW64) AppleWebKit/537.4 (KHTML, like Gecko) Chrome/22.0.1229.94 Safari/537.4"
130.91.57.77 - brclark@wharton.upenn.edu [24/Oct/2012:10:31:50 -0400] "GET /dashboard HTTP/1.1" 200 4308 "https://weblogin.umich.edu/?cosign-www.gradecraft.com&https://www.gradecraft.com/" "Mozilla/5.0 (Macintosh; Intel Mac OS X 10_8_2) AppleWebKit/537.4 (KHTML, like Gecko) Chrome/22.0.1229.94 Safari/537.4"
130.91.57.77 - brclark@wharton.upenn.edu [24/Oct/2012:10:31:51 -0400] "GET /assets/application-75efbcdd2e483708b1922621823d8e20.css HTTP/1.1" 200 47181 "https://www.gradecraft.com/dashboard" "Mozilla/5.0 (Macintosh; Intel Mac OS X 10_8_2) AppleWebKit/537.4 (KHTML, like Gecko) Chrome/22.0.1229.94 Safari/537.4"
130.91.57.77 - brclark@wharton.upenn.edu [24/Oct/2012:10:31:51 -0400] "GET /assets/stylesheets/superhero.min.css HTTP/1.1" 404 1205 "https://www.gradecraft.com/dashboard" "Mozilla/5.0 (Macintosh; Intel Mac OS X 10_8_2) AppleWebKit/537.4 (KHTML, like Gecko) Chrome/22.0.1229.94 Safari/537.4"
130.91.57.77 - brclark@wharton.upenn.edu [24/Oct/2012:10:31:51 -0400] "GET /assets/application-8ce02592fd93cf8f056fcba13d4bd5fc.js HTTP/1.1" 200 201945 "https://www.gradecraft.com/dashboard" "Mozilla/5.0 (Macintosh; Intel Mac OS X 10_8_2) AppleWebKit/537.4 (KHTML, like Gecko) Chrome/22.0.1229.94 Safari/537.4"
130.91.57.77 - brclark@wharton.upenn.edu [24/Oct/2012:10:31:51 -0400] "GET /badges/wharton/image01.png HTTP/1.1" 200 6842 "https://www.gradecraft.com/dashboard" "Mozilla/5.0 (Macintosh; Intel Mac OS X 10_8_2) AppleWebKit/537.4 (KHTML, like Gecko) Chrome/22.0.1229.94 Safari/537.4"
130.91.57.77 - brclark@wharton.upenn.edu [24/Oct/2012:10:31:51 -0400] "GET /badges/wharton/image02.png HTTP/1.1" 200 9754 "https://www.gradecraft.com/dashboard" "Mozilla/5.0 (Macintosh; Intel Mac OS X 10_8_2) AppleWebKit/537.4 (KHTML, like Gecko) Chrome/22.0.1229.94 Safari/537.4"
130.91.57.77 - brclark@wharton.upenn.edu [24/Oct/2012:10:31:52 -0400] "GET /badges/wharton/image03.png HTTP/1.1" 200 10843 "https://www.gradecraft.com/dashboard" "Mozilla/5.0 (Macintosh; Intel Mac OS X 10_8_2) AppleWebKit/537.4 (KHTML, like Gecko) Chrome/22.0.1229.94 Safari/537.4"
130.91.57.77 - brclark@wharton.upenn.edu [24/Oct/2012:10:31:52 -0400] "GET /badges/wharton/image04.png HTTP/1.1" 200 7835 "https://www.gradecraft.com/dashboard" "Mozilla/5.0 (Macintosh; Intel Mac OS X 10_8_2) AppleWebKit/537.4 (KHTML, like Gecko) Chrome/22.0.1229.94 Safari/537.4"
130.91.57.77 - brclark@wharton.upenn.edu [24/Oct/2012:10:31:52 -0400] "GET /badges/wharton/image05.png HTTP/1.1" 200 8011 "https://www.gradecraft.com/dashboard" "Mozilla/5.0 (Macintosh; Intel Mac OS X 10_8_2) AppleWebKit/537.4 (KHTML, like Gecko) Chrome/22.0.1229.94 Safari/537.4"
130.91.57.77 - brclark@wharton.upenn.edu [24/Oct/2012:10:31:52 -0400] "GET /badges/wharton/image06.png HTTP/1.1" 200 8042 "https://www.gradecraft.com/dashboard" "Mozilla/5.0 (Macintosh; Intel Mac OS X 10_8_2) AppleWebKit/537.4 (KHTML, like Gecko) Chrome/22.0.1229.94 Safari/537.4"
130.91.57.77 - brclark@wharton.upenn.edu [24/Oct/2012:10:31:52 -0400] "GET /badges/wharton/image07.png HTTP/1.1" 200 7946 "https://www.gradecraft.com/dashboard" "Mozilla/5.0 (Macintosh; Intel Mac OS X 10_8_2) AppleWebKit/537.4 (KHTML, like Gecko) Chrome/22.0.1229.94 Safari/537.4"
130.91.57.77 - brclark@wharton.upenn.edu [24/Oct/2012:10:31:52 -0400] "GET /badges/wharton/image08.png HTTP/1.1" 200 11146 "https://www.gradecraft.com/dashboard" "Mozilla/5.0 (Macintosh; Intel Mac OS X 10_8_2) AppleWebKit/537.4 (KHTML, like Gecko) Chrome/22.0.1229.94 Safari/537.4"
130.91.57.77 - brclark@wharton.upenn.edu [24/Oct/2012:10:31:52 -0400] "GET /badges/wharton/image09.png HTTP/1.1" 200 11818 "https://www.gradecraft.com/dashboard" "Mozilla/5.0 (Macintosh; Intel Mac OS X 10_8_2) AppleWebKit/537.4 (KHTML, like Gecko) Chrome/22.0.1229.94 Safari/537.4"
130.91.57.77 - brclark@wharton.upenn.edu [24/Oct/2012:10:31:52 -0400] "GET /badges/wharton/image00.png HTTP/1.1" 200 8362 "https://www.gradecraft.com/dashboard" "Mozilla/5.0 (Macintosh; Intel Mac OS X 10_8_2) AppleWebKit/537.4 (KHTML, like Gecko) Chrome/22.0.1229.94 Safari/537.4"
130.91.57.77 - brclark@wharton.upenn.edu [24/Oct/2012:10:31:52 -0400] "GET /badges/wharton/Game-Master-Badge.png HTTP/1.1" 200 11946 "https://www.gradecraft.com/dashboard" "Mozilla/5.0 (Macintosh; Intel Mac OS X 10_8_2) AppleWebKit/537.4 (KHTML, like Gecko) Chrome/22.0.1229.94 Safari/537.4"
130.91.57.77 - brclark@wharton.upenn.edu [24/Oct/2012:10:31:52 -0400] "GET /badges/wharton/Corporate-Lackey-Badge.png HTTP/1.1" 200 9914 "https://www.gradecraft.com/dashboard" "Mozilla/5.0 (Macintosh; Intel Mac OS X 10_8_2) AppleWebKit/537.4 (KHTML, like Gecko) Chrome/22.0.1229.94 Safari/537.4"
130.91.57.77 - brclark@wharton.upenn.edu [24/Oct/2012:10:31:52 -0400] "GET /badges/wharton/Globe-Trotter-Badge.png HTTP/1.1" 200 10490 "https://www.gradecraft.com/dashboard" "Mozilla/5.0 (Macintosh; Intel Mac OS X 10_8_2) AppleWebKit/537.4 (KHTML, like Gecko) Chrome/22.0.1229.94 Safari/537.4"
130.91.57.77 - brclark@wharton.upenn.edu [24/Oct/2012:10:31:52 -0400] "GET /favicon.ico HTTP/1.1" 200 4650 "-" "Mozilla/5.0 (Macintosh; Intel Mac OS X 10_8_2) AppleWebKit/537.4 (KHTML, like Gecko) Chrome/22.0.1229.94 Safari/537.4"
130.91.57.77 - brclark@wharton.upenn.edu [24/Oct/2012:10:31:51 -0400] "GET /users/predictor.json?user_id=49 HTTP/1.1" 200 1674 "https://www.gradecraft.com/dashboard" "Mozilla/5.0 (Macintosh; Intel Mac OS X 10_8_2) AppleWebKit/537.4 (KHTML, like Gecko) Chrome/22.0.1229.94 Safari/537.4"
130.91.57.77 - brclark@wharton.upenn.edu [24/Oct/2012:10:31:51 -0400] "GET /users/predictor.json?in_progress=true&user_id=49 HTTP/1.1" 200 1674 "https://www.gradecraft.com/dashboard" "Mozilla/5.0 (Macintosh; Intel Mac OS X 10_8_2) AppleWebKit/537.4 (KHTML, like Gecko) Chrome/22.0.1229.94 Safari/537.4"
130.91.59.129 - - [24/Oct/2012:10:31:58 -0400] "GET /cosign/valid?cosign-www.gradecraft.com=E+ZF6m5XkvzkVbPcNuV5vUrdz6PU2P+dKAVDItifH6GIoIH74hZwIG8E4v4QWIkNeHuCOpCFEmEc2CGESJlBWTznD3IX15fkv9KkE-IUFEbQZuQzQh-LGEChURmQ&https://www.gradecraft.com/dashboard HTTP/1.1" 301 900 "https://weblogin.umich.edu/?cosign-www.gradecraft.com&https://www.gradecraft.com/dashboard" "Opera/9.80 (Windows NT 6.1; WOW64; U; en) Presto/2.10.289 Version/12.02"
130.91.59.129 - anishsaw@sas.upenn.edu [24/Oct/2012:10:31:58 -0400] "GET /dashboard HTTP/1.1" 302 1509 "https://weblogin.umich.edu/?cosign-www.gradecraft.com&https://www.gradecraft.com/dashboard" "Opera/9.80 (Windows NT 6.1; WOW64; U; en) Presto/2.10.289 Version/12.02"
130.91.59.129 - anishsaw@sas.upenn.edu [24/Oct/2012:10:31:58 -0400] "GET /dashboard HTTP/1.1" 200 4308 "https://weblogin.umich.edu/?cosign-www.gradecraft.com&https://www.gradecraft.com/dashboard" "Opera/9.80 (Windows NT 6.1; WOW64; U; en) Presto/2.10.289 Version/12.02"
130.91.59.129 - anishsaw@sas.upenn.edu [24/Oct/2012:10:31:59 -0400] "GET /badges/wharton/image01.png HTTP/1.1" 200 6987 "https://www.gradecraft.com/dashboard" "Opera/9.80 (Windows NT 6.1; WOW64; U; en) Presto/2.10.289 Version/12.02"
130.91.59.129 - anishsaw@sas.upenn.edu [24/Oct/2012:10:31:59 -0400] "GET /badges/wharton/image07.png HTTP/1.1" 200 7946 "https://www.gradecraft.com/dashboard" "Opera/9.80 (Windows NT 6.1; WOW64; U; en) Presto/2.10.289 Version/12.02"
130.91.59.129 - anishsaw@sas.upenn.edu [24/Oct/2012:10:31:59 -0400] "GET /badges/wharton/image03.png HTTP/1.1" 200 10843 "https://www.gradecraft.com/dashboard" "Opera/9.80 (Windows NT 6.1; WOW64; U; en) Presto/2.10.289 Version/12.02"
130.91.59.129 - anishsaw@sas.upenn.edu [24/Oct/2012:10:31:59 -0400] "GET /badges/wharton/image09.png HTTP/1.1" 200 11818 "https://www.gradecraft.com/dashboard" "Opera/9.80 (Windows NT 6.1; WOW64; U; en) Presto/2.10.289 Version/12.02"
130.91.59.129 - anishsaw@sas.upenn.edu [24/Oct/2012:10:31:59 -0400] "GET /badges/wharton/image02.png HTTP/1.1" 200 9899 "https://www.gradecraft.com/dashboard" "Opera/9.80 (Windows NT 6.1; WOW64; U; en) Presto/2.10.289 Version/12.02"
130.91.59.129 - anishsaw@sas.upenn.edu [24/Oct/2012:10:31:59 -0400] "GET /badges/wharton/image08.png HTTP/1.1" 200 11146 "https://www.gradecraft.com/dashboard" "Opera/9.80 (Windows NT 6.1; WOW64; U; en) Presto/2.10.289 Version/12.02"
130.91.59.129 - anishsaw@sas.upenn.edu [24/Oct/2012:10:31:59 -0400] "GET /assets/stylesheets/superhero.min.css HTTP/1.1" 404 1205 "https://www.gradecraft.com/dashboard" "Opera/9.80 (Windows NT 6.1; WOW64; U; en) Presto/2.10.289 Version/12.02"
130.91.59.129 - anishsaw@sas.upenn.edu [24/Oct/2012:10:31:59 -0400] "GET /badges/wharton/image06.png HTTP/1.1" 200 8042 "https://www.gradecraft.com/dashboard" "Opera/9.80 (Windows NT 6.1; WOW64; U; en) Presto/2.10.289 Version/12.02"
130.91.59.129 - anishsaw@sas.upenn.edu [24/Oct/2012:10:31:59 -0400] "GET /badges/wharton/Corporate-Lackey-Badge.png HTTP/1.1" 200 9914 "https://www.gradecraft.com/dashboard" "Opera/9.80 (Windows NT 6.1; WOW64; U; en) Presto/2.10.289 Version/12.02"
130.91.59.129 - anishsaw@sas.upenn.edu [24/Oct/2012:10:31:59 -0400] "GET /badges/wharton/Globe-Trotter-Badge.png HTTP/1.1" 200 10490 "https://www.gradecraft.com/dashboard" "Opera/9.80 (Windows NT 6.1; WOW64; U; en) Presto/2.10.289 Version/12.02"
130.91.59.129 - anishsaw@sas.upenn.edu [24/Oct/2012:10:31:59 -0400] "GET /assets/application-75efbcdd2e483708b1922621823d8e20.css HTTP/1.1" 200 47181 "https://www.gradecraft.com/dashboard" "Opera/9.80 (Windows NT 6.1; WOW64; U; en) Presto/2.10.289 Version/12.02"
130.91.59.129 - anishsaw@sas.upenn.edu [24/Oct/2012:10:31:59 -0400] "GET /badges/wharton/image04.png HTTP/1.1" 200 7690 "https://www.gradecraft.com/dashboard" "Opera/9.80 (Windows NT 6.1; WOW64; U; en) Presto/2.10.289 Version/12.02"
130.91.59.129 - anishsaw@sas.upenn.edu [24/Oct/2012:10:31:59 -0400] "GET /badges/wharton/image00.png HTTP/1.1" 200 8362 "https://www.gradecraft.com/dashboard" "Opera/9.80 (Windows NT 6.1; WOW64; U; en) Presto/2.10.289 Version/12.02"
130.91.59.129 - anishsaw@sas.upenn.edu [24/Oct/2012:10:31:59 -0400] "GET /badges/wharton/image00.png HTTP/1.1" 200 8362 "https://www.gradecraft.com/dashboard" "Opera/9.80 (Windows NT 6.1; WOW64; U; en) Presto/2.10.289 Version/12.02"
130.91.59.129 - anishsaw@sas.upenn.edu [24/Oct/2012:10:31:59 -0400] "GET /assets/application-8ce02592fd93cf8f056fcba13d4bd5fc.js HTTP/1.1" 200 201945 "https://www.gradecraft.com/dashboard" "Opera/9.80 (Windows NT 6.1; WOW64; U; en) Presto/2.10.289 Version/12.02"
130.91.59.129 - anishsaw@sas.upenn.edu [24/Oct/2012:10:31:59 -0400] "GET /badges/wharton/image05.png HTTP/1.1" 200 7866 "https://www.gradecraft.com/dashboard" "Opera/9.80 (Windows NT 6.1; WOW64; U; en) Presto/2.10.289 Version/12.02"
130.91.59.129 - anishsaw@sas.upenn.edu [24/Oct/2012:10:31:59 -0400] "GET /badges/wharton/Game-Master-Badge.png HTTP/1.1" 200 11946 "https://www.gradecraft.com/dashboard" "Opera/9.80 (Windows NT 6.1; WOW64; U; en) Presto/2.10.289 Version/12.02"
130.91.59.129 - anishsaw@sas.upenn.edu [24/Oct/2012:10:31:59 -0400] "GET /badges/wharton/Game-Master-Badge.png HTTP/1.1" 200 11946 "https://www.gradecraft.com/dashboard" "Opera/9.80 (Windows NT 6.1; WOW64; U; en) Presto/2.10.289 Version/12.02"
130.91.59.129 - anishsaw@sas.upenn.edu [24/Oct/2012:10:31:59 -0400] "GET /badges/wharton/image04.png HTTP/1.1" 200 7690 "https://www.gradecraft.com/dashboard" "Opera/9.80 (Windows NT 6.1; WOW64; U; en) Presto/2.10.289 Version/12.02"
130.91.59.107 - kmate@wharton.upenn.edu [24/Oct/2012:10:31:59 -0400] "GET /assignments/13/grades/self_log?gradeable_id=58&gradeable_type=User HTTP/1.1" 200 2821 "https://www.gradecraft.com/dashboard" "Mozilla/5.0 (Windows NT 6.1; WOW64) AppleWebKit/537.4 (KHTML, like Gecko) Chrome/22.0.1229.94 Safari/537.4"
130.91.59.129 - anishsaw@sas.upenn.edu [24/Oct/2012:10:31:59 -0400] "GET /badges/wharton/image05.png HTTP/1.1" 200 7866 "https://www.gradecraft.com/dashboard" "Opera/9.80 (Windows NT 6.1; WOW64; U; en) Presto/2.10.289 Version/12.02"
130.91.59.129 - - [24/Oct/2012:10:31:59 -0400] "GET /favicon.ico HTTP/1.1" 302 772 "https://www.gradecraft.com/dashboard" "Opera/9.80 (Windows NT 6.1; WOW64; U; en) Presto/2.10.289 Version/12.02"
130.91.59.107 - kmate@wharton.upenn.edu [24/Oct/2012:10:31:59 -0400] "GET /assets/stylesheets/superhero.min.css HTTP/1.1" 404 1044 "https://www.gradecraft.com/assignments/13/grades/self_log?gradeable_id=58&gradeable_type=User" "Mozilla/5.0 (Windows NT 6.1; WOW64) AppleWebKit/537.4 (KHTML, like Gecko) Chrome/22.0.1229.94 Safari/537.4"
130.91.57.77 - brclark@wharton.upenn.edu [24/Oct/2012:10:31:59 -0400] "GET /assignments/13/grades/self_log?gradeable_id=49&gradeable_type=User HTTP/1.1" 200 2660 "https://www.gradecraft.com/dashboard" "Mozilla/5.0 (Macintosh; Intel Mac OS X 10_8_2) AppleWebKit/537.4 (KHTML, like Gecko) Chrome/22.0.1229.94 Safari/537.4"
130.91.59.129 - anishsaw@sas.upenn.edu [24/Oct/2012:10:31:59 -0400] "GET /users/predictor.json?user_id=25 HTTP/1.1" 200 1690 "https://www.gradecraft.com/dashboard" "Opera/9.80 (Windows NT 6.1; WOW64; U; en) Presto/2.10.289 Version/12.02"
130.91.57.77 - brclark@wharton.upenn.edu [24/Oct/2012:10:32:00 -0400] "GET /assets/stylesheets/superhero.min.css HTTP/1.1" 404 1044 "https://www.gradecraft.com/assignments/13/grades/self_log?gradeable_id=49&gradeable_type=User" "Mozilla/5.0 (Macintosh; Intel Mac OS X 10_8_2) AppleWebKit/537.4 (KHTML, like Gecko) Chrome/22.0.1229.94 Safari/537.4"
130.91.59.129 - anishsaw@sas.upenn.edu [24/Oct/2012:10:31:59 -0400] "GET /users/predictor.json?in_progress=true&user_id=25 HTTP/1.1" 200 1674 "https://www.gradecraft.com/dashboard" "Opera/9.80 (Windows NT 6.1; WOW64; U; en) Presto/2.10.289 Version/12.02"
165.123.85.187 - - [24/Oct/2012:10:32:00 -0400] "GET /cosign/valid?cosign-www.gradecraft.com=PQEH0IzSX0zdug4yhjmhQA9V4Qi5DzkNHHT2+WdeHnQJjmNLem24k-9etOPsTYuXZ6JE-XUScJvGt8-FElGFz5pDJ1Z++u6uTGiMEZNnZkS4EbJpnSBjGkoNXn3D&https://www.gradecraft.com/dashboard HTTP/1.1" 301 900 "https://weblogin.umich.edu/?cosign-www.gradecraft.com&https://www.gradecraft.com/dashboard" "Mozilla/5.0 (iPhone; CPU iPhone OS 6_0 like Mac OS X) AppleWebKit/536.26 (KHTML, like Gecko) Version/6.0 Mobile/10A403 Safari/8536.25"
165.123.85.187 - ghalia@wharton.upenn.edu [24/Oct/2012:10:32:00 -0400] "GET /dashboard HTTP/1.1" 302 1364 "https://weblogin.umich.edu/?cosign-www.gradecraft.com&https://www.gradecraft.com/dashboard" "Mozilla/5.0 (iPhone; CPU iPhone OS 6_0 like Mac OS X) AppleWebKit/536.26 (KHTML, like Gecko) Version/6.0 Mobile/10A403 Safari/8536.25"
165.123.85.187 - ghalia@wharton.upenn.edu [24/Oct/2012:10:32:00 -0400] "GET /dashboard HTTP/1.1" 200 4340 "https://weblogin.umich.edu/?cosign-www.gradecraft.com&https://www.gradecraft.com/dashboard" "Mozilla/5.0 (iPhone; CPU iPhone OS 6_0 like Mac OS X) AppleWebKit/536.26 (KHTML, like Gecko) Version/6.0 Mobile/10A403 Safari/8536.25"
165.123.85.187 - ghalia@wharton.upenn.edu [24/Oct/2012:10:32:01 -0400] "GET /assets/application-75efbcdd2e483708b1922621823d8e20.css HTTP/1.1" 200 47181 "https://www.gradecraft.com/dashboard" "Mozilla/5.0 (iPhone; CPU iPhone OS 6_0 like Mac OS X) AppleWebKit/536.26 (KHTML, like Gecko) Version/6.0 Mobile/10A403 Safari/8536.25"
165.123.85.187 - ghalia@wharton.upenn.edu [24/Oct/2012:10:32:01 -0400] "GET /assets/stylesheets/superhero.min.css HTTP/1.1" 404 1205 "https://www.gradecraft.com/dashboard" "Mozilla/5.0 (iPhone; CPU iPhone OS 6_0 like Mac OS X) AppleWebKit/536.26 (KHTML, like Gecko) Version/6.0 Mobile/10A403 Safari/8536.25"
165.123.85.187 - ghalia@wharton.upenn.edu [24/Oct/2012:10:32:01 -0400] "GET /assets/application-8ce02592fd93cf8f056fcba13d4bd5fc.js HTTP/1.1" 200 201800 "https://www.gradecraft.com/dashboard" "Mozilla/5.0 (iPhone; CPU iPhone OS 6_0 like Mac OS X) AppleWebKit/536.26 (KHTML, like Gecko) Version/6.0 Mobile/10A403 Safari/8536.25"
165.123.85.187 - ghalia@wharton.upenn.edu [24/Oct/2012:10:32:02 -0400] "GET /badges/wharton/image01.png HTTP/1.1" 200 6842 "https://www.gradecraft.com/dashboard" "Mozilla/5.0 (iPhone; CPU iPhone OS 6_0 like Mac OS X) AppleWebKit/536.26 (KHTML, like Gecko) Version/6.0 Mobile/10A403 Safari/8536.25"
165.123.85.187 - ghalia@wharton.upenn.edu [24/Oct/2012:10:32:02 -0400] "GET /badges/wharton/image02.png HTTP/1.1" 200 9754 "https://www.gradecraft.com/dashboard" "Mozilla/5.0 (iPhone; CPU iPhone OS 6_0 like Mac OS X) AppleWebKit/536.26 (KHTML, like Gecko) Version/6.0 Mobile/10A403 Safari/8536.25"
165.123.85.187 - ghalia@wharton.upenn.edu [24/Oct/2012:10:32:02 -0400] "GET /badges/wharton/image06.png HTTP/1.1" 200 8042 "https://www.gradecraft.com/dashboard" "Mozilla/5.0 (iPhone; CPU iPhone OS 6_0 like Mac OS X) AppleWebKit/536.26 (KHTML, like Gecko) Version/6.0 Mobile/10A403 Safari/8536.25"
165.123.85.187 - ghalia@wharton.upenn.edu [24/Oct/2012:10:32:02 -0400] "GET /badges/wharton/image00.png HTTP/1.1" 200 8362 "https://www.gradecraft.com/dashboard" "Mozilla/5.0 (iPhone; CPU iPhone OS 6_0 like Mac OS X) AppleWebKit/536.26 (KHTML, like Gecko) Version/6.0 Mobile/10A403 Safari/8536.25"
165.123.85.187 - ghalia@wharton.upenn.edu [24/Oct/2012:10:32:02 -0400] "GET /badges/wharton/Game-Master-Badge.png HTTP/1.1" 200 11946 "https://www.gradecraft.com/dashboard" "Mozilla/5.0 (iPhone; CPU iPhone OS 6_0 like Mac OS X) AppleWebKit/536.26 (KHTML, like Gecko) Version/6.0 Mobile/10A403 Safari/8536.25"
165.123.85.187 - ghalia@wharton.upenn.edu [24/Oct/2012:10:32:02 -0400] "GET /badges/wharton/image03.png HTTP/1.1" 200 10843 "https://www.gradecraft.com/dashboard" "Mozilla/5.0 (iPhone; CPU iPhone OS 6_0 like Mac OS X) AppleWebKit/536.26 (KHTML, like Gecko) Version/6.0 Mobile/10A403 Safari/8536.25"
165.123.85.187 - ghalia@wharton.upenn.edu [24/Oct/2012:10:32:02 -0400] "GET /badges/wharton/image05.png HTTP/1.1" 200 8011 "https://www.gradecraft.com/dashboard" "Mozilla/5.0 (iPhone; CPU iPhone OS 6_0 like Mac OS X) AppleWebKit/536.26 (KHTML, like Gecko) Version/6.0 Mobile/10A403 Safari/8536.25"
165.123.85.187 - ghalia@wharton.upenn.edu [24/Oct/2012:10:32:02 -0400] "GET /badges/wharton/image04.png HTTP/1.1" 200 7835 "https://www.gradecraft.com/dashboard" "Mozilla/5.0 (iPhone; CPU iPhone OS 6_0 like Mac OS X) AppleWebKit/536.26 (KHTML, like Gecko) Version/6.0 Mobile/10A403 Safari/8536.25"
165.123.85.187 - ghalia@wharton.upenn.edu [24/Oct/2012:10:32:02 -0400] "GET /badges/wharton/image07.png HTTP/1.1" 200 7946 "https://www.gradecraft.com/dashboard" "Mozilla/5.0 (iPhone; CPU iPhone OS 6_0 like Mac OS X) AppleWebKit/536.26 (KHTML, like Gecko) Version/6.0 Mobile/10A403 Safari/8536.25"
165.123.85.187 - ghalia@wharton.upenn.edu [24/Oct/2012:10:32:02 -0400] "GET /badges/wharton/image09.png HTTP/1.1" 200 11818 "https://www.gradecraft.com/dashboard" "Mozilla/5.0 (iPhone; CPU iPhone OS 6_0 like Mac OS X) AppleWebKit/536.26 (KHTML, like Gecko) Version/6.0 Mobile/10A403 Safari/8536.25"
165.123.85.187 - ghalia@wharton.upenn.edu [24/Oct/2012:10:32:02 -0400] "GET /badges/wharton/image08.png HTTP/1.1" 200 11146 "https://www.gradecraft.com/dashboard" "Mozilla/5.0 (iPhone; CPU iPhone OS 6_0 like Mac OS X) AppleWebKit/536.26 (KHTML, like Gecko) Version/6.0 Mobile/10A403 Safari/8536.25"
165.123.85.187 - ghalia@wharton.upenn.edu [24/Oct/2012:10:32:03 -0400] "GET /badges/wharton/Corporate-Lackey-Badge.png HTTP/1.1" 200 9914 "https://www.gradecraft.com/dashboard" "Mozilla/5.0 (iPhone; CPU iPhone OS 6_0 like Mac OS X) AppleWebKit/536.26 (KHTML, like Gecko) Version/6.0 Mobile/10A403 Safari/8536.25"
165.123.85.187 - ghalia@wharton.upenn.edu [24/Oct/2012:10:32:03 -0400] "GET /badges/wharton/Globe-Trotter-Badge.png HTTP/1.1" 200 10490 "https://www.gradecraft.com/dashboard" "Mozilla/5.0 (iPhone; CPU iPhone OS 6_0 like Mac OS X) AppleWebKit/536.26 (KHTML, like Gecko) Version/6.0 Mobile/10A403 Safari/8536.25"
130.91.57.77 - brclark@wharton.upenn.edu [24/Oct/2012:10:32:03 -0400] "POST /assignments/13/grades/self_log_create HTTP/1.1" 302 1636 "https://www.gradecraft.com/assignments/13/grades/self_log?gradeable_id=49&gradeable_type=User" "Mozilla/5.0 (Macintosh; Intel Mac OS X 10_8_2) AppleWebKit/537.4 (KHTML, like Gecko) Chrome/22.0.1229.94 Safari/537.4"
165.123.85.187 - ghalia@wharton.upenn.edu [24/Oct/2012:10:32:03 -0400] "GET /users/predictor.json?user_id=26 HTTP/1.1" 200 1690 "https://www.gradecraft.com/dashboard" "Mozilla/5.0 (iPhone; CPU iPhone OS 6_0 like Mac OS X) AppleWebKit/536.26 (KHTML, like Gecko) Version/6.0 Mobile/10A403 Safari/8536.25"
165.123.85.187 - ghalia@wharton.upenn.edu [24/Oct/2012:10:32:03 -0400] "GET /users/predictor.json?in_progress=true&user_id=26 HTTP/1.1" 200 1690 "https://www.gradecraft.com/dashboard" "Mozilla/5.0 (iPhone; CPU iPhone OS 6_0 like Mac OS X) AppleWebKit/536.26 (KHTML, like Gecko) Version/6.0 Mobile/10A403 Safari/8536.25"
130.91.57.77 - brclark@wharton.upenn.edu [24/Oct/2012:10:32:03 -0400] "GET /dashboard HTTP/1.1" 200 4468 "https://www.gradecraft.com/assignments/13/grades/self_log?gradeable_id=49&gradeable_type=User" "Mozilla/5.0 (Macintosh; Intel Mac OS X 10_8_2) AppleWebKit/537.4 (KHTML, like Gecko) Chrome/22.0.1229.94 Safari/537.4"
130.91.57.77 - brclark@wharton.upenn.edu [24/Oct/2012:10:32:04 -0400] "GET /assets/stylesheets/superhero.min.css HTTP/1.1" 404 1044 "https://www.gradecraft.com/dashboard" "Mozilla/5.0 (Macintosh; Intel Mac OS X 10_8_2) AppleWebKit/537.4 (KHTML, like Gecko) Chrome/22.0.1229.94 Safari/537.4"
130.91.57.77 - brclark@wharton.upenn.edu [24/Oct/2012:10:32:04 -0400] "GET /users/predictor.json?user_id=49 HTTP/1.1" 304 869 "https://www.gradecraft.com/dashboard" "Mozilla/5.0 (Macintosh; Intel Mac OS X 10_8_2) AppleWebKit/537.4 (KHTML, like Gecko) Chrome/22.0.1229.94 Safari/537.4"
130.91.57.77 - brclark@wharton.upenn.edu [24/Oct/2012:10:32:04 -0400] "GET /users/predictor.json?in_progress=true&user_id=49 HTTP/1.1" 304 869 "https://www.gradecraft.com/dashboard" "Mozilla/5.0 (Macintosh; Intel Mac OS X 10_8_2) AppleWebKit/537.4 (KHTML, like Gecko) Chrome/22.0.1229.94 Safari/537.4"
130.91.59.107 - kmate@wharton.upenn.edu [24/Oct/2012:10:32:04 -0400] "POST /assignments/13/grades/self_log_create HTTP/1.1" 302 1652 "https://www.gradecraft.com/assignments/13/grades/self_log?gradeable_id=58&gradeable_type=User" "Mozilla/5.0 (Windows NT 6.1; WOW64) AppleWebKit/537.4 (KHTML, like Gecko) Chrome/22.0.1229.94 Safari/537.4"
130.91.59.129 - anishsaw@sas.upenn.edu [24/Oct/2012:10:32:06 -0400] "GET /assignments/13/grades/self_log?gradeable_id=25&gradeable_type=User HTTP/1.1" 200 2676 "https://www.gradecraft.com/dashboard" "Opera/9.80 (Windows NT 6.1; WOW64; U; en) Presto/2.10.289 Version/12.02"
130.91.59.107 - kmate@wharton.upenn.edu [24/Oct/2012:10:32:05 -0400] "GET /dashboard HTTP/1.1" 200 4484 "https://www.gradecraft.com/assignments/13/grades/self_log?gradeable_id=58&gradeable_type=User" "Mozilla/5.0 (Windows NT 6.1; WOW64) AppleWebKit/537.4 (KHTML, like Gecko) Chrome/22.0.1229.94 Safari/537.4"
130.91.59.129 - anishsaw@sas.upenn.edu [24/Oct/2012:10:32:06 -0400] "GET /assets/stylesheets/superhero.min.css HTTP/1.1" 404 1044 "https://www.gradecraft.com/assignments/13/grades/self_log?gradeable_id=25&gradeable_type=User" "Opera/9.80 (Windows NT 6.1; WOW64; U; en) Presto/2.10.289 Version/12.02"
130.91.59.107 - kmate@wharton.upenn.edu [24/Oct/2012:10:32:06 -0400] "GET /assets/stylesheets/superhero.min.css HTTP/1.1" 404 1044 "https://www.gradecraft.com/dashboard" "Mozilla/5.0 (Windows NT 6.1; WOW64) AppleWebKit/537.4 (KHTML, like Gecko) Chrome/22.0.1229.94 Safari/537.4"
130.91.59.107 - kmate@wharton.upenn.edu [24/Oct/2012:10:32:07 -0400] "GET /users/predictor.json?user_id=58 HTTP/1.1" 304 1030 "https://www.gradecraft.com/dashboard" "Mozilla/5.0 (Windows NT 6.1; WOW64) AppleWebKit/537.4 (KHTML, like Gecko) Chrome/22.0.1229.94 Safari/537.4"
130.91.59.107 - kmate@wharton.upenn.edu [24/Oct/2012:10:32:07 -0400] "GET /users/predictor.json?in_progress=true&user_id=58 HTTP/1.1" 304 1030 "https://www.gradecraft.com/dashboard" "Mozilla/5.0 (Windows NT 6.1; WOW64) AppleWebKit/537.4 (KHTML, like Gecko) Chrome/22.0.1229.94 Safari/537.4"
130.91.57.253 - - [24/Oct/2012:10:32:08 -0400] "GET /cosign/valid?cosign-www.gradecraft.com=womnf1Vo4lcWcbKwDgBn99AXnak0xOp0ax8SaaxaLEyzfVPVJrCDD3rPj3yJiJN8LYlh8beGunVdnNNx1HY0an3KjPv0GdfSw0pIGX+-NFK076KX3Ptyolcnchlb&https://www.gradecraft.com/dashboard HTTP/1.1" 301 1045 "https://weblogin.umich.edu/?cosign-www.gradecraft.com&https://www.gradecraft.com/dashboard" "Mozilla/5.0 (Windows NT 6.1; WOW64) AppleWebKit/537.4 (KHTML, like Gecko) Chrome/22.0.1229.94 Safari/537.4"
130.91.57.253 - sohumd@wharton.upenn.edu [24/Oct/2012:10:32:08 -0400] "GET /dashboard HTTP/1.1" 302 1348 "https://weblogin.umich.edu/?cosign-www.gradecraft.com&https://www.gradecraft.com/dashboard" "Mozilla/5.0 (Windows NT 6.1; WOW64) AppleWebKit/537.4 (KHTML, like Gecko) Chrome/22.0.1229.94 Safari/537.4"
130.91.57.253 - sohumd@wharton.upenn.edu [24/Oct/2012:10:32:08 -0400] "GET /dashboard HTTP/1.1" 200 4308 "https://weblogin.umich.edu/?cosign-www.gradecraft.com&https://www.gradecraft.com/dashboard" "Mozilla/5.0 (Windows NT 6.1; WOW64) AppleWebKit/537.4 (KHTML, like Gecko) Chrome/22.0.1229.94 Safari/537.4"
130.91.57.253 - sohumd@wharton.upenn.edu [24/Oct/2012:10:32:09 -0400] "GET /assets/stylesheets/superhero.min.css HTTP/1.1" 404 1205 "https://www.gradecraft.com/dashboard" "Mozilla/5.0 (Windows NT 6.1; WOW64) AppleWebKit/537.4 (KHTML, like Gecko) Chrome/22.0.1229.94 Safari/537.4"
130.91.57.253 - sohumd@wharton.upenn.edu [24/Oct/2012:10:32:09 -0400] "GET /assets/application-75efbcdd2e483708b1922621823d8e20.css HTTP/1.1" 200 47181 "https://www.gradecraft.com/dashboard" "Mozilla/5.0 (Windows NT 6.1; WOW64) AppleWebKit/537.4 (KHTML, like Gecko) Chrome/22.0.1229.94 Safari/537.4"
130.91.57.253 - sohumd@wharton.upenn.edu [24/Oct/2012:10:32:09 -0400] "GET /assets/application-8ce02592fd93cf8f056fcba13d4bd5fc.js HTTP/1.1" 200 201945 "https://www.gradecraft.com/dashboard" "Mozilla/5.0 (Windows NT 6.1; WOW64) AppleWebKit/537.4 (KHTML, like Gecko) Chrome/22.0.1229.94 Safari/537.4"
130.91.59.129 - anishsaw@sas.upenn.edu [24/Oct/2012:10:32:10 -0400] "POST /assignments/13/grades/self_log_create HTTP/1.1" 302 1797 "https://www.gradecraft.com/assignments/13/grades/self_log?gradeable_id=25&gradeable_type=User" "Opera/9.80 (Windows NT 6.1; WOW64; U; en) Presto/2.10.289 Version/12.02"
130.91.57.253 - sohumd@wharton.upenn.edu [24/Oct/2012:10:32:10 -0400] "GET /badges/wharton/image01.png HTTP/1.1" 304 213 "https://www.gradecraft.com/dashboard" "Mozilla/5.0 (Windows NT 6.1; WOW64) AppleWebKit/537.4 (KHTML, like Gecko) Chrome/22.0.1229.94 Safari/537.4"
130.91.57.253 - sohumd@wharton.upenn.edu [24/Oct/2012:10:32:10 -0400] "GET /badges/wharton/image02.png HTTP/1.1" 304 213 "https://www.gradecraft.com/dashboard" "Mozilla/5.0 (Windows NT 6.1; WOW64) AppleWebKit/537.4 (KHTML, like Gecko) Chrome/22.0.1229.94 Safari/537.4"
130.91.57.253 - sohumd@wharton.upenn.edu [24/Oct/2012:10:32:10 -0400] "GET /badges/wharton/image03.png HTTP/1.1" 304 213 "https://www.gradecraft.com/dashboard" "Mozilla/5.0 (Windows NT 6.1; WOW64) AppleWebKit/537.4 (KHTML, like Gecko) Chrome/22.0.1229.94 Safari/537.4"
130.91.57.253 - sohumd@wharton.upenn.edu [24/Oct/2012:10:32:10 -0400] "GET /badges/wharton/image04.png HTTP/1.1" 304 374 "https://www.gradecraft.com/dashboard" "Mozilla/5.0 (Windows NT 6.1; WOW64) AppleWebKit/537.4 (KHTML, like Gecko) Chrome/22.0.1229.94 Safari/537.4"
130.91.57.253 - sohumd@wharton.upenn.edu [24/Oct/2012:10:32:10 -0400] "GET /badges/wharton/image05.png HTTP/1.1" 304 374 "https://www.gradecraft.com/dashboard" "Mozilla/5.0 (Windows NT 6.1; WOW64) AppleWebKit/537.4 (KHTML, like Gecko) Chrome/22.0.1229.94 Safari/537.4"
130.91.57.253 - sohumd@wharton.upenn.edu [24/Oct/2012:10:32:10 -0400] "GET /badges/wharton/image06.png HTTP/1.1" 304 213 "https://www.gradecraft.com/dashboard" "Mozilla/5.0 (Windows NT 6.1; WOW64) AppleWebKit/537.4 (KHTML, like Gecko) Chrome/22.0.1229.94 Safari/537.4"
130.91.57.253 - sohumd@wharton.upenn.edu [24/Oct/2012:10:32:10 -0400] "GET /badges/wharton/image07.png HTTP/1.1" 304 213 "https://www.gradecraft.com/dashboard" "Mozilla/5.0 (Windows NT 6.1; WOW64) AppleWebKit/537.4 (KHTML, like Gecko) Chrome/22.0.1229.94 Safari/537.4"
130.91.57.253 - sohumd@wharton.upenn.edu [24/Oct/2012:10:32:10 -0400] "GET /badges/wharton/image08.png HTTP/1.1" 304 213 "https://www.gradecraft.com/dashboard" "Mozilla/5.0 (Windows NT 6.1; WOW64) AppleWebKit/537.4 (KHTML, like Gecko) Chrome/22.0.1229.94 Safari/537.4"
130.91.57.253 - sohumd@wharton.upenn.edu [24/Oct/2012:10:32:10 -0400] "GET /badges/wharton/image09.png HTTP/1.1" 304 213 "https://www.gradecraft.com/dashboard" "Mozilla/5.0 (Windows NT 6.1; WOW64) AppleWebKit/537.4 (KHTML, like Gecko) Chrome/22.0.1229.94 Safari/537.4"
130.91.57.253 - sohumd@wharton.upenn.edu [24/Oct/2012:10:32:10 -0400] "GET /badges/wharton/image00.png HTTP/1.1" 304 213 "https://www.gradecraft.com/dashboard" "Mozilla/5.0 (Windows NT 6.1; WOW64) AppleWebKit/537.4 (KHTML, like Gecko) Chrome/22.0.1229.94 Safari/537.4"
130.91.57.253 - sohumd@wharton.upenn.edu [24/Oct/2012:10:32:10 -0400] "GET /badges/wharton/Game-Master-Badge.png HTTP/1.1" 304 213 "https://www.gradecraft.com/dashboard" "Mozilla/5.0 (Windows NT 6.1; WOW64) AppleWebKit/537.4 (KHTML, like Gecko) Chrome/22.0.1229.94 Safari/537.4"
130.91.57.253 - sohumd@wharton.upenn.edu [24/Oct/2012:10:32:10 -0400] "GET /badges/wharton/Corporate-Lackey-Badge.png HTTP/1.1" 304 213 "https://www.gradecraft.com/dashboard" "Mozilla/5.0 (Windows NT 6.1; WOW64) AppleWebKit/537.4 (KHTML, like Gecko) Chrome/22.0.1229.94 Safari/537.4"
130.91.57.253 - sohumd@wharton.upenn.edu [24/Oct/2012:10:32:10 -0400] "GET /badges/wharton/Globe-Trotter-Badge.png HTTP/1.1" 304 213 "https://www.gradecraft.com/dashboard" "Mozilla/5.0 (Windows NT 6.1; WOW64) AppleWebKit/537.4 (KHTML, like Gecko) Chrome/22.0.1229.94 Safari/537.4"
130.91.57.253 - sohumd@wharton.upenn.edu [24/Oct/2012:10:32:10 -0400] "GET /users/predictor.json?user_id=51 HTTP/1.1" 304 885 "https://www.gradecraft.com/dashboard" "Mozilla/5.0 (Windows NT 6.1; WOW64) AppleWebKit/537.4 (KHTML, like Gecko) Chrome/22.0.1229.94 Safari/537.4"
130.91.57.253 - sohumd@wharton.upenn.edu [24/Oct/2012:10:32:10 -0400] "GET /users/predictor.json?in_progress=true&user_id=51 HTTP/1.1" 304 885 "https://www.gradecraft.com/dashboard" "Mozilla/5.0 (Windows NT 6.1; WOW64) AppleWebKit/537.4 (KHTML, like Gecko) Chrome/22.0.1229.94 Safari/537.4"
130.91.59.129 - anishsaw@sas.upenn.edu [24/Oct/2012:10:32:10 -0400] "GET /dashboard HTTP/1.1" 200 4468 "https://www.gradecraft.com/assignments/13/grades/self_log?gradeable_id=25&gradeable_type=User" "Opera/9.80 (Windows NT 6.1; WOW64; U; en) Presto/2.10.289 Version/12.02"
130.91.59.129 - anishsaw@sas.upenn.edu [24/Oct/2012:10:32:11 -0400] "GET /assets/stylesheets/superhero.min.css HTTP/1.1" 404 1044 "https://www.gradecraft.com/dashboard" "Opera/9.80 (Windows NT 6.1; WOW64; U; en) Presto/2.10.289 Version/12.02"
165.123.84.44 - - [24/Oct/2012:10:32:11 -0400] "GET /dashboard HTTP/1.1" 302 3254 "-" "Mozilla/5.0 (Macintosh; Intel Mac OS X 10_6_8) AppleWebKit/534.52.7 (KHTML, like Gecko) Version/5.1.2 Safari/534.52.7"
165.123.86.152 - - [24/Oct/2012:10:32:11 -0400] "GET /cosign/valid?cosign-www.gradecraft.com=bl8nlX2VeEJfpWpWdbCOj0+4tFKlm6rmDwJNxI6UmyKIzhNy7avFs8rykSoBMtxL-XsAs1RPm-sUDJj2xMp+P+whxPRIuK7v52ih9C9JmEPjh+JD1iaJDwzRU6CY&https://www.gradecraft.com/ HTTP/1.1" 301 3371 "https://weblogin.umich.edu/?cosign-www.gradecraft.com&https://www.gradecraft.com/" "Mozilla/5.0 (iPad; CPU OS 5_1_1 like Mac OS X) AppleWebKit/534.46 (KHTML, like Gecko) Version/5.1 Mobile/9B206 Safari/7534.48.3"
130.91.59.129 - anishsaw@sas.upenn.edu [24/Oct/2012:10:32:11 -0400] "GET /users/predictor.json?user_id=25 HTTP/1.1" 200 1690 "https://www.gradecraft.com/dashboard" "Opera/9.80 (Windows NT 6.1; WOW64; U; en) Presto/2.10.289 Version/12.02"
130.91.59.129 - anishsaw@sas.upenn.edu [24/Oct/2012:10:32:11 -0400] "GET /users/predictor.json?in_progress=true&user_id=25 HTTP/1.1" 200 1690 "https://www.gradecraft.com/dashboard" "Opera/9.80 (Windows NT 6.1; WOW64; U; en) Presto/2.10.289 Version/12.02"
165.123.86.152 - hweiss@wharton.upenn.edu [24/Oct/2012:10:32:12 -0400] "GET / HTTP/1.1" 302 1348 "https://weblogin.umich.edu/?cosign-www.gradecraft.com&https://www.gradecraft.com/" "Mozilla/5.0 (iPad; CPU OS 5_1_1 like Mac OS X) AppleWebKit/534.46 (KHTML, like Gecko) Version/5.1 Mobile/9B206 Safari/7534.48.3"
165.123.86.152 - hweiss@wharton.upenn.edu [24/Oct/2012:10:32:12 -0400] "GET /dashboard HTTP/1.1" 200 4276 "https://weblogin.umich.edu/?cosign-www.gradecraft.com&https://www.gradecraft.com/" "Mozilla/5.0 (iPad; CPU OS 5_1_1 like Mac OS X) AppleWebKit/534.46 (KHTML, like Gecko) Version/5.1 Mobile/9B206 Safari/7534.48.3"
165.123.85.187 - ghalia@wharton.upenn.edu [24/Oct/2012:10:32:13 -0400] "GET /assignments/13/grades/self_log?gradeable_id=26&gradeable_type=User HTTP/1.1" 200 2676 "https://www.gradecraft.com/dashboard" "Mozilla/5.0 (iPhone; CPU iPhone OS 6_0 like Mac OS X) AppleWebKit/536.26 (KHTML, like Gecko) Version/6.0 Mobile/10A403 Safari/8536.25"
165.123.86.152 - hweiss@wharton.upenn.edu [24/Oct/2012:10:32:13 -0400] "GET /assets/application-75efbcdd2e483708b1922621823d8e20.css HTTP/1.1" 200 47181 "https://www.gradecraft.com/dashboard" "Mozilla/5.0 (iPad; CPU OS 5_1_1 like Mac OS X) AppleWebKit/534.46 (KHTML, like Gecko) Version/5.1 Mobile/9B206 Safari/7534.48.3"
165.123.86.152 - hweiss@wharton.upenn.edu [24/Oct/2012:10:32:13 -0400] "GET /assets/stylesheets/superhero.min.css HTTP/1.1" 404 1205 "https://www.gradecraft.com/dashboard" "Mozilla/5.0 (iPad; CPU OS 5_1_1 like Mac OS X) AppleWebKit/534.46 (KHTML, like Gecko) Version/5.1 Mobile/9B206 Safari/7534.48.3"
165.123.85.187 - ghalia@wharton.upenn.edu [24/Oct/2012:10:32:13 -0400] "GET /assets/stylesheets/superhero.min.css HTTP/1.1" 404 1044 "https://www.gradecraft.com/assignments/13/grades/self_log?gradeable_id=26&gradeable_type=User" "Mozilla/5.0 (iPhone; CPU iPhone OS 6_0 like Mac OS X) AppleWebKit/536.26 (KHTML, like Gecko) Version/6.0 Mobile/10A403 Safari/8536.25"
165.123.86.152 - hweiss@wharton.upenn.edu [24/Oct/2012:10:32:13 -0400] "GET /assets/application-8ce02592fd93cf8f056fcba13d4bd5fc.js HTTP/1.1" 200 201800 "https://www.gradecraft.com/dashboard" "Mozilla/5.0 (iPad; CPU OS 5_1_1 like Mac OS X) AppleWebKit/534.46 (KHTML, like Gecko) Version/5.1 Mobile/9B206 Safari/7534.48.3"
165.123.86.152 - hweiss@wharton.upenn.edu [24/Oct/2012:10:32:13 -0400] "GET /badges/wharton/image01.png HTTP/1.1" 200 6842 "https://www.gradecraft.com/dashboard" "Mozilla/5.0 (iPad; CPU OS 5_1_1 like Mac OS X) AppleWebKit/534.46 (KHTML, like Gecko) Version/5.1 Mobile/9B206 Safari/7534.48.3"
165.123.86.152 - hweiss@wharton.upenn.edu [24/Oct/2012:10:32:13 -0400] "GET /badges/wharton/image02.png HTTP/1.1" 200 9754 "https://www.gradecraft.com/dashboard" "Mozilla/5.0 (iPad; CPU OS 5_1_1 like Mac OS X) AppleWebKit/534.46 (KHTML, like Gecko) Version/5.1 Mobile/9B206 Safari/7534.48.3"
165.123.86.152 - hweiss@wharton.upenn.edu [24/Oct/2012:10:32:13 -0400] "GET /badges/wharton/image07.png HTTP/1.1" 200 7946 "https://www.gradecraft.com/dashboard" "Mozilla/5.0 (iPad; CPU OS 5_1_1 like Mac OS X) AppleWebKit/534.46 (KHTML, like Gecko) Version/5.1 Mobile/9B206 Safari/7534.48.3"
165.123.86.152 - hweiss@wharton.upenn.edu [24/Oct/2012:10:32:14 -0400] "GET /badges/wharton/image04.png HTTP/1.1" 200 7835 "https://www.gradecraft.com/dashboard" "Mozilla/5.0 (iPad; CPU OS 5_1_1 like Mac OS X) AppleWebKit/534.46 (KHTML, like Gecko) Version/5.1 Mobile/9B206 Safari/7534.48.3"
165.123.86.152 - hweiss@wharton.upenn.edu [24/Oct/2012:10:32:14 -0400] "GET /badges/wharton/image08.png HTTP/1.1" 200 11146 "https://www.gradecraft.com/dashboard" "Mozilla/5.0 (iPad; CPU OS 5_1_1 like Mac OS X) AppleWebKit/534.46 (KHTML, like Gecko) Version/5.1 Mobile/9B206 Safari/7534.48.3"
165.123.86.152 - hweiss@wharton.upenn.edu [24/Oct/2012:10:32:14 -0400] "GET /badges/wharton/image05.png HTTP/1.1" 200 8011 "https://www.gradecraft.com/dashboard" "Mozilla/5.0 (iPad; CPU OS 5_1_1 like Mac OS X) AppleWebKit/534.46 (KHTML, like Gecko) Version/5.1 Mobile/9B206 Safari/7534.48.3"
165.123.86.152 - hweiss@wharton.upenn.edu [24/Oct/2012:10:32:14 -0400] "GET /badges/wharton/image09.png HTTP/1.1" 200 11818 "https://www.gradecraft.com/dashboard" "Mozilla/5.0 (iPad; CPU OS 5_1_1 like Mac OS X) AppleWebKit/534.46 (KHTML, like Gecko) Version/5.1 Mobile/9B206 Safari/7534.48.3"
165.123.86.152 - hweiss@wharton.upenn.edu [24/Oct/2012:10:32:14 -0400] "GET /badges/wharton/image00.png HTTP/1.1" 200 8362 "https://www.gradecraft.com/dashboard" "Mozilla/5.0 (iPad; CPU OS 5_1_1 like Mac OS X) AppleWebKit/534.46 (KHTML, like Gecko) Version/5.1 Mobile/9B206 Safari/7534.48.3"
165.123.86.152 - hweiss@wharton.upenn.edu [24/Oct/2012:10:32:14 -0400] "GET /badges/wharton/Game-Master-Badge.png HTTP/1.1" 200 11946 "https://www.gradecraft.com/dashboard" "Mozilla/5.0 (iPad; CPU OS 5_1_1 like Mac OS X) AppleWebKit/534.46 (KHTML, like Gecko) Version/5.1 Mobile/9B206 Safari/7534.48.3"
165.123.86.152 - hweiss@wharton.upenn.edu [24/Oct/2012:10:32:14 -0400] "GET /badges/wharton/image03.png HTTP/1.1" 200 10843 "https://www.gradecraft.com/dashboard" "Mozilla/5.0 (iPad; CPU OS 5_1_1 like Mac OS X) AppleWebKit/534.46 (KHTML, like Gecko) Version/5.1 Mobile/9B206 Safari/7534.48.3"
165.123.86.152 - hweiss@wharton.upenn.edu [24/Oct/2012:10:32:14 -0400] "GET /badges/wharton/Globe-Trotter-Badge.png HTTP/1.1" 200 10490 "https://www.gradecraft.com/dashboard" "Mozilla/5.0 (iPad; CPU OS 5_1_1 like Mac OS X) AppleWebKit/534.46 (KHTML, like Gecko) Version/5.1 Mobile/9B206 Safari/7534.48.3"
165.123.86.152 - hweiss@wharton.upenn.edu [24/Oct/2012:10:32:14 -0400] "GET /badges/wharton/Corporate-Lackey-Badge.png HTTP/1.1" 200 9914 "https://www.gradecraft.com/dashboard" "Mozilla/5.0 (iPad; CPU OS 5_1_1 like Mac OS X) AppleWebKit/534.46 (KHTML, like Gecko) Version/5.1 Mobile/9B206 Safari/7534.48.3"
165.123.86.152 - hweiss@wharton.upenn.edu [24/Oct/2012:10:32:14 -0400] "GET /badges/wharton/image06.png HTTP/1.1" 200 8187 "https://www.gradecraft.com/dashboard" "Mozilla/5.0 (iPad; CPU OS 5_1_1 like Mac OS X) AppleWebKit/534.46 (KHTML, like Gecko) Version/5.1 Mobile/9B206 Safari/7534.48.3"
130.91.59.129 - anishsaw@sas.upenn.edu [24/Oct/2012:10:32:14 -0400] "GET /users/predictor?user_id=25 HTTP/1.1" 200 3860 "https://www.gradecraft.com/dashboard" "Opera/9.80 (Windows NT 6.1; WOW64; U; en) Presto/2.10.289 Version/12.02"
130.91.59.129 - anishsaw@sas.upenn.edu [24/Oct/2012:10:32:14 -0400] "GET /assets/stylesheets/superhero.min.css HTTP/1.1" 404 1044 "https://www.gradecraft.com/users/predictor?user_id=25" "Opera/9.80 (Windows NT 6.1; WOW64; U; en) Presto/2.10.289 Version/12.02"
130.91.59.129 - anishsaw@sas.upenn.edu [24/Oct/2012:10:32:15 -0400] "GET /assets/images/bg_direction_nav.png HTTP/1.1" 200 2778 "https://www.gradecraft.com/users/predictor?user_id=25" "Opera/9.80 (Windows NT 6.1; WOW64; U; en) Presto/2.10.289 Version/12.02"
130.91.59.129 - anishsaw@sas.upenn.edu [24/Oct/2012:10:32:15 -0400] "GET /assets/jquery-ui/ui-bg_flat_75_ffffff_40x100-841636c8f8d33987bb8d2f31e8ef92ca.png HTTP/1.1" 200 538 "https://www.gradecraft.com/users/predictor?user_id=25" "Opera/9.80 (Windows NT 6.1; WOW64; U; en) Presto/2.10.289 Version/12.02"
130.91.59.129 - anishsaw@sas.upenn.edu [24/Oct/2012:10:32:15 -0400] "GET /assets/jquery-ui/ui-bg_glass_75_e6e6e6_1x400-3e20bce1b7b2f5dd47ca6ac361805162.png HTTP/1.1" 200 474 "https://www.gradecraft.com/users/predictor?user_id=25" "Opera/9.80 (Windows NT 6.1; WOW64; U; en) Presto/2.10.289 Version/12.02"
130.91.57.253 - sohumd@wharton.upenn.edu [24/Oct/2012:10:32:16 -0400] "GET /assignments/13/grades/self_log?gradeable_id=51&gradeable_type=User HTTP/1.1" 200 2821 "https://www.gradecraft.com/dashboard" "Mozilla/5.0 (Windows NT 6.1; WOW64) AppleWebKit/537.4 (KHTML, like Gecko) Chrome/22.0.1229.94 Safari/537.4"
130.91.57.253 - sohumd@wharton.upenn.edu [24/Oct/2012:10:32:16 -0400] "GET /assets/stylesheets/superhero.min.css HTTP/1.1" 404 1044 "https://www.gradecraft.com/assignments/13/grades/self_log?gradeable_id=51&gradeable_type=User" "Mozilla/5.0 (Windows NT 6.1; WOW64) AppleWebKit/537.4 (KHTML, like Gecko) Chrome/22.0.1229.94 Safari/537.4"
165.123.86.152 - hweiss@wharton.upenn.edu [24/Oct/2012:10:32:16 -0400] "GET /users/predictor.json?user_id=36 HTTP/1.1" 200 1674 "https://www.gradecraft.com/dashboard" "Mozilla/5.0 (iPad; CPU OS 5_1_1 like Mac OS X) AppleWebKit/534.46 (KHTML, like Gecko) Version/5.1 Mobile/9B206 Safari/7534.48.3"
165.123.86.152 - hweiss@wharton.upenn.edu [24/Oct/2012:10:32:16 -0400] "GET /users/predictor.json?in_progress=true&user_id=36 HTTP/1.1" 200 1674 "https://www.gradecraft.com/dashboard" "Mozilla/5.0 (iPad; CPU OS 5_1_1 like Mac OS X) AppleWebKit/534.46 (KHTML, like Gecko) Version/5.1 Mobile/9B206 Safari/7534.48.3"
165.123.85.187 - ghalia@wharton.upenn.edu [24/Oct/2012:10:32:18 -0400] "POST /assignments/13/grades/self_log_create HTTP/1.1" 302 1652 "https://www.gradecraft.com/assignments/13/grades/self_log?gradeable_id=26&gradeable_type=User" "Mozilla/5.0 (iPhone; CPU iPhone OS 6_0 like Mac OS X) AppleWebKit/536.26 (KHTML, like Gecko) Version/6.0 Mobile/10A403 Safari/8536.25"
