75.114.174.211 - - [25/Nov/2012:01:34:23 -0500] "GET /dashboard HTTP/1.1" 302 3984 "-" "Mozilla/5.0 (Macintosh; Intel Mac OS X 10_6_8) AppleWebKit/537.11 (KHTML, like Gecko) Chrome/23.0.1271.64 Safari/537.11"
68.62.101.84 - nkoker [25/Nov/2012:01:34:31 -0500] "GET /assignments/111/assignment_submissions/992?gradeable_id=250&gradeable_type=User&submittable_id=250&submittable_type=User HTTP/1.1" 200 3349 "https://www.gradecraft.com/assignments/111?utf8=%E2%9C%93&assignment_id=111&team_id=11&commit=Filter" "Mozilla/5.0 (Macintosh; Intel Mac OS X 10.5; rv:16.0) Gecko/20100101 Firefox/16.0"
68.62.101.84 - nkoker [25/Nov/2012:01:34:31 -0500] "GET /assets/bootstrap-wysihtml5/wysiwyg-color.css HTTP/1.1" 404 1044 "https://www.gradecraft.com/assignments/111/assignment_submissions/992?gradeable_id=250&gradeable_type=User&submittable_id=250&submittable_type=User" "Mozilla/5.0 (Macintosh; Intel Mac OS X 10.5; rv:16.0) Gecko/20100101 Firefox/16.0"
75.114.174.211 - - [25/Nov/2012:01:34:37 -0500] "GET /dashboard HTTP/1.1" 302 756 "-" "Mozilla/5.0 (Macintosh; Intel Mac OS X 10_6_8) AppleWebKit/537.11 (KHTML, like Gecko) Chrome/23.0.1271.64 Safari/537.11"
75.114.174.211 - - [25/Nov/2012:01:34:50 -0500] "GET /cosign/valid?cosign-www.gradecraft.com=KhhsV7wr05I2aiwYd5HwTsg3cvdK77rFeW-JzZ-tMGo14n5PwPQJeoA+DFDkNfaoDZMT2pJAhd82a1780Gk+731SxSI6az7K3epzn1H28DlskRL26OSgLi6hkKse&https://www.gradecraft.com/dashboard HTTP/1.1" 301 900 "https://weblogin.umich.edu/?cosign-www.gradecraft.com&https://www.gradecraft.com/dashboard" "Mozilla/5.0 (Macintosh; Intel Mac OS X 10_6_8) AppleWebKit/537.11 (KHTML, like Gecko) Chrome/23.0.1271.64 Safari/537.11"
75.114.174.211 - jonesall [25/Nov/2012:01:34:50 -0500] "GET /dashboard HTTP/1.1" 302 1364 "https://weblogin.umich.edu/?cosign-www.gradecraft.com&https://www.gradecraft.com/dashboard" "Mozilla/5.0 (Macintosh; Intel Mac OS X 10_6_8) AppleWebKit/537.11 (KHTML, like Gecko) Chrome/23.0.1271.64 Safari/537.11"
75.114.174.211 - jonesall [25/Nov/2012:01:34:50 -0500] "GET /dashboard HTTP/1.1" 200 5156 "https://weblogin.umich.edu/?cosign-www.gradecraft.com&https://www.gradecraft.com/dashboard" "Mozilla/5.0 (Macintosh; Intel Mac OS X 10_6_8) AppleWebKit/537.11 (KHTML, like Gecko) Chrome/23.0.1271.64 Safari/537.11"
75.114.174.211 - jonesall [25/Nov/2012:01:34:52 -0500] "GET /assets/application-eead062cf4bfb3cb3081a4c5cf6e0538.css HTTP/1.1" 304 245 "https://www.gradecraft.com/dashboard" "Mozilla/5.0 (Macintosh; Intel Mac OS X 10_6_8) AppleWebKit/537.11 (KHTML, like Gecko) Chrome/23.0.1271.64 Safari/537.11"
75.114.174.211 - jonesall [25/Nov/2012:01:34:52 -0500] "GET /assets/application-647ca25372cb08a414ef6110cc332f61.js HTTP/1.1" 304 245 "https://www.gradecraft.com/dashboard" "Mozilla/5.0 (Macintosh; Intel Mac OS X 10_6_8) AppleWebKit/537.11 (KHTML, like Gecko) Chrome/23.0.1271.64 Safari/537.11"
75.114.174.211 - jonesall [25/Nov/2012:01:34:53 -0500] "GET /badges/pos101/phoebe_badge.jpg HTTP/1.1" 404 1205 "https://www.gradecraft.com/dashboard" "Mozilla/5.0 (Macintosh; Intel Mac OS X 10_6_8) AppleWebKit/537.11 (KHTML, like Gecko) Chrome/23.0.1271.64 Safari/537.11"
75.114.174.211 - jonesall [25/Nov/2012:01:34:53 -0500] "GET /users/predictor.json?user_id=187 HTTP/1.1" 304 1030 "https://www.gradecraft.com/dashboard" "Mozilla/5.0 (Macintosh; Intel Mac OS X 10_6_8) AppleWebKit/537.11 (KHTML, like Gecko) Chrome/23.0.1271.64 Safari/537.11"
75.114.174.211 - jonesall [25/Nov/2012:01:34:53 -0500] "GET /users/predictor.json?in_progress=true&user_id=187 HTTP/1.1" 304 885 "https://www.gradecraft.com/dashboard" "Mozilla/5.0 (Macintosh; Intel Mac OS X 10_6_8) AppleWebKit/537.11 (KHTML, like Gecko) Chrome/23.0.1271.64 Safari/537.11"
68.62.101.84 - nkoker [25/Nov/2012:01:35:11 -0500] "POST /assignments/111/grades HTTP/1.1" 302 1813 "https://www.gradecraft.com/assignments/111/assignment_submissions/992?gradeable_id=250&gradeable_type=User&submittable_id=250&submittable_type=User" "Mozilla/5.0 (Macintosh; Intel Mac OS X 10.5; rv:16.0) Gecko/20100101 Firefox/16.0"
68.62.101.84 - nkoker [25/Nov/2012:01:35:11 -0500] "GET /assignments/111 HTTP/1.1" 200 12521 "https://www.gradecraft.com/assignments/111/assignment_submissions/992?gradeable_id=250&gradeable_type=User&submittable_id=250&submittable_type=User" "Mozilla/5.0 (Macintosh; Intel Mac OS X 10.5; rv:16.0) Gecko/20100101 Firefox/16.0"
68.62.101.84 - nkoker [25/Nov/2012:01:35:23 -0500] "GET /assignments/111?utf8=%E2%9C%93&assignment_id=111&team_id=12&commit=Filter HTTP/1.1" 200 3908 "https://www.gradecraft.com/assignments/111" "Mozilla/5.0 (Macintosh; Intel Mac OS X 10.5; rv:16.0) Gecko/20100101 Firefox/16.0"
99.36.96.121 - - [25/Nov/2012:01:35:31 -0500] "GET / HTTP/1.1" 302 3254 "-" "Mozilla/5.0 (Macintosh; Intel Mac OS X 10_6_8) AppleWebKit/534.52.7 (KHTML, like Gecko) Version/5.1.2 Safari/534.52.7"
173.61.28.237 - - [25/Nov/2012:01:35:44 -0500] "GET / HTTP/1.1" 302 3984 "-" "Mozilla/5.0 (Macintosh; Intel Mac OS X 10.7; rv:15.0) Gecko/20100101 Firefox/15.0.1"
68.62.101.84 - nkoker [25/Nov/2012:01:35:47 -0500] "GET /assignments/111/assignment_submissions/new?submittable_id=263&submittable_type=User HTTP/1.1" 200 10656 "https://www.gradecraft.com/assignments/111?utf8=%E2%9C%93&assignment_id=111&team_id=12&commit=Filter" "Mozilla/5.0 (Macintosh; Intel Mac OS X 10.5; rv:16.0) Gecko/20100101 Firefox/16.0"
68.62.101.84 - nkoker [25/Nov/2012:01:35:48 -0500] "GET /assets/bootstrap-wysihtml5/wysiwyg-color.css HTTP/1.1" 404 1044 "https://www.gradecraft.com/assignments/111/assignment_submissions/new?submittable_id=263&submittable_type=User" "Mozilla/5.0 (Macintosh; Intel Mac OS X 10.5; rv:16.0) Gecko/20100101 Firefox/16.0"
173.61.28.237 - - [25/Nov/2012:01:35:52 -0500] "GET /cosign/valid?cosign-www.gradecraft.com=8FDYBsXdRoDlQgny2z1DU5GDEW07uAjMs-VFtmc-py7b1ElJdDZnFMz9GBsAotoTfbMKGaBeBy-GrCGdiN08MpfHUljQGrRW4NTJ9Fiw9VIiOMgOzm7ktXXq4Mnw&https://www.gradecraft.com/ HTTP/1.1" 301 868 "https://weblogin.umich.edu/?cosign-www.gradecraft.com&https://www.gradecraft.com/" "Mozilla/5.0 (Macintosh; Intel Mac OS X 10.7; rv:15.0) Gecko/20100101 Firefox/15.0.1"
173.61.28.237 - maxac [25/Nov/2012:01:35:52 -0500] "GET / HTTP/1.1" 302 1332 "https://weblogin.umich.edu/?cosign-www.gradecraft.com&https://www.gradecraft.com/" "Mozilla/5.0 (Macintosh; Intel Mac OS X 10.7; rv:15.0) Gecko/20100101 Firefox/15.0.1"
173.61.28.237 - maxac [25/Nov/2012:01:35:52 -0500] "GET /dashboard HTTP/1.1" 200 5124 "https://weblogin.umich.edu/?cosign-www.gradecraft.com&https://www.gradecraft.com/" "Mozilla/5.0 (Macintosh; Intel Mac OS X 10.7; rv:15.0) Gecko/20100101 Firefox/15.0.1"
173.61.28.237 - maxac [25/Nov/2012:01:35:55 -0500] "GET /assets/application-eead062cf4bfb3cb3081a4c5cf6e0538.css HTTP/1.1" 304 245 "https://www.gradecraft.com/dashboard" "Mozilla/5.0 (Macintosh; Intel Mac OS X 10.7; rv:15.0) Gecko/20100101 Firefox/15.0.1"
173.61.28.237 - maxac [25/Nov/2012:01:35:55 -0500] "GET /badges/pos101/always_learning.png HTTP/1.1" 304 229 "https://www.gradecraft.com/dashboard" "Mozilla/5.0 (Macintosh; Intel Mac OS X 10.7; rv:15.0) Gecko/20100101 Firefox/15.0.1"
173.61.28.237 - maxac [25/Nov/2012:01:35:55 -0500] "GET /assets/application-647ca25372cb08a414ef6110cc332f61.js HTTP/1.1" 304 390 "https://www.gradecraft.com/dashboard" "Mozilla/5.0 (Macintosh; Intel Mac OS X 10.7; rv:15.0) Gecko/20100101 Firefox/15.0.1"
173.61.28.237 - maxac [25/Nov/2012:01:35:55 -0500] "GET /badges/pos101/teachers_pet.png HTTP/1.1" 304 229 "https://www.gradecraft.com/dashboard" "Mozilla/5.0 (Macintosh; Intel Mac OS X 10.7; rv:15.0) Gecko/20100101 Firefox/15.0.1"
173.61.28.237 - maxac [25/Nov/2012:01:35:55 -0500] "GET /badges/pos101/above_and_beyond.png HTTP/1.1" 304 374 "https://www.gradecraft.com/dashboard" "Mozilla/5.0 (Macintosh; Intel Mac OS X 10.7; rv:15.0) Gecko/20100101 Firefox/15.0.1"
173.61.28.237 - maxac [25/Nov/2012:01:35:55 -0500] "GET /badges/pos101/awesome_aggregator.png HTTP/1.1" 304 374 "https://www.gradecraft.com/dashboard" "Mozilla/5.0 (Macintosh; Intel Mac OS X 10.7; rv:15.0) Gecko/20100101 Firefox/15.0.1"
173.61.28.237 - maxac [25/Nov/2012:01:35:55 -0500] "GET /badges/pos101/great_critic.png HTTP/1.1" 304 374 "https://www.gradecraft.com/dashboard" "Mozilla/5.0 (Macintosh; Intel Mac OS X 10.7; rv:15.0) Gecko/20100101 Firefox/15.0.1"
173.61.28.237 - maxac [25/Nov/2012:01:35:55 -0500] "GET /badges/pos101/presentation_of_self.png HTTP/1.1" 304 374 "https://www.gradecraft.com/dashboard" "Mozilla/5.0 (Macintosh; Intel Mac OS X 10.7; rv:15.0) Gecko/20100101 Firefox/15.0.1"
173.61.28.237 - maxac [25/Nov/2012:01:35:55 -0500] "GET /badges/pos101/concentrator.png HTTP/1.1" 304 229 "https://www.gradecraft.com/dashboard" "Mozilla/5.0 (Macintosh; Intel Mac OS X 10.7; rv:15.0) Gecko/20100101 Firefox/15.0.1"
173.61.28.237 - maxac [25/Nov/2012:01:35:55 -0500] "GET /badges/pos101/courageous_failure.png HTTP/1.1" 304 229 "https://www.gradecraft.com/dashboard" "Mozilla/5.0 (Macintosh; Intel Mac OS X 10.7; rv:15.0) Gecko/20100101 Firefox/15.0.1"
173.61.28.237 - maxac [25/Nov/2012:01:35:55 -0500] "GET /badges/pos101/early_bird_special.png HTTP/1.1" 304 229 "https://www.gradecraft.com/dashboard" "Mozilla/5.0 (Macintosh; Intel Mac OS X 10.7; rv:15.0) Gecko/20100101 Firefox/15.0.1"
173.61.28.237 - maxac [25/Nov/2012:01:35:55 -0500] "GET /badges/pos101/examination_expert.png HTTP/1.1" 304 229 "https://www.gradecraft.com/dashboard" "Mozilla/5.0 (Macintosh; Intel Mac OS X 10.7; rv:15.0) Gecko/20100101 Firefox/15.0.1"
173.61.28.237 - maxac [25/Nov/2012:01:35:55 -0500] "GET /badges/pos101/gaining_experience.png HTTP/1.1" 304 229 "https://www.gradecraft.com/dashboard" "Mozilla/5.0 (Macintosh; Intel Mac OS X 10.7; rv:15.0) Gecko/20100101 Firefox/15.0.1"
173.61.28.237 - maxac [25/Nov/2012:01:35:55 -0500] "GET /badges/pos101/gamer.png HTTP/1.1" 304 229 "https://www.gradecraft.com/dashboard" "Mozilla/5.0 (Macintosh; Intel Mac OS X 10.7; rv:15.0) Gecko/20100101 Firefox/15.0.1"
173.61.28.237 - maxac [25/Nov/2012:01:35:55 -0500] "GET /badges/pos101/learning_from_mistakes.png HTTP/1.1" 304 229 "https://www.gradecraft.com/dashboard" "Mozilla/5.0 (Macintosh; Intel Mac OS X 10.7; rv:15.0) Gecko/20100101 Firefox/15.0.1"
173.61.28.237 - maxac [25/Nov/2012:01:35:55 -0500] "GET /badges/pos101/level_one.png HTTP/1.1" 304 229 "https://www.gradecraft.com/dashboard" "Mozilla/5.0 (Macintosh; Intel Mac OS X 10.7; rv:15.0) Gecko/20100101 Firefox/15.0.1"
173.61.28.237 - maxac [25/Nov/2012:01:35:55 -0500] "GET /badges/pos101/personal.png HTTP/1.1" 304 229 "https://www.gradecraft.com/dashboard" "Mozilla/5.0 (Macintosh; Intel Mac OS X 10.7; rv:15.0) Gecko/20100101 Firefox/15.0.1"
173.61.28.237 - maxac [25/Nov/2012:01:35:55 -0500] "GET /badges/pos101/participatory_democrat.png HTTP/1.1" 304 229 "https://www.gradecraft.com/dashboard" "Mozilla/5.0 (Macintosh; Intel Mac OS X 10.7; rv:15.0) Gecko/20100101 Firefox/15.0.1"
173.61.28.237 - maxac [25/Nov/2012:01:35:55 -0500] "GET /badges/pos101/practice_makes_perfect.png HTTP/1.1" 304 229 "https://www.gradecraft.com/dashboard" "Mozilla/5.0 (Macintosh; Intel Mac OS X 10.7; rv:15.0) Gecko/20100101 Firefox/15.0.1"
173.61.28.237 - maxac [25/Nov/2012:01:35:55 -0500] "GET /badges/pos101/public_speaker.png HTTP/1.1" 304 229 "https://www.gradecraft.com/dashboard" "Mozilla/5.0 (Macintosh; Intel Mac OS X 10.7; rv:15.0) Gecko/20100101 Firefox/15.0.1"
173.61.28.237 - maxac [25/Nov/2012:01:35:55 -0500] "GET /badges/pos101/scribe.png HTTP/1.1" 304 229 "https://www.gradecraft.com/dashboard" "Mozilla/5.0 (Macintosh; Intel Mac OS X 10.7; rv:15.0) Gecko/20100101 Firefox/15.0.1"
173.61.28.237 - maxac [25/Nov/2012:01:35:55 -0500] "GET /badges/pos101/times_immemorial.png HTTP/1.1" 304 229 "https://www.gradecraft.com/dashboard" "Mozilla/5.0 (Macintosh; Intel Mac OS X 10.7; rv:15.0) Gecko/20100101 Firefox/15.0.1"
173.61.28.237 - maxac [25/Nov/2012:01:35:55 -0500] "GET /badges/pos101/phoebe_badge.jpg HTTP/1.1" 404 1044 "https://www.gradecraft.com/dashboard" "Mozilla/5.0 (Macintosh; Intel Mac OS X 10.7; rv:15.0) Gecko/20100101 Firefox/15.0.1"
173.61.28.237 - maxac [25/Nov/2012:01:35:55 -0500] "GET /users/predictor.json?in_progress=true&user_id=64 HTTP/1.1" 304 869 "https://www.gradecraft.com/dashboard" "Mozilla/5.0 (Macintosh; Intel Mac OS X 10.7; rv:15.0) Gecko/20100101 Firefox/15.0.1"
173.61.28.237 - maxac [25/Nov/2012:01:35:55 -0500] "GET /users/predictor.json?user_id=64 HTTP/1.1" 304 869 "https://www.gradecraft.com/dashboard" "Mozilla/5.0 (Macintosh; Intel Mac OS X 10.7; rv:15.0) Gecko/20100101 Firefox/15.0.1"
68.62.101.84 - nkoker [25/Nov/2012:01:36:00 -0500] "POST /assignments/111/assignment_submissions HTTP/1.1" 302 1636 "https://www.gradecraft.com/assignments/111/assignment_submissions/new?submittable_id=263&submittable_type=User" "Mozilla/5.0 (Macintosh; Intel Mac OS X 10.5; rv:16.0) Gecko/20100101 Firefox/16.0"
68.62.101.84 - nkoker [25/Nov/2012:01:36:00 -0500] "GET /dashboard HTTP/1.1" 200 4564 "https://www.gradecraft.com/assignments/111/assignment_submissions/new?submittable_id=263&submittable_type=User" "Mozilla/5.0 (Macintosh; Intel Mac OS X 10.5; rv:16.0) Gecko/20100101 Firefox/16.0"
173.61.28.237 - maxac [25/Nov/2012:01:36:03 -0500] "GET /users/predictor?user_id=64 HTTP/1.1" 200 5556 "https://www.gradecraft.com/dashboard" "Mozilla/5.0 (Macintosh; Intel Mac OS X 10.7; rv:15.0) Gecko/20100101 Firefox/15.0.1"
173.61.28.237 - maxac [25/Nov/2012:01:36:06 -0500] "GET /badges/pos101/phoebe_badge.jpg HTTP/1.1" 404 1044 "https://www.gradecraft.com/users/predictor?user_id=64" "Mozilla/5.0 (Macintosh; Intel Mac OS X 10.7; rv:15.0) Gecko/20100101 Firefox/15.0.1"
173.61.28.237 - maxac [25/Nov/2012:01:36:06 -0500] "GET /badges/pos101/phoebe_badge.jpg HTTP/1.1" 404 1044 "https://www.gradecraft.com/users/predictor?user_id=64" "Mozilla/5.0 (Macintosh; Intel Mac OS X 10.7; rv:15.0) Gecko/20100101 Firefox/15.0.1"
173.61.28.237 - maxac [25/Nov/2012:01:36:06 -0500] "GET /assets/jquery-ui/ui-bg_flat_75_ffffff_40x100-841636c8f8d33987bb8d2f31e8ef92ca.png HTTP/1.1" 304 213 "https://www.gradecraft.com/assets/application-eead062cf4bfb3cb3081a4c5cf6e0538.css" "Mozilla/5.0 (Macintosh; Intel Mac OS X 10.7; rv:15.0) Gecko/20100101 Firefox/15.0.1"
173.61.28.237 - maxac [25/Nov/2012:01:36:06 -0500] "GET /assets/jquery-ui/ui-bg_glass_75_e6e6e6_1x400-3e20bce1b7b2f5dd47ca6ac361805162.png HTTP/1.1" 304 213 "https://www.gradecraft.com/assets/application-eead062cf4bfb3cb3081a4c5cf6e0538.css" "Mozilla/5.0 (Macintosh; Intel Mac OS X 10.7; rv:15.0) Gecko/20100101 Firefox/15.0.1"
68.62.101.84 - nkoker [25/Nov/2012:01:36:07 -0500] "GET /assignments HTTP/1.1" 200 5428 "https://www.gradecraft.com/dashboard" "Mozilla/5.0 (Macintosh; Intel Mac OS X 10.5; rv:16.0) Gecko/20100101 Firefox/16.0"
68.62.101.84 - nkoker [25/Nov/2012:01:36:17 -0500] "GET /assignments/111 HTTP/1.1" 200 12281 "https://www.gradecraft.com/assignments" "Mozilla/5.0 (Macintosh; Intel Mac OS X 10.5; rv:16.0) Gecko/20100101 Firefox/16.0"
68.62.101.84 - nkoker [25/Nov/2012:01:36:26 -0500] "GET /assignments/111?utf8=%E2%9C%93&assignment_id=111&team_id=12&commit=Filter HTTP/1.1" 200 3908 "https://www.gradecraft.com/assignments/111" "Mozilla/5.0 (Macintosh; Intel Mac OS X 10.5; rv:16.0) Gecko/20100101 Firefox/16.0"
68.62.101.84 - nkoker [25/Nov/2012:01:36:31 -0500] "GET /assignments/111/grades/new?gradeable_id=263&gradeable_type=User HTTP/1.1" 200 7508 "https://www.gradecraft.com/assignments/111?utf8=%E2%9C%93&assignment_id=111&team_id=12&commit=Filter" "Mozilla/5.0 (Macintosh; Intel Mac OS X 10.5; rv:16.0) Gecko/20100101 Firefox/16.0"
68.62.101.84 - nkoker [25/Nov/2012:01:36:32 -0500] "GET /assets/bootstrap-wysihtml5/wysiwyg-color.css HTTP/1.1" 404 1044 "https://www.gradecraft.com/assignments/111/grades/new?gradeable_id=263&gradeable_type=User" "Mozilla/5.0 (Macintosh; Intel Mac OS X 10.5; rv:16.0) Gecko/20100101 Firefox/16.0"
173.61.28.237 - maxac [25/Nov/2012:01:36:38 -0500] "GET /assets/jquery-ui/ui-bg_glass_75_dadada_1x400-38ed9f33e066d6bee977c567d4b03650.png HTTP/1.1" 304 358 "https://www.gradecraft.com/assets/application-eead062cf4bfb3cb3081a4c5cf6e0538.css" "Mozilla/5.0 (Macintosh; Intel Mac OS X 10.7; rv:15.0) Gecko/20100101 Firefox/15.0.1"
173.61.28.237 - maxac [25/Nov/2012:01:36:39 -0500] "GET /assets/jquery-ui/ui-bg_glass_65_ffffff_1x400-a30aa544902182c133dbb46ac40a08d2.png HTTP/1.1" 304 213 "https://www.gradecraft.com/assets/application-eead062cf4bfb3cb3081a4c5cf6e0538.css" "Mozilla/5.0 (Macintosh; Intel Mac OS X 10.7; rv:15.0) Gecko/20100101 Firefox/15.0.1"
67.194.96.229 - - [25/Nov/2012:01:37:07 -0500] "GET /dashboard HTTP/1.1" 302 3984 "-" "Mozilla/5.0 (Windows NT 6.1; WOW64) AppleWebKit/537.11 (KHTML, like Gecko) Chrome/23.0.1271.64 Safari/537.11"
67.194.96.229 - - [25/Nov/2012:01:37:07 -0500] "GET /cosign/valid?cosign-www.gradecraft.com=stStrDzmsrS74Bic3-VDatRvxw+kXGx0Ex7p5rbx8EOAEVSV8KZj0QTajVC8StaN-CIDXc9oIM-q4w0z8hgvtku-zaEw6b9ILVymYfrFy1aE347XEb82mxjqSBil&https://www.gradecraft.com/dashboard HTTP/1.1" 301 900 "-" "Mozilla/5.0 (Windows NT 6.1; WOW64) AppleWebKit/537.11 (KHTML, like Gecko) Chrome/23.0.1271.64 Safari/537.11"
67.194.96.229 - zeinz [25/Nov/2012:01:37:07 -0500] "GET /dashboard HTTP/1.1" 302 1348 "-" "Mozilla/5.0 (Windows NT 6.1; WOW64) AppleWebKit/537.11 (KHTML, like Gecko) Chrome/23.0.1271.64 Safari/537.11"
67.194.96.229 - zeinz [25/Nov/2012:01:37:07 -0500] "GET /dashboard HTTP/1.1" 200 5140 "-" "Mozilla/5.0 (Windows NT 6.1; WOW64) AppleWebKit/537.11 (KHTML, like Gecko) Chrome/23.0.1271.64 Safari/537.11"
67.194.96.229 - zeinz [25/Nov/2012:01:37:09 -0500] "GET /assets/application-eead062cf4bfb3cb3081a4c5cf6e0538.css HTTP/1.1" 304 245 "https://www.gradecraft.com/dashboard" "Mozilla/5.0 (Windows NT 6.1; WOW64) AppleWebKit/537.11 (KHTML, like Gecko) Chrome/23.0.1271.64 Safari/537.11"
67.194.96.229 - zeinz [25/Nov/2012:01:37:09 -0500] "GET /assets/application-647ca25372cb08a414ef6110cc332f61.js HTTP/1.1" 304 3473 "https://www.gradecraft.com/dashboard" "Mozilla/5.0 (Windows NT 6.1; WOW64) AppleWebKit/537.11 (KHTML, like Gecko) Chrome/23.0.1271.64 Safari/537.11"
67.194.96.229 - zeinz [25/Nov/2012:01:37:09 -0500] "GET /badges/pos101/phoebe_badge.jpg HTTP/1.1" 404 4288 "https://www.gradecraft.com/dashboard" "Mozilla/5.0 (Windows NT 6.1; WOW64) AppleWebKit/537.11 (KHTML, like Gecko) Chrome/23.0.1271.64 Safari/537.11"
67.194.96.229 - zeinz [25/Nov/2012:01:37:09 -0500] "GET /users/predictor.json?user_id=140 HTTP/1.1" 304 885 "https://www.gradecraft.com/dashboard" "Mozilla/5.0 (Windows NT 6.1; WOW64) AppleWebKit/537.11 (KHTML, like Gecko) Chrome/23.0.1271.64 Safari/537.11"
67.194.96.229 - zeinz [25/Nov/2012:01:37:09 -0500] "GET /users/predictor.json?in_progress=true&user_id=140 HTTP/1.1" 304 885 "https://www.gradecraft.com/dashboard" "Mozilla/5.0 (Windows NT 6.1; WOW64) AppleWebKit/537.11 (KHTML, like Gecko) Chrome/23.0.1271.64 Safari/537.11"
68.62.101.84 - nkoker [25/Nov/2012:01:37:16 -0500] "POST /assignments/111/grades HTTP/1.1" 302 1813 "https://www.gradecraft.com/assignments/111/grades/new?gradeable_id=263&gradeable_type=User" "Mozilla/5.0 (Macintosh; Intel Mac OS X 10.5; rv:16.0) Gecko/20100101 Firefox/16.0"
68.62.101.84 - nkoker [25/Nov/2012:01:37:16 -0500] "GET /assignments/111 HTTP/1.1" 200 12553 "https://www.gradecraft.com/assignments/111/grades/new?gradeable_id=263&gradeable_type=User" "Mozilla/5.0 (Macintosh; Intel Mac OS X 10.5; rv:16.0) Gecko/20100101 Firefox/16.0"
68.62.101.84 - nkoker [25/Nov/2012:01:37:27 -0500] "GET /assignments/111?utf8=%E2%9C%93&assignment_id=111&team_id=12&commit=Filter HTTP/1.1" 200 3956 "https://www.gradecraft.com/assignments/111" "Mozilla/5.0 (Macintosh; Intel Mac OS X 10.5; rv:16.0) Gecko/20100101 Firefox/16.0"
68.62.101.84 - nkoker [25/Nov/2012:01:37:39 -0500] "GET /assignments/111/assignment_submissions/new?submittable_id=261&submittable_type=User HTTP/1.1" 200 7428 "https://www.gradecraft.com/assignments/111?utf8=%E2%9C%93&assignment_id=111&team_id=12&commit=Filter" "Mozilla/5.0 (Macintosh; Intel Mac OS X 10.5; rv:16.0) Gecko/20100101 Firefox/16.0"
68.62.101.84 - nkoker [25/Nov/2012:01:37:41 -0500] "GET /assets/bootstrap-wysihtml5/wysiwyg-color.css HTTP/1.1" 404 1044 "https://www.gradecraft.com/assignments/111/assignment_submissions/new?submittable_id=261&submittable_type=User" "Mozilla/5.0 (Macintosh; Intel Mac OS X 10.5; rv:16.0) Gecko/20100101 Firefox/16.0"
68.62.101.84 - nkoker [25/Nov/2012:01:37:53 -0500] "POST /assignments/111/assignment_submissions HTTP/1.1" 302 1636 "https://www.gradecraft.com/assignments/111/assignment_submissions/new?submittable_id=261&submittable_type=User" "Mozilla/5.0 (Macintosh; Intel Mac OS X 10.5; rv:16.0) Gecko/20100101 Firefox/16.0"
68.62.101.84 - nkoker [25/Nov/2012:01:37:53 -0500] "GET /dashboard HTTP/1.1" 200 4564 "https://www.gradecraft.com/assignments/111/assignment_submissions/new?submittable_id=261&submittable_type=User" "Mozilla/5.0 (Macintosh; Intel Mac OS X 10.5; rv:16.0) Gecko/20100101 Firefox/16.0"
68.62.101.84 - nkoker [25/Nov/2012:01:38:18 -0500] "GET /assignments HTTP/1.1" 200 5573 "https://www.gradecraft.com/dashboard" "Mozilla/5.0 (Macintosh; Intel Mac OS X 10.5; rv:16.0) Gecko/20100101 Firefox/16.0"
68.62.101.84 - nkoker [25/Nov/2012:01:38:27 -0500] "GET /assignments/110 HTTP/1.1" 200 15145 "https://www.gradecraft.com/assignments" "Mozilla/5.0 (Macintosh; Intel Mac OS X 10.5; rv:16.0) Gecko/20100101 Firefox/16.0"
68.62.101.84 - nkoker [25/Nov/2012:01:38:39 -0500] "GET /assignments/110?utf8=%E2%9C%93&assignment_id=110&team_id=12&commit=Filter HTTP/1.1" 200 3988 "https://www.gradecraft.com/assignments/110" "Mozilla/5.0 (Macintosh; Intel Mac OS X 10.5; rv:16.0) Gecko/20100101 Firefox/16.0"
68.62.101.84 - nkoker [25/Nov/2012:01:38:43 -0500] "GET /assignments/110/assignment_submissions/1060?gradeable_id=261&gradeable_type=User&submittable_id=261&submittable_type=User HTTP/1.1" 200 3204 "https://www.gradecraft.com/assignments/110?utf8=%E2%9C%93&assignment_id=110&team_id=12&commit=Filter" "Mozilla/5.0 (Macintosh; Intel Mac OS X 10.5; rv:16.0) Gecko/20100101 Firefox/16.0"
68.62.101.84 - nkoker [25/Nov/2012:01:38:45 -0500] "GET /assets/bootstrap-wysihtml5/wysiwyg-color.css HTTP/1.1" 404 1044 "https://www.gradecraft.com/assignments/110/assignment_submissions/1060?gradeable_id=261&gradeable_type=User&submittable_id=261&submittable_type=User" "Mozilla/5.0 (Macintosh; Intel Mac OS X 10.5; rv:16.0) Gecko/20100101 Firefox/16.0"
68.62.101.84 - nkoker [25/Nov/2012:01:39:04 -0500] "POST /assignments/110/grades HTTP/1.1" 302 1797 "https://www.gradecraft.com/assignments/110/assignment_submissions/1060?gradeable_id=261&gradeable_type=User&submittable_id=261&submittable_type=User" "Mozilla/5.0 (Macintosh; Intel Mac OS X 10.5; rv:16.0) Gecko/20100101 Firefox/16.0"
68.62.101.84 - nkoker [25/Nov/2012:01:39:04 -0500] "GET /assignments/110 HTTP/1.1" 200 15417 "https://www.gradecraft.com/assignments/110/assignment_submissions/1060?gradeable_id=261&gradeable_type=User&submittable_id=261&submittable_type=User" "Mozilla/5.0 (Macintosh; Intel Mac OS X 10.5; rv:16.0) Gecko/20100101 Firefox/16.0"
68.62.101.84 - nkoker [25/Nov/2012:01:39:12 -0500] "GET /assignments HTTP/1.1" 200 5428 "https://www.gradecraft.com/assignments/110" "Mozilla/5.0 (Macintosh; Intel Mac OS X 10.5; rv:16.0) Gecko/20100101 Firefox/16.0"
75.134.167.73 - - [25/Nov/2012:01:39:25 -0500] "GET / HTTP/1.1" 302 3984 "-" "Mozilla/5.0 (Windows NT 6.1; WOW64) AppleWebKit/537.11 (KHTML, like Gecko) Chrome/23.0.1271.64 Safari/537.11"
75.134.167.73 - - [25/Nov/2012:01:39:25 -0500] "GET /cosign/valid?cosign-www.gradecraft.com=v3bNvGgmjYWlnohZMyVvkz7Zav6p3Ubedqj5QpxEwhEU1wcBEdnP10UsXw1xggfq2DGy6C+mzoRRpQ3VE8sgqQhWXfrTA0jTaLAZd0xNH8LgEVWOghb8bFYsbuR4&https://www.gradecraft.com/ HTTP/1.1" 301 868 "-" "Mozilla/5.0 (Windows NT 6.1; WOW64) AppleWebKit/537.11 (KHTML, like Gecko) Chrome/23.0.1271.64 Safari/537.11"
75.134.167.73 - cortdomi [25/Nov/2012:01:39:25 -0500] "GET / HTTP/1.1" 302 1348 "-" "Mozilla/5.0 (Windows NT 6.1; WOW64) AppleWebKit/537.11 (KHTML, like Gecko) Chrome/23.0.1271.64 Safari/537.11"
75.134.167.73 - cortdomi [25/Nov/2012:01:39:25 -0500] "GET /dashboard HTTP/1.1" 200 5124 "-" "Mozilla/5.0 (Windows NT 6.1; WOW64) AppleWebKit/537.11 (KHTML, like Gecko) Chrome/23.0.1271.64 Safari/537.11"
75.134.167.73 - cortdomi [25/Nov/2012:01:39:28 -0500] "GET /users/predictor.json?in_progress=true&user_id=85 HTTP/1.1" 304 869 "https://www.gradecraft.com/dashboard" "Mozilla/5.0 (Windows NT 6.1; WOW64) AppleWebKit/537.11 (KHTML, like Gecko) Chrome/23.0.1271.64 Safari/537.11"
75.134.167.73 - cortdomi [25/Nov/2012:01:39:28 -0500] "GET /badges/pos101/phoebe_badge.jpg HTTP/1.1" 404 4288 "https://www.gradecraft.com/dashboard" "Mozilla/5.0 (Windows NT 6.1; WOW64) AppleWebKit/537.11 (KHTML, like Gecko) Chrome/23.0.1271.64 Safari/537.11"
68.62.101.84 - nkoker [25/Nov/2012:01:39:27 -0500] "GET /assignments/111 HTTP/1.1" 200 12329 "https://www.gradecraft.com/assignments" "Mozilla/5.0 (Macintosh; Intel Mac OS X 10.5; rv:16.0) Gecko/20100101 Firefox/16.0"
75.134.167.73 - cortdomi [25/Nov/2012:01:39:28 -0500] "GET /users/predictor.json?user_id=85 HTTP/1.1" 304 4097 "https://www.gradecraft.com/dashboard" "Mozilla/5.0 (Windows NT 6.1; WOW64) AppleWebKit/537.11 (KHTML, like Gecko) Chrome/23.0.1271.64 Safari/537.11"
68.62.101.84 - nkoker [25/Nov/2012:01:39:36 -0500] "GET /assignments/111?utf8=%E2%9C%93&assignment_id=111&team_id=12&commit=Filter HTTP/1.1" 200 3972 "https://www.gradecraft.com/assignments/111" "Mozilla/5.0 (Macintosh; Intel Mac OS X 10.5; rv:16.0) Gecko/20100101 Firefox/16.0"
68.62.101.84 - nkoker [25/Nov/2012:01:39:40 -0500] "GET /assignments/111/assignment_submissions/1404?gradeable_id=261&gradeable_type=User&submittable_id=261&submittable_type=User HTTP/1.1" 200 3204 "https://www.gradecraft.com/assignments/111?utf8=%E2%9C%93&assignment_id=111&team_id=12&commit=Filter" "Mozilla/5.0 (Macintosh; Intel Mac OS X 10.5; rv:16.0) Gecko/20100101 Firefox/16.0"
68.62.101.84 - nkoker [25/Nov/2012:01:39:43 -0500] "GET /assets/bootstrap-wysihtml5/wysiwyg-color.css HTTP/1.1" 404 1044 "https://www.gradecraft.com/assignments/111/assignment_submissions/1404?gradeable_id=261&gradeable_type=User&submittable_id=261&submittable_type=User" "Mozilla/5.0 (Macintosh; Intel Mac OS X 10.5; rv:16.0) Gecko/20100101 Firefox/16.0"
68.62.101.84 - nkoker [25/Nov/2012:01:39:47 -0500] "GET /assignments/111/assignment_submissions/1404/edit HTTP/1.1" 200 7460 "https://www.gradecraft.com/assignments/111/assignment_submissions/1404?gradeable_id=261&gradeable_type=User&submittable_id=261&submittable_type=User" "Mozilla/5.0 (Macintosh; Intel Mac OS X 10.5; rv:16.0) Gecko/20100101 Firefox/16.0"
68.62.101.84 - nkoker [25/Nov/2012:01:39:48 -0500] "GET /assets/bootstrap-wysihtml5/wysiwyg-color.css HTTP/1.1" 404 1044 "https://www.gradecraft.com/assignments/111/assignment_submissions/1404/edit" "Mozilla/5.0 (Macintosh; Intel Mac OS X 10.5; rv:16.0) Gecko/20100101 Firefox/16.0"
68.62.101.84 - nkoker [25/Nov/2012:01:39:54 -0500] "POST /assignments/111/assignment_submissions/1404 HTTP/1.1" 302 1668 "https://www.gradecraft.com/assignments/111/assignment_submissions/1404/edit" "Mozilla/5.0 (Macintosh; Intel Mac OS X 10.5; rv:16.0) Gecko/20100101 Firefox/16.0"
68.62.101.84 - nkoker [25/Nov/2012:01:39:54 -0500] "GET /dashboard HTTP/1.1" 200 4580 "https://www.gradecraft.com/assignments/111/assignment_submissions/1404/edit" "Mozilla/5.0 (Macintosh; Intel Mac OS X 10.5; rv:16.0) Gecko/20100101 Firefox/16.0"
68.62.101.84 - nkoker [25/Nov/2012:01:40:01 -0500] "GET /assignments HTTP/1.1" 304 917 "https://www.gradecraft.com/dashboard" "Mozilla/5.0 (Macintosh; Intel Mac OS X 10.5; rv:16.0) Gecko/20100101 Firefox/16.0"
68.62.101.84 - nkoker [25/Nov/2012:01:40:08 -0500] "GET /assignments/111 HTTP/1.1" 304 917 "https://www.gradecraft.com/assignments" "Mozilla/5.0 (Macintosh; Intel Mac OS X 10.5; rv:16.0) Gecko/20100101 Firefox/16.0"
68.62.101.84 - nkoker [25/Nov/2012:01:40:17 -0500] "GET /assignments/111?utf8=%E2%9C%93&assignment_id=111&team_id=12&commit=Filter HTTP/1.1" 304 917 "https://www.gradecraft.com/assignments/111" "Mozilla/5.0 (Macintosh; Intel Mac OS X 10.5; rv:16.0) Gecko/20100101 Firefox/16.0"
68.62.101.84 - nkoker [25/Nov/2012:01:40:20 -0500] "GET /assignments/111/assignment_submissions/1404?gradeable_id=261&gradeable_type=User&submittable_id=261&submittable_type=User HTTP/1.1" 200 3140 "https://www.gradecraft.com/assignments/111?utf8=%E2%9C%93&assignment_id=111&team_id=12&commit=Filter" "Mozilla/5.0 (Macintosh; Intel Mac OS X 10.5; rv:16.0) Gecko/20100101 Firefox/16.0"
68.62.101.84 - nkoker [25/Nov/2012:01:40:21 -0500] "GET /assets/bootstrap-wysihtml5/wysiwyg-color.css HTTP/1.1" 404 1044 "https://www.gradecraft.com/assignments/111/assignment_submissions/1404?gradeable_id=261&gradeable_type=User&submittable_id=261&submittable_type=User" "Mozilla/5.0 (Macintosh; Intel Mac OS X 10.5; rv:16.0) Gecko/20100101 Firefox/16.0"
75.134.167.73 - cortdomi [25/Nov/2012:01:40:30 -0500] "GET /assignments/111/assignment_submissions/new?submittable_id=3&submittable_type=Team HTTP/1.1" 200 2933 "https://www.gradecraft.com/dashboard" "Mozilla/5.0 (Windows NT 6.1; WOW64) AppleWebKit/537.11 (KHTML, like Gecko) Chrome/23.0.1271.64 Safari/537.11"
75.134.167.73 - cortdomi [25/Nov/2012:01:40:30 -0500] "GET /assets/bootstrap-wysihtml5/wysiwyg-color.css HTTP/1.1" 404 1044 "-" "Mozilla/5.0 (Windows NT 6.1; WOW64) AppleWebKit/537.11 (KHTML, like Gecko) Chrome/23.0.1271.64 Safari/537.11"
75.134.167.73 - cortdomi [25/Nov/2012:01:40:30 -0500] "GET /assets/twitter/bootstrap/glyphicons-halflings-ab3144065a860d198f1d7d9a4882640c.png HTTP/1.1" 304 213 "https://www.gradecraft.com/assignments/111/assignment_submissions/new?submittable_id=3&submittable_type=Team" "Mozilla/5.0 (Windows NT 6.1; WOW64) AppleWebKit/537.11 (KHTML, like Gecko) Chrome/23.0.1271.64 Safari/537.11"
75.134.167.73 - cortdomi [25/Nov/2012:01:40:30 -0500] "GET /assets/fontawesome-webfont.woff HTTP/1.1" 304 213 "https://www.gradecraft.com/assignments/111/assignment_submissions/new?submittable_id=3&submittable_type=Team" "Mozilla/5.0 (Windows NT 6.1; WOW64) AppleWebKit/537.11 (KHTML, like Gecko) Chrome/23.0.1271.64 Safari/537.11"
75.134.167.73 - cortdomi [25/Nov/2012:01:40:40 -0500] "POST /assignments/111/assignment_submissions HTTP/1.1" 302 1636 "https://www.gradecraft.com/assignments/111/assignment_submissions/new?submittable_id=3&submittable_type=Team" "Mozilla/5.0 (Windows NT 6.1; WOW64) AppleWebKit/537.11 (KHTML, like Gecko) Chrome/23.0.1271.64 Safari/537.11"
75.134.167.73 - cortdomi [25/Nov/2012:01:40:40 -0500] "GET /dashboard HTTP/1.1" 200 5364 "https://www.gradecraft.com/assignments/111/assignment_submissions/new?submittable_id=3&submittable_type=Team" "Mozilla/5.0 (Windows NT 6.1; WOW64) AppleWebKit/537.11 (KHTML, like Gecko) Chrome/23.0.1271.64 Safari/537.11"
75.134.167.73 - cortdomi [25/Nov/2012:01:40:43 -0500] "GET /badges/pos101/phoebe_badge.jpg HTTP/1.1" 404 1205 "https://www.gradecraft.com/dashboard" "Mozilla/5.0 (Windows NT 6.1; WOW64) AppleWebKit/537.11 (KHTML, like Gecko) Chrome/23.0.1271.64 Safari/537.11"
75.134.167.73 - cortdomi [25/Nov/2012:01:40:43 -0500] "GET /users/predictor.json?user_id=85 HTTP/1.1" 304 1014 "https://www.gradecraft.com/dashboard" "Mozilla/5.0 (Windows NT 6.1; WOW64) AppleWebKit/537.11 (KHTML, like Gecko) Chrome/23.0.1271.64 Safari/537.11"
75.134.167.73 - cortdomi [25/Nov/2012:01:40:43 -0500] "GET /users/predictor.json?in_progress=true&user_id=85 HTTP/1.1" 304 869 "https://www.gradecraft.com/dashboard" "Mozilla/5.0 (Windows NT 6.1; WOW64) AppleWebKit/537.11 (KHTML, like Gecko) Chrome/23.0.1271.64 Safari/537.11"
98.206.170.47 - - [25/Nov/2012:01:40:48 -0500] "GET /dashboard HTTP/1.1" 302 3984 "-" "Mozilla/5.0 (Windows NT 6.1; WOW64) AppleWebKit/537.11 (KHTML, like Gecko) Chrome/23.0.1271.64 Safari/537.11"
98.206.170.47 - - [25/Nov/2012:01:40:48 -0500] "GET /cosign/valid?cosign-www.gradecraft.com=bculWwrHMGD-qoriMdbHaxzsnxcil2eoPenfjq3EFjz-xM6zS1Q7VZRsef-NmLMtKLA042Ts19WaM0Rs9BNsCiVfSFrko4FqBkm-0oUrh6HOyUod7rXtDtok43s0&https://www.gradecraft.com/dashboard HTTP/1.1" 301 900 "-" "Mozilla/5.0 (Windows NT 6.1; WOW64) AppleWebKit/537.11 (KHTML, like Gecko) Chrome/23.0.1271.64 Safari/537.11"
98.206.170.47 - frojohn [25/Nov/2012:01:40:48 -0500] "GET /dashboard HTTP/1.1" 200 5236 "-" "Mozilla/5.0 (Windows NT 6.1; WOW64) AppleWebKit/537.11 (KHTML, like Gecko) Chrome/23.0.1271.64 Safari/537.11"
98.206.170.47 - frojohn [25/Nov/2012:01:40:51 -0500] "GET /assets/application-eead062cf4bfb3cb3081a4c5cf6e0538.css HTTP/1.1" 304 245 "https://www.gradecraft.com/dashboard" "Mozilla/5.0 (Windows NT 6.1; WOW64) AppleWebKit/537.11 (KHTML, like Gecko) Chrome/23.0.1271.64 Safari/537.11"
98.206.170.47 - frojohn [25/Nov/2012:01:40:52 -0500] "GET /badges/pos101/phoebe_badge.jpg HTTP/1.1" 404 4288 "https://www.gradecraft.com/dashboard" "Mozilla/5.0 (Windows NT 6.1; WOW64) AppleWebKit/537.11 (KHTML, like Gecko) Chrome/23.0.1271.64 Safari/537.11"
98.206.170.47 - frojohn [25/Nov/2012:01:40:52 -0500] "GET /users/predictor.json?user_id=224 HTTP/1.1" 304 4113 "https://www.gradecraft.com/dashboard" "Mozilla/5.0 (Windows NT 6.1; WOW64) AppleWebKit/537.11 (KHTML, like Gecko) Chrome/23.0.1271.64 Safari/537.11"
98.206.170.47 - frojohn [25/Nov/2012:01:40:52 -0500] "GET /users/predictor.json?in_progress=true&user_id=224 HTTP/1.1" 304 885 "https://www.gradecraft.com/dashboard" "Mozilla/5.0 (Windows NT 6.1; WOW64) AppleWebKit/537.11 (KHTML, like Gecko) Chrome/23.0.1271.64 Safari/537.11"
75.114.220.228 - - [25/Nov/2012:01:42:11 -0500] "GET /dashboard HTTP/1.1" 302 3259 "-" "Mozilla/5.0 (Macintosh; Intel Mac OS X 10_8_2) AppleWebKit/536.26.14 (KHTML, like Gecko) Version/6.0.1 Safari/536.26.14"
75.114.220.228 - - [25/Nov/2012:01:42:19 -0500] "GET /cosign/valid?cosign-www.gradecraft.com=QPUa7vmkCcEocSeEKupK2R6A3eegCpYAfloMf45Opl9EySTTRIrAH6kdq2yaDRno4tXPdnWksluao6+a50tQwCVSd8BIuQ6pZmy-44SbNWFz-DWCmLBzO8ltpSnx&https://www.gradecraft.com/dashboard HTTP/1.1" 301 900 "https://weblogin.umich.edu/?cosign-www.gradecraft.com&https://www.gradecraft.com/dashboard" "Mozilla/5.0 (Macintosh; Intel Mac OS X 10_8_2) AppleWebKit/536.26.14 (KHTML, like Gecko) Version/6.0.1 Safari/536.26.14"
75.114.220.228 - japete [25/Nov/2012:01:42:19 -0500] "GET /dashboard HTTP/1.1" 200 5124 "https://weblogin.umich.edu/?cosign-www.gradecraft.com&https://www.gradecraft.com/dashboard" "Mozilla/5.0 (Macintosh; Intel Mac OS X 10_8_2) AppleWebKit/536.26.14 (KHTML, like Gecko) Version/6.0.1 Safari/536.26.14"
75.114.220.228 - japete [25/Nov/2012:01:42:21 -0500] "GET /assets/application-eead062cf4bfb3cb3081a4c5cf6e0538.css HTTP/1.1" 200 49197 "https://www.gradecraft.com/dashboard" "Mozilla/5.0 (Macintosh; Intel Mac OS X 10_8_2) AppleWebKit/536.26.14 (KHTML, like Gecko) Version/6.0.1 Safari/536.26.14"
75.114.220.228 - japete [25/Nov/2012:01:42:22 -0500] "GET /assets/application-647ca25372cb08a414ef6110cc332f61.js HTTP/1.1" 200 221438 "https://www.gradecraft.com/dashboard" "Mozilla/5.0 (Macintosh; Intel Mac OS X 10_8_2) AppleWebKit/536.26.14 (KHTML, like Gecko) Version/6.0.1 Safari/536.26.14"
75.114.220.228 - japete [25/Nov/2012:01:42:22 -0500] "GET /badges/pos101/phoebe_badge.jpg HTTP/1.1" 404 1205 "https://www.gradecraft.com/dashboard" "Mozilla/5.0 (Macintosh; Intel Mac OS X 10_8_2) AppleWebKit/536.26.14 (KHTML, like Gecko) Version/6.0.1 Safari/536.26.14"
75.114.220.228 - japete [25/Nov/2012:01:42:22 -0500] "GET /users/predictor.json?user_id=157 HTTP/1.1" 304 885 "https://www.gradecraft.com/dashboard" "Mozilla/5.0 (Macintosh; Intel Mac OS X 10_8_2) AppleWebKit/536.26.14 (KHTML, like Gecko) Version/6.0.1 Safari/536.26.14"
75.114.220.228 - japete [25/Nov/2012:01:42:22 -0500] "GET /users/predictor.json?in_progress=true&user_id=157 HTTP/1.1" 304 885 "https://www.gradecraft.com/dashboard" "Mozilla/5.0 (Macintosh; Intel Mac OS X 10_8_2) AppleWebKit/536.26.14 (KHTML, like Gecko) Version/6.0.1 Safari/536.26.14"
72.89.121.188 - - [25/Nov/2012:01:48:37 -0500] "GET / HTTP/1.1" 302 3984 "-" "Mozilla/5.0 (Macintosh; Intel Mac OS X 10_8_2) AppleWebKit/537.11 (KHTML, like Gecko) Chrome/23.0.1271.64 Safari/537.11"
72.89.121.188 - - [25/Nov/2012:01:48:44 -0500] "GET /cosign/valid?cosign-www.gradecraft.com=Eyv635scpPnZx0HsiRr014Mzwo8ui2rHEY58G2INoUBNooR0h6+wh3H7XwD+iEI07rmO-8EwMtdsZMEMlVksxSNzkiKIt5okZ9FOspmd5ZZZfJ51RlOowP+b1K+q&https://www.gradecraft.com/ HTTP/1.1" 301 868 "https://weblogin.umich.edu/?cosign-www.gradecraft.com&https://www.gradecraft.com/" "Mozilla/5.0 (Macintosh; Intel Mac OS X 10_8_2) AppleWebKit/537.11 (KHTML, like Gecko) Chrome/23.0.1271.64 Safari/537.11"
72.89.121.188 - natsilv [25/Nov/2012:01:48:45 -0500] "GET / HTTP/1.1" 200 5172 "https://weblogin.umich.edu/?cosign-www.gradecraft.com&https://www.gradecraft.com/" "Mozilla/5.0 (Macintosh; Intel Mac OS X 10_8_2) AppleWebKit/537.11 (KHTML, like Gecko) Chrome/23.0.1271.64 Safari/537.11"
72.89.121.188 - natsilv [25/Nov/2012:01:48:47 -0500] "GET /assets/application-eead062cf4bfb3cb3081a4c5cf6e0538.css HTTP/1.1" 200 49197 "https://www.gradecraft.com/" "Mozilla/5.0 (Macintosh; Intel Mac OS X 10_8_2) AppleWebKit/537.11 (KHTML, like Gecko) Chrome/23.0.1271.64 Safari/537.11"
72.89.121.188 - natsilv [25/Nov/2012:01:48:47 -0500] "GET /assets/application-647ca25372cb08a414ef6110cc332f61.js HTTP/1.1" 304 3473 "https://www.gradecraft.com/" "Mozilla/5.0 (Macintosh; Intel Mac OS X 10_8_2) AppleWebKit/537.11 (KHTML, like Gecko) Chrome/23.0.1271.64 Safari/537.11"
72.89.121.188 - natsilv [25/Nov/2012:01:48:48 -0500] "GET /badges/pos101/phoebe_badge.jpg HTTP/1.1" 404 4288 "https://www.gradecraft.com/" "Mozilla/5.0 (Macintosh; Intel Mac OS X 10_8_2) AppleWebKit/537.11 (KHTML, like Gecko) Chrome/23.0.1271.64 Safari/537.11"
72.89.121.188 - natsilv [25/Nov/2012:01:48:48 -0500] "GET /favicon.ico HTTP/1.1" 200 4650 "-" "Mozilla/5.0 (Macintosh; Intel Mac OS X 10_8_2) AppleWebKit/537.11 (KHTML, like Gecko) Chrome/23.0.1271.64 Safari/537.11"
72.89.121.188 - natsilv [25/Nov/2012:01:48:48 -0500] "GET /users/predictor.json?user_id=355 HTTP/1.1" 304 885 "https://www.gradecraft.com/" "Mozilla/5.0 (Macintosh; Intel Mac OS X 10_8_2) AppleWebKit/537.11 (KHTML, like Gecko) Chrome/23.0.1271.64 Safari/537.11"
72.89.121.188 - natsilv [25/Nov/2012:01:48:48 -0500] "GET /users/predictor.json?in_progress=true&user_id=355 HTTP/1.1" 304 885 "https://www.gradecraft.com/" "Mozilla/5.0 (Macintosh; Intel Mac OS X 10_8_2) AppleWebKit/537.11 (KHTML, like Gecko) Chrome/23.0.1271.64 Safari/537.11"
72.89.121.188 - natsilv [25/Nov/2012:01:49:03 -0500] "GET /assignments/110/assignment_submissions/1295?gradeable_id=355&gradeable_type=User HTTP/1.1" 200 2452 "https://www.gradecraft.com/" "Mozilla/5.0 (Macintosh; Intel Mac OS X 10_8_2) AppleWebKit/537.11 (KHTML, like Gecko) Chrome/23.0.1271.64 Safari/537.11"
72.89.121.188 - natsilv [25/Nov/2012:01:49:08 -0500] "GET /badges/pos101/phoebe_badge.jpg HTTP/1.1" 404 1205 "https://www.gradecraft.com/" "Mozilla/5.0 (Macintosh; Intel Mac OS X 10_8_2) AppleWebKit/537.11 (KHTML, like Gecko) Chrome/23.0.1271.64 Safari/537.11"
72.89.121.188 - natsilv [25/Nov/2012:01:49:08 -0500] "GET /users/predictor.json?in_progress=true&user_id=355 HTTP/1.1" 304 885 "https://www.gradecraft.com/" "Mozilla/5.0 (Macintosh; Intel Mac OS X 10_8_2) AppleWebKit/537.11 (KHTML, like Gecko) Chrome/23.0.1271.64 Safari/537.11"
72.89.121.188 - natsilv [25/Nov/2012:01:49:08 -0500] "GET /users/predictor.json?user_id=355 HTTP/1.1" 304 1030 "https://www.gradecraft.com/" "Mozilla/5.0 (Macintosh; Intel Mac OS X 10_8_2) AppleWebKit/537.11 (KHTML, like Gecko) Chrome/23.0.1271.64 Safari/537.11"
72.89.121.188 - natsilv [25/Nov/2012:01:51:40 -0500] "GET /badges HTTP/1.1" 200 4085 "https://www.gradecraft.com/" "Mozilla/5.0 (Macintosh; Intel Mac OS X 10_8_2) AppleWebKit/537.11 (KHTML, like Gecko) Chrome/23.0.1271.64 Safari/537.11"
72.89.121.188 - natsilv [25/Nov/2012:01:51:41 -0500] "GET /badges/pos101/phoebe_badge.jpg HTTP/1.1" 404 1044 "https://www.gradecraft.com/badges" "Mozilla/5.0 (Macintosh; Intel Mac OS X 10_8_2) AppleWebKit/537.11 (KHTML, like Gecko) Chrome/23.0.1271.64 Safari/537.11"
68.43.88.43 - - [25/Nov/2012:01:54:44 -0500] "GET / HTTP/1.1" 302 3254 "-" "Mozilla/5.0 (Macintosh; Intel Mac OS X 10_7_4) AppleWebKit/536.25 (KHTML, like Gecko) Version/6.0 Safari/536.25"
71.227.46.46 - - [25/Nov/2012:02:06:09 -0500] "GET / HTTP/1.1" 302 3259 "-" "Mozilla/5.0 (Macintosh; Intel Mac OS X 10_8_2) AppleWebKit/536.26.14 (KHTML, like Gecko) Version/6.0.1 Safari/536.26.14"
97.84.162.17 - - [25/Nov/2012:02:07:13 -0500] "GET /dashboard HTTP/1.1" 302 3259 "-" "Mozilla/5.0 (Macintosh; Intel Mac OS X 10_8_2) AppleWebKit/536.26.14 (KHTML, like Gecko) Version/6.0.1 Safari/536.26.14"
24.11.90.254 - - [25/Nov/2012:02:08:23 -0500] "GET / HTTP/1.1" 302 3254 "-" "Mozilla/5.0 (Macintosh; U; Intel Mac OS X 10_6_8; en-us) AppleWebKit/533.21.1 (KHTML, like Gecko) Version/5.0.5 Safari/533.21.1"
76.112.3.199 - - [25/Nov/2012:02:09:02 -0500] "GET / HTTP/1.1" 302 3984 "-" "Mozilla/5.0 (Macintosh; Intel Mac OS X 10_8_2) AppleWebKit/537.11 (KHTML, like Gecko) Chrome/23.0.1271.64 Safari/537.11"
76.112.3.199 - - [25/Nov/2012:02:09:16 -0500] "GET / HTTP/1.1" 302 756 "-" "Mozilla/5.0 (Macintosh; Intel Mac OS X 10_8_2) AppleWebKit/537.11 (KHTML, like Gecko) Chrome/23.0.1271.64 Safari/537.11"
76.112.3.199 - - [25/Nov/2012:02:09:16 -0500] "GET /cosign/valid?cosign-www.gradecraft.com=vZQAV8RxqyJA4trnAvMCROAzcqAmmRQjuwYR6biYdDsKkL61k5G-dY0N5XKlb6uZUo6UC-ndWJKv8Rly1eigYAi8vmmetpk+ZONa5PrRoimvAacQMUHQ+p+13XJf&https://www.gradecraft.com/ HTTP/1.1" 301 868 "-" "Mozilla/5.0 (Macintosh; Intel Mac OS X 10_8_2) AppleWebKit/537.11 (KHTML, like Gecko) Chrome/23.0.1271.64 Safari/537.11"
76.112.3.199 - nrinehar [25/Nov/2012:02:09:16 -0500] "GET / HTTP/1.1" 200 5124 "-" "Mozilla/5.0 (Macintosh; Intel Mac OS X 10_8_2) AppleWebKit/537.11 (KHTML, like Gecko) Chrome/23.0.1271.64 Safari/537.11"
76.112.3.199 - nrinehar [25/Nov/2012:02:09:20 -0500] "GET /users/predictor.json?user_id=72 HTTP/1.1" 304 869 "https://www.gradecraft.com/" "Mozilla/5.0 (Macintosh; Intel Mac OS X 10_8_2) AppleWebKit/537.11 (KHTML, like Gecko) Chrome/23.0.1271.64 Safari/537.11"
76.112.3.199 - nrinehar [25/Nov/2012:02:09:20 -0500] "GET /users/predictor.json?in_progress=true&user_id=72 HTTP/1.1" 304 4097 "https://www.gradecraft.com/" "Mozilla/5.0 (Macintosh; Intel Mac OS X 10_8_2) AppleWebKit/537.11 (KHTML, like Gecko) Chrome/23.0.1271.64 Safari/537.11"
76.112.3.199 - nrinehar [25/Nov/2012:02:09:20 -0500] "GET /badges/pos101/phoebe_badge.jpg HTTP/1.1" 404 4288 "https://www.gradecraft.com/" "Mozilla/5.0 (Macintosh; Intel Mac OS X 10_8_2) AppleWebKit/537.11 (KHTML, like Gecko) Chrome/23.0.1271.64 Safari/537.11"
76.112.3.199 - nrinehar [25/Nov/2012:02:10:15 -0500] "GET /users/predictor?user_id=72 HTTP/1.1" 200 5685 "https://www.gradecraft.com/" "Mozilla/5.0 (Macintosh; Intel Mac OS X 10_8_2) AppleWebKit/537.11 (KHTML, like Gecko) Chrome/23.0.1271.64 Safari/537.11"
76.112.3.199 - nrinehar [25/Nov/2012:02:10:22 -0500] "GET /badges/pos101/phoebe_badge.jpg HTTP/1.1" 404 1044 "https://www.gradecraft.com/users/predictor?user_id=72" "Mozilla/5.0 (Macintosh; Intel Mac OS X 10_8_2) AppleWebKit/537.11 (KHTML, like Gecko) Chrome/23.0.1271.64 Safari/537.11"
76.112.3.199 - nrinehar [25/Nov/2012:02:10:22 -0500] "GET /assets/images/bg_direction_nav.png HTTP/1.1" 200 2778 "https://www.gradecraft.com/users/predictor?user_id=72" "Mozilla/5.0 (Macintosh; Intel Mac OS X 10_8_2) AppleWebKit/537.11 (KHTML, like Gecko) Chrome/23.0.1271.64 Safari/537.11"
76.112.3.199 - nrinehar [25/Nov/2012:02:10:22 -0500] "GET /assets/jquery-ui/ui-bg_flat_75_ffffff_40x100-841636c8f8d33987bb8d2f31e8ef92ca.png HTTP/1.1" 200 538 "https://www.gradecraft.com/users/predictor?user_id=72" "Mozilla/5.0 (Macintosh; Intel Mac OS X 10_8_2) AppleWebKit/537.11 (KHTML, like Gecko) Chrome/23.0.1271.64 Safari/537.11"
76.112.3.199 - nrinehar [25/Nov/2012:02:10:22 -0500] "GET /assets/jquery-ui/ui-bg_glass_75_e6e6e6_1x400-3e20bce1b7b2f5dd47ca6ac361805162.png HTTP/1.1" 200 474 "https://www.gradecraft.com/users/predictor?user_id=72" "Mozilla/5.0 (Macintosh; Intel Mac OS X 10_8_2) AppleWebKit/537.11 (KHTML, like Gecko) Chrome/23.0.1271.64 Safari/537.11"
99.36.96.121 - - [25/Nov/2012:02:13:30 -0500] "GET / HTTP/1.1" 302 3254 "https://sites.google.com/a/umich.edu/polsci101f2012/" "Mozilla/5.0 (Macintosh; Intel Mac OS X 10_6_8) AppleWebKit/534.52.7 (KHTML, like Gecko) Version/5.1.2 Safari/534.52.7"
99.36.96.121 - - [25/Nov/2012:02:13:36 -0500] "GET /cosign/valid?cosign-www.gradecraft.com=GqRhppSoqYJCGDLA1yrtlTCuwaBuVEuHI9tDucKdEKYexABe-XhXnBxdBLzWluZ4Dm8r+DcYZHbFwU4137mWj0zJKKsbyCpKJgPf7+L7RvUy3ZPEWv363mXjuyPu&https://www.gradecraft.com/ HTTP/1.1" 301 868 "https://weblogin.umich.edu/?cosign-www.gradecraft.com&https://www.gradecraft.com/" "Mozilla/5.0 (Macintosh; Intel Mac OS X 10_6_8) AppleWebKit/534.52.7 (KHTML, like Gecko) Version/5.1.2 Safari/534.52.7"
99.36.96.121 - ehbakes [25/Nov/2012:02:13:37 -0500] "GET / HTTP/1.1" 200 5252 "https://weblogin.umich.edu/?cosign-www.gradecraft.com&https://www.gradecraft.com/" "Mozilla/5.0 (Macintosh; Intel Mac OS X 10_6_8) AppleWebKit/534.52.7 (KHTML, like Gecko) Version/5.1.2 Safari/534.52.7"
99.36.96.121 - ehbakes [25/Nov/2012:02:13:40 -0500] "GET /assets/application-647ca25372cb08a414ef6110cc332f61.js HTTP/1.1" 200 221293 "https://www.gradecraft.com/" "Mozilla/5.0 (Macintosh; Intel Mac OS X 10_6_8) AppleWebKit/534.52.7 (KHTML, like Gecko) Version/5.1.2 Safari/534.52.7"
99.36.96.121 - ehbakes [25/Nov/2012:02:13:41 -0500] "GET /badges/pos101/phoebe_badge.jpg HTTP/1.1" 404 1198 "https://www.gradecraft.com/" "Mozilla/5.0 (Macintosh; Intel Mac OS X 10_6_8) AppleWebKit/534.52.7 (KHTML, like Gecko) Version/5.1.2 Safari/534.52.7"
99.36.96.121 - ehbakes [25/Nov/2012:02:13:41 -0500] "GET /users/predictor.json?in_progress=true&user_id=186 HTTP/1.1" 200 1626 "https://www.gradecraft.com/" "Mozilla/5.0 (Macintosh; Intel Mac OS X 10_6_8) AppleWebKit/534.52.7 (KHTML, like Gecko) Version/5.1.2 Safari/534.52.7"
99.36.96.121 - ehbakes [25/Nov/2012:02:13:41 -0500] "GET /users/predictor.json?user_id=186 HTTP/1.1" 200 1764 "https://www.gradecraft.com/" "Mozilla/5.0 (Macintosh; Intel Mac OS X 10_6_8) AppleWebKit/534.52.7 (KHTML, like Gecko) Version/5.1.2 Safari/534.52.7"
76.112.3.199 - nrinehar [25/Nov/2012:02:14:14 -0500] "GET /assets/jquery-ui/ui-bg_glass_65_ffffff_1x400-a30aa544902182c133dbb46ac40a08d2.png HTTP/1.1" 200 3491 "https://www.gradecraft.com/users/predictor?user_id=72" "Mozilla/5.0 (Macintosh; Intel Mac OS X 10_8_2) AppleWebKit/537.11 (KHTML, like Gecko) Chrome/23.0.1271.64 Safari/537.11"
76.112.3.199 - nrinehar [25/Nov/2012:02:14:18 -0500] "GET /assets/jquery-ui/ui-bg_glass_75_dadada_1x400-38ed9f33e066d6bee977c567d4b03650.png HTTP/1.1" 200 474 "https://www.gradecraft.com/users/predictor?user_id=72" "Mozilla/5.0 (Macintosh; Intel Mac OS X 10_8_2) AppleWebKit/537.11 (KHTML, like Gecko) Chrome/23.0.1271.64 Safari/537.11"
99.36.96.121 - ehbakes [25/Nov/2012:02:14:20 -0500] "GET /assignments/111/assignment_submissions/new?submittable_id=8&submittable_type=Team HTTP/1.1" 200 2942 "https://www.gradecraft.com/" "Mozilla/5.0 (Macintosh; Intel Mac OS X 10_6_8) AppleWebKit/534.52.7 (KHTML, like Gecko) Version/5.1.2 Safari/534.52.7"
99.36.96.121 - ehbakes [25/Nov/2012:02:14:21 -0500] "GET /assets/bootstrap-wysihtml5/wysiwyg-color.css HTTP/1.1" 404 1044 "-" "Mozilla/5.0 (Macintosh; Intel Mac OS X 10_6_8) AppleWebKit/534.52.7 (KHTML, like Gecko) Version/5.1.2 Safari/534.52.7"
76.112.3.199 - nrinehar [25/Nov/2012:02:15:15 -0500] "GET / HTTP/1.1" 304 4145 "-" "Mozilla/5.0 (Macintosh; Intel Mac OS X 10_8_2) AppleWebKit/537.11 (KHTML, like Gecko) Chrome/23.0.1271.64 Safari/537.11"
76.112.3.199 - nrinehar [25/Nov/2012:02:15:18 -0500] "GET /badges/pos101/phoebe_badge.jpg HTTP/1.1" 404 4288 "https://www.gradecraft.com/" "Mozilla/5.0 (Macintosh; Intel Mac OS X 10_8_2) AppleWebKit/537.11 (KHTML, like Gecko) Chrome/23.0.1271.64 Safari/537.11"
76.112.3.199 - nrinehar [25/Nov/2012:02:15:18 -0500] "GET /users/predictor.json?user_id=72 HTTP/1.1" 304 4097 "https://www.gradecraft.com/" "Mozilla/5.0 (Macintosh; Intel Mac OS X 10_8_2) AppleWebKit/537.11 (KHTML, like Gecko) Chrome/23.0.1271.64 Safari/537.11"
76.112.3.199 - nrinehar [25/Nov/2012:02:15:18 -0500] "GET /users/predictor.json?in_progress=true&user_id=72 HTTP/1.1" 304 869 "https://www.gradecraft.com/" "Mozilla/5.0 (Macintosh; Intel Mac OS X 10_8_2) AppleWebKit/537.11 (KHTML, like Gecko) Chrome/23.0.1271.64 Safari/537.11"
99.36.96.121 - ehbakes [25/Nov/2012:02:15:25 -0500] "POST /assignments/111/assignment_submissions HTTP/1.1" 302 1774 "https://www.gradecraft.com/assignments/111/assignment_submissions/new?submittable_id=8&submittable_type=Team" "Mozilla/5.0 (Macintosh; Intel Mac OS X 10_6_8) AppleWebKit/534.52.7 (KHTML, like Gecko) Version/5.1.2 Safari/534.52.7"
99.36.96.121 - ehbakes [25/Nov/2012:02:15:25 -0500] "GET /dashboard HTTP/1.1" 200 5508 "https://www.gradecraft.com/assignments/111/assignment_submissions/new?submittable_id=8&submittable_type=Team" "Mozilla/5.0 (Macintosh; Intel Mac OS X 10_6_8) AppleWebKit/534.52.7 (KHTML, like Gecko) Version/5.1.2 Safari/534.52.7"
99.36.96.121 - ehbakes [25/Nov/2012:02:15:29 -0500] "GET /badges/pos101/phoebe_badge.jpg HTTP/1.1" 404 1198 "https://www.gradecraft.com/dashboard" "Mozilla/5.0 (Macintosh; Intel Mac OS X 10_6_8) AppleWebKit/534.52.7 (KHTML, like Gecko) Version/5.1.2 Safari/534.52.7"
99.36.96.121 - ehbakes [25/Nov/2012:02:15:28 -0500] "GET /users/predictor.json?in_progress=true&user_id=186 HTTP/1.1" 304 869 "https://www.gradecraft.com/dashboard" "Mozilla/5.0 (Macintosh; Intel Mac OS X 10_6_8) AppleWebKit/534.52.7 (KHTML, like Gecko) Version/5.1.2 Safari/534.52.7"
99.36.96.121 - ehbakes [25/Nov/2012:02:15:29 -0500] "GET /users/predictor.json?user_id=186 HTTP/1.1" 304 1007 "https://www.gradecraft.com/dashboard" "Mozilla/5.0 (Macintosh; Intel Mac OS X 10_6_8) AppleWebKit/534.52.7 (KHTML, like Gecko) Version/5.1.2 Safari/534.52.7"
