108.204.30.115 - gamza [17/Nov/2012:17:31:30 -0500] "POST /assignments/115/groups/52 HTTP/1.1" 302 1668 "https://www.gradecraft.com/assignments/115/groups/52/edit" "Mozilla/5.0 (Macintosh; Intel Mac OS X 10_8_2) AppleWebKit/537.11 (KHTML, like Gecko) Chrome/23.0.1271.64 Safari/537.11"
108.204.30.115 - gamza [17/Nov/2012:17:31:30 -0500] "GET /assignments/115/groups/52 HTTP/1.1" 200 2948 "https://www.gradecraft.com/assignments/115/groups/52/edit" "Mozilla/5.0 (Macintosh; Intel Mac OS X 10_8_2) AppleWebKit/537.11 (KHTML, like Gecko) Chrome/23.0.1271.64 Safari/537.11"
108.204.30.115 - gamza [17/Nov/2012:17:31:32 -0500] "GET /assignments HTTP/1.1" 304 917 "https://www.gradecraft.com/assignments/115/groups/52" "Mozilla/5.0 (Macintosh; Intel Mac OS X 10_8_2) AppleWebKit/537.11 (KHTML, like Gecko) Chrome/23.0.1271.64 Safari/537.11"
108.204.30.115 - gamza [17/Nov/2012:17:31:38 -0500] "GET /assignments/115 HTTP/1.1" 200 5700 "https://www.gradecraft.com/assignments" "Mozilla/5.0 (Macintosh; Intel Mac OS X 10_8_2) AppleWebKit/537.11 (KHTML, like Gecko) Chrome/23.0.1271.64 Safari/537.11"
99.9.114.85 - - [17/Nov/2012:17:31:39 -0500] "GET /cosign/valid?cosign-www.gradecraft.com=iP6255Q5GdrOyl0nPyomEx9IzSFfgVnFssJ7XESsQGNC0feUs4G9qsfqtDkz7yp8FQiUGjGeTAxZnSO6XsxQmEHsXn-GBIkjs0I-JghWNZEwnn-4Hc710G88rFtz&https://www.gradecraft.com/dashboard HTTP/1.1" 301 900 "https://weblogin.umich.edu/?cosign-www.gradecraft.com&https://www.gradecraft.com/dashboard" "Mozilla/5.0 (Macintosh; Intel Mac OS X 10.7; rv:16.0) Gecko/20100101 Firefox/16.0"
99.9.114.85 - mmanty [17/Nov/2012:17:31:39 -0500] "GET /dashboard HTTP/1.1" 200 3828 "https://weblogin.umich.edu/?cosign-www.gradecraft.com&https://www.gradecraft.com/dashboard" "Mozilla/5.0 (Macintosh; Intel Mac OS X 10.7; rv:16.0) Gecko/20100101 Firefox/16.0"
99.9.114.85 - mmanty [17/Nov/2012:17:31:43 -0500] "GET /assets/application-647ca25372cb08a414ef6110cc332f61.js HTTP/1.1" 304 245 "https://www.gradecraft.com/dashboard" "Mozilla/5.0 (Macintosh; Intel Mac OS X 10.7; rv:16.0) Gecko/20100101 Firefox/16.0"
108.204.30.115 - gamza [17/Nov/2012:17:31:47 -0500] "GET /assignments HTTP/1.1" 304 917 "https://www.gradecraft.com/assignments/115" "Mozilla/5.0 (Macintosh; Intel Mac OS X 10_8_2) AppleWebKit/537.11 (KHTML, like Gecko) Chrome/23.0.1271.64 Safari/537.11"
108.204.30.115 - gamza [17/Nov/2012:17:31:53 -0500] "GET /assignments/116 HTTP/1.1" 304 917 "https://www.gradecraft.com/assignments" "Mozilla/5.0 (Macintosh; Intel Mac OS X 10_8_2) AppleWebKit/537.11 (KHTML, like Gecko) Chrome/23.0.1271.64 Safari/537.11"
108.204.30.115 - gamza [17/Nov/2012:17:31:58 -0500] "GET /assignments/116/groups/new HTTP/1.1" 200 8884 "https://www.gradecraft.com/assignments/116" "Mozilla/5.0 (Macintosh; Intel Mac OS X 10_8_2) AppleWebKit/537.11 (KHTML, like Gecko) Chrome/23.0.1271.64 Safari/537.11"
108.204.30.115 - gamza [17/Nov/2012:17:31:59 -0500] "GET /assets/bootstrap-wysihtml5/wysiwyg-color.css HTTP/1.1" 404 1044 "-" "Mozilla/5.0 (Macintosh; Intel Mac OS X 10_8_2) AppleWebKit/537.11 (KHTML, like Gecko) Chrome/23.0.1271.64 Safari/537.11"
108.204.30.115 - gamza [17/Nov/2012:17:32:20 -0500] "GET /assignments/115/groups/46 HTTP/1.1" 200 2805 "https://www.gradecraft.com/assignments/115" "Mozilla/5.0 (Macintosh; Intel Mac OS X 10_8_2) AppleWebKit/537.11 (KHTML, like Gecko) Chrome/23.0.1271.64 Safari/537.11"
108.204.30.115 - gamza [17/Nov/2012:17:32:22 -0500] "GET /assignments/115/groups/46/edit HTTP/1.1" 200 8964 "https://www.gradecraft.com/assignments/115/groups/46" "Mozilla/5.0 (Macintosh; Intel Mac OS X 10_8_2) AppleWebKit/537.11 (KHTML, like Gecko) Chrome/23.0.1271.64 Safari/537.11"
108.204.30.115 - gamza [17/Nov/2012:17:32:23 -0500] "GET /assets/bootstrap-wysihtml5/wysiwyg-color.css HTTP/1.1" 404 1044 "-" "Mozilla/5.0 (Macintosh; Intel Mac OS X 10_8_2) AppleWebKit/537.11 (KHTML, like Gecko) Chrome/23.0.1271.64 Safari/537.11"
108.204.30.115 - gamza [17/Nov/2012:17:32:30 -0500] "POST /assignments/115/groups/46 HTTP/1.1" 302 1668 "https://www.gradecraft.com/assignments/115/groups/46/edit" "Mozilla/5.0 (Macintosh; Intel Mac OS X 10_8_2) AppleWebKit/537.11 (KHTML, like Gecko) Chrome/23.0.1271.64 Safari/537.11"
108.204.30.115 - gamza [17/Nov/2012:17:32:30 -0500] "GET /assignments/115/groups/46 HTTP/1.1" 200 2884 "https://www.gradecraft.com/assignments/115/groups/46/edit" "Mozilla/5.0 (Macintosh; Intel Mac OS X 10_8_2) AppleWebKit/537.11 (KHTML, like Gecko) Chrome/23.0.1271.64 Safari/537.11"
99.9.114.85 - mmanty [17/Nov/2012:17:32:32 -0500] "GET /users/282 HTTP/1.1" 200 6053 "https://www.gradecraft.com/dashboard" "Mozilla/5.0 (Macintosh; Intel Mac OS X 10.7; rv:16.0) Gecko/20100101 Firefox/16.0"
99.9.114.85 - mmanty [17/Nov/2012:17:32:34 -0500] "GET /badges/pos101/phoebe_badge.jpg HTTP/1.1" 404 1044 "https://www.gradecraft.com/users/282" "Mozilla/5.0 (Macintosh; Intel Mac OS X 10.7; rv:16.0) Gecko/20100101 Firefox/16.0"
99.9.114.85 - mmanty [17/Nov/2012:17:32:34 -0500] "GET /users/predictor.json?user_id=282 HTTP/1.1" 200 1771 "https://www.gradecraft.com/users/282" "Mozilla/5.0 (Macintosh; Intel Mac OS X 10.7; rv:16.0) Gecko/20100101 Firefox/16.0"
99.9.114.85 - mmanty [17/Nov/2012:17:32:34 -0500] "GET /users/predictor.json?in_progress=true&user_id=282 HTTP/1.1" 200 1626 "https://www.gradecraft.com/users/282" "Mozilla/5.0 (Macintosh; Intel Mac OS X 10.7; rv:16.0) Gecko/20100101 Firefox/16.0"
99.9.114.85 - mmanty [17/Nov/2012:17:32:37 -0500] "GET /users/predictor?user_id=282 HTTP/1.1" 200 5588 "https://www.gradecraft.com/users/282" "Mozilla/5.0 (Macintosh; Intel Mac OS X 10.7; rv:16.0) Gecko/20100101 Firefox/16.0"
99.9.114.85 - mmanty [17/Nov/2012:17:32:39 -0500] "GET /badges/pos101/phoebe_badge.jpg HTTP/1.1" 404 1044 "https://www.gradecraft.com/users/predictor?user_id=282" "Mozilla/5.0 (Macintosh; Intel Mac OS X 10.7; rv:16.0) Gecko/20100101 Firefox/16.0"
99.9.114.85 - mmanty [17/Nov/2012:17:32:40 -0500] "GET /badges/pos101/phoebe_badge.jpg HTTP/1.1" 404 1044 "https://www.gradecraft.com/users/predictor?user_id=282" "Mozilla/5.0 (Macintosh; Intel Mac OS X 10.7; rv:16.0) Gecko/20100101 Firefox/16.0"
108.204.30.115 - gamza [17/Nov/2012:17:32:40 -0500] "GET /assignments/115 HTTP/1.1" 200 5700 "https://www.gradecraft.com/assignments" "Mozilla/5.0 (Macintosh; Intel Mac OS X 10_8_2) AppleWebKit/537.11 (KHTML, like Gecko) Chrome/23.0.1271.64 Safari/537.11"
108.204.30.115 - gamza [17/Nov/2012:17:32:41 -0500] "GET /assets/application-eead062cf4bfb3cb3081a4c5cf6e0538.css HTTP/1.1" 304 245 "https://www.gradecraft.com/assignments/115" "Mozilla/5.0 (Macintosh; Intel Mac OS X 10_8_2) AppleWebKit/537.11 (KHTML, like Gecko) Chrome/23.0.1271.64 Safari/537.11"
108.204.30.115 - gamza [17/Nov/2012:17:32:41 -0500] "GET /assets/application-647ca25372cb08a414ef6110cc332f61.js HTTP/1.1" 304 390 "https://www.gradecraft.com/assignments/115" "Mozilla/5.0 (Macintosh; Intel Mac OS X 10_8_2) AppleWebKit/537.11 (KHTML, like Gecko) Chrome/23.0.1271.64 Safari/537.11"
108.204.30.115 - gamza [17/Nov/2012:17:32:50 -0500] "GET /assignments/115/groups/47 HTTP/1.1" 200 2789 "https://www.gradecraft.com/assignments/115" "Mozilla/5.0 (Macintosh; Intel Mac OS X 10_8_2) AppleWebKit/537.11 (KHTML, like Gecko) Chrome/23.0.1271.64 Safari/537.11"
108.204.30.115 - gamza [17/Nov/2012:17:32:53 -0500] "GET /assignments/115/groups/47/edit HTTP/1.1" 200 8980 "https://www.gradecraft.com/assignments/115/groups/47" "Mozilla/5.0 (Macintosh; Intel Mac OS X 10_8_2) AppleWebKit/537.11 (KHTML, like Gecko) Chrome/23.0.1271.64 Safari/537.11"
108.204.30.115 - gamza [17/Nov/2012:17:32:53 -0500] "GET /assets/bootstrap-wysihtml5/wysiwyg-color.css HTTP/1.1" 404 1044 "-" "Mozilla/5.0 (Macintosh; Intel Mac OS X 10_8_2) AppleWebKit/537.11 (KHTML, like Gecko) Chrome/23.0.1271.64 Safari/537.11"
99.9.114.85 - mmanty [17/Nov/2012:17:32:52 -0500] "GET /users/predictor?user_id=282 HTTP/1.1" 304 933 "https://www.gradecraft.com/users/282" "Mozilla/5.0 (Macintosh; Intel Mac OS X 10.7; rv:16.0) Gecko/20100101 Firefox/16.0"
99.9.114.85 - mmanty [17/Nov/2012:17:32:54 -0500] "GET /badges/pos101/phoebe_badge.jpg HTTP/1.1" 404 1044 "https://www.gradecraft.com/users/predictor?user_id=282" "Mozilla/5.0 (Macintosh; Intel Mac OS X 10.7; rv:16.0) Gecko/20100101 Firefox/16.0"
99.9.114.85 - mmanty [17/Nov/2012:17:32:55 -0500] "GET /badges/pos101/phoebe_badge.jpg HTTP/1.1" 404 1044 "https://www.gradecraft.com/users/predictor?user_id=282" "Mozilla/5.0 (Macintosh; Intel Mac OS X 10.7; rv:16.0) Gecko/20100101 Firefox/16.0"
67.194.43.7 - - [17/Nov/2012:17:32:59 -0500] "GET / HTTP/1.1" 302 3984 "-" "Mozilla/5.0 (Windows NT 6.1; WOW64) AppleWebKit/537.11 (KHTML, like Gecko) Chrome/23.0.1271.64 Safari/537.11"
67.194.43.7 - - [17/Nov/2012:17:33:00 -0500] "GET /cosign/valid?cosign-www.gradecraft.com=WJGmo0MReZYgv2iT5bjAB229ZXsO0Kg5YLDHwxaBSakjeoKVxogrOMRRZFulm32tBNpDGl02jbFi+RZJ5GQmNFrtmarTJkgQy6WrbXfKyOCCXT+Ju3qiIIIQ5Lwr&https://www.gradecraft.com/ HTTP/1.1" 301 868 "-" "Mozilla/5.0 (Windows NT 6.1; WOW64) AppleWebKit/537.11 (KHTML, like Gecko) Chrome/23.0.1271.64 Safari/537.11"
108.204.30.115 - gamza [17/Nov/2012:17:33:01 -0500] "POST /assignments/115/groups/47 HTTP/1.1" 302 1652 "https://www.gradecraft.com/assignments/115/groups/47/edit" "Mozilla/5.0 (Macintosh; Intel Mac OS X 10_8_2) AppleWebKit/537.11 (KHTML, like Gecko) Chrome/23.0.1271.64 Safari/537.11"
108.204.30.115 - gamza [17/Nov/2012:17:33:01 -0500] "GET /assignments/115/groups/47 HTTP/1.1" 200 2900 "https://www.gradecraft.com/assignments/115/groups/47/edit" "Mozilla/5.0 (Macintosh; Intel Mac OS X 10_8_2) AppleWebKit/537.11 (KHTML, like Gecko) Chrome/23.0.1271.64 Safari/537.11"
67.194.43.7 - bethomp [17/Nov/2012:17:33:00 -0500] "GET / HTTP/1.1" 200 5252 "-" "Mozilla/5.0 (Windows NT 6.1; WOW64) AppleWebKit/537.11 (KHTML, like Gecko) Chrome/23.0.1271.64 Safari/537.11"
67.194.43.7 - bethomp [17/Nov/2012:17:33:02 -0500] "GET /assets/application-eead062cf4bfb3cb3081a4c5cf6e0538.css HTTP/1.1" 200 49197 "https://www.gradecraft.com/" "Mozilla/5.0 (Windows NT 6.1; WOW64) AppleWebKit/537.11 (KHTML, like Gecko) Chrome/23.0.1271.64 Safari/537.11"
67.194.43.7 - bethomp [17/Nov/2012:17:33:02 -0500] "GET /assets/application-647ca25372cb08a414ef6110cc332f61.js HTTP/1.1" 200 224521 "https://www.gradecraft.com/" "Mozilla/5.0 (Windows NT 6.1; WOW64) AppleWebKit/537.11 (KHTML, like Gecko) Chrome/23.0.1271.64 Safari/537.11"
67.194.43.7 - bethomp [17/Nov/2012:17:33:05 -0500] "GET /badges/pos101/always_learning.png HTTP/1.1" 200 6294 "https://www.gradecraft.com/" "Mozilla/5.0 (Windows NT 6.1; WOW64) AppleWebKit/537.11 (KHTML, like Gecko) Chrome/23.0.1271.64 Safari/537.11"
67.194.43.7 - bethomp [17/Nov/2012:17:33:05 -0500] "GET /badges/pos101/above_and_beyond.png HTTP/1.1" 200 6379 "https://www.gradecraft.com/" "Mozilla/5.0 (Windows NT 6.1; WOW64) AppleWebKit/537.11 (KHTML, like Gecko) Chrome/23.0.1271.64 Safari/537.11"
67.194.43.7 - bethomp [17/Nov/2012:17:33:05 -0500] "GET /badges/pos101/awesome_aggregator.png HTTP/1.1" 200 5803 "https://www.gradecraft.com/" "Mozilla/5.0 (Windows NT 6.1; WOW64) AppleWebKit/537.11 (KHTML, like Gecko) Chrome/23.0.1271.64 Safari/537.11"
67.194.43.7 - bethomp [17/Nov/2012:17:33:05 -0500] "GET /badges/pos101/great_critic.png HTTP/1.1" 200 5451 "https://www.gradecraft.com/" "Mozilla/5.0 (Windows NT 6.1; WOW64) AppleWebKit/537.11 (KHTML, like Gecko) Chrome/23.0.1271.64 Safari/537.11"
67.194.43.7 - bethomp [17/Nov/2012:17:33:05 -0500] "GET /badges/pos101/presentation_of_self.png HTTP/1.1" 200 5498 "https://www.gradecraft.com/" "Mozilla/5.0 (Windows NT 6.1; WOW64) AppleWebKit/537.11 (KHTML, like Gecko) Chrome/23.0.1271.64 Safari/537.11"
67.194.43.7 - bethomp [17/Nov/2012:17:33:05 -0500] "GET /badges/pos101/teachers_pet.png HTTP/1.1" 200 3194 "https://www.gradecraft.com/" "Mozilla/5.0 (Windows NT 6.1; WOW64) AppleWebKit/537.11 (KHTML, like Gecko) Chrome/23.0.1271.64 Safari/537.11"
67.194.43.7 - bethomp [17/Nov/2012:17:33:05 -0500] "GET /badges/pos101/courageous_failure.png HTTP/1.1" 200 8410 "https://www.gradecraft.com/" "Mozilla/5.0 (Windows NT 6.1; WOW64) AppleWebKit/537.11 (KHTML, like Gecko) Chrome/23.0.1271.64 Safari/537.11"
67.194.43.7 - bethomp [17/Nov/2012:17:33:05 -0500] "GET /badges/pos101/concentrator.png HTTP/1.1" 200 3594 "https://www.gradecraft.com/" "Mozilla/5.0 (Windows NT 6.1; WOW64) AppleWebKit/537.11 (KHTML, like Gecko) Chrome/23.0.1271.64 Safari/537.11"
67.194.43.7 - bethomp [17/Nov/2012:17:33:05 -0500] "GET /badges/pos101/early_bird_special.png HTTP/1.1" 200 4602 "https://www.gradecraft.com/" "Mozilla/5.0 (Windows NT 6.1; WOW64) AppleWebKit/537.11 (KHTML, like Gecko) Chrome/23.0.1271.64 Safari/537.11"
67.194.43.7 - bethomp [17/Nov/2012:17:33:05 -0500] "GET /badges/pos101/examination_expert.png HTTP/1.1" 200 4042 "https://www.gradecraft.com/" "Mozilla/5.0 (Windows NT 6.1; WOW64) AppleWebKit/537.11 (KHTML, like Gecko) Chrome/23.0.1271.64 Safari/537.11"
67.194.43.7 - bethomp [17/Nov/2012:17:33:04 -0500] "GET /users/predictor.json?in_progress=true&user_id=337 HTTP/1.1" 200 1626 "https://www.gradecraft.com/" "Mozilla/5.0 (Windows NT 6.1; WOW64) AppleWebKit/537.11 (KHTML, like Gecko) Chrome/23.0.1271.64 Safari/537.11"
67.194.43.7 - bethomp [17/Nov/2012:17:33:05 -0500] "GET /badges/pos101/gamer.png HTTP/1.1" 200 4378 "https://www.gradecraft.com/" "Mozilla/5.0 (Windows NT 6.1; WOW64) AppleWebKit/537.11 (KHTML, like Gecko) Chrome/23.0.1271.64 Safari/537.11"
67.194.43.7 - bethomp [17/Nov/2012:17:33:05 -0500] "GET /badges/pos101/gaining_experience.png HTTP/1.1" 200 8458 "https://www.gradecraft.com/" "Mozilla/5.0 (Windows NT 6.1; WOW64) AppleWebKit/537.11 (KHTML, like Gecko) Chrome/23.0.1271.64 Safari/537.11"
67.194.43.7 - bethomp [17/Nov/2012:17:33:05 -0500] "GET /badges/pos101/learning_from_mistakes.png HTTP/1.1" 200 8362 "https://www.gradecraft.com/" "Mozilla/5.0 (Windows NT 6.1; WOW64) AppleWebKit/537.11 (KHTML, like Gecko) Chrome/23.0.1271.64 Safari/537.11"
67.194.43.7 - bethomp [17/Nov/2012:17:33:05 -0500] "GET /badges/pos101/level_one.png HTTP/1.1" 200 4458 "https://www.gradecraft.com/" "Mozilla/5.0 (Windows NT 6.1; WOW64) AppleWebKit/537.11 (KHTML, like Gecko) Chrome/23.0.1271.64 Safari/537.11"
67.194.43.7 - bethomp [17/Nov/2012:17:33:05 -0500] "GET /badges/pos101/personal.png HTTP/1.1" 200 4474 "https://www.gradecraft.com/" "Mozilla/5.0 (Windows NT 6.1; WOW64) AppleWebKit/537.11 (KHTML, like Gecko) Chrome/23.0.1271.64 Safari/537.11"
67.194.43.7 - bethomp [17/Nov/2012:17:33:04 -0500] "GET /users/predictor.json?user_id=337 HTTP/1.1" 200 1626 "https://www.gradecraft.com/" "Mozilla/5.0 (Windows NT 6.1; WOW64) AppleWebKit/537.11 (KHTML, like Gecko) Chrome/23.0.1271.64 Safari/537.11"
67.194.43.7 - bethomp [17/Nov/2012:17:33:05 -0500] "GET /badges/pos101/participatory_democrat.png HTTP/1.1" 200 5354 "https://www.gradecraft.com/" "Mozilla/5.0 (Windows NT 6.1; WOW64) AppleWebKit/537.11 (KHTML, like Gecko) Chrome/23.0.1271.64 Safari/537.11"
67.194.43.7 - bethomp [17/Nov/2012:17:33:05 -0500] "GET /badges/pos101/practice_makes_perfect.png HTTP/1.1" 200 6010 "https://www.gradecraft.com/" "Mozilla/5.0 (Windows NT 6.1; WOW64) AppleWebKit/537.11 (KHTML, like Gecko) Chrome/23.0.1271.64 Safari/537.11"
67.194.43.7 - bethomp [17/Nov/2012:17:33:05 -0500] "GET /badges/pos101/public_speaker.png HTTP/1.1" 200 5482 "https://www.gradecraft.com/" "Mozilla/5.0 (Windows NT 6.1; WOW64) AppleWebKit/537.11 (KHTML, like Gecko) Chrome/23.0.1271.64 Safari/537.11"
67.194.43.7 - bethomp [17/Nov/2012:17:33:05 -0500] "GET /badges/pos101/scribe.png HTTP/1.1" 200 3002 "https://www.gradecraft.com/" "Mozilla/5.0 (Windows NT 6.1; WOW64) AppleWebKit/537.11 (KHTML, like Gecko) Chrome/23.0.1271.64 Safari/537.11"
67.194.43.7 - bethomp [17/Nov/2012:17:33:05 -0500] "GET /badges/pos101/times_immemorial.png HTTP/1.1" 200 5722 "https://www.gradecraft.com/" "Mozilla/5.0 (Windows NT 6.1; WOW64) AppleWebKit/537.11 (KHTML, like Gecko) Chrome/23.0.1271.64 Safari/537.11"
67.194.43.7 - bethomp [17/Nov/2012:17:33:05 -0500] "GET /badges/pos101/phoebe_badge.jpg HTTP/1.1" 404 1044 "https://www.gradecraft.com/" "Mozilla/5.0 (Windows NT 6.1; WOW64) AppleWebKit/537.11 (KHTML, like Gecko) Chrome/23.0.1271.64 Safari/537.11"
108.204.30.115 - gamza [17/Nov/2012:17:33:08 -0500] "GET /assignments/115/groups/48 HTTP/1.1" 200 2660 "https://www.gradecraft.com/assignments/115" "Mozilla/5.0 (Macintosh; Intel Mac OS X 10_8_2) AppleWebKit/537.11 (KHTML, like Gecko) Chrome/23.0.1271.64 Safari/537.11"
108.204.30.115 - gamza [17/Nov/2012:17:33:10 -0500] "GET /assignments/115/groups/48/edit HTTP/1.1" 200 8964 "https://www.gradecraft.com/assignments/115/groups/48" "Mozilla/5.0 (Macintosh; Intel Mac OS X 10_8_2) AppleWebKit/537.11 (KHTML, like Gecko) Chrome/23.0.1271.64 Safari/537.11"
108.204.30.115 - gamza [17/Nov/2012:17:33:11 -0500] "GET /assets/bootstrap-wysihtml5/wysiwyg-color.css HTTP/1.1" 404 1044 "-" "Mozilla/5.0 (Macintosh; Intel Mac OS X 10_8_2) AppleWebKit/537.11 (KHTML, like Gecko) Chrome/23.0.1271.64 Safari/537.11"
108.204.30.115 - gamza [17/Nov/2012:17:33:16 -0500] "POST /assignments/115/groups/48 HTTP/1.1" 302 1668 "https://www.gradecraft.com/assignments/115/groups/48/edit" "Mozilla/5.0 (Macintosh; Intel Mac OS X 10_8_2) AppleWebKit/537.11 (KHTML, like Gecko) Chrome/23.0.1271.64 Safari/537.11"
108.204.30.115 - gamza [17/Nov/2012:17:33:17 -0500] "GET /assignments/115/groups/48 HTTP/1.1" 200 2900 "https://www.gradecraft.com/assignments/115/groups/48/edit" "Mozilla/5.0 (Macintosh; Intel Mac OS X 10_8_2) AppleWebKit/537.11 (KHTML, like Gecko) Chrome/23.0.1271.64 Safari/537.11"
108.204.30.115 - gamza [17/Nov/2012:17:33:22 -0500] "GET /assignments/115/groups/49 HTTP/1.1" 200 2676 "https://www.gradecraft.com/assignments/115" "Mozilla/5.0 (Macintosh; Intel Mac OS X 10_8_2) AppleWebKit/537.11 (KHTML, like Gecko) Chrome/23.0.1271.64 Safari/537.11"
108.204.30.115 - gamza [17/Nov/2012:17:33:24 -0500] "GET /assignments/115/groups/49/edit HTTP/1.1" 200 8980 "https://www.gradecraft.com/assignments/115/groups/49" "Mozilla/5.0 (Macintosh; Intel Mac OS X 10_8_2) AppleWebKit/537.11 (KHTML, like Gecko) Chrome/23.0.1271.64 Safari/537.11"
108.204.30.115 - gamza [17/Nov/2012:17:33:25 -0500] "GET /assets/bootstrap-wysihtml5/wysiwyg-color.css HTTP/1.1" 404 1044 "-" "Mozilla/5.0 (Macintosh; Intel Mac OS X 10_8_2) AppleWebKit/537.11 (KHTML, like Gecko) Chrome/23.0.1271.64 Safari/537.11"
67.194.122.142 - - [17/Nov/2012:17:33:28 -0500] "GET / HTTP/1.1" 302 3984 "https://sites.google.com/a/umich.edu/polsci101f2012/" "Mozilla/5.0 (Windows NT 6.1; WOW64; rv:16.0) Gecko/20100101 Firefox/16.0"
67.194.122.142 - - [17/Nov/2012:17:33:28 -0500] "GET /cosign/valid?cosign-www.gradecraft.com=n2UtwqEBzUDUp+sSW5CHoBAAp6tJqotDIu4sEHPcM48q0U4wSU+XIrzBQ+hE5CoG8bOx0PHL5-4ZOnewMYqwybPFIWwBiOy7mDKY9B92CgCAMjmsrQ+juHxGzEiu&https://www.gradecraft.com/ HTTP/1.1" 301 868 "https://sites.google.com/a/umich.edu/polsci101f2012/" "Mozilla/5.0 (Windows NT 6.1; WOW64; rv:16.0) Gecko/20100101 Firefox/16.0"
67.194.122.142 - agazula [17/Nov/2012:17:33:28 -0500] "GET / HTTP/1.1" 302 1348 "https://sites.google.com/a/umich.edu/polsci101f2012/" "Mozilla/5.0 (Windows NT 6.1; WOW64; rv:16.0) Gecko/20100101 Firefox/16.0"
67.194.122.142 - agazula [17/Nov/2012:17:33:28 -0500] "GET /dashboard HTTP/1.1" 200 5220 "https://sites.google.com/a/umich.edu/polsci101f2012/" "Mozilla/5.0 (Windows NT 6.1; WOW64; rv:16.0) Gecko/20100101 Firefox/16.0"
67.194.122.142 - agazula [17/Nov/2012:17:33:30 -0500] "GET /assets/application-eead062cf4bfb3cb3081a4c5cf6e0538.css HTTP/1.1" 200 49197 "https://www.gradecraft.com/dashboard" "Mozilla/5.0 (Windows NT 6.1; WOW64; rv:16.0) Gecko/20100101 Firefox/16.0"
67.194.122.142 - agazula [17/Nov/2012:17:33:30 -0500] "GET /badges/pos101/phoebe_badge.jpg HTTP/1.1" 404 1205 "https://www.gradecraft.com/dashboard" "Mozilla/5.0 (Windows NT 6.1; WOW64; rv:16.0) Gecko/20100101 Firefox/16.0"
67.194.122.142 - agazula [17/Nov/2012:17:33:30 -0500] "GET /assets/application-647ca25372cb08a414ef6110cc332f61.js HTTP/1.1" 200 221438 "https://www.gradecraft.com/dashboard" "Mozilla/5.0 (Windows NT 6.1; WOW64; rv:16.0) Gecko/20100101 Firefox/16.0"
67.194.122.142 - agazula [17/Nov/2012:17:33:31 -0500] "GET /badges/pos101/phoebe_badge.jpg HTTP/1.1" 404 1044 "https://www.gradecraft.com/dashboard" "Mozilla/5.0 (Windows NT 6.1; WOW64; rv:16.0) Gecko/20100101 Firefox/16.0"
67.194.122.142 - agazula [17/Nov/2012:17:33:31 -0500] "GET /favicon.ico HTTP/1.1" 304 229 "-" "Mozilla/5.0 (Windows NT 6.1; WOW64; rv:16.0) Gecko/20100101 Firefox/16.0"
67.194.122.142 - agazula [17/Nov/2012:17:33:31 -0500] "GET /users/predictor.json?user_id=148 HTTP/1.1" 304 869 "https://www.gradecraft.com/dashboard" "Mozilla/5.0 (Windows NT 6.1; WOW64; rv:16.0) Gecko/20100101 Firefox/16.0"
67.194.122.142 - agazula [17/Nov/2012:17:33:31 -0500] "GET /users/predictor.json?in_progress=true&user_id=148 HTTP/1.1" 304 869 "https://www.gradecraft.com/dashboard" "Mozilla/5.0 (Windows NT 6.1; WOW64; rv:16.0) Gecko/20100101 Firefox/16.0"
108.204.30.115 - gamza [17/Nov/2012:17:33:32 -0500] "POST /assignments/115/groups/49 HTTP/1.1" 302 1668 "https://www.gradecraft.com/assignments/115/groups/49/edit" "Mozilla/5.0 (Macintosh; Intel Mac OS X 10_8_2) AppleWebKit/537.11 (KHTML, like Gecko) Chrome/23.0.1271.64 Safari/537.11"
108.204.30.115 - gamza [17/Nov/2012:17:33:33 -0500] "GET /assignments/115/groups/49 HTTP/1.1" 200 2900 "https://www.gradecraft.com/assignments/115/groups/49/edit" "Mozilla/5.0 (Macintosh; Intel Mac OS X 10_8_2) AppleWebKit/537.11 (KHTML, like Gecko) Chrome/23.0.1271.64 Safari/537.11"
108.204.30.115 - gamza [17/Nov/2012:17:33:50 -0500] "GET /assignments/115/groups/50 HTTP/1.1" 200 2805 "https://www.gradecraft.com/assignments/115" "Mozilla/5.0 (Macintosh; Intel Mac OS X 10_8_2) AppleWebKit/537.11 (KHTML, like Gecko) Chrome/23.0.1271.64 Safari/537.11"
108.204.30.115 - gamza [17/Nov/2012:17:33:53 -0500] "GET /assignments/115/groups/50/edit HTTP/1.1" 200 8964 "https://www.gradecraft.com/assignments/115/groups/50" "Mozilla/5.0 (Macintosh; Intel Mac OS X 10_8_2) AppleWebKit/537.11 (KHTML, like Gecko) Chrome/23.0.1271.64 Safari/537.11"
108.204.30.115 - gamza [17/Nov/2012:17:33:53 -0500] "GET /assets/bootstrap-wysihtml5/wysiwyg-color.css HTTP/1.1" 404 1044 "-" "Mozilla/5.0 (Macintosh; Intel Mac OS X 10_8_2) AppleWebKit/537.11 (KHTML, like Gecko) Chrome/23.0.1271.64 Safari/537.11"
108.204.30.115 - gamza [17/Nov/2012:17:34:00 -0500] "POST /assignments/115/groups/50 HTTP/1.1" 302 1652 "https://www.gradecraft.com/assignments/115/groups/50/edit" "Mozilla/5.0 (Macintosh; Intel Mac OS X 10_8_2) AppleWebKit/537.11 (KHTML, like Gecko) Chrome/23.0.1271.64 Safari/537.11"
108.204.30.115 - gamza [17/Nov/2012:17:34:00 -0500] "GET /assignments/115/groups/50 HTTP/1.1" 200 2868 "https://www.gradecraft.com/assignments/115/groups/50/edit" "Mozilla/5.0 (Macintosh; Intel Mac OS X 10_8_2) AppleWebKit/537.11 (KHTML, like Gecko) Chrome/23.0.1271.64 Safari/537.11"
67.194.86.149 - - [17/Nov/2012:17:34:04 -0500] "GET / HTTP/1.1" 302 3259 "-" "Mozilla/5.0 (Macintosh; Intel Mac OS X 10_8) AppleWebKit/536.25 (KHTML, like Gecko) Version/6.0 Safari/536.25"
108.204.30.115 - gamza [17/Nov/2012:17:34:06 -0500] "GET /assignments/115/groups/51 HTTP/1.1" 200 2773 "https://www.gradecraft.com/assignments/115" "Mozilla/5.0 (Macintosh; Intel Mac OS X 10_8_2) AppleWebKit/537.11 (KHTML, like Gecko) Chrome/23.0.1271.64 Safari/537.11"
108.204.30.115 - gamza [17/Nov/2012:17:34:09 -0500] "GET /assignments/115/groups/51/edit HTTP/1.1" 200 8964 "https://www.gradecraft.com/assignments/115/groups/51" "Mozilla/5.0 (Macintosh; Intel Mac OS X 10_8_2) AppleWebKit/537.11 (KHTML, like Gecko) Chrome/23.0.1271.64 Safari/537.11"
108.204.30.115 - gamza [17/Nov/2012:17:34:09 -0500] "GET /assets/bootstrap-wysihtml5/wysiwyg-color.css HTTP/1.1" 404 1044 "-" "Mozilla/5.0 (Macintosh; Intel Mac OS X 10_8_2) AppleWebKit/537.11 (KHTML, like Gecko) Chrome/23.0.1271.64 Safari/537.11"
108.204.30.115 - gamza [17/Nov/2012:17:34:15 -0500] "POST /assignments/115/groups/51 HTTP/1.1" 302 1668 "https://www.gradecraft.com/assignments/115/groups/51/edit" "Mozilla/5.0 (Macintosh; Intel Mac OS X 10_8_2) AppleWebKit/537.11 (KHTML, like Gecko) Chrome/23.0.1271.64 Safari/537.11"
108.204.30.115 - gamza [17/Nov/2012:17:34:15 -0500] "GET /assignments/115/groups/51 HTTP/1.1" 200 2852 "https://www.gradecraft.com/assignments/115/groups/51/edit" "Mozilla/5.0 (Macintosh; Intel Mac OS X 10_8_2) AppleWebKit/537.11 (KHTML, like Gecko) Chrome/23.0.1271.64 Safari/537.11"
108.204.30.115 - gamza [17/Nov/2012:17:34:22 -0500] "GET /assignments/115/groups/52 HTTP/1.1" 200 2853 "https://www.gradecraft.com/assignments/115" "Mozilla/5.0 (Macintosh; Intel Mac OS X 10_8_2) AppleWebKit/537.11 (KHTML, like Gecko) Chrome/23.0.1271.64 Safari/537.11"
108.204.30.115 - gamza [17/Nov/2012:17:34:25 -0500] "GET /assignments/115/groups/52/edit HTTP/1.1" 200 8980 "https://www.gradecraft.com/assignments/115/groups/52" "Mozilla/5.0 (Macintosh; Intel Mac OS X 10_8_2) AppleWebKit/537.11 (KHTML, like Gecko) Chrome/23.0.1271.64 Safari/537.11"
108.204.30.115 - gamza [17/Nov/2012:17:34:26 -0500] "GET /assets/bootstrap-wysihtml5/wysiwyg-color.css HTTP/1.1" 404 1044 "-" "Mozilla/5.0 (Macintosh; Intel Mac OS X 10_8_2) AppleWebKit/537.11 (KHTML, like Gecko) Chrome/23.0.1271.64 Safari/537.11"
108.204.30.115 - gamza [17/Nov/2012:17:34:32 -0500] "POST /assignments/115/groups/52 HTTP/1.1" 302 1652 "https://www.gradecraft.com/assignments/115/groups/52/edit" "Mozilla/5.0 (Macintosh; Intel Mac OS X 10_8_2) AppleWebKit/537.11 (KHTML, like Gecko) Chrome/23.0.1271.64 Safari/537.11"
108.204.30.115 - gamza [17/Nov/2012:17:34:32 -0500] "GET /assignments/115/groups/52 HTTP/1.1" 200 2932 "https://www.gradecraft.com/assignments/115/groups/52/edit" "Mozilla/5.0 (Macintosh; Intel Mac OS X 10_8_2) AppleWebKit/537.11 (KHTML, like Gecko) Chrome/23.0.1271.64 Safari/537.11"
108.204.30.115 - gamza [17/Nov/2012:17:34:35 -0500] "GET /assignments/115 HTTP/1.1" 200 5700 "https://www.gradecraft.com/assignments" "Mozilla/5.0 (Macintosh; Intel Mac OS X 10_8_2) AppleWebKit/537.11 (KHTML, like Gecko) Chrome/23.0.1271.64 Safari/537.11"
108.204.30.115 - gamza [17/Nov/2012:17:34:36 -0500] "GET /assets/application-eead062cf4bfb3cb3081a4c5cf6e0538.css HTTP/1.1" 304 245 "https://www.gradecraft.com/assignments/115" "Mozilla/5.0 (Macintosh; Intel Mac OS X 10_8_2) AppleWebKit/537.11 (KHTML, like Gecko) Chrome/23.0.1271.64 Safari/537.11"
108.204.30.115 - gamza [17/Nov/2012:17:34:36 -0500] "GET /assets/application-647ca25372cb08a414ef6110cc332f61.js HTTP/1.1" 304 390 "https://www.gradecraft.com/assignments/115" "Mozilla/5.0 (Macintosh; Intel Mac OS X 10_8_2) AppleWebKit/537.11 (KHTML, like Gecko) Chrome/23.0.1271.64 Safari/537.11"
108.204.30.115 - gamza [17/Nov/2012:17:34:55 -0500] "GET /assignments HTTP/1.1" 304 1062 "https://www.gradecraft.com/assignments/115" "Mozilla/5.0 (Macintosh; Intel Mac OS X 10_8_2) AppleWebKit/537.11 (KHTML, like Gecko) Chrome/23.0.1271.64 Safari/537.11"
108.204.30.115 - gamza [17/Nov/2012:17:35:13 -0500] "GET /assignments HTTP/1.1" 304 1062 "https://www.gradecraft.com/assignments" "Mozilla/5.0 (Macintosh; Intel Mac OS X 10_8_2) AppleWebKit/537.11 (KHTML, like Gecko) Chrome/23.0.1271.64 Safari/537.11"
108.204.30.115 - gamza [17/Nov/2012:17:35:19 -0500] "GET /assignments HTTP/1.1" 304 917 "https://www.gradecraft.com/assignments" "Mozilla/5.0 (Macintosh; Intel Mac OS X 10_8_2) AppleWebKit/537.11 (KHTML, like Gecko) Chrome/23.0.1271.64 Safari/537.11"
99.9.114.85 - mmanty [17/Nov/2012:17:35:18 -0500] "GET /dashboard HTTP/1.1" 200 3973 "https://www.gradecraft.com/users/predictor?user_id=282" "Mozilla/5.0 (Macintosh; Intel Mac OS X 10.7; rv:16.0) Gecko/20100101 Firefox/16.0"
108.204.30.115 - gamza [17/Nov/2012:17:35:26 -0500] "GET /assignments/116 HTTP/1.1" 304 917 "https://www.gradecraft.com/assignments" "Mozilla/5.0 (Macintosh; Intel Mac OS X 10_8_2) AppleWebKit/537.11 (KHTML, like Gecko) Chrome/23.0.1271.64 Safari/537.11"
108.204.30.115 - gamza [17/Nov/2012:17:35:48 -0500] "GET /assignments/116/assignment_submissions HTTP/1.1" 200 5789 "https://www.gradecraft.com/assignments" "Mozilla/5.0 (Macintosh; Intel Mac OS X 10_8_2) AppleWebKit/537.11 (KHTML, like Gecko) Chrome/23.0.1271.64 Safari/537.11"
108.204.30.115 - gamza [17/Nov/2012:17:35:53 -0500] "GET /assignments/116 HTTP/1.1" 304 917 "https://www.gradecraft.com/assignments" "Mozilla/5.0 (Macintosh; Intel Mac OS X 10_8_2) AppleWebKit/537.11 (KHTML, like Gecko) Chrome/23.0.1271.64 Safari/537.11"
108.204.30.115 - gamza [17/Nov/2012:17:35:57 -0500] "GET /assignments/116/groups/new HTTP/1.1" 304 917 "https://www.gradecraft.com/assignments/116" "Mozilla/5.0 (Macintosh; Intel Mac OS X 10_8_2) AppleWebKit/537.11 (KHTML, like Gecko) Chrome/23.0.1271.64 Safari/537.11"
108.204.30.115 - gamza [17/Nov/2012:17:35:58 -0500] "GET /assets/bootstrap-wysihtml5/wysiwyg-color.css HTTP/1.1" 404 1044 "-" "Mozilla/5.0 (Macintosh; Intel Mac OS X 10_8_2) AppleWebKit/537.11 (KHTML, like Gecko) Chrome/23.0.1271.64 Safari/537.11"
108.204.30.115 - gamza [17/Nov/2012:17:36:36 -0500] "POST /assignments/116/groups HTTP/1.1" 302 4880 "https://www.gradecraft.com/assignments/116/groups/new" "Mozilla/5.0 (Macintosh; Intel Mac OS X 10_8_2) AppleWebKit/537.11 (KHTML, like Gecko) Chrome/23.0.1271.64 Safari/537.11"
108.204.30.115 - gamza [17/Nov/2012:17:36:37 -0500] "GET /assignments/116 HTTP/1.1" 200 5076 "https://www.gradecraft.com/assignments/116/groups/new" "Mozilla/5.0 (Macintosh; Intel Mac OS X 10_8_2) AppleWebKit/537.11 (KHTML, like Gecko) Chrome/23.0.1271.64 Safari/537.11"
108.204.30.115 - gamza [17/Nov/2012:17:36:48 -0500] "GET /assignments/116/grades/new?gradeable_id=53&gradeable_type=Group&group_id=53 HTTP/1.1" 200 3220 "https://www.gradecraft.com/assignments/116" "Mozilla/5.0 (Macintosh; Intel Mac OS X 10_8_2) AppleWebKit/537.11 (KHTML, like Gecko) Chrome/23.0.1271.64 Safari/537.11"
108.204.30.115 - gamza [17/Nov/2012:17:36:48 -0500] "GET /assets/bootstrap-wysihtml5/wysiwyg-color.css HTTP/1.1" 404 1044 "-" "Mozilla/5.0 (Macintosh; Intel Mac OS X 10_8_2) AppleWebKit/537.11 (KHTML, like Gecko) Chrome/23.0.1271.64 Safari/537.11"
108.204.30.115 - gamza [17/Nov/2012:17:36:53 -0500] "POST /assignments/116/grades HTTP/1.1" 302 1652 "https://www.gradecraft.com/assignments/116/grades/new?gradeable_id=53&gradeable_type=Group&group_id=53" "Mozilla/5.0 (Macintosh; Intel Mac OS X 10_8_2) AppleWebKit/537.11 (KHTML, like Gecko) Chrome/23.0.1271.64 Safari/537.11"
108.204.30.115 - gamza [17/Nov/2012:17:36:54 -0500] "GET /assignments/116 HTTP/1.1" 200 5076 "https://www.gradecraft.com/assignments/116/grades/new?gradeable_id=53&gradeable_type=Group&group_id=53" "Mozilla/5.0 (Macintosh; Intel Mac OS X 10_8_2) AppleWebKit/537.11 (KHTML, like Gecko) Chrome/23.0.1271.64 Safari/537.11"
98.224.221.72 - irvingjo [17/Nov/2012:17:36:55 -0500] "POST /assignments/100/assignment_submissions HTTP/1.1" 302 4139 "https://www.gradecraft.com/assignments/100/assignment_submissions/new?submittable_id=8&submittable_type=Team" "Mozilla/5.0 (Macintosh; Intel Mac OS X 10_8_1) AppleWebKit/536.25 (KHTML, like Gecko) Version/6.0 Safari/536.25"
98.224.221.72 - irvingjo [17/Nov/2012:17:36:56 -0500] "GET /dashboard HTTP/1.1" 200 5364 "https://www.gradecraft.com/assignments/100/assignment_submissions/new?submittable_id=8&submittable_type=Team" "Mozilla/5.0 (Macintosh; Intel Mac OS X 10_8_1) AppleWebKit/536.25 (KHTML, like Gecko) Version/6.0 Safari/536.25"
98.224.221.72 - irvingjo [17/Nov/2012:17:36:59 -0500] "GET /badges/pos101/great_critic.png HTTP/1.1" 200 5451 "https://www.gradecraft.com/dashboard" "Mozilla/5.0 (Macintosh; Intel Mac OS X 10_8_1) AppleWebKit/536.25 (KHTML, like Gecko) Version/6.0 Safari/536.25"
98.224.221.72 - irvingjo [17/Nov/2012:17:36:59 -0500] "GET /badges/pos101/awesome_aggregator.png HTTP/1.1" 200 5803 "https://www.gradecraft.com/dashboard" "Mozilla/5.0 (Macintosh; Intel Mac OS X 10_8_1) AppleWebKit/536.25 (KHTML, like Gecko) Version/6.0 Safari/536.25"
98.224.221.72 - irvingjo [17/Nov/2012:17:36:59 -0500] "GET /badges/pos101/above_and_beyond.png HTTP/1.1" 200 6379 "https://www.gradecraft.com/dashboard" "Mozilla/5.0 (Macintosh; Intel Mac OS X 10_8_1) AppleWebKit/536.25 (KHTML, like Gecko) Version/6.0 Safari/536.25"
98.224.221.72 - irvingjo [17/Nov/2012:17:36:59 -0500] "GET /badges/pos101/presentation_of_self.png HTTP/1.1" 200 5643 "https://www.gradecraft.com/dashboard" "Mozilla/5.0 (Macintosh; Intel Mac OS X 10_8_1) AppleWebKit/536.25 (KHTML, like Gecko) Version/6.0 Safari/536.25"
98.224.221.72 - irvingjo [17/Nov/2012:17:36:59 -0500] "GET /badges/pos101/concentrator.png HTTP/1.1" 200 3594 "https://www.gradecraft.com/dashboard" "Mozilla/5.0 (Macintosh; Intel Mac OS X 10_8_1) AppleWebKit/536.25 (KHTML, like Gecko) Version/6.0 Safari/536.25"
98.224.221.72 - irvingjo [17/Nov/2012:17:36:59 -0500] "GET /badges/pos101/courageous_failure.png HTTP/1.1" 200 8410 "https://www.gradecraft.com/dashboard" "Mozilla/5.0 (Macintosh; Intel Mac OS X 10_8_1) AppleWebKit/536.25 (KHTML, like Gecko) Version/6.0 Safari/536.25"
98.224.221.72 - irvingjo [17/Nov/2012:17:36:58 -0500] "GET /users/predictor.json?in_progress=true&user_id=188 HTTP/1.1" 304 869 "https://www.gradecraft.com/dashboard" "Mozilla/5.0 (Macintosh; Intel Mac OS X 10_8_1) AppleWebKit/536.25 (KHTML, like Gecko) Version/6.0 Safari/536.25"
98.224.221.72 - irvingjo [17/Nov/2012:17:36:59 -0500] "GET /badges/pos101/early_bird_special.png HTTP/1.1" 200 4602 "https://www.gradecraft.com/dashboard" "Mozilla/5.0 (Macintosh; Intel Mac OS X 10_8_1) AppleWebKit/536.25 (KHTML, like Gecko) Version/6.0 Safari/536.25"
98.224.221.72 - irvingjo [17/Nov/2012:17:36:59 -0500] "GET /badges/pos101/examination_expert.png HTTP/1.1" 200 4042 "https://www.gradecraft.com/dashboard" "Mozilla/5.0 (Macintosh; Intel Mac OS X 10_8_1) AppleWebKit/536.25 (KHTML, like Gecko) Version/6.0 Safari/536.25"
98.224.221.72 - irvingjo [17/Nov/2012:17:36:59 -0500] "GET /users/predictor.json?user_id=188 HTTP/1.1" 304 1014 "https://www.gradecraft.com/dashboard" "Mozilla/5.0 (Macintosh; Intel Mac OS X 10_8_1) AppleWebKit/536.25 (KHTML, like Gecko) Version/6.0 Safari/536.25"
98.224.221.72 - irvingjo [17/Nov/2012:17:37:00 -0500] "GET /badges/pos101/gaining_experience.png HTTP/1.1" 200 8458 "https://www.gradecraft.com/dashboard" "Mozilla/5.0 (Macintosh; Intel Mac OS X 10_8_1) AppleWebKit/536.25 (KHTML, like Gecko) Version/6.0 Safari/536.25"
98.224.221.72 - irvingjo [17/Nov/2012:17:37:00 -0500] "GET /badges/pos101/gamer.png HTTP/1.1" 200 4378 "https://www.gradecraft.com/dashboard" "Mozilla/5.0 (Macintosh; Intel Mac OS X 10_8_1) AppleWebKit/536.25 (KHTML, like Gecko) Version/6.0 Safari/536.25"
98.224.221.72 - irvingjo [17/Nov/2012:17:37:00 -0500] "GET /badges/pos101/learning_from_mistakes.png HTTP/1.1" 200 8362 "https://www.gradecraft.com/dashboard" "Mozilla/5.0 (Macintosh; Intel Mac OS X 10_8_1) AppleWebKit/536.25 (KHTML, like Gecko) Version/6.0 Safari/536.25"
98.224.221.72 - irvingjo [17/Nov/2012:17:37:00 -0500] "GET /badges/pos101/level_one.png HTTP/1.1" 200 4458 "https://www.gradecraft.com/dashboard" "Mozilla/5.0 (Macintosh; Intel Mac OS X 10_8_1) AppleWebKit/536.25 (KHTML, like Gecko) Version/6.0 Safari/536.25"
98.224.221.72 - irvingjo [17/Nov/2012:17:37:00 -0500] "GET /badges/pos101/personal.png HTTP/1.1" 200 4474 "https://www.gradecraft.com/dashboard" "Mozilla/5.0 (Macintosh; Intel Mac OS X 10_8_1) AppleWebKit/536.25 (KHTML, like Gecko) Version/6.0 Safari/536.25"
98.224.221.72 - irvingjo [17/Nov/2012:17:37:00 -0500] "GET /badges/pos101/participatory_democrat.png HTTP/1.1" 200 5354 "https://www.gradecraft.com/dashboard" "Mozilla/5.0 (Macintosh; Intel Mac OS X 10_8_1) AppleWebKit/536.25 (KHTML, like Gecko) Version/6.0 Safari/536.25"
98.224.221.72 - irvingjo [17/Nov/2012:17:37:00 -0500] "GET /badges/pos101/times_immemorial.png HTTP/1.1" 200 5722 "https://www.gradecraft.com/dashboard" "Mozilla/5.0 (Macintosh; Intel Mac OS X 10_8_1) AppleWebKit/536.25 (KHTML, like Gecko) Version/6.0 Safari/536.25"
98.224.221.72 - irvingjo [17/Nov/2012:17:37:00 -0500] "GET /badges/pos101/practice_makes_perfect.png HTTP/1.1" 200 6010 "https://www.gradecraft.com/dashboard" "Mozilla/5.0 (Macintosh; Intel Mac OS X 10_8_1) AppleWebKit/536.25 (KHTML, like Gecko) Version/6.0 Safari/536.25"
98.224.221.72 - irvingjo [17/Nov/2012:17:37:00 -0500] "GET /badges/pos101/public_speaker.png HTTP/1.1" 200 5482 "https://www.gradecraft.com/dashboard" "Mozilla/5.0 (Macintosh; Intel Mac OS X 10_8_1) AppleWebKit/536.25 (KHTML, like Gecko) Version/6.0 Safari/536.25"
98.224.221.72 - irvingjo [17/Nov/2012:17:37:00 -0500] "GET /badges/pos101/phoebe_badge.jpg HTTP/1.1" 404 1044 "https://www.gradecraft.com/dashboard" "Mozilla/5.0 (Macintosh; Intel Mac OS X 10_8_1) AppleWebKit/536.25 (KHTML, like Gecko) Version/6.0 Safari/536.25"
108.204.30.115 - gamza [17/Nov/2012:17:37:10 -0500] "GET /assignments/116/groups/new HTTP/1.1" 304 1062 "https://www.gradecraft.com/assignments/116" "Mozilla/5.0 (Macintosh; Intel Mac OS X 10_8_2) AppleWebKit/537.11 (KHTML, like Gecko) Chrome/23.0.1271.64 Safari/537.11"
108.204.30.115 - gamza [17/Nov/2012:17:37:11 -0500] "GET /assets/bootstrap-wysihtml5/wysiwyg-color.css HTTP/1.1" 404 1044 "-" "Mozilla/5.0 (Macintosh; Intel Mac OS X 10_8_2) AppleWebKit/537.11 (KHTML, like Gecko) Chrome/23.0.1271.64 Safari/537.11"
98.224.221.72 - irvingjo [17/Nov/2012:17:37:21 -0500] "GET /assignments/100/assignment_submissions/1134?gradeable_id=188&gradeable_type=User HTTP/1.1" 200 4837 "https://www.gradecraft.com/dashboard" "Mozilla/5.0 (Macintosh; Intel Mac OS X 10_8_1) AppleWebKit/536.25 (KHTML, like Gecko) Version/6.0 Safari/536.25"
98.224.221.72 - irvingjo [17/Nov/2012:17:37:53 -0500] "GET /assignments/100/assignment_submissions/1134/edit HTTP/1.1" 200 5301 "https://www.gradecraft.com/assignments/100/assignment_submissions/1134?gradeable_id=188&gradeable_type=User" "Mozilla/5.0 (Macintosh; Intel Mac OS X 10_8_1) AppleWebKit/536.25 (KHTML, like Gecko) Version/6.0 Safari/536.25"
98.224.221.72 - irvingjo [17/Nov/2012:17:37:54 -0500] "GET /assets/bootstrap-wysihtml5/wysiwyg-color.css HTTP/1.1" 404 1044 "-" "Mozilla/5.0 (Macintosh; Intel Mac OS X 10_8_1) AppleWebKit/536.25 (KHTML, like Gecko) Version/6.0 Safari/536.25"
98.224.221.72 - irvingjo [17/Nov/2012:17:38:12 -0500] "GET /assignments HTTP/1.1" 302 1589 "https://www.gradecraft.com/assignments/100/assignment_submissions/1134/edit" "Mozilla/5.0 (Macintosh; Intel Mac OS X 10_8_1) AppleWebKit/536.25 (KHTML, like Gecko) Version/6.0 Safari/536.25"
108.204.30.115 - gamza [17/Nov/2012:17:38:12 -0500] "POST /assignments/116/groups HTTP/1.1" 302 1797 "https://www.gradecraft.com/assignments/116/groups/new" "Mozilla/5.0 (Macintosh; Intel Mac OS X 10_8_2) AppleWebKit/537.11 (KHTML, like Gecko) Chrome/23.0.1271.64 Safari/537.11"
108.204.30.115 - gamza [17/Nov/2012:17:38:13 -0500] "GET /assignments/116 HTTP/1.1" 200 5188 "https://www.gradecraft.com/assignments/116/groups/new" "Mozilla/5.0 (Macintosh; Intel Mac OS X 10_8_2) AppleWebKit/537.11 (KHTML, like Gecko) Chrome/23.0.1271.64 Safari/537.11"
98.224.221.72 - irvingjo [17/Nov/2012:17:38:12 -0500] "GET /dashboard HTTP/1.1" 200 5124 "https://www.gradecraft.com/assignments/100/assignment_submissions/1134/edit" "Mozilla/5.0 (Macintosh; Intel Mac OS X 10_8_1) AppleWebKit/536.25 (KHTML, like Gecko) Version/6.0 Safari/536.25"
98.224.221.72 - irvingjo [17/Nov/2012:17:38:14 -0500] "GET /badges/pos101/phoebe_badge.jpg HTTP/1.1" 404 1205 "https://www.gradecraft.com/dashboard" "Mozilla/5.0 (Macintosh; Intel Mac OS X 10_8_1) AppleWebKit/536.25 (KHTML, like Gecko) Version/6.0 Safari/536.25"
98.224.221.72 - irvingjo [17/Nov/2012:17:38:14 -0500] "GET /users/predictor.json?in_progress=true&user_id=188 HTTP/1.1" 304 869 "https://www.gradecraft.com/dashboard" "Mozilla/5.0 (Macintosh; Intel Mac OS X 10_8_1) AppleWebKit/536.25 (KHTML, like Gecko) Version/6.0 Safari/536.25"
98.224.221.72 - irvingjo [17/Nov/2012:17:38:14 -0500] "GET /users/predictor.json?user_id=188 HTTP/1.1" 304 1014 "https://www.gradecraft.com/dashboard" "Mozilla/5.0 (Macintosh; Intel Mac OS X 10_8_1) AppleWebKit/536.25 (KHTML, like Gecko) Version/6.0 Safari/536.25"
108.204.30.115 - gamza [17/Nov/2012:17:38:24 -0500] "GET /assignments/116/grades/new?gradeable_id=54&gradeable_type=Group&group_id=54 HTTP/1.1" 200 3220 "https://www.gradecraft.com/assignments/116" "Mozilla/5.0 (Macintosh; Intel Mac OS X 10_8_2) AppleWebKit/537.11 (KHTML, like Gecko) Chrome/23.0.1271.64 Safari/537.11"
108.204.30.115 - gamza [17/Nov/2012:17:38:24 -0500] "GET /assets/bootstrap-wysihtml5/wysiwyg-color.css HTTP/1.1" 404 1044 "-" "Mozilla/5.0 (Macintosh; Intel Mac OS X 10_8_2) AppleWebKit/537.11 (KHTML, like Gecko) Chrome/23.0.1271.64 Safari/537.11"
98.224.221.72 - irvingjo [17/Nov/2012:17:38:24 -0500] "GET /assignments/110/assignment_submissions/new?submittable_id=8&submittable_type=Team HTTP/1.1" 200 2772 "https://www.gradecraft.com/dashboard" "Mozilla/5.0 (Macintosh; Intel Mac OS X 10_8_1) AppleWebKit/536.25 (KHTML, like Gecko) Version/6.0 Safari/536.25"
98.224.221.72 - irvingjo [17/Nov/2012:17:38:25 -0500] "GET /assets/bootstrap-wysihtml5/wysiwyg-color.css HTTP/1.1" 404 1044 "-" "Mozilla/5.0 (Macintosh; Intel Mac OS X 10_8_1) AppleWebKit/536.25 (KHTML, like Gecko) Version/6.0 Safari/536.25"
108.204.30.115 - gamza [17/Nov/2012:17:38:31 -0500] "POST /assignments/116/grades HTTP/1.1" 302 1652 "https://www.gradecraft.com/assignments/116/grades/new?gradeable_id=54&gradeable_type=Group&group_id=54" "Mozilla/5.0 (Macintosh; Intel Mac OS X 10_8_2) AppleWebKit/537.11 (KHTML, like Gecko) Chrome/23.0.1271.64 Safari/537.11"
108.204.30.115 - gamza [17/Nov/2012:17:38:31 -0500] "GET /assignments/116 HTTP/1.1" 200 5172 "https://www.gradecraft.com/assignments/116/grades/new?gradeable_id=54&gradeable_type=Group&group_id=54" "Mozilla/5.0 (Macintosh; Intel Mac OS X 10_8_2) AppleWebKit/537.11 (KHTML, like Gecko) Chrome/23.0.1271.64 Safari/537.11"
98.224.221.72 - irvingjo [17/Nov/2012:17:38:37 -0500] "POST /assignments/110/assignment_submissions HTTP/1.1" 302 1636 "https://www.gradecraft.com/assignments/110/assignment_submissions/new?submittable_id=8&submittable_type=Team" "Mozilla/5.0 (Macintosh; Intel Mac OS X 10_8_1) AppleWebKit/536.25 (KHTML, like Gecko) Version/6.0 Safari/536.25"
98.224.221.72 - irvingjo [17/Nov/2012:17:38:38 -0500] "GET /dashboard HTTP/1.1" 200 5364 "https://www.gradecraft.com/assignments/110/assignment_submissions/new?submittable_id=8&submittable_type=Team" "Mozilla/5.0 (Macintosh; Intel Mac OS X 10_8_1) AppleWebKit/536.25 (KHTML, like Gecko) Version/6.0 Safari/536.25"
98.224.221.72 - irvingjo [17/Nov/2012:17:38:40 -0500] "GET /badges/pos101/phoebe_badge.jpg HTTP/1.1" 404 1205 "https://www.gradecraft.com/dashboard" "Mozilla/5.0 (Macintosh; Intel Mac OS X 10_8_1) AppleWebKit/536.25 (KHTML, like Gecko) Version/6.0 Safari/536.25"
98.224.221.72 - irvingjo [17/Nov/2012:17:38:40 -0500] "GET /users/predictor.json?in_progress=true&user_id=188 HTTP/1.1" 304 869 "https://www.gradecraft.com/dashboard" "Mozilla/5.0 (Macintosh; Intel Mac OS X 10_8_1) AppleWebKit/536.25 (KHTML, like Gecko) Version/6.0 Safari/536.25"
98.224.221.72 - irvingjo [17/Nov/2012:17:38:40 -0500] "GET /users/predictor.json?user_id=188 HTTP/1.1" 304 1030 "https://www.gradecraft.com/dashboard" "Mozilla/5.0 (Macintosh; Intel Mac OS X 10_8_1) AppleWebKit/536.25 (KHTML, like Gecko) Version/6.0 Safari/536.25"
108.204.30.115 - gamza [17/Nov/2012:17:38:42 -0500] "GET /assignments/116/groups/new HTTP/1.1" 304 917 "https://www.gradecraft.com/assignments/116" "Mozilla/5.0 (Macintosh; Intel Mac OS X 10_8_2) AppleWebKit/537.11 (KHTML, like Gecko) Chrome/23.0.1271.64 Safari/537.11"
108.204.30.115 - gamza [17/Nov/2012:17:38:42 -0500] "GET /assets/bootstrap-wysihtml5/wysiwyg-color.css HTTP/1.1" 404 1044 "-" "Mozilla/5.0 (Macintosh; Intel Mac OS X 10_8_2) AppleWebKit/537.11 (KHTML, like Gecko) Chrome/23.0.1271.64 Safari/537.11"
108.204.30.115 - gamza [17/Nov/2012:17:39:02 -0500] "POST /assignments/116/groups HTTP/1.1" 302 1813 "https://www.gradecraft.com/assignments/116/groups/new" "Mozilla/5.0 (Macintosh; Intel Mac OS X 10_8_2) AppleWebKit/537.11 (KHTML, like Gecko) Chrome/23.0.1271.64 Safari/537.11"
108.204.30.115 - gamza [17/Nov/2012:17:39:02 -0500] "GET /assignments/116 HTTP/1.1" 200 5284 "https://www.gradecraft.com/assignments/116/groups/new" "Mozilla/5.0 (Macintosh; Intel Mac OS X 10_8_2) AppleWebKit/537.11 (KHTML, like Gecko) Chrome/23.0.1271.64 Safari/537.11"
108.204.30.115 - gamza [17/Nov/2012:17:39:13 -0500] "GET /assignments/116/grades/new?gradeable_id=55&gradeable_type=Group&group_id=55 HTTP/1.1" 200 3220 "https://www.gradecraft.com/assignments/116" "Mozilla/5.0 (Macintosh; Intel Mac OS X 10_8_2) AppleWebKit/537.11 (KHTML, like Gecko) Chrome/23.0.1271.64 Safari/537.11"
108.204.30.115 - gamza [17/Nov/2012:17:39:14 -0500] "GET /assets/bootstrap-wysihtml5/wysiwyg-color.css HTTP/1.1" 404 1044 "-" "Mozilla/5.0 (Macintosh; Intel Mac OS X 10_8_2) AppleWebKit/537.11 (KHTML, like Gecko) Chrome/23.0.1271.64 Safari/537.11"
108.204.30.115 - gamza [17/Nov/2012:17:39:19 -0500] "POST /assignments/116/grades HTTP/1.1" 302 1652 "https://www.gradecraft.com/assignments/116/grades/new?gradeable_id=55&gradeable_type=Group&group_id=55" "Mozilla/5.0 (Macintosh; Intel Mac OS X 10_8_2) AppleWebKit/537.11 (KHTML, like Gecko) Chrome/23.0.1271.64 Safari/537.11"
108.204.30.115 - gamza [17/Nov/2012:17:39:19 -0500] "GET /assignments/116 HTTP/1.1" 200 5284 "https://www.gradecraft.com/assignments/116/grades/new?gradeable_id=55&gradeable_type=Group&group_id=55" "Mozilla/5.0 (Macintosh; Intel Mac OS X 10_8_2) AppleWebKit/537.11 (KHTML, like Gecko) Chrome/23.0.1271.64 Safari/537.11"
108.204.30.115 - gamza [17/Nov/2012:17:39:26 -0500] "GET /assignments/116/groups/new HTTP/1.1" 304 917 "https://www.gradecraft.com/assignments/116" "Mozilla/5.0 (Macintosh; Intel Mac OS X 10_8_2) AppleWebKit/537.11 (KHTML, like Gecko) Chrome/23.0.1271.64 Safari/537.11"
108.204.30.115 - gamza [17/Nov/2012:17:39:27 -0500] "GET /assets/bootstrap-wysihtml5/wysiwyg-color.css HTTP/1.1" 404 1044 "-" "Mozilla/5.0 (Macintosh; Intel Mac OS X 10_8_2) AppleWebKit/537.11 (KHTML, like Gecko) Chrome/23.0.1271.64 Safari/537.11"
108.204.30.115 - gamza [17/Nov/2012:17:39:42 -0500] "POST /assignments/116/groups HTTP/1.1" 302 1652 "https://www.gradecraft.com/assignments/116/groups/new" "Mozilla/5.0 (Macintosh; Intel Mac OS X 10_8_2) AppleWebKit/537.11 (KHTML, like Gecko) Chrome/23.0.1271.64 Safari/537.11"
108.204.30.115 - gamza [17/Nov/2012:17:39:42 -0500] "GET /assignments/116 HTTP/1.1" 200 5348 "https://www.gradecraft.com/assignments/116/groups/new" "Mozilla/5.0 (Macintosh; Intel Mac OS X 10_8_2) AppleWebKit/537.11 (KHTML, like Gecko) Chrome/23.0.1271.64 Safari/537.11"
108.204.30.115 - gamza [17/Nov/2012:17:39:49 -0500] "GET /assignments/116/grades/new?gradeable_id=56&gradeable_type=Group&group_id=56 HTTP/1.1" 200 3220 "https://www.gradecraft.com/assignments/116" "Mozilla/5.0 (Macintosh; Intel Mac OS X 10_8_2) AppleWebKit/537.11 (KHTML, like Gecko) Chrome/23.0.1271.64 Safari/537.11"
108.204.30.115 - gamza [17/Nov/2012:17:39:49 -0500] "GET /assets/bootstrap-wysihtml5/wysiwyg-color.css HTTP/1.1" 404 1044 "-" "Mozilla/5.0 (Macintosh; Intel Mac OS X 10_8_2) AppleWebKit/537.11 (KHTML, like Gecko) Chrome/23.0.1271.64 Safari/537.11"
108.204.30.115 - gamza [17/Nov/2012:17:39:56 -0500] "POST /assignments/116/grades HTTP/1.1" 302 1652 "https://www.gradecraft.com/assignments/116/grades/new?gradeable_id=56&gradeable_type=Group&group_id=56" "Mozilla/5.0 (Macintosh; Intel Mac OS X 10_8_2) AppleWebKit/537.11 (KHTML, like Gecko) Chrome/23.0.1271.64 Safari/537.11"
108.204.30.115 - gamza [17/Nov/2012:17:39:56 -0500] "GET /assignments/116 HTTP/1.1" 200 5364 "https://www.gradecraft.com/assignments/116/grades/new?gradeable_id=56&gradeable_type=Group&group_id=56" "Mozilla/5.0 (Macintosh; Intel Mac OS X 10_8_2) AppleWebKit/537.11 (KHTML, like Gecko) Chrome/23.0.1271.64 Safari/537.11"
98.224.221.72 - irvingjo [17/Nov/2012:17:40:13 -0500] "GET /assignments/110/assignment_submissions/1135?gradeable_id=188&gradeable_type=User HTTP/1.1" 200 4821 "https://www.gradecraft.com/dashboard" "Mozilla/5.0 (Macintosh; Intel Mac OS X 10_8_1) AppleWebKit/536.25 (KHTML, like Gecko) Version/6.0 Safari/536.25"
108.204.30.115 - gamza [17/Nov/2012:17:40:19 -0500] "GET /assignments/116/groups/new HTTP/1.1" 304 1062 "https://www.gradecraft.com/assignments/116" "Mozilla/5.0 (Macintosh; Intel Mac OS X 10_8_2) AppleWebKit/537.11 (KHTML, like Gecko) Chrome/23.0.1271.64 Safari/537.11"
108.204.30.115 - gamza [17/Nov/2012:17:40:20 -0500] "GET /assets/bootstrap-wysihtml5/wysiwyg-color.css HTTP/1.1" 404 1044 "-" "Mozilla/5.0 (Macintosh; Intel Mac OS X 10_8_2) AppleWebKit/537.11 (KHTML, like Gecko) Chrome/23.0.1271.64 Safari/537.11"
108.204.30.115 - gamza [17/Nov/2012:17:41:00 -0500] "POST /assignments/116/groups HTTP/1.1" 302 1813 "https://www.gradecraft.com/assignments/116/groups/new" "Mozilla/5.0 (Macintosh; Intel Mac OS X 10_8_2) AppleWebKit/537.11 (KHTML, like Gecko) Chrome/23.0.1271.64 Safari/537.11"
108.204.30.115 - gamza [17/Nov/2012:17:41:00 -0500] "GET /assignments/116 HTTP/1.1" 200 5508 "https://www.gradecraft.com/assignments/116/groups/new" "Mozilla/5.0 (Macintosh; Intel Mac OS X 10_8_2) AppleWebKit/537.11 (KHTML, like Gecko) Chrome/23.0.1271.64 Safari/537.11"
108.204.30.115 - gamza [17/Nov/2012:17:41:04 -0500] "GET /assignments/116/grades/new?gradeable_id=57&gradeable_type=Group&group_id=57 HTTP/1.1" 200 3220 "https://www.gradecraft.com/assignments/116" "Mozilla/5.0 (Macintosh; Intel Mac OS X 10_8_2) AppleWebKit/537.11 (KHTML, like Gecko) Chrome/23.0.1271.64 Safari/537.11"
108.204.30.115 - gamza [17/Nov/2012:17:41:05 -0500] "GET /assets/bootstrap-wysihtml5/wysiwyg-color.css HTTP/1.1" 404 1044 "-" "Mozilla/5.0 (Macintosh; Intel Mac OS X 10_8_2) AppleWebKit/537.11 (KHTML, like Gecko) Chrome/23.0.1271.64 Safari/537.11"
