67.194.7.109 - nkoker [05/Oct/2012:13:13:54 -0400] "GET /assets/stylesheets/cyborg.min.css HTTP/1.1" 404 1044 "https://www.gradecraft.com/assignments/66?utf8=%E2%9C%93&assignment_id=66&team_id=11&commit=Filter" "Mozilla/5.0 (Macintosh; Intel Mac OS X 10.5; rv:10.0.2) Gecko/20100101 Firefox/10.0.2"
67.194.39.9 - - [05/Oct/2012:13:13:55 -0400] "GET /cosign/valid?cosign-www.gradecraft.com=uzj3HQvRGmpEFuugihA1DDFOjsdAsh0ums0iOzostfCPZ32J4NX6WydHavh1aZmGbZkxltc1Z2JOLhsg39vMrfhZk5WXC9lqDedEnM5y3G18Ovrt9qbAQSGIRjwa&https://www.gradecraft.com/ HTTP/1.1" 301 868 "https://weblogin.umich.edu/?cosign-www.gradecraft.com&https://www.gradecraft.com/" "Mozilla/5.0 (Windows NT 6.1; WOW64) AppleWebKit/537.4 (KHTML, like Gecko) Chrome/22.0.1229.79 Safari/537.4"
67.194.39.9 - mknauss [05/Oct/2012:13:13:55 -0400] "GET / HTTP/1.1" 200 5092 "https://weblogin.umich.edu/?cosign-www.gradecraft.com&https://www.gradecraft.com/" "Mozilla/5.0 (Windows NT 6.1; WOW64) AppleWebKit/537.4 (KHTML, like Gecko) Chrome/22.0.1229.79 Safari/537.4"
67.194.39.9 - mknauss [05/Oct/2012:13:13:56 -0400] "GET /assets/stylesheets/cyborg.min.css HTTP/1.1" 404 1044 "https://www.gradecraft.com/" "Mozilla/5.0 (Windows NT 6.1; WOW64) AppleWebKit/537.4 (KHTML, like Gecko) Chrome/22.0.1229.79 Safari/537.4"
67.194.39.9 - mknauss [05/Oct/2012:13:13:56 -0400] "GET /badges/pos101/phoebe_badge.jpg HTTP/1.1" 304 3262 "https://www.gradecraft.com/" "Mozilla/5.0 (Windows NT 6.1; WOW64) AppleWebKit/537.4 (KHTML, like Gecko) Chrome/22.0.1229.79 Safari/537.4"
67.194.39.9 - mknauss [05/Oct/2012:13:13:56 -0400] "GET /users/predictor.json?user_id=110 HTTP/1.1" 304 3902 "https://www.gradecraft.com/" "Mozilla/5.0 (Windows NT 6.1; WOW64) AppleWebKit/537.4 (KHTML, like Gecko) Chrome/22.0.1229.79 Safari/537.4"
67.194.39.9 - mknauss [05/Oct/2012:13:13:56 -0400] "GET /users/predictor.json?in_progress=true&user_id=110 HTTP/1.1" 304 869 "https://www.gradecraft.com/" "Mozilla/5.0 (Windows NT 6.1; WOW64) AppleWebKit/537.4 (KHTML, like Gecko) Chrome/22.0.1229.79 Safari/537.4"
67.194.7.109 - nkoker [05/Oct/2012:13:13:59 -0400] "GET /assignments/66/grades/3288/edit HTTP/1.1" 200 7716 "https://www.gradecraft.com/assignments/66?utf8=%E2%9C%93&assignment_id=66&team_id=11&commit=Filter" "Mozilla/5.0 (Macintosh; Intel Mac OS X 10.5; rv:10.0.2) Gecko/20100101 Firefox/10.0.2"
67.194.7.109 - nkoker [05/Oct/2012:13:13:59 -0400] "GET /assets/stylesheets/cyborg.min.css HTTP/1.1" 404 1044 "https://www.gradecraft.com/assignments/66/grades/3288/edit" "Mozilla/5.0 (Macintosh; Intel Mac OS X 10.5; rv:10.0.2) Gecko/20100101 Firefox/10.0.2"
67.194.7.109 - nkoker [05/Oct/2012:13:13:59 -0400] "GET /assets/stylesheets/cyborg.min.css HTTP/1.1" 404 1044 "https://www.gradecraft.com/assignments/66/grades/3288/edit" "Mozilla/5.0 (Macintosh; Intel Mac OS X 10.5; rv:10.0.2) Gecko/20100101 Firefox/10.0.2"
67.194.7.109 - nkoker [05/Oct/2012:13:13:59 -0400] "GET /assignments/66/grades/3288/lib/css/wysiwyg-color.css HTTP/1.1" 404 1044 "https://www.gradecraft.com/assignments/66/grades/3288/edit" "Mozilla/5.0 (Macintosh; Intel Mac OS X 10.5; rv:10.0.2) Gecko/20100101 Firefox/10.0.2"
67.194.7.109 - nkoker [05/Oct/2012:13:14:04 -0400] "POST /assignments/66/grades/3288 HTTP/1.1" 302 1652 "https://www.gradecraft.com/assignments/66/grades/3288/edit" "Mozilla/5.0 (Macintosh; Intel Mac OS X 10.5; rv:10.0.2) Gecko/20100101 Firefox/10.0.2"
67.194.7.109 - nkoker [05/Oct/2012:13:14:04 -0400] "GET /assignments/66 HTTP/1.1" 200 13769 "https://www.gradecraft.com/assignments/66/grades/3288/edit" "Mozilla/5.0 (Macintosh; Intel Mac OS X 10.5; rv:10.0.2) Gecko/20100101 Firefox/10.0.2"
67.194.7.109 - nkoker [05/Oct/2012:13:14:06 -0400] "GET /assets/stylesheets/cyborg.min.css HTTP/1.1" 404 1044 "https://www.gradecraft.com/assignments/66" "Mozilla/5.0 (Macintosh; Intel Mac OS X 10.5; rv:10.0.2) Gecko/20100101 Firefox/10.0.2"
67.194.39.9 - mknauss [05/Oct/2012:13:14:05 -0400] "GET /dashboard HTTP/1.1" 200 5092 "https://www.gradecraft.com/" "Mozilla/5.0 (Windows NT 6.1; WOW64) AppleWebKit/537.4 (KHTML, like Gecko) Chrome/22.0.1229.79 Safari/537.4"
67.194.39.9 - mknauss [05/Oct/2012:13:14:06 -0400] "GET /assets/stylesheets/cyborg.min.css HTTP/1.1" 404 1044 "https://www.gradecraft.com/dashboard" "Mozilla/5.0 (Windows NT 6.1; WOW64) AppleWebKit/537.4 (KHTML, like Gecko) Chrome/22.0.1229.79 Safari/537.4"
67.194.39.9 - mknauss [05/Oct/2012:13:14:06 -0400] "GET /users/predictor.json?user_id=110 HTTP/1.1" 304 869 "https://www.gradecraft.com/dashboard" "Mozilla/5.0 (Windows NT 6.1; WOW64) AppleWebKit/537.4 (KHTML, like Gecko) Chrome/22.0.1229.79 Safari/537.4"
67.194.39.9 - mknauss [05/Oct/2012:13:14:06 -0400] "GET /users/predictor.json?in_progress=true&user_id=110 HTTP/1.1" 304 869 "https://www.gradecraft.com/dashboard" "Mozilla/5.0 (Windows NT 6.1; WOW64) AppleWebKit/537.4 (KHTML, like Gecko) Chrome/22.0.1229.79 Safari/537.4"
67.194.7.109 - nkoker [05/Oct/2012:13:14:13 -0400] "GET /assignments/66?utf8=%E2%9C%93&assignment_id=66&team_id=12&commit=Filter HTTP/1.1" 200 3988 "https://www.gradecraft.com/assignments/66" "Mozilla/5.0 (Macintosh; Intel Mac OS X 10.5; rv:10.0.2) Gecko/20100101 Firefox/10.0.2"
67.194.7.109 - nkoker [05/Oct/2012:13:14:13 -0400] "GET /assets/stylesheets/cyborg.min.css HTTP/1.1" 404 1044 "https://www.gradecraft.com/assignments/66?utf8=%E2%9C%93&assignment_id=66&team_id=12&commit=Filter" "Mozilla/5.0 (Macintosh; Intel Mac OS X 10.5; rv:10.0.2) Gecko/20100101 Firefox/10.0.2"
67.194.7.109 - nkoker [05/Oct/2012:13:14:14 -0400] "GET /assets/stylesheets/cyborg.min.css HTTP/1.1" 404 1044 "https://www.gradecraft.com/assignments/66?utf8=%E2%9C%93&assignment_id=66&team_id=12&commit=Filter" "Mozilla/5.0 (Macintosh; Intel Mac OS X 10.5; rv:10.0.2) Gecko/20100101 Firefox/10.0.2"
67.194.7.109 - nkoker [05/Oct/2012:13:14:17 -0400] "GET /assignments/66/grades/3316/edit HTTP/1.1" 200 7716 "https://www.gradecraft.com/assignments/66?utf8=%E2%9C%93&assignment_id=66&team_id=12&commit=Filter" "Mozilla/5.0 (Macintosh; Intel Mac OS X 10.5; rv:10.0.2) Gecko/20100101 Firefox/10.0.2"
67.194.7.109 - nkoker [05/Oct/2012:13:14:17 -0400] "GET /assets/stylesheets/cyborg.min.css HTTP/1.1" 404 1044 "https://www.gradecraft.com/assignments/66/grades/3316/edit" "Mozilla/5.0 (Macintosh; Intel Mac OS X 10.5; rv:10.0.2) Gecko/20100101 Firefox/10.0.2"
67.194.7.109 - nkoker [05/Oct/2012:13:14:18 -0400] "GET /assets/stylesheets/cyborg.min.css HTTP/1.1" 404 1044 "https://www.gradecraft.com/assignments/66/grades/3316/edit" "Mozilla/5.0 (Macintosh; Intel Mac OS X 10.5; rv:10.0.2) Gecko/20100101 Firefox/10.0.2"
67.194.7.109 - nkoker [05/Oct/2012:13:14:18 -0400] "GET /assignments/66/grades/3316/lib/css/wysiwyg-color.css HTTP/1.1" 404 1044 "https://www.gradecraft.com/assignments/66/grades/3316/edit" "Mozilla/5.0 (Macintosh; Intel Mac OS X 10.5; rv:10.0.2) Gecko/20100101 Firefox/10.0.2"
67.194.7.109 - nkoker [05/Oct/2012:13:14:22 -0400] "POST /assignments/66/grades/3316 HTTP/1.1" 302 1652 "https://www.gradecraft.com/assignments/66/grades/3316/edit" "Mozilla/5.0 (Macintosh; Intel Mac OS X 10.5; rv:10.0.2) Gecko/20100101 Firefox/10.0.2"
67.194.7.109 - nkoker [05/Oct/2012:13:14:22 -0400] "GET /assignments/66 HTTP/1.1" 200 13785 "https://www.gradecraft.com/assignments/66/grades/3316/edit" "Mozilla/5.0 (Macintosh; Intel Mac OS X 10.5; rv:10.0.2) Gecko/20100101 Firefox/10.0.2"
67.194.7.109 - nkoker [05/Oct/2012:13:14:24 -0400] "GET /assets/stylesheets/cyborg.min.css HTTP/1.1" 404 1044 "https://www.gradecraft.com/assignments/66" "Mozilla/5.0 (Macintosh; Intel Mac OS X 10.5; rv:10.0.2) Gecko/20100101 Firefox/10.0.2"
67.194.7.109 - nkoker [05/Oct/2012:13:14:24 -0400] "GET /assets/stylesheets/cyborg.min.css HTTP/1.1" 404 1044 "https://www.gradecraft.com/assignments/66" "Mozilla/5.0 (Macintosh; Intel Mac OS X 10.5; rv:10.0.2) Gecko/20100101 Firefox/10.0.2"
67.194.7.109 - nkoker [05/Oct/2012:13:14:35 -0400] "GET /assignments/67?utf8=%E2%9C%93&assignment_id=67&team_id=11&commit=Filter HTTP/1.1" 200 4004 "https://www.gradecraft.com/assignments/67" "Mozilla/5.0 (Macintosh; Intel Mac OS X 10.5; rv:10.0.2) Gecko/20100101 Firefox/10.0.2"
67.194.7.109 - nkoker [05/Oct/2012:13:14:35 -0400] "GET /assets/stylesheets/cyborg.min.css HTTP/1.1" 404 1044 "https://www.gradecraft.com/assignments/67?utf8=%E2%9C%93&assignment_id=67&team_id=11&commit=Filter" "Mozilla/5.0 (Macintosh; Intel Mac OS X 10.5; rv:10.0.2) Gecko/20100101 Firefox/10.0.2"
67.194.7.109 - nkoker [05/Oct/2012:13:14:35 -0400] "GET /assets/stylesheets/cyborg.min.css HTTP/1.1" 404 1044 "https://www.gradecraft.com/assignments/67?utf8=%E2%9C%93&assignment_id=67&team_id=11&commit=Filter" "Mozilla/5.0 (Macintosh; Intel Mac OS X 10.5; rv:10.0.2) Gecko/20100101 Firefox/10.0.2"
67.194.7.109 - nkoker [05/Oct/2012:13:14:47 -0400] "GET /assignments/67?utf8=%E2%9C%93&assignment_id=67&team_id=12&commit=Filter HTTP/1.1" 200 4004 "https://www.gradecraft.com/assignments/67?utf8=%E2%9C%93&assignment_id=67&team_id=11&commit=Filter" "Mozilla/5.0 (Macintosh; Intel Mac OS X 10.5; rv:10.0.2) Gecko/20100101 Firefox/10.0.2"
67.194.7.109 - nkoker [05/Oct/2012:13:14:48 -0400] "GET /assets/stylesheets/cyborg.min.css HTTP/1.1" 404 1044 "https://www.gradecraft.com/assignments/67?utf8=%E2%9C%93&assignment_id=67&team_id=12&commit=Filter" "Mozilla/5.0 (Macintosh; Intel Mac OS X 10.5; rv:10.0.2) Gecko/20100101 Firefox/10.0.2"
67.194.7.109 - nkoker [05/Oct/2012:13:14:48 -0400] "GET /assets/stylesheets/cyborg.min.css HTTP/1.1" 404 1044 "https://www.gradecraft.com/assignments/67?utf8=%E2%9C%93&assignment_id=67&team_id=12&commit=Filter" "Mozilla/5.0 (Macintosh; Intel Mac OS X 10.5; rv:10.0.2) Gecko/20100101 Firefox/10.0.2"
67.194.7.109 - nkoker [05/Oct/2012:13:14:55 -0400] "GET /assignments/67/grades/4495/edit HTTP/1.1" 200 7716 "https://www.gradecraft.com/assignments/67?utf8=%E2%9C%93&assignment_id=67&team_id=12&commit=Filter" "Mozilla/5.0 (Macintosh; Intel Mac OS X 10.5; rv:10.0.2) Gecko/20100101 Firefox/10.0.2"
67.194.7.109 - nkoker [05/Oct/2012:13:14:56 -0400] "GET /assets/stylesheets/cyborg.min.css HTTP/1.1" 404 1044 "https://www.gradecraft.com/assignments/67/grades/4495/edit" "Mozilla/5.0 (Macintosh; Intel Mac OS X 10.5; rv:10.0.2) Gecko/20100101 Firefox/10.0.2"
67.194.7.109 - nkoker [05/Oct/2012:13:14:56 -0400] "GET /assets/stylesheets/cyborg.min.css HTTP/1.1" 404 1044 "https://www.gradecraft.com/assignments/67/grades/4495/edit" "Mozilla/5.0 (Macintosh; Intel Mac OS X 10.5; rv:10.0.2) Gecko/20100101 Firefox/10.0.2"
67.194.7.109 - nkoker [05/Oct/2012:13:14:56 -0400] "GET /assignments/67/grades/4495/lib/css/wysiwyg-color.css HTTP/1.1" 404 1044 "https://www.gradecraft.com/assignments/67/grades/4495/edit" "Mozilla/5.0 (Macintosh; Intel Mac OS X 10.5; rv:10.0.2) Gecko/20100101 Firefox/10.0.2"
67.194.7.109 - nkoker [05/Oct/2012:13:15:00 -0400] "POST /assignments/67/grades/4495 HTTP/1.1" 302 1652 "https://www.gradecraft.com/assignments/67/grades/4495/edit" "Mozilla/5.0 (Macintosh; Intel Mac OS X 10.5; rv:10.0.2) Gecko/20100101 Firefox/10.0.2"
67.194.7.109 - nkoker [05/Oct/2012:13:15:01 -0400] "GET /assignments/67 HTTP/1.1" 200 13721 "https://www.gradecraft.com/assignments/67/grades/4495/edit" "Mozilla/5.0 (Macintosh; Intel Mac OS X 10.5; rv:10.0.2) Gecko/20100101 Firefox/10.0.2"
67.194.7.109 - nkoker [05/Oct/2012:13:15:02 -0400] "GET /assets/stylesheets/cyborg.min.css HTTP/1.1" 404 1044 "https://www.gradecraft.com/assignments/67" "Mozilla/5.0 (Macintosh; Intel Mac OS X 10.5; rv:10.0.2) Gecko/20100101 Firefox/10.0.2"
67.194.7.109 - nkoker [05/Oct/2012:13:15:02 -0400] "GET /assets/stylesheets/cyborg.min.css HTTP/1.1" 404 1044 "https://www.gradecraft.com/assignments/67" "Mozilla/5.0 (Macintosh; Intel Mac OS X 10.5; rv:10.0.2) Gecko/20100101 Firefox/10.0.2"
141.211.120.148 - - [05/Oct/2012:13:15:05 -0400] "GET / HTTP/1.1" 302 3259 "https://sites.google.com/a/umich.edu/polsci101f2012/readings" "Mozilla/4.0 (compatible; MSIE 8.0; Windows NT 6.1; WOW64; Trident/4.0; SLCC2; .NET CLR 2.0.50727; .NET CLR 3.5.30729; .NET CLR 3.0.30729; Media Center PC 6.0; InfoPath.3; .NET4.0C; .NET4.0E)"
141.211.120.148 - - [05/Oct/2012:13:15:05 -0400] "GET /cosign/valid?cosign-www.gradecraft.com=XJTvlNnpHu4BpnKKZUWHqsFXt2IJLdloH-GUCl4zT-pFiQwANmewtHvW76uTLRmGR5UnVo5eRsQz3L8De+Tdi8+e0xivFnGGcvXEq3ibgUP2vznSnVaxLiNVda7c&https://www.gradecraft.com/ HTTP/1.1" 301 868 "https://sites.google.com/a/umich.edu/polsci101f2012/readings" "Mozilla/4.0 (compatible; MSIE 8.0; Windows NT 6.1; WOW64; Trident/4.0; SLCC2; .NET CLR 2.0.50727; .NET CLR 3.5.30729; .NET CLR 3.0.30729; Media Center PC 6.0; InfoPath.3; .NET4.0C; .NET4.0E)"
141.211.120.148 - cympan [05/Oct/2012:13:15:06 -0400] "GET / HTTP/1.1" 302 1348 "https://sites.google.com/a/umich.edu/polsci101f2012/readings" "Mozilla/4.0 (compatible; MSIE 8.0; Windows NT 6.1; WOW64; Trident/4.0; SLCC2; .NET CLR 2.0.50727; .NET CLR 3.5.30729; .NET CLR 3.0.30729; Media Center PC 6.0; InfoPath.3; .NET4.0C; .NET4.0E)"
141.211.120.148 - cympan [05/Oct/2012:13:15:06 -0400] "GET /dashboard HTTP/1.1" 200 0 "https://sites.google.com/a/umich.edu/polsci101f2012/readings" "Mozilla/4.0 (compatible; MSIE 8.0; Windows NT 6.1; WOW64; Trident/4.0; SLCC2; .NET CLR 2.0.50727; .NET CLR 3.5.30729; .NET CLR 3.0.30729; Media Center PC 6.0; InfoPath.3; .NET4.0C; .NET4.0E)"
141.211.120.148 - cympan [05/Oct/2012:13:15:06 -0400] "GET / HTTP/1.1" 200 5237 "https://sites.google.com/a/umich.edu/polsci101f2012/readings" "Mozilla/4.0 (compatible; MSIE 8.0; Windows NT 6.1; WOW64; Trident/4.0; SLCC2; .NET CLR 2.0.50727; .NET CLR 3.5.30729; .NET CLR 3.0.30729; Media Center PC 6.0; InfoPath.3; .NET4.0C; .NET4.0E)"
141.211.120.148 - cympan [05/Oct/2012:13:15:06 -0400] "GET /assets/application-ecd494f92b13eff6c1f1042a0c2c0300.css HTTP/1.1" 200 46973 "https://www.gradecraft.com/" "Mozilla/4.0 (compatible; MSIE 8.0; Windows NT 6.1; WOW64; Trident/4.0; SLCC2; .NET CLR 2.0.50727; .NET CLR 3.5.30729; .NET CLR 3.0.30729; Media Center PC 6.0; InfoPath.3; .NET4.0C; .NET4.0E)"
141.211.120.148 - cympan [05/Oct/2012:13:15:06 -0400] "GET /assets/stylesheets/cyborg.min.css HTTP/1.1" 404 1044 "https://www.gradecraft.com/" "Mozilla/4.0 (compatible; MSIE 8.0; Windows NT 6.1; WOW64; Trident/4.0; SLCC2; .NET CLR 2.0.50727; .NET CLR 3.5.30729; .NET CLR 3.0.30729; Media Center PC 6.0; InfoPath.3; .NET4.0C; .NET4.0E)"
67.194.26.250 - - [05/Oct/2012:13:15:06 -0400] "GET /dashboard HTTP/1.1" 302 3259 "-" "Mozilla/5.0 (Macintosh; Intel Mac OS X 10_8_1) AppleWebKit/536.25 (KHTML, like Gecko) Version/6.0 Safari/536.25"
141.211.120.148 - cympan [05/Oct/2012:13:15:06 -0400] "GET /assets/application-1c8a7386185fa79b964fbb3a368c2523.js HTTP/1.1" 200 204185 "https://www.gradecraft.com/" "Mozilla/4.0 (compatible; MSIE 8.0; Windows NT 6.1; WOW64; Trident/4.0; SLCC2; .NET CLR 2.0.50727; .NET CLR 3.5.30729; .NET CLR 3.0.30729; Media Center PC 6.0; InfoPath.3; .NET4.0C; .NET4.0E)"
141.211.120.148 - cympan [05/Oct/2012:13:15:07 -0400] "GET /assets/fontawesome-webfont.eot? HTTP/1.1" 200 39140 "https://www.gradecraft.com/" "Mozilla/4.0 (compatible; MSIE 8.0; Windows NT 6.1; WOW64; Trident/4.0; SLCC2; .NET CLR 2.0.50727; .NET CLR 3.5.30729; .NET CLR 3.0.30729; Media Center PC 6.0; InfoPath.3; .NET4.0C; .NET4.0E)"
141.211.120.148 - cympan [05/Oct/2012:13:15:07 -0400] "GET /badges/pos101/always_learning.png HTTP/1.1" 200 3066 "https://www.gradecraft.com/" "Mozilla/4.0 (compatible; MSIE 8.0; Windows NT 6.1; WOW64; Trident/4.0; SLCC2; .NET CLR 2.0.50727; .NET CLR 3.5.30729; .NET CLR 3.0.30729; Media Center PC 6.0; InfoPath.3; .NET4.0C; .NET4.0E)"
141.211.120.148 - cympan [05/Oct/2012:13:15:07 -0400] "GET /badges/pos101/above_and_beyond.png HTTP/1.1" 200 6234 "https://www.gradecraft.com/" "Mozilla/4.0 (compatible; MSIE 8.0; Windows NT 6.1; WOW64; Trident/4.0; SLCC2; .NET CLR 2.0.50727; .NET CLR 3.5.30729; .NET CLR 3.0.30729; Media Center PC 6.0; InfoPath.3; .NET4.0C; .NET4.0E)"
141.211.120.148 - cympan [05/Oct/2012:13:15:07 -0400] "GET /badges/pos101/great_critic.png HTTP/1.1" 200 5306 "https://www.gradecraft.com/" "Mozilla/4.0 (compatible; MSIE 8.0; Windows NT 6.1; WOW64; Trident/4.0; SLCC2; .NET CLR 2.0.50727; .NET CLR 3.5.30729; .NET CLR 3.0.30729; Media Center PC 6.0; InfoPath.3; .NET4.0C; .NET4.0E)"
141.211.120.148 - cympan [05/Oct/2012:13:15:07 -0400] "GET /badges/pos101/courageous_failure.png HTTP/1.1" 200 8410 "https://www.gradecraft.com/" "Mozilla/4.0 (compatible; MSIE 8.0; Windows NT 6.1; WOW64; Trident/4.0; SLCC2; .NET CLR 2.0.50727; .NET CLR 3.5.30729; .NET CLR 3.0.30729; Media Center PC 6.0; InfoPath.3; .NET4.0C; .NET4.0E)"
141.211.120.148 - cympan [05/Oct/2012:13:15:07 -0400] "GET /badges/pos101/early_bird_special.png HTTP/1.1" 200 4602 "https://www.gradecraft.com/" "Mozilla/4.0 (compatible; MSIE 8.0; Windows NT 6.1; WOW64; Trident/4.0; SLCC2; .NET CLR 2.0.50727; .NET CLR 3.5.30729; .NET CLR 3.0.30729; Media Center PC 6.0; InfoPath.3; .NET4.0C; .NET4.0E)"
141.211.120.148 - cympan [05/Oct/2012:13:15:07 -0400] "GET /badges/pos101/examination_expert.png HTTP/1.1" 200 4042 "https://www.gradecraft.com/" "Mozilla/4.0 (compatible; MSIE 8.0; Windows NT 6.1; WOW64; Trident/4.0; SLCC2; .NET CLR 2.0.50727; .NET CLR 3.5.30729; .NET CLR 3.0.30729; Media Center PC 6.0; InfoPath.3; .NET4.0C; .NET4.0E)"
141.211.120.148 - cympan [05/Oct/2012:13:15:07 -0400] "GET /badges/pos101/gaining_experience.png HTTP/1.1" 200 8458 "https://www.gradecraft.com/" "Mozilla/4.0 (compatible; MSIE 8.0; Windows NT 6.1; WOW64; Trident/4.0; SLCC2; .NET CLR 2.0.50727; .NET CLR 3.5.30729; .NET CLR 3.0.30729; Media Center PC 6.0; InfoPath.3; .NET4.0C; .NET4.0E)"
141.211.120.148 - cympan [05/Oct/2012:13:15:07 -0400] "GET /badges/pos101/gamer.png HTTP/1.1" 200 4378 "https://www.gradecraft.com/" "Mozilla/4.0 (compatible; MSIE 8.0; Windows NT 6.1; WOW64; Trident/4.0; SLCC2; .NET CLR 2.0.50727; .NET CLR 3.5.30729; .NET CLR 3.0.30729; Media Center PC 6.0; InfoPath.3; .NET4.0C; .NET4.0E)"
141.211.120.148 - cympan [05/Oct/2012:13:15:07 -0400] "GET /badges/pos101/awesome_aggregator.png HTTP/1.1" 200 5803 "https://www.gradecraft.com/" "Mozilla/4.0 (compatible; MSIE 8.0; Windows NT 6.1; WOW64; Trident/4.0; SLCC2; .NET CLR 2.0.50727; .NET CLR 3.5.30729; .NET CLR 3.0.30729; Media Center PC 6.0; InfoPath.3; .NET4.0C; .NET4.0E)"
141.211.120.148 - cympan [05/Oct/2012:13:15:07 -0400] "GET /badges/pos101/learning_from_mistakes.png HTTP/1.1" 200 8362 "https://www.gradecraft.com/" "Mozilla/4.0 (compatible; MSIE 8.0; Windows NT 6.1; WOW64; Trident/4.0; SLCC2; .NET CLR 2.0.50727; .NET CLR 3.5.30729; .NET CLR 3.0.30729; Media Center PC 6.0; InfoPath.3; .NET4.0C; .NET4.0E)"
141.211.120.148 - cympan [05/Oct/2012:13:15:07 -0400] "GET /badges/pos101/teachers_pet.png HTTP/1.1" 200 3339 "https://www.gradecraft.com/" "Mozilla/4.0 (compatible; MSIE 8.0; Windows NT 6.1; WOW64; Trident/4.0; SLCC2; .NET CLR 2.0.50727; .NET CLR 3.5.30729; .NET CLR 3.0.30729; Media Center PC 6.0; InfoPath.3; .NET4.0C; .NET4.0E)"
141.211.120.148 - cympan [05/Oct/2012:13:15:07 -0400] "GET /badges/pos101/level_one.png HTTP/1.1" 200 4458 "https://www.gradecraft.com/" "Mozilla/4.0 (compatible; MSIE 8.0; Windows NT 6.1; WOW64; Trident/4.0; SLCC2; .NET CLR 2.0.50727; .NET CLR 3.5.30729; .NET CLR 3.0.30729; Media Center PC 6.0; InfoPath.3; .NET4.0C; .NET4.0E)"
141.211.120.148 - cympan [05/Oct/2012:13:15:07 -0400] "GET /badges/pos101/presentation_of_self.png HTTP/1.1" 200 5643 "https://www.gradecraft.com/" "Mozilla/4.0 (compatible; MSIE 8.0; Windows NT 6.1; WOW64; Trident/4.0; SLCC2; .NET CLR 2.0.50727; .NET CLR 3.5.30729; .NET CLR 3.0.30729; Media Center PC 6.0; InfoPath.3; .NET4.0C; .NET4.0E)"
141.211.120.148 - cympan [05/Oct/2012:13:15:07 -0400] "GET /badges/pos101/personal.png HTTP/1.1" 200 4474 "https://www.gradecraft.com/" "Mozilla/4.0 (compatible; MSIE 8.0; Windows NT 6.1; WOW64; Trident/4.0; SLCC2; .NET CLR 2.0.50727; .NET CLR 3.5.30729; .NET CLR 3.0.30729; Media Center PC 6.0; InfoPath.3; .NET4.0C; .NET4.0E)"
141.211.120.148 - cympan [05/Oct/2012:13:15:07 -0400] "GET /badges/pos101/concentrator.png HTTP/1.1" 200 3739 "https://www.gradecraft.com/" "Mozilla/4.0 (compatible; MSIE 8.0; Windows NT 6.1; WOW64; Trident/4.0; SLCC2; .NET CLR 2.0.50727; .NET CLR 3.5.30729; .NET CLR 3.0.30729; Media Center PC 6.0; InfoPath.3; .NET4.0C; .NET4.0E)"
141.211.120.148 - cympan [05/Oct/2012:13:15:07 -0400] "GET /badges/pos101/participatory_democrat.png HTTP/1.1" 200 5354 "https://www.gradecraft.com/" "Mozilla/4.0 (compatible; MSIE 8.0; Windows NT 6.1; WOW64; Trident/4.0; SLCC2; .NET CLR 2.0.50727; .NET CLR 3.5.30729; .NET CLR 3.0.30729; Media Center PC 6.0; InfoPath.3; .NET4.0C; .NET4.0E)"
141.211.120.148 - cympan [05/Oct/2012:13:15:07 -0400] "GET /badges/pos101/practice_makes_perfect.png HTTP/1.1" 200 6010 "https://www.gradecraft.com/" "Mozilla/4.0 (compatible; MSIE 8.0; Windows NT 6.1; WOW64; Trident/4.0; SLCC2; .NET CLR 2.0.50727; .NET CLR 3.5.30729; .NET CLR 3.0.30729; Media Center PC 6.0; InfoPath.3; .NET4.0C; .NET4.0E)"
141.211.120.148 - cympan [05/Oct/2012:13:15:07 -0400] "GET /badges/pos101/public_speaker.png HTTP/1.1" 200 5482 "https://www.gradecraft.com/" "Mozilla/4.0 (compatible; MSIE 8.0; Windows NT 6.1; WOW64; Trident/4.0; SLCC2; .NET CLR 2.0.50727; .NET CLR 3.5.30729; .NET CLR 3.0.30729; Media Center PC 6.0; InfoPath.3; .NET4.0C; .NET4.0E)"
141.211.120.148 - cympan [05/Oct/2012:13:15:07 -0400] "GET /badges/pos101/times_immemorial.png HTTP/1.1" 200 5722 "https://www.gradecraft.com/" "Mozilla/4.0 (compatible; MSIE 8.0; Windows NT 6.1; WOW64; Trident/4.0; SLCC2; .NET CLR 2.0.50727; .NET CLR 3.5.30729; .NET CLR 3.0.30729; Media Center PC 6.0; InfoPath.3; .NET4.0C; .NET4.0E)"
141.211.120.148 - cympan [05/Oct/2012:13:15:07 -0400] "GET /badges/pos101/scribe.png HTTP/1.1" 200 3002 "https://www.gradecraft.com/" "Mozilla/4.0 (compatible; MSIE 8.0; Windows NT 6.1; WOW64; Trident/4.0; SLCC2; .NET CLR 2.0.50727; .NET CLR 3.5.30729; .NET CLR 3.0.30729; Media Center PC 6.0; InfoPath.3; .NET4.0C; .NET4.0E)"
141.211.120.148 - cympan [05/Oct/2012:13:15:07 -0400] "GET /badges/pos101/phoebe_badge.jpg HTTP/1.1" 200 5994 "https://www.gradecraft.com/" "Mozilla/4.0 (compatible; MSIE 8.0; Windows NT 6.1; WOW64; Trident/4.0; SLCC2; .NET CLR 2.0.50727; .NET CLR 3.5.30729; .NET CLR 3.0.30729; Media Center PC 6.0; InfoPath.3; .NET4.0C; .NET4.0E)"
141.211.120.148 - cympan [05/Oct/2012:13:15:10 -0400] "GET /favicon.ico HTTP/1.1" 200 4650 "-" "Mozilla/4.0 (compatible; MSIE 8.0; Windows NT 6.1; WOW64; Trident/4.0; SLCC2; .NET CLR 2.0.50727; .NET CLR 3.5.30729; .NET CLR 3.0.30729; Media Center PC 6.0; InfoPath.3; .NET4.0C; .NET4.0E)"
141.211.120.148 - cympan [05/Oct/2012:13:15:10 -0400] "GET /users/predictor.json?user_id=134 HTTP/1.1" 200 1610 "https://www.gradecraft.com/" "Mozilla/4.0 (compatible; MSIE 8.0; Windows NT 6.1; WOW64; Trident/4.0; SLCC2; .NET CLR 2.0.50727; .NET CLR 3.5.30729; .NET CLR 3.0.30729; Media Center PC 6.0; InfoPath.3; .NET4.0C; .NET4.0E)"
141.211.120.148 - cympan [05/Oct/2012:13:15:10 -0400] "GET /users/predictor.json?in_progress=true&user_id=134 HTTP/1.1" 200 1610 "https://www.gradecraft.com/" "Mozilla/4.0 (compatible; MSIE 8.0; Windows NT 6.1; WOW64; Trident/4.0; SLCC2; .NET CLR 2.0.50727; .NET CLR 3.5.30729; .NET CLR 3.0.30729; Media Center PC 6.0; InfoPath.3; .NET4.0C; .NET4.0E)"
67.194.26.250 - - [05/Oct/2012:13:15:13 -0400] "GET /cosign/valid?cosign-www.gradecraft.com=BfzgCxijB76rliGSCPm6Fzy6eFwhOFUZ59FUe-4BwHmJviXXVUgM9KrbmIrkqPffGh6y20DuAVC8W2EM6cI6ZZ3ayVZkTnbADItnXBbchLs7n4yv+uzNXGQuHrJc&https://www.gradecraft.com/dashboard HTTP/1.1" 301 900 "https://weblogin.umich.edu/?cosign-www.gradecraft.com&https://www.gradecraft.com/dashboard" "Mozilla/5.0 (Macintosh; Intel Mac OS X 10_8_1) AppleWebKit/536.25 (KHTML, like Gecko) Version/6.0 Safari/536.25"
67.194.26.250 - japete [05/Oct/2012:13:15:13 -0400] "GET /dashboard HTTP/1.1" 302 1364 "https://weblogin.umich.edu/?cosign-www.gradecraft.com&https://www.gradecraft.com/dashboard" "Mozilla/5.0 (Macintosh; Intel Mac OS X 10_8_1) AppleWebKit/536.25 (KHTML, like Gecko) Version/6.0 Safari/536.25"
67.194.26.250 - japete [05/Oct/2012:13:15:14 -0400] "GET /dashboard HTTP/1.1" 200 5092 "https://weblogin.umich.edu/?cosign-www.gradecraft.com&https://www.gradecraft.com/dashboard" "Mozilla/5.0 (Macintosh; Intel Mac OS X 10_8_1) AppleWebKit/536.25 (KHTML, like Gecko) Version/6.0 Safari/536.25"
67.194.7.109 - nkoker [05/Oct/2012:13:15:14 -0400] "GET /assignments/68?utf8=%E2%9C%93&assignment_id=68&team_id=11&commit=Filter HTTP/1.1" 200 4004 "https://www.gradecraft.com/assignments/68" "Mozilla/5.0 (Macintosh; Intel Mac OS X 10.5; rv:10.0.2) Gecko/20100101 Firefox/10.0.2"
67.194.7.109 - nkoker [05/Oct/2012:13:15:14 -0400] "GET /assets/stylesheets/cyborg.min.css HTTP/1.1" 404 1044 "https://www.gradecraft.com/assignments/68?utf8=%E2%9C%93&assignment_id=68&team_id=11&commit=Filter" "Mozilla/5.0 (Macintosh; Intel Mac OS X 10.5; rv:10.0.2) Gecko/20100101 Firefox/10.0.2"
67.194.7.109 - nkoker [05/Oct/2012:13:15:15 -0400] "GET /assets/stylesheets/cyborg.min.css HTTP/1.1" 404 1044 "https://www.gradecraft.com/assignments/68?utf8=%E2%9C%93&assignment_id=68&team_id=11&commit=Filter" "Mozilla/5.0 (Macintosh; Intel Mac OS X 10.5; rv:10.0.2) Gecko/20100101 Firefox/10.0.2"
67.194.17.105 - justwill [05/Oct/2012:13:15:15 -0400] "POST /assignments/67/grades/3570 HTTP/1.1" 302 1797 "https://www.gradecraft.com/assignments/67/grades/3570/edit" "Mozilla/5.0 (X11; Linux x86_64; rv:15.0) Gecko/20100101 Firefox/15.0.1"
67.194.26.250 - japete [05/Oct/2012:13:15:16 -0400] "GET /assets/stylesheets/cyborg.min.css HTTP/1.1" 404 1044 "https://www.gradecraft.com/dashboard" "Mozilla/5.0 (Macintosh; Intel Mac OS X 10_8_1) AppleWebKit/536.25 (KHTML, like Gecko) Version/6.0 Safari/536.25"
67.194.26.250 - japete [05/Oct/2012:13:15:16 -0400] "GET /assets/application-ecd494f92b13eff6c1f1042a0c2c0300.css HTTP/1.1" 200 47118 "https://www.gradecraft.com/dashboard" "Mozilla/5.0 (Macintosh; Intel Mac OS X 10_8_1) AppleWebKit/536.25 (KHTML, like Gecko) Version/6.0 Safari/536.25"
67.194.26.250 - japete [05/Oct/2012:13:15:16 -0400] "GET /assets/application-1c8a7386185fa79b964fbb3a368c2523.js HTTP/1.1" 200 204185 "https://www.gradecraft.com/dashboard" "Mozilla/5.0 (Macintosh; Intel Mac OS X 10_8_1) AppleWebKit/536.25 (KHTML, like Gecko) Version/6.0 Safari/536.25"
67.194.26.250 - japete [05/Oct/2012:13:15:16 -0400] "GET /badges/pos101/always_learning.png HTTP/1.1" 200 3066 "https://www.gradecraft.com/dashboard" "Mozilla/5.0 (Macintosh; Intel Mac OS X 10_8_1) AppleWebKit/536.25 (KHTML, like Gecko) Version/6.0 Safari/536.25"
67.194.26.250 - japete [05/Oct/2012:13:15:16 -0400] "GET /badges/pos101/awesome_aggregator.png HTTP/1.1" 200 5803 "https://www.gradecraft.com/dashboard" "Mozilla/5.0 (Macintosh; Intel Mac OS X 10_8_1) AppleWebKit/536.25 (KHTML, like Gecko) Version/6.0 Safari/536.25"
67.194.26.250 - japete [05/Oct/2012:13:15:16 -0400] "GET /badges/pos101/above_and_beyond.png HTTP/1.1" 200 6379 "https://www.gradecraft.com/dashboard" "Mozilla/5.0 (Macintosh; Intel Mac OS X 10_8_1) AppleWebKit/536.25 (KHTML, like Gecko) Version/6.0 Safari/536.25"
67.194.26.250 - japete [05/Oct/2012:13:15:16 -0400] "GET /badges/pos101/great_critic.png HTTP/1.1" 200 5306 "https://www.gradecraft.com/dashboard" "Mozilla/5.0 (Macintosh; Intel Mac OS X 10_8_1) AppleWebKit/536.25 (KHTML, like Gecko) Version/6.0 Safari/536.25"
67.194.26.250 - japete [05/Oct/2012:13:15:16 -0400] "GET /users/predictor.json?user_id=157 HTTP/1.1" 200 1610 "https://www.gradecraft.com/dashboard" "Mozilla/5.0 (Macintosh; Intel Mac OS X 10_8_1) AppleWebKit/536.25 (KHTML, like Gecko) Version/6.0 Safari/536.25"
67.194.26.250 - japete [05/Oct/2012:13:15:16 -0400] "GET /badges/pos101/teachers_pet.png HTTP/1.1" 200 3194 "https://www.gradecraft.com/dashboard" "Mozilla/5.0 (Macintosh; Intel Mac OS X 10_8_1) AppleWebKit/536.25 (KHTML, like Gecko) Version/6.0 Safari/536.25"
67.194.26.250 - japete [05/Oct/2012:13:15:16 -0400] "GET /users/predictor.json?in_progress=true&user_id=157 HTTP/1.1" 200 1626 "https://www.gradecraft.com/dashboard" "Mozilla/5.0 (Macintosh; Intel Mac OS X 10_8_1) AppleWebKit/536.25 (KHTML, like Gecko) Version/6.0 Safari/536.25"
67.194.26.250 - japete [05/Oct/2012:13:15:16 -0400] "GET /badges/pos101/courageous_failure.png HTTP/1.1" 200 8410 "https://www.gradecraft.com/dashboard" "Mozilla/5.0 (Macintosh; Intel Mac OS X 10_8_1) AppleWebKit/536.25 (KHTML, like Gecko) Version/6.0 Safari/536.25"
67.194.26.250 - japete [05/Oct/2012:13:15:16 -0400] "GET /badges/pos101/early_bird_special.png HTTP/1.1" 200 4602 "https://www.gradecraft.com/dashboard" "Mozilla/5.0 (Macintosh; Intel Mac OS X 10_8_1) AppleWebKit/536.25 (KHTML, like Gecko) Version/6.0 Safari/536.25"
67.194.26.250 - japete [05/Oct/2012:13:15:17 -0400] "GET /badges/pos101/gaining_experience.png HTTP/1.1" 200 8458 "https://www.gradecraft.com/dashboard" "Mozilla/5.0 (Macintosh; Intel Mac OS X 10_8_1) AppleWebKit/536.25 (KHTML, like Gecko) Version/6.0 Safari/536.25"
67.194.26.250 - japete [05/Oct/2012:13:15:17 -0400] "GET /badges/pos101/gamer.png HTTP/1.1" 200 4378 "https://www.gradecraft.com/dashboard" "Mozilla/5.0 (Macintosh; Intel Mac OS X 10_8_1) AppleWebKit/536.25 (KHTML, like Gecko) Version/6.0 Safari/536.25"
67.194.26.250 - japete [05/Oct/2012:13:15:17 -0400] "GET /badges/pos101/learning_from_mistakes.png HTTP/1.1" 200 8362 "https://www.gradecraft.com/dashboard" "Mozilla/5.0 (Macintosh; Intel Mac OS X 10_8_1) AppleWebKit/536.25 (KHTML, like Gecko) Version/6.0 Safari/536.25"
67.194.26.250 - japete [05/Oct/2012:13:15:17 -0400] "GET /badges/pos101/personal.png HTTP/1.1" 200 4474 "https://www.gradecraft.com/dashboard" "Mozilla/5.0 (Macintosh; Intel Mac OS X 10_8_1) AppleWebKit/536.25 (KHTML, like Gecko) Version/6.0 Safari/536.25"
67.194.26.250 - japete [05/Oct/2012:13:15:17 -0400] "GET /badges/pos101/concentrator.png HTTP/1.1" 200 3594 "https://www.gradecraft.com/dashboard" "Mozilla/5.0 (Macintosh; Intel Mac OS X 10_8_1) AppleWebKit/536.25 (KHTML, like Gecko) Version/6.0 Safari/536.25"
67.194.26.250 - japete [05/Oct/2012:13:15:17 -0400] "GET /badges/pos101/participatory_democrat.png HTTP/1.1" 200 5354 "https://www.gradecraft.com/dashboard" "Mozilla/5.0 (Macintosh; Intel Mac OS X 10_8_1) AppleWebKit/536.25 (KHTML, like Gecko) Version/6.0 Safari/536.25"
67.194.26.250 - japete [05/Oct/2012:13:15:17 -0400] "GET /badges/pos101/practice_makes_perfect.png HTTP/1.1" 200 6010 "https://www.gradecraft.com/dashboard" "Mozilla/5.0 (Macintosh; Intel Mac OS X 10_8_1) AppleWebKit/536.25 (KHTML, like Gecko) Version/6.0 Safari/536.25"
67.194.26.250 - japete [05/Oct/2012:13:15:17 -0400] "GET /badges/pos101/public_speaker.png HTTP/1.1" 200 5482 "https://www.gradecraft.com/dashboard" "Mozilla/5.0 (Macintosh; Intel Mac OS X 10_8_1) AppleWebKit/536.25 (KHTML, like Gecko) Version/6.0 Safari/536.25"
67.194.26.250 - japete [05/Oct/2012:13:15:17 -0400] "GET /badges/pos101/scribe.png HTTP/1.1" 200 3002 "https://www.gradecraft.com/dashboard" "Mozilla/5.0 (Macintosh; Intel Mac OS X 10_8_1) AppleWebKit/536.25 (KHTML, like Gecko) Version/6.0 Safari/536.25"
67.194.26.250 - japete [05/Oct/2012:13:15:17 -0400] "GET /badges/pos101/times_immemorial.png HTTP/1.1" 200 5722 "https://www.gradecraft.com/dashboard" "Mozilla/5.0 (Macintosh; Intel Mac OS X 10_8_1) AppleWebKit/536.25 (KHTML, like Gecko) Version/6.0 Safari/536.25"
67.194.26.250 - japete [05/Oct/2012:13:15:17 -0400] "GET /badges/pos101/phoebe_badge.jpg HTTP/1.1" 200 5994 "https://www.gradecraft.com/dashboard" "Mozilla/5.0 (Macintosh; Intel Mac OS X 10_8_1) AppleWebKit/536.25 (KHTML, like Gecko) Version/6.0 Safari/536.25"
67.194.26.250 - japete [05/Oct/2012:13:15:17 -0400] "GET /badges/pos101/examination_expert.png HTTP/1.1" 200 4042 "https://www.gradecraft.com/dashboard" "Mozilla/5.0 (Macintosh; Intel Mac OS X 10_8_1) AppleWebKit/536.25 (KHTML, like Gecko) Version/6.0 Safari/536.25"
67.194.17.105 - justwill [05/Oct/2012:13:15:16 -0400] "GET /assignments/67 HTTP/1.1" 200 13737 "https://www.gradecraft.com/assignments/67/grades/3570/edit" "Mozilla/5.0 (X11; Linux x86_64; rv:15.0) Gecko/20100101 Firefox/15.0.1"
67.194.17.105 - justwill [05/Oct/2012:13:15:17 -0400] "GET /assets/stylesheets/cyborg.min.css HTTP/1.1" 404 1044 "https://www.gradecraft.com/assignments/67" "Mozilla/5.0 (X11; Linux x86_64; rv:15.0) Gecko/20100101 Firefox/15.0.1"
67.194.26.250 - japete [05/Oct/2012:13:15:17 -0400] "GET /badges/pos101/presentation_of_self.png HTTP/1.1" 200 5643 "https://www.gradecraft.com/dashboard" "Mozilla/5.0 (Macintosh; Intel Mac OS X 10_8_1) AppleWebKit/536.25 (KHTML, like Gecko) Version/6.0 Safari/536.25"
67.194.26.250 - japete [05/Oct/2012:13:15:18 -0400] "GET /badges/pos101/level_one.png HTTP/1.1" 200 4458 "https://www.gradecraft.com/dashboard" "Mozilla/5.0 (Macintosh; Intel Mac OS X 10_8_1) AppleWebKit/536.25 (KHTML, like Gecko) Version/6.0 Safari/536.25"
67.194.17.105 - justwill [05/Oct/2012:13:15:19 -0400] "GET /assets/stylesheets/cyborg.min.css HTTP/1.1" 404 1044 "https://www.gradecraft.com/assignments/67" "Mozilla/5.0 (X11; Linux x86_64; rv:15.0) Gecko/20100101 Firefox/15.0.1"
67.194.7.109 - nkoker [05/Oct/2012:13:15:22 -0400] "GET /assignments/68?utf8=%E2%9C%93&assignment_id=68&team_id=12&commit=Filter HTTP/1.1" 200 4020 "https://www.gradecraft.com/assignments/68?utf8=%E2%9C%93&assignment_id=68&team_id=11&commit=Filter" "Mozilla/5.0 (Macintosh; Intel Mac OS X 10.5; rv:10.0.2) Gecko/20100101 Firefox/10.0.2"
67.194.7.109 - nkoker [05/Oct/2012:13:15:22 -0400] "GET /assets/stylesheets/cyborg.min.css HTTP/1.1" 404 1044 "https://www.gradecraft.com/assignments/68?utf8=%E2%9C%93&assignment_id=68&team_id=12&commit=Filter" "Mozilla/5.0 (Macintosh; Intel Mac OS X 10.5; rv:10.0.2) Gecko/20100101 Firefox/10.0.2"
67.194.7.109 - nkoker [05/Oct/2012:13:15:23 -0400] "GET /assets/stylesheets/cyborg.min.css HTTP/1.1" 404 1044 "https://www.gradecraft.com/assignments/68?utf8=%E2%9C%93&assignment_id=68&team_id=12&commit=Filter" "Mozilla/5.0 (Macintosh; Intel Mac OS X 10.5; rv:10.0.2) Gecko/20100101 Firefox/10.0.2"
67.194.17.105 - justwill [05/Oct/2012:13:15:26 -0400] "GET /assignments HTTP/1.1" 200 5412 "https://www.gradecraft.com/assignments/67" "Mozilla/5.0 (X11; Linux x86_64; rv:15.0) Gecko/20100101 Firefox/15.0.1"
67.194.17.105 - justwill [05/Oct/2012:13:15:27 -0400] "GET /assets/stylesheets/cyborg.min.css HTTP/1.1" 404 1044 "https://www.gradecraft.com/assignments" "Mozilla/5.0 (X11; Linux x86_64; rv:15.0) Gecko/20100101 Firefox/15.0.1"
67.194.17.105 - justwill [05/Oct/2012:13:15:29 -0400] "GET /assets/stylesheets/cyborg.min.css HTTP/1.1" 404 1044 "https://www.gradecraft.com/assignments" "Mozilla/5.0 (X11; Linux x86_64; rv:15.0) Gecko/20100101 Firefox/15.0.1"
67.194.7.109 - nkoker [05/Oct/2012:13:15:29 -0400] "GET /assignments/68/grades/4779/edit HTTP/1.1" 200 7716 "https://www.gradecraft.com/assignments/68?utf8=%E2%9C%93&assignment_id=68&team_id=12&commit=Filter" "Mozilla/5.0 (Macintosh; Intel Mac OS X 10.5; rv:10.0.2) Gecko/20100101 Firefox/10.0.2"
67.194.7.109 - nkoker [05/Oct/2012:13:15:30 -0400] "GET /assets/stylesheets/cyborg.min.css HTTP/1.1" 404 1044 "https://www.gradecraft.com/assignments/68/grades/4779/edit" "Mozilla/5.0 (Macintosh; Intel Mac OS X 10.5; rv:10.0.2) Gecko/20100101 Firefox/10.0.2"
67.194.7.109 - nkoker [05/Oct/2012:13:15:30 -0400] "GET /assets/stylesheets/cyborg.min.css HTTP/1.1" 404 1044 "https://www.gradecraft.com/assignments/68/grades/4779/edit" "Mozilla/5.0 (Macintosh; Intel Mac OS X 10.5; rv:10.0.2) Gecko/20100101 Firefox/10.0.2"
67.194.7.109 - nkoker [05/Oct/2012:13:15:30 -0400] "GET /assignments/68/grades/4779/lib/css/wysiwyg-color.css HTTP/1.1" 404 1044 "https://www.gradecraft.com/assignments/68/grades/4779/edit" "Mozilla/5.0 (Macintosh; Intel Mac OS X 10.5; rv:10.0.2) Gecko/20100101 Firefox/10.0.2"
67.194.7.109 - nkoker [05/Oct/2012:13:15:34 -0400] "POST /assignments/68/grades/4779 HTTP/1.1" 302 1652 "https://www.gradecraft.com/assignments/68/grades/4779/edit" "Mozilla/5.0 (Macintosh; Intel Mac OS X 10.5; rv:10.0.2) Gecko/20100101 Firefox/10.0.2"
67.194.7.109 - nkoker [05/Oct/2012:13:15:34 -0400] "GET /assignments/68 HTTP/1.1" 200 13737 "https://www.gradecraft.com/assignments/68/grades/4779/edit" "Mozilla/5.0 (Macintosh; Intel Mac OS X 10.5; rv:10.0.2) Gecko/20100101 Firefox/10.0.2"
67.194.7.109 - nkoker [05/Oct/2012:13:15:36 -0400] "GET /assets/stylesheets/cyborg.min.css HTTP/1.1" 404 1044 "https://www.gradecraft.com/assignments/68" "Mozilla/5.0 (Macintosh; Intel Mac OS X 10.5; rv:10.0.2) Gecko/20100101 Firefox/10.0.2"
67.194.17.105 - justwill [05/Oct/2012:13:15:37 -0400] "GET /assignments/68 HTTP/1.1" 200 13513 "https://www.gradecraft.com/assignments" "Mozilla/5.0 (X11; Linux x86_64; rv:15.0) Gecko/20100101 Firefox/15.0.1"
67.194.17.105 - justwill [05/Oct/2012:13:15:39 -0400] "GET /assets/stylesheets/cyborg.min.css HTTP/1.1" 404 1044 "https://www.gradecraft.com/assignments/68" "Mozilla/5.0 (X11; Linux x86_64; rv:15.0) Gecko/20100101 Firefox/15.0.1"
141.211.120.148 - cympan [05/Oct/2012:13:15:40 -0400] "GET / HTTP/1.1" 304 1062 "-" "Mozilla/4.0 (compatible; MSIE 8.0; Windows NT 6.1; WOW64; Trident/4.0; SLCC2; .NET CLR 2.0.50727; .NET CLR 3.5.30729; .NET CLR 3.0.30729; Media Center PC 6.0; InfoPath.3; .NET4.0C; .NET4.0E)"
141.211.120.148 - cympan [05/Oct/2012:13:15:41 -0400] "GET /assets/stylesheets/cyborg.min.css HTTP/1.1" 404 1044 "https://www.gradecraft.com/" "Mozilla/4.0 (compatible; MSIE 8.0; Windows NT 6.1; WOW64; Trident/4.0; SLCC2; .NET CLR 2.0.50727; .NET CLR 3.5.30729; .NET CLR 3.0.30729; Media Center PC 6.0; InfoPath.3; .NET4.0C; .NET4.0E)"
67.194.17.105 - justwill [05/Oct/2012:13:15:41 -0400] "GET /assets/stylesheets/cyborg.min.css HTTP/1.1" 404 1044 "https://www.gradecraft.com/assignments/68" "Mozilla/5.0 (X11; Linux x86_64; rv:15.0) Gecko/20100101 Firefox/15.0.1"
141.211.120.148 - cympan [05/Oct/2012:13:15:42 -0400] "GET /users/predictor.json?user_id=134 HTTP/1.1" 304 1014 "https://www.gradecraft.com/" "Mozilla/4.0 (compatible; MSIE 8.0; Windows NT 6.1; WOW64; Trident/4.0; SLCC2; .NET CLR 2.0.50727; .NET CLR 3.5.30729; .NET CLR 3.0.30729; Media Center PC 6.0; InfoPath.3; .NET4.0C; .NET4.0E)"
141.211.120.148 - cympan [05/Oct/2012:13:15:42 -0400] "GET /users/predictor.json?in_progress=true&user_id=134 HTTP/1.1" 304 869 "https://www.gradecraft.com/" "Mozilla/4.0 (compatible; MSIE 8.0; Windows NT 6.1; WOW64; Trident/4.0; SLCC2; .NET CLR 2.0.50727; .NET CLR 3.5.30729; .NET CLR 3.0.30729; Media Center PC 6.0; InfoPath.3; .NET4.0C; .NET4.0E)"
67.194.17.105 - justwill [05/Oct/2012:13:15:47 -0400] "GET /assignments/68/grades/4222/edit HTTP/1.1" 200 7700 "https://www.gradecraft.com/assignments/68" "Mozilla/5.0 (X11; Linux x86_64; rv:15.0) Gecko/20100101 Firefox/15.0.1"
67.194.17.105 - justwill [05/Oct/2012:13:15:48 -0400] "GET /assets/stylesheets/cyborg.min.css HTTP/1.1" 404 1044 "https://www.gradecraft.com/assignments/68/grades/4222/edit" "Mozilla/5.0 (X11; Linux x86_64; rv:15.0) Gecko/20100101 Firefox/15.0.1"
67.194.17.105 - justwill [05/Oct/2012:13:15:49 -0400] "GET /assets/stylesheets/cyborg.min.css HTTP/1.1" 404 1044 "https://www.gradecraft.com/assignments/68/grades/4222/edit" "Mozilla/5.0 (X11; Linux x86_64; rv:15.0) Gecko/20100101 Firefox/15.0.1"
67.194.17.105 - justwill [05/Oct/2012:13:15:49 -0400] "GET /assignments/68/grades/4222/lib/css/wysiwyg-color.css HTTP/1.1" 404 1044 "https://www.gradecraft.com/assignments/68/grades/4222/edit" "Mozilla/5.0 (X11; Linux x86_64; rv:15.0) Gecko/20100101 Firefox/15.0.1"
67.194.17.105 - justwill [05/Oct/2012:13:15:59 -0400] "POST /assignments/68/grades/4222 HTTP/1.1" 302 1652 "https://www.gradecraft.com/assignments/68/grades/4222/edit" "Mozilla/5.0 (X11; Linux x86_64; rv:15.0) Gecko/20100101 Firefox/15.0.1"
67.194.17.105 - justwill [05/Oct/2012:13:15:59 -0400] "GET /assignments/68 HTTP/1.1" 200 13753 "https://www.gradecraft.com/assignments/68/grades/4222/edit" "Mozilla/5.0 (X11; Linux x86_64; rv:15.0) Gecko/20100101 Firefox/15.0.1"
67.194.17.105 - justwill [05/Oct/2012:13:16:01 -0400] "GET /assets/stylesheets/cyborg.min.css HTTP/1.1" 404 1044 "https://www.gradecraft.com/assignments/68" "Mozilla/5.0 (X11; Linux x86_64; rv:15.0) Gecko/20100101 Firefox/15.0.1"
67.194.17.105 - justwill [05/Oct/2012:13:16:03 -0400] "GET /assets/stylesheets/cyborg.min.css HTTP/1.1" 404 1044 "https://www.gradecraft.com/assignments/68" "Mozilla/5.0 (X11; Linux x86_64; rv:15.0) Gecko/20100101 Firefox/15.0.1"
67.194.7.109 - nkoker [05/Oct/2012:13:16:02 -0400] "GET /assignments/89 HTTP/1.1" 200 13642 "https://www.gradecraft.com/assignments" "Mozilla/5.0 (Macintosh; Intel Mac OS X 10.5; rv:10.0.2) Gecko/20100101 Firefox/10.0.2"
67.194.7.109 - nkoker [05/Oct/2012:13:16:03 -0400] "GET /assets/stylesheets/cyborg.min.css HTTP/1.1" 404 1044 "https://www.gradecraft.com/assignments/89" "Mozilla/5.0 (Macintosh; Intel Mac OS X 10.5; rv:10.0.2) Gecko/20100101 Firefox/10.0.2"
67.194.7.109 - nkoker [05/Oct/2012:13:16:04 -0400] "GET /assets/stylesheets/cyborg.min.css HTTP/1.1" 404 1044 "https://www.gradecraft.com/assignments/89" "Mozilla/5.0 (Macintosh; Intel Mac OS X 10.5; rv:10.0.2) Gecko/20100101 Firefox/10.0.2"
67.194.7.109 - nkoker [05/Oct/2012:13:16:13 -0400] "GET /teams HTTP/1.1" 304 917 "https://www.gradecraft.com/assignments/89" "Mozilla/5.0 (Macintosh; Intel Mac OS X 10.5; rv:10.0.2) Gecko/20100101 Firefox/10.0.2"
67.194.7.109 - nkoker [05/Oct/2012:13:16:14 -0400] "GET /assets/stylesheets/cyborg.min.css HTTP/1.1" 404 1044 "https://www.gradecraft.com/teams" "Mozilla/5.0 (Macintosh; Intel Mac OS X 10.5; rv:10.0.2) Gecko/20100101 Firefox/10.0.2"
67.194.7.109 - nkoker [05/Oct/2012:13:16:14 -0400] "GET /assets/stylesheets/cyborg.min.css HTTP/1.1" 404 1044 "https://www.gradecraft.com/teams" "Mozilla/5.0 (Macintosh; Intel Mac OS X 10.5; rv:10.0.2) Gecko/20100101 Firefox/10.0.2"
67.194.7.109 - nkoker [05/Oct/2012:13:16:22 -0400] "GET /gradebook HTTP/1.1" 200 11657 "https://www.gradecraft.com/teams" "Mozilla/5.0 (Macintosh; Intel Mac OS X 10.5; rv:10.0.2) Gecko/20100101 Firefox/10.0.2"
67.194.7.109 - nkoker [05/Oct/2012:13:16:24 -0400] "GET /assets/stylesheets/cyborg.min.css HTTP/1.1" 404 1044 "https://www.gradecraft.com/gradebook" "Mozilla/5.0 (Macintosh; Intel Mac OS X 10.5; rv:10.0.2) Gecko/20100101 Firefox/10.0.2"
67.194.7.109 - nkoker [05/Oct/2012:13:16:25 -0400] "GET /assets/stylesheets/cyborg.min.css HTTP/1.1" 404 1044 "https://www.gradecraft.com/gradebook" "Mozilla/5.0 (Macintosh; Intel Mac OS X 10.5; rv:10.0.2) Gecko/20100101 Firefox/10.0.2"
67.194.6.50 - - [05/Oct/2012:13:16:30 -0400] "GET /dashboard HTTP/1.1" 302 3259 "-" "Mozilla/5.0 (Macintosh; Intel Mac OS X 10_8) AppleWebKit/536.25 (KHTML, like Gecko) Version/6.0 Safari/536.25"
67.194.7.109 - nkoker [05/Oct/2012:13:16:35 -0400] "GET /assignments HTTP/1.1" 200 5412 "https://www.gradecraft.com/gradebook" "Mozilla/5.0 (Macintosh; Intel Mac OS X 10.5; rv:10.0.2) Gecko/20100101 Firefox/10.0.2"
67.194.7.109 - nkoker [05/Oct/2012:13:16:36 -0400] "GET /assets/stylesheets/cyborg.min.css HTTP/1.1" 404 1044 "https://www.gradecraft.com/assignments" "Mozilla/5.0 (Macintosh; Intel Mac OS X 10.5; rv:10.0.2) Gecko/20100101 Firefox/10.0.2"
67.194.7.109 - nkoker [05/Oct/2012:13:16:36 -0400] "GET /assets/stylesheets/cyborg.min.css HTTP/1.1" 404 1044 "https://www.gradecraft.com/assignments" "Mozilla/5.0 (Macintosh; Intel Mac OS X 10.5; rv:10.0.2) Gecko/20100101 Firefox/10.0.2"
67.194.7.109 - nkoker [05/Oct/2012:13:16:38 -0400] "GET /dashboard HTTP/1.1" 200 4532 "https://www.gradecraft.com/assignments" "Mozilla/5.0 (Macintosh; Intel Mac OS X 10.5; rv:10.0.2) Gecko/20100101 Firefox/10.0.2"
67.194.7.109 - nkoker [05/Oct/2012:13:16:39 -0400] "GET /assets/stylesheets/cyborg.min.css HTTP/1.1" 404 1044 "https://www.gradecraft.com/dashboard" "Mozilla/5.0 (Macintosh; Intel Mac OS X 10.5; rv:10.0.2) Gecko/20100101 Firefox/10.0.2"
67.194.7.109 - nkoker [05/Oct/2012:13:16:40 -0400] "GET /assets/stylesheets/cyborg.min.css HTTP/1.1" 404 1044 "https://www.gradecraft.com/dashboard" "Mozilla/5.0 (Macintosh; Intel Mac OS X 10.5; rv:10.0.2) Gecko/20100101 Firefox/10.0.2"
67.194.7.109 - nkoker [05/Oct/2012:13:16:56 -0400] "GET /assignments HTTP/1.1" 304 1062 "https://www.gradecraft.com/dashboard" "Mozilla/5.0 (Macintosh; Intel Mac OS X 10.5; rv:10.0.2) Gecko/20100101 Firefox/10.0.2"
67.194.7.109 - nkoker [05/Oct/2012:13:16:57 -0400] "GET /assets/stylesheets/cyborg.min.css HTTP/1.1" 404 1044 "https://www.gradecraft.com/assignments" "Mozilla/5.0 (Macintosh; Intel Mac OS X 10.5; rv:10.0.2) Gecko/20100101 Firefox/10.0.2"
67.194.7.109 - nkoker [05/Oct/2012:13:16:57 -0400] "GET /assets/stylesheets/cyborg.min.css HTTP/1.1" 404 1044 "https://www.gradecraft.com/assignments" "Mozilla/5.0 (Macintosh; Intel Mac OS X 10.5; rv:10.0.2) Gecko/20100101 Firefox/10.0.2"
67.194.7.109 - nkoker [05/Oct/2012:13:17:11 -0400] "GET /assignments/100/assignment_submissions HTTP/1.1" 200 8004 "https://www.gradecraft.com/assignments" "Mozilla/5.0 (Macintosh; Intel Mac OS X 10.5; rv:10.0.2) Gecko/20100101 Firefox/10.0.2"
67.194.7.109 - nkoker [05/Oct/2012:13:17:11 -0400] "GET /assets/stylesheets/cyborg.min.css HTTP/1.1" 404 1044 "https://www.gradecraft.com/assignments/100/assignment_submissions" "Mozilla/5.0 (Macintosh; Intel Mac OS X 10.5; rv:10.0.2) Gecko/20100101 Firefox/10.0.2"
67.194.7.109 - nkoker [05/Oct/2012:13:17:12 -0400] "GET /assets/stylesheets/cyborg.min.css HTTP/1.1" 404 1044 "https://www.gradecraft.com/assignments/100/assignment_submissions" "Mozilla/5.0 (Macintosh; Intel Mac OS X 10.5; rv:10.0.2) Gecko/20100101 Firefox/10.0.2"
67.194.7.109 - nkoker [05/Oct/2012:13:17:16 -0400] "GET /assignments/100 HTTP/1.1" 200 11113 "https://www.gradecraft.com/assignments" "Mozilla/5.0 (Macintosh; Intel Mac OS X 10.5; rv:10.0.2) Gecko/20100101 Firefox/10.0.2"
67.194.7.109 - nkoker [05/Oct/2012:13:17:18 -0400] "GET /assets/stylesheets/cyborg.min.css HTTP/1.1" 404 1044 "https://www.gradecraft.com/assignments/100" "Mozilla/5.0 (Macintosh; Intel Mac OS X 10.5; rv:10.0.2) Gecko/20100101 Firefox/10.0.2"
67.194.7.109 - nkoker [05/Oct/2012:13:17:19 -0400] "GET /assets/stylesheets/cyborg.min.css HTTP/1.1" 404 1044 "https://www.gradecraft.com/assignments/100" "Mozilla/5.0 (Macintosh; Intel Mac OS X 10.5; rv:10.0.2) Gecko/20100101 Firefox/10.0.2"
67.194.7.109 - nkoker [05/Oct/2012:13:17:24 -0400] "GET /assignments/100?utf8=%E2%9C%93&assignment_id=100&team_id=5&commit=Filter HTTP/1.1" 200 3892 "https://www.gradecraft.com/assignments/100" "Mozilla/5.0 (Macintosh; Intel Mac OS X 10.5; rv:10.0.2) Gecko/20100101 Firefox/10.0.2"
67.194.7.109 - nkoker [05/Oct/2012:13:17:24 -0400] "GET /assets/stylesheets/cyborg.min.css HTTP/1.1" 404 1044 "https://www.gradecraft.com/assignments/100?utf8=%E2%9C%93&assignment_id=100&team_id=5&commit=Filter" "Mozilla/5.0 (Macintosh; Intel Mac OS X 10.5; rv:10.0.2) Gecko/20100101 Firefox/10.0.2"
67.194.7.109 - nkoker [05/Oct/2012:13:17:24 -0400] "GET /assets/stylesheets/cyborg.min.css HTTP/1.1" 404 1044 "https://www.gradecraft.com/assignments/100?utf8=%E2%9C%93&assignment_id=100&team_id=5&commit=Filter" "Mozilla/5.0 (Macintosh; Intel Mac OS X 10.5; rv:10.0.2) Gecko/20100101 Firefox/10.0.2"
67.194.7.109 - nkoker [05/Oct/2012:13:17:35 -0400] "GET /assignments/100/grades/new?gradeable_id=125&gradeable_type=User HTTP/1.1" 200 7700 "https://www.gradecraft.com/assignments/100?utf8=%E2%9C%93&assignment_id=100&team_id=5&commit=Filter" "Mozilla/5.0 (Macintosh; Intel Mac OS X 10.5; rv:10.0.2) Gecko/20100101 Firefox/10.0.2"
67.194.7.109 - nkoker [05/Oct/2012:13:17:35 -0400] "GET /assets/stylesheets/cyborg.min.css HTTP/1.1" 404 1044 "https://www.gradecraft.com/assignments/100/grades/new?gradeable_id=125&gradeable_type=User" "Mozilla/5.0 (Macintosh; Intel Mac OS X 10.5; rv:10.0.2) Gecko/20100101 Firefox/10.0.2"
67.194.7.109 - nkoker [05/Oct/2012:13:17:35 -0400] "GET /assets/stylesheets/cyborg.min.css HTTP/1.1" 404 1044 "https://www.gradecraft.com/assignments/100/grades/new?gradeable_id=125&gradeable_type=User" "Mozilla/5.0 (Macintosh; Intel Mac OS X 10.5; rv:10.0.2) Gecko/20100101 Firefox/10.0.2"
67.194.7.109 - nkoker [05/Oct/2012:13:17:36 -0400] "GET /assignments/100/grades/lib/css/wysiwyg-color.css HTTP/1.1" 404 1044 "https://www.gradecraft.com/assignments/100/grades/new?gradeable_id=125&gradeable_type=User" "Mozilla/5.0 (Macintosh; Intel Mac OS X 10.5; rv:10.0.2) Gecko/20100101 Firefox/10.0.2"
67.194.7.109 - nkoker [05/Oct/2012:13:17:40 -0400] "GET /assignments/100/assignment_submissions/327?gradeable_id=125&gradeable_type=User HTTP/1.1" 200 3348 "https://www.gradecraft.com/assignments/100?utf8=%E2%9C%93&assignment_id=100&team_id=5&commit=Filter" "Mozilla/5.0 (Macintosh; Intel Mac OS X 10.5; rv:10.0.2) Gecko/20100101 Firefox/10.0.2"
67.194.7.109 - nkoker [05/Oct/2012:13:17:40 -0400] "GET /assets/stylesheets/cyborg.min.css HTTP/1.1" 404 1044 "https://www.gradecraft.com/assignments/100/assignment_submissions/327?gradeable_id=125&gradeable_type=User" "Mozilla/5.0 (Macintosh; Intel Mac OS X 10.5; rv:10.0.2) Gecko/20100101 Firefox/10.0.2"
67.194.7.109 - nkoker [05/Oct/2012:13:17:41 -0400] "GET /assets/stylesheets/cyborg.min.css HTTP/1.1" 404 1044 "https://www.gradecraft.com/assignments/100/assignment_submissions/327?gradeable_id=125&gradeable_type=User" "Mozilla/5.0 (Macintosh; Intel Mac OS X 10.5; rv:10.0.2) Gecko/20100101 Firefox/10.0.2"
67.194.7.109 - nkoker [05/Oct/2012:13:17:41 -0400] "GET /assignments/100/assignment_submissions/lib/css/wysiwyg-color.css HTTP/1.1" 404 1044 "https://www.gradecraft.com/assignments/100/assignment_submissions/327?gradeable_id=125&gradeable_type=User" "Mozilla/5.0 (Macintosh; Intel Mac OS X 10.5; rv:10.0.2) Gecko/20100101 Firefox/10.0.2"
67.194.7.109 - nkoker [05/Oct/2012:13:17:55 -0400] "POST /assignments/100/grades HTTP/1.1" 302 1668 "https://www.gradecraft.com/assignments/100/assignment_submissions/327?gradeable_id=125&gradeable_type=User" "Mozilla/5.0 (Macintosh; Intel Mac OS X 10.5; rv:10.0.2) Gecko/20100101 Firefox/10.0.2"
