67.194.133.74 - - [16/Nov/2012:00:01:29 -0500] "GET / HTTP/1.1" 302 3254 "-" "Mozilla/5.0 (Macintosh; Intel Mac OS X 10_5_8) AppleWebKit/534.50.2 (KHTML, like Gecko) Version/5.0.6 Safari/533.22.3"
67.194.122.8 - - [16/Nov/2012:00:02:22 -0500] "GET / HTTP/1.1" 302 3259 "-" "Mozilla/5.0 (Macintosh; Intel Mac OS X 10_8_2) AppleWebKit/536.26.14 (KHTML, like Gecko) Version/6.0.1 Safari/536.26.14"
76.226.153.31 - - [16/Nov/2012:00:03:09 -0500] "GET / HTTP/1.1" 302 3984 "-" "Mozilla/5.0 (Macintosh; Intel Mac OS X 10.6; rv:16.0) Gecko/20100101 Firefox/16.0"
35.0.80.208 - - [16/Nov/2012:00:09:40 -0500] "GET / HTTP/1.1" 302 3254 "https://sites.google.com/a/umich.edu/polsci101f2012/" "Mozilla/5.0 (Macintosh; Intel Mac OS X 10_7_4) AppleWebKit/536.25 (KHTML, like Gecko) Version/6.0 Safari/536.25"
35.0.80.208 - - [16/Nov/2012:00:09:52 -0500] "GET /cosign/valid?cosign-www.gradecraft.com=xmKgqMZXTHq5WEvR+inKigClyxFDpWdSOHbwYZjNbn4kw1XqtP3Xh6sFkyrXOi2dP1gjXQoeHxlXDy7dqpSkCAYgg-FdZ8zjiXM+R2OYzmpZ+it4T+Q7XTcSsVix&https://www.gradecraft.com/ HTTP/1.1" 301 868 "https://weblogin.umich.edu/?cosign-www.gradecraft.com&https://www.gradecraft.com/" "Mozilla/5.0 (Macintosh; Intel Mac OS X 10_7_4) AppleWebKit/536.25 (KHTML, like Gecko) Version/6.0 Safari/536.25"
35.0.80.208 - alisanne [16/Nov/2012:00:09:52 -0500] "GET / HTTP/1.1" 302 1332 "https://weblogin.umich.edu/?cosign-www.gradecraft.com&https://www.gradecraft.com/" "Mozilla/5.0 (Macintosh; Intel Mac OS X 10_7_4) AppleWebKit/536.25 (KHTML, like Gecko) Version/6.0 Safari/536.25"
35.0.80.208 - alisanne [16/Nov/2012:00:09:52 -0500] "GET /dashboard HTTP/1.1" 200 5508 "https://weblogin.umich.edu/?cosign-www.gradecraft.com&https://www.gradecraft.com/" "Mozilla/5.0 (Macintosh; Intel Mac OS X 10_7_4) AppleWebKit/536.25 (KHTML, like Gecko) Version/6.0 Safari/536.25"
35.0.80.208 - alisanne [16/Nov/2012:00:09:54 -0500] "GET /assets/application-eead062cf4bfb3cb3081a4c5cf6e0538.css HTTP/1.1" 200 49197 "https://www.gradecraft.com/dashboard" "Mozilla/5.0 (Macintosh; Intel Mac OS X 10_7_4) AppleWebKit/536.25 (KHTML, like Gecko) Version/6.0 Safari/536.25"
35.0.80.208 - alisanne [16/Nov/2012:00:09:54 -0500] "GET /assets/application-647ca25372cb08a414ef6110cc332f61.js HTTP/1.1" 200 221431 "https://www.gradecraft.com/dashboard" "Mozilla/5.0 (Macintosh; Intel Mac OS X 10_7_4) AppleWebKit/536.25 (KHTML, like Gecko) Version/6.0 Safari/536.25"
35.0.80.208 - alisanne [16/Nov/2012:00:10:02 -0500] "GET /badges/pos101/great_critic.png HTTP/1.1" 200 5444 "https://www.gradecraft.com/dashboard" "Mozilla/5.0 (Macintosh; Intel Mac OS X 10_7_4) AppleWebKit/536.25 (KHTML, like Gecko) Version/6.0 Safari/536.25"
35.0.80.208 - alisanne [16/Nov/2012:00:10:02 -0500] "GET /badges/pos101/awesome_aggregator.png HTTP/1.1" 200 5796 "https://www.gradecraft.com/dashboard" "Mozilla/5.0 (Macintosh; Intel Mac OS X 10_7_4) AppleWebKit/536.25 (KHTML, like Gecko) Version/6.0 Safari/536.25"
35.0.80.208 - alisanne [16/Nov/2012:00:10:02 -0500] "GET /badges/pos101/above_and_beyond.png HTTP/1.1" 200 6372 "https://www.gradecraft.com/dashboard" "Mozilla/5.0 (Macintosh; Intel Mac OS X 10_7_4) AppleWebKit/536.25 (KHTML, like Gecko) Version/6.0 Safari/536.25"
35.0.80.208 - alisanne [16/Nov/2012:00:10:02 -0500] "GET /badges/pos101/always_learning.png HTTP/1.1" 200 3204 "https://www.gradecraft.com/dashboard" "Mozilla/5.0 (Macintosh; Intel Mac OS X 10_7_4) AppleWebKit/536.25 (KHTML, like Gecko) Version/6.0 Safari/536.25"
35.0.80.208 - alisanne [16/Nov/2012:00:10:02 -0500] "GET /badges/pos101/presentation_of_self.png HTTP/1.1" 200 5498 "https://www.gradecraft.com/dashboard" "Mozilla/5.0 (Macintosh; Intel Mac OS X 10_7_4) AppleWebKit/536.25 (KHTML, like Gecko) Version/6.0 Safari/536.25"
35.0.80.208 - alisanne [16/Nov/2012:00:10:03 -0500] "GET /badges/pos101/teachers_pet.png HTTP/1.1" 200 3194 "https://www.gradecraft.com/dashboard" "Mozilla/5.0 (Macintosh; Intel Mac OS X 10_7_4) AppleWebKit/536.25 (KHTML, like Gecko) Version/6.0 Safari/536.25"
35.0.80.208 - alisanne [16/Nov/2012:00:10:03 -0500] "GET /badges/pos101/concentrator.png HTTP/1.1" 200 3594 "https://www.gradecraft.com/dashboard" "Mozilla/5.0 (Macintosh; Intel Mac OS X 10_7_4) AppleWebKit/536.25 (KHTML, like Gecko) Version/6.0 Safari/536.25"
35.0.80.208 - alisanne [16/Nov/2012:00:10:03 -0500] "GET /badges/pos101/courageous_failure.png HTTP/1.1" 200 8410 "https://www.gradecraft.com/dashboard" "Mozilla/5.0 (Macintosh; Intel Mac OS X 10_7_4) AppleWebKit/536.25 (KHTML, like Gecko) Version/6.0 Safari/536.25"
35.0.80.208 - alisanne [16/Nov/2012:00:10:03 -0500] "GET /badges/pos101/early_bird_special.png HTTP/1.1" 200 4602 "https://www.gradecraft.com/dashboard" "Mozilla/5.0 (Macintosh; Intel Mac OS X 10_7_4) AppleWebKit/536.25 (KHTML, like Gecko) Version/6.0 Safari/536.25"
35.0.80.208 - alisanne [16/Nov/2012:00:10:01 -0500] "GET /users/predictor.json?in_progress=true&user_id=69 HTTP/1.1" 200 1610 "https://www.gradecraft.com/dashboard" "Mozilla/5.0 (Macintosh; Intel Mac OS X 10_7_4) AppleWebKit/536.25 (KHTML, like Gecko) Version/6.0 Safari/536.25"
35.0.80.208 - alisanne [16/Nov/2012:00:10:03 -0500] "GET /badges/pos101/examination_expert.png HTTP/1.1" 200 4042 "https://www.gradecraft.com/dashboard" "Mozilla/5.0 (Macintosh; Intel Mac OS X 10_7_4) AppleWebKit/536.25 (KHTML, like Gecko) Version/6.0 Safari/536.25"
35.0.80.208 - alisanne [16/Nov/2012:00:10:03 -0500] "GET /badges/pos101/gaining_experience.png HTTP/1.1" 200 8458 "https://www.gradecraft.com/dashboard" "Mozilla/5.0 (Macintosh; Intel Mac OS X 10_7_4) AppleWebKit/536.25 (KHTML, like Gecko) Version/6.0 Safari/536.25"
35.0.80.208 - alisanne [16/Nov/2012:00:10:03 -0500] "GET /badges/pos101/gamer.png HTTP/1.1" 200 4378 "https://www.gradecraft.com/dashboard" "Mozilla/5.0 (Macintosh; Intel Mac OS X 10_7_4) AppleWebKit/536.25 (KHTML, like Gecko) Version/6.0 Safari/536.25"
35.0.80.208 - alisanne [16/Nov/2012:00:10:03 -0500] "GET /badges/pos101/learning_from_mistakes.png HTTP/1.1" 200 8362 "https://www.gradecraft.com/dashboard" "Mozilla/5.0 (Macintosh; Intel Mac OS X 10_7_4) AppleWebKit/536.25 (KHTML, like Gecko) Version/6.0 Safari/536.25"
35.0.80.208 - alisanne [16/Nov/2012:00:10:03 -0500] "GET /badges/pos101/level_one.png HTTP/1.1" 200 4458 "https://www.gradecraft.com/dashboard" "Mozilla/5.0 (Macintosh; Intel Mac OS X 10_7_4) AppleWebKit/536.25 (KHTML, like Gecko) Version/6.0 Safari/536.25"
35.0.80.208 - alisanne [16/Nov/2012:00:10:03 -0500] "GET /badges/pos101/personal.png HTTP/1.1" 200 4474 "https://www.gradecraft.com/dashboard" "Mozilla/5.0 (Macintosh; Intel Mac OS X 10_7_4) AppleWebKit/536.25 (KHTML, like Gecko) Version/6.0 Safari/536.25"
35.0.80.208 - alisanne [16/Nov/2012:00:10:03 -0500] "GET /badges/pos101/participatory_democrat.png HTTP/1.1" 200 5354 "https://www.gradecraft.com/dashboard" "Mozilla/5.0 (Macintosh; Intel Mac OS X 10_7_4) AppleWebKit/536.25 (KHTML, like Gecko) Version/6.0 Safari/536.25"
35.0.80.208 - alisanne [16/Nov/2012:00:10:03 -0500] "GET /badges/pos101/practice_makes_perfect.png HTTP/1.1" 200 6010 "https://www.gradecraft.com/dashboard" "Mozilla/5.0 (Macintosh; Intel Mac OS X 10_7_4) AppleWebKit/536.25 (KHTML, like Gecko) Version/6.0 Safari/536.25"
35.0.80.208 - alisanne [16/Nov/2012:00:10:03 -0500] "GET /badges/pos101/public_speaker.png HTTP/1.1" 200 5482 "https://www.gradecraft.com/dashboard" "Mozilla/5.0 (Macintosh; Intel Mac OS X 10_7_4) AppleWebKit/536.25 (KHTML, like Gecko) Version/6.0 Safari/536.25"
35.0.80.208 - alisanne [16/Nov/2012:00:10:03 -0500] "GET /badges/pos101/scribe.png HTTP/1.1" 200 3002 "https://www.gradecraft.com/dashboard" "Mozilla/5.0 (Macintosh; Intel Mac OS X 10_7_4) AppleWebKit/536.25 (KHTML, like Gecko) Version/6.0 Safari/536.25"
35.0.80.208 - alisanne [16/Nov/2012:00:10:03 -0500] "GET /badges/pos101/times_immemorial.png HTTP/1.1" 200 5722 "https://www.gradecraft.com/dashboard" "Mozilla/5.0 (Macintosh; Intel Mac OS X 10_7_4) AppleWebKit/536.25 (KHTML, like Gecko) Version/6.0 Safari/536.25"
35.0.80.208 - alisanne [16/Nov/2012:00:10:01 -0500] "GET /users/predictor.json?user_id=69 HTTP/1.1" 200 1610 "https://www.gradecraft.com/dashboard" "Mozilla/5.0 (Macintosh; Intel Mac OS X 10_7_4) AppleWebKit/536.25 (KHTML, like Gecko) Version/6.0 Safari/536.25"
35.0.80.208 - alisanne [16/Nov/2012:00:10:04 -0500] "GET /badges/pos101/phoebe_badge.jpg HTTP/1.1" 404 1044 "https://www.gradecraft.com/dashboard" "Mozilla/5.0 (Macintosh; Intel Mac OS X 10_7_4) AppleWebKit/536.25 (KHTML, like Gecko) Version/6.0 Safari/536.25"
35.0.81.98 - - [16/Nov/2012:00:16:51 -0500] "GET / HTTP/1.1" 302 3254 "-" "Mozilla/5.0 (Macintosh; Intel Mac OS X 10_7) AppleWebKit/534.48.3 (KHTML, like Gecko) Version/5.1 Safari/534.48.3"
141.211.250.215 - - [16/Nov/2012:00:26:30 -0500] "GET / HTTP/1.1" 302 3789 "-" "Mozilla/5.0 (Windows NT 6.1; WOW64) AppleWebKit/537.11 (KHTML, like Gecko) Chrome/23.0.1271.64 Safari/537.11"
141.211.250.215 - - [16/Nov/2012:00:26:30 -0500] "GET /cosign/valid?cosign-www.gradecraft.com=+MUPYMezGH0e6Tz38E8JDQVVeIRtlXc+Nt5iO9zdou9yfoAtv8tC1gGh67lexPv09smxgHmvaqbyq8-sCBqjc0CBpMomVTFrT6tWhdcF5CkJ9ryrrxI0XvIIg8Tl&https://www.gradecraft.com/ HTTP/1.1" 301 868 "-" "Mozilla/5.0 (Windows NT 6.1; WOW64) AppleWebKit/537.11 (KHTML, like Gecko) Chrome/23.0.1271.64 Safari/537.11"
141.211.250.215 - asjason [16/Nov/2012:00:26:30 -0500] "GET / HTTP/1.1" 200 5524 "-" "Mozilla/5.0 (Windows NT 6.1; WOW64) AppleWebKit/537.11 (KHTML, like Gecko) Chrome/23.0.1271.64 Safari/537.11"
141.211.250.215 - asjason [16/Nov/2012:00:26:33 -0500] "GET /users/predictor.json?in_progress=true&user_id=68 HTTP/1.1" 304 869 "https://www.gradecraft.com/" "Mozilla/5.0 (Windows NT 6.1; WOW64) AppleWebKit/537.11 (KHTML, like Gecko) Chrome/23.0.1271.64 Safari/537.11"
141.211.250.215 - asjason [16/Nov/2012:00:26:33 -0500] "GET /users/predictor.json?user_id=68 HTTP/1.1" 304 3902 "https://www.gradecraft.com/" "Mozilla/5.0 (Windows NT 6.1; WOW64) AppleWebKit/537.11 (KHTML, like Gecko) Chrome/23.0.1271.64 Safari/537.11"
141.211.250.215 - asjason [16/Nov/2012:00:26:33 -0500] "GET /badges/pos101/phoebe_badge.jpg HTTP/1.1" 404 4093 "https://www.gradecraft.com/" "Mozilla/5.0 (Windows NT 6.1; WOW64) AppleWebKit/537.11 (KHTML, like Gecko) Chrome/23.0.1271.64 Safari/537.11"
141.211.250.215 - asjason [16/Nov/2012:00:27:11 -0500] "GET /assignments/100/assignment_submissions/431?grade_id=8697&gradeable_id=68&gradeable_type=User HTTP/1.1" 200 5696 "https://www.gradecraft.com/" "Mozilla/5.0 (Windows NT 6.1; WOW64) AppleWebKit/537.11 (KHTML, like Gecko) Chrome/23.0.1271.64 Safari/537.11"
141.211.250.215 - asjason [16/Nov/2012:00:27:13 -0500] "GET /favicon.ico HTTP/1.1" 200 4650 "-" "Mozilla/5.0 (Windows NT 6.1; WOW64) AppleWebKit/537.11 (KHTML, like Gecko) Chrome/23.0.1271.64 Safari/537.11"
141.211.250.215 - asjason [16/Nov/2012:00:27:34 -0500] "GET /assignments/102/assignment_submissions/new?submittable_id=2&submittable_type=Team HTTP/1.1" 200 2917 "https://www.gradecraft.com/" "Mozilla/5.0 (Windows NT 6.1; WOW64) AppleWebKit/537.11 (KHTML, like Gecko) Chrome/23.0.1271.64 Safari/537.11"
141.211.250.215 - asjason [16/Nov/2012:00:27:34 -0500] "GET /assets/bootstrap-wysihtml5/wysiwyg-color.css HTTP/1.1" 404 1044 "-" "Mozilla/5.0 (Windows NT 6.1; WOW64) AppleWebKit/537.11 (KHTML, like Gecko) Chrome/23.0.1271.64 Safari/537.11"
67.194.47.63 - linrmart [16/Nov/2012:00:27:31 -0500] "GET /dashboard HTTP/1.1" 200 9259 "-" "Mozilla/5.0 (Macintosh; Intel Mac OS X 10_8_1) AppleWebKit/536.25 (KHTML, like Gecko) Version/6.0 Safari/536.25"
141.211.250.215 - asjason [16/Nov/2012:00:27:34 -0500] "GET /assets/twitter/bootstrap/glyphicons-halflings-ab3144065a860d198f1d7d9a4882640c.png HTTP/1.1" 200 13162 "https://www.gradecraft.com/assignments/102/assignment_submissions/new?submittable_id=2&submittable_type=Team" "Mozilla/5.0 (Windows NT 6.1; WOW64) AppleWebKit/537.11 (KHTML, like Gecko) Chrome/23.0.1271.64 Safari/537.11"
141.211.250.215 - asjason [16/Nov/2012:00:27:34 -0500] "GET /assets/fontawesome-webfont.woff HTTP/1.1" 200 42180 "https://www.gradecraft.com/assignments/102/assignment_submissions/new?submittable_id=2&submittable_type=Team" "Mozilla/5.0 (Windows NT 6.1; WOW64) AppleWebKit/537.11 (KHTML, like Gecko) Chrome/23.0.1271.64 Safari/537.11"
67.194.47.63 - linrmart [16/Nov/2012:00:27:34 -0500] "GET /assets/application-eead062cf4bfb3cb3081a4c5cf6e0538.css HTTP/1.1" 200 49342 "https://www.gradecraft.com/dashboard" "Mozilla/5.0 (Macintosh; Intel Mac OS X 10_8_1) AppleWebKit/536.25 (KHTML, like Gecko) Version/6.0 Safari/536.25"
67.194.47.63 - linrmart [16/Nov/2012:00:27:34 -0500] "GET /assets/application-647ca25372cb08a414ef6110cc332f61.js HTTP/1.1" 200 221293 "https://www.gradecraft.com/dashboard" "Mozilla/5.0 (Macintosh; Intel Mac OS X 10_8_1) AppleWebKit/536.25 (KHTML, like Gecko) Version/6.0 Safari/536.25"
67.194.47.63 - linrmart [16/Nov/2012:00:27:35 -0500] "GET /badges/pos101/phoebe_badge.jpg HTTP/1.1" 404 1205 "https://www.gradecraft.com/dashboard" "Mozilla/5.0 (Macintosh; Intel Mac OS X 10_8_1) AppleWebKit/536.25 (KHTML, like Gecko) Version/6.0 Safari/536.25"
67.194.47.63 - linrmart [16/Nov/2012:00:27:35 -0500] "GET /users/predictor.json?user_id=267 HTTP/1.1" 304 885 "https://www.gradecraft.com/dashboard" "Mozilla/5.0 (Macintosh; Intel Mac OS X 10_8_1) AppleWebKit/536.25 (KHTML, like Gecko) Version/6.0 Safari/536.25"
67.194.47.63 - linrmart [16/Nov/2012:00:27:35 -0500] "GET /users/predictor.json?in_progress=true&user_id=267 HTTP/1.1" 304 869 "https://www.gradecraft.com/dashboard" "Mozilla/5.0 (Macintosh; Intel Mac OS X 10_8_1) AppleWebKit/536.25 (KHTML, like Gecko) Version/6.0 Safari/536.25"
141.211.250.215 - asjason [16/Nov/2012:00:27:39 -0500] "POST /assignments/102/assignment_submissions HTTP/1.1" 302 1636 "https://www.gradecraft.com/assignments/102/assignment_submissions/new?submittable_id=2&submittable_type=Team" "Mozilla/5.0 (Windows NT 6.1; WOW64) AppleWebKit/537.11 (KHTML, like Gecko) Chrome/23.0.1271.64 Safari/537.11"
141.211.250.215 - asjason [16/Nov/2012:00:27:39 -0500] "GET /dashboard HTTP/1.1" 200 5764 "https://www.gradecraft.com/assignments/102/assignment_submissions/new?submittable_id=2&submittable_type=Team" "Mozilla/5.0 (Windows NT 6.1; WOW64) AppleWebKit/537.11 (KHTML, like Gecko) Chrome/23.0.1271.64 Safari/537.11"
141.211.250.215 - asjason [16/Nov/2012:00:27:41 -0500] "GET /badges/pos101/phoebe_badge.jpg HTTP/1.1" 404 1205 "https://www.gradecraft.com/dashboard" "Mozilla/5.0 (Windows NT 6.1; WOW64) AppleWebKit/537.11 (KHTML, like Gecko) Chrome/23.0.1271.64 Safari/537.11"
141.211.250.215 - asjason [16/Nov/2012:00:27:41 -0500] "GET /users/predictor.json?in_progress=true&user_id=68 HTTP/1.1" 304 869 "https://www.gradecraft.com/dashboard" "Mozilla/5.0 (Windows NT 6.1; WOW64) AppleWebKit/537.11 (KHTML, like Gecko) Chrome/23.0.1271.64 Safari/537.11"
141.211.250.215 - asjason [16/Nov/2012:00:27:41 -0500] "GET /users/predictor.json?user_id=68 HTTP/1.1" 304 1014 "https://www.gradecraft.com/dashboard" "Mozilla/5.0 (Windows NT 6.1; WOW64) AppleWebKit/537.11 (KHTML, like Gecko) Chrome/23.0.1271.64 Safari/537.11"
67.194.47.63 - linrmart [16/Nov/2012:00:28:31 -0500] "GET /dashboard HTTP/1.1" 200 6901 "-" "Mozilla/5.0 (Macintosh; Intel Mac OS X 10_8_1) AppleWebKit/536.25 (KHTML, like Gecko) Version/6.0 Safari/536.25"
67.194.47.63 - linrmart [16/Nov/2012:00:28:33 -0500] "GET /assets/application-eead062cf4bfb3cb3081a4c5cf6e0538.css HTTP/1.1" 304 245 "https://www.gradecraft.com/dashboard" "Mozilla/5.0 (Macintosh; Intel Mac OS X 10_8_1) AppleWebKit/536.25 (KHTML, like Gecko) Version/6.0 Safari/536.25"
67.194.47.63 - linrmart [16/Nov/2012:00:28:33 -0500] "GET /assets/application-647ca25372cb08a414ef6110cc332f61.js HTTP/1.1" 304 390 "https://www.gradecraft.com/dashboard" "Mozilla/5.0 (Macintosh; Intel Mac OS X 10_8_1) AppleWebKit/536.25 (KHTML, like Gecko) Version/6.0 Safari/536.25"
67.194.47.63 - linrmart [16/Nov/2012:00:28:34 -0500] "GET /badges/pos101/always_learning.png HTTP/1.1" 304 374 "https://www.gradecraft.com/dashboard" "Mozilla/5.0 (Macintosh; Intel Mac OS X 10_8_1) AppleWebKit/536.25 (KHTML, like Gecko) Version/6.0 Safari/536.25"
67.194.47.63 - linrmart [16/Nov/2012:00:28:34 -0500] "GET /badges/pos101/above_and_beyond.png HTTP/1.1" 304 374 "https://www.gradecraft.com/dashboard" "Mozilla/5.0 (Macintosh; Intel Mac OS X 10_8_1) AppleWebKit/536.25 (KHTML, like Gecko) Version/6.0 Safari/536.25"
67.194.47.63 - linrmart [16/Nov/2012:00:28:34 -0500] "GET /badges/pos101/awesome_aggregator.png HTTP/1.1" 304 374 "https://www.gradecraft.com/dashboard" "Mozilla/5.0 (Macintosh; Intel Mac OS X 10_8_1) AppleWebKit/536.25 (KHTML, like Gecko) Version/6.0 Safari/536.25"
67.194.47.63 - linrmart [16/Nov/2012:00:28:34 -0500] "GET /badges/pos101/great_critic.png HTTP/1.1" 304 374 "https://www.gradecraft.com/dashboard" "Mozilla/5.0 (Macintosh; Intel Mac OS X 10_8_1) AppleWebKit/536.25 (KHTML, like Gecko) Version/6.0 Safari/536.25"
67.194.47.63 - linrmart [16/Nov/2012:00:28:34 -0500] "GET /badges/pos101/presentation_of_self.png HTTP/1.1" 304 229 "https://www.gradecraft.com/dashboard" "Mozilla/5.0 (Macintosh; Intel Mac OS X 10_8_1) AppleWebKit/536.25 (KHTML, like Gecko) Version/6.0 Safari/536.25"
67.194.47.63 - linrmart [16/Nov/2012:00:28:34 -0500] "GET /badges/pos101/teachers_pet.png HTTP/1.1" 304 229 "https://www.gradecraft.com/dashboard" "Mozilla/5.0 (Macintosh; Intel Mac OS X 10_8_1) AppleWebKit/536.25 (KHTML, like Gecko) Version/6.0 Safari/536.25"
67.194.47.63 - linrmart [16/Nov/2012:00:28:34 -0500] "GET /badges/pos101/concentrator.png HTTP/1.1" 304 229 "https://www.gradecraft.com/dashboard" "Mozilla/5.0 (Macintosh; Intel Mac OS X 10_8_1) AppleWebKit/536.25 (KHTML, like Gecko) Version/6.0 Safari/536.25"
67.194.47.63 - linrmart [16/Nov/2012:00:28:34 -0500] "GET /badges/pos101/courageous_failure.png HTTP/1.1" 304 229 "https://www.gradecraft.com/dashboard" "Mozilla/5.0 (Macintosh; Intel Mac OS X 10_8_1) AppleWebKit/536.25 (KHTML, like Gecko) Version/6.0 Safari/536.25"
67.194.47.63 - linrmart [16/Nov/2012:00:28:34 -0500] "GET /badges/pos101/early_bird_special.png HTTP/1.1" 304 229 "https://www.gradecraft.com/dashboard" "Mozilla/5.0 (Macintosh; Intel Mac OS X 10_8_1) AppleWebKit/536.25 (KHTML, like Gecko) Version/6.0 Safari/536.25"
67.194.47.63 - linrmart [16/Nov/2012:00:28:34 -0500] "GET /badges/pos101/gaining_experience.png HTTP/1.1" 304 229 "https://www.gradecraft.com/dashboard" "Mozilla/5.0 (Macintosh; Intel Mac OS X 10_8_1) AppleWebKit/536.25 (KHTML, like Gecko) Version/6.0 Safari/536.25"
67.194.47.63 - linrmart [16/Nov/2012:00:28:34 -0500] "GET /badges/pos101/examination_expert.png HTTP/1.1" 304 229 "https://www.gradecraft.com/dashboard" "Mozilla/5.0 (Macintosh; Intel Mac OS X 10_8_1) AppleWebKit/536.25 (KHTML, like Gecko) Version/6.0 Safari/536.25"
67.194.47.63 - linrmart [16/Nov/2012:00:28:34 -0500] "GET /badges/pos101/gamer.png HTTP/1.1" 304 229 "https://www.gradecraft.com/dashboard" "Mozilla/5.0 (Macintosh; Intel Mac OS X 10_8_1) AppleWebKit/536.25 (KHTML, like Gecko) Version/6.0 Safari/536.25"
67.194.47.63 - linrmart [16/Nov/2012:00:28:34 -0500] "GET /badges/pos101/personal.png HTTP/1.1" 304 229 "https://www.gradecraft.com/dashboard" "Mozilla/5.0 (Macintosh; Intel Mac OS X 10_8_1) AppleWebKit/536.25 (KHTML, like Gecko) Version/6.0 Safari/536.25"
67.194.47.63 - linrmart [16/Nov/2012:00:28:34 -0500] "GET /badges/pos101/learning_from_mistakes.png HTTP/1.1" 304 229 "https://www.gradecraft.com/dashboard" "Mozilla/5.0 (Macintosh; Intel Mac OS X 10_8_1) AppleWebKit/536.25 (KHTML, like Gecko) Version/6.0 Safari/536.25"
67.194.47.63 - linrmart [16/Nov/2012:00:28:34 -0500] "GET /badges/pos101/level_one.png HTTP/1.1" 304 229 "https://www.gradecraft.com/dashboard" "Mozilla/5.0 (Macintosh; Intel Mac OS X 10_8_1) AppleWebKit/536.25 (KHTML, like Gecko) Version/6.0 Safari/536.25"
67.194.47.63 - linrmart [16/Nov/2012:00:28:34 -0500] "GET /badges/pos101/participatory_democrat.png HTTP/1.1" 304 229 "https://www.gradecraft.com/dashboard" "Mozilla/5.0 (Macintosh; Intel Mac OS X 10_8_1) AppleWebKit/536.25 (KHTML, like Gecko) Version/6.0 Safari/536.25"
67.194.47.63 - linrmart [16/Nov/2012:00:28:34 -0500] "GET /badges/pos101/practice_makes_perfect.png HTTP/1.1" 304 229 "https://www.gradecraft.com/dashboard" "Mozilla/5.0 (Macintosh; Intel Mac OS X 10_8_1) AppleWebKit/536.25 (KHTML, like Gecko) Version/6.0 Safari/536.25"
67.194.47.63 - linrmart [16/Nov/2012:00:28:34 -0500] "GET /badges/pos101/public_speaker.png HTTP/1.1" 304 229 "https://www.gradecraft.com/dashboard" "Mozilla/5.0 (Macintosh; Intel Mac OS X 10_8_1) AppleWebKit/536.25 (KHTML, like Gecko) Version/6.0 Safari/536.25"
67.194.47.63 - linrmart [16/Nov/2012:00:28:34 -0500] "GET /badges/pos101/scribe.png HTTP/1.1" 304 229 "https://www.gradecraft.com/dashboard" "Mozilla/5.0 (Macintosh; Intel Mac OS X 10_8_1) AppleWebKit/536.25 (KHTML, like Gecko) Version/6.0 Safari/536.25"
67.194.47.63 - linrmart [16/Nov/2012:00:28:34 -0500] "GET /badges/pos101/times_immemorial.png HTTP/1.1" 304 229 "https://www.gradecraft.com/dashboard" "Mozilla/5.0 (Macintosh; Intel Mac OS X 10_8_1) AppleWebKit/536.25 (KHTML, like Gecko) Version/6.0 Safari/536.25"
67.194.47.63 - linrmart [16/Nov/2012:00:28:34 -0500] "GET /badges/pos101/phoebe_badge.jpg HTTP/1.1" 404 1044 "https://www.gradecraft.com/dashboard" "Mozilla/5.0 (Macintosh; Intel Mac OS X 10_8_1) AppleWebKit/536.25 (KHTML, like Gecko) Version/6.0 Safari/536.25"
67.194.47.63 - linrmart [16/Nov/2012:00:28:34 -0500] "GET /users/predictor.json?in_progress=true&user_id=267 HTTP/1.1" 304 885 "https://www.gradecraft.com/dashboard" "Mozilla/5.0 (Macintosh; Intel Mac OS X 10_8_1) AppleWebKit/536.25 (KHTML, like Gecko) Version/6.0 Safari/536.25"
67.194.47.63 - linrmart [16/Nov/2012:00:28:34 -0500] "GET /users/predictor.json?user_id=267 HTTP/1.1" 304 885 "https://www.gradecraft.com/dashboard" "Mozilla/5.0 (Macintosh; Intel Mac OS X 10_8_1) AppleWebKit/536.25 (KHTML, like Gecko) Version/6.0 Safari/536.25"
98.224.221.72 - - [16/Nov/2012:00:32:18 -0500] "GET / HTTP/1.1" 302 3259 "-" "Mozilla/5.0 (Macintosh; Intel Mac OS X 10_8_1) AppleWebKit/536.25 (KHTML, like Gecko) Version/6.0 Safari/536.25"
67.194.248.174 - - [16/Nov/2012:00:34:41 -0500] "GET / HTTP/1.1" 302 3259 "https://sites.google.com/a/umich.edu/polsci101f2012/readings/reading-homework" "Mozilla/5.0 (Macintosh; Intel Mac OS X 10_8_2) AppleWebKit/536.26.14 (KHTML, like Gecko) Version/6.0.1 Safari/536.26.14"
67.194.248.174 - - [16/Nov/2012:00:34:53 -0500] "GET /cosign/valid?cosign-www.gradecraft.com=83mvbmXmjwwUjoOAUJTk55qwUEV5YFYZwntvkn1jbSYWF5lAcLB8qi0QFjo59Y5CN7+sFTt4EOi3nIj0QOJ0UpmABqE5mDz+3bxJtxI50AgBXCcTfPJqYid6-LAd&https://www.gradecraft.com/ HTTP/1.1" 301 868 "https://weblogin.umich.edu/?cosign-www.gradecraft.com&https://www.gradecraft.com/" "Mozilla/5.0 (Macintosh; Intel Mac OS X 10_8_2) AppleWebKit/536.26.14 (KHTML, like Gecko) Version/6.0.1 Safari/536.26.14"
67.194.248.174 - hfishkin [16/Nov/2012:00:34:53 -0500] "GET / HTTP/1.1" 200 5156 "https://weblogin.umich.edu/?cosign-www.gradecraft.com&https://www.gradecraft.com/" "Mozilla/5.0 (Macintosh; Intel Mac OS X 10_8_2) AppleWebKit/536.26.14 (KHTML, like Gecko) Version/6.0.1 Safari/536.26.14"
67.194.248.174 - hfishkin [16/Nov/2012:00:34:55 -0500] "GET /assets/application-647ca25372cb08a414ef6110cc332f61.js HTTP/1.1" 304 245 "https://www.gradecraft.com/" "Mozilla/5.0 (Macintosh; Intel Mac OS X 10_8_2) AppleWebKit/536.26.14 (KHTML, like Gecko) Version/6.0.1 Safari/536.26.14"
67.194.248.174 - hfishkin [16/Nov/2012:00:34:55 -0500] "GET /badges/pos101/phoebe_badge.jpg HTTP/1.1" 404 1205 "https://www.gradecraft.com/" "Mozilla/5.0 (Macintosh; Intel Mac OS X 10_8_2) AppleWebKit/536.26.14 (KHTML, like Gecko) Version/6.0.1 Safari/536.26.14"
67.194.248.174 - hfishkin [16/Nov/2012:00:34:55 -0500] "GET /users/predictor.json?in_progress=true&user_id=67 HTTP/1.1" 304 869 "https://www.gradecraft.com/" "Mozilla/5.0 (Macintosh; Intel Mac OS X 10_8_2) AppleWebKit/536.26.14 (KHTML, like Gecko) Version/6.0.1 Safari/536.26.14"
67.194.248.174 - hfishkin [16/Nov/2012:00:34:55 -0500] "GET /users/predictor.json?user_id=67 HTTP/1.1" 304 1014 "https://www.gradecraft.com/" "Mozilla/5.0 (Macintosh; Intel Mac OS X 10_8_2) AppleWebKit/536.26.14 (KHTML, like Gecko) Version/6.0.1 Safari/536.26.14"
67.194.248.174 - hfishkin [16/Nov/2012:00:35:42 -0500] "GET /users/predictor?user_id=67 HTTP/1.1" 200 5669 "https://www.gradecraft.com/" "Mozilla/5.0 (Macintosh; Intel Mac OS X 10_8_2) AppleWebKit/536.26.14 (KHTML, like Gecko) Version/6.0.1 Safari/536.26.14"
67.194.248.174 - hfishkin [16/Nov/2012:00:35:46 -0500] "GET /badges/pos101/phoebe_badge.jpg HTTP/1.1" 404 1044 "https://www.gradecraft.com/users/predictor?user_id=67" "Mozilla/5.0 (Macintosh; Intel Mac OS X 10_8_2) AppleWebKit/536.26.14 (KHTML, like Gecko) Version/6.0.1 Safari/536.26.14"
67.194.5.99 - sarijros [16/Nov/2012:00:36:06 -0500] "GET / HTTP/1.1" 200 7558 "-" "Mozilla/5.0 (Macintosh; U; Intel Mac OS X 10_6_8; en-us) AppleWebKit/533.21.1 (KHTML, like Gecko) Version/5.0.5 Safari/533.21.1"
67.194.5.99 - sarijros [16/Nov/2012:00:36:10 -0500] "GET /badges/pos101/phoebe_badge.jpg HTTP/1.1" 404 1198 "https://www.gradecraft.com/" "Mozilla/5.0 (Macintosh; U; Intel Mac OS X 10_6_8; en-us) AppleWebKit/533.21.1 (KHTML, like Gecko) Version/5.0.5 Safari/533.21.1"
67.194.5.99 - sarijros [16/Nov/2012:00:36:10 -0500] "GET /users/predictor.json?user_id=73 HTTP/1.1" 200 1748 "https://www.gradecraft.com/" "Mozilla/5.0 (Macintosh; U; Intel Mac OS X 10_6_8; en-us) AppleWebKit/533.21.1 (KHTML, like Gecko) Version/5.0.5 Safari/533.21.1"
67.194.5.99 - sarijros [16/Nov/2012:00:36:10 -0500] "GET /users/predictor.json?in_progress=true&user_id=73 HTTP/1.1" 200 1610 "https://www.gradecraft.com/" "Mozilla/5.0 (Macintosh; U; Intel Mac OS X 10_6_8; en-us) AppleWebKit/533.21.1 (KHTML, like Gecko) Version/5.0.5 Safari/533.21.1"
67.194.211.117 - - [16/Nov/2012:00:39:29 -0500] "GET / HTTP/1.1" 302 3259 "-" "Mozilla/5.0 (Macintosh; Intel Mac OS X 10_8_2) AppleWebKit/536.26.17 (KHTML, like Gecko) Version/6.0.2 Safari/536.26.17"
67.194.211.117 - - [16/Nov/2012:00:39:30 -0500] "GET /cosign/valid?cosign-www.gradecraft.com=XCh9OpDcYeDuXPSsZ0pLcsfb53ScMv+BsTCQf0W1rNXnINBtG8smRqpi4twwbvdHo5wji3F683UeALoLtYfo+s6rrwDLWgzjzgBDWH+fRGRk-8e59NTP6FpyX8Hr&https://www.gradecraft.com/ HTTP/1.1" 301 868 "-" "Mozilla/5.0 (Macintosh; Intel Mac OS X 10_8_2) AppleWebKit/536.26.17 (KHTML, like Gecko) Version/6.0.2 Safari/536.26.17"
67.194.211.117 - amimura [16/Nov/2012:00:39:30 -0500] "GET / HTTP/1.1" 302 1348 "-" "Mozilla/5.0 (Macintosh; Intel Mac OS X 10_8_2) AppleWebKit/536.26.17 (KHTML, like Gecko) Version/6.0.2 Safari/536.26.17"
67.194.248.174 - hfishkin [16/Nov/2012:00:39:29 -0500] "GET /dashboard HTTP/1.1" 200 5301 "https://www.gradecraft.com/users/predictor?user_id=67" "Mozilla/5.0 (Macintosh; Intel Mac OS X 10_8_2) AppleWebKit/536.26.14 (KHTML, like Gecko) Version/6.0.1 Safari/536.26.14"
67.194.248.174 - hfishkin [16/Nov/2012:00:39:31 -0500] "GET /badges/pos101/phoebe_badge.jpg HTTP/1.1" 404 1205 "https://www.gradecraft.com/dashboard" "Mozilla/5.0 (Macintosh; Intel Mac OS X 10_8_2) AppleWebKit/536.26.14 (KHTML, like Gecko) Version/6.0.1 Safari/536.26.14"
67.194.211.117 - amimura [16/Nov/2012:00:39:30 -0500] "GET /dashboard HTTP/1.1" 200 5236 "-" "Mozilla/5.0 (Macintosh; Intel Mac OS X 10_8_2) AppleWebKit/536.26.17 (KHTML, like Gecko) Version/6.0.2 Safari/536.26.17"
67.194.211.117 - amimura [16/Nov/2012:00:39:32 -0500] "GET /assets/application-eead062cf4bfb3cb3081a4c5cf6e0538.css HTTP/1.1" 200 49342 "https://www.gradecraft.com/dashboard" "Mozilla/5.0 (Macintosh; Intel Mac OS X 10_8_2) AppleWebKit/536.26.17 (KHTML, like Gecko) Version/6.0.2 Safari/536.26.17"
67.194.248.174 - hfishkin [16/Nov/2012:00:39:31 -0500] "GET /users/predictor.json?in_progress=true&user_id=67 HTTP/1.1" 304 869 "https://www.gradecraft.com/dashboard" "Mozilla/5.0 (Macintosh; Intel Mac OS X 10_8_2) AppleWebKit/536.26.14 (KHTML, like Gecko) Version/6.0.1 Safari/536.26.14"
67.194.248.174 - hfishkin [16/Nov/2012:00:39:31 -0500] "GET /users/predictor.json?user_id=67 HTTP/1.1" 304 1014 "https://www.gradecraft.com/dashboard" "Mozilla/5.0 (Macintosh; Intel Mac OS X 10_8_2) AppleWebKit/536.26.14 (KHTML, like Gecko) Version/6.0.1 Safari/536.26.14"
67.194.211.117 - amimura [16/Nov/2012:00:39:32 -0500] "GET /assets/application-647ca25372cb08a414ef6110cc332f61.js HTTP/1.1" 200 221293 "https://www.gradecraft.com/dashboard" "Mozilla/5.0 (Macintosh; Intel Mac OS X 10_8_2) AppleWebKit/536.26.17 (KHTML, like Gecko) Version/6.0.2 Safari/536.26.17"
67.194.211.117 - amimura [16/Nov/2012:00:39:33 -0500] "GET /badges/pos101/always_learning.png HTTP/1.1" 200 3066 "https://www.gradecraft.com/dashboard" "Mozilla/5.0 (Macintosh; Intel Mac OS X 10_8_2) AppleWebKit/536.26.17 (KHTML, like Gecko) Version/6.0.2 Safari/536.26.17"
67.194.211.117 - amimura [16/Nov/2012:00:39:33 -0500] "GET /badges/pos101/presentation_of_self.png HTTP/1.1" 200 5498 "https://www.gradecraft.com/dashboard" "Mozilla/5.0 (Macintosh; Intel Mac OS X 10_8_2) AppleWebKit/536.26.17 (KHTML, like Gecko) Version/6.0.2 Safari/536.26.17"
67.194.211.117 - amimura [16/Nov/2012:00:39:33 -0500] "GET /badges/pos101/above_and_beyond.png HTTP/1.1" 200 6379 "https://www.gradecraft.com/dashboard" "Mozilla/5.0 (Macintosh; Intel Mac OS X 10_8_2) AppleWebKit/536.26.17 (KHTML, like Gecko) Version/6.0.2 Safari/536.26.17"
67.194.211.117 - amimura [16/Nov/2012:00:39:33 -0500] "GET /badges/pos101/great_critic.png HTTP/1.1" 200 5451 "https://www.gradecraft.com/dashboard" "Mozilla/5.0 (Macintosh; Intel Mac OS X 10_8_2) AppleWebKit/536.26.17 (KHTML, like Gecko) Version/6.0.2 Safari/536.26.17"
67.194.211.117 - amimura [16/Nov/2012:00:39:33 -0500] "GET /badges/pos101/awesome_aggregator.png HTTP/1.1" 200 5803 "https://www.gradecraft.com/dashboard" "Mozilla/5.0 (Macintosh; Intel Mac OS X 10_8_2) AppleWebKit/536.26.17 (KHTML, like Gecko) Version/6.0.2 Safari/536.26.17"
67.194.211.117 - amimura [16/Nov/2012:00:39:33 -0500] "GET /badges/pos101/teachers_pet.png HTTP/1.1" 200 3194 "https://www.gradecraft.com/dashboard" "Mozilla/5.0 (Macintosh; Intel Mac OS X 10_8_2) AppleWebKit/536.26.17 (KHTML, like Gecko) Version/6.0.2 Safari/536.26.17"
67.194.211.117 - amimura [16/Nov/2012:00:39:33 -0500] "GET /badges/pos101/concentrator.png HTTP/1.1" 200 3594 "https://www.gradecraft.com/dashboard" "Mozilla/5.0 (Macintosh; Intel Mac OS X 10_8_2) AppleWebKit/536.26.17 (KHTML, like Gecko) Version/6.0.2 Safari/536.26.17"
67.194.211.117 - amimura [16/Nov/2012:00:39:33 -0500] "GET /badges/pos101/early_bird_special.png HTTP/1.1" 200 4602 "https://www.gradecraft.com/dashboard" "Mozilla/5.0 (Macintosh; Intel Mac OS X 10_8_2) AppleWebKit/536.26.17 (KHTML, like Gecko) Version/6.0.2 Safari/536.26.17"
67.194.211.117 - amimura [16/Nov/2012:00:39:33 -0500] "GET /badges/pos101/courageous_failure.png HTTP/1.1" 200 8410 "https://www.gradecraft.com/dashboard" "Mozilla/5.0 (Macintosh; Intel Mac OS X 10_8_2) AppleWebKit/536.26.17 (KHTML, like Gecko) Version/6.0.2 Safari/536.26.17"
67.194.211.117 - amimura [16/Nov/2012:00:39:33 -0500] "GET /badges/pos101/examination_expert.png HTTP/1.1" 200 4042 "https://www.gradecraft.com/dashboard" "Mozilla/5.0 (Macintosh; Intel Mac OS X 10_8_2) AppleWebKit/536.26.17 (KHTML, like Gecko) Version/6.0.2 Safari/536.26.17"
67.194.211.117 - amimura [16/Nov/2012:00:39:33 -0500] "GET /badges/pos101/gaining_experience.png HTTP/1.1" 200 8458 "https://www.gradecraft.com/dashboard" "Mozilla/5.0 (Macintosh; Intel Mac OS X 10_8_2) AppleWebKit/536.26.17 (KHTML, like Gecko) Version/6.0.2 Safari/536.26.17"
67.194.211.117 - amimura [16/Nov/2012:00:39:33 -0500] "GET /badges/pos101/gamer.png HTTP/1.1" 200 4378 "https://www.gradecraft.com/dashboard" "Mozilla/5.0 (Macintosh; Intel Mac OS X 10_8_2) AppleWebKit/536.26.17 (KHTML, like Gecko) Version/6.0.2 Safari/536.26.17"
67.194.211.117 - amimura [16/Nov/2012:00:39:33 -0500] "GET /badges/pos101/learning_from_mistakes.png HTTP/1.1" 200 8362 "https://www.gradecraft.com/dashboard" "Mozilla/5.0 (Macintosh; Intel Mac OS X 10_8_2) AppleWebKit/536.26.17 (KHTML, like Gecko) Version/6.0.2 Safari/536.26.17"
67.194.211.117 - amimura [16/Nov/2012:00:39:33 -0500] "GET /badges/pos101/level_one.png HTTP/1.1" 200 4458 "https://www.gradecraft.com/dashboard" "Mozilla/5.0 (Macintosh; Intel Mac OS X 10_8_2) AppleWebKit/536.26.17 (KHTML, like Gecko) Version/6.0.2 Safari/536.26.17"
67.194.211.117 - amimura [16/Nov/2012:00:39:33 -0500] "GET /badges/pos101/personal.png HTTP/1.1" 200 4474 "https://www.gradecraft.com/dashboard" "Mozilla/5.0 (Macintosh; Intel Mac OS X 10_8_2) AppleWebKit/536.26.17 (KHTML, like Gecko) Version/6.0.2 Safari/536.26.17"
67.194.211.117 - amimura [16/Nov/2012:00:39:33 -0500] "GET /badges/pos101/participatory_democrat.png HTTP/1.1" 200 5354 "https://www.gradecraft.com/dashboard" "Mozilla/5.0 (Macintosh; Intel Mac OS X 10_8_2) AppleWebKit/536.26.17 (KHTML, like Gecko) Version/6.0.2 Safari/536.26.17"
67.194.211.117 - amimura [16/Nov/2012:00:39:33 -0500] "GET /badges/pos101/practice_makes_perfect.png HTTP/1.1" 200 6010 "https://www.gradecraft.com/dashboard" "Mozilla/5.0 (Macintosh; Intel Mac OS X 10_8_2) AppleWebKit/536.26.17 (KHTML, like Gecko) Version/6.0.2 Safari/536.26.17"
67.194.211.117 - amimura [16/Nov/2012:00:39:33 -0500] "GET /badges/pos101/public_speaker.png HTTP/1.1" 200 5482 "https://www.gradecraft.com/dashboard" "Mozilla/5.0 (Macintosh; Intel Mac OS X 10_8_2) AppleWebKit/536.26.17 (KHTML, like Gecko) Version/6.0.2 Safari/536.26.17"
67.194.211.117 - amimura [16/Nov/2012:00:39:33 -0500] "GET /badges/pos101/scribe.png HTTP/1.1" 200 3002 "https://www.gradecraft.com/dashboard" "Mozilla/5.0 (Macintosh; Intel Mac OS X 10_8_2) AppleWebKit/536.26.17 (KHTML, like Gecko) Version/6.0.2 Safari/536.26.17"
67.194.211.117 - amimura [16/Nov/2012:00:39:33 -0500] "GET /badges/pos101/times_immemorial.png HTTP/1.1" 200 5722 "https://www.gradecraft.com/dashboard" "Mozilla/5.0 (Macintosh; Intel Mac OS X 10_8_2) AppleWebKit/536.26.17 (KHTML, like Gecko) Version/6.0.2 Safari/536.26.17"
67.194.211.117 - amimura [16/Nov/2012:00:39:33 -0500] "GET /badges/pos101/phoebe_badge.jpg HTTP/1.1" 404 1044 "https://www.gradecraft.com/dashboard" "Mozilla/5.0 (Macintosh; Intel Mac OS X 10_8_2) AppleWebKit/536.26.17 (KHTML, like Gecko) Version/6.0.2 Safari/536.26.17"
67.194.211.117 - amimura [16/Nov/2012:00:39:33 -0500] "GET /favicon.ico HTTP/1.1" 200 4795 "https://www.gradecraft.com/dashboard" "Mozilla/5.0 (Macintosh; Intel Mac OS X 10_8_2) AppleWebKit/536.26.17 (KHTML, like Gecko) Version/6.0.2 Safari/536.26.17"
67.194.211.117 - amimura [16/Nov/2012:00:39:33 -0500] "GET /users/predictor.json?user_id=191 HTTP/1.1" 200 1610 "https://www.gradecraft.com/dashboard" "Mozilla/5.0 (Macintosh; Intel Mac OS X 10_8_2) AppleWebKit/536.26.17 (KHTML, like Gecko) Version/6.0.2 Safari/536.26.17"
67.194.211.117 - amimura [16/Nov/2012:00:39:33 -0500] "GET /users/predictor.json?in_progress=true&user_id=191 HTTP/1.1" 200 1755 "https://www.gradecraft.com/dashboard" "Mozilla/5.0 (Macintosh; Intel Mac OS X 10_8_2) AppleWebKit/536.26.17 (KHTML, like Gecko) Version/6.0.2 Safari/536.26.17"
67.194.211.117 - amimura [16/Nov/2012:00:39:43 -0500] "GET /assignments/102/assignment_submissions/new?submittable_id=8&submittable_type=Team HTTP/1.1" 200 2804 "https://www.gradecraft.com/dashboard" "Mozilla/5.0 (Macintosh; Intel Mac OS X 10_8_2) AppleWebKit/536.26.17 (KHTML, like Gecko) Version/6.0.2 Safari/536.26.17"
67.194.211.117 - amimura [16/Nov/2012:00:39:45 -0500] "GET /assets/fontawesome-webfont.woff HTTP/1.1" 200 42180 "https://www.gradecraft.com/assignments/102/assignment_submissions/new?submittable_id=8&submittable_type=Team" "Mozilla/5.0 (Macintosh; Intel Mac OS X 10_8_2) AppleWebKit/536.26.17 (KHTML, like Gecko) Version/6.0.2 Safari/536.26.17"
67.194.211.117 - amimura [16/Nov/2012:00:39:45 -0500] "GET /assets/twitter/bootstrap/glyphicons-halflings-ab3144065a860d198f1d7d9a4882640c.png HTTP/1.1" 200 13162 "https://www.gradecraft.com/assignments/102/assignment_submissions/new?submittable_id=8&submittable_type=Team" "Mozilla/5.0 (Macintosh; Intel Mac OS X 10_8_2) AppleWebKit/536.26.17 (KHTML, like Gecko) Version/6.0.2 Safari/536.26.17"
67.194.211.117 - amimura [16/Nov/2012:00:39:45 -0500] "GET /assets/bootstrap-wysihtml5/wysiwyg-color.css HTTP/1.1" 404 1044 "-" "Mozilla/5.0 (Macintosh; Intel Mac OS X 10_8_2) AppleWebKit/536.26.17 (KHTML, like Gecko) Version/6.0.2 Safari/536.26.17"
67.194.248.174 - hfishkin [16/Nov/2012:00:39:54 -0500] "GET /users/predictor?user_id=67 HTTP/1.1" 304 3420 "https://www.gradecraft.com/dashboard" "Mozilla/5.0 (Macintosh; Intel Mac OS X 10_8_2) AppleWebKit/536.26.14 (KHTML, like Gecko) Version/6.0.1 Safari/536.26.14"
67.194.248.174 - hfishkin [16/Nov/2012:00:39:57 -0500] "GET /badges/pos101/phoebe_badge.jpg HTTP/1.1" 404 1044 "https://www.gradecraft.com/users/predictor?user_id=67" "Mozilla/5.0 (Macintosh; Intel Mac OS X 10_8_2) AppleWebKit/536.26.14 (KHTML, like Gecko) Version/6.0.1 Safari/536.26.14"
67.194.211.117 - amimura [16/Nov/2012:00:40:07 -0500] "POST /assignments/102/assignment_submissions HTTP/1.1" 302 1781 "https://www.gradecraft.com/assignments/102/assignment_submissions/new?submittable_id=8&submittable_type=Team" "Mozilla/5.0 (Macintosh; Intel Mac OS X 10_8_2) AppleWebKit/536.26.17 (KHTML, like Gecko) Version/6.0.2 Safari/536.26.17"
67.194.211.117 - amimura [16/Nov/2012:00:40:07 -0500] "GET /dashboard HTTP/1.1" 200 5492 "https://www.gradecraft.com/assignments/102/assignment_submissions/new?submittable_id=8&submittable_type=Team" "Mozilla/5.0 (Macintosh; Intel Mac OS X 10_8_2) AppleWebKit/536.26.17 (KHTML, like Gecko) Version/6.0.2 Safari/536.26.17"
67.194.211.117 - amimura [16/Nov/2012:00:40:10 -0500] "GET /badges/pos101/phoebe_badge.jpg HTTP/1.1" 404 1205 "https://www.gradecraft.com/dashboard" "Mozilla/5.0 (Macintosh; Intel Mac OS X 10_8_2) AppleWebKit/536.26.17 (KHTML, like Gecko) Version/6.0.2 Safari/536.26.17"
67.194.211.117 - amimura [16/Nov/2012:00:40:10 -0500] "GET /users/predictor.json?user_id=191 HTTP/1.1" 304 1014 "https://www.gradecraft.com/dashboard" "Mozilla/5.0 (Macintosh; Intel Mac OS X 10_8_2) AppleWebKit/536.26.17 (KHTML, like Gecko) Version/6.0.2 Safari/536.26.17"
67.194.211.117 - amimura [16/Nov/2012:00:40:10 -0500] "GET /users/predictor.json?in_progress=true&user_id=191 HTTP/1.1" 304 869 "https://www.gradecraft.com/dashboard" "Mozilla/5.0 (Macintosh; Intel Mac OS X 10_8_2) AppleWebKit/536.26.17 (KHTML, like Gecko) Version/6.0.2 Safari/536.26.17"
67.194.85.73 - - [16/Nov/2012:00:41:09 -0500] "GET /dashboard HTTP/1.1" 302 3789 "-" "Mozilla/5.0 (Macintosh; Intel Mac OS X 10_8_2) AppleWebKit/537.11 (KHTML, like Gecko) Chrome/23.0.1271.64 Safari/537.11"
67.194.85.73 - - [16/Nov/2012:00:41:10 -0500] "GET /cosign/valid?cosign-www.gradecraft.com=WmSh0373YKXxc0jHekhjRwsFP2nBrLUrL-GPV7EqLxFC+9AYv9bDLiDAGLQuTIMJ8amMLsPvdhS62-BQsqUpeVfMJBf0R6AyHXFP4EGQO1qBlXRZouXp1h8qhXNM&https://www.gradecraft.com/dashboard HTTP/1.1" 301 900 "-" "Mozilla/5.0 (Macintosh; Intel Mac OS X 10_8_2) AppleWebKit/537.11 (KHTML, like Gecko) Chrome/23.0.1271.64 Safari/537.11"
67.194.85.73 - ilesjef [16/Nov/2012:00:41:10 -0500] "GET /dashboard HTTP/1.1" 200 5956 "-" "Mozilla/5.0 (Macintosh; Intel Mac OS X 10_8_2) AppleWebKit/537.11 (KHTML, like Gecko) Chrome/23.0.1271.64 Safari/537.11"
67.194.85.73 - ilesjef [16/Nov/2012:00:41:12 -0500] "GET /assets/application-eead062cf4bfb3cb3081a4c5cf6e0538.css HTTP/1.1" 304 245 "https://www.gradecraft.com/dashboard" "Mozilla/5.0 (Macintosh; Intel Mac OS X 10_8_2) AppleWebKit/537.11 (KHTML, like Gecko) Chrome/23.0.1271.64 Safari/537.11"
67.194.85.73 - ilesjef [16/Nov/2012:00:41:12 -0500] "GET /assets/application-647ca25372cb08a414ef6110cc332f61.js HTTP/1.1" 304 3278 "https://www.gradecraft.com/dashboard" "Mozilla/5.0 (Macintosh; Intel Mac OS X 10_8_2) AppleWebKit/537.11 (KHTML, like Gecko) Chrome/23.0.1271.64 Safari/537.11"
67.194.85.73 - ilesjef [16/Nov/2012:00:41:12 -0500] "GET /badges/pos101/phoebe_badge.jpg HTTP/1.1" 404 4093 "https://www.gradecraft.com/dashboard" "Mozilla/5.0 (Macintosh; Intel Mac OS X 10_8_2) AppleWebKit/537.11 (KHTML, like Gecko) Chrome/23.0.1271.64 Safari/537.11"
67.194.85.73 - ilesjef [16/Nov/2012:00:41:12 -0500] "GET /users/predictor.json?user_id=150 HTTP/1.1" 304 885 "https://www.gradecraft.com/dashboard" "Mozilla/5.0 (Macintosh; Intel Mac OS X 10_8_2) AppleWebKit/537.11 (KHTML, like Gecko) Chrome/23.0.1271.64 Safari/537.11"
67.194.85.73 - ilesjef [16/Nov/2012:00:41:12 -0500] "GET /users/predictor.json?in_progress=true&user_id=150 HTTP/1.1" 304 885 "https://www.gradecraft.com/dashboard" "Mozilla/5.0 (Macintosh; Intel Mac OS X 10_8_2) AppleWebKit/537.11 (KHTML, like Gecko) Chrome/23.0.1271.64 Safari/537.11"
67.194.248.174 - hfishkin [16/Nov/2012:00:41:23 -0500] "GET /badges HTTP/1.1" 200 4069 "https://www.gradecraft.com/users/predictor?user_id=67" "Mozilla/5.0 (Macintosh; Intel Mac OS X 10_8_2) AppleWebKit/536.26.14 (KHTML, like Gecko) Version/6.0.1 Safari/536.26.14"
67.194.248.174 - hfishkin [16/Nov/2012:00:41:24 -0500] "GET /badges/pos101/phoebe_badge.jpg HTTP/1.1" 404 1044 "https://www.gradecraft.com/badges" "Mozilla/5.0 (Macintosh; Intel Mac OS X 10_8_2) AppleWebKit/536.26.14 (KHTML, like Gecko) Version/6.0.1 Safari/536.26.14"
67.194.248.174 - hfishkin [16/Nov/2012:00:41:29 -0500] "GET /dashboard HTTP/1.1" 304 901 "https://www.gradecraft.com/badges" "Mozilla/5.0 (Macintosh; Intel Mac OS X 10_8_2) AppleWebKit/536.26.14 (KHTML, like Gecko) Version/6.0.1 Safari/536.26.14"
67.194.248.174 - hfishkin [16/Nov/2012:00:41:31 -0500] "GET /badges/pos101/phoebe_badge.jpg HTTP/1.1" 404 1205 "https://www.gradecraft.com/dashboard" "Mozilla/5.0 (Macintosh; Intel Mac OS X 10_8_2) AppleWebKit/536.26.14 (KHTML, like Gecko) Version/6.0.1 Safari/536.26.14"
67.194.248.174 - hfishkin [16/Nov/2012:00:41:31 -0500] "GET /users/predictor.json?in_progress=true&user_id=67 HTTP/1.1" 304 869 "https://www.gradecraft.com/dashboard" "Mozilla/5.0 (Macintosh; Intel Mac OS X 10_8_2) AppleWebKit/536.26.14 (KHTML, like Gecko) Version/6.0.1 Safari/536.26.14"
67.194.248.174 - hfishkin [16/Nov/2012:00:41:31 -0500] "GET /users/predictor.json?user_id=67 HTTP/1.1" 304 1014 "https://www.gradecraft.com/dashboard" "Mozilla/5.0 (Macintosh; Intel Mac OS X 10_8_2) AppleWebKit/536.26.14 (KHTML, like Gecko) Version/6.0.1 Safari/536.26.14"
67.194.211.117 - - [16/Nov/2012:00:42:35 -0500] "GET / HTTP/1.1" 302 3259 "-" "Mozilla/5.0 (Macintosh; Intel Mac OS X 10_8_2) AppleWebKit/536.26.17 (KHTML, like Gecko) Version/6.0.2 Safari/536.26.17"
141.211.250.215 - asjason [16/Nov/2012:00:45:01 -0500] "GET / HTTP/1.1" 200 8557 "-" "Mozilla/5.0 (Windows NT 6.1; WOW64) AppleWebKit/537.11 (KHTML, like Gecko) Chrome/23.0.1271.64 Safari/537.11"
141.211.250.215 - asjason [16/Nov/2012:00:45:03 -0500] "GET /badges/pos101/phoebe_badge.jpg HTTP/1.1" 404 4093 "https://www.gradecraft.com/" "Mozilla/5.0 (Windows NT 6.1; WOW64) AppleWebKit/537.11 (KHTML, like Gecko) Chrome/23.0.1271.64 Safari/537.11"
141.211.250.215 - asjason [16/Nov/2012:00:45:03 -0500] "GET /users/predictor.json?user_id=68 HTTP/1.1" 304 3902 "https://www.gradecraft.com/" "Mozilla/5.0 (Windows NT 6.1; WOW64) AppleWebKit/537.11 (KHTML, like Gecko) Chrome/23.0.1271.64 Safari/537.11"
141.211.250.215 - asjason [16/Nov/2012:00:45:03 -0500] "GET /users/predictor.json?in_progress=true&user_id=68 HTTP/1.1" 304 869 "https://www.gradecraft.com/" "Mozilla/5.0 (Windows NT 6.1; WOW64) AppleWebKit/537.11 (KHTML, like Gecko) Chrome/23.0.1271.64 Safari/537.11"
76.226.164.68 - - [16/Nov/2012:00:45:37 -0500] "GET / HTTP/1.1" 302 3259 "-" "Mozilla/5.0 (Macintosh; Intel Mac OS X 10_8) AppleWebKit/536.25 (KHTML, like Gecko) Version/6.0 Safari/536.25"
76.226.164.68 - - [16/Nov/2012:00:46:37 -0500] "GET / HTTP/1.1" 302 901 "-" "Mozilla/5.0 (Macintosh; Intel Mac OS X 10_8) AppleWebKit/536.25 (KHTML, like Gecko) Version/6.0 Safari/536.25"
70.88.92.130 - - [16/Nov/2012:00:47:04 -0500] "GET / HTTP/1.1" 302 3254 "-" "Mozilla/5.0 (Macintosh; Intel Mac OS X 10_7_4) AppleWebKit/534.57.2 (KHTML, like Gecko) Version/5.1.7 Safari/534.57.2"
70.88.92.130 - - [16/Nov/2012:00:47:04 -0500] "GET / HTTP/1.1" 302 3254 "-" "Mozilla/5.0 (Macintosh; Intel Mac OS X 10_7_4) AppleWebKit/534.57.2 (KHTML, like Gecko) Version/5.1.7 Safari/534.57.2"
76.226.164.68 - - [16/Nov/2012:00:48:16 -0500] "GET / HTTP/1.1" 302 901 "-" "Mozilla/5.0 (Macintosh; Intel Mac OS X 10_8) AppleWebKit/536.25 (KHTML, like Gecko) Version/6.0 Safari/536.25"
67.194.211.117 - amimura [16/Nov/2012:00:57:58 -0500] "GET / HTTP/1.1" 200 7755 "-" "Mozilla/5.0 (Macintosh; Intel Mac OS X 10_8_2) AppleWebKit/536.26.17 (KHTML, like Gecko) Version/6.0.2 Safari/536.26.17"
67.194.211.117 - amimura [16/Nov/2012:00:58:01 -0500] "GET /users/predictor.json?in_progress=true&user_id=191 HTTP/1.1" 304 869 "https://www.gradecraft.com/" "Mozilla/5.0 (Macintosh; Intel Mac OS X 10_8_2) AppleWebKit/536.26.17 (KHTML, like Gecko) Version/6.0.2 Safari/536.26.17"
67.194.211.117 - amimura [16/Nov/2012:00:58:01 -0500] "GET /users/predictor.json?user_id=191 HTTP/1.1" 304 1014 "https://www.gradecraft.com/" "Mozilla/5.0 (Macintosh; Intel Mac OS X 10_8_2) AppleWebKit/536.26.17 (KHTML, like Gecko) Version/6.0.2 Safari/536.26.17"
67.194.211.117 - amimura [16/Nov/2012:00:58:01 -0500] "GET /badges/pos101/phoebe_badge.jpg HTTP/1.1" 404 1205 "https://www.gradecraft.com/" "Mozilla/5.0 (Macintosh; Intel Mac OS X 10_8_2) AppleWebKit/536.26.17 (KHTML, like Gecko) Version/6.0.2 Safari/536.26.17"
67.194.211.117 - amimura [16/Nov/2012:00:58:12 -0500] "GET /assignments/103/assignment_submissions/new?submittable_id=8&submittable_type=Team HTTP/1.1" 200 2788 "https://www.gradecraft.com/" "Mozilla/5.0 (Macintosh; Intel Mac OS X 10_8_2) AppleWebKit/536.26.17 (KHTML, like Gecko) Version/6.0.2 Safari/536.26.17"
67.194.211.117 - amimura [16/Nov/2012:00:58:14 -0500] "GET /assets/bootstrap-wysihtml5/wysiwyg-color.css HTTP/1.1" 404 1044 "-" "Mozilla/5.0 (Macintosh; Intel Mac OS X 10_8_2) AppleWebKit/536.26.17 (KHTML, like Gecko) Version/6.0.2 Safari/536.26.17"
67.194.211.117 - amimura [16/Nov/2012:00:58:39 -0500] "POST /assignments/103/assignment_submissions HTTP/1.1" 302 1797 "https://www.gradecraft.com/assignments/103/assignment_submissions/new?submittable_id=8&submittable_type=Team" "Mozilla/5.0 (Macintosh; Intel Mac OS X 10_8_2) AppleWebKit/536.26.17 (KHTML, like Gecko) Version/6.0.2 Safari/536.26.17"
67.194.211.117 - amimura [16/Nov/2012:00:58:39 -0500] "GET /dashboard HTTP/1.1" 200 5492 "https://www.gradecraft.com/assignments/103/assignment_submissions/new?submittable_id=8&submittable_type=Team" "Mozilla/5.0 (Macintosh; Intel Mac OS X 10_8_2) AppleWebKit/536.26.17 (KHTML, like Gecko) Version/6.0.2 Safari/536.26.17"
67.194.211.117 - amimura [16/Nov/2012:00:58:42 -0500] "GET /badges/pos101/phoebe_badge.jpg HTTP/1.1" 404 1205 "https://www.gradecraft.com/dashboard" "Mozilla/5.0 (Macintosh; Intel Mac OS X 10_8_2) AppleWebKit/536.26.17 (KHTML, like Gecko) Version/6.0.2 Safari/536.26.17"
67.194.211.117 - amimura [16/Nov/2012:00:58:42 -0500] "GET /users/predictor.json?user_id=191 HTTP/1.1" 304 1014 "https://www.gradecraft.com/dashboard" "Mozilla/5.0 (Macintosh; Intel Mac OS X 10_8_2) AppleWebKit/536.26.17 (KHTML, like Gecko) Version/6.0.2 Safari/536.26.17"
67.194.211.117 - amimura [16/Nov/2012:00:58:42 -0500] "GET /users/predictor.json?in_progress=true&user_id=191 HTTP/1.1" 304 869 "https://www.gradecraft.com/dashboard" "Mozilla/5.0 (Macintosh; Intel Mac OS X 10_8_2) AppleWebKit/536.26.17 (KHTML, like Gecko) Version/6.0.2 Safari/536.26.17"
141.211.250.215 - asjason [16/Nov/2012:01:07:40 -0500] "GET / HTTP/1.1" 304 4145 "-" "Mozilla/5.0 (Windows NT 6.1; WOW64) AppleWebKit/537.11 (KHTML, like Gecko) Chrome/23.0.1271.64 Safari/537.11"
141.211.250.215 - asjason [16/Nov/2012:01:07:42 -0500] "GET /badges/pos101/phoebe_badge.jpg HTTP/1.1" 404 4288 "https://www.gradecraft.com/" "Mozilla/5.0 (Windows NT 6.1; WOW64) AppleWebKit/537.11 (KHTML, like Gecko) Chrome/23.0.1271.64 Safari/537.11"
141.211.250.215 - asjason [16/Nov/2012:01:07:42 -0500] "GET /users/predictor.json?user_id=68 HTTP/1.1" 304 4097 "https://www.gradecraft.com/" "Mozilla/5.0 (Windows NT 6.1; WOW64) AppleWebKit/537.11 (KHTML, like Gecko) Chrome/23.0.1271.64 Safari/537.11"
141.211.250.215 - asjason [16/Nov/2012:01:07:42 -0500] "GET /users/predictor.json?in_progress=true&user_id=68 HTTP/1.1" 304 869 "https://www.gradecraft.com/" "Mozilla/5.0 (Windows NT 6.1; WOW64) AppleWebKit/537.11 (KHTML, like Gecko) Chrome/23.0.1271.64 Safari/537.11"
141.211.250.215 - asjason [16/Nov/2012:01:11:38 -0500] "GET / HTTP/1.1" 304 1062 "-" "Mozilla/5.0 (Windows NT 6.1; WOW64) AppleWebKit/537.11 (KHTML, like Gecko) Chrome/23.0.1271.64 Safari/537.11"
141.211.250.215 - asjason [16/Nov/2012:01:11:40 -0500] "GET /badges/pos101/phoebe_badge.jpg HTTP/1.1" 404 1205 "https://www.gradecraft.com/" "Mozilla/5.0 (Windows NT 6.1; WOW64) AppleWebKit/537.11 (KHTML, like Gecko) Chrome/23.0.1271.64 Safari/537.11"
141.211.250.215 - asjason [16/Nov/2012:01:11:40 -0500] "GET /users/predictor.json?in_progress=true&user_id=68 HTTP/1.1" 304 869 "https://www.gradecraft.com/" "Mozilla/5.0 (Windows NT 6.1; WOW64) AppleWebKit/537.11 (KHTML, like Gecko) Chrome/23.0.1271.64 Safari/537.11"
141.211.250.215 - asjason [16/Nov/2012:01:11:40 -0500] "GET /users/predictor.json?user_id=68 HTTP/1.1" 304 1014 "https://www.gradecraft.com/" "Mozilla/5.0 (Windows NT 6.1; WOW64) AppleWebKit/537.11 (KHTML, like Gecko) Chrome/23.0.1271.64 Safari/537.11"
67.194.85.73 - ilesjef [16/Nov/2012:01:13:04 -0500] "GET /dashboard HTTP/1.1" 304 4145 "-" "Mozilla/5.0 (Macintosh; Intel Mac OS X 10_8_2) AppleWebKit/537.11 (KHTML, like Gecko) Chrome/23.0.1271.64 Safari/537.11"
67.194.85.73 - ilesjef [16/Nov/2012:01:13:06 -0500] "GET /badges/pos101/phoebe_badge.jpg HTTP/1.1" 404 4288 "https://www.gradecraft.com/dashboard" "Mozilla/5.0 (Macintosh; Intel Mac OS X 10_8_2) AppleWebKit/537.11 (KHTML, like Gecko) Chrome/23.0.1271.64 Safari/537.11"
