67.194.29.11 - - [17/Sep/2012:11:37:31 -0400] "GET /cosign/valid?cosign-www.gradecraft.com=cTRUVqKtvwJzqUhtRPQwQQD0ekKGABTXE3eaOGRMc73IoBndZtfueQ+mpHUEU263p6NmK4p5RasG48o-MCa9WTWDUX+OyRJ6GEO3YeGchfLRtbEuNx6WPnl3XqGz&https://www.gradecraft.com/ HTTP/1.1" 301 3371 "https://weblogin.umich.edu/?cosign-www.gradecraft.com&https://www.gradecraft.com/" "Mozilla/5.0 (compatible; MSIE 9.0; Windows NT 6.1; WOW64; Trident/5.0)"
67.194.29.11 - cwhill [17/Sep/2012:11:37:32 -0400] "GET / HTTP/1.1" 302 1348 "https://weblogin.umich.edu/?cosign-www.gradecraft.com&https://www.gradecraft.com/" "Mozilla/5.0 (compatible; MSIE 9.0; Windows NT 6.1; WOW64; Trident/5.0)"
67.194.29.11 - cwhill [17/Sep/2012:11:37:32 -0400] "GET /dashboard HTTP/1.1" 200 3924 "https://weblogin.umich.edu/?cosign-www.gradecraft.com&https://www.gradecraft.com/" "Mozilla/5.0 (compatible; MSIE 9.0; Windows NT 6.1; WOW64; Trident/5.0)"
67.194.29.11 - cwhill [17/Sep/2012:11:37:32 -0400] "GET /uploads/theme/filename/3/cyborg.min.css HTTP/1.1" 200 16393 "https://www.gradecraft.com/dashboard" "Mozilla/5.0 (compatible; MSIE 9.0; Windows NT 6.1; WOW64; Trident/5.0)"
67.194.29.11 - cwhill [17/Sep/2012:11:37:32 -0400] "GET /assets/application-00253241250260a29e421ba336543d92.css HTTP/1.1" 200 46253 "https://www.gradecraft.com/dashboard" "Mozilla/5.0 (compatible; MSIE 9.0; Windows NT 6.1; WOW64; Trident/5.0)"
67.194.29.11 - cwhill [17/Sep/2012:11:37:32 -0400] "GET /assets/application-4ce0ae23744168912769066ef11545d8.js HTTP/1.1" 200 135915 "https://www.gradecraft.com/dashboard" "Mozilla/5.0 (compatible; MSIE 9.0; Windows NT 6.1; WOW64; Trident/5.0)"
67.194.118.17 - bsees [17/Sep/2012:11:37:34 -0400] "GET /logout HTTP/1.1" 302 1445 "https://www.gradecraft.com/dashboard" "Mozilla/5.0 (Macintosh; Intel Mac OS X 10_8_0) AppleWebKit/537.1 (KHTML, like Gecko) Chrome/21.0.1180.89 Safari/537.1"
35.0.91.59 - - [17/Sep/2012:11:37:34 -0400] "GET /cosign/valid?cosign-www.gradecraft.com=WdcdrPcoVpSKGTnVKu4nq+H6NYxwgDg47GqjTn9REorP57+a7DT5TFckP87Zk42ycL4ytifc-YFyL-f2XLsJdsVaBHexPapn11-vCM76Xl6Fz6dtV+bSDrA6dnis&https://gradecraft.com/ HTTP/1.1" 301 885 "https://weblogin.umich.edu/?cosign-www.gradecraft.com&https://gradecraft.com/" "Mozilla/5.0 (Macintosh; Intel Mac OS X 10_7_4) AppleWebKit/537.1 (KHTML, like Gecko) Chrome/21.0.1180.89 Safari/537.1"
67.194.29.11 - cwhill [17/Sep/2012:11:37:34 -0400] "GET /users/predictor.json?in_progress=true&user_id=345 HTTP/1.1" 200 1578 "https://www.gradecraft.com/dashboard" "Mozilla/5.0 (compatible; MSIE 9.0; Windows NT 6.1; WOW64; Trident/5.0)"
67.194.29.11 - cwhill [17/Sep/2012:11:37:34 -0400] "GET /users/predictor.json?user_id=345 HTTP/1.1" 200 1578 "https://www.gradecraft.com/dashboard" "Mozilla/5.0 (compatible; MSIE 9.0; Windows NT 6.1; WOW64; Trident/5.0)"
67.194.24.204 - - [17/Sep/2012:11:37:35 -0400] "GET / HTTP/1.1" 302 3259 "https://sites.google.com/a/umich.edu/polsci101f2012/instructors" "Mozilla/5.0 (iPad; CPU OS 5_1_1 like Mac OS X) AppleWebKit/534.46 (KHTML, like Gecko) Version/5.1 Mobile/9B206 Safari/7534.48.3"
67.194.24.204 - - [17/Sep/2012:11:37:35 -0400] "GET /cosign/valid?cosign-www.gradecraft.com=pq9sePB5uw3N5ba8WpRxsNeCSLhXb2AbZXsGSm8Z1hprrWybWXd17VmJXKxdwHd47twvqdx63Iish3KVcPrBrCJrCAop052QZ1BY4D93GiQUL6nla+y7svsk7a2y&https://www.gradecraft.com/ HTTP/1.1" 301 868 "https://sites.google.com/a/umich.edu/polsci101f2012/instructors" "Mozilla/5.0 (iPad; CPU OS 5_1_1 like Mac OS X) AppleWebKit/534.46 (KHTML, like Gecko) Version/5.1 Mobile/9B206 Safari/7534.48.3"
67.194.24.204 - wmarie [17/Sep/2012:11:37:35 -0400] "GET / HTTP/1.1" 302 1348 "https://sites.google.com/a/umich.edu/polsci101f2012/instructors" "Mozilla/5.0 (iPad; CPU OS 5_1_1 like Mac OS X) AppleWebKit/534.46 (KHTML, like Gecko) Version/5.1 Mobile/9B206 Safari/7534.48.3"
67.194.24.204 - wmarie [17/Sep/2012:11:37:35 -0400] "GET /dashboard HTTP/1.1" 200 3924 "https://sites.google.com/a/umich.edu/polsci101f2012/instructors" "Mozilla/5.0 (iPad; CPU OS 5_1_1 like Mac OS X) AppleWebKit/534.46 (KHTML, like Gecko) Version/5.1 Mobile/9B206 Safari/7534.48.3"
67.194.24.204 - wmarie [17/Sep/2012:11:37:35 -0400] "GET /assets/application-00253241250260a29e421ba336543d92.css HTTP/1.1" 200 46253 "https://www.gradecraft.com/dashboard" "Mozilla/5.0 (iPad; CPU OS 5_1_1 like Mac OS X) AppleWebKit/534.46 (KHTML, like Gecko) Version/5.1 Mobile/9B206 Safari/7534.48.3"
67.194.24.204 - wmarie [17/Sep/2012:11:37:35 -0400] "GET /uploads/theme/filename/3/cyborg.min.css HTTP/1.1" 200 16538 "https://www.gradecraft.com/dashboard" "Mozilla/5.0 (iPad; CPU OS 5_1_1 like Mac OS X) AppleWebKit/534.46 (KHTML, like Gecko) Version/5.1 Mobile/9B206 Safari/7534.48.3"
67.194.24.204 - wmarie [17/Sep/2012:11:37:36 -0400] "GET /assets/application-4ce0ae23744168912769066ef11545d8.js HTTP/1.1" 200 135770 "https://www.gradecraft.com/dashboard" "Mozilla/5.0 (iPad; CPU OS 5_1_1 like Mac OS X) AppleWebKit/534.46 (KHTML, like Gecko) Version/5.1 Mobile/9B206 Safari/7534.48.3"
67.194.24.20 - - [17/Sep/2012:11:37:37 -0400] "GET /dashboard HTTP/1.1" 302 3254 "-" "Mozilla/5.0 (Macintosh; Intel Mac OS X 10_7_4) AppleWebKit/536.25 (KHTML, like Gecko) Version/6.0 Safari/536.25"
67.194.15.42 - cympan [17/Sep/2012:11:37:36 -0400] "GET / HTTP/1.1" 200 6390 "https://sites.google.com/a/umich.edu/polsci101f2012/" "Mozilla/5.0 (Macintosh; Intel Mac OS X 10_7_4) AppleWebKit/536.25 (KHTML, like Gecko) Version/6.0 Safari/536.25"
67.194.15.42 - cympan [17/Sep/2012:11:37:37 -0400] "GET /users/predictor.json?in_progress=true&user_id=134 HTTP/1.1" 304 869 "https://www.gradecraft.com/" "Mozilla/5.0 (Macintosh; Intel Mac OS X 10_7_4) AppleWebKit/536.25 (KHTML, like Gecko) Version/6.0 Safari/536.25"
67.194.15.42 - cympan [17/Sep/2012:11:37:37 -0400] "GET /users/predictor.json?user_id=134 HTTP/1.1" 304 1007 "https://www.gradecraft.com/" "Mozilla/5.0 (Macintosh; Intel Mac OS X 10_7_4) AppleWebKit/536.25 (KHTML, like Gecko) Version/6.0 Safari/536.25"
67.194.1.254 - tdahbour [17/Sep/2012:11:37:37 -0400] "GET /assignments/28/grades/self_log?gradeable_id=304&gradeable_type=User HTTP/1.1" 200 5339 "https://www.gradecraft.com/dashboard" "Mozilla/5.0 (iPhone; CPU iPhone OS 5_1_1 like Mac OS X) AppleWebKit/534.46 (KHTML, like Gecko) Version/5.1 Mobile/9B206 Safari/7534.48.3"
67.194.1.254 - tdahbour [17/Sep/2012:11:37:37 -0400] "GET /assets/application-00253241250260a29e421ba336543d92.css HTTP/1.1" 304 245 "https://www.gradecraft.com/assignments/28/grades/self_log?gradeable_id=304&gradeable_type=User" "Mozilla/5.0 (iPhone; CPU iPhone OS 5_1_1 like Mac OS X) AppleWebKit/534.46 (KHTML, like Gecko) Version/5.1 Mobile/9B206 Safari/7534.48.3"
67.194.1.254 - tdahbour [17/Sep/2012:11:37:37 -0400] "GET /uploads/theme/filename/3/cyborg.min.css HTTP/1.1" 304 390 "https://www.gradecraft.com/assignments/28/grades/self_log?gradeable_id=304&gradeable_type=User" "Mozilla/5.0 (iPhone; CPU iPhone OS 5_1_1 like Mac OS X) AppleWebKit/534.46 (KHTML, like Gecko) Version/5.1 Mobile/9B206 Safari/7534.48.3"
67.194.24.204 - - [17/Sep/2012:11:37:37 -0400] "OPTIONS /users/predictor.json?user_id=172 HTTP/1.1" 302 949 "https://www.gradecraft.com/dashboard" "Mozilla/5.0 (iPad; CPU OS 5_1_1 like Mac OS X) AppleWebKit/534.46 (KHTML, like Gecko) Version/5.1 Mobile/9B206 Safari/7534.48.3"
67.194.24.204 - - [17/Sep/2012:11:37:37 -0400] "OPTIONS /users/predictor.json?in_progress=true&user_id=172 HTTP/1.1" 302 981 "https://www.gradecraft.com/dashboard" "Mozilla/5.0 (iPad; CPU OS 5_1_1 like Mac OS X) AppleWebKit/534.46 (KHTML, like Gecko) Version/5.1 Mobile/9B206 Safari/7534.48.3"
67.194.1.254 - tdahbour [17/Sep/2012:11:37:37 -0400] "GET /assets/application-4ce0ae23744168912769066ef11545d8.js HTTP/1.1" 304 245 "https://www.gradecraft.com/assignments/28/grades/self_log?gradeable_id=304&gradeable_type=User" "Mozilla/5.0 (iPhone; CPU iPhone OS 5_1_1 like Mac OS X) AppleWebKit/534.46 (KHTML, like Gecko) Version/5.1 Mobile/9B206 Safari/7534.48.3"
67.194.20.172 - - [17/Sep/2012:11:37:37 -0400] "GET / HTTP/1.1" 302 3254 "-" "Mozilla/5.0 (Macintosh; Intel Mac OS X 10_7_4) AppleWebKit/534.57.2 (KHTML, like Gecko) Version/5.1.7 Safari/534.57.2"
67.194.94.27 - - [17/Sep/2012:11:37:39 -0400] "GET /cosign/valid?cosign-www.gradecraft.com=M+ldMuZdOn9ZW1VEVxYTAIqCg8lSA5Sg7Q-cWQl14sHpR709P3zNbKBxR0QxHxhYQg-OSC8koGjJbZUsb2247IdojHbG+QHb04QytFcerapVAdO0-Xxgljad6Zdt&https://www.gradecraft.com/dashboard HTTP/1.1" 301 1045 "https://weblogin.umich.edu/cosign-bin/cosign.cgi" "Mozilla/5.0 (Linux; U; Android 2.2.1; en-us; SGH-T959V Build/FROYO) AppleWebKit/533.1 (KHTML, like Gecko) Version/4.0 Mobile Safari/533.1"
67.194.94.27 - zeinz [17/Sep/2012:11:37:39 -0400] "GET /dashboard HTTP/1.1" 302 1348 "https://weblogin.umich.edu/cosign-bin/cosign.cgi" "Mozilla/5.0 (Linux; U; Android 2.2.1; en-us; SGH-T959V Build/FROYO) AppleWebKit/533.1 (KHTML, like Gecko) Version/4.0 Mobile Safari/533.1"
67.194.94.27 - zeinz [17/Sep/2012:11:37:39 -0400] "GET /dashboard HTTP/1.1" 200 3908 "https://weblogin.umich.edu/cosign-bin/cosign.cgi" "Mozilla/5.0 (Linux; U; Android 2.2.1; en-us; SGH-T959V Build/FROYO) AppleWebKit/533.1 (KHTML, like Gecko) Version/4.0 Mobile Safari/533.1"
67.194.94.27 - zeinz [17/Sep/2012:11:37:39 -0400] "GET /assets/application-00253241250260a29e421ba336543d92.css HTTP/1.1" 200 46253 "https://www.gradecraft.com/dashboard" "Mozilla/5.0 (Linux; U; Android 2.2.1; en-us; SGH-T959V Build/FROYO) AppleWebKit/533.1 (KHTML, like Gecko) Version/4.0 Mobile Safari/533.1"
67.194.94.27 - zeinz [17/Sep/2012:11:37:39 -0400] "GET /uploads/theme/filename/3/cyborg.min.css HTTP/1.1" 200 16538 "https://www.gradecraft.com/dashboard" "Mozilla/5.0 (Linux; U; Android 2.2.1; en-us; SGH-T959V Build/FROYO) AppleWebKit/533.1 (KHTML, like Gecko) Version/4.0 Mobile Safari/533.1"
67.194.94.27 - zeinz [17/Sep/2012:11:37:40 -0400] "GET /assets/application-4ce0ae23744168912769066ef11545d8.js HTTP/1.1" 200 135915 "https://www.gradecraft.com/dashboard" "Mozilla/5.0 (Linux; U; Android 2.2.1; en-us; SGH-T959V Build/FROYO) AppleWebKit/533.1 (KHTML, like Gecko) Version/4.0 Mobile Safari/533.1"
67.194.118.17 - - [17/Sep/2012:11:37:42 -0400] "GET / HTTP/1.1" 302 3984 "-" "Mozilla/5.0 (Macintosh; Intel Mac OS X 10_8_0) AppleWebKit/537.1 (KHTML, like Gecko) Chrome/21.0.1180.89 Safari/537.1"
67.194.93.109 - - [17/Sep/2012:11:37:42 -0400] "GET / HTTP/1.1" 302 3259 "-" "Mozilla/5.0 (compatible; MSIE 9.0; Windows NT 6.1; WOW64; Trident/5.0)"
67.194.94.27 - zeinz [17/Sep/2012:11:37:43 -0400] "GET /users/predictor.json?user_id=140 HTTP/1.1" 200 1594 "https://www.gradecraft.com/dashboard" "Mozilla/5.0 (Linux; U; Android 2.2.1; en-us; SGH-T959V Build/FROYO) AppleWebKit/533.1 (KHTML, like Gecko) Version/4.0 Mobile Safari/533.1"
67.194.94.27 - zeinz [17/Sep/2012:11:37:43 -0400] "GET /users/predictor.json?in_progress=true&user_id=140 HTTP/1.1" 200 1578 "https://www.gradecraft.com/dashboard" "Mozilla/5.0 (Linux; U; Android 2.2.1; en-us; SGH-T959V Build/FROYO) AppleWebKit/533.1 (KHTML, like Gecko) Version/4.0 Mobile Safari/533.1"
67.194.94.27 - zeinz [17/Sep/2012:11:37:44 -0400] "GET /favicon.ico HTTP/1.1" 200 4650 "https://www.gradecraft.com/dashboard" "Mozilla/5.0 (Linux; U; Android 2.2.1; en-us; SGH-T959V Build/FROYO) AppleWebKit/533.1 (KHTML, like Gecko) Version/4.0 Mobile Safari/533.1"
67.194.104.200 - juliesar [17/Sep/2012:11:37:44 -0400] "GET /user_assignment_type_weights/new?assignment_type_id=10 HTTP/1.1" 200 7925 "https://www.gradecraft.com/dashboard" "Mozilla/5.0 (iPhone; CPU iPhone OS 5_1_1 like Mac OS X) AppleWebKit/534.46 (KHTML, like Gecko) Version/5.1 Mobile/9B206 Safari/7534.48.3"
67.194.11.16 - - [17/Sep/2012:11:37:45 -0400] "GET /dashboard HTTP/1.1" 302 3789 "-" "Mozilla/5.0 (Macintosh; Intel Mac OS X 10.7; rv:13.0) Gecko/20100101 Firefox/13.0"
67.194.118.17 - - [17/Sep/2012:11:37:48 -0400] "GET /cosign/valid?cosign-www.gradecraft.com=y6xkgHIODCYQrDY9pz-0ORv4tYs5LiUsH32QydJ8DiDZEjpCYTcPTlg2JXuH514EjJVQznmoCyNVLaoqCgH41MihzCfPgKARZPDxyU+6v2dk8aM6m-hNw9IE-fd9&https://gradecraft.com/ HTTP/1.1" 301 740 "https://weblogin.umich.edu/?cosign-www.gradecraft.com&https://gradecraft.com/" "Mozilla/5.0 (Macintosh; Intel Mac OS X 10_8_0) AppleWebKit/537.1 (KHTML, like Gecko) Chrome/21.0.1180.89 Safari/537.1"
67.194.93.109 - - [17/Sep/2012:11:37:48 -0400] "GET /cosign/valid?cosign-www.gradecraft.com=SfyZFY58rG4Ex1ylh4fnbRKqiVJLjvVp1MJWN-H64p9b9TgxxQkh5GofhnhnuPQv9Fjiz-+zxk7FVfn8IOvI1sckY+TYrM98ZlpAvndMQ-bRZ6Zfx71IVLGL7KnR&https://www.gradecraft.com/ HTTP/1.1" 301 3371 "https://weblogin.umich.edu/?cosign-www.gradecraft.com&https://www.gradecraft.com/" "Mozilla/5.0 (compatible; MSIE 9.0; Windows NT 6.1; WOW64; Trident/5.0)"
67.194.20.172 - - [17/Sep/2012:11:37:48 -0400] "GET /cosign/valid?cosign-www.gradecraft.com=2zetCb1ASEN-ZpCFbOuDHeE5Qr4YFuvPw7RMqZE+zvHq+r63KejhWaOA7KiTgkMvTdygr5sagaRuxSl2SLwz7ikuREBi78LmjF5WFMP1oyVgWtlPGFgP90oDFld8&https://www.gradecraft.com/ HTTP/1.1" 301 868 "https://weblogin.umich.edu/?cosign-www.gradecraft.com&https://www.gradecraft.com/" "Mozilla/5.0 (Macintosh; Intel Mac OS X 10_7_4) AppleWebKit/534.57.2 (KHTML, like Gecko) Version/5.1.7 Safari/534.57.2"
67.194.93.109 - drakebr [17/Sep/2012:11:37:48 -0400] "GET / HTTP/1.1" 302 1348 "https://weblogin.umich.edu/?cosign-www.gradecraft.com&https://www.gradecraft.com/" "Mozilla/5.0 (compatible; MSIE 9.0; Windows NT 6.1; WOW64; Trident/5.0)"
67.194.20.172 - samsem [17/Sep/2012:11:37:48 -0400] "GET / HTTP/1.1" 302 1348 "https://weblogin.umich.edu/?cosign-www.gradecraft.com&https://www.gradecraft.com/" "Mozilla/5.0 (Macintosh; Intel Mac OS X 10_7_4) AppleWebKit/534.57.2 (KHTML, like Gecko) Version/5.1.7 Safari/534.57.2"
67.194.93.109 - drakebr [17/Sep/2012:11:37:48 -0400] "GET /dashboard HTTP/1.1" 200 3956 "https://weblogin.umich.edu/?cosign-www.gradecraft.com&https://www.gradecraft.com/" "Mozilla/5.0 (compatible; MSIE 9.0; Windows NT 6.1; WOW64; Trident/5.0)"
67.194.20.172 - samsem [17/Sep/2012:11:37:48 -0400] "GET /dashboard HTTP/1.1" 200 3908 "https://weblogin.umich.edu/?cosign-www.gradecraft.com&https://www.gradecraft.com/" "Mozilla/5.0 (Macintosh; Intel Mac OS X 10_7_4) AppleWebKit/534.57.2 (KHTML, like Gecko) Version/5.1.7 Safari/534.57.2"
67.194.93.109 - drakebr [17/Sep/2012:11:37:48 -0400] "GET /assets/application-00253241250260a29e421ba336543d92.css HTTP/1.1" 304 245 "https://www.gradecraft.com/dashboard" "Mozilla/5.0 (compatible; MSIE 9.0; Windows NT 6.1; WOW64; Trident/5.0)"
67.194.93.109 - drakebr [17/Sep/2012:11:37:48 -0400] "GET /uploads/theme/filename/3/cyborg.min.css HTTP/1.1" 304 245 "https://www.gradecraft.com/dashboard" "Mozilla/5.0 (compatible; MSIE 9.0; Windows NT 6.1; WOW64; Trident/5.0)"
67.194.93.109 - drakebr [17/Sep/2012:11:37:48 -0400] "GET /assets/application-4ce0ae23744168912769066ef11545d8.js HTTP/1.1" 304 390 "https://www.gradecraft.com/dashboard" "Mozilla/5.0 (compatible; MSIE 9.0; Windows NT 6.1; WOW64; Trident/5.0)"
67.194.5.210 - cmmwood [17/Sep/2012:11:37:48 -0400] "GET /assignments/28/grades/self_log?gradeable_id=80&gradeable_type=User HTTP/1.1" 200 2613 "https://www.gradecraft.com/" "Mozilla/5.0 (Macintosh; Intel Mac OS X 10_7_4) AppleWebKit/537.1 (KHTML, like Gecko) Chrome/21.0.1180.82 Safari/537.1"
67.194.20.172 - samsem [17/Sep/2012:11:37:48 -0400] "GET /assets/application-00253241250260a29e421ba336543d92.css HTTP/1.1" 200 46253 "https://www.gradecraft.com/dashboard" "Mozilla/5.0 (Macintosh; Intel Mac OS X 10_7_4) AppleWebKit/534.57.2 (KHTML, like Gecko) Version/5.1.7 Safari/534.57.2"
67.194.20.172 - samsem [17/Sep/2012:11:37:48 -0400] "GET /uploads/theme/filename/3/cyborg.min.css HTTP/1.1" 200 16531 "https://www.gradecraft.com/dashboard" "Mozilla/5.0 (Macintosh; Intel Mac OS X 10_7_4) AppleWebKit/534.57.2 (KHTML, like Gecko) Version/5.1.7 Safari/534.57.2"
67.194.119.190 - - [17/Sep/2012:11:37:48 -0400] "GET / HTTP/1.1" 302 3984 "-" "Mozilla/5.0 (Macintosh; Intel Mac OS X 10.8; rv:15.0) Gecko/20100101 Firefox/15.0.1"
67.194.20.172 - samsem [17/Sep/2012:11:37:48 -0400] "GET /assets/application-4ce0ae23744168912769066ef11545d8.js HTTP/1.1" 200 135908 "https://www.gradecraft.com/dashboard" "Mozilla/5.0 (Macintosh; Intel Mac OS X 10_7_4) AppleWebKit/534.57.2 (KHTML, like Gecko) Version/5.1.7 Safari/534.57.2"
67.194.119.190 - - [17/Sep/2012:11:37:49 -0400] "GET /cosign/valid?cosign-www.gradecraft.com=Fc0V3CRuSkEjX5CWQrfFHK6t8ZYhM5RvA3n6z3M7cz2HxzkPwHG4g3oqmFiT4nj+Pv96UTQcfLrbKpUFKIehxvZt85fh8uNzSPkO7OIiPJEOvUDKTYtJ9mntnz+D&https://www.gradecraft.com/ HTTP/1.1" 301 868 "-" "Mozilla/5.0 (Macintosh; Intel Mac OS X 10.8; rv:15.0) Gecko/20100101 Firefox/15.0.1"
67.194.119.190 - masiskin [17/Sep/2012:11:37:49 -0400] "GET / HTTP/1.1" 302 1348 "-" "Mozilla/5.0 (Macintosh; Intel Mac OS X 10.8; rv:15.0) Gecko/20100101 Firefox/15.0.1"
67.194.20.172 - samsem [17/Sep/2012:11:37:49 -0400] "GET /users/predictor.json?user_id=270 HTTP/1.1" 200 1578 "https://www.gradecraft.com/dashboard" "Mozilla/5.0 (Macintosh; Intel Mac OS X 10_7_4) AppleWebKit/534.57.2 (KHTML, like Gecko) Version/5.1.7 Safari/534.57.2"
67.194.20.172 - samsem [17/Sep/2012:11:37:49 -0400] "GET /users/predictor.json?in_progress=true&user_id=270 HTTP/1.1" 200 1562 "https://www.gradecraft.com/dashboard" "Mozilla/5.0 (Macintosh; Intel Mac OS X 10_7_4) AppleWebKit/534.57.2 (KHTML, like Gecko) Version/5.1.7 Safari/534.57.2"
67.194.119.190 - masiskin [17/Sep/2012:11:37:49 -0400] "GET /dashboard HTTP/1.1" 200 3924 "-" "Mozilla/5.0 (Macintosh; Intel Mac OS X 10.8; rv:15.0) Gecko/20100101 Firefox/15.0.1"
67.194.74.99 - - [17/Sep/2012:11:37:49 -0400] "GET /dashboard HTTP/1.1" 302 3789 "-" "Mozilla/5.0 (Macintosh; Intel Mac OS X 10_8_1) AppleWebKit/537.1 (KHTML, like Gecko) Chrome/21.0.1180.89 Safari/537.1"
67.194.119.190 - masiskin [17/Sep/2012:11:37:49 -0400] "GET /assets/application-00253241250260a29e421ba336543d92.css HTTP/1.1" 200 46253 "https://www.gradecraft.com/dashboard" "Mozilla/5.0 (Macintosh; Intel Mac OS X 10.8; rv:15.0) Gecko/20100101 Firefox/15.0.1"
67.194.119.190 - masiskin [17/Sep/2012:11:37:49 -0400] "GET /uploads/theme/filename/3/cyborg.min.css HTTP/1.1" 200 16538 "https://www.gradecraft.com/dashboard" "Mozilla/5.0 (Macintosh; Intel Mac OS X 10.8; rv:15.0) Gecko/20100101 Firefox/15.0.1"
67.194.119.190 - masiskin [17/Sep/2012:11:37:49 -0400] "GET /assets/application-4ce0ae23744168912769066ef11545d8.js HTTP/1.1" 200 135915 "https://www.gradecraft.com/dashboard" "Mozilla/5.0 (Macintosh; Intel Mac OS X 10.8; rv:15.0) Gecko/20100101 Firefox/15.0.1"
67.194.20.172 - samsem [17/Sep/2012:11:37:49 -0400] "GET /favicon.ico HTTP/1.1" 200 4650 "https://www.gradecraft.com/dashboard" "Mozilla/5.0 (Macintosh; Intel Mac OS X 10_7_4) AppleWebKit/534.57.2 (KHTML, like Gecko) Version/5.1.7 Safari/534.57.2"
67.194.74.99 - - [17/Sep/2012:11:37:49 -0400] "GET /cosign/valid?cosign-www.gradecraft.com=FXM+sCbp8ulPPCpPGSFPge7ncAo0XQVWzqv1uQG4XiPtqeCPuxpthZR2eXZ4VxcnlobAel00ff9zk3rKrosW6oaB1oiflaee-p+QS7erA2PJxal2ToolUdapnyWR&https://www.gradecraft.com/dashboard HTTP/1.1" 301 900 "-" "Mozilla/5.0 (Macintosh; Intel Mac OS X 10_8_1) AppleWebKit/537.1 (KHTML, like Gecko) Chrome/21.0.1180.89 Safari/537.1"
67.194.74.99 - gamza [17/Sep/2012:11:37:49 -0400] "GET /dashboard HTTP/1.1" 200 3620 "-" "Mozilla/5.0 (Macintosh; Intel Mac OS X 10_8_1) AppleWebKit/537.1 (KHTML, like Gecko) Chrome/21.0.1180.89 Safari/537.1"
67.194.74.99 - gamza [17/Sep/2012:11:37:50 -0400] "GET /uploads/theme/filename/3/cyborg.min.css HTTP/1.1" 304 245 "https://www.gradecraft.com/dashboard" "Mozilla/5.0 (Macintosh; Intel Mac OS X 10_8_1) AppleWebKit/537.1 (KHTML, like Gecko) Chrome/21.0.1180.89 Safari/537.1"
67.194.74.99 - gamza [17/Sep/2012:11:37:50 -0400] "GET /assets/application-00253241250260a29e421ba336543d92.css HTTP/1.1" 304 3278 "https://www.gradecraft.com/dashboard" "Mozilla/5.0 (Macintosh; Intel Mac OS X 10_8_1) AppleWebKit/537.1 (KHTML, like Gecko) Chrome/21.0.1180.89 Safari/537.1"
67.194.74.99 - gamza [17/Sep/2012:11:37:50 -0400] "GET /assets/application-4ce0ae23744168912769066ef11545d8.js HTTP/1.1" 304 3278 "https://www.gradecraft.com/dashboard" "Mozilla/5.0 (Macintosh; Intel Mac OS X 10_8_1) AppleWebKit/537.1 (KHTML, like Gecko) Chrome/21.0.1180.89 Safari/537.1"
67.194.93.109 - drakebr [17/Sep/2012:11:37:50 -0400] "GET /users/predictor.json?user_id=306 HTTP/1.1" 200 1578 "https://www.gradecraft.com/dashboard" "Mozilla/5.0 (compatible; MSIE 9.0; Windows NT 6.1; WOW64; Trident/5.0)"
67.194.93.109 - drakebr [17/Sep/2012:11:37:50 -0400] "GET /users/predictor.json?in_progress=true&user_id=306 HTTP/1.1" 200 1578 "https://www.gradecraft.com/dashboard" "Mozilla/5.0 (compatible; MSIE 9.0; Windows NT 6.1; WOW64; Trident/5.0)"
67.194.119.190 - masiskin [17/Sep/2012:11:37:51 -0400] "GET /users/predictor.json?in_progress=true&user_id=359 HTTP/1.1" 200 1562 "https://www.gradecraft.com/dashboard" "Mozilla/5.0 (Macintosh; Intel Mac OS X 10.8; rv:15.0) Gecko/20100101 Firefox/15.0.1"
67.194.119.190 - masiskin [17/Sep/2012:11:37:51 -0400] "GET /users/predictor.json?user_id=359 HTTP/1.1" 200 1562 "https://www.gradecraft.com/dashboard" "Mozilla/5.0 (Macintosh; Intel Mac OS X 10.8; rv:15.0) Gecko/20100101 Firefox/15.0.1"
67.194.104.200 - juliesar [17/Sep/2012:11:37:51 -0400] "GET /users/predictor.json?in_progress=true&user_id=74 HTTP/1.1" 304 869 "https://www.gradecraft.com/dashboard" "Mozilla/5.0 (iPhone; CPU iPhone OS 5_1_1 like Mac OS X) AppleWebKit/534.46 (KHTML, like Gecko) Version/5.1 Mobile/9B206 Safari/7534.48.3"
67.194.104.200 - juliesar [17/Sep/2012:11:37:51 -0400] "GET /users/predictor.json?user_id=74 HTTP/1.1" 304 1014 "https://www.gradecraft.com/dashboard" "Mozilla/5.0 (iPhone; CPU iPhone OS 5_1_1 like Mac OS X) AppleWebKit/534.46 (KHTML, like Gecko) Version/5.1 Mobile/9B206 Safari/7534.48.3"
67.194.11.16 - - [17/Sep/2012:11:37:51 -0400] "GET /cosign/valid?cosign-www.gradecraft.com=gXaSsFU8AYNo1-1bXwMsTPYTL8Bc+Z2vthewuzkADqoSJVxgQfgJobMn-pUwL26kt+1UKFBFEaxGZw0e2f-2Dkq0q1p24MKmYIPHPxk1vdDQmWoWf1Bz8DPPgqL4&https://www.gradecraft.com/dashboard HTTP/1.1" 301 900 "-" "Mozilla/5.0 (Macintosh; Intel Mac OS X 10.7; rv:13.0) Gecko/20100101 Firefox/13.0"
67.194.11.16 - ppicon [17/Sep/2012:11:37:51 -0400] "GET /dashboard HTTP/1.1" 200 3908 "-" "Mozilla/5.0 (Macintosh; Intel Mac OS X 10.7; rv:13.0) Gecko/20100101 Firefox/13.0"
67.194.11.16 - ppicon [17/Sep/2012:11:37:52 -0400] "GET /assets/application-00253241250260a29e421ba336543d92.css HTTP/1.1" 200 46253 "-" "Mozilla/5.0 (Macintosh; Intel Mac OS X 10.7; rv:13.0) Gecko/20100101 Firefox/13.0"
67.194.11.16 - ppicon [17/Sep/2012:11:37:52 -0400] "GET /uploads/theme/filename/3/cyborg.min.css HTTP/1.1" 200 19621 "-" "Mozilla/5.0 (Macintosh; Intel Mac OS X 10.7; rv:13.0) Gecko/20100101 Firefox/13.0"
35.0.91.59 - - [17/Sep/2012:11:37:52 -0400] "GET / HTTP/1.1" 302 901 "-" "Mozilla/5.0 (Macintosh; Intel Mac OS X 10_7_4) AppleWebKit/537.1 (KHTML, like Gecko) Chrome/21.0.1180.89 Safari/537.1"
67.194.11.16 - ppicon [17/Sep/2012:11:37:52 -0400] "GET /assets/application-4ce0ae23744168912769066ef11545d8.js HTTP/1.1" 200 138998 "-" "Mozilla/5.0 (Macintosh; Intel Mac OS X 10.7; rv:13.0) Gecko/20100101 Firefox/13.0"
35.0.91.59 - - [17/Sep/2012:11:37:52 -0400] "GET /cosign/valid?cosign-www.gradecraft.com=2Cr1PX+gia84FntH3aP5ZfdFx9nRBqd59ZXO-RYCnztcMqii92V4rAluIUGJAYn8tRrtONvDezO5GFq6WJere8Naxti6-j7JXUQR1dUTcMsGIrAJlATW5DXu8qR3&https://www.gradecraft.com/ HTTP/1.1" 301 868 "-" "Mozilla/5.0 (Macintosh; Intel Mac OS X 10_7_4) AppleWebKit/537.1 (KHTML, like Gecko) Chrome/21.0.1180.89 Safari/537.1"
67.194.11.16 - ppicon [17/Sep/2012:11:37:52 -0400] "GET /users/predictor.json?user_id=273 HTTP/1.1" 200 1594 "-" "Mozilla/5.0 (Macintosh; Intel Mac OS X 10.7; rv:13.0) Gecko/20100101 Firefox/13.0"
67.194.11.16 - ppicon [17/Sep/2012:11:37:52 -0400] "GET /users/predictor.json?in_progress=true&user_id=273 HTTP/1.1" 200 1594 "-" "Mozilla/5.0 (Macintosh; Intel Mac OS X 10.7; rv:13.0) Gecko/20100101 Firefox/13.0"
35.0.91.59 - mberk [17/Sep/2012:11:37:52 -0400] "GET / HTTP/1.1" 200 3956 "-" "Mozilla/5.0 (Macintosh; Intel Mac OS X 10_7_4) AppleWebKit/537.1 (KHTML, like Gecko) Chrome/21.0.1180.89 Safari/537.1"
67.194.11.16 - ppicon [17/Sep/2012:11:37:52 -0400] "GET /favicon.ico HTTP/1.1" 200 4650 "-" "Mozilla/5.0 (Macintosh; Intel Mac OS X 10.7; rv:13.0) Gecko/20100101 Firefox/13.0"
35.0.91.59 - mberk [17/Sep/2012:11:37:52 -0400] "GET /uploads/theme/filename/3/cyborg.min.css HTTP/1.1" 200 16538 "https://www.gradecraft.com/" "Mozilla/5.0 (Macintosh; Intel Mac OS X 10_7_4) AppleWebKit/537.1 (KHTML, like Gecko) Chrome/21.0.1180.89 Safari/537.1"
67.194.5.210 - cmmwood [17/Sep/2012:11:37:53 -0400] "POST /assignments/28/grades/self_log_create HTTP/1.1" 302 628 "https://www.gradecraft.com/assignments/28/grades/self_log?gradeable_id=80&gradeable_type=User" "Mozilla/5.0 (Macintosh; Intel Mac OS X 10_7_4) AppleWebKit/537.1 (KHTML, like Gecko) Chrome/21.0.1180.82 Safari/537.1"
67.194.6.75 - - [17/Sep/2012:11:37:53 -0400] "GET / HTTP/1.1" 302 3254 "https://sites.google.com/a/umich.edu/polsci101f2012/" "Mozilla/5.0 (Macintosh; Intel Mac OS X 10_7_4) AppleWebKit/536.25 (KHTML, like Gecko) Version/6.0 Safari/536.25"
35.0.91.59 - mberk [17/Sep/2012:11:37:52 -0400] "GET /assets/application-00253241250260a29e421ba336543d92.css HTTP/1.1" 200 46253 "https://www.gradecraft.com/" "Mozilla/5.0 (Macintosh; Intel Mac OS X 10_7_4) AppleWebKit/537.1 (KHTML, like Gecko) Chrome/21.0.1180.89 Safari/537.1"
67.194.6.75 - - [17/Sep/2012:11:37:53 -0400] "GET /cosign/valid?cosign-www.gradecraft.com=wGXsxZCyd8mNifWpz-NVKtYInll2zKiP57RiP9WzOTVdvR4TUlKHFZF9v0RspAH85tWsxMEkAiFHk4Zn6ah69Ns8ntA2Ubf0SPpVKu9b8XI6pn5nSBsfK8lWETLk&https://www.gradecraft.com/ HTTP/1.1" 301 868 "https://sites.google.com/a/umich.edu/polsci101f2012/" "Mozilla/5.0 (Macintosh; Intel Mac OS X 10_7_4) AppleWebKit/536.25 (KHTML, like Gecko) Version/6.0 Safari/536.25"
67.194.5.210 - cmmwood [17/Sep/2012:11:37:53 -0400] "GET /dashboard HTTP/1.1" 200 3252 "https://www.gradecraft.com/assignments/28/grades/self_log?gradeable_id=80&gradeable_type=User" "Mozilla/5.0 (Macintosh; Intel Mac OS X 10_7_4) AppleWebKit/537.1 (KHTML, like Gecko) Chrome/21.0.1180.82 Safari/537.1"
67.194.6.75 - - [17/Sep/2012:11:37:53 -0400] "GET / HTTP/1.1" 302 756 "https://sites.google.com/a/umich.edu/polsci101f2012/" "Mozilla/5.0 (Macintosh; Intel Mac OS X 10_7_4) AppleWebKit/536.25 (KHTML, like Gecko) Version/6.0 Safari/536.25"
67.194.6.75 - - [17/Sep/2012:11:37:53 -0400] "GET /cosign/valid?cosign-www.gradecraft.com=MBExK4mShpriVgn9gfLhCKVEvevRzdTt2TQdKouVfx+wOuxFqWiLohSyp+zd9aFjzVURt5+j6IlikTmYZ2N32D7XhcEx9c3o4xRNgEvm+RFH1WShesXCYHKfGs6t&https://www.gradecraft.com/ HTTP/1.1" 301 868 "https://sites.google.com/a/umich.edu/polsci101f2012/" "Mozilla/5.0 (Macintosh; Intel Mac OS X 10_7_4) AppleWebKit/536.25 (KHTML, like Gecko) Version/6.0 Safari/536.25"
67.194.6.75 - - [17/Sep/2012:11:37:53 -0400] "GET / HTTP/1.1" 302 756 "https://sites.google.com/a/umich.edu/polsci101f2012/" "Mozilla/5.0 (Macintosh; Intel Mac OS X 10_7_4) AppleWebKit/536.25 (KHTML, like Gecko) Version/6.0 Safari/536.25"
67.194.5.210 - cmmwood [17/Sep/2012:11:37:53 -0400] "GET /users/predictor.json?user_id=80 HTTP/1.1" 200 1243 "https://www.gradecraft.com/dashboard" "Mozilla/5.0 (Macintosh; Intel Mac OS X 10_7_4) AppleWebKit/537.1 (KHTML, like Gecko) Chrome/21.0.1180.82 Safari/537.1"
67.194.5.210 - cmmwood [17/Sep/2012:11:37:53 -0400] "GET /users/predictor.json?in_progress=true&user_id=80 HTTP/1.1" 200 410 "https://www.gradecraft.com/dashboard" "Mozilla/5.0 (Macintosh; Intel Mac OS X 10_7_4) AppleWebKit/537.1 (KHTML, like Gecko) Chrome/21.0.1180.82 Safari/537.1"
67.194.93.95 - - [17/Sep/2012:11:37:54 -0400] "GET / HTTP/1.1" 302 3920 "-" "Mozilla/5.0 (iPad; CPU OS 5_1_1 like Mac OS X; en-us) AppleWebKit/534.46.0 (KHTML, like Gecko) CriOS/21.0.1180.80 Mobile/9B206 Safari/7534.48.3"
67.194.6.75 - - [17/Sep/2012:11:37:54 -0400] "GET /cosign/valid?cosign-www.gradecraft.com=KhaaKfG9iZUUNATWTwARlhlkxATxzRwi38-q6LRBvHl5HJIg-oXfx3n6dvWcdfOzhXPkvPHXv0P85+yu4GOZktE-cBWynhRXDYi7e-qqzDFePrQmCC3MTl3x7xJz&https://www.gradecraft.com/ HTTP/1.1" 301 868 "https://sites.google.com/a/umich.edu/polsci101f2012/" "Mozilla/5.0 (Macintosh; Intel Mac OS X 10_7_4) AppleWebKit/536.25 (KHTML, like Gecko) Version/6.0 Safari/536.25"
67.194.6.75 - - [17/Sep/2012:11:37:54 -0400] "GET / HTTP/1.1" 302 756 "https://sites.google.com/a/umich.edu/polsci101f2012/" "Mozilla/5.0 (Macintosh; Intel Mac OS X 10_7_4) AppleWebKit/536.25 (KHTML, like Gecko) Version/6.0 Safari/536.25"
67.194.6.75 - - [17/Sep/2012:11:37:54 -0400] "GET /cosign/valid?cosign-www.gradecraft.com=majAAYkjN6mLzkeSWfhwXjNlwe4uAAQdABYZBqhARdl1z-VVB2bxd9vVUmJ1-aaQSUqpxJe7KifWWqx-6acgocmoaddes9x5q5mwv1qAdKGPQzTPkahAkhLUrfjq&https://www.gradecraft.com/ HTTP/1.1" 301 868 "https://sites.google.com/a/umich.edu/polsci101f2012/" "Mozilla/5.0 (Macintosh; Intel Mac OS X 10_7_4) AppleWebKit/536.25 (KHTML, like Gecko) Version/6.0 Safari/536.25"
67.194.6.75 - - [17/Sep/2012:11:37:54 -0400] "GET / HTTP/1.1" 302 756 "https://sites.google.com/a/umich.edu/polsci101f2012/" "Mozilla/5.0 (Macintosh; Intel Mac OS X 10_7_4) AppleWebKit/536.25 (KHTML, like Gecko) Version/6.0 Safari/536.25"
67.194.88.84 - - [17/Sep/2012:11:37:54 -0400] "GET /dashboard HTTP/1.1" 302 3259 "-" "Mozilla/5.0 (Macintosh; Intel Mac OS X 10_8_1) AppleWebKit/536.25 (KHTML, like Gecko) Version/6.0 Safari/536.25"
67.194.6.75 - - [17/Sep/2012:11:37:54 -0400] "GET /cosign/valid?cosign-www.gradecraft.com=WGHEh32-Yd3YpRGOVJKwJnXWPHuFCIY8Pc8U5jGQ6azOsJDdvAq-PE5sxx48I5aqhYvT1Xu476QoMpGW1Dae9YsQVk1UxEguHxBznnNcE5gSzaZx+QFT8N+p-HXe&https://www.gradecraft.com/ HTTP/1.1" 301 868 "https://sites.google.com/a/umich.edu/polsci101f2012/" "Mozilla/5.0 (Macintosh; Intel Mac OS X 10_7_4) AppleWebKit/536.25 (KHTML, like Gecko) Version/6.0 Safari/536.25"
67.194.6.75 - - [17/Sep/2012:11:37:54 -0400] "GET / HTTP/1.1" 302 756 "https://sites.google.com/a/umich.edu/polsci101f2012/" "Mozilla/5.0 (Macintosh; Intel Mac OS X 10_7_4) AppleWebKit/536.25 (KHTML, like Gecko) Version/6.0 Safari/536.25"
67.194.93.95 - - [17/Sep/2012:11:37:54 -0400] "GET /cosign/valid?cosign-www.gradecraft.com=mfKEUhlbko7z1s-OH523apJ3V-L7qI3zHOdyDIHsL7ASrZNoW7OlmF2OgcxNY3GtbxhCINsOFk2IszuiIYgsUsIosr10cMpGQSggSUJDoqZdPQWCCfwabTNMh8rY&https://www.gradecraft.com/ HTTP/1.1" 301 612 "-" "Mozilla/5.0 (iPad; CPU OS 5_1_1 like Mac OS X; en-us) AppleWebKit/534.46.0 (KHTML, like Gecko) CriOS/21.0.1180.80 Mobile/9B206 Safari/7534.48.3"
67.194.93.95 - sbetan [17/Sep/2012:11:37:54 -0400] "GET / HTTP/1.1" 302 900 "-" "Mozilla/5.0 (iPad; CPU OS 5_1_1 like Mac OS X; en-us) AppleWebKit/534.46.0 (KHTML, like Gecko) CriOS/21.0.1180.80 Mobile/9B206 Safari/7534.48.3"
67.194.74.99 - gamza [17/Sep/2012:11:37:54 -0400] "GET /assignments HTTP/1.1" 200 5492 "https://www.gradecraft.com/dashboard" "Mozilla/5.0 (Macintosh; Intel Mac OS X 10_8_1) AppleWebKit/537.1 (KHTML, like Gecko) Chrome/21.0.1180.89 Safari/537.1"
67.194.93.95 - sbetan [17/Sep/2012:11:37:55 -0400] "GET /dashboard HTTP/1.1" 200 3124 "-" "Mozilla/5.0 (iPad; CPU OS 5_1_1 like Mac OS X; en-us) AppleWebKit/534.46.0 (KHTML, like Gecko) CriOS/21.0.1180.80 Mobile/9B206 Safari/7534.48.3"
67.194.93.95 - sbetan [17/Sep/2012:11:37:55 -0400] "GET /assets/application-00253241250260a29e421ba336543d92.css HTTP/1.1" 200 45885 "https://www.gradecraft.com/dashboard" "Mozilla/5.0 (iPad; CPU OS 5_1_1 like Mac OS X; en-us) AppleWebKit/534.46.0 (KHTML, like Gecko) CriOS/21.0.1180.80 Mobile/9B206 Safari/7534.48.3"
67.194.93.95 - sbetan [17/Sep/2012:11:37:55 -0400] "GET /uploads/theme/filename/3/cyborg.min.css HTTP/1.1" 200 16474 "https://www.gradecraft.com/dashboard" "Mozilla/5.0 (iPad; CPU OS 5_1_1 like Mac OS X; en-us) AppleWebKit/534.46.0 (KHTML, like Gecko) CriOS/21.0.1180.80 Mobile/9B206 Safari/7534.48.3"
67.194.93.95 - sbetan [17/Sep/2012:11:37:55 -0400] "GET /assets/application-4ce0ae23744168912769066ef11545d8.js HTTP/1.1" 200 135594 "https://www.gradecraft.com/dashboard" "Mozilla/5.0 (iPad; CPU OS 5_1_1 like Mac OS X; en-us) AppleWebKit/534.46.0 (KHTML, like Gecko) CriOS/21.0.1180.80 Mobile/9B206 Safari/7534.48.3"
67.194.6.75 - - [17/Sep/2012:11:37:56 -0400] "GET / HTTP/1.1" 302 756 "https://sites.google.com/a/umich.edu/polsci101f2012/" "Mozilla/5.0 (Macintosh; Intel Mac OS X 10_7_4) AppleWebKit/536.25 (KHTML, like Gecko) Version/6.0 Safari/536.25"
35.0.91.59 - mberk [17/Sep/2012:11:37:52 -0400] "GET /assets/application-4ce0ae23744168912769066ef11545d8.js HTTP/1.1" 200 135915 "https://www.gradecraft.com/" "Mozilla/5.0 (Macintosh; Intel Mac OS X 10_7_4) AppleWebKit/537.1 (KHTML, like Gecko) Chrome/21.0.1180.89 Safari/537.1"
67.194.6.75 - - [17/Sep/2012:11:37:56 -0400] "GET /cosign/valid?cosign-www.gradecraft.com=XgN3WrEE3fU6dupeDZcclm9G1ggDhKBsDjyU46Ky-MfJHaJlVrRUCfOi5HcV0Tty0knuwZncCsai3sPIo4Cu+Rvm4WrPH9lMi3KONPdx9KisL9VbMOWLGvay3ACP&https://www.gradecraft.com/ HTTP/1.1" 301 868 "https://sites.google.com/a/umich.edu/polsci101f2012/" "Mozilla/5.0 (Macintosh; Intel Mac OS X 10_7_4) AppleWebKit/536.25 (KHTML, like Gecko) Version/6.0 Safari/536.25"
67.194.6.75 - - [17/Sep/2012:11:37:56 -0400] "GET / HTTP/1.1" 302 756 "https://sites.google.com/a/umich.edu/polsci101f2012/" "Mozilla/5.0 (Macintosh; Intel Mac OS X 10_7_4) AppleWebKit/536.25 (KHTML, like Gecko) Version/6.0 Safari/536.25"
67.194.6.75 - - [17/Sep/2012:11:37:56 -0400] "GET /cosign/valid?cosign-www.gradecraft.com=QeqnRX9onGyKy-aLZM86fhtLvxSVaJj2FS4TFOcop+78wXLWvAMW5yNGPJc8YK4Sp7v5OLKeE2kc4MDIpJsEKBy8VviMR14wexGl+rPTXok03M18Z9xxoYJQoaGq&https://www.gradecraft.com/ HTTP/1.1" 301 868 "https://sites.google.com/a/umich.edu/polsci101f2012/" "Mozilla/5.0 (Macintosh; Intel Mac OS X 10_7_4) AppleWebKit/536.25 (KHTML, like Gecko) Version/6.0 Safari/536.25"
67.194.6.75 - - [17/Sep/2012:11:37:56 -0400] "GET / HTTP/1.1" 302 756 "https://sites.google.com/a/umich.edu/polsci101f2012/" "Mozilla/5.0 (Macintosh; Intel Mac OS X 10_7_4) AppleWebKit/536.25 (KHTML, like Gecko) Version/6.0 Safari/536.25"
67.194.6.75 - - [17/Sep/2012:11:37:56 -0400] "GET /cosign/valid?cosign-www.gradecraft.com=FtdbxjMDkDIjLM-d3OfxLdIfW5jazuMDsKul0vfAxMy5i44vlOg7FRsnKyjVgeJmGWSA+2gPjiKwHItuM2tziLvmVFPpT6+5GSbNfflpgGLDs+R-6r2naGuaJpGl&https://www.gradecraft.com/ HTTP/1.1" 301 868 "https://sites.google.com/a/umich.edu/polsci101f2012/" "Mozilla/5.0 (Macintosh; Intel Mac OS X 10_7_4) AppleWebKit/536.25 (KHTML, like Gecko) Version/6.0 Safari/536.25"
67.194.6.75 - - [17/Sep/2012:11:37:56 -0400] "GET / HTTP/1.1" 302 756 "https://sites.google.com/a/umich.edu/polsci101f2012/" "Mozilla/5.0 (Macintosh; Intel Mac OS X 10_7_4) AppleWebKit/536.25 (KHTML, like Gecko) Version/6.0 Safari/536.25"
35.0.91.59 - mberk [17/Sep/2012:11:37:56 -0400] "GET /users/predictor.json?user_id=300 HTTP/1.1" 200 1578 "https://www.gradecraft.com/" "Mozilla/5.0 (Macintosh; Intel Mac OS X 10_7_4) AppleWebKit/537.1 (KHTML, like Gecko) Chrome/21.0.1180.89 Safari/537.1"
35.0.91.59 - mberk [17/Sep/2012:11:37:56 -0400] "GET /users/predictor.json?in_progress=true&user_id=300 HTTP/1.1" 200 1578 "https://www.gradecraft.com/" "Mozilla/5.0 (Macintosh; Intel Mac OS X 10_7_4) AppleWebKit/537.1 (KHTML, like Gecko) Chrome/21.0.1180.89 Safari/537.1"
67.194.6.75 - - [17/Sep/2012:11:37:57 -0400] "GET /cosign/valid?cosign-www.gradecraft.com=xNe7OPQlxvfR7+cGaXGu2kFPAHBBR0+aTmMYP86RNYPeLcrbhJ5X9CfxSHfHs+6-Gj2+x5fhByE6Js6r6JrPthHrdWP3CBu2MU1lQtVGeXHz8Bt+tP4VuE3-pW+J&https://www.gradecraft.com/ HTTP/1.1" 301 868 "https://sites.google.com/a/umich.edu/polsci101f2012/" "Mozilla/5.0 (Macintosh; Intel Mac OS X 10_7_4) AppleWebKit/536.25 (KHTML, like Gecko) Version/6.0 Safari/536.25"
67.194.6.75 - - [17/Sep/2012:11:37:57 -0400] "GET / HTTP/1.1" 302 756 "https://sites.google.com/a/umich.edu/polsci101f2012/" "Mozilla/5.0 (Macintosh; Intel Mac OS X 10_7_4) AppleWebKit/536.25 (KHTML, like Gecko) Version/6.0 Safari/536.25"
67.194.11.16 - ppicon [17/Sep/2012:11:37:57 -0400] "GET /assignments/28/grades/self_log?gradeable_id=273&gradeable_type=User HTTP/1.1" 200 2756 "-" "Mozilla/5.0 (Macintosh; Intel Mac OS X 10.7; rv:13.0) Gecko/20100101 Firefox/13.0"
67.194.18.159 - - [17/Sep/2012:11:37:58 -0400] "GET / HTTP/1.1" 302 3259 "-" "Mozilla/5.0 (Macintosh; Intel Mac OS X 10_8_1) AppleWebKit/536.25 (KHTML, like Gecko) Version/6.0 Safari/536.25"
67.194.20.172 - samsem [17/Sep/2012:11:37:58 -0400] "GET /assignments/28/grades/self_log?gradeable_id=270&gradeable_type=User HTTP/1.1" 200 2756 "https://www.gradecraft.com/dashboard" "Mozilla/5.0 (Macintosh; Intel Mac OS X 10_7_4) AppleWebKit/534.57.2 (KHTML, like Gecko) Version/5.1.7 Safari/534.57.2"
67.194.93.95 - sbetan [17/Sep/2012:11:37:58 -0400] "GET /users/predictor.json?user_id=339 HTTP/1.1" 304 822 "https://www.gradecraft.com/dashboard" "Mozilla/5.0 (iPad; CPU OS 5_1_1 like Mac OS X; en-us) AppleWebKit/534.46.0 (KHTML, like Gecko) CriOS/21.0.1180.80 Mobile/9B206 Safari/7534.48.3"
67.194.93.95 - sbetan [17/Sep/2012:11:37:58 -0400] "GET /users/predictor.json?in_progress=true&user_id=339 HTTP/1.1" 304 677 "https://www.gradecraft.com/dashboard" "Mozilla/5.0 (iPad; CPU OS 5_1_1 like Mac OS X; en-us) AppleWebKit/534.46.0 (KHTML, like Gecko) CriOS/21.0.1180.80 Mobile/9B206 Safari/7534.48.3"
67.194.93.95 - - [17/Sep/2012:11:37:59 -0400] "GET /favicon.ico HTTP/1.1" 302 724 "-" "Mozilla/5.0 (iPad; CPU OS 5_1_1 like Mac OS X; en-us) AppleWebKit/534.46.0 (KHTML, like Gecko) CriOS/21.0.1180.80 Mobile/9B206 Safari/7534.48.3"
67.194.93.95 - - [17/Sep/2012:11:37:59 -0400] "GET /apple-touch-icon-precomposed.png HTTP/1.1" 302 644 "-" "Mozilla/5.0 (iPad; CPU OS 5_1_1 like Mac OS X; en-us) AppleWebKit/534.46.0 (KHTML, like Gecko) CriOS/21.0.1180.80 Mobile/9B206 Safari/7534.48.3"
35.0.84.103 - - [17/Sep/2012:11:37:59 -0400] "GET / HTTP/1.1" 302 3984 "-" "Mozilla/5.0 (Macintosh; Intel Mac OS X 10_8_1) AppleWebKit/537.1 (KHTML, like Gecko) Chrome/21.0.1180.89 Safari/537.1"
35.0.84.103 - - [17/Sep/2012:11:37:59 -0400] "GET /cosign/valid?cosign-www.gradecraft.com=0Jvt5YaXmZ5+z8RAIO58apIUqtC8SGLkO4uwxMy4sg1WH5q+I6amKfWxipKWsU5Kioo7UGlftfGUhXeudlcJGQ78shl32NejNKd7qLoQRuKxDWuSehiDvm95YjNE&https://www.gradecraft.com/ HTTP/1.1" 301 868 "-" "Mozilla/5.0 (Macintosh; Intel Mac OS X 10_8_1) AppleWebKit/537.1 (KHTML, like Gecko) Chrome/21.0.1180.89 Safari/537.1"
35.0.84.103 - nihirp [17/Sep/2012:11:37:59 -0400] "GET / HTTP/1.1" 302 1348 "-" "Mozilla/5.0 (Macintosh; Intel Mac OS X 10_8_1) AppleWebKit/537.1 (KHTML, like Gecko) Chrome/21.0.1180.89 Safari/537.1"
35.0.84.103 - nihirp [17/Sep/2012:11:38:00 -0400] "GET /dashboard HTTP/1.1" 200 3924 "-" "Mozilla/5.0 (Macintosh; Intel Mac OS X 10_8_1) AppleWebKit/537.1 (KHTML, like Gecko) Chrome/21.0.1180.89 Safari/537.1"
35.0.84.103 - nihirp [17/Sep/2012:11:38:00 -0400] "GET /uploads/theme/filename/3/cyborg.min.css HTTP/1.1" 200 16393 "https://www.gradecraft.com/dashboard" "Mozilla/5.0 (Macintosh; Intel Mac OS X 10_8_1) AppleWebKit/537.1 (KHTML, like Gecko) Chrome/21.0.1180.89 Safari/537.1"
35.0.84.103 - nihirp [17/Sep/2012:11:38:00 -0400] "GET /assets/application-00253241250260a29e421ba336543d92.css HTTP/1.1" 200 49481 "https://www.gradecraft.com/dashboard" "Mozilla/5.0 (Macintosh; Intel Mac OS X 10_8_1) AppleWebKit/537.1 (KHTML, like Gecko) Chrome/21.0.1180.89 Safari/537.1"
67.194.119.190 - masiskin [17/Sep/2012:11:38:00 -0400] "GET /dashboard HTTP/1.1" 304 917 "https://www.gradecraft.com/dashboard" "Mozilla/5.0 (Macintosh; Intel Mac OS X 10.8; rv:15.0) Gecko/20100101 Firefox/15.0.1"
67.194.11.16 - ppicon [17/Sep/2012:11:38:01 -0400] "POST /assignments/28/grades/self_log_create HTTP/1.1" 302 1652 "-" "Mozilla/5.0 (Macintosh; Intel Mac OS X 10.7; rv:13.0) Gecko/20100101 Firefox/13.0"
67.194.119.190 - masiskin [17/Sep/2012:11:38:01 -0400] "GET /users/predictor.json?in_progress=true&user_id=359 HTTP/1.1" 304 885 "https://www.gradecraft.com/dashboard" "Mozilla/5.0 (Macintosh; Intel Mac OS X 10.8; rv:15.0) Gecko/20100101 Firefox/15.0.1"
67.194.119.190 - masiskin [17/Sep/2012:11:38:01 -0400] "GET /users/predictor.json?user_id=359 HTTP/1.1" 304 885 "https://www.gradecraft.com/dashboard" "Mozilla/5.0 (Macintosh; Intel Mac OS X 10.8; rv:15.0) Gecko/20100101 Firefox/15.0.1"
67.194.11.16 - ppicon [17/Sep/2012:11:38:01 -0400] "GET /dashboard HTTP/1.1" 200 4164 "-" "Mozilla/5.0 (Macintosh; Intel Mac OS X 10.7; rv:13.0) Gecko/20100101 Firefox/13.0"
67.194.11.16 - ppicon [17/Sep/2012:11:38:02 -0400] "GET /users/predictor.json?user_id=273 HTTP/1.1" 200 1594 "-" "Mozilla/5.0 (Macintosh; Intel Mac OS X 10.7; rv:13.0) Gecko/20100101 Firefox/13.0"
67.194.20.172 - samsem [17/Sep/2012:11:38:02 -0400] "POST /assignments/28/grades/self_log_create HTTP/1.1" 302 1636 "https://www.gradecraft.com/assignments/28/grades/self_log?gradeable_id=270&gradeable_type=User" "Mozilla/5.0 (Macintosh; Intel Mac OS X 10_7_4) AppleWebKit/534.57.2 (KHTML, like Gecko) Version/5.1.7 Safari/534.57.2"
67.194.11.16 - ppicon [17/Sep/2012:11:38:01 -0400] "GET /users/predictor.json?in_progress=true&user_id=273 HTTP/1.1" 200 1594 "-" "Mozilla/5.0 (Macintosh; Intel Mac OS X 10.7; rv:13.0) Gecko/20100101 Firefox/13.0"
67.194.20.172 - samsem [17/Sep/2012:11:38:02 -0400] "GET /dashboard HTTP/1.1" 200 4148 "https://www.gradecraft.com/assignments/28/grades/self_log?gradeable_id=270&gradeable_type=User" "Mozilla/5.0 (Macintosh; Intel Mac OS X 10_7_4) AppleWebKit/534.57.2 (KHTML, like Gecko) Version/5.1.7 Safari/534.57.2"
67.194.29.11 - cwhill [17/Sep/2012:11:38:02 -0400] "GET /user_assignment_type_weights/new?assignment_type_id=8 HTTP/1.1" 200 7925 "https://www.gradecraft.com/dashboard" "Mozilla/5.0 (compatible; MSIE 9.0; Windows NT 6.1; WOW64; Trident/5.0)"
67.194.20.172 - samsem [17/Sep/2012:11:38:02 -0400] "GET /users/predictor.json?user_id=270 HTTP/1.1" 200 1578 "https://www.gradecraft.com/dashboard" "Mozilla/5.0 (Macintosh; Intel Mac OS X 10_7_4) AppleWebKit/534.57.2 (KHTML, like Gecko) Version/5.1.7 Safari/534.57.2"
67.194.20.172 - samsem [17/Sep/2012:11:38:02 -0400] "GET /users/predictor.json?in_progress=true&user_id=270 HTTP/1.1" 200 1578 "https://www.gradecraft.com/dashboard" "Mozilla/5.0 (Macintosh; Intel Mac OS X 10_7_4) AppleWebKit/534.57.2 (KHTML, like Gecko) Version/5.1.7 Safari/534.57.2"
166.137.80.171 - akib [17/Sep/2012:11:38:04 -0400] "GET /assignments/28/grades/self_log?gradeable_id=283&gradeable_type=User HTTP/1.1" 200 2885 "https://www.gradecraft.com/dashboard" "Mozilla/5.0 (iPhone; CPU iPhone OS 5_1_1 like Mac OS X) AppleWebKit/534.46 (KHTML, like Gecko) Version/5.1 Mobile/9B206 Safari/7534.48.3"
67.194.118.17 - - [17/Sep/2012:11:38:04 -0400] "GET /cosign/valid?cosign-www.gradecraft.com=wV8ObZLCLXipoYx+xYadGfO2bBTIFgPSb8DlocWLG3wofceKloNUda7QarMaAiMKl4t+5COBSaW7mh4oPLltCUyvAV3dvweJsSseNsnJvndYVNRDwjc1CFzBEGcV&https://gradecraft.com/ HTTP/1.1" 301 885 "-" "Mozilla/5.0 (Macintosh; Intel Mac OS X 10_8_0) AppleWebKit/537.1 (KHTML, like Gecko) Chrome/21.0.1180.89 Safari/537.1"
67.194.116.36 - rossmac [17/Sep/2012:11:38:05 -0400] "GET /assignments/28/grades/self_log?gradeable_id=348&gradeable_type=User HTTP/1.1" 200 2901 "https://www.gradecraft.com/dashboard" "Mozilla/5.0 (Macintosh; Intel Mac OS X 10_6_8) AppleWebKit/537.1 (KHTML, like Gecko) Chrome/21.0.1180.89 Safari/537.1"
67.194.90.200 - cchegash [17/Sep/2012:11:38:06 -0400] "GET /assignments/28/grades/self_log?gradeable_id=303&gradeable_type=User HTTP/1.1" 200 2894 "https://www.gradecraft.com/dashboard" "Mozilla/5.0 (Macintosh; Intel Mac OS X 10_7_4) AppleWebKit/536.25 (KHTML, like Gecko) Version/6.0 Safari/536.25"
67.194.116.36 - rossmac [17/Sep/2012:11:38:09 -0400] "POST /assignments/28/grades/self_log_create HTTP/1.1" 302 1636 "https://www.gradecraft.com/assignments/28/grades/self_log?gradeable_id=348&gradeable_type=User" "Mozilla/5.0 (Macintosh; Intel Mac OS X 10_6_8) AppleWebKit/537.1 (KHTML, like Gecko) Chrome/21.0.1180.89 Safari/537.1"
67.194.116.36 - rossmac [17/Sep/2012:11:38:09 -0400] "GET /dashboard HTTP/1.1" 200 4148 "https://www.gradecraft.com/assignments/28/grades/self_log?gradeable_id=348&gradeable_type=User" "Mozilla/5.0 (Macintosh; Intel Mac OS X 10_6_8) AppleWebKit/537.1 (KHTML, like Gecko) Chrome/21.0.1180.89 Safari/537.1"
67.194.116.36 - rossmac [17/Sep/2012:11:38:09 -0400] "GET /users/predictor.json?user_id=348 HTTP/1.1" 200 1723 "https://www.gradecraft.com/dashboard" "Mozilla/5.0 (Macintosh; Intel Mac OS X 10_6_8) AppleWebKit/537.1 (KHTML, like Gecko) Chrome/21.0.1180.89 Safari/537.1"
67.194.116.36 - rossmac [17/Sep/2012:11:38:09 -0400] "GET /users/predictor.json?in_progress=true&user_id=348 HTTP/1.1" 200 1578 "https://www.gradecraft.com/dashboard" "Mozilla/5.0 (Macintosh; Intel Mac OS X 10_6_8) AppleWebKit/537.1 (KHTML, like Gecko) Chrome/21.0.1180.89 Safari/537.1"
35.0.84.103 - nihirp [17/Sep/2012:11:38:09 -0400] "GET / HTTP/1.1" 200 3924 "-" "Mozilla/5.0 (Macintosh; Intel Mac OS X 10_8_1) AppleWebKit/537.1 (KHTML, like Gecko) Chrome/21.0.1180.89 Safari/537.1"
67.194.1.254 - tdahbour [17/Sep/2012:11:38:11 -0400] "GET /users/predictor.json?user_id=304 HTTP/1.1" 200 1819 "https://www.gradecraft.com/dashboard" "Mozilla/5.0 (iPhone; CPU iPhone OS 5_1_1 like Mac OS X) AppleWebKit/534.46 (KHTML, like Gecko) Version/5.1 Mobile/9B206 Safari/7534.48.3"
67.194.1.254 - tdahbour [17/Sep/2012:11:38:11 -0400] "GET /users/predictor.json?in_progress=true&user_id=304 HTTP/1.1" 304 1110 "https://www.gradecraft.com/dashboard" "Mozilla/5.0 (iPhone; CPU iPhone OS 5_1_1 like Mac OS X) AppleWebKit/534.46 (KHTML, like Gecko) Version/5.1 Mobile/9B206 Safari/7534.48.3"
35.0.84.103 - nihirp [17/Sep/2012:11:38:00 -0400] "GET /assets/application-4ce0ae23744168912769066ef11545d8.js HTTP/1.1" 200 138998 "https://www.gradecraft.com/dashboard" "Mozilla/5.0 (Macintosh; Intel Mac OS X 10_8_1) AppleWebKit/537.1 (KHTML, like Gecko) Chrome/21.0.1180.89 Safari/537.1"
35.0.84.103 - nihirp [17/Sep/2012:11:38:12 -0400] "GET /users/predictor.json?user_id=291 HTTP/1.1" 200 1578 "https://www.gradecraft.com/dashboard" "Mozilla/5.0 (Macintosh; Intel Mac OS X 10_8_1) AppleWebKit/537.1 (KHTML, like Gecko) Chrome/21.0.1180.89 Safari/537.1"
35.0.84.103 - nihirp [17/Sep/2012:11:38:12 -0400] "GET /users/predictor.json?in_progress=true&user_id=291 HTTP/1.1" 200 1578 "https://www.gradecraft.com/dashboard" "Mozilla/5.0 (Macintosh; Intel Mac OS X 10_8_1) AppleWebKit/537.1 (KHTML, like Gecko) Chrome/21.0.1180.89 Safari/537.1"
35.0.84.103 - nihirp [17/Sep/2012:11:38:12 -0400] "GET /users/predictor.json?user_id=291 HTTP/1.1" 304 885 "https://www.gradecraft.com/" "Mozilla/5.0 (Macintosh; Intel Mac OS X 10_8_1) AppleWebKit/537.1 (KHTML, like Gecko) Chrome/21.0.1180.89 Safari/537.1"
35.0.84.103 - nihirp [17/Sep/2012:11:38:12 -0400] "GET /users/predictor.json?in_progress=true&user_id=291 HTTP/1.1" 304 885 "https://www.gradecraft.com/" "Mozilla/5.0 (Macintosh; Intel Mac OS X 10_8_1) AppleWebKit/537.1 (KHTML, like Gecko) Chrome/21.0.1180.89 Safari/537.1"
67.194.90.200 - cchegash [17/Sep/2012:11:38:12 -0400] "POST /assignments/28/grades/self_log_create HTTP/1.1" 302 1636 "https://www.gradecraft.com/assignments/28/grades/self_log?gradeable_id=303&gradeable_type=User" "Mozilla/5.0 (Macintosh; Intel Mac OS X 10_7_4) AppleWebKit/536.25 (KHTML, like Gecko) Version/6.0 Safari/536.25"
67.194.90.200 - cchegash [17/Sep/2012:11:38:13 -0400] "GET /dashboard HTTP/1.1" 200 4180 "https://www.gradecraft.com/assignments/28/grades/self_log?gradeable_id=303&gradeable_type=User" "Mozilla/5.0 (Macintosh; Intel Mac OS X 10_7_4) AppleWebKit/536.25 (KHTML, like Gecko) Version/6.0 Safari/536.25"
67.194.90.200 - cchegash [17/Sep/2012:11:38:13 -0400] "GET /users/predictor.json?user_id=303 HTTP/1.1" 200 1716 "https://www.gradecraft.com/dashboard" "Mozilla/5.0 (Macintosh; Intel Mac OS X 10_7_4) AppleWebKit/536.25 (KHTML, like Gecko) Version/6.0 Safari/536.25"
67.194.90.200 - cchegash [17/Sep/2012:11:38:13 -0400] "GET /users/predictor.json?in_progress=true&user_id=303 HTTP/1.1" 200 1562 "https://www.gradecraft.com/dashboard" "Mozilla/5.0 (Macintosh; Intel Mac OS X 10_7_4) AppleWebKit/536.25 (KHTML, like Gecko) Version/6.0 Safari/536.25"
67.194.118.17 - - [17/Sep/2012:11:38:13 -0400] "GET / HTTP/1.1" 302 901 "-" "Mozilla/5.0 (Macintosh; Intel Mac OS X 10_8_0) AppleWebKit/537.1 (KHTML, like Gecko) Chrome/21.0.1180.89 Safari/537.1"
67.194.118.17 - - [17/Sep/2012:11:38:13 -0400] "GET /cosign/valid?cosign-www.gradecraft.com=bH2uDBsqyBd5EB6yQmgvcLsvhAc1Igqdk42S0kulUO2hQCji1ANL8fIhFMI54ehdIeQZK00qSbuL0ZpORjMzMI37L9M-6x1rJOQBtwTX-XowtzZrxzCi7FH+dH+s&https://gradecraft.com/ HTTP/1.1" 301 885 "-" "Mozilla/5.0 (Macintosh; Intel Mac OS X 10_8_0) AppleWebKit/537.1 (KHTML, like Gecko) Chrome/21.0.1180.89 Safari/537.1"
67.194.119.190 - masiskin [17/Sep/2012:11:38:15 -0400] "GET /dashboard HTTP/1.1" 304 917 "https://www.gradecraft.com/dashboard" "Mozilla/5.0 (Macintosh; Intel Mac OS X 10.8; rv:15.0) Gecko/20100101 Firefox/15.0.1"
67.194.119.190 - masiskin [17/Sep/2012:11:38:16 -0400] "GET /users/predictor.json?in_progress=true&user_id=359 HTTP/1.1" 304 885 "https://www.gradecraft.com/dashboard" "Mozilla/5.0 (Macintosh; Intel Mac OS X 10.8; rv:15.0) Gecko/20100101 Firefox/15.0.1"
67.194.119.190 - masiskin [17/Sep/2012:11:38:16 -0400] "GET /users/predictor.json?user_id=359 HTTP/1.1" 304 1014 "https://www.gradecraft.com/dashboard" "Mozilla/5.0 (Macintosh; Intel Mac OS X 10.8; rv:15.0) Gecko/20100101 Firefox/15.0.1"
67.194.29.139 - ehbakes [17/Sep/2012:11:38:17 -0400] "GET /assignments/28/grades/self_log?gradeable_id=186&gradeable_type=User HTTP/1.1" 200 5254 "https://www.gradecraft.com/dashboard" "Mozilla/5.0 (Macintosh; Intel Mac OS X 10_6_8) AppleWebKit/534.52.7 (KHTML, like Gecko) Version/5.1.2 Safari/534.52.7"
67.194.82.83 - javiert [17/Sep/2012:11:38:18 -0400] "GET /assignments/28/grades/self_log?gradeable_id=180&gradeable_type=User HTTP/1.1" 200 2885 "https://www.gradecraft.com/dashboard" "Mozilla/5.0 (iPhone; CPU iPhone OS 5_1_1 like Mac OS X) AppleWebKit/534.46 (KHTML, like Gecko) Version/5.1 Mobile/9B206 Safari/7534.48.3"
