165.123.84.75 - - [24/Oct/2012:10:32:18 -0400] "GET /dashboard HTTP/1.1" 302 3983 "https://wharton.instructure.com/courses/755358" "Mozilla/5.0 (Macintosh; Intel Mac OS X 10_8_2) AppleWebKit/537.4 (KHTML, like Gecko) Chrome/22.0.1229.94 Safari/537.4"
130.91.57.253 - sohumd@wharton.upenn.edu [24/Oct/2012:10:32:18 -0400] "POST /assignments/13/grades/self_log_create HTTP/1.1" 302 1652 "https://www.gradecraft.com/assignments/13/grades/self_log?gradeable_id=51&gradeable_type=User" "Mozilla/5.0 (Windows NT 6.1; WOW64) AppleWebKit/537.4 (KHTML, like Gecko) Chrome/22.0.1229.94 Safari/537.4"
165.123.85.187 - ghalia@wharton.upenn.edu [24/Oct/2012:10:32:18 -0400] "GET /dashboard HTTP/1.1" 200 4484 "https://www.gradecraft.com/assignments/13/grades/self_log?gradeable_id=26&gradeable_type=User" "Mozilla/5.0 (iPhone; CPU iPhone OS 6_0 like Mac OS X) AppleWebKit/536.26 (KHTML, like Gecko) Version/6.0 Mobile/10A403 Safari/8536.25"
165.123.85.187 - ghalia@wharton.upenn.edu [24/Oct/2012:10:32:19 -0400] "GET /assets/stylesheets/superhero.min.css HTTP/1.1" 404 1044 "https://www.gradecraft.com/dashboard" "Mozilla/5.0 (iPhone; CPU iPhone OS 6_0 like Mac OS X) AppleWebKit/536.26 (KHTML, like Gecko) Version/6.0 Mobile/10A403 Safari/8536.25"
165.123.85.187 - ghalia@wharton.upenn.edu [24/Oct/2012:10:32:19 -0400] "GET /users/predictor.json?in_progress=true&user_id=26 HTTP/1.1" 304 885 "https://www.gradecraft.com/dashboard" "Mozilla/5.0 (iPhone; CPU iPhone OS 6_0 like Mac OS X) AppleWebKit/536.26 (KHTML, like Gecko) Version/6.0 Mobile/10A403 Safari/8536.25"
130.91.57.253 - sohumd@wharton.upenn.edu [24/Oct/2012:10:32:19 -0400] "GET /dashboard HTTP/1.1" 200 4468 "https://www.gradecraft.com/assignments/13/grades/self_log?gradeable_id=51&gradeable_type=User" "Mozilla/5.0 (Windows NT 6.1; WOW64) AppleWebKit/537.4 (KHTML, like Gecko) Chrome/22.0.1229.94 Safari/537.4"
130.91.57.253 - sohumd@wharton.upenn.edu [24/Oct/2012:10:32:20 -0400] "GET /assets/stylesheets/superhero.min.css HTTP/1.1" 404 1044 "https://www.gradecraft.com/dashboard" "Mozilla/5.0 (Windows NT 6.1; WOW64) AppleWebKit/537.4 (KHTML, like Gecko) Chrome/22.0.1229.94 Safari/537.4"
165.123.85.187 - ghalia@wharton.upenn.edu [24/Oct/2012:10:32:19 -0400] "GET /users/predictor.json?user_id=26 HTTP/1.1" 304 1030 "https://www.gradecraft.com/dashboard" "Mozilla/5.0 (iPhone; CPU iPhone OS 6_0 like Mac OS X) AppleWebKit/536.26 (KHTML, like Gecko) Version/6.0 Mobile/10A403 Safari/8536.25"
130.91.57.253 - sohumd@wharton.upenn.edu [24/Oct/2012:10:32:20 -0400] "GET /users/predictor.json?user_id=51 HTTP/1.1" 304 885 "https://www.gradecraft.com/dashboard" "Mozilla/5.0 (Windows NT 6.1; WOW64) AppleWebKit/537.4 (KHTML, like Gecko) Chrome/22.0.1229.94 Safari/537.4"
130.91.57.253 - sohumd@wharton.upenn.edu [24/Oct/2012:10:32:20 -0400] "GET /users/predictor.json?in_progress=true&user_id=51 HTTP/1.1" 304 885 "https://www.gradecraft.com/dashboard" "Mozilla/5.0 (Windows NT 6.1; WOW64) AppleWebKit/537.4 (KHTML, like Gecko) Chrome/22.0.1229.94 Safari/537.4"
165.123.87.157 - - [24/Oct/2012:10:32:21 -0400] "GET / HTTP/1.1" 302 3984 "-" "Mozilla/5.0 (Windows NT 6.1; WOW64) AppleWebKit/537.4 (KHTML, like Gecko) Chrome/22.0.1229.94 Safari/537.4"
165.123.84.75 - - [24/Oct/2012:10:32:26 -0400] "GET /cosign/valid?cosign-www.gradecraft.com=pRVuGoWE2h4AHXwkP5XtRWu8CfiA60ZuraO1l3isGYWf+r4XyiUHvw0KQ4zhBfnT0mWu2wkf74KPMjHG-i8vsx8Db-sTFVFrfQbBX+ec0IKscNSspas--vpNF9YK&https://www.gradecraft.com/dashboard HTTP/1.1" 301 900 "https://weblogin.umich.edu/?cosign-www.gradecraft.com&https://www.gradecraft.com/dashboard" "Mozilla/5.0 (Macintosh; Intel Mac OS X 10_8_2) AppleWebKit/537.4 (KHTML, like Gecko) Chrome/22.0.1229.94 Safari/537.4"
165.123.84.75 - anamoura@sas.upenn.edu [24/Oct/2012:10:32:26 -0400] "GET /dashboard HTTP/1.1" 302 1364 "https://weblogin.umich.edu/?cosign-www.gradecraft.com&https://www.gradecraft.com/dashboard" "Mozilla/5.0 (Macintosh; Intel Mac OS X 10_8_2) AppleWebKit/537.4 (KHTML, like Gecko) Chrome/22.0.1229.94 Safari/537.4"
165.123.84.75 - anamoura@sas.upenn.edu [24/Oct/2012:10:32:26 -0400] "GET /dashboard HTTP/1.1" 200 4308 "https://weblogin.umich.edu/?cosign-www.gradecraft.com&https://www.gradecraft.com/dashboard" "Mozilla/5.0 (Macintosh; Intel Mac OS X 10_8_2) AppleWebKit/537.4 (KHTML, like Gecko) Chrome/22.0.1229.94 Safari/537.4"
130.91.59.129 - anishsaw@sas.upenn.edu [24/Oct/2012:10:32:26 -0400] "GET /dashboard HTTP/1.1" 200 4228 "https://www.gradecraft.com/assignments/13/grades/self_log?gradeable_id=25&gradeable_type=User" "Opera/9.80 (Windows NT 6.1; WOW64; U; en) Presto/2.10.289 Version/12.02"
165.123.84.75 - anamoura@sas.upenn.edu [24/Oct/2012:10:32:27 -0400] "GET /assets/application-75efbcdd2e483708b1922621823d8e20.css HTTP/1.1" 200 47181 "https://www.gradecraft.com/dashboard" "Mozilla/5.0 (Macintosh; Intel Mac OS X 10_8_2) AppleWebKit/537.4 (KHTML, like Gecko) Chrome/22.0.1229.94 Safari/537.4"
165.123.84.75 - anamoura@sas.upenn.edu [24/Oct/2012:10:32:27 -0400] "GET /assets/stylesheets/superhero.min.css HTTP/1.1" 404 1205 "https://www.gradecraft.com/dashboard" "Mozilla/5.0 (Macintosh; Intel Mac OS X 10_8_2) AppleWebKit/537.4 (KHTML, like Gecko) Chrome/22.0.1229.94 Safari/537.4"
165.123.84.75 - anamoura@sas.upenn.edu [24/Oct/2012:10:32:27 -0400] "GET /assets/application-8ce02592fd93cf8f056fcba13d4bd5fc.js HTTP/1.1" 200 201945 "https://www.gradecraft.com/dashboard" "Mozilla/5.0 (Macintosh; Intel Mac OS X 10_8_2) AppleWebKit/537.4 (KHTML, like Gecko) Chrome/22.0.1229.94 Safari/537.4"
165.123.84.75 - anamoura@sas.upenn.edu [24/Oct/2012:10:32:28 -0400] "GET /badges/wharton/image01.png HTTP/1.1" 200 6842 "https://www.gradecraft.com/dashboard" "Mozilla/5.0 (Macintosh; Intel Mac OS X 10_8_2) AppleWebKit/537.4 (KHTML, like Gecko) Chrome/22.0.1229.94 Safari/537.4"
165.123.84.75 - anamoura@sas.upenn.edu [24/Oct/2012:10:32:28 -0400] "GET /badges/wharton/image02.png HTTP/1.1" 200 9754 "https://www.gradecraft.com/dashboard" "Mozilla/5.0 (Macintosh; Intel Mac OS X 10_8_2) AppleWebKit/537.4 (KHTML, like Gecko) Chrome/22.0.1229.94 Safari/537.4"
165.123.84.75 - anamoura@sas.upenn.edu [24/Oct/2012:10:32:28 -0400] "GET /badges/wharton/image05.png HTTP/1.1" 200 7866 "https://www.gradecraft.com/dashboard" "Mozilla/5.0 (Macintosh; Intel Mac OS X 10_8_2) AppleWebKit/537.4 (KHTML, like Gecko) Chrome/22.0.1229.94 Safari/537.4"
165.123.84.75 - anamoura@sas.upenn.edu [24/Oct/2012:10:32:28 -0400] "GET /badges/wharton/image03.png HTTP/1.1" 200 10843 "https://www.gradecraft.com/dashboard" "Mozilla/5.0 (Macintosh; Intel Mac OS X 10_8_2) AppleWebKit/537.4 (KHTML, like Gecko) Chrome/22.0.1229.94 Safari/537.4"
165.123.84.75 - anamoura@sas.upenn.edu [24/Oct/2012:10:32:28 -0400] "GET /badges/wharton/image04.png HTTP/1.1" 200 7835 "https://www.gradecraft.com/dashboard" "Mozilla/5.0 (Macintosh; Intel Mac OS X 10_8_2) AppleWebKit/537.4 (KHTML, like Gecko) Chrome/22.0.1229.94 Safari/537.4"
165.123.84.75 - anamoura@sas.upenn.edu [24/Oct/2012:10:32:28 -0400] "GET /badges/wharton/image06.png HTTP/1.1" 200 8187 "https://www.gradecraft.com/dashboard" "Mozilla/5.0 (Macintosh; Intel Mac OS X 10_8_2) AppleWebKit/537.4 (KHTML, like Gecko) Chrome/22.0.1229.94 Safari/537.4"
130.91.59.129 - anishsaw@sas.upenn.edu [24/Oct/2012:10:32:28 -0400] "GET /users/predictor.json?user_id=25 HTTP/1.1" 200 1690 "https://www.gradecraft.com/dashboard" "Opera/9.80 (Windows NT 6.1; WOW64; U; en) Presto/2.10.289 Version/12.02"
165.123.84.75 - anamoura@sas.upenn.edu [24/Oct/2012:10:32:28 -0400] "GET /badges/wharton/image07.png HTTP/1.1" 200 7946 "https://www.gradecraft.com/dashboard" "Mozilla/5.0 (Macintosh; Intel Mac OS X 10_8_2) AppleWebKit/537.4 (KHTML, like Gecko) Chrome/22.0.1229.94 Safari/537.4"
165.123.84.75 - anamoura@sas.upenn.edu [24/Oct/2012:10:32:28 -0400] "GET /badges/wharton/image08.png HTTP/1.1" 200 11146 "https://www.gradecraft.com/dashboard" "Mozilla/5.0 (Macintosh; Intel Mac OS X 10_8_2) AppleWebKit/537.4 (KHTML, like Gecko) Chrome/22.0.1229.94 Safari/537.4"
165.123.84.75 - anamoura@sas.upenn.edu [24/Oct/2012:10:32:28 -0400] "GET /badges/wharton/image09.png HTTP/1.1" 200 11818 "https://www.gradecraft.com/dashboard" "Mozilla/5.0 (Macintosh; Intel Mac OS X 10_8_2) AppleWebKit/537.4 (KHTML, like Gecko) Chrome/22.0.1229.94 Safari/537.4"
165.123.84.75 - anamoura@sas.upenn.edu [24/Oct/2012:10:32:28 -0400] "GET /badges/wharton/image00.png HTTP/1.1" 200 8362 "https://www.gradecraft.com/dashboard" "Mozilla/5.0 (Macintosh; Intel Mac OS X 10_8_2) AppleWebKit/537.4 (KHTML, like Gecko) Chrome/22.0.1229.94 Safari/537.4"
165.123.84.75 - anamoura@sas.upenn.edu [24/Oct/2012:10:32:28 -0400] "GET /badges/wharton/Game-Master-Badge.png HTTP/1.1" 200 11946 "https://www.gradecraft.com/dashboard" "Mozilla/5.0 (Macintosh; Intel Mac OS X 10_8_2) AppleWebKit/537.4 (KHTML, like Gecko) Chrome/22.0.1229.94 Safari/537.4"
165.123.84.75 - anamoura@sas.upenn.edu [24/Oct/2012:10:32:28 -0400] "GET /badges/wharton/Corporate-Lackey-Badge.png HTTP/1.1" 200 9914 "https://www.gradecraft.com/dashboard" "Mozilla/5.0 (Macintosh; Intel Mac OS X 10_8_2) AppleWebKit/537.4 (KHTML, like Gecko) Chrome/22.0.1229.94 Safari/537.4"
130.91.59.129 - anishsaw@sas.upenn.edu [24/Oct/2012:10:32:28 -0400] "GET /users/predictor.json?in_progress=true&user_id=25 HTTP/1.1" 200 1690 "https://www.gradecraft.com/dashboard" "Opera/9.80 (Windows NT 6.1; WOW64; U; en) Presto/2.10.289 Version/12.02"
165.123.84.75 - anamoura@sas.upenn.edu [24/Oct/2012:10:32:28 -0400] "GET /badges/wharton/Globe-Trotter-Badge.png HTTP/1.1" 200 10490 "https://www.gradecraft.com/dashboard" "Mozilla/5.0 (Macintosh; Intel Mac OS X 10_8_2) AppleWebKit/537.4 (KHTML, like Gecko) Chrome/22.0.1229.94 Safari/537.4"
165.123.84.75 - anamoura@sas.upenn.edu [24/Oct/2012:10:32:28 -0400] "GET /users/predictor.json?in_progress=true&user_id=14 HTTP/1.1" 200 1690 "https://www.gradecraft.com/dashboard" "Mozilla/5.0 (Macintosh; Intel Mac OS X 10_8_2) AppleWebKit/537.4 (KHTML, like Gecko) Chrome/22.0.1229.94 Safari/537.4"
165.123.84.75 - anamoura@sas.upenn.edu [24/Oct/2012:10:32:28 -0400] "GET /users/predictor.json?user_id=14 HTTP/1.1" 200 1690 "https://www.gradecraft.com/dashboard" "Mozilla/5.0 (Macintosh; Intel Mac OS X 10_8_2) AppleWebKit/537.4 (KHTML, like Gecko) Chrome/22.0.1229.94 Safari/537.4"
165.123.84.75 - anamoura@sas.upenn.edu [24/Oct/2012:10:32:28 -0400] "GET /favicon.ico HTTP/1.1" 200 4650 "-" "Mozilla/5.0 (Macintosh; Intel Mac OS X 10_8_2) AppleWebKit/537.4 (KHTML, like Gecko) Chrome/22.0.1229.94 Safari/537.4"
165.123.87.157 - - [24/Oct/2012:10:32:29 -0400] "GET /cosign/valid?cosign-www.gradecraft.com=5ReI3qnDVFInUPMPV1bwgGiLKHXz6lUFvRQhBFG03Pk1ACz6Nl4WKIQ+5sTS6zEF21fj7OACjmn6k2qykzH-lf9x8mCjzvTb5eDz78Um1u6EaQCvxQG09+hnpXsD&https://www.gradecraft.com/ HTTP/1.1" 301 868 "https://weblogin.umich.edu/?cosign-www.gradecraft.com&https://www.gradecraft.com/" "Mozilla/5.0 (Windows NT 6.1; WOW64) AppleWebKit/537.4 (KHTML, like Gecko) Chrome/22.0.1229.94 Safari/537.4"
165.123.87.157 - yanfengo@wharton.upenn.edu [24/Oct/2012:10:32:30 -0400] "GET / HTTP/1.1" 200 4292 "https://weblogin.umich.edu/?cosign-www.gradecraft.com&https://www.gradecraft.com/" "Mozilla/5.0 (Windows NT 6.1; WOW64) AppleWebKit/537.4 (KHTML, like Gecko) Chrome/22.0.1229.94 Safari/537.4"
165.123.87.157 - yanfengo@wharton.upenn.edu [24/Oct/2012:10:32:30 -0400] "GET /assets/stylesheets/superhero.min.css HTTP/1.1" 404 4288 "https://www.gradecraft.com/" "Mozilla/5.0 (Windows NT 6.1; WOW64) AppleWebKit/537.4 (KHTML, like Gecko) Chrome/22.0.1229.94 Safari/537.4"
165.123.87.157 - yanfengo@wharton.upenn.edu [24/Oct/2012:10:32:30 -0400] "GET /assets/application-75efbcdd2e483708b1922621823d8e20.css HTTP/1.1" 200 47181 "https://www.gradecraft.com/" "Mozilla/5.0 (Windows NT 6.1; WOW64) AppleWebKit/537.4 (KHTML, like Gecko) Chrome/22.0.1229.94 Safari/537.4"
165.123.84.44 - - [24/Oct/2012:10:32:30 -0400] "GET /cosign/valid?cosign-www.gradecraft.com=dgTkiEDs9F2TjTtlVegGHqe+klNyNgdp1IAcpvhKdA0+12sGBmLizZXZPnePQZXiefNg7twIZNVDf7GmVSXA0moZLspZuY8IeMWyVp18JVT3pI1cO65HoNyfhM5s&https://www.gradecraft.com/dashboard HTTP/1.1" 301 1038 "https://weblogin.umich.edu/cosign-bin/cosign.cgi" "Mozilla/5.0 (Macintosh; Intel Mac OS X 10_6_8) AppleWebKit/534.52.7 (KHTML, like Gecko) Version/5.1.2 Safari/534.52.7"
165.123.84.44 - emchenry@wharton.upenn.edu [24/Oct/2012:10:32:31 -0400] "GET /dashboard HTTP/1.1" 302 1364 "https://weblogin.umich.edu/cosign-bin/cosign.cgi" "Mozilla/5.0 (Macintosh; Intel Mac OS X 10_6_8) AppleWebKit/534.52.7 (KHTML, like Gecko) Version/5.1.2 Safari/534.52.7"
165.123.87.157 - yanfengo@wharton.upenn.edu [24/Oct/2012:10:32:30 -0400] "GET /assets/application-8ce02592fd93cf8f056fcba13d4bd5fc.js HTTP/1.1" 200 205028 "https://www.gradecraft.com/" "Mozilla/5.0 (Windows NT 6.1; WOW64) AppleWebKit/537.4 (KHTML, like Gecko) Chrome/22.0.1229.94 Safari/537.4"
165.123.86.152 - hweiss@wharton.upenn.edu [24/Oct/2012:10:32:31 -0400] "GET /assignments/13/grades/self_log?gradeable_id=36&gradeable_type=User HTTP/1.1" 200 2805 "https://www.gradecraft.com/dashboard" "Mozilla/5.0 (iPad; CPU OS 5_1_1 like Mac OS X) AppleWebKit/534.46 (KHTML, like Gecko) Version/5.1 Mobile/9B206 Safari/7534.48.3"
165.123.84.44 - emchenry@wharton.upenn.edu [24/Oct/2012:10:32:31 -0400] "GET /dashboard HTTP/1.1" 200 4308 "https://weblogin.umich.edu/cosign-bin/cosign.cgi" "Mozilla/5.0 (Macintosh; Intel Mac OS X 10_6_8) AppleWebKit/534.52.7 (KHTML, like Gecko) Version/5.1.2 Safari/534.52.7"
165.123.87.157 - yanfengo@wharton.upenn.edu [24/Oct/2012:10:32:31 -0400] "GET /badges/wharton/image01.png HTTP/1.1" 200 6842 "https://www.gradecraft.com/" "Mozilla/5.0 (Windows NT 6.1; WOW64) AppleWebKit/537.4 (KHTML, like Gecko) Chrome/22.0.1229.94 Safari/537.4"
165.123.87.157 - yanfengo@wharton.upenn.edu [24/Oct/2012:10:32:31 -0400] "GET /badges/wharton/image02.png HTTP/1.1" 200 9754 "https://www.gradecraft.com/" "Mozilla/5.0 (Windows NT 6.1; WOW64) AppleWebKit/537.4 (KHTML, like Gecko) Chrome/22.0.1229.94 Safari/537.4"
165.123.87.157 - yanfengo@wharton.upenn.edu [24/Oct/2012:10:32:32 -0400] "GET /badges/wharton/image03.png HTTP/1.1" 200 10698 "https://www.gradecraft.com/" "Mozilla/5.0 (Windows NT 6.1; WOW64) AppleWebKit/537.4 (KHTML, like Gecko) Chrome/22.0.1229.94 Safari/537.4"
165.123.84.44 - emchenry@wharton.upenn.edu [24/Oct/2012:10:32:32 -0400] "GET /assets/application-75efbcdd2e483708b1922621823d8e20.css HTTP/1.1" 200 47319 "https://www.gradecraft.com/dashboard" "Mozilla/5.0 (Macintosh; Intel Mac OS X 10_6_8) AppleWebKit/534.52.7 (KHTML, like Gecko) Version/5.1.2 Safari/534.52.7"
165.123.84.44 - emchenry@wharton.upenn.edu [24/Oct/2012:10:32:32 -0400] "GET /assets/stylesheets/superhero.min.css HTTP/1.1" 404 1198 "https://www.gradecraft.com/dashboard" "Mozilla/5.0 (Macintosh; Intel Mac OS X 10_6_8) AppleWebKit/534.52.7 (KHTML, like Gecko) Version/5.1.2 Safari/534.52.7"
165.123.87.157 - yanfengo@wharton.upenn.edu [24/Oct/2012:10:32:32 -0400] "GET /badges/wharton/image04.png HTTP/1.1" 200 7835 "https://www.gradecraft.com/" "Mozilla/5.0 (Windows NT 6.1; WOW64) AppleWebKit/537.4 (KHTML, like Gecko) Chrome/22.0.1229.94 Safari/537.4"
165.123.87.157 - yanfengo@wharton.upenn.edu [24/Oct/2012:10:32:32 -0400] "GET /badges/wharton/image05.png HTTP/1.1" 200 8011 "https://www.gradecraft.com/" "Mozilla/5.0 (Windows NT 6.1; WOW64) AppleWebKit/537.4 (KHTML, like Gecko) Chrome/22.0.1229.94 Safari/537.4"
165.123.87.157 - yanfengo@wharton.upenn.edu [24/Oct/2012:10:32:32 -0400] "GET /badges/wharton/image07.png HTTP/1.1" 200 7946 "https://www.gradecraft.com/" "Mozilla/5.0 (Windows NT 6.1; WOW64) AppleWebKit/537.4 (KHTML, like Gecko) Chrome/22.0.1229.94 Safari/537.4"
165.123.87.157 - yanfengo@wharton.upenn.edu [24/Oct/2012:10:32:32 -0400] "GET /badges/wharton/image06.png HTTP/1.1" 200 8187 "https://www.gradecraft.com/" "Mozilla/5.0 (Windows NT 6.1; WOW64) AppleWebKit/537.4 (KHTML, like Gecko) Chrome/22.0.1229.94 Safari/537.4"
165.123.87.157 - yanfengo@wharton.upenn.edu [24/Oct/2012:10:32:32 -0400] "GET /badges/wharton/image08.png HTTP/1.1" 200 11146 "https://www.gradecraft.com/" "Mozilla/5.0 (Windows NT 6.1; WOW64) AppleWebKit/537.4 (KHTML, like Gecko) Chrome/22.0.1229.94 Safari/537.4"
165.123.87.157 - yanfengo@wharton.upenn.edu [24/Oct/2012:10:32:32 -0400] "GET /badges/wharton/image09.png HTTP/1.1" 200 11818 "https://www.gradecraft.com/" "Mozilla/5.0 (Windows NT 6.1; WOW64) AppleWebKit/537.4 (KHTML, like Gecko) Chrome/22.0.1229.94 Safari/537.4"
165.123.87.157 - yanfengo@wharton.upenn.edu [24/Oct/2012:10:32:32 -0400] "GET /badges/wharton/image00.png HTTP/1.1" 200 8362 "https://www.gradecraft.com/" "Mozilla/5.0 (Windows NT 6.1; WOW64) AppleWebKit/537.4 (KHTML, like Gecko) Chrome/22.0.1229.94 Safari/537.4"
165.123.87.157 - yanfengo@wharton.upenn.edu [24/Oct/2012:10:32:32 -0400] "GET /badges/wharton/Game-Master-Badge.png HTTP/1.1" 200 11946 "https://www.gradecraft.com/" "Mozilla/5.0 (Windows NT 6.1; WOW64) AppleWebKit/537.4 (KHTML, like Gecko) Chrome/22.0.1229.94 Safari/537.4"
165.123.87.157 - yanfengo@wharton.upenn.edu [24/Oct/2012:10:32:31 -0400] "GET /users/predictor.json?user_id=16 HTTP/1.1" 200 1674 "https://www.gradecraft.com/" "Mozilla/5.0 (Windows NT 6.1; WOW64) AppleWebKit/537.4 (KHTML, like Gecko) Chrome/22.0.1229.94 Safari/537.4"
165.123.87.157 - yanfengo@wharton.upenn.edu [24/Oct/2012:10:32:32 -0400] "GET /badges/wharton/Corporate-Lackey-Badge.png HTTP/1.1" 200 9914 "https://www.gradecraft.com/" "Mozilla/5.0 (Windows NT 6.1; WOW64) AppleWebKit/537.4 (KHTML, like Gecko) Chrome/22.0.1229.94 Safari/537.4"
165.123.87.157 - yanfengo@wharton.upenn.edu [24/Oct/2012:10:32:32 -0400] "GET /badges/wharton/Globe-Trotter-Badge.png HTTP/1.1" 200 10490 "https://www.gradecraft.com/" "Mozilla/5.0 (Windows NT 6.1; WOW64) AppleWebKit/537.4 (KHTML, like Gecko) Chrome/22.0.1229.94 Safari/537.4"
165.123.87.157 - yanfengo@wharton.upenn.edu [24/Oct/2012:10:32:31 -0400] "GET /users/predictor.json?in_progress=true&user_id=16 HTTP/1.1" 200 1674 "https://www.gradecraft.com/" "Mozilla/5.0 (Windows NT 6.1; WOW64) AppleWebKit/537.4 (KHTML, like Gecko) Chrome/22.0.1229.94 Safari/537.4"
165.123.84.44 - emchenry@wharton.upenn.edu [24/Oct/2012:10:32:31 -0400] "GET /assets/application-8ce02592fd93cf8f056fcba13d4bd5fc.js HTTP/1.1" 200 201800 "https://www.gradecraft.com/dashboard" "Mozilla/5.0 (Macintosh; Intel Mac OS X 10_6_8) AppleWebKit/534.52.7 (KHTML, like Gecko) Version/5.1.2 Safari/534.52.7"
165.123.86.152 - hweiss@wharton.upenn.edu [24/Oct/2012:10:32:32 -0400] "GET /assets/stylesheets/superhero.min.css HTTP/1.1" 404 1044 "https://www.gradecraft.com/assignments/13/grades/self_log?gradeable_id=36&gradeable_type=User" "Mozilla/5.0 (iPad; CPU OS 5_1_1 like Mac OS X) AppleWebKit/534.46 (KHTML, like Gecko) Version/5.1 Mobile/9B206 Safari/7534.48.3"
165.123.86.80 - - [24/Oct/2012:10:32:32 -0400] "GET /dashboard HTTP/1.1" 302 3984 "-" "Mozilla/5.0 (Macintosh; Intel Mac OS X 10_7_4) AppleWebKit/537.4 (KHTML, like Gecko) Chrome/22.0.1229.94 Safari/537.4"
165.123.87.157 - yanfengo@wharton.upenn.edu [24/Oct/2012:10:32:32 -0400] "GET /favicon.ico HTTP/1.1" 200 4650 "-" "Mozilla/5.0 (Windows NT 6.1; WOW64) AppleWebKit/537.4 (KHTML, like Gecko) Chrome/22.0.1229.94 Safari/537.4"
165.123.84.44 - emchenry@wharton.upenn.edu [24/Oct/2012:10:32:32 -0400] "GET /badges/wharton/image01.png HTTP/1.1" 200 6842 "https://www.gradecraft.com/dashboard" "Mozilla/5.0 (Macintosh; Intel Mac OS X 10_6_8) AppleWebKit/534.52.7 (KHTML, like Gecko) Version/5.1.2 Safari/534.52.7"
165.123.84.44 - emchenry@wharton.upenn.edu [24/Oct/2012:10:32:32 -0400] "GET /badges/wharton/image03.png HTTP/1.1" 200 10698 "https://www.gradecraft.com/dashboard" "Mozilla/5.0 (Macintosh; Intel Mac OS X 10_6_8) AppleWebKit/534.52.7 (KHTML, like Gecko) Version/5.1.2 Safari/534.52.7"
165.123.84.44 - emchenry@wharton.upenn.edu [24/Oct/2012:10:32:32 -0400] "GET /badges/wharton/image05.png HTTP/1.1" 200 7866 "https://www.gradecraft.com/dashboard" "Mozilla/5.0 (Macintosh; Intel Mac OS X 10_6_8) AppleWebKit/534.52.7 (KHTML, like Gecko) Version/5.1.2 Safari/534.52.7"
165.123.84.44 - emchenry@wharton.upenn.edu [24/Oct/2012:10:32:32 -0400] "GET /badges/wharton/image04.png HTTP/1.1" 200 7690 "https://www.gradecraft.com/dashboard" "Mozilla/5.0 (Macintosh; Intel Mac OS X 10_6_8) AppleWebKit/534.52.7 (KHTML, like Gecko) Version/5.1.2 Safari/534.52.7"
165.123.84.44 - emchenry@wharton.upenn.edu [24/Oct/2012:10:32:32 -0400] "GET /badges/wharton/image07.png HTTP/1.1" 200 7946 "https://www.gradecraft.com/dashboard" "Mozilla/5.0 (Macintosh; Intel Mac OS X 10_6_8) AppleWebKit/534.52.7 (KHTML, like Gecko) Version/5.1.2 Safari/534.52.7"
165.123.84.44 - emchenry@wharton.upenn.edu [24/Oct/2012:10:32:32 -0400] "GET /badges/wharton/image08.png HTTP/1.1" 200 11146 "https://www.gradecraft.com/dashboard" "Mozilla/5.0 (Macintosh; Intel Mac OS X 10_6_8) AppleWebKit/534.52.7 (KHTML, like Gecko) Version/5.1.2 Safari/534.52.7"
165.123.84.44 - emchenry@wharton.upenn.edu [24/Oct/2012:10:32:33 -0400] "GET /badges/wharton/image09.png HTTP/1.1" 200 11818 "https://www.gradecraft.com/dashboard" "Mozilla/5.0 (Macintosh; Intel Mac OS X 10_6_8) AppleWebKit/534.52.7 (KHTML, like Gecko) Version/5.1.2 Safari/534.52.7"
165.123.84.44 - emchenry@wharton.upenn.edu [24/Oct/2012:10:32:33 -0400] "GET /badges/wharton/image00.png HTTP/1.1" 200 8362 "https://www.gradecraft.com/dashboard" "Mozilla/5.0 (Macintosh; Intel Mac OS X 10_6_8) AppleWebKit/534.52.7 (KHTML, like Gecko) Version/5.1.2 Safari/534.52.7"
165.123.84.44 - emchenry@wharton.upenn.edu [24/Oct/2012:10:32:33 -0400] "GET /badges/wharton/Game-Master-Badge.png HTTP/1.1" 200 11946 "https://www.gradecraft.com/dashboard" "Mozilla/5.0 (Macintosh; Intel Mac OS X 10_6_8) AppleWebKit/534.52.7 (KHTML, like Gecko) Version/5.1.2 Safari/534.52.7"
165.123.84.44 - emchenry@wharton.upenn.edu [24/Oct/2012:10:32:33 -0400] "GET /badges/wharton/Corporate-Lackey-Badge.png HTTP/1.1" 200 9914 "https://www.gradecraft.com/dashboard" "Mozilla/5.0 (Macintosh; Intel Mac OS X 10_6_8) AppleWebKit/534.52.7 (KHTML, like Gecko) Version/5.1.2 Safari/534.52.7"
165.123.84.44 - emchenry@wharton.upenn.edu [24/Oct/2012:10:32:33 -0400] "GET /badges/wharton/Globe-Trotter-Badge.png HTTP/1.1" 200 10490 "https://www.gradecraft.com/dashboard" "Mozilla/5.0 (Macintosh; Intel Mac OS X 10_6_8) AppleWebKit/534.52.7 (KHTML, like Gecko) Version/5.1.2 Safari/534.52.7"
165.123.84.44 - emchenry@wharton.upenn.edu [24/Oct/2012:10:32:33 -0400] "GET /badges/wharton/image02.png HTTP/1.1" 200 9892 "https://www.gradecraft.com/dashboard" "Mozilla/5.0 (Macintosh; Intel Mac OS X 10_6_8) AppleWebKit/534.52.7 (KHTML, like Gecko) Version/5.1.2 Safari/534.52.7"
165.123.84.44 - emchenry@wharton.upenn.edu [24/Oct/2012:10:32:32 -0400] "GET /users/predictor.json?in_progress=true&user_id=13 HTTP/1.1" 200 1690 "https://www.gradecraft.com/dashboard" "Mozilla/5.0 (Macintosh; Intel Mac OS X 10_6_8) AppleWebKit/534.52.7 (KHTML, like Gecko) Version/5.1.2 Safari/534.52.7"
165.123.84.44 - emchenry@wharton.upenn.edu [24/Oct/2012:10:32:34 -0400] "GET /badges/wharton/image06.png HTTP/1.1" 200 8180 "https://www.gradecraft.com/dashboard" "Mozilla/5.0 (Macintosh; Intel Mac OS X 10_6_8) AppleWebKit/534.52.7 (KHTML, like Gecko) Version/5.1.2 Safari/534.52.7"
165.123.84.44 - emchenry@wharton.upenn.edu [24/Oct/2012:10:32:34 -0400] "GET /favicon.ico HTTP/1.1" 200 4650 "https://www.gradecraft.com/dashboard" "Mozilla/5.0 (Macintosh; Intel Mac OS X 10_6_8) AppleWebKit/534.52.7 (KHTML, like Gecko) Version/5.1.2 Safari/534.52.7"
165.123.84.44 - emchenry@wharton.upenn.edu [24/Oct/2012:10:32:34 -0400] "GET /users/predictor.json?user_id=13 HTTP/1.1" 200 1828 "https://www.gradecraft.com/dashboard" "Mozilla/5.0 (Macintosh; Intel Mac OS X 10_6_8) AppleWebKit/534.52.7 (KHTML, like Gecko) Version/5.1.2 Safari/534.52.7"
165.123.84.134 - - [24/Oct/2012:10:32:37 -0400] "GET /dashboard HTTP/1.1" 302 3259 "https://wharton.instructure.com/courses/755358" "Mozilla/5.0 (Macintosh; Intel Mac OS X 10_8_2) AppleWebKit/536.26.14 (KHTML, like Gecko) Version/6.0.1 Safari/536.26.14"
67.194.215.251 - - [24/Oct/2012:10:32:37 -0400] "GET / HTTP/1.1" 302 3789 "-" "Mozilla/5.0 (Macintosh; Intel Mac OS X 10.7; rv:16.0) Gecko/20100101 Firefox/16.0"
67.194.215.251 - - [24/Oct/2012:10:32:38 -0400] "GET /cosign/valid?cosign-www.gradecraft.com=XlbwhAS+rLtI0pkjxcKjdj0aIjN0D9e+eQWIs-9IXh4568nT8E0pzFrXQYn-l9DsMSvLxHm94CFhCpLMWFEpPlhoHiZRewipPKTANdNPy8gk5MBPdgDE3zHljkOT&https://www.gradecraft.com/ HTTP/1.1" 301 868 "-" "Mozilla/5.0 (Macintosh; Intel Mac OS X 10.7; rv:16.0) Gecko/20100101 Firefox/16.0"
130.91.56.51 - - [24/Oct/2012:10:32:39 -0400] "GET /dashboard HTTP/1.1" 302 3936 "-" "Mozilla/5.0 (Macintosh; Intel Mac OS X 10_5_8) AppleWebKit/536.11 (KHTML, like Gecko) Chrome/20.0.1132.47 Safari/536.11"
67.194.215.251 - dajomc [24/Oct/2012:10:32:38 -0400] "GET / HTTP/1.1" 200 5172 "-" "Mozilla/5.0 (Macintosh; Intel Mac OS X 10.7; rv:16.0) Gecko/20100101 Firefox/16.0"
67.194.215.251 - dajomc [24/Oct/2012:10:32:40 -0400] "GET /assets/application-75efbcdd2e483708b1922621823d8e20.css HTTP/1.1" 304 245 "https://www.gradecraft.com/" "Mozilla/5.0 (Macintosh; Intel Mac OS X 10.7; rv:16.0) Gecko/20100101 Firefox/16.0"
67.194.215.251 - dajomc [24/Oct/2012:10:32:40 -0400] "GET /assets/application-8ce02592fd93cf8f056fcba13d4bd5fc.js HTTP/1.1" 304 3473 "https://www.gradecraft.com/" "Mozilla/5.0 (Macintosh; Intel Mac OS X 10.7; rv:16.0) Gecko/20100101 Firefox/16.0"
67.194.215.251 - dajomc [24/Oct/2012:10:32:40 -0400] "GET /users/predictor.json?user_id=133 HTTP/1.1" 304 885 "https://www.gradecraft.com/" "Mozilla/5.0 (Macintosh; Intel Mac OS X 10.7; rv:16.0) Gecko/20100101 Firefox/16.0"
67.194.215.251 - dajomc [24/Oct/2012:10:32:40 -0400] "GET /users/predictor.json?in_progress=true&user_id=133 HTTP/1.1" 304 885 "https://www.gradecraft.com/" "Mozilla/5.0 (Macintosh; Intel Mac OS X 10.7; rv:16.0) Gecko/20100101 Firefox/16.0"
165.123.84.75 - anamoura@sas.upenn.edu [24/Oct/2012:10:32:43 -0400] "GET /assignments/13/grades/self_log?gradeable_id=14&gradeable_type=User HTTP/1.1" 200 2676 "https://www.gradecraft.com/dashboard" "Mozilla/5.0 (Macintosh; Intel Mac OS X 10_8_2) AppleWebKit/537.4 (KHTML, like Gecko) Chrome/22.0.1229.94 Safari/537.4"
165.123.84.75 - anamoura@sas.upenn.edu [24/Oct/2012:10:32:43 -0400] "GET /assets/stylesheets/superhero.min.css HTTP/1.1" 404 1044 "https://www.gradecraft.com/assignments/13/grades/self_log?gradeable_id=14&gradeable_type=User" "Mozilla/5.0 (Macintosh; Intel Mac OS X 10_8_2) AppleWebKit/537.4 (KHTML, like Gecko) Chrome/22.0.1229.94 Safari/537.4"
165.123.84.134 - - [24/Oct/2012:10:32:45 -0400] "GET /cosign/valid?cosign-www.gradecraft.com=lHgN4Qyhxi7+wkE6bqIXC1zxQ6l6DqwNFDX83TMfsesOHD4IvSnmz3iSHPlkioHHJh10NhFwEmS1S2WZP1uJA-Bdr1DVBAQfZrP89xNExY39sDpBInYvn0PqoWeH&https://www.gradecraft.com/dashboard HTTP/1.1" 301 900 "https://weblogin.umich.edu/?cosign-www.gradecraft.com&https://www.gradecraft.com/dashboard" "Mozilla/5.0 (Macintosh; Intel Mac OS X 10_8_2) AppleWebKit/536.26.14 (KHTML, like Gecko) Version/6.0.1 Safari/536.26.14"
165.123.84.134 - evanro@wharton.upenn.edu [24/Oct/2012:10:32:45 -0400] "GET /dashboard HTTP/1.1" 302 1348 "https://weblogin.umich.edu/?cosign-www.gradecraft.com&https://www.gradecraft.com/dashboard" "Mozilla/5.0 (Macintosh; Intel Mac OS X 10_8_2) AppleWebKit/536.26.14 (KHTML, like Gecko) Version/6.0.1 Safari/536.26.14"
165.123.84.134 - evanro@wharton.upenn.edu [24/Oct/2012:10:32:45 -0400] "GET /dashboard HTTP/1.1" 200 4308 "https://weblogin.umich.edu/?cosign-www.gradecraft.com&https://www.gradecraft.com/dashboard" "Mozilla/5.0 (Macintosh; Intel Mac OS X 10_8_2) AppleWebKit/536.26.14 (KHTML, like Gecko) Version/6.0.1 Safari/536.26.14"
165.123.84.134 - evanro@wharton.upenn.edu [24/Oct/2012:10:32:46 -0400] "GET /assets/stylesheets/superhero.min.css HTTP/1.1" 404 1205 "https://www.gradecraft.com/dashboard" "Mozilla/5.0 (Macintosh; Intel Mac OS X 10_8_2) AppleWebKit/536.26.14 (KHTML, like Gecko) Version/6.0.1 Safari/536.26.14"
165.123.84.134 - evanro@wharton.upenn.edu [24/Oct/2012:10:32:46 -0400] "GET /assets/application-75efbcdd2e483708b1922621823d8e20.css HTTP/1.1" 200 47326 "https://www.gradecraft.com/dashboard" "Mozilla/5.0 (Macintosh; Intel Mac OS X 10_8_2) AppleWebKit/536.26.14 (KHTML, like Gecko) Version/6.0.1 Safari/536.26.14"
165.123.84.134 - evanro@wharton.upenn.edu [24/Oct/2012:10:32:46 -0400] "GET /assets/application-8ce02592fd93cf8f056fcba13d4bd5fc.js HTTP/1.1" 200 201800 "https://www.gradecraft.com/dashboard" "Mozilla/5.0 (Macintosh; Intel Mac OS X 10_8_2) AppleWebKit/536.26.14 (KHTML, like Gecko) Version/6.0.1 Safari/536.26.14"
165.123.84.75 - anamoura@sas.upenn.edu [24/Oct/2012:10:32:46 -0400] "POST /assignments/13/grades/self_log_create HTTP/1.1" 302 1652 "https://www.gradecraft.com/assignments/13/grades/self_log?gradeable_id=14&gradeable_type=User" "Mozilla/5.0 (Macintosh; Intel Mac OS X 10_8_2) AppleWebKit/537.4 (KHTML, like Gecko) Chrome/22.0.1229.94 Safari/537.4"
165.123.84.134 - evanro@wharton.upenn.edu [24/Oct/2012:10:32:46 -0400] "GET /badges/wharton/image01.png HTTP/1.1" 200 6842 "https://www.gradecraft.com/dashboard" "Mozilla/5.0 (Macintosh; Intel Mac OS X 10_8_2) AppleWebKit/536.26.14 (KHTML, like Gecko) Version/6.0.1 Safari/536.26.14"
165.123.84.134 - evanro@wharton.upenn.edu [24/Oct/2012:10:32:46 -0400] "GET /badges/wharton/image05.png HTTP/1.1" 200 7866 "https://www.gradecraft.com/dashboard" "Mozilla/5.0 (Macintosh; Intel Mac OS X 10_8_2) AppleWebKit/536.26.14 (KHTML, like Gecko) Version/6.0.1 Safari/536.26.14"
165.123.84.134 - evanro@wharton.upenn.edu [24/Oct/2012:10:32:46 -0400] "GET /badges/wharton/image02.png HTTP/1.1" 200 9899 "https://www.gradecraft.com/dashboard" "Mozilla/5.0 (Macintosh; Intel Mac OS X 10_8_2) AppleWebKit/536.26.14 (KHTML, like Gecko) Version/6.0.1 Safari/536.26.14"
165.123.84.134 - evanro@wharton.upenn.edu [24/Oct/2012:10:32:46 -0400] "GET /badges/wharton/image04.png HTTP/1.1" 200 7835 "https://www.gradecraft.com/dashboard" "Mozilla/5.0 (Macintosh; Intel Mac OS X 10_8_2) AppleWebKit/536.26.14 (KHTML, like Gecko) Version/6.0.1 Safari/536.26.14"
165.123.84.134 - evanro@wharton.upenn.edu [24/Oct/2012:10:32:46 -0400] "GET /badges/wharton/image03.png HTTP/1.1" 200 10843 "https://www.gradecraft.com/dashboard" "Mozilla/5.0 (Macintosh; Intel Mac OS X 10_8_2) AppleWebKit/536.26.14 (KHTML, like Gecko) Version/6.0.1 Safari/536.26.14"
165.123.84.134 - evanro@wharton.upenn.edu [24/Oct/2012:10:32:46 -0400] "GET /badges/wharton/image06.png HTTP/1.1" 200 8042 "https://www.gradecraft.com/dashboard" "Mozilla/5.0 (Macintosh; Intel Mac OS X 10_8_2) AppleWebKit/536.26.14 (KHTML, like Gecko) Version/6.0.1 Safari/536.26.14"
165.123.84.134 - evanro@wharton.upenn.edu [24/Oct/2012:10:32:46 -0400] "GET /badges/wharton/image07.png HTTP/1.1" 200 7946 "https://www.gradecraft.com/dashboard" "Mozilla/5.0 (Macintosh; Intel Mac OS X 10_8_2) AppleWebKit/536.26.14 (KHTML, like Gecko) Version/6.0.1 Safari/536.26.14"
165.123.84.134 - evanro@wharton.upenn.edu [24/Oct/2012:10:32:46 -0400] "GET /badges/wharton/image08.png HTTP/1.1" 200 11146 "https://www.gradecraft.com/dashboard" "Mozilla/5.0 (Macintosh; Intel Mac OS X 10_8_2) AppleWebKit/536.26.14 (KHTML, like Gecko) Version/6.0.1 Safari/536.26.14"
165.123.84.134 - evanro@wharton.upenn.edu [24/Oct/2012:10:32:46 -0400] "GET /badges/wharton/image09.png HTTP/1.1" 200 11818 "https://www.gradecraft.com/dashboard" "Mozilla/5.0 (Macintosh; Intel Mac OS X 10_8_2) AppleWebKit/536.26.14 (KHTML, like Gecko) Version/6.0.1 Safari/536.26.14"
165.123.84.134 - evanro@wharton.upenn.edu [24/Oct/2012:10:32:46 -0400] "GET /badges/wharton/image00.png HTTP/1.1" 200 8362 "https://www.gradecraft.com/dashboard" "Mozilla/5.0 (Macintosh; Intel Mac OS X 10_8_2) AppleWebKit/536.26.14 (KHTML, like Gecko) Version/6.0.1 Safari/536.26.14"
165.123.84.134 - evanro@wharton.upenn.edu [24/Oct/2012:10:32:46 -0400] "GET /badges/wharton/Game-Master-Badge.png HTTP/1.1" 200 11946 "https://www.gradecraft.com/dashboard" "Mozilla/5.0 (Macintosh; Intel Mac OS X 10_8_2) AppleWebKit/536.26.14 (KHTML, like Gecko) Version/6.0.1 Safari/536.26.14"
165.123.84.134 - evanro@wharton.upenn.edu [24/Oct/2012:10:32:46 -0400] "GET /badges/wharton/Corporate-Lackey-Badge.png HTTP/1.1" 200 9914 "https://www.gradecraft.com/dashboard" "Mozilla/5.0 (Macintosh; Intel Mac OS X 10_8_2) AppleWebKit/536.26.14 (KHTML, like Gecko) Version/6.0.1 Safari/536.26.14"
165.123.84.134 - evanro@wharton.upenn.edu [24/Oct/2012:10:32:46 -0400] "GET /badges/wharton/Globe-Trotter-Badge.png HTTP/1.1" 200 10490 "https://www.gradecraft.com/dashboard" "Mozilla/5.0 (Macintosh; Intel Mac OS X 10_8_2) AppleWebKit/536.26.14 (KHTML, like Gecko) Version/6.0.1 Safari/536.26.14"
165.123.84.134 - evanro@wharton.upenn.edu [24/Oct/2012:10:32:46 -0400] "GET /users/predictor.json?user_id=22 HTTP/1.1" 200 1690 "https://www.gradecraft.com/dashboard" "Mozilla/5.0 (Macintosh; Intel Mac OS X 10_8_2) AppleWebKit/536.26.14 (KHTML, like Gecko) Version/6.0.1 Safari/536.26.14"
165.123.84.134 - evanro@wharton.upenn.edu [24/Oct/2012:10:32:46 -0400] "GET /favicon.ico HTTP/1.1" 200 4795 "https://www.gradecraft.com/dashboard" "Mozilla/5.0 (Macintosh; Intel Mac OS X 10_8_2) AppleWebKit/536.26.14 (KHTML, like Gecko) Version/6.0.1 Safari/536.26.14"
165.123.84.75 - anamoura@sas.upenn.edu [24/Oct/2012:10:32:46 -0400] "GET /dashboard HTTP/1.1" 200 4452 "https://www.gradecraft.com/assignments/13/grades/self_log?gradeable_id=14&gradeable_type=User" "Mozilla/5.0 (Macintosh; Intel Mac OS X 10_8_2) AppleWebKit/537.4 (KHTML, like Gecko) Chrome/22.0.1229.94 Safari/537.4"
165.123.84.134 - evanro@wharton.upenn.edu [24/Oct/2012:10:32:46 -0400] "GET /users/predictor.json?in_progress=true&user_id=22 HTTP/1.1" 200 1690 "https://www.gradecraft.com/dashboard" "Mozilla/5.0 (Macintosh; Intel Mac OS X 10_8_2) AppleWebKit/536.26.14 (KHTML, like Gecko) Version/6.0.1 Safari/536.26.14"
165.123.84.75 - anamoura@sas.upenn.edu [24/Oct/2012:10:32:47 -0400] "GET /assets/stylesheets/superhero.min.css HTTP/1.1" 404 1044 "https://www.gradecraft.com/dashboard" "Mozilla/5.0 (Macintosh; Intel Mac OS X 10_8_2) AppleWebKit/537.4 (KHTML, like Gecko) Chrome/22.0.1229.94 Safari/537.4"
165.123.84.75 - anamoura@sas.upenn.edu [24/Oct/2012:10:32:47 -0400] "GET /users/predictor.json?user_id=14 HTTP/1.1" 304 1030 "https://www.gradecraft.com/dashboard" "Mozilla/5.0 (Macintosh; Intel Mac OS X 10_8_2) AppleWebKit/537.4 (KHTML, like Gecko) Chrome/22.0.1229.94 Safari/537.4"
165.123.84.75 - anamoura@sas.upenn.edu [24/Oct/2012:10:32:47 -0400] "GET /users/predictor.json?in_progress=true&user_id=14 HTTP/1.1" 304 885 "https://www.gradecraft.com/dashboard" "Mozilla/5.0 (Macintosh; Intel Mac OS X 10_8_2) AppleWebKit/537.4 (KHTML, like Gecko) Chrome/22.0.1229.94 Safari/537.4"
165.123.86.152 - hweiss@wharton.upenn.edu [24/Oct/2012:10:32:50 -0400] "POST /assignments/13/grades/self_log_create HTTP/1.1" 302 1781 "https://www.gradecraft.com/assignments/13/grades/self_log?gradeable_id=36&gradeable_type=User" "Mozilla/5.0 (iPad; CPU OS 5_1_1 like Mac OS X) AppleWebKit/534.46 (KHTML, like Gecko) Version/5.1 Mobile/9B206 Safari/7534.48.3"
165.123.86.152 - hweiss@wharton.upenn.edu [24/Oct/2012:10:32:50 -0400] "GET /dashboard HTTP/1.1" 200 4452 "https://www.gradecraft.com/assignments/13/grades/self_log?gradeable_id=36&gradeable_type=User" "Mozilla/5.0 (iPad; CPU OS 5_1_1 like Mac OS X) AppleWebKit/534.46 (KHTML, like Gecko) Version/5.1 Mobile/9B206 Safari/7534.48.3"
165.123.86.152 - hweiss@wharton.upenn.edu [24/Oct/2012:10:32:52 -0400] "GET /assets/stylesheets/superhero.min.css HTTP/1.1" 404 1044 "https://www.gradecraft.com/dashboard" "Mozilla/5.0 (iPad; CPU OS 5_1_1 like Mac OS X) AppleWebKit/534.46 (KHTML, like Gecko) Version/5.1 Mobile/9B206 Safari/7534.48.3"
165.123.86.152 - hweiss@wharton.upenn.edu [24/Oct/2012:10:32:52 -0400] "GET /users/predictor.json?in_progress=true&user_id=36 HTTP/1.1" 200 1674 "https://www.gradecraft.com/dashboard" "Mozilla/5.0 (iPad; CPU OS 5_1_1 like Mac OS X) AppleWebKit/534.46 (KHTML, like Gecko) Version/5.1 Mobile/9B206 Safari/7534.48.3"
165.123.87.213 - - [24/Oct/2012:10:32:52 -0400] "GET /dashboard HTTP/1.1" 302 3984 "-" "Mozilla/5.0 (X11; CrOS i686 2913.73.0) AppleWebKit/537.11 (KHTML, like Gecko) Chrome/23.0.1271.30 Safari/537.11"
130.91.56.51 - - [24/Oct/2012:10:32:52 -0400] "GET /cosign/valid?cosign-www.gradecraft.com=W3AQa-Aqh30c4qf4nz9-yJ6Mn6LAo0o1gYCt8PLNP2ql+h0uulWQFyrDkaaHFYpVgBLgF9GoR+e+XqDn2rgyNEjRtvvfn1bJuAnOZaVFWf5t2mRNqLMMYBdQb57q&https://www.gradecraft.com/dashboard HTTP/1.1" 301 612 "https://weblogin.umich.edu/?cosign-www.gradecraft.com&https://www.gradecraft.com/dashboard" "Mozilla/5.0 (Macintosh; Intel Mac OS X 10_5_8) AppleWebKit/536.11 (KHTML, like Gecko) Chrome/20.0.1132.47 Safari/536.11"
165.123.86.152 - hweiss@wharton.upenn.edu [24/Oct/2012:10:32:52 -0400] "GET /users/predictor.json?user_id=36 HTTP/1.1" 200 1819 "https://www.gradecraft.com/dashboard" "Mozilla/5.0 (iPad; CPU OS 5_1_1 like Mac OS X) AppleWebKit/534.46 (KHTML, like Gecko) Version/5.1 Mobile/9B206 Safari/7534.48.3"
130.91.56.51 - mshind@wharton.upenn.edu [24/Oct/2012:10:32:52 -0400] "GET /dashboard HTTP/1.1" 302 916 "https://weblogin.umich.edu/?cosign-www.gradecraft.com&https://www.gradecraft.com/dashboard" "Mozilla/5.0 (Macintosh; Intel Mac OS X 10_5_8) AppleWebKit/536.11 (KHTML, like Gecko) Chrome/20.0.1132.47 Safari/536.11"
130.91.56.51 - mshind@wharton.upenn.edu [24/Oct/2012:10:32:52 -0400] "GET /dashboard HTTP/1.1" 200 3508 "https://weblogin.umich.edu/?cosign-www.gradecraft.com&https://www.gradecraft.com/dashboard" "Mozilla/5.0 (Macintosh; Intel Mac OS X 10_5_8) AppleWebKit/536.11 (KHTML, like Gecko) Chrome/20.0.1132.47 Safari/536.11"
130.91.56.51 - mshind@wharton.upenn.edu [24/Oct/2012:10:32:53 -0400] "GET /assets/application-75efbcdd2e483708b1922621823d8e20.css HTTP/1.1" 200 46717 "https://www.gradecraft.com/dashboard" "Mozilla/5.0 (Macintosh; Intel Mac OS X 10_5_8) AppleWebKit/536.11 (KHTML, like Gecko) Chrome/20.0.1132.47 Safari/536.11"
130.91.56.51 - mshind@wharton.upenn.edu [24/Oct/2012:10:32:53 -0400] "GET /assets/application-8ce02592fd93cf8f056fcba13d4bd5fc.js HTTP/1.1" 304 3441 "https://www.gradecraft.com/dashboard" "Mozilla/5.0 (Macintosh; Intel Mac OS X 10_5_8) AppleWebKit/536.11 (KHTML, like Gecko) Chrome/20.0.1132.47 Safari/536.11"
130.91.56.51 - mshind@wharton.upenn.edu [24/Oct/2012:10:32:53 -0400] "GET /assets/stylesheets/superhero.min.css HTTP/1.1" 404 4192 "https://www.gradecraft.com/dashboard" "Mozilla/5.0 (Macintosh; Intel Mac OS X 10_5_8) AppleWebKit/536.11 (KHTML, like Gecko) Chrome/20.0.1132.47 Safari/536.11"
165.123.86.80 - - [24/Oct/2012:10:32:53 -0400] "GET /cosign/valid?cosign-www.gradecraft.com=dU0CYTw9tyuWoPVV7ZNnldKQhUqvPUNKuQQZoPZvbJa4u0vyPMGlQla4776MtBBap8wtHC0oDKiWVDStz3KggwGMsA4rhcldQHrDQF+r7jNSybZxXCxdOdTa6zC-&https://www.gradecraft.com/dashboard HTTP/1.1" 301 4128 "https://weblogin.umich.edu/?cosign-www.gradecraft.com&https://www.gradecraft.com/dashboard" "Mozilla/5.0 (Macintosh; Intel Mac OS X 10_7_4) AppleWebKit/537.4 (KHTML, like Gecko) Chrome/22.0.1229.94 Safari/537.4"
165.123.86.80 - kaipeng@wharton.upenn.edu [24/Oct/2012:10:32:53 -0400] "GET /dashboard HTTP/1.1" 302 1364 "https://weblogin.umich.edu/?cosign-www.gradecraft.com&https://www.gradecraft.com/dashboard" "Mozilla/5.0 (Macintosh; Intel Mac OS X 10_7_4) AppleWebKit/537.4 (KHTML, like Gecko) Chrome/22.0.1229.94 Safari/537.4"
130.91.56.51 - mshind@wharton.upenn.edu [24/Oct/2012:10:32:54 -0400] "GET /badges/wharton/image01.png HTTP/1.1" 304 69 "https://www.gradecraft.com/dashboard" "Mozilla/5.0 (Macintosh; Intel Mac OS X 10_5_8) AppleWebKit/536.11 (KHTML, like Gecko) Chrome/20.0.1132.47 Safari/536.11"
130.91.56.51 - mshind@wharton.upenn.edu [24/Oct/2012:10:32:54 -0400] "GET /badges/wharton/image02.png HTTP/1.1" 304 3425 "https://www.gradecraft.com/dashboard" "Mozilla/5.0 (Macintosh; Intel Mac OS X 10_5_8) AppleWebKit/536.11 (KHTML, like Gecko) Chrome/20.0.1132.47 Safari/536.11"
130.91.56.51 - mshind@wharton.upenn.edu [24/Oct/2012:10:32:54 -0400] "GET /badges/wharton/image03.png HTTP/1.1" 304 3425 "https://www.gradecraft.com/dashboard" "Mozilla/5.0 (Macintosh; Intel Mac OS X 10_5_8) AppleWebKit/536.11 (KHTML, like Gecko) Chrome/20.0.1132.47 Safari/536.11"
130.91.56.51 - mshind@wharton.upenn.edu [24/Oct/2012:10:32:54 -0400] "GET /badges/wharton/image04.png HTTP/1.1" 304 53 "https://www.gradecraft.com/dashboard" "Mozilla/5.0 (Macintosh; Intel Mac OS X 10_5_8) AppleWebKit/536.11 (KHTML, like Gecko) Chrome/20.0.1132.47 Safari/536.11"
130.91.56.51 - mshind@wharton.upenn.edu [24/Oct/2012:10:32:54 -0400] "GET /badges/wharton/image05.png HTTP/1.1" 304 53 "https://www.gradecraft.com/dashboard" "Mozilla/5.0 (Macintosh; Intel Mac OS X 10_5_8) AppleWebKit/536.11 (KHTML, like Gecko) Chrome/20.0.1132.47 Safari/536.11"
130.91.56.51 - mshind@wharton.upenn.edu [24/Oct/2012:10:32:54 -0400] "GET /badges/wharton/image06.png HTTP/1.1" 304 53 "https://www.gradecraft.com/dashboard" "Mozilla/5.0 (Macintosh; Intel Mac OS X 10_5_8) AppleWebKit/536.11 (KHTML, like Gecko) Chrome/20.0.1132.47 Safari/536.11"
130.91.56.51 - mshind@wharton.upenn.edu [24/Oct/2012:10:32:54 -0400] "GET /badges/wharton/image09.png HTTP/1.1" 304 53 "https://www.gradecraft.com/dashboard" "Mozilla/5.0 (Macintosh; Intel Mac OS X 10_5_8) AppleWebKit/536.11 (KHTML, like Gecko) Chrome/20.0.1132.47 Safari/536.11"
130.91.56.51 - mshind@wharton.upenn.edu [24/Oct/2012:10:32:54 -0400] "GET /badges/wharton/Game-Master-Badge.png HTTP/1.1" 304 53 "https://www.gradecraft.com/dashboard" "Mozilla/5.0 (Macintosh; Intel Mac OS X 10_5_8) AppleWebKit/536.11 (KHTML, like Gecko) Chrome/20.0.1132.47 Safari/536.11"
130.91.56.51 - mshind@wharton.upenn.edu [24/Oct/2012:10:32:54 -0400] "GET /badges/wharton/Corporate-Lackey-Badge.png HTTP/1.1" 304 53 "https://www.gradecraft.com/dashboard" "Mozilla/5.0 (Macintosh; Intel Mac OS X 10_5_8) AppleWebKit/536.11 (KHTML, like Gecko) Chrome/20.0.1132.47 Safari/536.11"
130.91.56.51 - mshind@wharton.upenn.edu [24/Oct/2012:10:32:54 -0400] "GET /badges/wharton/Globe-Trotter-Badge.png HTTP/1.1" 304 53 "https://www.gradecraft.com/dashboard" "Mozilla/5.0 (Macintosh; Intel Mac OS X 10_5_8) AppleWebKit/536.11 (KHTML, like Gecko) Chrome/20.0.1132.47 Safari/536.11"
130.91.56.51 - mshind@wharton.upenn.edu [24/Oct/2012:10:32:54 -0400] "GET /badges/wharton/image07.png HTTP/1.1" 304 342 "https://www.gradecraft.com/dashboard" "Mozilla/5.0 (Macintosh; Intel Mac OS X 10_5_8) AppleWebKit/536.11 (KHTML, like Gecko) Chrome/20.0.1132.47 Safari/536.11"
130.91.56.51 - mshind@wharton.upenn.edu [24/Oct/2012:10:32:54 -0400] "GET /badges/wharton/image08.png HTTP/1.1" 304 53 "https://www.gradecraft.com/dashboard" "Mozilla/5.0 (Macintosh; Intel Mac OS X 10_5_8) AppleWebKit/536.11 (KHTML, like Gecko) Chrome/20.0.1132.47 Safari/536.11"
130.91.56.51 - mshind@wharton.upenn.edu [24/Oct/2012:10:32:54 -0400] "GET /badges/wharton/image00.png HTTP/1.1" 304 53 "https://www.gradecraft.com/dashboard" "Mozilla/5.0 (Macintosh; Intel Mac OS X 10_5_8) AppleWebKit/536.11 (KHTML, like Gecko) Chrome/20.0.1132.47 Safari/536.11"
130.91.56.51 - mshind@wharton.upenn.edu [24/Oct/2012:10:32:54 -0400] "GET /users/predictor.json?user_id=28 HTTP/1.1" 304 597 "https://www.gradecraft.com/dashboard" "Mozilla/5.0 (Macintosh; Intel Mac OS X 10_5_8) AppleWebKit/536.11 (KHTML, like Gecko) Chrome/20.0.1132.47 Safari/536.11"
165.123.86.80 - kaipeng@wharton.upenn.edu [24/Oct/2012:10:32:53 -0400] "GET /dashboard HTTP/1.1" 200 4308 "https://weblogin.umich.edu/?cosign-www.gradecraft.com&https://www.gradecraft.com/dashboard" "Mozilla/5.0 (Macintosh; Intel Mac OS X 10_7_4) AppleWebKit/537.4 (KHTML, like Gecko) Chrome/22.0.1229.94 Safari/537.4"
130.91.56.51 - mshind@wharton.upenn.edu [24/Oct/2012:10:32:54 -0400] "GET /users/predictor.json?in_progress=true&user_id=28 HTTP/1.1" 304 693 "https://www.gradecraft.com/dashboard" "Mozilla/5.0 (Macintosh; Intel Mac OS X 10_5_8) AppleWebKit/536.11 (KHTML, like Gecko) Chrome/20.0.1132.47 Safari/536.11"
165.123.86.80 - kaipeng@wharton.upenn.edu [24/Oct/2012:10:32:54 -0400] "GET /assets/application-75efbcdd2e483708b1922621823d8e20.css HTTP/1.1" 200 47181 "https://www.gradecraft.com/dashboard" "Mozilla/5.0 (Macintosh; Intel Mac OS X 10_7_4) AppleWebKit/537.4 (KHTML, like Gecko) Chrome/22.0.1229.94 Safari/537.4"
165.123.86.80 - kaipeng@wharton.upenn.edu [24/Oct/2012:10:32:54 -0400] "GET /assets/stylesheets/superhero.min.css HTTP/1.1" 404 1205 "https://www.gradecraft.com/dashboard" "Mozilla/5.0 (Macintosh; Intel Mac OS X 10_7_4) AppleWebKit/537.4 (KHTML, like Gecko) Chrome/22.0.1229.94 Safari/537.4"
165.123.86.80 - kaipeng@wharton.upenn.edu [24/Oct/2012:10:32:54 -0400] "GET /assets/application-8ce02592fd93cf8f056fcba13d4bd5fc.js HTTP/1.1" 200 201945 "https://www.gradecraft.com/dashboard" "Mozilla/5.0 (Macintosh; Intel Mac OS X 10_7_4) AppleWebKit/537.4 (KHTML, like Gecko) Chrome/22.0.1229.94 Safari/537.4"
165.123.86.80 - kaipeng@wharton.upenn.edu [24/Oct/2012:10:32:55 -0400] "GET /badges/wharton/image01.png HTTP/1.1" 200 6842 "https://www.gradecraft.com/dashboard" "Mozilla/5.0 (Macintosh; Intel Mac OS X 10_7_4) AppleWebKit/537.4 (KHTML, like Gecko) Chrome/22.0.1229.94 Safari/537.4"
165.123.86.80 - kaipeng@wharton.upenn.edu [24/Oct/2012:10:32:55 -0400] "GET /badges/wharton/image03.png HTTP/1.1" 200 10698 "https://www.gradecraft.com/dashboard" "Mozilla/5.0 (Macintosh; Intel Mac OS X 10_7_4) AppleWebKit/537.4 (KHTML, like Gecko) Chrome/22.0.1229.94 Safari/537.4"
165.123.86.80 - kaipeng@wharton.upenn.edu [24/Oct/2012:10:32:55 -0400] "GET /badges/wharton/image02.png HTTP/1.1" 200 9899 "https://www.gradecraft.com/dashboard" "Mozilla/5.0 (Macintosh; Intel Mac OS X 10_7_4) AppleWebKit/537.4 (KHTML, like Gecko) Chrome/22.0.1229.94 Safari/537.4"
165.123.86.80 - kaipeng@wharton.upenn.edu [24/Oct/2012:10:32:55 -0400] "GET /badges/wharton/image05.png HTTP/1.1" 200 8011 "https://www.gradecraft.com/dashboard" "Mozilla/5.0 (Macintosh; Intel Mac OS X 10_7_4) AppleWebKit/537.4 (KHTML, like Gecko) Chrome/22.0.1229.94 Safari/537.4"
165.123.86.80 - kaipeng@wharton.upenn.edu [24/Oct/2012:10:32:55 -0400] "GET /badges/wharton/image04.png HTTP/1.1" 200 7835 "https://www.gradecraft.com/dashboard" "Mozilla/5.0 (Macintosh; Intel Mac OS X 10_7_4) AppleWebKit/537.4 (KHTML, like Gecko) Chrome/22.0.1229.94 Safari/537.4"
165.123.86.80 - kaipeng@wharton.upenn.edu [24/Oct/2012:10:32:55 -0400] "GET /badges/wharton/image06.png HTTP/1.1" 200 8042 "https://www.gradecraft.com/dashboard" "Mozilla/5.0 (Macintosh; Intel Mac OS X 10_7_4) AppleWebKit/537.4 (KHTML, like Gecko) Chrome/22.0.1229.94 Safari/537.4"
165.123.86.80 - kaipeng@wharton.upenn.edu [24/Oct/2012:10:32:55 -0400] "GET /badges/wharton/image07.png HTTP/1.1" 200 7946 "https://www.gradecraft.com/dashboard" "Mozilla/5.0 (Macintosh; Intel Mac OS X 10_7_4) AppleWebKit/537.4 (KHTML, like Gecko) Chrome/22.0.1229.94 Safari/537.4"
165.123.86.80 - kaipeng@wharton.upenn.edu [24/Oct/2012:10:32:55 -0400] "GET /badges/wharton/image08.png HTTP/1.1" 200 11146 "https://www.gradecraft.com/dashboard" "Mozilla/5.0 (Macintosh; Intel Mac OS X 10_7_4) AppleWebKit/537.4 (KHTML, like Gecko) Chrome/22.0.1229.94 Safari/537.4"
165.123.86.80 - kaipeng@wharton.upenn.edu [24/Oct/2012:10:32:55 -0400] "GET /badges/wharton/image09.png HTTP/1.1" 200 11818 "https://www.gradecraft.com/dashboard" "Mozilla/5.0 (Macintosh; Intel Mac OS X 10_7_4) AppleWebKit/537.4 (KHTML, like Gecko) Chrome/22.0.1229.94 Safari/537.4"
165.123.86.80 - kaipeng@wharton.upenn.edu [24/Oct/2012:10:32:55 -0400] "GET /badges/wharton/image00.png HTTP/1.1" 200 8362 "https://www.gradecraft.com/dashboard" "Mozilla/5.0 (Macintosh; Intel Mac OS X 10_7_4) AppleWebKit/537.4 (KHTML, like Gecko) Chrome/22.0.1229.94 Safari/537.4"
165.123.86.80 - kaipeng@wharton.upenn.edu [24/Oct/2012:10:32:55 -0400] "GET /badges/wharton/Game-Master-Badge.png HTTP/1.1" 200 11946 "https://www.gradecraft.com/dashboard" "Mozilla/5.0 (Macintosh; Intel Mac OS X 10_7_4) AppleWebKit/537.4 (KHTML, like Gecko) Chrome/22.0.1229.94 Safari/537.4"
165.123.86.80 - kaipeng@wharton.upenn.edu [24/Oct/2012:10:32:55 -0400] "GET /badges/wharton/Corporate-Lackey-Badge.png HTTP/1.1" 200 9914 "https://www.gradecraft.com/dashboard" "Mozilla/5.0 (Macintosh; Intel Mac OS X 10_7_4) AppleWebKit/537.4 (KHTML, like Gecko) Chrome/22.0.1229.94 Safari/537.4"
165.123.86.80 - kaipeng@wharton.upenn.edu [24/Oct/2012:10:32:55 -0400] "GET /badges/wharton/Globe-Trotter-Badge.png HTTP/1.1" 200 10490 "https://www.gradecraft.com/dashboard" "Mozilla/5.0 (Macintosh; Intel Mac OS X 10_7_4) AppleWebKit/537.4 (KHTML, like Gecko) Chrome/22.0.1229.94 Safari/537.4"
165.123.86.80 - kaipeng@wharton.upenn.edu [24/Oct/2012:10:32:55 -0400] "GET /users/predictor.json?user_id=18 HTTP/1.1" 200 1690 "https://www.gradecraft.com/dashboard" "Mozilla/5.0 (Macintosh; Intel Mac OS X 10_7_4) AppleWebKit/537.4 (KHTML, like Gecko) Chrome/22.0.1229.94 Safari/537.4"
165.123.86.80 - kaipeng@wharton.upenn.edu [24/Oct/2012:10:32:55 -0400] "GET /users/predictor.json?in_progress=true&user_id=18 HTTP/1.1" 200 1690 "https://www.gradecraft.com/dashboard" "Mozilla/5.0 (Macintosh; Intel Mac OS X 10_7_4) AppleWebKit/537.4 (KHTML, like Gecko) Chrome/22.0.1229.94 Safari/537.4"
165.123.86.80 - kaipeng@wharton.upenn.edu [24/Oct/2012:10:32:56 -0400] "GET /favicon.ico HTTP/1.1" 200 4650 "-" "Mozilla/5.0 (Macintosh; Intel Mac OS X 10_7_4) AppleWebKit/537.4 (KHTML, like Gecko) Chrome/22.0.1229.94 Safari/537.4"
165.123.87.157 - yanfengo@wharton.upenn.edu [24/Oct/2012:10:32:58 -0400] "GET /assignments/13/grades/self_log?gradeable_id=16&gradeable_type=User HTTP/1.1" 200 2805 "https://www.gradecraft.com/" "Mozilla/5.0 (Windows NT 6.1; WOW64) AppleWebKit/537.4 (KHTML, like Gecko) Chrome/22.0.1229.94 Safari/537.4"
