141.213.168.32 - cholma [23/Oct/2012:09:41:20 -0400] "GET /users/6 HTTP/1.1" 500 4061 "https://www.gradecraft.com/" "Mozilla/5.0 (Macintosh; Intel Mac OS X 10_7_5) AppleWebKit/537.4 (KHTML, like Gecko) Chrome/22.0.1229.94 Safari/537.4"
141.213.168.32 - cholma [23/Oct/2012:09:42:27 -0400] "GET /users/6 HTTP/1.1" 500 4256 "https://www.gradecraft.com/" "Mozilla/5.0 (Macintosh; Intel Mac OS X 10_7_5) AppleWebKit/537.4 (KHTML, like Gecko) Chrome/22.0.1229.94 Safari/537.4"
208.75.21.122 - - [23/Oct/2012:09:42:33 -0400] "GET /dashboard HTTP/1.1" 302 3254 "-" "Mozilla/5.0 (Macintosh; U; Intel Mac OS X 10_6_6; en-us) AppleWebKit/533.19.4 (KHTML, like Gecko) Version/5.0.3 Safari/533.19.4"
141.211.154.28 - mmanty [23/Oct/2012:09:42:33 -0400] "GET /users/students HTTP/1.1" 500 1173 "https://www.gradecraft.com/assignments/74/grades/mass_edit" "Mozilla/5.0 (Macintosh; Intel Mac OS X 10.6; rv:16.0) Gecko/20100101 Firefox/16.0"
141.213.168.32 - cholma [23/Oct/2012:09:43:13 -0400] "GET /users/6 HTTP/1.1" 500 1173 "https://www.gradecraft.com/" "Mozilla/5.0 (Macintosh; Intel Mac OS X 10_7_5) AppleWebKit/537.4 (KHTML, like Gecko) Chrome/22.0.1229.94 Safari/537.4"
141.213.168.32 - cholma [23/Oct/2012:09:44:05 -0400] "GET /users/6 HTTP/1.1" 500 1173 "https://www.gradecraft.com/" "Mozilla/5.0 (Macintosh; Intel Mac OS X 10_7_5) AppleWebKit/537.4 (KHTML, like Gecko) Chrome/22.0.1229.94 Safari/537.4"
67.194.6.86 - - [23/Oct/2012:09:44:24 -0400] "GET / HTTP/1.1" 302 3984 "-" "Mozilla/5.0 (X11; Linux x86_64; rv:15.0) Gecko/20100101 Firefox/15.0.1"
67.194.6.86 - - [23/Oct/2012:09:44:25 -0400] "GET /cosign/valid?cosign-www.gradecraft.com=79+8XOhBV-fWKCStflAimc3gx1OZtEiKz2NDgvJ36pFFzzrbzbBkSwaNX2mzQYTuFRJiy0sTZus+DmBBHKuLsQWKDGayvfuhG2OnKqAZzZX2MSUBtC2sU2gK6JvT&https://www.gradecraft.com/ HTTP/1.1" 301 868 "-" "Mozilla/5.0 (X11; Linux x86_64; rv:15.0) Gecko/20100101 Firefox/15.0.1"
67.194.6.86 - justwill [23/Oct/2012:09:44:25 -0400] "GET / HTTP/1.1" 302 1348 "-" "Mozilla/5.0 (X11; Linux x86_64; rv:15.0) Gecko/20100101 Firefox/15.0.1"
67.194.6.86 - justwill [23/Oct/2012:09:44:25 -0400] "GET /dashboard HTTP/1.1" 200 4404 "-" "Mozilla/5.0 (X11; Linux x86_64; rv:15.0) Gecko/20100101 Firefox/15.0.1"
67.194.6.86 - justwill [23/Oct/2012:09:44:27 -0400] "GET /assets/application-75efbcdd2e483708b1922621823d8e20.css HTTP/1.1" 304 245 "https://www.gradecraft.com/dashboard" "Mozilla/5.0 (X11; Linux x86_64; rv:15.0) Gecko/20100101 Firefox/15.0.1"
67.194.6.86 - justwill [23/Oct/2012:09:44:27 -0400] "GET /assets/application-8ce02592fd93cf8f056fcba13d4bd5fc.js HTTP/1.1" 304 245 "https://www.gradecraft.com/dashboard" "Mozilla/5.0 (X11; Linux x86_64; rv:15.0) Gecko/20100101 Firefox/15.0.1"
67.194.6.86 - justwill [23/Oct/2012:09:44:41 -0400] "GET /users/students HTTP/1.1" 200 21086 "https://www.gradecraft.com/dashboard" "Mozilla/5.0 (X11; Linux x86_64; rv:15.0) Gecko/20100101 Firefox/15.0.1"
67.194.6.86 - justwill [23/Oct/2012:09:45:11 -0400] "GET /badges/pos101/early_bird_special.png HTTP/1.1" 304 229 "https://www.gradecraft.com/users/students" "Mozilla/5.0 (X11; Linux x86_64; rv:15.0) Gecko/20100101 Firefox/15.0.1"
67.194.6.86 - justwill [23/Oct/2012:09:45:11 -0400] "GET /badges/pos101/personal.png HTTP/1.1" 304 229 "https://www.gradecraft.com/users/students" "Mozilla/5.0 (X11; Linux x86_64; rv:15.0) Gecko/20100101 Firefox/15.0.1"
67.194.6.86 - justwill [23/Oct/2012:09:45:13 -0400] "GET /badges/pos101/level_one.png HTTP/1.1" 304 374 "https://www.gradecraft.com/users/students" "Mozilla/5.0 (X11; Linux x86_64; rv:15.0) Gecko/20100101 Firefox/15.0.1"
67.194.6.86 - justwill [23/Oct/2012:09:45:16 -0400] "GET /badges/pos101/examination_expert.png HTTP/1.1" 304 229 "https://www.gradecraft.com/users/students" "Mozilla/5.0 (X11; Linux x86_64; rv:15.0) Gecko/20100101 Firefox/15.0.1"
67.194.6.86 - justwill [23/Oct/2012:09:45:16 -0400] "GET /badges/pos101/practice_makes_perfect.png HTTP/1.1" 304 374 "https://www.gradecraft.com/users/students" "Mozilla/5.0 (X11; Linux x86_64; rv:15.0) Gecko/20100101 Firefox/15.0.1"
67.194.6.86 - justwill [23/Oct/2012:09:45:16 -0400] "GET /badges/pos101/public_speaker.png HTTP/1.1" 304 374 "https://www.gradecraft.com/users/students" "Mozilla/5.0 (X11; Linux x86_64; rv:15.0) Gecko/20100101 Firefox/15.0.1"
67.194.6.86 - justwill [23/Oct/2012:09:45:16 -0400] "GET /badges/pos101/presentation_of_self.png HTTP/1.1" 304 229 "https://www.gradecraft.com/users/students" "Mozilla/5.0 (X11; Linux x86_64; rv:15.0) Gecko/20100101 Firefox/15.0.1"
67.194.6.86 - justwill [23/Oct/2012:09:45:16 -0400] "GET /badges/pos101/gamer.png HTTP/1.1" 304 374 "https://www.gradecraft.com/users/students" "Mozilla/5.0 (X11; Linux x86_64; rv:15.0) Gecko/20100101 Firefox/15.0.1"
67.194.6.86 - justwill [23/Oct/2012:09:45:16 -0400] "GET /badges/pos101/times_immemorial.png HTTP/1.1" 304 374 "https://www.gradecraft.com/users/students" "Mozilla/5.0 (X11; Linux x86_64; rv:15.0) Gecko/20100101 Firefox/15.0.1"
67.194.6.86 - justwill [23/Oct/2012:09:45:16 -0400] "GET /badges/pos101/learning_from_mistakes.png HTTP/1.1" 304 229 "https://www.gradecraft.com/users/students" "Mozilla/5.0 (X11; Linux x86_64; rv:15.0) Gecko/20100101 Firefox/15.0.1"
67.194.6.86 - justwill [23/Oct/2012:09:45:16 -0400] "GET /badges/pos101/phoebe_badge.jpg HTTP/1.1" 304 229 "https://www.gradecraft.com/users/students" "Mozilla/5.0 (X11; Linux x86_64; rv:15.0) Gecko/20100101 Firefox/15.0.1"
67.194.6.86 - justwill [23/Oct/2012:09:45:16 -0400] "GET /badges/pos101/courageous_failure.png HTTP/1.1" 304 229 "https://www.gradecraft.com/users/students" "Mozilla/5.0 (X11; Linux x86_64; rv:15.0) Gecko/20100101 Firefox/15.0.1"
67.194.6.86 - justwill [23/Oct/2012:09:45:16 -0400] "GET /badges/pos101/awesome_aggregator.png HTTP/1.1" 304 229 "https://www.gradecraft.com/users/students" "Mozilla/5.0 (X11; Linux x86_64; rv:15.0) Gecko/20100101 Firefox/15.0.1"
67.194.6.86 - justwill [23/Oct/2012:09:45:21 -0400] "GET /users/304 HTTP/1.1" 500 1028 "https://www.gradecraft.com/users/students" "Mozilla/5.0 (X11; Linux x86_64; rv:15.0) Gecko/20100101 Firefox/15.0.1"
67.194.20.108 - - [23/Oct/2012:09:45:24 -0400] "GET / HTTP/1.1" 302 3254 "-" "Mozilla/5.0 (Macintosh; Intel Mac OS X 10_7_4) AppleWebKit/536.25 (KHTML, like Gecko) Version/6.0 Safari/536.25"
141.213.168.32 - cholma [23/Oct/2012:09:46:39 -0400] "GET /users/6 HTTP/1.1" 500 1173 "https://www.gradecraft.com/" "Mozilla/5.0 (Macintosh; Intel Mac OS X 10_7_5) AppleWebKit/537.4 (KHTML, like Gecko) Chrome/22.0.1229.94 Safari/537.4"
67.194.9.164 - - [23/Oct/2012:09:47:08 -0400] "GET / HTTP/1.1" 302 3984 "-" "Mozilla/5.0 (Macintosh; Intel Mac OS X 10_7_4) AppleWebKit/537.4 (KHTML, like Gecko) Chrome/22.0.1229.94 Safari/537.4"
67.194.9.164 - - [23/Oct/2012:09:47:09 -0400] "GET /cosign/valid?cosign-www.gradecraft.com=e1Y++YL17hui5D0tX3vW-q1yOBTAsG1yoSLos4pZWsdVfAtFMh8yeDFTt2YmXZVl8Vohu3o9DAUklE5OVKhAIz6wzyVXSXqhQaajj9rRS9R+XJpNSAuzEcNaq8YD&https://www.gradecraft.com/ HTTP/1.1" 301 868 "-" "Mozilla/5.0 (Macintosh; Intel Mac OS X 10_7_4) AppleWebKit/537.4 (KHTML, like Gecko) Chrome/22.0.1229.94 Safari/537.4"
67.194.9.164 - scforb [23/Oct/2012:09:47:09 -0400] "GET / HTTP/1.1" 200 5108 "-" "Mozilla/5.0 (Macintosh; Intel Mac OS X 10_7_4) AppleWebKit/537.4 (KHTML, like Gecko) Chrome/22.0.1229.94 Safari/537.4"
67.194.9.164 - scforb [23/Oct/2012:09:47:10 -0400] "GET /assets/application-75efbcdd2e483708b1922621823d8e20.css HTTP/1.1" 304 245 "https://www.gradecraft.com/" "Mozilla/5.0 (Macintosh; Intel Mac OS X 10_7_4) AppleWebKit/537.4 (KHTML, like Gecko) Chrome/22.0.1229.94 Safari/537.4"
67.194.9.164 - scforb [23/Oct/2012:09:47:10 -0400] "GET /assets/application-8ce02592fd93cf8f056fcba13d4bd5fc.js HTTP/1.1" 304 3473 "https://www.gradecraft.com/" "Mozilla/5.0 (Macintosh; Intel Mac OS X 10_7_4) AppleWebKit/537.4 (KHTML, like Gecko) Chrome/22.0.1229.94 Safari/537.4"
67.194.9.164 - scforb [23/Oct/2012:09:47:11 -0400] "GET /users/predictor.json?in_progress=true&user_id=128 HTTP/1.1" 304 869 "https://www.gradecraft.com/" "Mozilla/5.0 (Macintosh; Intel Mac OS X 10_7_4) AppleWebKit/537.4 (KHTML, like Gecko) Chrome/22.0.1229.94 Safari/537.4"
67.194.9.164 - scforb [23/Oct/2012:09:47:11 -0400] "GET /users/predictor.json?user_id=128 HTTP/1.1" 304 869 "https://www.gradecraft.com/" "Mozilla/5.0 (Macintosh; Intel Mac OS X 10_7_4) AppleWebKit/537.4 (KHTML, like Gecko) Chrome/22.0.1229.94 Safari/537.4"
141.213.168.32 - cholma [23/Oct/2012:09:47:27 -0400] "GET /users/6 HTTP/1.1" 200 6181 "https://www.gradecraft.com/" "Mozilla/5.0 (Macintosh; Intel Mac OS X 10_7_5) AppleWebKit/537.4 (KHTML, like Gecko) Chrome/22.0.1229.94 Safari/537.4"
141.213.168.32 - cholma [23/Oct/2012:09:47:30 -0400] "GET /assets/application-75efbcdd2e483708b1922621823d8e20.css HTTP/1.1" 304 245 "https://www.gradecraft.com/users/6" "Mozilla/5.0 (Macintosh; Intel Mac OS X 10_7_5) AppleWebKit/537.4 (KHTML, like Gecko) Chrome/22.0.1229.94 Safari/537.4"
141.213.168.32 - cholma [23/Oct/2012:09:47:30 -0400] "GET /assets/application-8ce02592fd93cf8f056fcba13d4bd5fc.js HTTP/1.1" 304 245 "https://www.gradecraft.com/users/6" "Mozilla/5.0 (Macintosh; Intel Mac OS X 10_7_5) AppleWebKit/537.4 (KHTML, like Gecko) Chrome/22.0.1229.94 Safari/537.4"
141.213.168.32 - cholma [23/Oct/2012:09:47:30 -0400] "GET /badges/pos101/above_and_beyond.png HTTP/1.1" 304 3457 "https://www.gradecraft.com/users/6" "Mozilla/5.0 (Macintosh; Intel Mac OS X 10_7_5) AppleWebKit/537.4 (KHTML, like Gecko) Chrome/22.0.1229.94 Safari/537.4"
141.213.168.32 - cholma [23/Oct/2012:09:47:30 -0400] "GET /badges/pos101/always_learning.png HTTP/1.1" 304 3457 "https://www.gradecraft.com/users/6" "Mozilla/5.0 (Macintosh; Intel Mac OS X 10_7_5) AppleWebKit/537.4 (KHTML, like Gecko) Chrome/22.0.1229.94 Safari/537.4"
141.213.168.32 - cholma [23/Oct/2012:09:47:30 -0400] "GET /badges/pos101/great_critic.png HTTP/1.1" 304 229 "https://www.gradecraft.com/users/6" "Mozilla/5.0 (Macintosh; Intel Mac OS X 10_7_5) AppleWebKit/537.4 (KHTML, like Gecko) Chrome/22.0.1229.94 Safari/537.4"
141.213.168.32 - cholma [23/Oct/2012:09:47:30 -0400] "GET /badges/pos101/awesome_aggregator.png HTTP/1.1" 304 3457 "https://www.gradecraft.com/users/6" "Mozilla/5.0 (Macintosh; Intel Mac OS X 10_7_5) AppleWebKit/537.4 (KHTML, like Gecko) Chrome/22.0.1229.94 Safari/537.4"
141.213.168.32 - cholma [23/Oct/2012:09:47:30 -0400] "GET /badges/pos101/presentation_of_self.png HTTP/1.1" 304 229 "https://www.gradecraft.com/users/6" "Mozilla/5.0 (Macintosh; Intel Mac OS X 10_7_5) AppleWebKit/537.4 (KHTML, like Gecko) Chrome/22.0.1229.94 Safari/537.4"
141.213.168.32 - cholma [23/Oct/2012:09:47:30 -0400] "GET /badges/pos101/teachers_pet.png HTTP/1.1" 304 229 "https://www.gradecraft.com/users/6" "Mozilla/5.0 (Macintosh; Intel Mac OS X 10_7_5) AppleWebKit/537.4 (KHTML, like Gecko) Chrome/22.0.1229.94 Safari/537.4"
141.213.168.32 - cholma [23/Oct/2012:09:47:30 -0400] "GET /badges/pos101/concentrator.png HTTP/1.1" 304 229 "https://www.gradecraft.com/users/6" "Mozilla/5.0 (Macintosh; Intel Mac OS X 10_7_5) AppleWebKit/537.4 (KHTML, like Gecko) Chrome/22.0.1229.94 Safari/537.4"
141.213.168.32 - cholma [23/Oct/2012:09:47:30 -0400] "GET /badges/pos101/courageous_failure.png HTTP/1.1" 304 229 "https://www.gradecraft.com/users/6" "Mozilla/5.0 (Macintosh; Intel Mac OS X 10_7_5) AppleWebKit/537.4 (KHTML, like Gecko) Chrome/22.0.1229.94 Safari/537.4"
141.213.168.32 - cholma [23/Oct/2012:09:47:30 -0400] "GET /badges/pos101/early_bird_special.png HTTP/1.1" 304 229 "https://www.gradecraft.com/users/6" "Mozilla/5.0 (Macintosh; Intel Mac OS X 10_7_5) AppleWebKit/537.4 (KHTML, like Gecko) Chrome/22.0.1229.94 Safari/537.4"
141.213.168.32 - cholma [23/Oct/2012:09:47:30 -0400] "GET /badges/pos101/gaining_experience.png HTTP/1.1" 304 229 "https://www.gradecraft.com/users/6" "Mozilla/5.0 (Macintosh; Intel Mac OS X 10_7_5) AppleWebKit/537.4 (KHTML, like Gecko) Chrome/22.0.1229.94 Safari/537.4"
141.213.168.32 - cholma [23/Oct/2012:09:47:30 -0400] "GET /badges/pos101/examination_expert.png HTTP/1.1" 304 229 "https://www.gradecraft.com/users/6" "Mozilla/5.0 (Macintosh; Intel Mac OS X 10_7_5) AppleWebKit/537.4 (KHTML, like Gecko) Chrome/22.0.1229.94 Safari/537.4"
141.213.168.32 - cholma [23/Oct/2012:09:47:30 -0400] "GET /badges/pos101/gamer.png HTTP/1.1" 304 229 "https://www.gradecraft.com/users/6" "Mozilla/5.0 (Macintosh; Intel Mac OS X 10_7_5) AppleWebKit/537.4 (KHTML, like Gecko) Chrome/22.0.1229.94 Safari/537.4"
141.213.168.32 - cholma [23/Oct/2012:09:47:30 -0400] "GET /badges/pos101/learning_from_mistakes.png HTTP/1.1" 304 229 "https://www.gradecraft.com/users/6" "Mozilla/5.0 (Macintosh; Intel Mac OS X 10_7_5) AppleWebKit/537.4 (KHTML, like Gecko) Chrome/22.0.1229.94 Safari/537.4"
141.213.168.32 - cholma [23/Oct/2012:09:47:30 -0400] "GET /badges/pos101/level_one.png HTTP/1.1" 304 229 "https://www.gradecraft.com/users/6" "Mozilla/5.0 (Macintosh; Intel Mac OS X 10_7_5) AppleWebKit/537.4 (KHTML, like Gecko) Chrome/22.0.1229.94 Safari/537.4"
141.213.168.32 - cholma [23/Oct/2012:09:47:30 -0400] "GET /badges/pos101/personal.png HTTP/1.1" 304 229 "https://www.gradecraft.com/users/6" "Mozilla/5.0 (Macintosh; Intel Mac OS X 10_7_5) AppleWebKit/537.4 (KHTML, like Gecko) Chrome/22.0.1229.94 Safari/537.4"
141.213.168.32 - cholma [23/Oct/2012:09:47:30 -0400] "GET /badges/pos101/participatory_democrat.png HTTP/1.1" 304 229 "https://www.gradecraft.com/users/6" "Mozilla/5.0 (Macintosh; Intel Mac OS X 10_7_5) AppleWebKit/537.4 (KHTML, like Gecko) Chrome/22.0.1229.94 Safari/537.4"
141.213.168.32 - cholma [23/Oct/2012:09:47:30 -0400] "GET /badges/pos101/practice_makes_perfect.png HTTP/1.1" 304 229 "https://www.gradecraft.com/users/6" "Mozilla/5.0 (Macintosh; Intel Mac OS X 10_7_5) AppleWebKit/537.4 (KHTML, like Gecko) Chrome/22.0.1229.94 Safari/537.4"
141.213.168.32 - cholma [23/Oct/2012:09:47:30 -0400] "GET /badges/pos101/public_speaker.png HTTP/1.1" 304 229 "https://www.gradecraft.com/users/6" "Mozilla/5.0 (Macintosh; Intel Mac OS X 10_7_5) AppleWebKit/537.4 (KHTML, like Gecko) Chrome/22.0.1229.94 Safari/537.4"
141.213.168.32 - cholma [23/Oct/2012:09:47:30 -0400] "GET /badges/pos101/scribe.png HTTP/1.1" 304 229 "https://www.gradecraft.com/users/6" "Mozilla/5.0 (Macintosh; Intel Mac OS X 10_7_5) AppleWebKit/537.4 (KHTML, like Gecko) Chrome/22.0.1229.94 Safari/537.4"
141.213.168.32 - cholma [23/Oct/2012:09:47:30 -0400] "GET /badges/pos101/times_immemorial.png HTTP/1.1" 304 229 "https://www.gradecraft.com/users/6" "Mozilla/5.0 (Macintosh; Intel Mac OS X 10_7_5) AppleWebKit/537.4 (KHTML, like Gecko) Chrome/22.0.1229.94 Safari/537.4"
141.213.168.32 - cholma [23/Oct/2012:09:47:30 -0400] "GET /badges/pos101/phoebe_badge.jpg HTTP/1.1" 304 229 "https://www.gradecraft.com/users/6" "Mozilla/5.0 (Macintosh; Intel Mac OS X 10_7_5) AppleWebKit/537.4 (KHTML, like Gecko) Chrome/22.0.1229.94 Safari/537.4"
141.213.168.32 - cholma [23/Oct/2012:09:47:30 -0400] "GET /users/predictor.json?in_progress=true&user_id=6 HTTP/1.1" 304 901 "https://www.gradecraft.com/users/6" "Mozilla/5.0 (Macintosh; Intel Mac OS X 10_7_5) AppleWebKit/537.4 (KHTML, like Gecko) Chrome/22.0.1229.94 Safari/537.4"
141.213.168.32 - cholma [23/Oct/2012:09:47:30 -0400] "GET /users/predictor.json?user_id=6 HTTP/1.1" 304 3934 "https://www.gradecraft.com/users/6" "Mozilla/5.0 (Macintosh; Intel Mac OS X 10_7_5) AppleWebKit/537.4 (KHTML, like Gecko) Chrome/22.0.1229.94 Safari/537.4"
141.213.168.32 - cholma [23/Oct/2012:09:47:43 -0400] "GET /assignments/1/grades/new?gradeable_id=6&gradeable_type=User HTTP/1.1" 200 7748 "https://www.gradecraft.com/users/6" "Mozilla/5.0 (Macintosh; Intel Mac OS X 10_7_5) AppleWebKit/537.4 (KHTML, like Gecko) Chrome/22.0.1229.94 Safari/537.4"
141.213.168.32 - cholma [23/Oct/2012:09:47:44 -0400] "GET /assignments/1/grades/lib/css/wysiwyg-color.css HTTP/1.1" 404 1044 "-" "Mozilla/5.0 (Macintosh; Intel Mac OS X 10_7_5) AppleWebKit/537.4 (KHTML, like Gecko) Chrome/22.0.1229.94 Safari/537.4"
141.213.168.32 - cholma [23/Oct/2012:09:47:45 -0400] "GET /assets/fontawesome-webfont.eot? HTTP/1.1" 304 213 "https://www.gradecraft.com/assignments/1/grades/new?gradeable_id=6&gradeable_type=User" "Mozilla/5.0 (Macintosh; Intel Mac OS X 10_7_5) AppleWebKit/537.4 (KHTML, like Gecko) Chrome/22.0.1229.94 Safari/537.4"
141.213.168.32 - cholma [23/Oct/2012:09:47:45 -0400] "GET /assets/fontawesome-webfont.woff HTTP/1.1" 304 213 "https://www.gradecraft.com/assignments/1/grades/new?gradeable_id=6&gradeable_type=User" "Mozilla/5.0 (Macintosh; Intel Mac OS X 10_7_5) AppleWebKit/537.4 (KHTML, like Gecko) Chrome/22.0.1229.94 Safari/537.4"
141.213.168.32 - cholma [23/Oct/2012:09:47:50 -0400] "POST /assignments/1/grades HTTP/1.1" 302 1668 "https://www.gradecraft.com/assignments/1/grades/new?gradeable_id=6&gradeable_type=User" "Mozilla/5.0 (Macintosh; Intel Mac OS X 10_7_5) AppleWebKit/537.4 (KHTML, like Gecko) Chrome/22.0.1229.94 Safari/537.4"
141.213.168.32 - cholma [23/Oct/2012:09:47:50 -0400] "GET /assignments/1 HTTP/1.1" 200 21278 "https://www.gradecraft.com/assignments/1/grades/new?gradeable_id=6&gradeable_type=User" "Mozilla/5.0 (Macintosh; Intel Mac OS X 10_7_5) AppleWebKit/537.4 (KHTML, like Gecko) Chrome/22.0.1229.94 Safari/537.4"
141.213.168.32 - cholma [23/Oct/2012:09:47:58 -0400] "GET /users/6 HTTP/1.1" 200 6068 "https://www.gradecraft.com/assignments/1" "Mozilla/5.0 (Macintosh; Intel Mac OS X 10_7_5) AppleWebKit/537.4 (KHTML, like Gecko) Chrome/22.0.1229.94 Safari/537.4"
141.213.168.32 - cholma [23/Oct/2012:09:48:00 -0400] "GET /users/predictor.json?user_id=6 HTTP/1.1" 304 1046 "https://www.gradecraft.com/users/6" "Mozilla/5.0 (Macintosh; Intel Mac OS X 10_7_5) AppleWebKit/537.4 (KHTML, like Gecko) Chrome/22.0.1229.94 Safari/537.4"
141.213.168.32 - cholma [23/Oct/2012:09:48:00 -0400] "GET /users/predictor.json?in_progress=true&user_id=6 HTTP/1.1" 304 901 "https://www.gradecraft.com/users/6" "Mozilla/5.0 (Macintosh; Intel Mac OS X 10_7_5) AppleWebKit/537.4 (KHTML, like Gecko) Chrome/22.0.1229.94 Safari/537.4"
141.211.154.28 - mmanty [23/Oct/2012:09:48:25 -0400] "POST /assignments/74/grades/mass_update HTTP/1.1" 500 3805 "https://www.gradecraft.com/assignments/74/grades/mass_edit" "Mozilla/5.0 (Macintosh; Intel Mac OS X 10.6; rv:16.0) Gecko/20100101 Firefox/16.0"
141.211.154.28 - mmanty [23/Oct/2012:09:48:34 -0400] "GET /assignments/74/grades/mass_edit?utf8=%E2%9C%93&assignment_id=74&team_id=2&commit=Filter HTTP/1.1" 200 7152 "https://www.gradecraft.com/assignments/74/grades/mass_edit" "Mozilla/5.0 (Macintosh; Intel Mac OS X 10.6; rv:16.0) Gecko/20100101 Firefox/16.0"
141.213.168.32 - cholma [23/Oct/2012:09:48:54 -0400] "GET /users/6/user_assignment_type_weights/344/edit?assignment_type_id=8 HTTP/1.1" 200 3285 "https://www.gradecraft.com/users/6" "Mozilla/5.0 (Macintosh; Intel Mac OS X 10_7_5) AppleWebKit/537.4 (KHTML, like Gecko) Chrome/22.0.1229.94 Safari/537.4"
141.213.168.32 - cholma [23/Oct/2012:09:48:57 -0400] "POST /users/6/user_assignment_type_weights/344 HTTP/1.1" 302 1460 "https://www.gradecraft.com/users/6/user_assignment_type_weights/344/edit?assignment_type_id=8" "Mozilla/5.0 (Macintosh; Intel Mac OS X 10_7_5) AppleWebKit/537.4 (KHTML, like Gecko) Chrome/22.0.1229.94 Safari/537.4"
141.213.168.32 - cholma [23/Oct/2012:09:48:57 -0400] "GET /dashboard HTTP/1.1" 200 5220 "https://www.gradecraft.com/users/6/user_assignment_type_weights/344/edit?assignment_type_id=8" "Mozilla/5.0 (Macintosh; Intel Mac OS X 10_7_5) AppleWebKit/537.4 (KHTML, like Gecko) Chrome/22.0.1229.94 Safari/537.4"
141.213.168.32 - cholma [23/Oct/2012:09:49:04 -0400] "GET /users/6 HTTP/1.1" 304 933 "https://www.gradecraft.com/dashboard" "Mozilla/5.0 (Macintosh; Intel Mac OS X 10_7_5) AppleWebKit/537.4 (KHTML, like Gecko) Chrome/22.0.1229.94 Safari/537.4"
141.213.168.32 - cholma [23/Oct/2012:09:49:06 -0400] "GET /users/predictor.json?user_id=6 HTTP/1.1" 304 1030 "https://www.gradecraft.com/users/6" "Mozilla/5.0 (Macintosh; Intel Mac OS X 10_7_5) AppleWebKit/537.4 (KHTML, like Gecko) Chrome/22.0.1229.94 Safari/537.4"
141.213.168.32 - cholma [23/Oct/2012:09:49:06 -0400] "GET /users/predictor.json?in_progress=true&user_id=6 HTTP/1.1" 304 885 "https://www.gradecraft.com/users/6" "Mozilla/5.0 (Macintosh; Intel Mac OS X 10_7_5) AppleWebKit/537.4 (KHTML, like Gecko) Chrome/22.0.1229.94 Safari/537.4"
141.213.168.32 - cholma [23/Oct/2012:09:49:12 -0400] "GET /users/6/user_assignment_type_weights/344/edit?assignment_type_id=8 HTTP/1.1" 304 933 "https://www.gradecraft.com/users/6" "Mozilla/5.0 (Macintosh; Intel Mac OS X 10_7_5) AppleWebKit/537.4 (KHTML, like Gecko) Chrome/22.0.1229.94 Safari/537.4"
141.213.168.32 - cholma [23/Oct/2012:09:49:14 -0400] "POST /users/6/user_assignment_type_weights/344 HTTP/1.1" 302 1460 "https://www.gradecraft.com/users/6/user_assignment_type_weights/344/edit?assignment_type_id=8" "Mozilla/5.0 (Macintosh; Intel Mac OS X 10_7_5) AppleWebKit/537.4 (KHTML, like Gecko) Chrome/22.0.1229.94 Safari/537.4"
141.213.168.32 - cholma [23/Oct/2012:09:49:14 -0400] "GET /dashboard HTTP/1.1" 304 933 "https://www.gradecraft.com/users/6/user_assignment_type_weights/344/edit?assignment_type_id=8" "Mozilla/5.0 (Macintosh; Intel Mac OS X 10_7_5) AppleWebKit/537.4 (KHTML, like Gecko) Chrome/22.0.1229.94 Safari/537.4"
141.211.154.28 - mmanty [23/Oct/2012:09:49:16 -0400] "POST /assignments/74/grades/mass_update HTTP/1.1" 302 1621 "https://www.gradecraft.com/assignments/74/grades/mass_edit?utf8=%E2%9C%93&assignment_id=74&team_id=2&commit=Filter" "Mozilla/5.0 (Macintosh; Intel Mac OS X 10.6; rv:16.0) Gecko/20100101 Firefox/16.0"
141.211.154.28 - mmanty [23/Oct/2012:09:49:20 -0400] "GET /assignments/74 HTTP/1.1" 500 1028 "https://www.gradecraft.com/assignments/74/grades/mass_edit?utf8=%E2%9C%93&assignment_id=74&team_id=2&commit=Filter" "Mozilla/5.0 (Macintosh; Intel Mac OS X 10.6; rv:16.0) Gecko/20100101 Firefox/16.0"
141.213.168.32 - cholma [23/Oct/2012:09:49:21 -0400] "GET /users/6 HTTP/1.1" 200 6068 "https://www.gradecraft.com/dashboard" "Mozilla/5.0 (Macintosh; Intel Mac OS X 10_7_5) AppleWebKit/537.4 (KHTML, like Gecko) Chrome/22.0.1229.94 Safari/537.4"
141.213.168.32 - cholma [23/Oct/2012:09:49:23 -0400] "GET /users/predictor.json?user_id=6 HTTP/1.1" 304 1046 "https://www.gradecraft.com/users/6" "Mozilla/5.0 (Macintosh; Intel Mac OS X 10_7_5) AppleWebKit/537.4 (KHTML, like Gecko) Chrome/22.0.1229.94 Safari/537.4"
141.213.168.32 - cholma [23/Oct/2012:09:49:23 -0400] "GET /users/predictor.json?in_progress=true&user_id=6 HTTP/1.1" 304 901 "https://www.gradecraft.com/users/6" "Mozilla/5.0 (Macintosh; Intel Mac OS X 10_7_5) AppleWebKit/537.4 (KHTML, like Gecko) Chrome/22.0.1229.94 Safari/537.4"
141.213.168.32 - cholma [23/Oct/2012:09:49:34 -0400] "GET /users/6 HTTP/1.1" 200 6068 "https://www.gradecraft.com/dashboard" "Mozilla/5.0 (Macintosh; Intel Mac OS X 10_7_5) AppleWebKit/537.4 (KHTML, like Gecko) Chrome/22.0.1229.94 Safari/537.4"
141.213.168.32 - cholma [23/Oct/2012:09:49:36 -0400] "GET /users/predictor.json?user_id=6 HTTP/1.1" 304 901 "https://www.gradecraft.com/users/6" "Mozilla/5.0 (Macintosh; Intel Mac OS X 10_7_5) AppleWebKit/537.4 (KHTML, like Gecko) Chrome/22.0.1229.94 Safari/537.4"
141.213.168.32 - cholma [23/Oct/2012:09:49:36 -0400] "GET /users/predictor.json?in_progress=true&user_id=6 HTTP/1.1" 304 885 "https://www.gradecraft.com/users/6" "Mozilla/5.0 (Macintosh; Intel Mac OS X 10_7_5) AppleWebKit/537.4 (KHTML, like Gecko) Chrome/22.0.1229.94 Safari/537.4"
141.211.154.28 - mmanty [23/Oct/2012:09:49:36 -0400] "GET / HTTP/1.1" 200 3957 "-" "Mozilla/5.0 (Macintosh; Intel Mac OS X 10.6; rv:16.0) Gecko/20100101 Firefox/16.0"
141.211.154.28 - mmanty [23/Oct/2012:09:49:44 -0400] "GET /assignments HTTP/1.1" 200 5348 "https://www.gradecraft.com/" "Mozilla/5.0 (Macintosh; Intel Mac OS X 10.6; rv:16.0) Gecko/20100101 Firefox/16.0"
141.213.168.32 - cholma [23/Oct/2012:09:49:55 -0400] "GET /users/6/user_assignment_type_weights/344/edit?assignment_type_id=8 HTTP/1.1" 200 3269 "https://www.gradecraft.com/users/6" "Mozilla/5.0 (Macintosh; Intel Mac OS X 10_7_5) AppleWebKit/537.4 (KHTML, like Gecko) Chrome/22.0.1229.94 Safari/537.4"
141.211.154.28 - mmanty [23/Oct/2012:09:49:55 -0400] "GET /assignments/74 HTTP/1.1" 500 1028 "https://www.gradecraft.com/assignments" "Mozilla/5.0 (Macintosh; Intel Mac OS X 10.6; rv:16.0) Gecko/20100101 Firefox/16.0"
141.213.168.32 - cholma [23/Oct/2012:09:49:58 -0400] "POST /users/6/user_assignment_type_weights/344 HTTP/1.1" 302 1460 "https://www.gradecraft.com/users/6/user_assignment_type_weights/344/edit?assignment_type_id=8" "Mozilla/5.0 (Macintosh; Intel Mac OS X 10_7_5) AppleWebKit/537.4 (KHTML, like Gecko) Chrome/22.0.1229.94 Safari/537.4"
141.211.154.28 - mmanty [23/Oct/2012:09:49:59 -0400] "GET /assignments/74 HTTP/1.1" 500 1173 "https://www.gradecraft.com/assignments" "Mozilla/5.0 (Macintosh; Intel Mac OS X 10.6; rv:16.0) Gecko/20100101 Firefox/16.0"
141.213.168.32 - cholma [23/Oct/2012:09:49:58 -0400] "GET /dashboard HTTP/1.1" 304 933 "https://www.gradecraft.com/users/6/user_assignment_type_weights/344/edit?assignment_type_id=8" "Mozilla/5.0 (Macintosh; Intel Mac OS X 10_7_5) AppleWebKit/537.4 (KHTML, like Gecko) Chrome/22.0.1229.94 Safari/537.4"
141.211.154.28 - mmanty [23/Oct/2012:09:50:03 -0400] "GET /assignments/ HTTP/1.1" 200 5493 "-" "Mozilla/5.0 (Macintosh; Intel Mac OS X 10.6; rv:16.0) Gecko/20100101 Firefox/16.0"
141.213.168.32 - cholma [23/Oct/2012:09:50:09 -0400] "GET /users/6 HTTP/1.1" 304 933 "https://www.gradecraft.com/dashboard" "Mozilla/5.0 (Macintosh; Intel Mac OS X 10_7_5) AppleWebKit/537.4 (KHTML, like Gecko) Chrome/22.0.1229.94 Safari/537.4"
141.213.168.32 - cholma [23/Oct/2012:09:50:11 -0400] "GET /users/predictor.json?user_id=6 HTTP/1.1" 304 1030 "https://www.gradecraft.com/users/6" "Mozilla/5.0 (Macintosh; Intel Mac OS X 10_7_5) AppleWebKit/537.4 (KHTML, like Gecko) Chrome/22.0.1229.94 Safari/537.4"
141.213.168.32 - cholma [23/Oct/2012:09:50:11 -0400] "GET /users/predictor.json?in_progress=true&user_id=6 HTTP/1.1" 304 901 "https://www.gradecraft.com/users/6" "Mozilla/5.0 (Macintosh; Intel Mac OS X 10_7_5) AppleWebKit/537.4 (KHTML, like Gecko) Chrome/22.0.1229.94 Safari/537.4"
141.211.154.28 - mmanty [23/Oct/2012:09:50:13 -0400] "GET /assignments/37/grades/mass_edit HTTP/1.1" 500 1028 "https://www.gradecraft.com/assignments/" "Mozilla/5.0 (Macintosh; Intel Mac OS X 10.6; rv:16.0) Gecko/20100101 Firefox/16.0"
141.213.168.32 - cholma [23/Oct/2012:09:50:24 -0400] "GET /users/6 HTTP/1.1" 500 1028 "https://www.gradecraft.com/dashboard" "Mozilla/5.0 (Macintosh; Intel Mac OS X 10_7_5) AppleWebKit/537.4 (KHTML, like Gecko) Chrome/22.0.1229.94 Safari/537.4"
141.211.231.44 - - [23/Oct/2012:09:50:51 -0400] "GET / HTTP/1.1" 302 3254 "https://sites.google.com/a/umich.edu/polsci101f2012/" "Mozilla/5.0 (Macintosh; Intel Mac OS X 10_6_8) AppleWebKit/534.57.2 (KHTML, like Gecko) Version/5.1.7 Safari/534.57.2"
141.211.231.44 - - [23/Oct/2012:09:50:51 -0400] "GET /cosign/valid?cosign-www.gradecraft.com=ZQaltY55K8-1sZCprD4vka-QPR+WE12K-qK84ztCSxXmeWUix1dFxwp86HpQm9VxaQtLx21lFF2KF3BKTcPBrVwZ1T1abqJpWTtaBNo7u4CPLH96xo4mbSLMjam3&https://www.gradecraft.com/ HTTP/1.1" 301 868 "https://sites.google.com/a/umich.edu/polsci101f2012/" "Mozilla/5.0 (Macintosh; Intel Mac OS X 10_6_8) AppleWebKit/534.57.2 (KHTML, like Gecko) Version/5.1.7 Safari/534.57.2"
141.211.231.44 - jmruiz [23/Oct/2012:09:50:51 -0400] "GET / HTTP/1.1" 302 1348 "https://sites.google.com/a/umich.edu/polsci101f2012/" "Mozilla/5.0 (Macintosh; Intel Mac OS X 10_6_8) AppleWebKit/534.57.2 (KHTML, like Gecko) Version/5.1.7 Safari/534.57.2"
141.211.231.44 - jmruiz [23/Oct/2012:09:50:51 -0400] "GET /dashboard HTTP/1.1" 500 1028 "https://sites.google.com/a/umich.edu/polsci101f2012/" "Mozilla/5.0 (Macintosh; Intel Mac OS X 10_6_8) AppleWebKit/534.57.2 (KHTML, like Gecko) Version/5.1.7 Safari/534.57.2"
141.211.231.44 - jmruiz [23/Oct/2012:09:50:52 -0400] "GET /favicon.ico HTTP/1.1" 200 4788 "https://www.gradecraft.com/dashboard" "Mozilla/5.0 (Macintosh; Intel Mac OS X 10_6_8) AppleWebKit/534.57.2 (KHTML, like Gecko) Version/5.1.7 Safari/534.57.2"
141.213.168.32 - cholma [23/Oct/2012:09:50:58 -0400] "GET /users/6 HTTP/1.1" 500 1173 "https://www.gradecraft.com/dashboard" "Mozilla/5.0 (Macintosh; Intel Mac OS X 10_7_5) AppleWebKit/537.4 (KHTML, like Gecko) Chrome/22.0.1229.94 Safari/537.4"
141.213.168.32 - cholma [23/Oct/2012:09:51:05 -0400] "GET / HTTP/1.1" 200 5365 "-" "Mozilla/5.0 (Macintosh; Intel Mac OS X 10_7_5) AppleWebKit/537.4 (KHTML, like Gecko) Chrome/22.0.1229.94 Safari/537.4"
141.213.168.32 - cholma [23/Oct/2012:09:51:11 -0400] "GET /users/112 HTTP/1.1" 500 1028 "https://www.gradecraft.com/" "Mozilla/5.0 (Macintosh; Intel Mac OS X 10_7_5) AppleWebKit/537.4 (KHTML, like Gecko) Chrome/22.0.1229.94 Safari/537.4"
67.194.42.105 - - [23/Oct/2012:09:51:59 -0400] "GET / HTTP/1.1" 302 3254 "-" "Mozilla/5.0 (Macintosh; U; Intel Mac OS X 10_6_8; en-us) AppleWebKit/533.21.1 (KHTML, like Gecko) Version/5.0.5 Safari/533.21.1"
67.194.42.105 - - [23/Oct/2012:09:52:00 -0400] "GET /cosign/valid?cosign-www.gradecraft.com=EVYlDmC2TVlWAJaopGnCEM2v-jJjuNSoHwfAFKiLUBbhPQ2LeFaRjQOQkMcqpY+KoPrAkYXqoqD5PUBeb3gDuvrCIpRToYksgy3Q7f8ICJ6CYom7j-JyHcJ9rqJl&https://www.gradecraft.com/ HTTP/1.1" 301 868 "-" "Mozilla/5.0 (Macintosh; U; Intel Mac OS X 10_6_8; en-us) AppleWebKit/533.21.1 (KHTML, like Gecko) Version/5.0.5 Safari/533.21.1"
67.194.42.105 - sarijros [23/Oct/2012:09:52:00 -0400] "GET / HTTP/1.1" 500 1028 "-" "Mozilla/5.0 (Macintosh; U; Intel Mac OS X 10_6_8; en-us) AppleWebKit/533.21.1 (KHTML, like Gecko) Version/5.0.5 Safari/533.21.1"
67.194.42.105 - sarijros [23/Oct/2012:09:52:08 -0400] "GET / HTTP/1.1" 500 1166 "-" "Mozilla/5.0 (Macintosh; U; Intel Mac OS X 10_6_8; en-us) AppleWebKit/533.21.1 (KHTML, like Gecko) Version/5.0.5 Safari/533.21.1"
141.213.168.32 - cholma [23/Oct/2012:09:52:32 -0400] "GET /users/112 HTTP/1.1" 500 4061 "https://www.gradecraft.com/" "Mozilla/5.0 (Macintosh; Intel Mac OS X 10_7_5) AppleWebKit/537.4 (KHTML, like Gecko) Chrome/22.0.1229.94 Safari/537.4"
141.213.168.32 - cholma [23/Oct/2012:09:52:56 -0400] "GET /users/112 HTTP/1.1" 200 9568 "https://www.gradecraft.com/" "Mozilla/5.0 (Macintosh; Intel Mac OS X 10_7_5) AppleWebKit/537.4 (KHTML, like Gecko) Chrome/22.0.1229.94 Safari/537.4"
141.213.168.32 - cholma [23/Oct/2012:09:53:00 -0400] "GET /users/predictor.json?in_progress=true&user_id=112 HTTP/1.1" 304 901 "https://www.gradecraft.com/users/112" "Mozilla/5.0 (Macintosh; Intel Mac OS X 10_7_5) AppleWebKit/537.4 (KHTML, like Gecko) Chrome/22.0.1229.94 Safari/537.4"
141.213.168.32 - cholma [23/Oct/2012:09:53:00 -0400] "GET /users/predictor.json?user_id=112 HTTP/1.1" 304 1046 "https://www.gradecraft.com/users/112" "Mozilla/5.0 (Macintosh; Intel Mac OS X 10_7_5) AppleWebKit/537.4 (KHTML, like Gecko) Chrome/22.0.1229.94 Safari/537.4"
141.213.168.32 - cholma [23/Oct/2012:09:53:09 -0400] "GET /dashboard HTTP/1.1" 200 5204 "https://www.gradecraft.com/users/112" "Mozilla/5.0 (Macintosh; Intel Mac OS X 10_7_5) AppleWebKit/537.4 (KHTML, like Gecko) Chrome/22.0.1229.94 Safari/537.4"
67.194.97.29 - - [23/Oct/2012:09:53:16 -0400] "GET / HTTP/1.1" 302 3254 "-" "Mozilla/5.0 (Macintosh; Intel Mac OS X 10_7_5) AppleWebKit/536.25 (KHTML, like Gecko) Version/6.0 Safari/536.25"
141.213.168.32 - cholma [23/Oct/2012:09:53:16 -0400] "GET /users/6 HTTP/1.1" 200 6052 "https://www.gradecraft.com/dashboard" "Mozilla/5.0 (Macintosh; Intel Mac OS X 10_7_5) AppleWebKit/537.4 (KHTML, like Gecko) Chrome/22.0.1229.94 Safari/537.4"
141.213.168.32 - cholma [23/Oct/2012:09:53:18 -0400] "GET /users/predictor.json?user_id=6 HTTP/1.1" 304 1046 "https://www.gradecraft.com/users/6" "Mozilla/5.0 (Macintosh; Intel Mac OS X 10_7_5) AppleWebKit/537.4 (KHTML, like Gecko) Chrome/22.0.1229.94 Safari/537.4"
141.213.168.32 - cholma [23/Oct/2012:09:53:18 -0400] "GET /users/predictor.json?in_progress=true&user_id=6 HTTP/1.1" 304 885 "https://www.gradecraft.com/users/6" "Mozilla/5.0 (Macintosh; Intel Mac OS X 10_7_5) AppleWebKit/537.4 (KHTML, like Gecko) Chrome/22.0.1229.94 Safari/537.4"
141.213.168.32 - cholma [23/Oct/2012:09:53:20 -0400] "GET /users/6/user_assignment_type_weights/344/edit?assignment_type_id=8 HTTP/1.1" 200 3140 "https://www.gradecraft.com/users/6" "Mozilla/5.0 (Macintosh; Intel Mac OS X 10_7_5) AppleWebKit/537.4 (KHTML, like Gecko) Chrome/22.0.1229.94 Safari/537.4"
141.213.168.32 - cholma [23/Oct/2012:09:53:25 -0400] "POST /users/6/user_assignment_type_weights/344 HTTP/1.1" 302 1460 "https://www.gradecraft.com/users/6/user_assignment_type_weights/344/edit?assignment_type_id=8" "Mozilla/5.0 (Macintosh; Intel Mac OS X 10_7_5) AppleWebKit/537.4 (KHTML, like Gecko) Chrome/22.0.1229.94 Safari/537.4"
141.213.168.32 - cholma [23/Oct/2012:09:53:25 -0400] "GET /dashboard HTTP/1.1" 200 5220 "https://www.gradecraft.com/users/6/user_assignment_type_weights/344/edit?assignment_type_id=8" "Mozilla/5.0 (Macintosh; Intel Mac OS X 10_7_5) AppleWebKit/537.4 (KHTML, like Gecko) Chrome/22.0.1229.94 Safari/537.4"
141.213.168.32 - cholma [23/Oct/2012:09:53:35 -0400] "GET /users/6 HTTP/1.1" 200 6068 "https://www.gradecraft.com/dashboard" "Mozilla/5.0 (Macintosh; Intel Mac OS X 10_7_5) AppleWebKit/537.4 (KHTML, like Gecko) Chrome/22.0.1229.94 Safari/537.4"
141.213.168.32 - cholma [23/Oct/2012:09:53:37 -0400] "GET /users/predictor.json?user_id=6 HTTP/1.1" 304 1046 "https://www.gradecraft.com/users/6" "Mozilla/5.0 (Macintosh; Intel Mac OS X 10_7_5) AppleWebKit/537.4 (KHTML, like Gecko) Chrome/22.0.1229.94 Safari/537.4"
141.213.168.32 - cholma [23/Oct/2012:09:53:37 -0400] "GET /users/predictor.json?in_progress=true&user_id=6 HTTP/1.1" 304 901 "https://www.gradecraft.com/users/6" "Mozilla/5.0 (Macintosh; Intel Mac OS X 10_7_5) AppleWebKit/537.4 (KHTML, like Gecko) Chrome/22.0.1229.94 Safari/537.4"
141.213.168.32 - cholma [23/Oct/2012:09:53:49 -0400] "GET /users/6/user_assignment_type_weights/344/edit?assignment_type_id=8 HTTP/1.1" 200 3140 "https://www.gradecraft.com/users/6" "Mozilla/5.0 (Macintosh; Intel Mac OS X 10_7_5) AppleWebKit/537.4 (KHTML, like Gecko) Chrome/22.0.1229.94 Safari/537.4"
141.213.168.32 - cholma [23/Oct/2012:09:53:53 -0400] "POST /users/6/user_assignment_type_weights/344 HTTP/1.1" 302 1460 "https://www.gradecraft.com/users/6/user_assignment_type_weights/344/edit?assignment_type_id=8" "Mozilla/5.0 (Macintosh; Intel Mac OS X 10_7_5) AppleWebKit/537.4 (KHTML, like Gecko) Chrome/22.0.1229.94 Safari/537.4"
67.194.42.105 - - [23/Oct/2012:09:53:54 -0400] "GET / HTTP/1.1" 302 3254 "-" "Mozilla/5.0 (Macintosh; U; Intel Mac OS X 10_6_8; en-us) AppleWebKit/533.21.1 (KHTML, like Gecko) Version/5.0.5 Safari/533.21.1"
141.213.168.32 - cholma [23/Oct/2012:09:53:53 -0400] "GET /dashboard HTTP/1.1" 200 5220 "https://www.gradecraft.com/users/6/user_assignment_type_weights/344/edit?assignment_type_id=8" "Mozilla/5.0 (Macintosh; Intel Mac OS X 10_7_5) AppleWebKit/537.4 (KHTML, like Gecko) Chrome/22.0.1229.94 Safari/537.4"
141.213.168.32 - cholma [23/Oct/2012:09:53:59 -0400] "GET /users/6 HTTP/1.1" 200 6068 "https://www.gradecraft.com/dashboard" "Mozilla/5.0 (Macintosh; Intel Mac OS X 10_7_5) AppleWebKit/537.4 (KHTML, like Gecko) Chrome/22.0.1229.94 Safari/537.4"
141.213.168.32 - cholma [23/Oct/2012:09:54:01 -0400] "GET /users/predictor.json?user_id=6 HTTP/1.1" 304 1046 "https://www.gradecraft.com/users/6" "Mozilla/5.0 (Macintosh; Intel Mac OS X 10_7_5) AppleWebKit/537.4 (KHTML, like Gecko) Chrome/22.0.1229.94 Safari/537.4"
141.213.168.32 - cholma [23/Oct/2012:09:54:01 -0400] "GET /users/predictor.json?in_progress=true&user_id=6 HTTP/1.1" 304 901 "https://www.gradecraft.com/users/6" "Mozilla/5.0 (Macintosh; Intel Mac OS X 10_7_5) AppleWebKit/537.4 (KHTML, like Gecko) Chrome/22.0.1229.94 Safari/537.4"
67.194.13.49 - - [23/Oct/2012:09:54:29 -0400] "GET / HTTP/1.1" 302 3254 "-" "Mozilla/5.0 (Macintosh; Intel Mac OS X 10_7_4) AppleWebKit/536.25 (KHTML, like Gecko) Version/6.0 Safari/536.25"
141.213.168.32 - cholma [23/Oct/2012:09:54:54 -0400] "GET /users/6 HTTP/1.1" 500 1173 "https://www.gradecraft.com/dashboard" "Mozilla/5.0 (Macintosh; Intel Mac OS X 10_7_5) AppleWebKit/537.4 (KHTML, like Gecko) Chrome/22.0.1229.94 Safari/537.4"
141.213.168.32 - cholma [23/Oct/2012:09:55:27 -0400] "GET /users/6 HTTP/1.1" 200 6213 "https://www.gradecraft.com/dashboard" "Mozilla/5.0 (Macintosh; Intel Mac OS X 10_7_5) AppleWebKit/537.4 (KHTML, like Gecko) Chrome/22.0.1229.94 Safari/537.4"
141.213.168.32 - cholma [23/Oct/2012:09:55:30 -0400] "GET /assets/application-75efbcdd2e483708b1922621823d8e20.css HTTP/1.1" 304 245 "https://www.gradecraft.com/users/6" "Mozilla/5.0 (Macintosh; Intel Mac OS X 10_7_5) AppleWebKit/537.4 (KHTML, like Gecko) Chrome/22.0.1229.94 Safari/537.4"
141.213.168.32 - cholma [23/Oct/2012:09:55:30 -0400] "GET /assets/application-8ce02592fd93cf8f056fcba13d4bd5fc.js HTTP/1.1" 304 245 "https://www.gradecraft.com/users/6" "Mozilla/5.0 (Macintosh; Intel Mac OS X 10_7_5) AppleWebKit/537.4 (KHTML, like Gecko) Chrome/22.0.1229.94 Safari/537.4"
141.213.168.32 - cholma [23/Oct/2012:09:55:30 -0400] "GET /badges/pos101/always_learning.png HTTP/1.1" 304 374 "https://www.gradecraft.com/users/6" "Mozilla/5.0 (Macintosh; Intel Mac OS X 10_7_5) AppleWebKit/537.4 (KHTML, like Gecko) Chrome/22.0.1229.94 Safari/537.4"
141.213.168.32 - cholma [23/Oct/2012:09:55:30 -0400] "GET /badges/pos101/above_and_beyond.png HTTP/1.1" 304 374 "https://www.gradecraft.com/users/6" "Mozilla/5.0 (Macintosh; Intel Mac OS X 10_7_5) AppleWebKit/537.4 (KHTML, like Gecko) Chrome/22.0.1229.94 Safari/537.4"
141.213.168.32 - cholma [23/Oct/2012:09:55:30 -0400] "GET /badges/pos101/awesome_aggregator.png HTTP/1.1" 304 374 "https://www.gradecraft.com/users/6" "Mozilla/5.0 (Macintosh; Intel Mac OS X 10_7_5) AppleWebKit/537.4 (KHTML, like Gecko) Chrome/22.0.1229.94 Safari/537.4"
141.213.168.32 - cholma [23/Oct/2012:09:55:30 -0400] "GET /badges/pos101/great_critic.png HTTP/1.1" 304 374 "https://www.gradecraft.com/users/6" "Mozilla/5.0 (Macintosh; Intel Mac OS X 10_7_5) AppleWebKit/537.4 (KHTML, like Gecko) Chrome/22.0.1229.94 Safari/537.4"
141.213.168.32 - cholma [23/Oct/2012:09:55:30 -0400] "GET /badges/pos101/presentation_of_self.png HTTP/1.1" 304 229 "https://www.gradecraft.com/users/6" "Mozilla/5.0 (Macintosh; Intel Mac OS X 10_7_5) AppleWebKit/537.4 (KHTML, like Gecko) Chrome/22.0.1229.94 Safari/537.4"
141.213.168.32 - cholma [23/Oct/2012:09:55:30 -0400] "GET /badges/pos101/teachers_pet.png HTTP/1.1" 304 229 "https://www.gradecraft.com/users/6" "Mozilla/5.0 (Macintosh; Intel Mac OS X 10_7_5) AppleWebKit/537.4 (KHTML, like Gecko) Chrome/22.0.1229.94 Safari/537.4"
141.213.168.32 - cholma [23/Oct/2012:09:55:30 -0400] "GET /badges/pos101/concentrator.png HTTP/1.1" 304 229 "https://www.gradecraft.com/users/6" "Mozilla/5.0 (Macintosh; Intel Mac OS X 10_7_5) AppleWebKit/537.4 (KHTML, like Gecko) Chrome/22.0.1229.94 Safari/537.4"
141.213.168.32 - cholma [23/Oct/2012:09:55:30 -0400] "GET /badges/pos101/courageous_failure.png HTTP/1.1" 304 229 "https://www.gradecraft.com/users/6" "Mozilla/5.0 (Macintosh; Intel Mac OS X 10_7_5) AppleWebKit/537.4 (KHTML, like Gecko) Chrome/22.0.1229.94 Safari/537.4"
141.213.168.32 - cholma [23/Oct/2012:09:55:30 -0400] "GET /badges/pos101/early_bird_special.png HTTP/1.1" 304 229 "https://www.gradecraft.com/users/6" "Mozilla/5.0 (Macintosh; Intel Mac OS X 10_7_5) AppleWebKit/537.4 (KHTML, like Gecko) Chrome/22.0.1229.94 Safari/537.4"
141.213.168.32 - cholma [23/Oct/2012:09:55:30 -0400] "GET /badges/pos101/examination_expert.png HTTP/1.1" 304 229 "https://www.gradecraft.com/users/6" "Mozilla/5.0 (Macintosh; Intel Mac OS X 10_7_5) AppleWebKit/537.4 (KHTML, like Gecko) Chrome/22.0.1229.94 Safari/537.4"
141.213.168.32 - cholma [23/Oct/2012:09:55:30 -0400] "GET /badges/pos101/gaining_experience.png HTTP/1.1" 304 229 "https://www.gradecraft.com/users/6" "Mozilla/5.0 (Macintosh; Intel Mac OS X 10_7_5) AppleWebKit/537.4 (KHTML, like Gecko) Chrome/22.0.1229.94 Safari/537.4"
141.213.168.32 - cholma [23/Oct/2012:09:55:30 -0400] "GET /badges/pos101/gamer.png HTTP/1.1" 304 229 "https://www.gradecraft.com/users/6" "Mozilla/5.0 (Macintosh; Intel Mac OS X 10_7_5) AppleWebKit/537.4 (KHTML, like Gecko) Chrome/22.0.1229.94 Safari/537.4"
141.213.168.32 - cholma [23/Oct/2012:09:55:30 -0400] "GET /badges/pos101/learning_from_mistakes.png HTTP/1.1" 304 229 "https://www.gradecraft.com/users/6" "Mozilla/5.0 (Macintosh; Intel Mac OS X 10_7_5) AppleWebKit/537.4 (KHTML, like Gecko) Chrome/22.0.1229.94 Safari/537.4"
141.213.168.32 - cholma [23/Oct/2012:09:55:30 -0400] "GET /badges/pos101/level_one.png HTTP/1.1" 304 229 "https://www.gradecraft.com/users/6" "Mozilla/5.0 (Macintosh; Intel Mac OS X 10_7_5) AppleWebKit/537.4 (KHTML, like Gecko) Chrome/22.0.1229.94 Safari/537.4"
141.213.168.32 - cholma [23/Oct/2012:09:55:30 -0400] "GET /badges/pos101/personal.png HTTP/1.1" 304 229 "https://www.gradecraft.com/users/6" "Mozilla/5.0 (Macintosh; Intel Mac OS X 10_7_5) AppleWebKit/537.4 (KHTML, like Gecko) Chrome/22.0.1229.94 Safari/537.4"
141.213.168.32 - cholma [23/Oct/2012:09:55:30 -0400] "GET /badges/pos101/participatory_democrat.png HTTP/1.1" 304 229 "https://www.gradecraft.com/users/6" "Mozilla/5.0 (Macintosh; Intel Mac OS X 10_7_5) AppleWebKit/537.4 (KHTML, like Gecko) Chrome/22.0.1229.94 Safari/537.4"
141.213.168.32 - cholma [23/Oct/2012:09:55:30 -0400] "GET /badges/pos101/practice_makes_perfect.png HTTP/1.1" 304 229 "https://www.gradecraft.com/users/6" "Mozilla/5.0 (Macintosh; Intel Mac OS X 10_7_5) AppleWebKit/537.4 (KHTML, like Gecko) Chrome/22.0.1229.94 Safari/537.4"
141.213.168.32 - cholma [23/Oct/2012:09:55:30 -0400] "GET /badges/pos101/public_speaker.png HTTP/1.1" 304 229 "https://www.gradecraft.com/users/6" "Mozilla/5.0 (Macintosh; Intel Mac OS X 10_7_5) AppleWebKit/537.4 (KHTML, like Gecko) Chrome/22.0.1229.94 Safari/537.4"
141.213.168.32 - cholma [23/Oct/2012:09:55:30 -0400] "GET /badges/pos101/scribe.png HTTP/1.1" 304 229 "https://www.gradecraft.com/users/6" "Mozilla/5.0 (Macintosh; Intel Mac OS X 10_7_5) AppleWebKit/537.4 (KHTML, like Gecko) Chrome/22.0.1229.94 Safari/537.4"
141.213.168.32 - cholma [23/Oct/2012:09:55:30 -0400] "GET /badges/pos101/times_immemorial.png HTTP/1.1" 304 229 "https://www.gradecraft.com/users/6" "Mozilla/5.0 (Macintosh; Intel Mac OS X 10_7_5) AppleWebKit/537.4 (KHTML, like Gecko) Chrome/22.0.1229.94 Safari/537.4"
141.213.168.32 - cholma [23/Oct/2012:09:55:30 -0400] "GET /badges/pos101/phoebe_badge.jpg HTTP/1.1" 304 229 "https://www.gradecraft.com/users/6" "Mozilla/5.0 (Macintosh; Intel Mac OS X 10_7_5) AppleWebKit/537.4 (KHTML, like Gecko) Chrome/22.0.1229.94 Safari/537.4"
141.213.168.32 - cholma [23/Oct/2012:09:55:30 -0400] "GET /users/predictor.json?in_progress=true&user_id=6 HTTP/1.1" 304 901 "https://www.gradecraft.com/users/6" "Mozilla/5.0 (Macintosh; Intel Mac OS X 10_7_5) AppleWebKit/537.4 (KHTML, like Gecko) Chrome/22.0.1229.94 Safari/537.4"
141.213.168.32 - cholma [23/Oct/2012:09:55:30 -0400] "GET /users/predictor.json?user_id=6 HTTP/1.1" 304 1046 "https://www.gradecraft.com/users/6" "Mozilla/5.0 (Macintosh; Intel Mac OS X 10_7_5) AppleWebKit/537.4 (KHTML, like Gecko) Chrome/22.0.1229.94 Safari/537.4"
141.213.168.32 - cholma [23/Oct/2012:09:55:42 -0400] "GET /users/6/user_assignment_type_weights/344/edit?assignment_type_id=8 HTTP/1.1" 200 3140 "https://www.gradecraft.com/users/6" "Mozilla/5.0 (Macintosh; Intel Mac OS X 10_7_5) AppleWebKit/537.4 (KHTML, like Gecko) Chrome/22.0.1229.94 Safari/537.4"
141.213.168.32 - cholma [23/Oct/2012:09:55:45 -0400] "POST /users/6/user_assignment_type_weights/344 HTTP/1.1" 500 1012 "https://www.gradecraft.com/users/6/user_assignment_type_weights/344/edit?assignment_type_id=8" "Mozilla/5.0 (Macintosh; Intel Mac OS X 10_7_5) AppleWebKit/537.4 (KHTML, like Gecko) Chrome/22.0.1229.94 Safari/537.4"
67.194.20.108 - - [23/Oct/2012:09:56:13 -0400] "GET / HTTP/1.1" 302 3254 "-" "Mozilla/5.0 (Macintosh; Intel Mac OS X 10_7_4) AppleWebKit/536.25 (KHTML, like Gecko) Version/6.0 Safari/536.25"
67.194.20.108 - - [23/Oct/2012:09:56:13 -0400] "GET /cosign/valid?cosign-www.gradecraft.com=bjDdKsSGZoRnqaO+uLke63AGMoqHE4cMhLO6eyKbxjLnLSYIevYe9GvoSSI3o2H+ETEfOll2E1kLdoSKgyYzLXIEhg-P4hJGmIjvIaU1srNx2ausKc6e2+ymSlOX&https://www.gradecraft.com/ HTTP/1.1" 301 868 "-" "Mozilla/5.0 (Macintosh; Intel Mac OS X 10_7_4) AppleWebKit/536.25 (KHTML, like Gecko) Version/6.0 Safari/536.25"
67.194.20.108 - ewags [23/Oct/2012:09:56:14 -0400] "GET / HTTP/1.1" 200 5140 "-" "Mozilla/5.0 (Macintosh; Intel Mac OS X 10_7_4) AppleWebKit/536.25 (KHTML, like Gecko) Version/6.0 Safari/536.25"
67.194.20.108 - ewags [23/Oct/2012:09:56:15 -0400] "GET /assets/application-75efbcdd2e483708b1922621823d8e20.css HTTP/1.1" 200 47181 "https://www.gradecraft.com/" "Mozilla/5.0 (Macintosh; Intel Mac OS X 10_7_4) AppleWebKit/536.25 (KHTML, like Gecko) Version/6.0 Safari/536.25"
67.194.20.108 - ewags [23/Oct/2012:09:56:15 -0400] "GET /assets/application-8ce02592fd93cf8f056fcba13d4bd5fc.js HTTP/1.1" 200 201938 "https://www.gradecraft.com/" "Mozilla/5.0 (Macintosh; Intel Mac OS X 10_7_4) AppleWebKit/536.25 (KHTML, like Gecko) Version/6.0 Safari/536.25"
67.194.20.108 - ewags [23/Oct/2012:09:56:16 -0400] "GET /badges/pos101/great_critic.png HTTP/1.1" 200 5444 "https://www.gradecraft.com/" "Mozilla/5.0 (Macintosh; Intel Mac OS X 10_7_4) AppleWebKit/536.25 (KHTML, like Gecko) Version/6.0 Safari/536.25"
67.194.20.108 - ewags [23/Oct/2012:09:56:16 -0400] "GET /badges/pos101/above_and_beyond.png HTTP/1.1" 200 6372 "https://www.gradecraft.com/" "Mozilla/5.0 (Macintosh; Intel Mac OS X 10_7_4) AppleWebKit/536.25 (KHTML, like Gecko) Version/6.0 Safari/536.25"
67.194.20.108 - ewags [23/Oct/2012:09:56:16 -0400] "GET /badges/pos101/always_learning.png HTTP/1.1" 200 3204 "https://www.gradecraft.com/" "Mozilla/5.0 (Macintosh; Intel Mac OS X 10_7_4) AppleWebKit/536.25 (KHTML, like Gecko) Version/6.0 Safari/536.25"
67.194.20.108 - ewags [23/Oct/2012:09:56:16 -0400] "GET /badges/pos101/awesome_aggregator.png HTTP/1.1" 200 5796 "https://www.gradecraft.com/" "Mozilla/5.0 (Macintosh; Intel Mac OS X 10_7_4) AppleWebKit/536.25 (KHTML, like Gecko) Version/6.0 Safari/536.25"
67.194.20.108 - ewags [23/Oct/2012:09:56:16 -0400] "GET /badges/pos101/presentation_of_self.png HTTP/1.1" 200 5498 "https://www.gradecraft.com/" "Mozilla/5.0 (Macintosh; Intel Mac OS X 10_7_4) AppleWebKit/536.25 (KHTML, like Gecko) Version/6.0 Safari/536.25"
67.194.20.108 - ewags [23/Oct/2012:09:56:16 -0400] "GET /badges/pos101/teachers_pet.png HTTP/1.1" 200 3194 "https://www.gradecraft.com/" "Mozilla/5.0 (Macintosh; Intel Mac OS X 10_7_4) AppleWebKit/536.25 (KHTML, like Gecko) Version/6.0 Safari/536.25"
67.194.20.108 - ewags [23/Oct/2012:09:56:16 -0400] "GET /badges/pos101/concentrator.png HTTP/1.1" 200 3594 "https://www.gradecraft.com/" "Mozilla/5.0 (Macintosh; Intel Mac OS X 10_7_4) AppleWebKit/536.25 (KHTML, like Gecko) Version/6.0 Safari/536.25"
67.194.20.108 - ewags [23/Oct/2012:09:56:16 -0400] "GET /badges/pos101/courageous_failure.png HTTP/1.1" 200 8410 "https://www.gradecraft.com/" "Mozilla/5.0 (Macintosh; Intel Mac OS X 10_7_4) AppleWebKit/536.25 (KHTML, like Gecko) Version/6.0 Safari/536.25"
67.194.20.108 - ewags [23/Oct/2012:09:56:16 -0400] "GET /badges/pos101/early_bird_special.png HTTP/1.1" 200 4602 "https://www.gradecraft.com/" "Mozilla/5.0 (Macintosh; Intel Mac OS X 10_7_4) AppleWebKit/536.25 (KHTML, like Gecko) Version/6.0 Safari/536.25"
67.194.20.108 - ewags [23/Oct/2012:09:56:16 -0400] "GET /badges/pos101/examination_expert.png HTTP/1.1" 200 4042 "https://www.gradecraft.com/" "Mozilla/5.0 (Macintosh; Intel Mac OS X 10_7_4) AppleWebKit/536.25 (KHTML, like Gecko) Version/6.0 Safari/536.25"
67.194.20.108 - ewags [23/Oct/2012:09:56:16 -0400] "GET /badges/pos101/gaining_experience.png HTTP/1.1" 200 8458 "https://www.gradecraft.com/" "Mozilla/5.0 (Macintosh; Intel Mac OS X 10_7_4) AppleWebKit/536.25 (KHTML, like Gecko) Version/6.0 Safari/536.25"
67.194.20.108 - ewags [23/Oct/2012:09:56:16 -0400] "GET /badges/pos101/gamer.png HTTP/1.1" 200 4378 "https://www.gradecraft.com/" "Mozilla/5.0 (Macintosh; Intel Mac OS X 10_7_4) AppleWebKit/536.25 (KHTML, like Gecko) Version/6.0 Safari/536.25"
67.194.20.108 - ewags [23/Oct/2012:09:56:16 -0400] "GET /badges/pos101/learning_from_mistakes.png HTTP/1.1" 200 8362 "https://www.gradecraft.com/" "Mozilla/5.0 (Macintosh; Intel Mac OS X 10_7_4) AppleWebKit/536.25 (KHTML, like Gecko) Version/6.0 Safari/536.25"
67.194.20.108 - ewags [23/Oct/2012:09:56:16 -0400] "GET /badges/pos101/personal.png HTTP/1.1" 200 4474 "https://www.gradecraft.com/" "Mozilla/5.0 (Macintosh; Intel Mac OS X 10_7_4) AppleWebKit/536.25 (KHTML, like Gecko) Version/6.0 Safari/536.25"
67.194.20.108 - ewags [23/Oct/2012:09:56:16 -0400] "GET /badges/pos101/participatory_democrat.png HTTP/1.1" 200 5354 "https://www.gradecraft.com/" "Mozilla/5.0 (Macintosh; Intel Mac OS X 10_7_4) AppleWebKit/536.25 (KHTML, like Gecko) Version/6.0 Safari/536.25"
67.194.20.108 - ewags [23/Oct/2012:09:56:16 -0400] "GET /badges/pos101/level_one.png HTTP/1.1" 200 4458 "https://www.gradecraft.com/" "Mozilla/5.0 (Macintosh; Intel Mac OS X 10_7_4) AppleWebKit/536.25 (KHTML, like Gecko) Version/6.0 Safari/536.25"
67.194.20.108 - ewags [23/Oct/2012:09:56:16 -0400] "GET /badges/pos101/practice_makes_perfect.png HTTP/1.1" 200 6010 "https://www.gradecraft.com/" "Mozilla/5.0 (Macintosh; Intel Mac OS X 10_7_4) AppleWebKit/536.25 (KHTML, like Gecko) Version/6.0 Safari/536.25"
67.194.20.108 - ewags [23/Oct/2012:09:56:16 -0400] "GET /badges/pos101/scribe.png HTTP/1.1" 200 3002 "https://www.gradecraft.com/" "Mozilla/5.0 (Macintosh; Intel Mac OS X 10_7_4) AppleWebKit/536.25 (KHTML, like Gecko) Version/6.0 Safari/536.25"
67.194.20.108 - ewags [23/Oct/2012:09:56:16 -0400] "GET /badges/pos101/public_speaker.png HTTP/1.1" 200 5482 "https://www.gradecraft.com/" "Mozilla/5.0 (Macintosh; Intel Mac OS X 10_7_4) AppleWebKit/536.25 (KHTML, like Gecko) Version/6.0 Safari/536.25"
