67.194.91.17 - petersob [08/Nov/2012:10:28:16 -0500] "GET /assignments/40 HTTP/1.1" 200 15353 "https://www.gradecraft.com/assignments/40/grades/11616/edit?gradeable_id=80&gradeable_type=User" "Mozilla/5.0 (Windows NT 6.1; rv:16.0) Gecko/20100101 Firefox/16.0"
67.194.91.17 - petersob [08/Nov/2012:10:28:22 -0500] "GET /assignments HTTP/1.1" 304 917 "https://www.gradecraft.com/assignments/40" "Mozilla/5.0 (Windows NT 6.1; rv:16.0) Gecko/20100101 Firefox/16.0"
68.42.64.247 - - [08/Nov/2012:10:36:04 -0500] "GET /dashboard HTTP/1.1" 302 3984 "-" "Mozilla/5.0 (X11; Linux x86_64; rv:16.0) Gecko/20100101 Firefox/16.0"
68.42.64.247 - - [08/Nov/2012:10:36:11 -0500] "GET /cosign/valid?cosign-www.gradecraft.com=-qNS+zLQSzGWQ+hRL9+IYk3F2RUPxjLmpi3wXtdY3L9zqbE++VK4sfhckjBdOUILFHrkcHvWlZAsM0knPAZ7ljteukcpl87JmKrDZgV4ZmQgh7GCaneFHgCtRx3o&https://www.gradecraft.com/dashboard HTTP/1.1" 301 900 "https://weblogin.umich.edu/?cosign-www.gradecraft.com&https://www.gradecraft.com/dashboard" "Mozilla/5.0 (X11; Linux x86_64; rv:16.0) Gecko/20100101 Firefox/16.0"
68.42.64.247 - justwill [08/Nov/2012:10:36:11 -0500] "GET /dashboard HTTP/1.1" 302 1364 "https://weblogin.umich.edu/?cosign-www.gradecraft.com&https://www.gradecraft.com/dashboard" "Mozilla/5.0 (X11; Linux x86_64; rv:16.0) Gecko/20100101 Firefox/16.0"
68.42.64.247 - justwill [08/Nov/2012:10:36:11 -0500] "GET /dashboard HTTP/1.1" 200 4244 "https://weblogin.umich.edu/?cosign-www.gradecraft.com&https://www.gradecraft.com/dashboard" "Mozilla/5.0 (X11; Linux x86_64; rv:16.0) Gecko/20100101 Firefox/16.0"
67.194.44.152 - - [08/Nov/2012:10:37:38 -0500] "GET /dashboard HTTP/1.1" 302 3259 "-" "Mozilla/5.0 (Macintosh; Intel Mac OS X 10_8_1) AppleWebKit/536.25 (KHTML, like Gecko) Version/6.0 Safari/536.25"
67.194.44.152 - - [08/Nov/2012:10:37:38 -0500] "GET /cosign/valid?cosign-www.gradecraft.com=BZSeQVF3to9tfnYwg-uyU6ZZeyhyls3FqAguE6gIFrZ-pb8wiUm0Cb-fh-j4X3dxaQcJ1jLOKmqfIACgsJNnjolbDsWSb4-d77osyEzTQfyphJp0V0lf24Lsm88f&https://www.gradecraft.com/dashboard HTTP/1.1" 301 900 "-" "Mozilla/5.0 (Macintosh; Intel Mac OS X 10_8_1) AppleWebKit/536.25 (KHTML, like Gecko) Version/6.0 Safari/536.25"
67.194.44.152 - stevenmr [08/Nov/2012:10:37:38 -0500] "GET /dashboard HTTP/1.1" 200 5060 "-" "Mozilla/5.0 (Macintosh; Intel Mac OS X 10_8_1) AppleWebKit/536.25 (KHTML, like Gecko) Version/6.0 Safari/536.25"
67.194.44.152 - stevenmr [08/Nov/2012:10:37:41 -0500] "GET /assets/application-a3ae5c543e1d181d1d7cb923cba7352c.css HTTP/1.1" 200 48094 "https://www.gradecraft.com/dashboard" "Mozilla/5.0 (Macintosh; Intel Mac OS X 10_8_1) AppleWebKit/536.25 (KHTML, like Gecko) Version/6.0 Safari/536.25"
67.194.44.152 - stevenmr [08/Nov/2012:10:37:41 -0500] "GET /assets/application-4019f0e2cdfabad442b22c5ea2d0cede.js HTTP/1.1" 200 208621 "https://www.gradecraft.com/dashboard" "Mozilla/5.0 (Macintosh; Intel Mac OS X 10_8_1) AppleWebKit/536.25 (KHTML, like Gecko) Version/6.0 Safari/536.25"
67.194.44.152 - stevenmr [08/Nov/2012:10:37:41 -0500] "GET /users/predictor.json?in_progress=true&user_id=353 HTTP/1.1" 304 885 "https://www.gradecraft.com/dashboard" "Mozilla/5.0 (Macintosh; Intel Mac OS X 10_8_1) AppleWebKit/536.25 (KHTML, like Gecko) Version/6.0 Safari/536.25"
67.194.44.152 - stevenmr [08/Nov/2012:10:37:41 -0500] "GET /users/predictor.json?user_id=353 HTTP/1.1" 304 885 "https://www.gradecraft.com/dashboard" "Mozilla/5.0 (Macintosh; Intel Mac OS X 10_8_1) AppleWebKit/536.25 (KHTML, like Gecko) Version/6.0 Safari/536.25"
67.194.44.152 - stevenmr [08/Nov/2012:10:37:41 -0500] "GET /badges/pos101/phoebe_badge.jpg HTTP/1.1" 404 1205 "https://www.gradecraft.com/dashboard" "Mozilla/5.0 (Macintosh; Intel Mac OS X 10_8_1) AppleWebKit/536.25 (KHTML, like Gecko) Version/6.0 Safari/536.25"
68.42.64.247 - justwill [08/Nov/2012:10:38:22 -0500] "GET /assignments HTTP/1.1" 200 5557 "https://www.gradecraft.com/dashboard" "Mozilla/5.0 (X11; Linux x86_64; rv:16.0) Gecko/20100101 Firefox/16.0"
68.42.64.247 - justwill [08/Nov/2012:10:38:21 -0500] "GET /teams HTTP/1.1" 200 3285 "https://www.gradecraft.com/dashboard" "Mozilla/5.0 (X11; Linux x86_64; rv:16.0) Gecko/20100101 Firefox/16.0"
68.42.64.247 - justwill [08/Nov/2012:10:38:38 -0500] "GET /assignments/75/grades/mass_edit HTTP/1.1" 200 12857 "https://www.gradecraft.com/assignments" "Mozilla/5.0 (X11; Linux x86_64; rv:16.0) Gecko/20100101 Firefox/16.0"
68.42.64.247 - justwill [08/Nov/2012:10:38:43 -0500] "GET /assignments/75/grades/mass_edit?utf8=%E2%9C%93&assignment_id=75&team_id=6&commit=Filter HTTP/1.1" 200 3764 "https://www.gradecraft.com/assignments/75/grades/mass_edit" "Mozilla/5.0 (X11; Linux x86_64; rv:16.0) Gecko/20100101 Firefox/16.0"
68.42.64.247 - justwill [08/Nov/2012:10:39:04 -0500] "GET /assignments/75/grades/mass_edit?utf8=%E2%9C%93&assignment_id=75&team_id=7&commit=Filter HTTP/1.1" 200 3989 "https://www.gradecraft.com/assignments/75/grades/mass_edit" "Mozilla/5.0 (X11; Linux x86_64; rv:16.0) Gecko/20100101 Firefox/16.0"
68.42.64.247 - justwill [08/Nov/2012:10:41:13 -0500] "POST /assignments/75/grades/mass_update HTTP/1.1" 302 4509 "https://www.gradecraft.com/assignments/75/grades/mass_edit?utf8=%E2%9C%93&assignment_id=75&team_id=7&commit=Filter" "Mozilla/5.0 (X11; Linux x86_64; rv:16.0) Gecko/20100101 Firefox/16.0"
68.42.64.247 - justwill [08/Nov/2012:10:41:16 -0500] "GET /assignments/75 HTTP/1.1" 200 15113 "https://www.gradecraft.com/assignments/75/grades/mass_edit?utf8=%E2%9C%93&assignment_id=75&team_id=7&commit=Filter" "Mozilla/5.0 (X11; Linux x86_64; rv:16.0) Gecko/20100101 Firefox/16.0"
68.42.64.247 - justwill [08/Nov/2012:10:41:26 -0500] "GET /assignments/75/grades/mass_edit?utf8=%E2%9C%93&assignment_id=75&team_id=14&commit=Filter HTTP/1.1" 200 3892 "https://www.gradecraft.com/assignments/75/grades/mass_edit" "Mozilla/5.0 (X11; Linux x86_64; rv:16.0) Gecko/20100101 Firefox/16.0"
98.243.170.131 - - [08/Nov/2012:10:43:20 -0500] "GET / HTTP/1.1" 302 3254 "-" "Mozilla/5.0 (Macintosh; Intel Mac OS X 10_7_4) AppleWebKit/536.25 (KHTML, like Gecko) Version/6.0 Safari/536.25"
67.194.41.235 - - [08/Nov/2012:10:43:38 -0500] "GET / HTTP/1.1" 302 3259 "-" "Mozilla/5.0 (Macintosh; Intel Mac OS X 10_8_1) AppleWebKit/536.25 (KHTML, like Gecko) Version/6.0 Safari/536.25"
67.194.41.235 - - [08/Nov/2012:10:43:43 -0500] "GET /cosign/valid?cosign-www.gradecraft.com=Ih76Vrj-wn4nJvEFwK9PAvIr07tlbB+rg5df4-2Qaguz5CxiPOsHPRlOBYoqSWl4t+6pWERnzdbAtmpzxjJQeYBiBB--0eminIS9Jq0yRv-XvDM4VvTQl6R6KJnQ&https://www.gradecraft.com/ HTTP/1.1" 301 868 "https://weblogin.umich.edu/?cosign-www.gradecraft.com&https://www.gradecraft.com/" "Mozilla/5.0 (Macintosh; Intel Mac OS X 10_8_1) AppleWebKit/536.25 (KHTML, like Gecko) Version/6.0 Safari/536.25"
67.194.41.235 - linrmart [08/Nov/2012:10:43:43 -0500] "GET / HTTP/1.1" 200 5140 "https://weblogin.umich.edu/?cosign-www.gradecraft.com&https://www.gradecraft.com/" "Mozilla/5.0 (Macintosh; Intel Mac OS X 10_8_1) AppleWebKit/536.25 (KHTML, like Gecko) Version/6.0 Safari/536.25"
67.194.41.235 - linrmart [08/Nov/2012:10:43:46 -0500] "GET /assets/application-a3ae5c543e1d181d1d7cb923cba7352c.css HTTP/1.1" 200 47949 "https://www.gradecraft.com/" "Mozilla/5.0 (Macintosh; Intel Mac OS X 10_8_1) AppleWebKit/536.25 (KHTML, like Gecko) Version/6.0 Safari/536.25"
67.194.41.235 - linrmart [08/Nov/2012:10:43:46 -0500] "GET /assets/application-4019f0e2cdfabad442b22c5ea2d0cede.js HTTP/1.1" 200 208766 "https://www.gradecraft.com/" "Mozilla/5.0 (Macintosh; Intel Mac OS X 10_8_1) AppleWebKit/536.25 (KHTML, like Gecko) Version/6.0 Safari/536.25"
67.194.41.235 - linrmart [08/Nov/2012:10:43:46 -0500] "GET /badges/pos101/phoebe_badge.jpg HTTP/1.1" 404 1205 "https://www.gradecraft.com/" "Mozilla/5.0 (Macintosh; Intel Mac OS X 10_8_1) AppleWebKit/536.25 (KHTML, like Gecko) Version/6.0 Safari/536.25"
67.194.41.235 - linrmart [08/Nov/2012:10:43:46 -0500] "GET /users/predictor.json?user_id=267 HTTP/1.1" 200 1610 "https://www.gradecraft.com/" "Mozilla/5.0 (Macintosh; Intel Mac OS X 10_8_1) AppleWebKit/536.25 (KHTML, like Gecko) Version/6.0 Safari/536.25"
67.194.41.235 - linrmart [08/Nov/2012:10:43:46 -0500] "GET /users/predictor.json?in_progress=true&user_id=267 HTTP/1.1" 200 1610 "https://www.gradecraft.com/" "Mozilla/5.0 (Macintosh; Intel Mac OS X 10_8_1) AppleWebKit/536.25 (KHTML, like Gecko) Version/6.0 Safari/536.25"
68.42.64.247 - justwill [08/Nov/2012:10:45:32 -0500] "POST /assignments/75/grades/mass_update HTTP/1.1" 302 1621 "https://www.gradecraft.com/assignments/75/grades/mass_edit?utf8=%E2%9C%93&assignment_id=75&team_id=14&commit=Filter" "Mozilla/5.0 (X11; Linux x86_64; rv:16.0) Gecko/20100101 Firefox/16.0"
68.42.64.247 - justwill [08/Nov/2012:10:45:37 -0500] "GET /assignments/75 HTTP/1.1" 200 15337 "https://www.gradecraft.com/assignments/75/grades/mass_edit?utf8=%E2%9C%93&assignment_id=75&team_id=14&commit=Filter" "Mozilla/5.0 (X11; Linux x86_64; rv:16.0) Gecko/20100101 Firefox/16.0"
68.42.64.247 - justwill [08/Nov/2012:10:45:47 -0500] "GET /users/students HTTP/1.1" 200 21726 "https://www.gradecraft.com/assignments/75" "Mozilla/5.0 (X11; Linux x86_64; rv:16.0) Gecko/20100101 Firefox/16.0"
68.42.64.247 - justwill [08/Nov/2012:10:46:29 -0500] "GET /badges/pos101/early_bird_special.png HTTP/1.1" 200 4602 "https://www.gradecraft.com/users/students" "Mozilla/5.0 (X11; Linux x86_64; rv:16.0) Gecko/20100101 Firefox/16.0"
68.42.64.247 - justwill [08/Nov/2012:10:46:29 -0500] "GET /badges/pos101/level_one.png HTTP/1.1" 200 7491 "https://www.gradecraft.com/users/students" "Mozilla/5.0 (X11; Linux x86_64; rv:16.0) Gecko/20100101 Firefox/16.0"
68.42.64.247 - justwill [08/Nov/2012:10:46:29 -0500] "GET /badges/pos101/personal.png HTTP/1.1" 200 7507 "https://www.gradecraft.com/users/students" "Mozilla/5.0 (X11; Linux x86_64; rv:16.0) Gecko/20100101 Firefox/16.0"
68.42.64.247 - justwill [08/Nov/2012:10:46:29 -0500] "GET /badges/pos101/times_immemorial.png HTTP/1.1" 200 8755 "https://www.gradecraft.com/users/students" "Mozilla/5.0 (X11; Linux x86_64; rv:16.0) Gecko/20100101 Firefox/16.0"
68.42.64.247 - justwill [08/Nov/2012:10:46:29 -0500] "GET /badges/pos101/practice_makes_perfect.png HTTP/1.1" 200 9043 "https://www.gradecraft.com/users/students" "Mozilla/5.0 (X11; Linux x86_64; rv:16.0) Gecko/20100101 Firefox/16.0"
68.42.64.247 - justwill [08/Nov/2012:10:46:29 -0500] "GET /badges/pos101/scribe.png HTTP/1.1" 200 6035 "https://www.gradecraft.com/users/students" "Mozilla/5.0 (X11; Linux x86_64; rv:16.0) Gecko/20100101 Firefox/16.0"
68.42.64.247 - justwill [08/Nov/2012:10:46:29 -0500] "GET /badges/pos101/gamer.png HTTP/1.1" 200 4378 "https://www.gradecraft.com/users/students" "Mozilla/5.0 (X11; Linux x86_64; rv:16.0) Gecko/20100101 Firefox/16.0"
68.42.64.247 - justwill [08/Nov/2012:10:46:29 -0500] "GET /badges/pos101/courageous_failure.png HTTP/1.1" 200 8410 "https://www.gradecraft.com/users/students" "Mozilla/5.0 (X11; Linux x86_64; rv:16.0) Gecko/20100101 Firefox/16.0"
68.42.64.247 - justwill [08/Nov/2012:10:46:29 -0500] "GET /badges/pos101/learning_from_mistakes.png HTTP/1.1" 200 8362 "https://www.gradecraft.com/users/students" "Mozilla/5.0 (X11; Linux x86_64; rv:16.0) Gecko/20100101 Firefox/16.0"
68.42.64.247 - justwill [08/Nov/2012:10:46:29 -0500] "GET /badges/pos101/awesome_aggregator.png HTTP/1.1" 200 5658 "https://www.gradecraft.com/users/students" "Mozilla/5.0 (X11; Linux x86_64; rv:16.0) Gecko/20100101 Firefox/16.0"
68.42.64.247 - justwill [08/Nov/2012:10:46:29 -0500] "GET /badges/pos101/public_speaker.png HTTP/1.1" 200 5482 "https://www.gradecraft.com/users/students" "Mozilla/5.0 (X11; Linux x86_64; rv:16.0) Gecko/20100101 Firefox/16.0"
68.42.64.247 - justwill [08/Nov/2012:10:46:29 -0500] "GET /badges/pos101/presentation_of_self.png HTTP/1.1" 200 5498 "https://www.gradecraft.com/users/students" "Mozilla/5.0 (X11; Linux x86_64; rv:16.0) Gecko/20100101 Firefox/16.0"
68.42.64.247 - justwill [08/Nov/2012:10:46:29 -0500] "GET /badges/pos101/phoebe_badge.jpg HTTP/1.1" 404 1044 "https://www.gradecraft.com/users/students" "Mozilla/5.0 (X11; Linux x86_64; rv:16.0) Gecko/20100101 Firefox/16.0"
68.42.64.247 - justwill [08/Nov/2012:10:46:30 -0500] "GET /badges/pos101/participatory_democrat.png HTTP/1.1" 200 5354 "https://www.gradecraft.com/users/students" "Mozilla/5.0 (X11; Linux x86_64; rv:16.0) Gecko/20100101 Firefox/16.0"
68.42.64.247 - justwill [08/Nov/2012:10:46:30 -0500] "GET /badges/pos101/examination_expert.png HTTP/1.1" 200 4042 "https://www.gradecraft.com/users/students" "Mozilla/5.0 (X11; Linux x86_64; rv:16.0) Gecko/20100101 Firefox/16.0"
68.42.64.247 - justwill [08/Nov/2012:10:46:30 -0500] "GET /badges/pos101/teachers_pet.png HTTP/1.1" 200 3194 "https://www.gradecraft.com/users/students" "Mozilla/5.0 (X11; Linux x86_64; rv:16.0) Gecko/20100101 Firefox/16.0"
68.42.64.247 - justwill [08/Nov/2012:10:46:40 -0500] "GET /users/158 HTTP/1.1" 200 5956 "https://www.gradecraft.com/users/students" "Mozilla/5.0 (X11; Linux x86_64; rv:16.0) Gecko/20100101 Firefox/16.0"
68.42.64.247 - justwill [08/Nov/2012:10:46:42 -0500] "GET /badges/pos101/always_learning.png HTTP/1.1" 200 3066 "https://www.gradecraft.com/users/158" "Mozilla/5.0 (X11; Linux x86_64; rv:16.0) Gecko/20100101 Firefox/16.0"
68.42.64.247 - justwill [08/Nov/2012:10:46:42 -0500] "GET /badges/pos101/above_and_beyond.png HTTP/1.1" 200 6234 "https://www.gradecraft.com/users/158" "Mozilla/5.0 (X11; Linux x86_64; rv:16.0) Gecko/20100101 Firefox/16.0"
68.42.64.247 - justwill [08/Nov/2012:10:46:42 -0500] "GET /badges/pos101/great_critic.png HTTP/1.1" 200 5306 "https://www.gradecraft.com/users/158" "Mozilla/5.0 (X11; Linux x86_64; rv:16.0) Gecko/20100101 Firefox/16.0"
68.42.64.247 - justwill [08/Nov/2012:10:46:42 -0500] "GET /badges/pos101/concentrator.png HTTP/1.1" 200 3594 "https://www.gradecraft.com/users/158" "Mozilla/5.0 (X11; Linux x86_64; rv:16.0) Gecko/20100101 Firefox/16.0"
68.42.64.247 - justwill [08/Nov/2012:10:46:42 -0500] "GET /badges/pos101/gaining_experience.png HTTP/1.1" 200 8458 "https://www.gradecraft.com/users/158" "Mozilla/5.0 (X11; Linux x86_64; rv:16.0) Gecko/20100101 Firefox/16.0"
68.42.64.247 - justwill [08/Nov/2012:10:46:42 -0500] "GET /badges/pos101/phoebe_badge.jpg HTTP/1.1" 404 1044 "https://www.gradecraft.com/users/158" "Mozilla/5.0 (X11; Linux x86_64; rv:16.0) Gecko/20100101 Firefox/16.0"
68.42.64.247 - justwill [08/Nov/2012:10:46:43 -0500] "GET /users/predictor.json?in_progress=true&user_id=158 HTTP/1.1" 200 1626 "https://www.gradecraft.com/users/158" "Mozilla/5.0 (X11; Linux x86_64; rv:16.0) Gecko/20100101 Firefox/16.0"
68.42.64.247 - justwill [08/Nov/2012:10:46:43 -0500] "GET /users/predictor.json?user_id=158 HTTP/1.1" 200 1626 "https://www.gradecraft.com/users/158" "Mozilla/5.0 (X11; Linux x86_64; rv:16.0) Gecko/20100101 Firefox/16.0"
67.194.46.224 - - [08/Nov/2012:10:48:03 -0500] "GET /dashboard HTTP/1.1" 302 3259 "-" "Mozilla/5.0 (Macintosh; Intel Mac OS X 10_8_2) AppleWebKit/536.26.14 (KHTML, like Gecko) Version/6.0.1 Safari/536.26.14"
68.42.64.247 - justwill [08/Nov/2012:10:59:14 -0500] "GET /assignments/40/grades/11644/edit?gradeable_id=158&gradeable_type=User HTTP/1.1" 200 10736 "https://www.gradecraft.com/users/158" "Mozilla/5.0 (X11; Linux x86_64; rv:16.0) Gecko/20100101 Firefox/16.0"
68.42.64.247 - justwill [08/Nov/2012:10:59:15 -0500] "GET /assets/bootstrap-wysihtml5/wysiwyg-color.css HTTP/1.1" 404 1044 "https://www.gradecraft.com/assignments/40/grades/11644/edit?gradeable_id=158&gradeable_type=User" "Mozilla/5.0 (X11; Linux x86_64; rv:16.0) Gecko/20100101 Firefox/16.0"
67.194.8.159 - - [08/Nov/2012:11:00:55 -0500] "GET /dashboard HTTP/1.1" 302 3984 "-" "Mozilla/5.0 (Windows NT 6.1; WOW64; rv:16.0) Gecko/20100101 Firefox/16.0"
67.194.8.159 - - [08/Nov/2012:11:01:04 -0500] "GET /cosign/valid?cosign-www.gradecraft.com=qD6+TOLjYZcrFJnqPNsmrS1DSMgtDAlU5oPp+Ka5uiixhvZx2KZI0HOh7GeUa93a+xn72ny9Fz25y+NagE4EC4-LOmhLalcsRxpe3hgQgMiZ3R1SsCgffngzmdzT&https://www.gradecraft.com/dashboard HTTP/1.1" 301 900 "https://weblogin.umich.edu/?cosign-www.gradecraft.com&https://www.gradecraft.com/dashboard" "Mozilla/5.0 (Windows NT 6.1; WOW64; rv:16.0) Gecko/20100101 Firefox/16.0"
67.194.8.159 - ayakter [08/Nov/2012:11:01:04 -0500] "GET /dashboard HTTP/1.1" 302 1364 "https://weblogin.umich.edu/?cosign-www.gradecraft.com&https://www.gradecraft.com/dashboard" "Mozilla/5.0 (Windows NT 6.1; WOW64; rv:16.0) Gecko/20100101 Firefox/16.0"
67.194.8.159 - ayakter [08/Nov/2012:11:01:04 -0500] "GET /dashboard HTTP/1.1" 200 4244 "https://weblogin.umich.edu/?cosign-www.gradecraft.com&https://www.gradecraft.com/dashboard" "Mozilla/5.0 (Windows NT 6.1; WOW64; rv:16.0) Gecko/20100101 Firefox/16.0"
67.194.8.159 - ayakter [08/Nov/2012:11:01:07 -0500] "GET /assets/application-a3ae5c543e1d181d1d7cb923cba7352c.css HTTP/1.1" 200 47949 "https://www.gradecraft.com/dashboard" "Mozilla/5.0 (Windows NT 6.1; WOW64; rv:16.0) Gecko/20100101 Firefox/16.0"
67.194.8.159 - ayakter [08/Nov/2012:11:01:07 -0500] "GET /assets/application-4019f0e2cdfabad442b22c5ea2d0cede.js HTTP/1.1" 200 208766 "https://www.gradecraft.com/dashboard" "Mozilla/5.0 (Windows NT 6.1; WOW64; rv:16.0) Gecko/20100101 Firefox/16.0"
67.194.8.159 - ayakter [08/Nov/2012:11:01:08 -0500] "GET /favicon.ico HTTP/1.1" 200 4650 "-" "Mozilla/5.0 (Windows NT 6.1; WOW64; rv:16.0) Gecko/20100101 Firefox/16.0"
68.42.64.247 - justwill [08/Nov/2012:11:01:09 -0500] "POST /assignments/40/grades/11644 HTTP/1.1" 302 1797 "https://www.gradecraft.com/assignments/40/grades/11644/edit?gradeable_id=158&gradeable_type=User" "Mozilla/5.0 (X11; Linux x86_64; rv:16.0) Gecko/20100101 Firefox/16.0"
68.42.64.247 - justwill [08/Nov/2012:11:01:09 -0500] "GET /assignments/40 HTTP/1.1" 200 15385 "https://www.gradecraft.com/assignments/40/grades/11644/edit?gradeable_id=158&gradeable_type=User" "Mozilla/5.0 (X11; Linux x86_64; rv:16.0) Gecko/20100101 Firefox/16.0"
68.42.64.247 - justwill [08/Nov/2012:11:01:23 -0500] "GET /users/158/earned_badges/new HTTP/1.1" 200 3316 "https://www.gradecraft.com/users/158" "Mozilla/5.0 (X11; Linux x86_64; rv:16.0) Gecko/20100101 Firefox/16.0"
68.42.64.247 - justwill [08/Nov/2012:11:01:23 -0500] "GET /assets/bootstrap-wysihtml5/wysiwyg-color.css HTTP/1.1" 404 1044 "https://www.gradecraft.com/users/158/earned_badges/new" "Mozilla/5.0 (X11; Linux x86_64; rv:16.0) Gecko/20100101 Firefox/16.0"
68.42.64.247 - justwill [08/Nov/2012:11:01:48 -0500] "POST /users/158/earned_badges HTTP/1.1" 302 1797 "https://www.gradecraft.com/users/158/earned_badges/new" "Mozilla/5.0 (X11; Linux x86_64; rv:16.0) Gecko/20100101 Firefox/16.0"
68.42.64.247 - justwill [08/Nov/2012:11:01:48 -0500] "GET /users/158 HTTP/1.1" 200 6196 "https://www.gradecraft.com/users/158/earned_badges/new" "Mozilla/5.0 (X11; Linux x86_64; rv:16.0) Gecko/20100101 Firefox/16.0"
67.194.8.159 - ayakter [08/Nov/2012:11:01:49 -0500] "GET /assignments HTTP/1.1" 200 5557 "https://www.gradecraft.com/dashboard" "Mozilla/5.0 (Windows NT 6.1; WOW64; rv:16.0) Gecko/20100101 Firefox/16.0"
68.42.64.247 - justwill [08/Nov/2012:11:01:50 -0500] "GET /badges/pos101/phoebe_badge.jpg HTTP/1.1" 404 1044 "https://www.gradecraft.com/users/158" "Mozilla/5.0 (X11; Linux x86_64; rv:16.0) Gecko/20100101 Firefox/16.0"
68.42.64.247 - justwill [08/Nov/2012:11:01:50 -0500] "GET /users/predictor.json?in_progress=true&user_id=158 HTTP/1.1" 304 1030 "https://www.gradecraft.com/users/158" "Mozilla/5.0 (X11; Linux x86_64; rv:16.0) Gecko/20100101 Firefox/16.0"
68.42.64.247 - justwill [08/Nov/2012:11:01:50 -0500] "GET /users/predictor.json?user_id=158 HTTP/1.1" 304 1030 "https://www.gradecraft.com/users/158" "Mozilla/5.0 (X11; Linux x86_64; rv:16.0) Gecko/20100101 Firefox/16.0"
67.194.8.159 - ayakter [08/Nov/2012:11:01:59 -0500] "GET /assignments/115 HTTP/1.1" 500 1028 "https://www.gradecraft.com/assignments" "Mozilla/5.0 (Windows NT 6.1; WOW64; rv:16.0) Gecko/20100101 Firefox/16.0"
68.42.64.247 - justwill [08/Nov/2012:11:02:56 -0500] "GET /users/149 HTTP/1.1" 200 6069 "https://www.gradecraft.com/users/students" "Mozilla/5.0 (X11; Linux x86_64; rv:16.0) Gecko/20100101 Firefox/16.0"
68.42.64.247 - justwill [08/Nov/2012:11:02:58 -0500] "GET /badges/pos101/phoebe_badge.jpg HTTP/1.1" 404 1044 "https://www.gradecraft.com/users/149" "Mozilla/5.0 (X11; Linux x86_64; rv:16.0) Gecko/20100101 Firefox/16.0"
68.42.64.247 - justwill [08/Nov/2012:11:02:59 -0500] "GET /users/predictor.json?in_progress=true&user_id=149 HTTP/1.1" 200 1626 "https://www.gradecraft.com/users/149" "Mozilla/5.0 (X11; Linux x86_64; rv:16.0) Gecko/20100101 Firefox/16.0"
68.42.64.247 - justwill [08/Nov/2012:11:02:59 -0500] "GET /users/predictor.json?user_id=149 HTTP/1.1" 200 1755 "https://www.gradecraft.com/users/149" "Mozilla/5.0 (X11; Linux x86_64; rv:16.0) Gecko/20100101 Firefox/16.0"
67.194.8.159 - ayakter [08/Nov/2012:11:03:15 -0500] "GET /assignments/115 HTTP/1.1" 500 1173 "https://www.gradecraft.com/assignments" "Mozilla/5.0 (Windows NT 6.1; WOW64; rv:16.0) Gecko/20100101 Firefox/16.0"
68.42.64.247 - justwill [08/Nov/2012:11:03:55 -0500] "GET /assignments/40/grades/11752/edit?gradeable_id=149&gradeable_type=User HTTP/1.1" 200 7653 "https://www.gradecraft.com/users/149" "Mozilla/5.0 (X11; Linux x86_64; rv:16.0) Gecko/20100101 Firefox/16.0"
68.42.64.247 - justwill [08/Nov/2012:11:03:57 -0500] "GET /assets/bootstrap-wysihtml5/wysiwyg-color.css HTTP/1.1" 404 1044 "https://www.gradecraft.com/assignments/40/grades/11752/edit?gradeable_id=149&gradeable_type=User" "Mozilla/5.0 (X11; Linux x86_64; rv:16.0) Gecko/20100101 Firefox/16.0"
68.42.64.247 - justwill [08/Nov/2012:11:04:27 -0500] "POST /assignments/40/grades/11752 HTTP/1.1" 302 4701 "https://www.gradecraft.com/assignments/40/grades/11752/edit?gradeable_id=149&gradeable_type=User" "Mozilla/5.0 (X11; Linux x86_64; rv:16.0) Gecko/20100101 Firefox/16.0"
68.42.64.247 - justwill [08/Nov/2012:11:04:28 -0500] "GET /assignments/40 HTTP/1.1" 200 15369 "https://www.gradecraft.com/assignments/40/grades/11752/edit?gradeable_id=149&gradeable_type=User" "Mozilla/5.0 (X11; Linux x86_64; rv:16.0) Gecko/20100101 Firefox/16.0"
68.42.64.247 - justwill [08/Nov/2012:11:04:38 -0500] "GET /users/149/earned_badges/new HTTP/1.1" 200 3316 "https://www.gradecraft.com/users/149" "Mozilla/5.0 (X11; Linux x86_64; rv:16.0) Gecko/20100101 Firefox/16.0"
68.42.64.247 - justwill [08/Nov/2012:11:04:39 -0500] "GET /assets/bootstrap-wysihtml5/wysiwyg-color.css HTTP/1.1" 404 1044 "https://www.gradecraft.com/users/149/earned_badges/new" "Mozilla/5.0 (X11; Linux x86_64; rv:16.0) Gecko/20100101 Firefox/16.0"
68.42.64.247 - justwill [08/Nov/2012:11:04:53 -0500] "POST /users/149/earned_badges HTTP/1.1" 302 1652 "https://www.gradecraft.com/users/149/earned_badges/new" "Mozilla/5.0 (X11; Linux x86_64; rv:16.0) Gecko/20100101 Firefox/16.0"
68.42.64.247 - justwill [08/Nov/2012:11:04:53 -0500] "GET /users/149 HTTP/1.1" 200 6164 "https://www.gradecraft.com/users/149/earned_badges/new" "Mozilla/5.0 (X11; Linux x86_64; rv:16.0) Gecko/20100101 Firefox/16.0"
68.42.64.247 - justwill [08/Nov/2012:11:04:55 -0500] "GET /badges/pos101/phoebe_badge.jpg HTTP/1.1" 404 1044 "https://www.gradecraft.com/users/149" "Mozilla/5.0 (X11; Linux x86_64; rv:16.0) Gecko/20100101 Firefox/16.0"
68.42.64.247 - justwill [08/Nov/2012:11:04:55 -0500] "GET /users/predictor.json?in_progress=true&user_id=149 HTTP/1.1" 304 885 "https://www.gradecraft.com/users/149" "Mozilla/5.0 (X11; Linux x86_64; rv:16.0) Gecko/20100101 Firefox/16.0"
68.42.64.247 - justwill [08/Nov/2012:11:04:55 -0500] "GET /users/predictor.json?user_id=149 HTTP/1.1" 304 1030 "https://www.gradecraft.com/users/149" "Mozilla/5.0 (X11; Linux x86_64; rv:16.0) Gecko/20100101 Firefox/16.0"
68.42.64.247 - justwill [08/Nov/2012:11:05:09 -0500] "GET /users/150 HTTP/1.1" 200 5988 "https://www.gradecraft.com/users/students" "Mozilla/5.0 (X11; Linux x86_64; rv:16.0) Gecko/20100101 Firefox/16.0"
68.42.64.247 - justwill [08/Nov/2012:11:05:11 -0500] "GET /badges/pos101/phoebe_badge.jpg HTTP/1.1" 404 1044 "https://www.gradecraft.com/users/150" "Mozilla/5.0 (X11; Linux x86_64; rv:16.0) Gecko/20100101 Firefox/16.0"
68.42.64.247 - justwill [08/Nov/2012:11:05:11 -0500] "GET /badges/pos101/phoebe_badge.jpg HTTP/1.1" 404 1044 "https://www.gradecraft.com/users/150" "Mozilla/5.0 (X11; Linux x86_64; rv:16.0) Gecko/20100101 Firefox/16.0"
68.42.64.247 - justwill [08/Nov/2012:11:05:11 -0500] "GET /users/predictor.json?in_progress=true&user_id=150 HTTP/1.1" 200 1771 "https://www.gradecraft.com/users/150" "Mozilla/5.0 (X11; Linux x86_64; rv:16.0) Gecko/20100101 Firefox/16.0"
68.42.64.247 - justwill [08/Nov/2012:11:05:11 -0500] "GET /users/predictor.json?user_id=150 HTTP/1.1" 200 1755 "https://www.gradecraft.com/users/150" "Mozilla/5.0 (X11; Linux x86_64; rv:16.0) Gecko/20100101 Firefox/16.0"
68.42.64.247 - justwill [08/Nov/2012:11:05:51 -0500] "GET /assignments/40/grades/11702/edit?gradeable_id=150&gradeable_type=User HTTP/1.1" 200 7653 "https://www.gradecraft.com/users/150" "Mozilla/5.0 (X11; Linux x86_64; rv:16.0) Gecko/20100101 Firefox/16.0"
68.42.64.247 - justwill [08/Nov/2012:11:05:52 -0500] "GET /assets/bootstrap-wysihtml5/wysiwyg-color.css HTTP/1.1" 404 1044 "https://www.gradecraft.com/assignments/40/grades/11702/edit?gradeable_id=150&gradeable_type=User" "Mozilla/5.0 (X11; Linux x86_64; rv:16.0) Gecko/20100101 Firefox/16.0"
70.88.105.94 - - [08/Nov/2012:11:05:55 -0500] "GET / HTTP/1.1" 302 3254 "-" "Mozilla/5.0 (Macintosh; Intel Mac OS X 10_7_4) AppleWebKit/536.25 (KHTML, like Gecko) Version/6.0 Safari/536.25"
68.42.64.247 - justwill [08/Nov/2012:11:06:16 -0500] "POST /assignments/40/grades/11702 HTTP/1.1" 302 1813 "https://www.gradecraft.com/assignments/40/grades/11702/edit?gradeable_id=150&gradeable_type=User" "Mozilla/5.0 (X11; Linux x86_64; rv:16.0) Gecko/20100101 Firefox/16.0"
68.42.64.247 - justwill [08/Nov/2012:11:06:17 -0500] "GET /assignments/40 HTTP/1.1" 200 15369 "https://www.gradecraft.com/assignments/40/grades/11702/edit?gradeable_id=150&gradeable_type=User" "Mozilla/5.0 (X11; Linux x86_64; rv:16.0) Gecko/20100101 Firefox/16.0"
68.42.64.247 - justwill [08/Nov/2012:11:06:29 -0500] "GET /users/150/earned_badges/new HTTP/1.1" 200 3316 "https://www.gradecraft.com/users/150" "Mozilla/5.0 (X11; Linux x86_64; rv:16.0) Gecko/20100101 Firefox/16.0"
68.42.64.247 - justwill [08/Nov/2012:11:06:29 -0500] "GET /assets/bootstrap-wysihtml5/wysiwyg-color.css HTTP/1.1" 404 1044 "https://www.gradecraft.com/users/150/earned_badges/new" "Mozilla/5.0 (X11; Linux x86_64; rv:16.0) Gecko/20100101 Firefox/16.0"
68.42.64.247 - justwill [08/Nov/2012:11:06:39 -0500] "POST /users/150/earned_badges HTTP/1.1" 302 1636 "https://www.gradecraft.com/users/150/earned_badges/new" "Mozilla/5.0 (X11; Linux x86_64; rv:16.0) Gecko/20100101 Firefox/16.0"
68.42.64.247 - justwill [08/Nov/2012:11:06:39 -0500] "GET /users/150 HTTP/1.1" 200 6244 "https://www.gradecraft.com/users/150/earned_badges/new" "Mozilla/5.0 (X11; Linux x86_64; rv:16.0) Gecko/20100101 Firefox/16.0"
68.42.64.247 - justwill [08/Nov/2012:11:06:41 -0500] "GET /badges/pos101/phoebe_badge.jpg HTTP/1.1" 404 1044 "https://www.gradecraft.com/users/150" "Mozilla/5.0 (X11; Linux x86_64; rv:16.0) Gecko/20100101 Firefox/16.0"
68.42.64.247 - justwill [08/Nov/2012:11:06:42 -0500] "GET /users/predictor.json?in_progress=true&user_id=150 HTTP/1.1" 304 885 "https://www.gradecraft.com/users/150" "Mozilla/5.0 (X11; Linux x86_64; rv:16.0) Gecko/20100101 Firefox/16.0"
68.42.64.247 - justwill [08/Nov/2012:11:06:42 -0500] "GET /users/predictor.json?user_id=150 HTTP/1.1" 304 1030 "https://www.gradecraft.com/users/150" "Mozilla/5.0 (X11; Linux x86_64; rv:16.0) Gecko/20100101 Firefox/16.0"
68.42.64.247 - justwill [08/Nov/2012:11:08:02 -0500] "GET /users/148 HTTP/1.1" 200 6117 "https://www.gradecraft.com/users/students" "Mozilla/5.0 (X11; Linux x86_64; rv:16.0) Gecko/20100101 Firefox/16.0"
68.42.64.247 - justwill [08/Nov/2012:11:08:04 -0500] "GET /badges/pos101/phoebe_badge.jpg HTTP/1.1" 404 1044 "https://www.gradecraft.com/users/148" "Mozilla/5.0 (X11; Linux x86_64; rv:16.0) Gecko/20100101 Firefox/16.0"
68.42.64.247 - justwill [08/Nov/2012:11:08:05 -0500] "GET /users/predictor.json?user_id=148 HTTP/1.1" 200 1755 "https://www.gradecraft.com/users/148" "Mozilla/5.0 (X11; Linux x86_64; rv:16.0) Gecko/20100101 Firefox/16.0"
68.42.64.247 - justwill [08/Nov/2012:11:08:05 -0500] "GET /users/predictor.json?in_progress=true&user_id=148 HTTP/1.1" 200 1626 "https://www.gradecraft.com/users/148" "Mozilla/5.0 (X11; Linux x86_64; rv:16.0) Gecko/20100101 Firefox/16.0"
67.194.99.109 - - [08/Nov/2012:11:10:20 -0500] "GET / HTTP/1.1" 302 3984 "-" "Mozilla/5.0 (Windows NT 6.1; WOW64) AppleWebKit/537.11 (KHTML, like Gecko) Chrome/23.0.1271.64 Safari/537.11"
67.194.99.109 - - [08/Nov/2012:11:10:20 -0500] "GET /cosign/valid?cosign-www.gradecraft.com=kCJERngVzMK3ti3+gPJ1i-8w00nB0Hep+7zYdCTSIitcU523KgwQ4-YBLmj7OkVjqgquMyZqiK-RlK8Kkjd5ijbCMJcakRSLi75lH3NiVscp4+hoDaPqmT5E4qNk&https://www.gradecraft.com/ HTTP/1.1" 301 868 "-" "Mozilla/5.0 (Windows NT 6.1; WOW64) AppleWebKit/537.11 (KHTML, like Gecko) Chrome/23.0.1271.64 Safari/537.11"
67.194.99.109 - elizbene [08/Nov/2012:11:10:20 -0500] "GET / HTTP/1.1" 302 1332 "-" "Mozilla/5.0 (Windows NT 6.1; WOW64) AppleWebKit/537.11 (KHTML, like Gecko) Chrome/23.0.1271.64 Safari/537.11"
67.194.99.109 - elizbene [08/Nov/2012:11:10:20 -0500] "GET /dashboard HTTP/1.1" 200 5060 "-" "Mozilla/5.0 (Windows NT 6.1; WOW64) AppleWebKit/537.11 (KHTML, like Gecko) Chrome/23.0.1271.64 Safari/537.11"
67.194.99.109 - elizbene [08/Nov/2012:11:10:22 -0500] "GET /assets/application-a3ae5c543e1d181d1d7cb923cba7352c.css HTTP/1.1" 304 245 "https://www.gradecraft.com/dashboard" "Mozilla/5.0 (Windows NT 6.1; WOW64) AppleWebKit/537.11 (KHTML, like Gecko) Chrome/23.0.1271.64 Safari/537.11"
67.194.99.109 - elizbene [08/Nov/2012:11:10:22 -0500] "GET /assets/application-4019f0e2cdfabad442b22c5ea2d0cede.js HTTP/1.1" 304 3473 "https://www.gradecraft.com/dashboard" "Mozilla/5.0 (Windows NT 6.1; WOW64) AppleWebKit/537.11 (KHTML, like Gecko) Chrome/23.0.1271.64 Safari/537.11"
67.194.99.109 - elizbene [08/Nov/2012:11:10:23 -0500] "GET /badges/pos101/phoebe_badge.jpg HTTP/1.1" 404 4288 "https://www.gradecraft.com/dashboard" "Mozilla/5.0 (Windows NT 6.1; WOW64) AppleWebKit/537.11 (KHTML, like Gecko) Chrome/23.0.1271.64 Safari/537.11"
67.194.99.109 - elizbene [08/Nov/2012:11:10:23 -0500] "GET /users/predictor.json?user_id=262 HTTP/1.1" 304 885 "https://www.gradecraft.com/dashboard" "Mozilla/5.0 (Windows NT 6.1; WOW64) AppleWebKit/537.11 (KHTML, like Gecko) Chrome/23.0.1271.64 Safari/537.11"
67.194.99.109 - elizbene [08/Nov/2012:11:10:23 -0500] "GET /users/predictor.json?in_progress=true&user_id=262 HTTP/1.1" 304 885 "https://www.gradecraft.com/dashboard" "Mozilla/5.0 (Windows NT 6.1; WOW64) AppleWebKit/537.11 (KHTML, like Gecko) Chrome/23.0.1271.64 Safari/537.11"
68.42.64.247 - justwill [08/Nov/2012:11:10:26 -0500] "GET /assignments/40/grades/11690/edit?gradeable_id=148&gradeable_type=User HTTP/1.1" 200 10541 "https://www.gradecraft.com/users/148" "Mozilla/5.0 (X11; Linux x86_64; rv:16.0) Gecko/20100101 Firefox/16.0"
68.42.64.247 - justwill [08/Nov/2012:11:10:27 -0500] "GET /assets/bootstrap-wysihtml5/wysiwyg-color.css HTTP/1.1" 404 1044 "https://www.gradecraft.com/assignments/40/grades/11690/edit?gradeable_id=148&gradeable_type=User" "Mozilla/5.0 (X11; Linux x86_64; rv:16.0) Gecko/20100101 Firefox/16.0"
68.42.64.247 - justwill [08/Nov/2012:11:11:03 -0500] "POST /assignments/40/grades/11690 HTTP/1.1" 302 1813 "https://www.gradecraft.com/assignments/40/grades/11690/edit?gradeable_id=148&gradeable_type=User" "Mozilla/5.0 (X11; Linux x86_64; rv:16.0) Gecko/20100101 Firefox/16.0"
68.42.64.247 - justwill [08/Nov/2012:11:11:03 -0500] "GET /assignments/40 HTTP/1.1" 200 15385 "https://www.gradecraft.com/assignments/40/grades/11690/edit?gradeable_id=148&gradeable_type=User" "Mozilla/5.0 (X11; Linux x86_64; rv:16.0) Gecko/20100101 Firefox/16.0"
68.42.64.247 - justwill [08/Nov/2012:11:11:15 -0500] "GET /users/306 HTTP/1.1" 200 5940 "https://www.gradecraft.com/users/students" "Mozilla/5.0 (X11; Linux x86_64; rv:16.0) Gecko/20100101 Firefox/16.0"
68.42.64.247 - justwill [08/Nov/2012:11:11:18 -0500] "GET /badges/pos101/phoebe_badge.jpg HTTP/1.1" 404 1044 "https://www.gradecraft.com/users/306" "Mozilla/5.0 (X11; Linux x86_64; rv:16.0) Gecko/20100101 Firefox/16.0"
68.42.64.247 - justwill [08/Nov/2012:11:11:18 -0500] "GET /users/predictor.json?user_id=306 HTTP/1.1" 200 1771 "https://www.gradecraft.com/users/306" "Mozilla/5.0 (X11; Linux x86_64; rv:16.0) Gecko/20100101 Firefox/16.0"
68.42.64.247 - justwill [08/Nov/2012:11:11:18 -0500] "GET /users/predictor.json?in_progress=true&user_id=306 HTTP/1.1" 200 1610 "https://www.gradecraft.com/users/306" "Mozilla/5.0 (X11; Linux x86_64; rv:16.0) Gecko/20100101 Firefox/16.0"
68.42.64.247 - justwill [08/Nov/2012:11:11:49 -0500] "GET /assignments/40/grades/11910/edit?gradeable_id=306&gradeable_type=User HTTP/1.1" 200 7653 "https://www.gradecraft.com/users/306" "Mozilla/5.0 (X11; Linux x86_64; rv:16.0) Gecko/20100101 Firefox/16.0"
68.42.64.247 - justwill [08/Nov/2012:11:11:50 -0500] "GET /assets/bootstrap-wysihtml5/wysiwyg-color.css HTTP/1.1" 404 1044 "https://www.gradecraft.com/assignments/40/grades/11910/edit?gradeable_id=306&gradeable_type=User" "Mozilla/5.0 (X11; Linux x86_64; rv:16.0) Gecko/20100101 Firefox/16.0"
67.194.69.52 - - [08/Nov/2012:11:12:00 -0500] "GET / HTTP/1.1" 302 3259 "-" "Mozilla/5.0 (Macintosh; Intel Mac OS X 10_8_2) AppleWebKit/536.26.14 (KHTML, like Gecko) Version/6.0.1 Safari/536.26.14"
68.42.64.247 - justwill [08/Nov/2012:11:12:14 -0500] "POST /assignments/40/grades/11910 HTTP/1.1" 302 1813 "https://www.gradecraft.com/assignments/40/grades/11910/edit?gradeable_id=306&gradeable_type=User" "Mozilla/5.0 (X11; Linux x86_64; rv:16.0) Gecko/20100101 Firefox/16.0"
68.42.64.247 - justwill [08/Nov/2012:11:12:14 -0500] "GET /assignments/40 HTTP/1.1" 200 15401 "https://www.gradecraft.com/assignments/40/grades/11910/edit?gradeable_id=306&gradeable_type=User" "Mozilla/5.0 (X11; Linux x86_64; rv:16.0) Gecko/20100101 Firefox/16.0"
68.43.60.94 - - [08/Nov/2012:11:12:46 -0500] "GET / HTTP/1.1" 302 3984 "-" "Mozilla/5.0 (Macintosh; Intel Mac OS X 10_7_5) AppleWebKit/537.4 (KHTML, like Gecko) Chrome/22.0.1229.94 Safari/537.4"
68.42.64.247 - justwill [08/Nov/2012:11:12:50 -0500] "GET /users/173 HTTP/1.1" 200 6149 "https://www.gradecraft.com/users/students" "Mozilla/5.0 (X11; Linux x86_64; rv:16.0) Gecko/20100101 Firefox/16.0"
68.42.64.247 - justwill [08/Nov/2012:11:12:52 -0500] "GET /badges/pos101/phoebe_badge.jpg HTTP/1.1" 404 1044 "https://www.gradecraft.com/users/173" "Mozilla/5.0 (X11; Linux x86_64; rv:16.0) Gecko/20100101 Firefox/16.0"
68.43.60.94 - - [08/Nov/2012:11:12:52 -0500] "GET /cosign/valid?cosign-www.gradecraft.com=OIxL+jDiAgg3boomTSmJt79RoJUKzMY+GCrRiMCrCxgD4Sjy2l3J7g4MgCH1Vz89CukRpRkUR7qpxxx1B6c3X-yj-UjxTwxnfxB9iMt95lYYnbgIPQ6Fwu1ozqyR&https://www.gradecraft.com/ HTTP/1.1" 301 868 "https://weblogin.umich.edu/?cosign-www.gradecraft.com&https://www.gradecraft.com/" "Mozilla/5.0 (Macintosh; Intel Mac OS X 10_7_5) AppleWebKit/537.4 (KHTML, like Gecko) Chrome/22.0.1229.94 Safari/537.4"
68.42.64.247 - justwill [08/Nov/2012:11:12:52 -0500] "GET /users/predictor.json?in_progress=true&user_id=173 HTTP/1.1" 200 1626 "https://www.gradecraft.com/users/173" "Mozilla/5.0 (X11; Linux x86_64; rv:16.0) Gecko/20100101 Firefox/16.0"
68.43.60.94 - nhazen [08/Nov/2012:11:12:52 -0500] "GET / HTTP/1.1" 200 5044 "https://weblogin.umich.edu/?cosign-www.gradecraft.com&https://www.gradecraft.com/" "Mozilla/5.0 (Macintosh; Intel Mac OS X 10_7_5) AppleWebKit/537.4 (KHTML, like Gecko) Chrome/22.0.1229.94 Safari/537.4"
68.42.64.247 - justwill [08/Nov/2012:11:12:53 -0500] "GET /users/predictor.json?user_id=173 HTTP/1.1" 200 1771 "https://www.gradecraft.com/users/173" "Mozilla/5.0 (X11; Linux x86_64; rv:16.0) Gecko/20100101 Firefox/16.0"
68.43.60.94 - nhazen [08/Nov/2012:11:12:55 -0500] "GET /badges/pos101/phoebe_badge.jpg HTTP/1.1" 404 4288 "https://www.gradecraft.com/" "Mozilla/5.0 (Macintosh; Intel Mac OS X 10_7_5) AppleWebKit/537.4 (KHTML, like Gecko) Chrome/22.0.1229.94 Safari/537.4"
68.43.60.94 - nhazen [08/Nov/2012:11:12:55 -0500] "GET /users/predictor.json?in_progress=true&user_id=287 HTTP/1.1" 304 885 "https://www.gradecraft.com/" "Mozilla/5.0 (Macintosh; Intel Mac OS X 10_7_5) AppleWebKit/537.4 (KHTML, like Gecko) Chrome/22.0.1229.94 Safari/537.4"
68.43.60.94 - nhazen [08/Nov/2012:11:12:55 -0500] "GET /users/predictor.json?user_id=287 HTTP/1.1" 304 4113 "https://www.gradecraft.com/" "Mozilla/5.0 (Macintosh; Intel Mac OS X 10_7_5) AppleWebKit/537.4 (KHTML, like Gecko) Chrome/22.0.1229.94 Safari/537.4"
141.211.120.95 - - [08/Nov/2012:11:12:59 -0500] "GET / HTTP/1.1" 302 3254 "https://sites.google.com/a/umich.edu/polsci101f2012/readings/reading-homework?pli=1" "Mozilla/5.0 (Macintosh; U; Intel Mac OS X 10_6_4; en-us) AppleWebKit/533.17.8 (KHTML, like Gecko) Version/5.0.1 Safari/533.17.8"
141.211.120.95 - - [08/Nov/2012:11:12:59 -0500] "GET /cosign/valid?cosign-www.gradecraft.com=pUgNwzMaD5Tew5Z3PqwmmZIzFnGjwN-6CfVdl5Fsu9zVtlrHOLcazhhk6H90-5lbGl800IxlWr5EGLwM6jqxsHimI64DvzJIQUG0w1KjfSHqPDh+IsuWnBqcBaEP&https://www.gradecraft.com/ HTTP/1.1" 301 868 "https://sites.google.com/a/umich.edu/polsci101f2012/readings/reading-homework?pli=1" "Mozilla/5.0 (Macintosh; U; Intel Mac OS X 10_6_4; en-us) AppleWebKit/533.17.8 (KHTML, like Gecko) Version/5.0.1 Safari/533.17.8"
141.211.120.95 - hfishkin [08/Nov/2012:11:12:59 -0500] "GET / HTTP/1.1" 302 1348 "https://sites.google.com/a/umich.edu/polsci101f2012/readings/reading-homework?pli=1" "Mozilla/5.0 (Macintosh; U; Intel Mac OS X 10_6_4; en-us) AppleWebKit/533.17.8 (KHTML, like Gecko) Version/5.0.1 Safari/533.17.8"
141.211.120.95 - hfishkin [08/Nov/2012:11:12:59 -0500] "GET /dashboard HTTP/1.1" 200 5044 "https://sites.google.com/a/umich.edu/polsci101f2012/readings/reading-homework?pli=1" "Mozilla/5.0 (Macintosh; U; Intel Mac OS X 10_6_4; en-us) AppleWebKit/533.17.8 (KHTML, like Gecko) Version/5.0.1 Safari/533.17.8"
141.211.120.95 - hfishkin [08/Nov/2012:11:13:01 -0500] "GET /assets/application-a3ae5c543e1d181d1d7cb923cba7352c.css HTTP/1.1" 200 47949 "https://www.gradecraft.com/dashboard" "Mozilla/5.0 (Macintosh; U; Intel Mac OS X 10_6_4; en-us) AppleWebKit/533.17.8 (KHTML, like Gecko) Version/5.0.1 Safari/533.17.8"
141.211.120.95 - hfishkin [08/Nov/2012:11:13:01 -0500] "GET /assets/application-4019f0e2cdfabad442b22c5ea2d0cede.js HTTP/1.1" 200 208759 "https://www.gradecraft.com/dashboard" "Mozilla/5.0 (Macintosh; U; Intel Mac OS X 10_6_4; en-us) AppleWebKit/533.17.8 (KHTML, like Gecko) Version/5.0.1 Safari/533.17.8"
141.211.120.95 - hfishkin [08/Nov/2012:11:13:01 -0500] "GET /badges/pos101/above_and_beyond.png HTTP/1.1" 200 6234 "https://www.gradecraft.com/dashboard" "Mozilla/5.0 (Macintosh; U; Intel Mac OS X 10_6_4; en-us) AppleWebKit/533.17.8 (KHTML, like Gecko) Version/5.0.1 Safari/533.17.8"
141.211.120.95 - hfishkin [08/Nov/2012:11:13:01 -0500] "GET /badges/pos101/great_critic.png HTTP/1.1" 200 5306 "https://www.gradecraft.com/dashboard" "Mozilla/5.0 (Macintosh; U; Intel Mac OS X 10_6_4; en-us) AppleWebKit/533.17.8 (KHTML, like Gecko) Version/5.0.1 Safari/533.17.8"
141.211.120.95 - hfishkin [08/Nov/2012:11:13:01 -0500] "GET /badges/pos101/teachers_pet.png HTTP/1.1" 200 3194 "https://www.gradecraft.com/dashboard" "Mozilla/5.0 (Macintosh; U; Intel Mac OS X 10_6_4; en-us) AppleWebKit/533.17.8 (KHTML, like Gecko) Version/5.0.1 Safari/533.17.8"
141.211.120.95 - hfishkin [08/Nov/2012:11:13:01 -0500] "GET /badges/pos101/presentation_of_self.png HTTP/1.1" 200 5498 "https://www.gradecraft.com/dashboard" "Mozilla/5.0 (Macintosh; U; Intel Mac OS X 10_6_4; en-us) AppleWebKit/533.17.8 (KHTML, like Gecko) Version/5.0.1 Safari/533.17.8"
141.211.120.95 - hfishkin [08/Nov/2012:11:13:01 -0500] "GET /badges/pos101/concentrator.png HTTP/1.1" 200 3594 "https://www.gradecraft.com/dashboard" "Mozilla/5.0 (Macintosh; U; Intel Mac OS X 10_6_4; en-us) AppleWebKit/533.17.8 (KHTML, like Gecko) Version/5.0.1 Safari/533.17.8"
141.211.120.95 - hfishkin [08/Nov/2012:11:13:01 -0500] "GET /badges/pos101/courageous_failure.png HTTP/1.1" 200 8410 "https://www.gradecraft.com/dashboard" "Mozilla/5.0 (Macintosh; U; Intel Mac OS X 10_6_4; en-us) AppleWebKit/533.17.8 (KHTML, like Gecko) Version/5.0.1 Safari/533.17.8"
141.211.120.95 - hfishkin [08/Nov/2012:11:13:02 -0500] "GET /badges/pos101/examination_expert.png HTTP/1.1" 200 4042 "https://www.gradecraft.com/dashboard" "Mozilla/5.0 (Macintosh; U; Intel Mac OS X 10_6_4; en-us) AppleWebKit/533.17.8 (KHTML, like Gecko) Version/5.0.1 Safari/533.17.8"
141.211.120.95 - hfishkin [08/Nov/2012:11:13:02 -0500] "GET /badges/pos101/early_bird_special.png HTTP/1.1" 200 4602 "https://www.gradecraft.com/dashboard" "Mozilla/5.0 (Macintosh; U; Intel Mac OS X 10_6_4; en-us) AppleWebKit/533.17.8 (KHTML, like Gecko) Version/5.0.1 Safari/533.17.8"
141.211.120.95 - hfishkin [08/Nov/2012:11:13:02 -0500] "GET /badges/pos101/gaining_experience.png HTTP/1.1" 200 8458 "https://www.gradecraft.com/dashboard" "Mozilla/5.0 (Macintosh; U; Intel Mac OS X 10_6_4; en-us) AppleWebKit/533.17.8 (KHTML, like Gecko) Version/5.0.1 Safari/533.17.8"
141.211.120.95 - hfishkin [08/Nov/2012:11:13:02 -0500] "GET /badges/pos101/gamer.png HTTP/1.1" 200 4378 "https://www.gradecraft.com/dashboard" "Mozilla/5.0 (Macintosh; U; Intel Mac OS X 10_6_4; en-us) AppleWebKit/533.17.8 (KHTML, like Gecko) Version/5.0.1 Safari/533.17.8"
141.211.120.95 - hfishkin [08/Nov/2012:11:13:02 -0500] "GET /badges/pos101/always_learning.png HTTP/1.1" 200 3204 "https://www.gradecraft.com/dashboard" "Mozilla/5.0 (Macintosh; U; Intel Mac OS X 10_6_4; en-us) AppleWebKit/533.17.8 (KHTML, like Gecko) Version/5.0.1 Safari/533.17.8"
141.211.120.95 - hfishkin [08/Nov/2012:11:13:02 -0500] "GET /badges/pos101/level_one.png HTTP/1.1" 200 4458 "https://www.gradecraft.com/dashboard" "Mozilla/5.0 (Macintosh; U; Intel Mac OS X 10_6_4; en-us) AppleWebKit/533.17.8 (KHTML, like Gecko) Version/5.0.1 Safari/533.17.8"
141.211.120.95 - hfishkin [08/Nov/2012:11:13:02 -0500] "GET /badges/pos101/learning_from_mistakes.png HTTP/1.1" 200 8362 "https://www.gradecraft.com/dashboard" "Mozilla/5.0 (Macintosh; U; Intel Mac OS X 10_6_4; en-us) AppleWebKit/533.17.8 (KHTML, like Gecko) Version/5.0.1 Safari/533.17.8"
141.211.120.95 - hfishkin [08/Nov/2012:11:13:02 -0500] "GET /badges/pos101/personal.png HTTP/1.1" 200 4474 "https://www.gradecraft.com/dashboard" "Mozilla/5.0 (Macintosh; U; Intel Mac OS X 10_6_4; en-us) AppleWebKit/533.17.8 (KHTML, like Gecko) Version/5.0.1 Safari/533.17.8"
141.211.120.95 - hfishkin [08/Nov/2012:11:13:02 -0500] "GET /badges/pos101/awesome_aggregator.png HTTP/1.1" 200 5796 "https://www.gradecraft.com/dashboard" "Mozilla/5.0 (Macintosh; U; Intel Mac OS X 10_6_4; en-us) AppleWebKit/533.17.8 (KHTML, like Gecko) Version/5.0.1 Safari/533.17.8"
141.211.120.95 - hfishkin [08/Nov/2012:11:13:02 -0500] "GET /badges/pos101/scribe.png HTTP/1.1" 200 3002 "https://www.gradecraft.com/dashboard" "Mozilla/5.0 (Macintosh; U; Intel Mac OS X 10_6_4; en-us) AppleWebKit/533.17.8 (KHTML, like Gecko) Version/5.0.1 Safari/533.17.8"
141.211.120.95 - hfishkin [08/Nov/2012:11:13:02 -0500] "GET /badges/pos101/participatory_democrat.png HTTP/1.1" 200 5354 "https://www.gradecraft.com/dashboard" "Mozilla/5.0 (Macintosh; U; Intel Mac OS X 10_6_4; en-us) AppleWebKit/533.17.8 (KHTML, like Gecko) Version/5.0.1 Safari/533.17.8"
141.211.120.95 - hfishkin [08/Nov/2012:11:13:02 -0500] "GET /badges/pos101/practice_makes_perfect.png HTTP/1.1" 200 6010 "https://www.gradecraft.com/dashboard" "Mozilla/5.0 (Macintosh; U; Intel Mac OS X 10_6_4; en-us) AppleWebKit/533.17.8 (KHTML, like Gecko) Version/5.0.1 Safari/533.17.8"
141.211.120.95 - hfishkin [08/Nov/2012:11:13:02 -0500] "GET /badges/pos101/public_speaker.png HTTP/1.1" 200 5482 "https://www.gradecraft.com/dashboard" "Mozilla/5.0 (Macintosh; U; Intel Mac OS X 10_6_4; en-us) AppleWebKit/533.17.8 (KHTML, like Gecko) Version/5.0.1 Safari/533.17.8"
141.211.120.95 - hfishkin [08/Nov/2012:11:13:02 -0500] "GET /badges/pos101/times_immemorial.png HTTP/1.1" 200 5722 "https://www.gradecraft.com/dashboard" "Mozilla/5.0 (Macintosh; U; Intel Mac OS X 10_6_4; en-us) AppleWebKit/533.17.8 (KHTML, like Gecko) Version/5.0.1 Safari/533.17.8"
141.211.120.95 - hfishkin [08/Nov/2012:11:13:02 -0500] "GET /badges/pos101/phoebe_badge.jpg HTTP/1.1" 404 1044 "https://www.gradecraft.com/dashboard" "Mozilla/5.0 (Macintosh; U; Intel Mac OS X 10_6_4; en-us) AppleWebKit/533.17.8 (KHTML, like Gecko) Version/5.0.1 Safari/533.17.8"
141.211.120.95 - hfishkin [08/Nov/2012:11:13:02 -0500] "GET /favicon.ico HTTP/1.1" 200 4650 "https://www.gradecraft.com/dashboard" "Mozilla/5.0 (Macintosh; U; Intel Mac OS X 10_6_4; en-us) AppleWebKit/533.17.8 (KHTML, like Gecko) Version/5.0.1 Safari/533.17.8"
141.211.120.95 - hfishkin [08/Nov/2012:11:13:02 -0500] "GET /users/predictor.json?user_id=67 HTTP/1.1" 200 1748 "https://www.gradecraft.com/dashboard" "Mozilla/5.0 (Macintosh; U; Intel Mac OS X 10_6_4; en-us) AppleWebKit/533.17.8 (KHTML, like Gecko) Version/5.0.1 Safari/533.17.8"
141.211.120.95 - hfishkin [08/Nov/2012:11:13:02 -0500] "GET /users/predictor.json?in_progress=true&user_id=67 HTTP/1.1" 200 1748 "https://www.gradecraft.com/dashboard" "Mozilla/5.0 (Macintosh; U; Intel Mac OS X 10_6_4; en-us) AppleWebKit/533.17.8 (KHTML, like Gecko) Version/5.0.1 Safari/533.17.8"
68.42.64.247 - justwill [08/Nov/2012:11:13:15 -0500] "GET /assignments/100/grades/10608/edit?gradeable_id=173&gradeable_type=User HTTP/1.1" 200 7717 "https://www.gradecraft.com/users/173" "Mozilla/5.0 (X11; Linux x86_64; rv:16.0) Gecko/20100101 Firefox/16.0"
68.42.64.247 - justwill [08/Nov/2012:11:13:16 -0500] "GET /assets/bootstrap-wysihtml5/wysiwyg-color.css HTTP/1.1" 404 1044 "https://www.gradecraft.com/assignments/100/grades/10608/edit?gradeable_id=173&gradeable_type=User" "Mozilla/5.0 (X11; Linux x86_64; rv:16.0) Gecko/20100101 Firefox/16.0"
67.194.133.74 - - [08/Nov/2012:11:13:39 -0500] "GET / HTTP/1.1" 302 3254 "-" "Mozilla/5.0 (Macintosh; Intel Mac OS X 10_5_8) AppleWebKit/534.50.2 (KHTML, like Gecko) Version/5.0.6 Safari/533.22.3"
68.42.64.247 - justwill [08/Nov/2012:11:13:43 -0500] "GET /assignments/101/assignment_submissions/680?gradeable_id=173&gradeable_type=User HTTP/1.1" 200 3429 "https://www.gradecraft.com/users/173" "Mozilla/5.0 (X11; Linux x86_64; rv:16.0) Gecko/20100101 Firefox/16.0"
68.42.64.247 - justwill [08/Nov/2012:11:13:44 -0500] "GET /assets/bootstrap-wysihtml5/wysiwyg-color.css HTTP/1.1" 404 1044 "https://www.gradecraft.com/assignments/101/assignment_submissions/680?gradeable_id=173&gradeable_type=User" "Mozilla/5.0 (X11; Linux x86_64; rv:16.0) Gecko/20100101 Firefox/16.0"
68.42.64.247 - justwill [08/Nov/2012:11:14:11 -0500] "GET /assignments/100/grades/10608/edit?gradeable_id=173&gradeable_type=User HTTP/1.1" 304 1078 "https://www.gradecraft.com/users/173" "Mozilla/5.0 (X11; Linux x86_64; rv:16.0) Gecko/20100101 Firefox/16.0"
68.42.64.247 - justwill [08/Nov/2012:11:14:12 -0500] "GET /assets/bootstrap-wysihtml5/wysiwyg-color.css HTTP/1.1" 404 1044 "https://www.gradecraft.com/assignments/100/grades/10608/edit?gradeable_id=173&gradeable_type=User" "Mozilla/5.0 (X11; Linux x86_64; rv:16.0) Gecko/20100101 Firefox/16.0"
67.194.65.69 - - [08/Nov/2012:11:14:15 -0500] "GET / HTTP/1.1" 302 3259 "-" "Mozilla/5.0 (Macintosh; Intel Mac OS X 10_8_2) AppleWebKit/536.26.14 (KHTML, like Gecko) Version/6.0.1 Safari/536.26.14"
98.224.223.159 - - [08/Nov/2012:11:14:43 -0500] "GET /dashboard HTTP/1.1" 302 3254 "-" "Mozilla/5.0 (Macintosh; Intel Mac OS X 10_6_8) AppleWebKit/534.57.2 (KHTML, like Gecko) Version/5.1.7 Safari/534.57.2"
98.224.223.159 - - [08/Nov/2012:11:14:50 -0500] "GET /cosign/valid?cosign-www.gradecraft.com=0whcDPk8YIYreUX4PSdRC2S3wr6R2onzUWOsTWoza5bvW0kvuHkuN0vJZ79NJ393HHsffQxPOx-O+VIzM1nrE2a6-8iAZCOytighT9Sd66xAeJQB4u4MDpgKFHZH&https://www.gradecraft.com/dashboard HTTP/1.1" 301 900 "https://weblogin.umich.edu/?cosign-www.gradecraft.com&https://www.gradecraft.com/dashboard" "Mozilla/5.0 (Macintosh; Intel Mac OS X 10_6_8) AppleWebKit/534.57.2 (KHTML, like Gecko) Version/5.1.7 Safari/534.57.2"
98.224.223.159 - ebunin [08/Nov/2012:11:14:50 -0500] "GET /dashboard HTTP/1.1" 302 1364 "https://weblogin.umich.edu/?cosign-www.gradecraft.com&https://www.gradecraft.com/dashboard" "Mozilla/5.0 (Macintosh; Intel Mac OS X 10_6_8) AppleWebKit/534.57.2 (KHTML, like Gecko) Version/5.1.7 Safari/534.57.2"
98.224.223.159 - ebunin [08/Nov/2012:11:14:50 -0500] "GET /dashboard HTTP/1.1" 200 5092 "https://weblogin.umich.edu/?cosign-www.gradecraft.com&https://www.gradecraft.com/dashboard" "Mozilla/5.0 (Macintosh; Intel Mac OS X 10_6_8) AppleWebKit/534.57.2 (KHTML, like Gecko) Version/5.1.7 Safari/534.57.2"
98.224.223.159 - ebunin [08/Nov/2012:11:14:52 -0500] "GET /dashboard HTTP/1.1" 200 5230 "-" "Mozilla/5.0 (Macintosh; Intel Mac OS X 10_6_8) AppleWebKit/534.57.2 (KHTML, like Gecko) Version/5.1.7 Safari/534.57.2"
98.224.223.159 - ebunin [08/Nov/2012:11:14:54 -0500] "GET /assets/application-a3ae5c543e1d181d1d7cb923cba7352c.css HTTP/1.1" 200 48087 "https://www.gradecraft.com/dashboard" "Mozilla/5.0 (Macintosh; Intel Mac OS X 10_6_8) AppleWebKit/534.57.2 (KHTML, like Gecko) Version/5.1.7 Safari/534.57.2"
98.224.223.159 - ebunin [08/Nov/2012:11:14:54 -0500] "GET /assets/application-4019f0e2cdfabad442b22c5ea2d0cede.js HTTP/1.1" 200 208621 "https://www.gradecraft.com/dashboard" "Mozilla/5.0 (Macintosh; Intel Mac OS X 10_6_8) AppleWebKit/534.57.2 (KHTML, like Gecko) Version/5.1.7 Safari/534.57.2"
98.224.223.159 - ebunin [08/Nov/2012:11:14:54 -0500] "GET /badges/pos101/above_and_beyond.png HTTP/1.1" 200 6234 "https://www.gradecraft.com/dashboard" "Mozilla/5.0 (Macintosh; Intel Mac OS X 10_6_8) AppleWebKit/534.57.2 (KHTML, like Gecko) Version/5.1.7 Safari/534.57.2"
