67.194.11.188 - rswanger [18/Sep/2012:13:18:31 -0400] "POST /user_sessions HTTP/1.1" 200 3012 "https://www.gradecraft.com/user_sessions" "Mozilla/5.0 (Macintosh; Intel Mac OS X 10_6_8) AppleWebKit/534.57.2 (KHTML, like Gecko) Version/5.1.7 Safari/534.57.2"
67.194.11.188 - rswanger [18/Sep/2012:13:18:33 -0400] "POST /user_sessions HTTP/1.1" 200 3012 "https://www.gradecraft.com/" "Mozilla/5.0 (Macintosh; Intel Mac OS X 10_6_8) AppleWebKit/534.57.2 (KHTML, like Gecko) Version/5.1.7 Safari/534.57.2"
67.194.11.188 - rswanger [18/Sep/2012:13:18:33 -0400] "GET / HTTP/1.1" 304 821 "https://sites.google.com/a/umich.edu/polsci101f2012/readings/blogs" "Mozilla/5.0 (Macintosh; Intel Mac OS X 10_6_8) AppleWebKit/534.57.2 (KHTML, like Gecko) Version/5.1.7 Safari/534.57.2"
67.194.99.122 - - [18/Sep/2012:13:19:25 -0400] "GET /logout HTTP/1.1" 302 3259 "-" "Mozilla/5.0 (Macintosh; Intel Mac OS X 10_8_1) AppleWebKit/536.25 (KHTML, like Gecko) Version/6.0 Safari/536.25"
67.194.7.255 - - [18/Sep/2012:13:19:26 -0400] "GET / HTTP/1.1" 302 3984 "-" "Mozilla/5.0 (Windows NT 6.1; WOW64) AppleWebKit/537.1 (KHTML, like Gecko) Chrome/21.0.1180.89 Safari/537.1"
67.194.7.255 - - [18/Sep/2012:13:19:32 -0400] "GET /cosign/valid?cosign-www.gradecraft.com=Cqmcc4ONbXRKB30bc4Qmq0zuFnymDtXMhtzs5NvhXJ-6QLIg8vyd8Dx2GTVbfEZEH6JeNIaOV7HhsoqxoZpRKZ2uIBA96bPwugVsL-obzOJttC0lrLS0v1+-K7S0&https://gradecraft.com/ HTTP/1.1" 301 3968 "https://weblogin.umich.edu/?cosign-www.gradecraft.com&https://gradecraft.com/" "Mozilla/5.0 (Windows NT 6.1; WOW64) AppleWebKit/537.1 (KHTML, like Gecko) Chrome/21.0.1180.89 Safari/537.1"
67.194.22.14 - japete [18/Sep/2012:13:20:00 -0400] "GET /dashboard HTTP/1.1" 200 7067 "-" "Mozilla/5.0 (Macintosh; Intel Mac OS X 10_8_1) AppleWebKit/536.25 (KHTML, like Gecko) Version/6.0 Safari/536.25"
67.194.22.14 - japete [18/Sep/2012:13:20:00 -0400] "GET /assets/application-ae9afcefede0db68672464a1f0f30f59.css HTTP/1.1" 304 245 "https://www.gradecraft.com/dashboard" "Mozilla/5.0 (Macintosh; Intel Mac OS X 10_8_1) AppleWebKit/536.25 (KHTML, like Gecko) Version/6.0 Safari/536.25"
67.194.22.14 - japete [18/Sep/2012:13:20:00 -0400] "GET /assets/application-542000ad953fb19fdb62cdd04228c4b9.js HTTP/1.1" 200 199481 "https://www.gradecraft.com/dashboard" "Mozilla/5.0 (Macintosh; Intel Mac OS X 10_8_1) AppleWebKit/536.25 (KHTML, like Gecko) Version/6.0 Safari/536.25"
67.194.22.14 - japete [18/Sep/2012:13:20:00 -0400] "GET /users/predictor.json?in_progress=true&user_id=157 HTTP/1.1" 304 885 "https://www.gradecraft.com/dashboard" "Mozilla/5.0 (Macintosh; Intel Mac OS X 10_8_1) AppleWebKit/536.25 (KHTML, like Gecko) Version/6.0 Safari/536.25"
67.194.37.79 - - [18/Sep/2012:13:20:01 -0400] "GET /dashboard HTTP/1.1" 302 3984 "-" "Mozilla/5.0 (Macintosh; Intel Mac OS X 10.7; rv:13.0) Gecko/20100101 Firefox/13.0"
67.194.37.79 - - [18/Sep/2012:13:20:01 -0400] "GET /cosign/valid?cosign-www.gradecraft.com=H6fLxhQMPeyw5hLEJ+q7ZioI414GLwQkP7frzJ+BFQ4jrEua64VO0yYlwAzCYvu-AdaZUEokcyDiAJw0RxyspuFMpFpOxBSHfCnKAKlnmtNxZOqtpFE9AaliufFS&https://www.gradecraft.com/dashboard HTTP/1.1" 301 900 "-" "Mozilla/5.0 (Macintosh; Intel Mac OS X 10.7; rv:13.0) Gecko/20100101 Firefox/13.0"
67.194.22.14 - japete [18/Sep/2012:13:20:00 -0400] "GET /users/predictor.json?user_id=157 HTTP/1.1" 304 885 "https://www.gradecraft.com/dashboard" "Mozilla/5.0 (Macintosh; Intel Mac OS X 10_8_1) AppleWebKit/536.25 (KHTML, like Gecko) Version/6.0 Safari/536.25"
67.194.37.79 - ppicon [18/Sep/2012:13:20:01 -0400] "GET /dashboard HTTP/1.1" 200 4532 "-" "Mozilla/5.0 (Macintosh; Intel Mac OS X 10.7; rv:13.0) Gecko/20100101 Firefox/13.0"
67.194.37.79 - ppicon [18/Sep/2012:13:20:02 -0400] "GET /assets/stylesheets/cyborg.min.css HTTP/1.1" 200 19621 "-" "Mozilla/5.0 (Macintosh; Intel Mac OS X 10.7; rv:13.0) Gecko/20100101 Firefox/13.0"
67.194.37.79 - ppicon [18/Sep/2012:13:20:02 -0400] "GET /assets/application-ae9afcefede0db68672464a1f0f30f59.css HTTP/1.1" 200 45133 "-" "Mozilla/5.0 (Macintosh; Intel Mac OS X 10.7; rv:13.0) Gecko/20100101 Firefox/13.0"
67.194.15.205 - - [18/Sep/2012:13:20:02 -0400] "GET /dashboard HTTP/1.1" 302 3254 "-" "Mozilla/5.0 (Macintosh; Intel Mac OS X 10_7_4) AppleWebKit/536.25 (KHTML, like Gecko) Version/6.0 Safari/536.25"
67.194.37.79 - ppicon [18/Sep/2012:13:20:02 -0400] "GET /assets/application-542000ad953fb19fdb62cdd04228c4b9.js HTTP/1.1" 200 199481 "-" "Mozilla/5.0 (Macintosh; Intel Mac OS X 10.7; rv:13.0) Gecko/20100101 Firefox/13.0"
67.194.37.79 - ppicon [18/Sep/2012:13:20:06 -0400] "GET /users/predictor.json?user_id=273 HTTP/1.1" 304 885 "-" "Mozilla/5.0 (Macintosh; Intel Mac OS X 10.7; rv:13.0) Gecko/20100101 Firefox/13.0"
67.194.37.79 - ppicon [18/Sep/2012:13:20:06 -0400] "GET /users/predictor.json?in_progress=true&user_id=273 HTTP/1.1" 304 885 "-" "Mozilla/5.0 (Macintosh; Intel Mac OS X 10.7; rv:13.0) Gecko/20100101 Firefox/13.0"
67.194.7.255 - - [18/Sep/2012:13:20:28 -0400] "GET / HTTP/1.1" 302 901 "-" "Mozilla/5.0 (Windows NT 6.1; WOW64) AppleWebKit/537.1 (KHTML, like Gecko) Chrome/21.0.1180.89 Safari/537.1"
67.194.7.255 - - [18/Sep/2012:13:20:28 -0400] "GET /cosign/valid?cosign-www.gradecraft.com=uzG6WXl+PHBUhCqKZ0t9ykfIvo40F9n94vnMpQwVAZzELkWRw61PhXfaqLnxYtBTo2K91VqP4HGUG6JP-FgUQqtrGl5RwVC+0IXuWhMLK3MEobvjnboC1ECxlMR-&https://gradecraft.com/ HTTP/1.1" 301 885 "-" "Mozilla/5.0 (Windows NT 6.1; WOW64) AppleWebKit/537.1 (KHTML, like Gecko) Chrome/21.0.1180.89 Safari/537.1"
69.89.105.69 - - [18/Sep/2012:13:20:35 -0400] "GET / HTTP/1.1" 302 3254 "-" "Mozilla/5.0 (Macintosh; Intel Mac OS X 10_7_4) AppleWebKit/536.25 (KHTML, like Gecko) Version/6.0 Safari/536.25"
67.194.37.79 - ppicon [18/Sep/2012:13:21:07 -0400] "GET /dashboard HTTP/1.1" 304 1078 "-" "Mozilla/5.0 (Macintosh; Intel Mac OS X 10.7; rv:13.0) Gecko/20100101 Firefox/13.0"
67.194.37.79 - ppicon [18/Sep/2012:13:21:08 -0400] "GET /users/predictor.json?user_id=273 HTTP/1.1" 304 950 "-" "Mozilla/5.0 (Macintosh; Intel Mac OS X 10.7; rv:13.0) Gecko/20100101 Firefox/13.0"
67.194.37.79 - ppicon [18/Sep/2012:13:21:08 -0400] "GET /users/predictor.json?in_progress=true&user_id=273 HTTP/1.1" 304 885 "-" "Mozilla/5.0 (Macintosh; Intel Mac OS X 10.7; rv:13.0) Gecko/20100101 Firefox/13.0"
67.194.37.79 - ppicon [18/Sep/2012:13:21:17 -0400] "GET /badges HTTP/1.1" 200 3956 "-" "Mozilla/5.0 (Macintosh; Intel Mac OS X 10.7; rv:13.0) Gecko/20100101 Firefox/13.0"
67.194.37.79 - ppicon [18/Sep/2012:13:21:17 -0400] "GET /badges/pos101/always_learning.png HTTP/1.1" 200 3066 "-" "Mozilla/5.0 (Macintosh; Intel Mac OS X 10.7; rv:13.0) Gecko/20100101 Firefox/13.0"
67.194.37.79 - ppicon [18/Sep/2012:13:21:17 -0400] "GET /badges/pos101/above_and_beyond.png HTTP/1.1" 200 6234 "-" "Mozilla/5.0 (Macintosh; Intel Mac OS X 10.7; rv:13.0) Gecko/20100101 Firefox/13.0"
67.194.37.79 - ppicon [18/Sep/2012:13:21:18 -0400] "GET /badges/pos101/awesome_aggregator.png HTTP/1.1" 200 5658 "-" "Mozilla/5.0 (Macintosh; Intel Mac OS X 10.7; rv:13.0) Gecko/20100101 Firefox/13.0"
67.194.37.79 - ppicon [18/Sep/2012:13:21:18 -0400] "GET /badges/pos101/courageous_failure.png HTTP/1.1" 200 8410 "-" "Mozilla/5.0 (Macintosh; Intel Mac OS X 10.7; rv:13.0) Gecko/20100101 Firefox/13.0"
67.194.37.79 - ppicon [18/Sep/2012:13:21:18 -0400] "GET /badges/pos101/early_bird_special.png HTTP/1.1" 200 4602 "-" "Mozilla/5.0 (Macintosh; Intel Mac OS X 10.7; rv:13.0) Gecko/20100101 Firefox/13.0"
67.194.37.79 - ppicon [18/Sep/2012:13:21:18 -0400] "GET /badges/pos101/great_critic.png HTTP/1.1" 200 5451 "-" "Mozilla/5.0 (Macintosh; Intel Mac OS X 10.7; rv:13.0) Gecko/20100101 Firefox/13.0"
67.194.37.79 - ppicon [18/Sep/2012:13:21:18 -0400] "GET /badges/pos101/concentrator.png HTTP/1.1" 200 3739 "-" "Mozilla/5.0 (Macintosh; Intel Mac OS X 10.7; rv:13.0) Gecko/20100101 Firefox/13.0"
67.194.37.79 - ppicon [18/Sep/2012:13:21:18 -0400] "GET /badges/pos101/teachers_pet.png HTTP/1.1" 200 3339 "-" "Mozilla/5.0 (Macintosh; Intel Mac OS X 10.7; rv:13.0) Gecko/20100101 Firefox/13.0"
67.194.37.79 - ppicon [18/Sep/2012:13:21:18 -0400] "GET /badges/pos101/presentation_of_self.png HTTP/1.1" 200 5643 "-" "Mozilla/5.0 (Macintosh; Intel Mac OS X 10.7; rv:13.0) Gecko/20100101 Firefox/13.0"
67.194.37.79 - ppicon [18/Sep/2012:13:21:18 -0400] "GET /badges/pos101/examination_expert.png HTTP/1.1" 200 4042 "-" "Mozilla/5.0 (Macintosh; Intel Mac OS X 10.7; rv:13.0) Gecko/20100101 Firefox/13.0"
67.194.37.79 - ppicon [18/Sep/2012:13:21:18 -0400] "GET /badges/pos101/gaining_experience.png HTTP/1.1" 200 8458 "-" "Mozilla/5.0 (Macintosh; Intel Mac OS X 10.7; rv:13.0) Gecko/20100101 Firefox/13.0"
67.194.37.79 - ppicon [18/Sep/2012:13:21:18 -0400] "GET /badges/pos101/gamer.png HTTP/1.1" 200 4378 "-" "Mozilla/5.0 (Macintosh; Intel Mac OS X 10.7; rv:13.0) Gecko/20100101 Firefox/13.0"
67.194.37.79 - ppicon [18/Sep/2012:13:21:18 -0400] "GET /badges/pos101/level_one.png HTTP/1.1" 200 4458 "-" "Mozilla/5.0 (Macintosh; Intel Mac OS X 10.7; rv:13.0) Gecko/20100101 Firefox/13.0"
67.194.37.79 - ppicon [18/Sep/2012:13:21:18 -0400] "GET /badges/pos101/personal.png HTTP/1.1" 200 4474 "-" "Mozilla/5.0 (Macintosh; Intel Mac OS X 10.7; rv:13.0) Gecko/20100101 Firefox/13.0"
67.194.37.79 - ppicon [18/Sep/2012:13:21:18 -0400] "GET /uploads/badge/icon/23/learning_from_mistakes.png HTTP/1.1" 404 1044 "-" "Mozilla/5.0 (Macintosh; Intel Mac OS X 10.7; rv:13.0) Gecko/20100101 Firefox/13.0"
67.194.37.79 - ppicon [18/Sep/2012:13:21:18 -0400] "GET /badges/pos101/participatory_democrat.png HTTP/1.1" 200 5354 "-" "Mozilla/5.0 (Macintosh; Intel Mac OS X 10.7; rv:13.0) Gecko/20100101 Firefox/13.0"
67.194.37.79 - ppicon [18/Sep/2012:13:21:18 -0400] "GET /badges/pos101/practice_makes_perfect.png HTTP/1.1" 200 6010 "-" "Mozilla/5.0 (Macintosh; Intel Mac OS X 10.7; rv:13.0) Gecko/20100101 Firefox/13.0"
67.194.37.79 - ppicon [18/Sep/2012:13:21:18 -0400] "GET /badges/pos101/public_speaker.png HTTP/1.1" 200 5482 "-" "Mozilla/5.0 (Macintosh; Intel Mac OS X 10.7; rv:13.0) Gecko/20100101 Firefox/13.0"
67.194.37.79 - ppicon [18/Sep/2012:13:21:18 -0400] "GET /badges/pos101/scribe.png HTTP/1.1" 200 3002 "-" "Mozilla/5.0 (Macintosh; Intel Mac OS X 10.7; rv:13.0) Gecko/20100101 Firefox/13.0"
67.194.37.79 - ppicon [18/Sep/2012:13:21:18 -0400] "GET /badges/pos101/times_immemorial.png HTTP/1.1" 200 5722 "-" "Mozilla/5.0 (Macintosh; Intel Mac OS X 10.7; rv:13.0) Gecko/20100101 Firefox/13.0"
67.194.46.98 - - [18/Sep/2012:13:24:18 -0400] "GET / HTTP/1.1" 302 3254 "-" "Mozilla/5.0 (Macintosh; Intel Mac OS X 10_7_4) AppleWebKit/534.57.2 (KHTML, like Gecko) Version/5.1.7 Safari/534.57.2"
67.194.46.98 - - [18/Sep/2012:13:24:20 -0400] "GET /cosign/valid?cosign-www.gradecraft.com=G9FXkaLJy3CVSr1uG16Ov5++p7XoYa5vgd87Oi3tL6L3q-y9i22kZBKl6r458YZMeGQVKyQtLfdNkLLOEAYPIodjpMMd4fpNXGyPqDXVGTidYgMR6gOHBT7RQabv&https://www.gradecraft.com/ HTTP/1.1" 301 868 "-" "Mozilla/5.0 (Macintosh; Intel Mac OS X 10_7_4) AppleWebKit/534.57.2 (KHTML, like Gecko) Version/5.1.7 Safari/534.57.2"
67.194.46.98 - samsem [18/Sep/2012:13:24:20 -0400] "GET / HTTP/1.1" 200 2484 "-" "Mozilla/5.0 (Macintosh; Intel Mac OS X 10_7_4) AppleWebKit/534.57.2 (KHTML, like Gecko) Version/5.1.7 Safari/534.57.2"
67.194.46.98 - samsem [18/Sep/2012:13:24:20 -0400] "GET /assets/application-ae9afcefede0db68672464a1f0f30f59.css HTTP/1.1" 200 45133 "https://www.gradecraft.com/" "Mozilla/5.0 (Macintosh; Intel Mac OS X 10_7_4) AppleWebKit/534.57.2 (KHTML, like Gecko) Version/5.1.7 Safari/534.57.2"
67.194.46.98 - samsem [18/Sep/2012:13:24:20 -0400] "GET /assets/application-542000ad953fb19fdb62cdd04228c4b9.js HTTP/1.1" 200 199474 "https://www.gradecraft.com/" "Mozilla/5.0 (Macintosh; Intel Mac OS X 10_7_4) AppleWebKit/534.57.2 (KHTML, like Gecko) Version/5.1.7 Safari/534.57.2"
67.194.46.98 - samsem [18/Sep/2012:13:24:34 -0400] "POST /user_sessions HTTP/1.1" 200 3012 "https://www.gradecraft.com/" "Mozilla/5.0 (Macintosh; Intel Mac OS X 10_7_4) AppleWebKit/534.57.2 (KHTML, like Gecko) Version/5.1.7 Safari/534.57.2"
67.194.28.131 - - [18/Sep/2012:13:34:18 -0400] "GET / HTTP/1.1" 302 3259 "-" "Mozilla/5.0 (Macintosh; Intel Mac OS X 10_8_1) AppleWebKit/536.25 (KHTML, like Gecko) Version/6.0 Safari/536.25"
67.194.7.255 - - [18/Sep/2012:13:37:25 -0400] "GET / HTTP/1.1" 302 3789 "-" "Mozilla/5.0 (Windows NT 6.1; WOW64) AppleWebKit/537.1 (KHTML, like Gecko) Chrome/21.0.1180.89 Safari/537.1"
67.194.7.255 - - [18/Sep/2012:13:37:26 -0400] "GET /cosign/valid?cosign-www.gradecraft.com=mqrvKyJQWWRqIZnpRS1yozOHrU8kYOQHJS14IZwlidLqKmv-ok6wqRRzZPnsH4sbzfwUKI0hJYa76htrQw3bnwe--c+tpZAoNs3IDt9TqcdgrtYwuswGukkyhfWH&https://www.gradecraft.com/ HTTP/1.1" 301 868 "-" "Mozilla/5.0 (Windows NT 6.1; WOW64) AppleWebKit/537.1 (KHTML, like Gecko) Chrome/21.0.1180.89 Safari/537.1"
67.194.7.255 - rwstrong [18/Sep/2012:13:37:26 -0400] "GET / HTTP/1.1" 200 2484 "-" "Mozilla/5.0 (Windows NT 6.1; WOW64) AppleWebKit/537.1 (KHTML, like Gecko) Chrome/21.0.1180.89 Safari/537.1"
67.194.7.255 - rwstrong [18/Sep/2012:13:37:26 -0400] "GET /assets/application-ae9afcefede0db68672464a1f0f30f59.css HTTP/1.1" 304 245 "https://www.gradecraft.com/" "Mozilla/5.0 (Windows NT 6.1; WOW64) AppleWebKit/537.1 (KHTML, like Gecko) Chrome/21.0.1180.89 Safari/537.1"
67.194.7.255 - rwstrong [18/Sep/2012:13:37:26 -0400] "GET /assets/application-542000ad953fb19fdb62cdd04228c4b9.js HTTP/1.1" 304 3278 "https://www.gradecraft.com/" "Mozilla/5.0 (Windows NT 6.1; WOW64) AppleWebKit/537.1 (KHTML, like Gecko) Chrome/21.0.1180.89 Safari/537.1"
67.194.7.255 - rwstrong [18/Sep/2012:13:37:31 -0400] "POST /user_sessions HTTP/1.1" 200 3012 "https://www.gradecraft.com/" "Mozilla/5.0 (Windows NT 6.1; WOW64) AppleWebKit/537.1 (KHTML, like Gecko) Chrome/21.0.1180.89 Safari/537.1"
67.194.7.255 - rwstrong [18/Sep/2012:13:37:43 -0400] "GET /user_sessions?utf8=%E2%9C%93&authenticity_token=LDgfXwxB%2BZBMXTrwCF1YArfekwJM%2F9OIMJuA2y7Hdic%3D&commit=Create+a+New+Password HTTP/1.1" 404 1044 "https://www.gradecraft.com/user_sessions" "Mozilla/5.0 (Windows NT 6.1; WOW64) AppleWebKit/537.1 (KHTML, like Gecko) Chrome/21.0.1180.89 Safari/537.1"
67.194.35.6 - - [18/Sep/2012:13:42:57 -0400] "GET / HTTP/1.1" 302 3254 "-" "Mozilla/5.0 (Macintosh; U; Intel Mac OS X 10_6_8; en-us) AppleWebKit/533.21.1 (KHTML, like Gecko) Version/5.0.5 Safari/533.21.1"
35.0.80.210 - - [18/Sep/2012:13:49:00 -0400] "GET / HTTP/1.1" 302 3259 "-" "Mozilla/5.0 (Macintosh; Intel Mac OS X 10_8) AppleWebKit/536.25 (KHTML, like Gecko) Version/6.0 Safari/536.25"
67.194.7.255 - rwstrong [18/Sep/2012:13:52:42 -0400] "GET / HTTP/1.1" 304 4049 "-" "Mozilla/5.0 (Windows NT 6.1; WOW64) AppleWebKit/537.1 (KHTML, like Gecko) Chrome/21.0.1180.89 Safari/537.1"
67.194.7.255 - rwstrong [18/Sep/2012:13:52:46 -0400] "GET /login HTTP/1.1" 200 2740 "https://www.gradecraft.com/" "Mozilla/5.0 (Windows NT 6.1; WOW64) AppleWebKit/537.1 (KHTML, like Gecko) Chrome/21.0.1180.89 Safari/537.1"
67.194.7.255 - rwstrong [18/Sep/2012:13:52:48 -0400] "POST /user_sessions HTTP/1.1" 200 3012 "https://www.gradecraft.com/login" "Mozilla/5.0 (Windows NT 6.1; WOW64) AppleWebKit/537.1 (KHTML, like Gecko) Chrome/21.0.1180.89 Safari/537.1"
67.194.7.255 - rwstrong [18/Sep/2012:13:52:58 -0400] "GET /user_sessions?utf8=%E2%9C%93&authenticity_token=LDgfXwxB%2BZBMXTrwCF1YArfekwJM%2F9OIMJuA2y7Hdic%3D&commit=Create+a+New+Password HTTP/1.1" 404 1044 "https://www.gradecraft.com/user_sessions" "Mozilla/5.0 (Windows NT 6.1; WOW64) AppleWebKit/537.1 (KHTML, like Gecko) Chrome/21.0.1180.89 Safari/537.1"
67.194.42.87 - - [18/Sep/2012:13:53:04 -0400] "GET / HTTP/1.1" 302 3259 "-" "Mozilla/5.0 (Macintosh; Intel Mac OS X 10_8) AppleWebKit/536.25 (KHTML, like Gecko) Version/6.0 Safari/536.25"
67.194.7.255 - - [18/Sep/2012:13:53:15 -0400] "GET / HTTP/1.1" 302 3789 "-" "Mozilla/5.0 (Windows NT 6.1; WOW64) AppleWebKit/537.1 (KHTML, like Gecko) Chrome/21.0.1180.89 Safari/537.1"
67.194.7.255 - - [18/Sep/2012:13:53:15 -0400] "GET /cosign/valid?cosign-www.gradecraft.com=dH9joFraCCeBAjo-6wWCBEv57xzwd+VQ9Tfi8HxIrfXE6MtFzmauJBE4J1vuxUkW-WbQLwQGQ+V1WZjpCs68Ss6qniu74WqGWCRVmb23VWSxL0585-GDeg6DBGfP&https://gradecraft.com/ HTTP/1.1" 301 885 "-" "Mozilla/5.0 (Windows NT 6.1; WOW64) AppleWebKit/537.1 (KHTML, like Gecko) Chrome/21.0.1180.89 Safari/537.1"
67.194.18.8 - - [18/Sep/2012:13:53:53 -0400] "GET / HTTP/1.1" 302 3254 "https://sites.google.com/a/umich.edu/polsci101f2012/" "Mozilla/5.0 (Macintosh; Intel Mac OS X 10_7_4) AppleWebKit/536.25 (KHTML, like Gecko) Version/6.0 Safari/536.25"
67.194.18.8 - - [18/Sep/2012:13:53:59 -0400] "GET /cosign/valid?cosign-www.gradecraft.com=sf74Pcqrkw391xoFvI7CVd69193fSBrCePtwJkByaQYWmBhbt3d2U3fHWQaCIlrLu0E-HzEQMHcqirx4QM0RSF9MFD-6hbCMt1nDraYbPuPjCRNjLViF4SBfIHLu&https://www.gradecraft.com/ HTTP/1.1" 301 868 "https://weblogin.umich.edu/?cosign-www.gradecraft.com&https://www.gradecraft.com/" "Mozilla/5.0 (Macintosh; Intel Mac OS X 10_7_4) AppleWebKit/536.25 (KHTML, like Gecko) Version/6.0 Safari/536.25"
67.194.18.8 - mibednar [18/Sep/2012:13:53:59 -0400] "GET / HTTP/1.1" 500 1028 "https://weblogin.umich.edu/?cosign-www.gradecraft.com&https://www.gradecraft.com/" "Mozilla/5.0 (Macintosh; Intel Mac OS X 10_7_4) AppleWebKit/536.25 (KHTML, like Gecko) Version/6.0 Safari/536.25"
67.194.30.39 - - [18/Sep/2012:13:57:44 -0400] "GET / HTTP/1.1" 302 3259 "-" "Mozilla/5.0 (Macintosh; Intel Mac OS X 10_8_1) AppleWebKit/536.25 (KHTML, like Gecko) Version/6.0 Safari/536.25"
67.194.30.39 - - [18/Sep/2012:13:57:44 -0400] "GET /cosign/valid?cosign-www.gradecraft.com=3iXSDYM4Z0ZY5SYZVHWlh80J82u-dq79eer4ZKOXoNff1eaVum-iThuwg3uSDfhx3XRC-0yPvgNaV3b92XiKRByEtjEEpPWi1Dm9tkComXiWJGEWnOvu1Zda6kPU&https://www.gradecraft.com/ HTTP/1.1" 301 868 "-" "Mozilla/5.0 (Macintosh; Intel Mac OS X 10_8_1) AppleWebKit/536.25 (KHTML, like Gecko) Version/6.0 Safari/536.25"
67.194.30.39 - jtrand [18/Sep/2012:13:57:44 -0400] "GET / HTTP/1.1" 200 2468 "-" "Mozilla/5.0 (Macintosh; Intel Mac OS X 10_8_1) AppleWebKit/536.25 (KHTML, like Gecko) Version/6.0 Safari/536.25"
67.194.30.39 - jtrand [18/Sep/2012:13:57:44 -0400] "GET /assets/application-ae9afcefede0db68672464a1f0f30f59.css HTTP/1.1" 200 45278 "https://www.gradecraft.com/" "Mozilla/5.0 (Macintosh; Intel Mac OS X 10_8_1) AppleWebKit/536.25 (KHTML, like Gecko) Version/6.0 Safari/536.25"
67.194.30.39 - jtrand [18/Sep/2012:13:57:44 -0400] "GET /assets/application-542000ad953fb19fdb62cdd04228c4b9.js HTTP/1.1" 200 199336 "https://www.gradecraft.com/" "Mozilla/5.0 (Macintosh; Intel Mac OS X 10_8_1) AppleWebKit/536.25 (KHTML, like Gecko) Version/6.0 Safari/536.25"
67.194.30.39 - jtrand [18/Sep/2012:13:58:04 -0400] "POST /user_sessions HTTP/1.1" 200 3157 "https://www.gradecraft.com/" "Mozilla/5.0 (Macintosh; Intel Mac OS X 10_8_1) AppleWebKit/536.25 (KHTML, like Gecko) Version/6.0 Safari/536.25"
67.194.30.39 - jtrand [18/Sep/2012:13:58:30 -0400] "GET / HTTP/1.1" 304 966 "-" "Mozilla/5.0 (Macintosh; Intel Mac OS X 10_8_1) AppleWebKit/536.25 (KHTML, like Gecko) Version/6.0 Safari/536.25"
67.194.213.51 - - [18/Sep/2012:13:59:15 -0400] "GET / HTTP/1.1" 302 3259 "-" "Mozilla/5.0 (Macintosh; Intel Mac OS X 10_8) AppleWebKit/536.25 (KHTML, like Gecko) Version/6.0 Safari/536.25"
67.194.26.12 - - [18/Sep/2012:13:59:49 -0400] "GET /dashboard HTTP/1.1" 302 3254 "-" "Mozilla/5.0 (Macintosh; Intel Mac OS X 10_7_4) AppleWebKit/536.25 (KHTML, like Gecko) Version/6.0 Safari/536.25"
67.194.26.12 - - [18/Sep/2012:13:59:49 -0400] "GET /cosign/valid?cosign-www.gradecraft.com=KnumAtZR8Sf0pJ05rqj4VqFgp82pyPo2HnpglZp6uLZqI2TtKPoqeuMmL098mlKS32SQFpClD+b8i3VDsrrFsr+1GkWdEZH1ZvVkhSKK5Cu8ZD36kO4aNRFKMI0I&https://www.gradecraft.com/dashboard HTTP/1.1" 301 900 "-" "Mozilla/5.0 (Macintosh; Intel Mac OS X 10_7_4) AppleWebKit/536.25 (KHTML, like Gecko) Version/6.0 Safari/536.25"
67.194.26.12 - laurdeut [18/Sep/2012:13:59:49 -0400] "GET /dashboard HTTP/1.1" 302 1364 "-" "Mozilla/5.0 (Macintosh; Intel Mac OS X 10_7_4) AppleWebKit/536.25 (KHTML, like Gecko) Version/6.0 Safari/536.25"
67.194.26.12 - laurdeut [18/Sep/2012:13:59:49 -0400] "GET /dashboard HTTP/1.1" 200 4564 "-" "Mozilla/5.0 (Macintosh; Intel Mac OS X 10_7_4) AppleWebKit/536.25 (KHTML, like Gecko) Version/6.0 Safari/536.25"
67.194.26.12 - laurdeut [18/Sep/2012:13:59:50 -0400] "GET /assets/application-ae9afcefede0db68672464a1f0f30f59.css HTTP/1.1" 200 45133 "https://www.gradecraft.com/dashboard" "Mozilla/5.0 (Macintosh; Intel Mac OS X 10_7_4) AppleWebKit/536.25 (KHTML, like Gecko) Version/6.0 Safari/536.25"
67.194.26.12 - laurdeut [18/Sep/2012:13:59:50 -0400] "GET /assets/stylesheets/cyborg.min.css HTTP/1.1" 200 16531 "https://www.gradecraft.com/dashboard" "Mozilla/5.0 (Macintosh; Intel Mac OS X 10_7_4) AppleWebKit/536.25 (KHTML, like Gecko) Version/6.0 Safari/536.25"
67.194.26.12 - laurdeut [18/Sep/2012:13:59:50 -0400] "GET /assets/application-542000ad953fb19fdb62cdd04228c4b9.js HTTP/1.1" 200 199474 "https://www.gradecraft.com/dashboard" "Mozilla/5.0 (Macintosh; Intel Mac OS X 10_7_4) AppleWebKit/536.25 (KHTML, like Gecko) Version/6.0 Safari/536.25"
67.194.26.12 - laurdeut [18/Sep/2012:13:59:51 -0400] "GET /users/predictor.json?in_progress=true&user_id=144 HTTP/1.1" 200 1578 "https://www.gradecraft.com/dashboard" "Mozilla/5.0 (Macintosh; Intel Mac OS X 10_7_4) AppleWebKit/536.25 (KHTML, like Gecko) Version/6.0 Safari/536.25"
67.194.26.12 - laurdeut [18/Sep/2012:13:59:51 -0400] "GET /users/predictor.json?user_id=144 HTTP/1.1" 200 1594 "https://www.gradecraft.com/dashboard" "Mozilla/5.0 (Macintosh; Intel Mac OS X 10_7_4) AppleWebKit/536.25 (KHTML, like Gecko) Version/6.0 Safari/536.25"
67.194.66.194 - gamza [18/Sep/2012:14:00:02 -0400] "GET /dashboard HTTP/1.1" 304 3950 "-" "Mozilla/5.0 (Macintosh; Intel Mac OS X 10_8_1) AppleWebKit/537.1 (KHTML, like Gecko) Chrome/21.0.1180.89 Safari/537.1"
67.194.66.194 - gamza [18/Sep/2012:14:00:04 -0400] "GET /assets/application-ae9afcefede0db68672464a1f0f30f59.css HTTP/1.1" 304 245 "https://www.gradecraft.com/dashboard" "Mozilla/5.0 (Macintosh; Intel Mac OS X 10_8_1) AppleWebKit/537.1 (KHTML, like Gecko) Chrome/21.0.1180.89 Safari/537.1"
67.194.66.194 - gamza [18/Sep/2012:14:00:04 -0400] "GET /assets/application-542000ad953fb19fdb62cdd04228c4b9.js HTTP/1.1" 304 3278 "https://www.gradecraft.com/dashboard" "Mozilla/5.0 (Macintosh; Intel Mac OS X 10_8_1) AppleWebKit/537.1 (KHTML, like Gecko) Chrome/21.0.1180.89 Safari/537.1"
67.194.66.194 - gamza [18/Sep/2012:14:00:06 -0400] "GET /assignments HTTP/1.1" 200 5476 "https://www.gradecraft.com/dashboard" "Mozilla/5.0 (Macintosh; Intel Mac OS X 10_8_1) AppleWebKit/537.1 (KHTML, like Gecko) Chrome/21.0.1180.89 Safari/537.1"
67.194.26.245 - - [18/Sep/2012:14:00:21 -0400] "GET / HTTP/1.1" 302 3254 "-" "Mozilla/5.0 (Macintosh; U; Intel Mac OS X 10_6_8; en-us) AppleWebKit/533.21.1 (KHTML, like Gecko) Version/5.0.5 Safari/533.21.1"
67.194.13.52 - - [18/Sep/2012:14:00:29 -0400] "GET / HTTP/1.1" 302 3254 "-" "Mozilla/5.0 (Macintosh; Intel Mac OS X 10_7_4) AppleWebKit/536.25 (KHTML, like Gecko) Version/6.0 Safari/536.25"
67.194.13.52 - - [18/Sep/2012:14:00:29 -0400] "GET /cosign/valid?cosign-www.gradecraft.com=LqmZR0XiK0Q6XRkbJfu9R+HE8dxm7NVRvvAUtDHVDR5lCPwceoCIzlFDdP3SNdl4n87F10h26YI9w59cIWs5pRMHCQK6F90vqu7PX9NeAspRSC-QgDqM74OIOMzd&https://www.gradecraft.com/ HTTP/1.1" 301 868 "-" "Mozilla/5.0 (Macintosh; Intel Mac OS X 10_7_4) AppleWebKit/536.25 (KHTML, like Gecko) Version/6.0 Safari/536.25"
67.194.13.52 - julielb [18/Sep/2012:14:00:30 -0400] "GET / HTTP/1.1" 500 1028 "-" "Mozilla/5.0 (Macintosh; Intel Mac OS X 10_7_4) AppleWebKit/536.25 (KHTML, like Gecko) Version/6.0 Safari/536.25"
67.194.31.173 - - [18/Sep/2012:14:05:10 -0400] "GET /dashboard HTTP/1.1" 302 3259 "-" "Mozilla/5.0 (Macintosh; Intel Mac OS X 10_8_1) AppleWebKit/536.25 (KHTML, like Gecko) Version/6.0 Safari/536.25"
69.89.105.69 - - [18/Sep/2012:14:05:13 -0400] "GET /dashboard HTTP/1.1" 302 3984 "-" "Mozilla/5.0 (Macintosh; Intel Mac OS X 10_7_4) AppleWebKit/537.1 (KHTML, like Gecko) Chrome/21.0.1180.89 Safari/537.1"
69.89.105.69 - - [18/Sep/2012:14:05:13 -0400] "GET /cosign/valid?cosign-www.gradecraft.com=ZFCEcGpomxEOXezKDw0XvwhzTuDP9Sd88IzUiNYx4drIpGb9b8NgQa5YkDYLDzSU5J-tYDds5hDuTNrrWhjkxc6y6A+yeA-ZH3dGimZJh9qKQZZwfLxAxcyHbQDJ&https://www.gradecraft.com/dashboard HTTP/1.1" 301 900 "-" "Mozilla/5.0 (Macintosh; Intel Mac OS X 10_7_4) AppleWebKit/537.1 (KHTML, like Gecko) Chrome/21.0.1180.89 Safari/537.1"
69.89.105.69 - halmaghi [18/Sep/2012:14:05:13 -0400] "GET /dashboard HTTP/1.1" 302 1364 "-" "Mozilla/5.0 (Macintosh; Intel Mac OS X 10_7_4) AppleWebKit/537.1 (KHTML, like Gecko) Chrome/21.0.1180.89 Safari/537.1"
69.89.105.69 - halmaghi [18/Sep/2012:14:05:13 -0400] "GET /dashboard HTTP/1.1" 200 4532 "-" "Mozilla/5.0 (Macintosh; Intel Mac OS X 10_7_4) AppleWebKit/537.1 (KHTML, like Gecko) Chrome/21.0.1180.89 Safari/537.1"
69.89.105.69 - halmaghi [18/Sep/2012:14:05:14 -0400] "GET /assets/application-ae9afcefede0db68672464a1f0f30f59.css HTTP/1.1" 304 245 "https://www.gradecraft.com/dashboard" "Mozilla/5.0 (Macintosh; Intel Mac OS X 10_7_4) AppleWebKit/537.1 (KHTML, like Gecko) Chrome/21.0.1180.89 Safari/537.1"
69.89.105.69 - halmaghi [18/Sep/2012:14:05:14 -0400] "GET /assets/application-542000ad953fb19fdb62cdd04228c4b9.js HTTP/1.1" 304 3473 "https://www.gradecraft.com/dashboard" "Mozilla/5.0 (Macintosh; Intel Mac OS X 10_7_4) AppleWebKit/537.1 (KHTML, like Gecko) Chrome/21.0.1180.89 Safari/537.1"
69.89.105.69 - halmaghi [18/Sep/2012:14:05:15 -0400] "GET /users/predictor.json?user_id=265 HTTP/1.1" 304 885 "https://www.gradecraft.com/dashboard" "Mozilla/5.0 (Macintosh; Intel Mac OS X 10_7_4) AppleWebKit/537.1 (KHTML, like Gecko) Chrome/21.0.1180.89 Safari/537.1"
69.89.105.69 - halmaghi [18/Sep/2012:14:05:15 -0400] "GET /users/predictor.json?in_progress=true&user_id=265 HTTP/1.1" 304 901 "https://www.gradecraft.com/dashboard" "Mozilla/5.0 (Macintosh; Intel Mac OS X 10_7_4) AppleWebKit/537.1 (KHTML, like Gecko) Chrome/21.0.1180.89 Safari/537.1"
67.194.31.173 - - [18/Sep/2012:14:05:19 -0400] "GET /cosign/valid?cosign-www.gradecraft.com=BLYxRIuZVxZxMd3W8-LjZeeWMDmfCX0yTxQK+waKtpmpSUWALB4ebkvo2-8mFJgqPDAPapco0lyHUWEOvkCsH1Gr37xA-4P8Kz-8a+7PGTVnZozVut3wMq9bAjT0&https://www.gradecraft.com/dashboard HTTP/1.1" 301 900 "https://weblogin.umich.edu/?cosign-www.gradecraft.com&https://www.gradecraft.com/dashboard" "Mozilla/5.0 (Macintosh; Intel Mac OS X 10_8_1) AppleWebKit/536.25 (KHTML, like Gecko) Version/6.0 Safari/536.25"
67.194.31.173 - wkujo [18/Sep/2012:14:05:19 -0400] "GET /dashboard HTTP/1.1" 302 1364 "https://weblogin.umich.edu/?cosign-www.gradecraft.com&https://www.gradecraft.com/dashboard" "Mozilla/5.0 (Macintosh; Intel Mac OS X 10_8_1) AppleWebKit/536.25 (KHTML, like Gecko) Version/6.0 Safari/536.25"
67.194.31.173 - wkujo [18/Sep/2012:14:05:19 -0400] "GET /dashboard HTTP/1.1" 200 4564 "https://weblogin.umich.edu/?cosign-www.gradecraft.com&https://www.gradecraft.com/dashboard" "Mozilla/5.0 (Macintosh; Intel Mac OS X 10_8_1) AppleWebKit/536.25 (KHTML, like Gecko) Version/6.0 Safari/536.25"
67.194.31.173 - wkujo [18/Sep/2012:14:05:20 -0400] "GET /assets/application-ae9afcefede0db68672464a1f0f30f59.css HTTP/1.1" 200 45133 "https://www.gradecraft.com/dashboard" "Mozilla/5.0 (Macintosh; Intel Mac OS X 10_8_1) AppleWebKit/536.25 (KHTML, like Gecko) Version/6.0 Safari/536.25"
67.194.31.173 - wkujo [18/Sep/2012:14:05:20 -0400] "GET /assets/stylesheets/cyborg.min.css HTTP/1.1" 200 16538 "https://www.gradecraft.com/dashboard" "Mozilla/5.0 (Macintosh; Intel Mac OS X 10_8_1) AppleWebKit/536.25 (KHTML, like Gecko) Version/6.0 Safari/536.25"
67.194.31.173 - wkujo [18/Sep/2012:14:05:20 -0400] "GET /assets/application-542000ad953fb19fdb62cdd04228c4b9.js HTTP/1.1" 200 199481 "https://www.gradecraft.com/dashboard" "Mozilla/5.0 (Macintosh; Intel Mac OS X 10_8_1) AppleWebKit/536.25 (KHTML, like Gecko) Version/6.0 Safari/536.25"
67.194.31.173 - wkujo [18/Sep/2012:14:05:20 -0400] "GET /users/predictor.json?user_id=228 HTTP/1.1" 200 1578 "https://www.gradecraft.com/dashboard" "Mozilla/5.0 (Macintosh; Intel Mac OS X 10_8_1) AppleWebKit/536.25 (KHTML, like Gecko) Version/6.0 Safari/536.25"
67.194.31.173 - wkujo [18/Sep/2012:14:05:20 -0400] "GET /users/predictor.json?in_progress=true&user_id=228 HTTP/1.1" 200 1578 "https://www.gradecraft.com/dashboard" "Mozilla/5.0 (Macintosh; Intel Mac OS X 10_8_1) AppleWebKit/536.25 (KHTML, like Gecko) Version/6.0 Safari/536.25"
67.194.126.154 - - [18/Sep/2012:14:06:55 -0400] "GET /assignments/26/grades/mass_edit HTTP/1.1" 302 3837 "https://www.gradecraft.com/assignments" "Mozilla/5.0 (Windows NT 6.1; rv:14.0) Gecko/20100101 Firefox/14.0.1"
67.194.126.154 - - [18/Sep/2012:14:07:01 -0400] "GET /cosign/valid?cosign-www.gradecraft.com=SXunkbkKhg-8RlhWMwSflwVDFgxZYXKvjlg0uTDyU8SdRGVEMZJY6wD-OPyun-xcvvJ2P0wRokI0r8SY0bv9ZikFsvGDBcslFhyxGuA7Rp3hzm6HsNr6cmCBQPpQ&https://www.gradecraft.com/assignments/26/grades/mass_edit HTTP/1.1" 301 916 "https://weblogin.umich.edu/?cosign-www.gradecraft.com&https://www.gradecraft.com/assignments/26/grades/mass_edit" "Mozilla/5.0 (Windows NT 6.1; rv:14.0) Gecko/20100101 Firefox/14.0.1"
67.194.126.154 - petersob [18/Sep/2012:14:07:01 -0400] "GET /assignments/26/grades/mass_edit HTTP/1.1" 200 15913 "https://weblogin.umich.edu/?cosign-www.gradecraft.com&https://www.gradecraft.com/assignments/26/grades/mass_edit" "Mozilla/5.0 (Windows NT 6.1; rv:14.0) Gecko/20100101 Firefox/14.0.1"
67.194.126.154 - petersob [18/Sep/2012:14:07:03 -0400] "GET /assets/application-ae9afcefede0db68672464a1f0f30f59.css HTTP/1.1" 304 245 "https://www.gradecraft.com/assignments/26/grades/mass_edit" "Mozilla/5.0 (Windows NT 6.1; rv:14.0) Gecko/20100101 Firefox/14.0.1"
67.194.126.154 - petersob [18/Sep/2012:14:07:03 -0400] "GET /assets/application-542000ad953fb19fdb62cdd04228c4b9.js HTTP/1.1" 304 245 "https://www.gradecraft.com/assignments/26/grades/mass_edit" "Mozilla/5.0 (Windows NT 6.1; rv:14.0) Gecko/20100101 Firefox/14.0.1"
67.194.245.118 - - [18/Sep/2012:14:07:49 -0400] "GET / HTTP/1.1" 302 3254 "-" "Mozilla/5.0 (Macintosh; U; Intel Mac OS X 10_5_8; en-us) AppleWebKit/533.20.25 (KHTML, like Gecko) Version/5.0.4 Safari/533.20.27"
35.0.102.129 - - [18/Sep/2012:14:07:49 -0400] "GET /dashboard HTTP/1.1" 302 3254 "-" "Mozilla/5.0 (Macintosh; Intel Mac OS X 10_7_4) AppleWebKit/536.25 (KHTML, like Gecko) Version/6.0 Safari/536.25"
35.0.102.129 - - [18/Sep/2012:14:07:50 -0400] "GET /cosign/valid?cosign-www.gradecraft.com=sRDCLNx8kFT2+sWxs7muAgrxisPZvKzOtUFRRCGEk78NikIIR7AYfiSGAVmPItFQitGg6L9YJ95hxQYDpUs22CvIxYz0lhtfo42CtLyJy5PbOJkeSVQx0o0SBemi&https://www.gradecraft.com/dashboard HTTP/1.1" 301 900 "-" "Mozilla/5.0 (Macintosh; Intel Mac OS X 10_7_4) AppleWebKit/536.25 (KHTML, like Gecko) Version/6.0 Safari/536.25"
35.0.102.129 - rewaters [18/Sep/2012:14:07:50 -0400] "GET /dashboard HTTP/1.1" 200 4548 "-" "Mozilla/5.0 (Macintosh; Intel Mac OS X 10_7_4) AppleWebKit/536.25 (KHTML, like Gecko) Version/6.0 Safari/536.25"
35.0.102.129 - rewaters [18/Sep/2012:14:07:51 -0400] "GET /assets/application-ae9afcefede0db68672464a1f0f30f59.css HTTP/1.1" 200 45133 "https://www.gradecraft.com/dashboard" "Mozilla/5.0 (Macintosh; Intel Mac OS X 10_7_4) AppleWebKit/536.25 (KHTML, like Gecko) Version/6.0 Safari/536.25"
35.0.102.129 - rewaters [18/Sep/2012:14:07:51 -0400] "GET /assets/stylesheets/cyborg.min.css HTTP/1.1" 200 16531 "https://www.gradecraft.com/dashboard" "Mozilla/5.0 (Macintosh; Intel Mac OS X 10_7_4) AppleWebKit/536.25 (KHTML, like Gecko) Version/6.0 Safari/536.25"
35.0.102.129 - rewaters [18/Sep/2012:14:07:51 -0400] "GET /assets/application-542000ad953fb19fdb62cdd04228c4b9.js HTTP/1.1" 200 199474 "https://www.gradecraft.com/dashboard" "Mozilla/5.0 (Macintosh; Intel Mac OS X 10_7_4) AppleWebKit/536.25 (KHTML, like Gecko) Version/6.0 Safari/536.25"
35.0.102.129 - rewaters [18/Sep/2012:14:07:56 -0400] "GET /users/predictor.json?user_id=295 HTTP/1.1" 304 869 "https://www.gradecraft.com/dashboard" "Mozilla/5.0 (Macintosh; Intel Mac OS X 10_7_4) AppleWebKit/536.25 (KHTML, like Gecko) Version/6.0 Safari/536.25"
35.0.102.129 - rewaters [18/Sep/2012:14:07:56 -0400] "GET /users/predictor.json?in_progress=true&user_id=295 HTTP/1.1" 304 885 "https://www.gradecraft.com/dashboard" "Mozilla/5.0 (Macintosh; Intel Mac OS X 10_7_4) AppleWebKit/536.25 (KHTML, like Gecko) Version/6.0 Safari/536.25"
67.194.18.213 - - [18/Sep/2012:14:08:12 -0400] "GET / HTTP/1.1" 302 3259 "-" "Mozilla/5.0 (Macintosh; Intel Mac OS X 10_8_1) AppleWebKit/536.25 (KHTML, like Gecko) Version/6.0 Safari/536.25"
67.194.18.213 - - [18/Sep/2012:14:08:18 -0400] "GET /cosign/valid?cosign-www.gradecraft.com=x9mtsr-Zv4a41-vVNlkoZ1C5T912kfcGmc3SD5jkusA7NNfGq9qudadyHZBglYUOhsOISFz0PQ9wtvMfUOj2fTbSVBwnVeAy3HU-qR-zZI4vv1f0CyOGQDRnNGnv&https://www.gradecraft.com/ HTTP/1.1" 301 868 "https://weblogin.umich.edu/?cosign-www.gradecraft.com&https://www.gradecraft.com/" "Mozilla/5.0 (Macintosh; Intel Mac OS X 10_8_1) AppleWebKit/536.25 (KHTML, like Gecko) Version/6.0 Safari/536.25"
67.194.18.213 - jacksty [18/Sep/2012:14:08:18 -0400] "GET / HTTP/1.1" 200 2629 "https://weblogin.umich.edu/?cosign-www.gradecraft.com&https://www.gradecraft.com/" "Mozilla/5.0 (Macintosh; Intel Mac OS X 10_8_1) AppleWebKit/536.25 (KHTML, like Gecko) Version/6.0 Safari/536.25"
67.194.18.213 - jacksty [18/Sep/2012:14:08:18 -0400] "GET /assets/application-ae9afcefede0db68672464a1f0f30f59.css HTTP/1.1" 200 45133 "https://www.gradecraft.com/" "Mozilla/5.0 (Macintosh; Intel Mac OS X 10_8_1) AppleWebKit/536.25 (KHTML, like Gecko) Version/6.0 Safari/536.25"
67.194.18.213 - jacksty [18/Sep/2012:14:08:18 -0400] "GET /assets/application-542000ad953fb19fdb62cdd04228c4b9.js HTTP/1.1" 200 199481 "https://www.gradecraft.com/" "Mozilla/5.0 (Macintosh; Intel Mac OS X 10_8_1) AppleWebKit/536.25 (KHTML, like Gecko) Version/6.0 Safari/536.25"
67.194.18.213 - jacksty [18/Sep/2012:14:08:23 -0400] "GET / HTTP/1.1" 200 2484 "-" "Mozilla/5.0 (Macintosh; Intel Mac OS X 10_8_1) AppleWebKit/536.25 (KHTML, like Gecko) Version/6.0 Safari/536.25"
67.194.18.213 - jacksty [18/Sep/2012:14:08:33 -0400] "GET / HTTP/1.1" 304 821 "https://sites.google.com/a/umich.edu/polsci101f2012/course-structure/blogging" "Mozilla/5.0 (Macintosh; Intel Mac OS X 10_8_1) AppleWebKit/536.25 (KHTML, like Gecko) Version/6.0 Safari/536.25"
35.0.88.116 - - [18/Sep/2012:14:08:34 -0400] "GET / HTTP/1.1" 302 3984 "https://sites.google.com/a/umich.edu/polsci101f2012/" "Mozilla/5.0 (Macintosh; Intel Mac OS X 10_7_4) AppleWebKit/537.1 (KHTML, like Gecko) Chrome/21.0.1180.89 Safari/537.1"
35.0.88.116 - - [18/Sep/2012:14:08:35 -0400] "GET /cosign/valid?cosign-www.gradecraft.com=H7l7g9sXQKjEiNRBhZc+gk1cK7cSHA0FPi7PuzSn0EIeoJ+HlGuzTqHRkVpzh1TLlZlSu6harmPrmpkLVgH6OjB6q4aJpZ-xPbEv6EXq2WcudWFtiC1HaC3ngTwB&https://www.gradecraft.com/ HTTP/1.1" 301 868 "https://sites.google.com/a/umich.edu/polsci101f2012/" "Mozilla/5.0 (Macintosh; Intel Mac OS X 10_7_4) AppleWebKit/537.1 (KHTML, like Gecko) Chrome/21.0.1180.89 Safari/537.1"
35.0.88.116 - slodomat [18/Sep/2012:14:08:35 -0400] "GET / HTTP/1.1" 200 2468 "https://sites.google.com/a/umich.edu/polsci101f2012/" "Mozilla/5.0 (Macintosh; Intel Mac OS X 10_7_4) AppleWebKit/537.1 (KHTML, like Gecko) Chrome/21.0.1180.89 Safari/537.1"
35.0.88.116 - slodomat [18/Sep/2012:14:08:35 -0400] "GET /assets/application-ae9afcefede0db68672464a1f0f30f59.css HTTP/1.1" 200 45133 "https://www.gradecraft.com/" "Mozilla/5.0 (Macintosh; Intel Mac OS X 10_7_4) AppleWebKit/537.1 (KHTML, like Gecko) Chrome/21.0.1180.89 Safari/537.1"
35.0.88.116 - slodomat [18/Sep/2012:14:08:35 -0400] "GET /assets/application-542000ad953fb19fdb62cdd04228c4b9.js HTTP/1.1" 200 199481 "https://www.gradecraft.com/" "Mozilla/5.0 (Macintosh; Intel Mac OS X 10_7_4) AppleWebKit/537.1 (KHTML, like Gecko) Chrome/21.0.1180.89 Safari/537.1"
35.0.88.116 - slodomat [18/Sep/2012:14:08:41 -0400] "GET /favicon.ico HTTP/1.1" 200 4650 "-" "Mozilla/5.0 (Macintosh; Intel Mac OS X 10_7_4) AppleWebKit/537.1 (KHTML, like Gecko) Chrome/21.0.1180.89 Safari/537.1"
35.0.102.129 - rewaters [18/Sep/2012:14:08:45 -0400] "GET /users/edit_profile HTTP/1.1" 200 3310 "https://www.gradecraft.com/dashboard" "Mozilla/5.0 (Macintosh; Intel Mac OS X 10_7_4) AppleWebKit/536.25 (KHTML, like Gecko) Version/6.0 Safari/536.25"
67.194.76.173 - - [18/Sep/2012:14:09:15 -0400] "GET /dashboard HTTP/1.1" 302 3259 "-" "Mozilla/5.0 (Macintosh; Intel Mac OS X 10_8) AppleWebKit/536.25 (KHTML, like Gecko) Version/6.0 Safari/536.25"
67.194.76.173 - - [18/Sep/2012:14:09:21 -0400] "GET /cosign/valid?cosign-www.gradecraft.com=ug7EC1ezes06RE0s7Lh3uusrNaJ48U8a4CJm+TkKABWYVbduozQrcErykWAwGJ9PVdqX-NawMFSIH3X2+kVLokmcgvDnNvqfeFDOUnq4dWcTf4WUd-KIODI27f4i&https://www.gradecraft.com/dashboard HTTP/1.1" 301 900 "https://weblogin.umich.edu/?cosign-www.gradecraft.com&https://www.gradecraft.com/dashboard" "Mozilla/5.0 (Macintosh; Intel Mac OS X 10_8) AppleWebKit/536.25 (KHTML, like Gecko) Version/6.0 Safari/536.25"
67.194.76.173 - edv [18/Sep/2012:14:09:21 -0400] "GET /dashboard HTTP/1.1" 200 4548 "https://weblogin.umich.edu/?cosign-www.gradecraft.com&https://www.gradecraft.com/dashboard" "Mozilla/5.0 (Macintosh; Intel Mac OS X 10_8) AppleWebKit/536.25 (KHTML, like Gecko) Version/6.0 Safari/536.25"
67.194.76.173 - edv [18/Sep/2012:14:09:22 -0400] "GET /assets/application-ae9afcefede0db68672464a1f0f30f59.css HTTP/1.1" 200 45133 "https://www.gradecraft.com/dashboard" "Mozilla/5.0 (Macintosh; Intel Mac OS X 10_8) AppleWebKit/536.25 (KHTML, like Gecko) Version/6.0 Safari/536.25"
67.194.76.173 - edv [18/Sep/2012:14:09:22 -0400] "GET /assets/stylesheets/cyborg.min.css HTTP/1.1" 200 16538 "https://www.gradecraft.com/dashboard" "Mozilla/5.0 (Macintosh; Intel Mac OS X 10_8) AppleWebKit/536.25 (KHTML, like Gecko) Version/6.0 Safari/536.25"
67.194.76.173 - edv [18/Sep/2012:14:09:22 -0400] "GET /assets/application-542000ad953fb19fdb62cdd04228c4b9.js HTTP/1.1" 200 199481 "https://www.gradecraft.com/dashboard" "Mozilla/5.0 (Macintosh; Intel Mac OS X 10_8) AppleWebKit/536.25 (KHTML, like Gecko) Version/6.0 Safari/536.25"
67.194.76.173 - edv [18/Sep/2012:14:09:22 -0400] "GET /users/predictor.json?user_id=239 HTTP/1.1" 304 885 "https://www.gradecraft.com/dashboard" "Mozilla/5.0 (Macintosh; Intel Mac OS X 10_8) AppleWebKit/536.25 (KHTML, like Gecko) Version/6.0 Safari/536.25"
67.194.76.173 - edv [18/Sep/2012:14:09:22 -0400] "GET /users/predictor.json?in_progress=true&user_id=239 HTTP/1.1" 304 885 "https://www.gradecraft.com/dashboard" "Mozilla/5.0 (Macintosh; Intel Mac OS X 10_8) AppleWebKit/536.25 (KHTML, like Gecko) Version/6.0 Safari/536.25"
67.194.74.143 - - [18/Sep/2012:14:09:25 -0400] "GET / HTTP/1.1" 302 3984 "-" "Mozilla/5.0 (Macintosh; Intel Mac OS X 10.6; rv:15.0) Gecko/20100101 Firefox/15.0.1"
67.194.12.133 - - [18/Sep/2012:14:09:25 -0400] "GET /dashboard HTTP/1.1" 302 3259 "-" "Mozilla/5.0 (compatible; MSIE 9.0; Windows NT 6.1; WOW64; Trident/5.0)"
67.194.23.70 - - [18/Sep/2012:14:09:26 -0400] "GET / HTTP/1.1" 302 3920 "https://sites.google.com/a/umich.edu/polsci101f2012/course-structure/blogging" "Mozilla/5.0 (Macintosh; Intel Mac OS X 10_8_0) AppleWebKit/534.30 (KHTML, like Gecko) Chrome/12.0.742.122 Safari/534.30"
67.194.74.143 - - [18/Sep/2012:14:09:32 -0400] "GET /cosign/valid?cosign-www.gradecraft.com=OCi0A1M+y7ZPyrFvORPSryViBRvEiF18JbwAlA-L7QbUEE93-LLooJuC36xGP8+hqLYe4gzik-phDzBZbnNVg4pDag6M7VtWSGN3uKSs6clUCiWgfeJINCk7qvEi&https://www.gradecraft.com/ HTTP/1.1" 301 868 "https://weblogin.umich.edu/?cosign-www.gradecraft.com&https://www.gradecraft.com/" "Mozilla/5.0 (Macintosh; Intel Mac OS X 10.6; rv:15.0) Gecko/20100101 Firefox/15.0.1"
67.194.74.143 - apmack [18/Sep/2012:14:09:32 -0400] "GET / HTTP/1.1" 500 1028 "https://weblogin.umich.edu/?cosign-www.gradecraft.com&https://www.gradecraft.com/" "Mozilla/5.0 (Macintosh; Intel Mac OS X 10.6; rv:15.0) Gecko/20100101 Firefox/15.0.1"
67.194.23.70 - - [18/Sep/2012:14:09:33 -0400] "GET /cosign/valid?cosign-www.gradecraft.com=Sow9PnPKlOYlEx3b9sfUS1E1J1O9wiuQjxZrq86QqGjBowpWkb8Z-v4GOAXhf3ZpwU9C3BvITHuc4QmwYd-hyUz1o9XqHzdY9PR0z1ROxZ9ywXF4Mo9Nq59zRoK0&https://www.gradecraft.com/ HTTP/1.1" 301 612 "https://weblogin.umich.edu/?cosign-www.gradecraft.com&https://www.gradecraft.com/" "Mozilla/5.0 (Macintosh; Intel Mac OS X 10_8_0) AppleWebKit/534.30 (KHTML, like Gecko) Chrome/12.0.742.122 Safari/534.30"
67.194.23.70 - bmakhani [18/Sep/2012:14:09:33 -0400] "GET / HTTP/1.1" 200 2068 "https://weblogin.umich.edu/?cosign-www.gradecraft.com&https://www.gradecraft.com/" "Mozilla/5.0 (Macintosh; Intel Mac OS X 10_8_0) AppleWebKit/534.30 (KHTML, like Gecko) Chrome/12.0.742.122 Safari/534.30"
67.194.23.70 - bmakhani [18/Sep/2012:14:09:33 -0400] "GET /assets/application-ae9afcefede0db68672464a1f0f30f59.css HTTP/1.1" 200 44685 "https://www.gradecraft.com/" "Mozilla/5.0 (Macintosh; Intel Mac OS X 10_8_0) AppleWebKit/534.30 (KHTML, like Gecko) Chrome/12.0.742.122 Safari/534.30"
67.194.23.70 - bmakhani [18/Sep/2012:14:09:33 -0400] "GET /assets/application-542000ad953fb19fdb62cdd04228c4b9.js HTTP/1.1" 200 202324 "https://www.gradecraft.com/" "Mozilla/5.0 (Macintosh; Intel Mac OS X 10_8_0) AppleWebKit/534.30 (KHTML, like Gecko) Chrome/12.0.742.122 Safari/534.30"
67.194.18.213 - jacksty [18/Sep/2012:14:09:34 -0400] "GET / HTTP/1.1" 304 966 "https://sites.google.com/a/umich.edu/polsci101f2012/" "Mozilla/5.0 (Macintosh; Intel Mac OS X 10_8_1) AppleWebKit/536.25 (KHTML, like Gecko) Version/6.0 Safari/536.25"
67.194.74.143 - - [18/Sep/2012:14:09:35 -0400] "GET /cosign/valid?cosign-www.gradecraft.com=EBrKaOqfjI4+M1wZG3AvT57bIPdB5q+GD88jpYIErL6+6tujYvRqXh+GHq83sCMMjse0HwFwPTGhyF5rLSmV0CABbqM27SDjiABwvsXOG7lu-BMnw3KzVFYmsgJE&https://www.gradecraft.com/ HTTP/1.1" 301 1013 "-" "Mozilla/5.0 (Macintosh; Intel Mac OS X 10.6; rv:15.0) Gecko/20100101 Firefox/15.0.1"
67.194.12.133 - - [18/Sep/2012:14:09:35 -0400] "GET /cosign/valid?cosign-www.gradecraft.com=Z523cvAnbnXwtHF2KCoM+pbhACDyfd+R6C5ANyppe0t5c5nfXv2sDk3wmMiepNv9sw94Ndu9adPfh5SAflZF2pfrqh9Nc8gX6HfjSYhGU5ubms08TTeXkRZTLLWR&https://www.gradecraft.com/dashboard HTTP/1.1" 301 3403 "https://weblogin.umich.edu/?cosign-www.gradecraft.com&https://www.gradecraft.com/dashboard" "Mozilla/5.0 (compatible; MSIE 9.0; Windows NT 6.1; WOW64; Trident/5.0)"
67.194.12.133 - brynabar [18/Sep/2012:14:09:35 -0400] "GET /dashboard HTTP/1.1" 200 4548 "https://weblogin.umich.edu/?cosign-www.gradecraft.com&https://www.gradecraft.com/dashboard" "Mozilla/5.0 (compatible; MSIE 9.0; Windows NT 6.1; WOW64; Trident/5.0)"
67.194.12.133 - brynabar [18/Sep/2012:14:09:35 -0400] "GET /assets/application-ae9afcefede0db68672464a1f0f30f59.css HTTP/1.1" 304 245 "https://www.gradecraft.com/dashboard" "Mozilla/5.0 (compatible; MSIE 9.0; Windows NT 6.1; WOW64; Trident/5.0)"
67.194.12.133 - brynabar [18/Sep/2012:14:09:35 -0400] "GET /assets/application-542000ad953fb19fdb62cdd04228c4b9.js HTTP/1.1" 304 245 "https://www.gradecraft.com/dashboard" "Mozilla/5.0 (compatible; MSIE 9.0; Windows NT 6.1; WOW64; Trident/5.0)"
67.194.12.133 - brynabar [18/Sep/2012:14:09:36 -0400] "GET /users/predictor.json?user_id=220 HTTP/1.1" 304 885 "https://www.gradecraft.com/dashboard" "Mozilla/5.0 (compatible; MSIE 9.0; Windows NT 6.1; WOW64; Trident/5.0)"
67.194.12.133 - brynabar [18/Sep/2012:14:09:36 -0400] "GET /users/predictor.json?in_progress=true&user_id=220 HTTP/1.1" 304 885 "https://www.gradecraft.com/dashboard" "Mozilla/5.0 (compatible; MSIE 9.0; Windows NT 6.1; WOW64; Trident/5.0)"
35.0.102.129 - rewaters [18/Sep/2012:14:09:38 -0400] "GET /dashboard HTTP/1.1" 304 1055 "https://www.gradecraft.com/users/edit_profile" "Mozilla/5.0 (Macintosh; Intel Mac OS X 10_7_4) AppleWebKit/536.25 (KHTML, like Gecko) Version/6.0 Safari/536.25"
35.0.102.129 - rewaters [18/Sep/2012:14:09:38 -0400] "GET /users/predictor.json?user_id=295 HTTP/1.1" 304 1023 "https://www.gradecraft.com/dashboard" "Mozilla/5.0 (Macintosh; Intel Mac OS X 10_7_4) AppleWebKit/536.25 (KHTML, like Gecko) Version/6.0 Safari/536.25"
35.0.102.129 - rewaters [18/Sep/2012:14:09:38 -0400] "GET /users/predictor.json?in_progress=true&user_id=295 HTTP/1.1" 304 1023 "https://www.gradecraft.com/dashboard" "Mozilla/5.0 (Macintosh; Intel Mac OS X 10_7_4) AppleWebKit/536.25 (KHTML, like Gecko) Version/6.0 Safari/536.25"
67.194.74.143 - apmack [18/Sep/2012:14:09:39 -0400] "GET / HTTP/1.1" 500 1028 "-" "Mozilla/5.0 (Macintosh; Intel Mac OS X 10.6; rv:15.0) Gecko/20100101 Firefox/15.0.1"
67.194.23.70 - bmakhani [18/Sep/2012:14:09:46 -0400] "POST /user_sessions HTTP/1.1" 200 2644 "https://www.gradecraft.com/" "Mozilla/5.0 (Macintosh; Intel Mac OS X 10_8_0) AppleWebKit/534.30 (KHTML, like Gecko) Chrome/12.0.742.122 Safari/534.30"
67.194.35.6 - - [18/Sep/2012:14:09:49 -0400] "GET / HTTP/1.1" 302 3254 "-" "Mozilla/5.0 (Macintosh; U; Intel Mac OS X 10_6_8; en-us) AppleWebKit/533.21.1 (KHTML, like Gecko) Version/5.0.5 Safari/533.21.1"
67.194.35.6 - - [18/Sep/2012:14:09:49 -0400] "GET /cosign/valid?cosign-www.gradecraft.com=044piSOin4HyHyEecB9lpOzG2se7MH4iHl-gVD6iVmzHS6x0i3036hnRwiCB5kmuG8iphu3SXNSd9mZGoy3pa0NVv37k8SbnAso5HKMeSSHtgPg8xHL9MV31fFNS&https://www.gradecraft.com/ HTTP/1.1" 301 868 "-" "Mozilla/5.0 (Macintosh; U; Intel Mac OS X 10_6_8; en-us) AppleWebKit/533.21.1 (KHTML, like Gecko) Version/5.0.5 Safari/533.21.1"
67.194.74.143 - apmack [18/Sep/2012:14:09:49 -0400] "GET / HTTP/1.1" 500 1173 "-" "Mozilla/5.0 (Macintosh; Intel Mac OS X 10.6; rv:15.0) Gecko/20100101 Firefox/15.0.1"
67.194.35.6 - aaabihai [18/Sep/2012:14:09:49 -0400] "GET / HTTP/1.1" 500 1028 "-" "Mozilla/5.0 (Macintosh; U; Intel Mac OS X 10_6_8; en-us) AppleWebKit/533.21.1 (KHTML, like Gecko) Version/5.0.5 Safari/533.21.1"
67.194.18.213 - jacksty [18/Sep/2012:14:09:52 -0400] "POST /user_sessions HTTP/1.1" 200 3141 "https://www.gradecraft.com/" "Mozilla/5.0 (Macintosh; Intel Mac OS X 10_8_1) AppleWebKit/536.25 (KHTML, like Gecko) Version/6.0 Safari/536.25"
67.194.35.6 - aaabihai [18/Sep/2012:14:09:55 -0400] "GET / HTTP/1.1" 500 1166 "-" "Mozilla/5.0 (Macintosh; U; Intel Mac OS X 10_6_8; en-us) AppleWebKit/533.21.1 (KHTML, like Gecko) Version/5.0.5 Safari/533.21.1"
67.194.23.70 - bmakhani [18/Sep/2012:14:09:56 -0400] "POST /user_sessions HTTP/1.1" 200 580 "https://www.gradecraft.com/user_sessions" "Mozilla/5.0 (Macintosh; Intel Mac OS X 10_8_0) AppleWebKit/534.30 (KHTML, like Gecko) Chrome/12.0.742.122 Safari/534.30"
67.194.18.213 - jacksty [18/Sep/2012:14:10:05 -0400] "POST /user_sessions HTTP/1.1" 200 2996 "https://www.gradecraft.com/user_sessions" "Mozilla/5.0 (Macintosh; Intel Mac OS X 10_8_1) AppleWebKit/536.25 (KHTML, like Gecko) Version/6.0 Safari/536.25"
67.194.23.70 - bmakhani [18/Sep/2012:14:10:07 -0400] "POST /user_sessions HTTP/1.1" 200 308 "https://www.gradecraft.com/user_sessions" "Mozilla/5.0 (Macintosh; Intel Mac OS X 10_8_0) AppleWebKit/534.30 (KHTML, like Gecko) Chrome/12.0.742.122 Safari/534.30"
67.194.116.207 - - [18/Sep/2012:14:10:20 -0400] "GET / HTTP/1.1" 302 3984 "-" "Mozilla/5.0 (Windows NT 6.1; WOW64) AppleWebKit/537.1 (KHTML, like Gecko) Chrome/21.0.1180.89 Safari/537.1"
67.194.116.207 - - [18/Sep/2012:14:10:20 -0400] "GET /cosign/valid?cosign-www.gradecraft.com=liTY1h5V0j-Mnm5+Dv80dZEHcaT5-5TPGLYH7bHi028QMZeIL+PY3ldUzqbeoTXxhAR+eeQQjdT8rjfqVdX741X6EWQGDB7d2sIbAhXCU57mXA1uHfuakUyRH-Ke&https://www.gradecraft.com/ HTTP/1.1" 301 868 "-" "Mozilla/5.0 (Windows NT 6.1; WOW64) AppleWebKit/537.1 (KHTML, like Gecko) Chrome/21.0.1180.89 Safari/537.1"
67.194.116.207 - davidjli [18/Sep/2012:14:10:20 -0400] "GET / HTTP/1.1" 200 2484 "-" "Mozilla/5.0 (Windows NT 6.1; WOW64) AppleWebKit/537.1 (KHTML, like Gecko) Chrome/21.0.1180.89 Safari/537.1"
67.194.116.207 - davidjli [18/Sep/2012:14:10:20 -0400] "GET /assets/application-ae9afcefede0db68672464a1f0f30f59.css HTTP/1.1" 200 45133 "https://www.gradecraft.com/" "Mozilla/5.0 (Windows NT 6.1; WOW64) AppleWebKit/537.1 (KHTML, like Gecko) Chrome/21.0.1180.89 Safari/537.1"
67.194.116.207 - davidjli [18/Sep/2012:14:10:20 -0400] "GET /assets/application-542000ad953fb19fdb62cdd04228c4b9.js HTTP/1.1" 200 202564 "https://www.gradecraft.com/" "Mozilla/5.0 (Windows NT 6.1; WOW64) AppleWebKit/537.1 (KHTML, like Gecko) Chrome/21.0.1180.89 Safari/537.1"
67.194.116.207 - davidjli [18/Sep/2012:14:10:35 -0400] "POST /user_sessions HTTP/1.1" 200 2996 "https://www.gradecraft.com/" "Mozilla/5.0 (Windows NT 6.1; WOW64) AppleWebKit/537.1 (KHTML, like Gecko) Chrome/21.0.1180.89 Safari/537.1"
67.194.116.207 - davidjli [18/Sep/2012:14:10:55 -0400] "POST /user_sessions HTTP/1.1" 200 3141 "https://www.gradecraft.com/user_sessions" "Mozilla/5.0 (Windows NT 6.1; WOW64) AppleWebKit/537.1 (KHTML, like Gecko) Chrome/21.0.1180.89 Safari/537.1"
67.194.18.213 - jacksty [18/Sep/2012:14:11:07 -0400] "GET / HTTP/1.1" 304 966 "-" "Mozilla/5.0 (Macintosh; Intel Mac OS X 10_8_1) AppleWebKit/536.25 (KHTML, like Gecko) Version/6.0 Safari/536.25"
67.194.26.114 - - [18/Sep/2012:14:12:40 -0400] "GET / HTTP/1.1" 302 3254 "https://sites.google.com/a/umich.edu/polsci101f2012/" "Mozilla/5.0 (Macintosh; Intel Mac OS X 10_6_8) AppleWebKit/534.51.22 (KHTML, like Gecko) Version/5.1.1 Safari/534.51.22"
67.194.26.114 - - [18/Sep/2012:14:12:40 -0400] "GET /cosign/valid?cosign-www.gradecraft.com=uRCWZAKVqwV68d53OegeGPDzIH1Mfb7c355kcxMdL3tL458aNvynuutGGCmGXYzxlhAm0nhFl1wyKt8SxY1l2JmYgRPjNnLX69IRUEld-vBntxSylq6yIcam77Si&https://www.gradecraft.com/ HTTP/1.1" 301 868 "https://sites.google.com/a/umich.edu/polsci101f2012/" "Mozilla/5.0 (Macintosh; Intel Mac OS X 10_6_8) AppleWebKit/534.51.22 (KHTML, like Gecko) Version/5.1.1 Safari/534.51.22"
67.194.26.114 - mdparke [18/Sep/2012:14:12:40 -0400] "GET / HTTP/1.1" 500 1028 "https://sites.google.com/a/umich.edu/polsci101f2012/" "Mozilla/5.0 (Macintosh; Intel Mac OS X 10_6_8) AppleWebKit/534.51.22 (KHTML, like Gecko) Version/5.1.1 Safari/534.51.22"
35.0.102.129 - rewaters [18/Sep/2012:14:13:00 -0400] "GET /dashboard HTTP/1.1" 200 7046 "-" "Mozilla/5.0 (Macintosh; Intel Mac OS X 10_7_4) AppleWebKit/536.25 (KHTML, like Gecko) Version/6.0 Safari/536.25"
