165.123.87.136 - kmate@wharton.upenn.edu [12/Sep/2012:10:31:17 -0400] "GET /assets/application-4ce0ae23744168912769066ef11545d8.js HTTP/1.1" 304 3473 "https://www.gradecraft.com/dashboard" "Mozilla/5.0 (Windows NT 6.1; WOW64) AppleWebKit/537.1 (KHTML, like Gecko) Chrome/21.0.1180.89 Safari/537.1"
165.123.87.136 - kmate@wharton.upenn.edu [12/Sep/2012:10:31:17 -0400] "GET /users/predictor.json?user_id=58 HTTP/1.1" 304 869 "https://www.gradecraft.com/dashboard" "Mozilla/5.0 (Windows NT 6.1; WOW64) AppleWebKit/537.1 (KHTML, like Gecko) Chrome/21.0.1180.89 Safari/537.1"
165.123.87.136 - kmate@wharton.upenn.edu [12/Sep/2012:10:31:17 -0400] "GET /users/predictor.json?in_progress=true&user_id=58 HTTP/1.1" 304 4097 "https://www.gradecraft.com/dashboard" "Mozilla/5.0 (Windows NT 6.1; WOW64) AppleWebKit/537.1 (KHTML, like Gecko) Chrome/21.0.1180.89 Safari/537.1"
130.91.56.242 - tichen@sas.upenn.edu [12/Sep/2012:10:31:22 -0400] "GET /assignments/4/grades/self_log?gradeable_id=47&gradeable_type=User HTTP/1.1" 200 2740 "https://www.gradecraft.com/dashboard" "Mozilla/5.0 (Macintosh; Intel Mac OS X 10_7_4) AppleWebKit/537.1 (KHTML, like Gecko) Chrome/21.0.1180.89 Safari/537.1"
130.91.56.242 - tichen@sas.upenn.edu [12/Sep/2012:10:31:27 -0400] "POST /assignments/4/grades/self_log_create HTTP/1.1" 302 1652 "https://www.gradecraft.com/assignments/4/grades/self_log?gradeable_id=47&gradeable_type=User" "Mozilla/5.0 (Macintosh; Intel Mac OS X 10_7_4) AppleWebKit/537.1 (KHTML, like Gecko) Chrome/21.0.1180.89 Safari/537.1"
130.91.56.242 - tichen@sas.upenn.edu [12/Sep/2012:10:31:27 -0400] "GET /dashboard HTTP/1.1" 200 3700 "https://www.gradecraft.com/assignments/4/grades/self_log?gradeable_id=47&gradeable_type=User" "Mozilla/5.0 (Macintosh; Intel Mac OS X 10_7_4) AppleWebKit/537.1 (KHTML, like Gecko) Chrome/21.0.1180.89 Safari/537.1"
130.91.56.242 - tichen@sas.upenn.edu [12/Sep/2012:10:31:27 -0400] "GET /users/predictor.json?user_id=47 HTTP/1.1" 200 1610 "https://www.gradecraft.com/dashboard" "Mozilla/5.0 (Macintosh; Intel Mac OS X 10_7_4) AppleWebKit/537.1 (KHTML, like Gecko) Chrome/21.0.1180.89 Safari/537.1"
130.91.56.242 - tichen@sas.upenn.edu [12/Sep/2012:10:31:27 -0400] "GET /users/predictor.json?in_progress=true&user_id=47 HTTP/1.1" 200 1610 "https://www.gradecraft.com/dashboard" "Mozilla/5.0 (Macintosh; Intel Mac OS X 10_7_4) AppleWebKit/537.1 (KHTML, like Gecko) Chrome/21.0.1180.89 Safari/537.1"
130.91.59.154 - - [12/Sep/2012:10:31:27 -0400] "GET /cosign/valid?cosign-www.gradecraft.com=tL6FhXwSJaofRrfEjoBsA9Ym6mN4u-16shSCOSo7AHzcMKYHKRRhneCr0QoDMaYqGzI-lDQsc83ZTQ-qTEFDAW2KU38Ah1N4dsZyKNxUTxtyAY6YV03wrepct19t&https://gradecraft.com/ HTTP/1.1" 301 3968 "https://weblogin.umich.edu/?cosign-www.gradecraft.com&https://gradecraft.com/" "Mozilla/5.0 (X11; CrOS i686 2723.63.0) AppleWebKit/537.4 (KHTML, like Gecko) Chrome/22.0.1229.33 Safari/537.4"
130.91.59.2 - - [12/Sep/2012:10:31:34 -0400] "GET /dashboard HTTP/1.1" 302 3254 "-" "Mozilla/5.0 (Macintosh; Intel Mac OS X 10_6_8) AppleWebKit/534.52.7 (KHTML, like Gecko) Version/5.1.2 Safari/534.52.7"
130.91.59.154 - - [12/Sep/2012:10:31:35 -0400] "GET / HTTP/1.1" 302 901 "-" "Mozilla/5.0 (X11; CrOS i686 2723.63.0) AppleWebKit/537.4 (KHTML, like Gecko) Chrome/22.0.1229.33 Safari/537.4"
130.91.56.188 - - [12/Sep/2012:10:31:36 -0400] "GET /dashboard HTTP/1.1" 302 3984 "https://wharton.instructure.com/courses/755358" "Mozilla/5.0 (Windows NT 6.1; WOW64) AppleWebKit/537.1 (KHTML, like Gecko) Chrome/21.0.1180.89 Safari/537.1"
165.123.85.203 - - [12/Sep/2012:10:31:37 -0400] "GET /cosign/valid?cosign-www.gradecraft.com=DyR8YlvuNtyqw8Q4bQ-nrLE3R6QDgYv5Y00eKgZdEh5FA9qGaqCqF6AOfPHrASqstk4w6NJZuc22yfDNsq-gSd9XaHazpcEgAdP9SaSHwy3TR7VQPTSNHTzTxlTl&https://www.gradecraft.com/dashboard HTTP/1.1" 301 1045 "https://weblogin.umich.edu/?cosign-www.gradecraft.com&https://www.gradecraft.com/dashboard" "Mozilla/5.0 (Linux; Android 4.0.4; Galaxy Nexus Build/IMM76K) AppleWebKit/535.19 (KHTML, like Gecko) Chrome/18.0.1025.166 Mobile Safari/535.19"
165.123.85.203 - jcres@sas.upenn.edu [12/Sep/2012:10:31:37 -0400] "GET /dashboard HTTP/1.1" 200 3444 "https://weblogin.umich.edu/?cosign-www.gradecraft.com&https://www.gradecraft.com/dashboard" "Mozilla/5.0 (Linux; Android 4.0.4; Galaxy Nexus Build/IMM76K) AppleWebKit/535.19 (KHTML, like Gecko) Chrome/18.0.1025.166 Mobile Safari/535.19"
165.123.85.203 - jcres@sas.upenn.edu [12/Sep/2012:10:31:37 -0400] "GET /assets/application-00253241250260a29e421ba336543d92.css HTTP/1.1" 200 46253 "https://www.gradecraft.com/dashboard" "Mozilla/5.0 (Linux; Android 4.0.4; Galaxy Nexus Build/IMM76K) AppleWebKit/535.19 (KHTML, like Gecko) Chrome/18.0.1025.166 Mobile Safari/535.19"
165.123.85.203 - jcres@sas.upenn.edu [12/Sep/2012:10:31:37 -0400] "GET /uploads/theme/filename/8/superhero.min.css HTTP/1.1" 200 16394 "https://www.gradecraft.com/dashboard" "Mozilla/5.0 (Linux; Android 4.0.4; Galaxy Nexus Build/IMM76K) AppleWebKit/535.19 (KHTML, like Gecko) Chrome/18.0.1025.166 Mobile Safari/535.19"
165.123.85.203 - jcres@sas.upenn.edu [12/Sep/2012:10:31:37 -0400] "GET /assets/application-4ce0ae23744168912769066ef11545d8.js HTTP/1.1" 200 135915 "https://www.gradecraft.com/dashboard" "Mozilla/5.0 (Linux; Android 4.0.4; Galaxy Nexus Build/IMM76K) AppleWebKit/535.19 (KHTML, like Gecko) Chrome/18.0.1025.166 Mobile Safari/535.19"
165.123.85.203 - jcres@sas.upenn.edu [12/Sep/2012:10:31:39 -0400] "GET /users/predictor.json?user_id=50 HTTP/1.1" 200 1610 "https://www.gradecraft.com/dashboard" "Mozilla/5.0 (Linux; Android 4.0.4; Galaxy Nexus Build/IMM76K) AppleWebKit/535.19 (KHTML, like Gecko) Chrome/18.0.1025.166 Mobile Safari/535.19"
165.123.85.203 - jcres@sas.upenn.edu [12/Sep/2012:10:31:39 -0400] "GET /users/predictor.json?in_progress=true&user_id=50 HTTP/1.1" 200 1594 "https://www.gradecraft.com/dashboard" "Mozilla/5.0 (Linux; Android 4.0.4; Galaxy Nexus Build/IMM76K) AppleWebKit/535.19 (KHTML, like Gecko) Chrome/18.0.1025.166 Mobile Safari/535.19"
165.123.85.203 - jcres@sas.upenn.edu [12/Sep/2012:10:31:40 -0400] "GET /apple-touch-icon-precomposed.png HTTP/1.1" 404 1044 "-" "Mozilla/5.0 (Linux; Android 4.0.4; Galaxy Nexus Build/IMM76K) AppleWebKit/535.19 (KHTML, like Gecko) Chrome/18.0.1025.166 Mobile Safari/535.19"
165.123.85.203 - jcres@sas.upenn.edu [12/Sep/2012:10:31:40 -0400] "GET /apple-touch-icon.png HTTP/1.1" 404 1044 "-" "Mozilla/5.0 (Linux; Android 4.0.4; Galaxy Nexus Build/IMM76K) AppleWebKit/535.19 (KHTML, like Gecko) Chrome/18.0.1025.166 Mobile Safari/535.19"
130.91.56.237 - - [12/Sep/2012:10:31:41 -0400] "GET /dashboard HTTP/1.1" 302 3936 "https://wharton.instructure.com/courses/755358" "Mozilla/5.0 (Macintosh; Intel Mac OS X 10_5_8) AppleWebKit/537.1 (KHTML, like Gecko) Chrome/21.0.1180.79 Safari/537.1"
130.91.59.2 - - [12/Sep/2012:10:31:42 -0400] "GET /cosign/valid?cosign-www.gradecraft.com=8AmJHZQAC1I1qfP0m4QX0H-feVWkjl9dvhCSvr+H8glPCN-UWohc0DTCdSKiEZtPuKcmX06iH+DLUvUSJHoMcnuoeP+ws0yb-stlDcHnlz4auKt24Rz22z2duKGw&https://www.gradecraft.com/dashboard HTTP/1.1" 301 900 "https://weblogin.umich.edu/?cosign-www.gradecraft.com&https://www.gradecraft.com/dashboard" "Mozilla/5.0 (Macintosh; Intel Mac OS X 10_6_8) AppleWebKit/534.52.7 (KHTML, like Gecko) Version/5.1.2 Safari/534.52.7"
130.91.59.2 - hougies@wharton.upenn.edu [12/Sep/2012:10:31:42 -0400] "GET /dashboard HTTP/1.1" 302 1364 "https://weblogin.umich.edu/?cosign-www.gradecraft.com&https://www.gradecraft.com/dashboard" "Mozilla/5.0 (Macintosh; Intel Mac OS X 10_6_8) AppleWebKit/534.52.7 (KHTML, like Gecko) Version/5.1.2 Safari/534.52.7"
130.91.59.154 - - [12/Sep/2012:10:31:42 -0400] "GET /cosign/valid?cosign-www.gradecraft.com=yNYjdwCNYSFdJx7cZRqo2U4ayxQslWPKrlTnde-awzQPMov1bjOwcjUYDW5dbnpMt9+TEqATUXJg+nMLgL-DFfHrwpiS75sEcZL-ass03T2qdfN7l-w4V3c-KQ-h&https://gradecraft.com/ HTTP/1.1" 301 740 "-" "Mozilla/5.0 (X11; CrOS i686 2723.63.0) AppleWebKit/537.4 (KHTML, like Gecko) Chrome/22.0.1229.33 Safari/537.4"
130.91.59.2 - hougies@wharton.upenn.edu [12/Sep/2012:10:31:42 -0400] "GET /dashboard HTTP/1.1" 200 3476 "https://weblogin.umich.edu/?cosign-www.gradecraft.com&https://www.gradecraft.com/dashboard" "Mozilla/5.0 (Macintosh; Intel Mac OS X 10_6_8) AppleWebKit/534.52.7 (KHTML, like Gecko) Version/5.1.2 Safari/534.52.7"
130.91.59.2 - hougies@wharton.upenn.edu [12/Sep/2012:10:31:42 -0400] "GET /uploads/theme/filename/8/superhero.min.css HTTP/1.1" 200 16249 "https://www.gradecraft.com/dashboard" "Mozilla/5.0 (Macintosh; Intel Mac OS X 10_6_8) AppleWebKit/534.52.7 (KHTML, like Gecko) Version/5.1.2 Safari/534.52.7"
130.91.56.15 - anamoura@sas.upenn.edu [12/Sep/2012:10:31:42 -0400] "GET /badges HTTP/1.1" 200 2933 "https://www.gradecraft.com/dashboard" "Mozilla/5.0 (Macintosh; Intel Mac OS X 10_8_1) AppleWebKit/537.1 (KHTML, like Gecko) Chrome/21.0.1180.89 Safari/537.1"
130.91.56.15 - anamoura@sas.upenn.edu [12/Sep/2012:10:31:42 -0400] "GET /uploads/theme/filename/8/superhero.min.css HTTP/1.1" 304 245 "https://www.gradecraft.com/badges" "Mozilla/5.0 (Macintosh; Intel Mac OS X 10_8_1) AppleWebKit/537.1 (KHTML, like Gecko) Chrome/21.0.1180.89 Safari/537.1"
130.91.59.2 - hougies@wharton.upenn.edu [12/Sep/2012:10:31:42 -0400] "GET /assets/application-4ce0ae23744168912769066ef11545d8.js HTTP/1.1" 200 135908 "https://www.gradecraft.com/dashboard" "Mozilla/5.0 (Macintosh; Intel Mac OS X 10_6_8) AppleWebKit/534.52.7 (KHTML, like Gecko) Version/5.1.2 Safari/534.52.7"
130.91.56.15 - anamoura@sas.upenn.edu [12/Sep/2012:10:31:42 -0400] "GET /badges/wharton/image01.png HTTP/1.1" 200 6842 "https://www.gradecraft.com/badges" "Mozilla/5.0 (Macintosh; Intel Mac OS X 10_8_1) AppleWebKit/537.1 (KHTML, like Gecko) Chrome/21.0.1180.89 Safari/537.1"
130.91.56.15 - anamoura@sas.upenn.edu [12/Sep/2012:10:31:42 -0400] "GET /badges/wharton/image02.png HTTP/1.1" 200 9754 "https://www.gradecraft.com/badges" "Mozilla/5.0 (Macintosh; Intel Mac OS X 10_8_1) AppleWebKit/537.1 (KHTML, like Gecko) Chrome/21.0.1180.89 Safari/537.1"
130.91.56.15 - anamoura@sas.upenn.edu [12/Sep/2012:10:31:42 -0400] "GET /badges/wharton/image03.png HTTP/1.1" 200 10843 "https://www.gradecraft.com/badges" "Mozilla/5.0 (Macintosh; Intel Mac OS X 10_8_1) AppleWebKit/537.1 (KHTML, like Gecko) Chrome/21.0.1180.89 Safari/537.1"
130.91.59.2 - hougies@wharton.upenn.edu [12/Sep/2012:10:31:42 -0400] "GET /assets/application-00253241250260a29e421ba336543d92.css HTTP/1.1" 200 46391 "https://www.gradecraft.com/dashboard" "Mozilla/5.0 (Macintosh; Intel Mac OS X 10_6_8) AppleWebKit/534.52.7 (KHTML, like Gecko) Version/5.1.2 Safari/534.52.7"
130.91.56.15 - anamoura@sas.upenn.edu [12/Sep/2012:10:31:42 -0400] "GET /badges/wharton/image06.png HTTP/1.1" 200 8187 "https://www.gradecraft.com/badges" "Mozilla/5.0 (Macintosh; Intel Mac OS X 10_8_1) AppleWebKit/537.1 (KHTML, like Gecko) Chrome/21.0.1180.89 Safari/537.1"
130.91.56.15 - anamoura@sas.upenn.edu [12/Sep/2012:10:31:42 -0400] "GET /badges/wharton/image04.png HTTP/1.1" 200 7835 "https://www.gradecraft.com/badges" "Mozilla/5.0 (Macintosh; Intel Mac OS X 10_8_1) AppleWebKit/537.1 (KHTML, like Gecko) Chrome/21.0.1180.89 Safari/537.1"
130.91.56.15 - anamoura@sas.upenn.edu [12/Sep/2012:10:31:42 -0400] "GET /badges/wharton/image05.png HTTP/1.1" 200 8011 "https://www.gradecraft.com/badges" "Mozilla/5.0 (Macintosh; Intel Mac OS X 10_8_1) AppleWebKit/537.1 (KHTML, like Gecko) Chrome/21.0.1180.89 Safari/537.1"
130.91.56.15 - anamoura@sas.upenn.edu [12/Sep/2012:10:31:42 -0400] "GET /badges/wharton/image07.png HTTP/1.1" 200 8091 "https://www.gradecraft.com/badges" "Mozilla/5.0 (Macintosh; Intel Mac OS X 10_8_1) AppleWebKit/537.1 (KHTML, like Gecko) Chrome/21.0.1180.89 Safari/537.1"
130.91.56.15 - anamoura@sas.upenn.edu [12/Sep/2012:10:31:42 -0400] "GET /badges/wharton/image08.png HTTP/1.1" 200 11146 "https://www.gradecraft.com/badges" "Mozilla/5.0 (Macintosh; Intel Mac OS X 10_8_1) AppleWebKit/537.1 (KHTML, like Gecko) Chrome/21.0.1180.89 Safari/537.1"
130.91.56.15 - anamoura@sas.upenn.edu [12/Sep/2012:10:31:42 -0400] "GET /badges/wharton/image09.png HTTP/1.1" 200 11818 "https://www.gradecraft.com/badges" "Mozilla/5.0 (Macintosh; Intel Mac OS X 10_8_1) AppleWebKit/537.1 (KHTML, like Gecko) Chrome/21.0.1180.89 Safari/537.1"
130.91.56.15 - anamoura@sas.upenn.edu [12/Sep/2012:10:31:42 -0400] "GET /badges/wharton/image00.png HTTP/1.1" 200 8362 "https://www.gradecraft.com/badges" "Mozilla/5.0 (Macintosh; Intel Mac OS X 10_8_1) AppleWebKit/537.1 (KHTML, like Gecko) Chrome/21.0.1180.89 Safari/537.1"
130.91.59.2 - hougies@wharton.upenn.edu [12/Sep/2012:10:31:43 -0400] "GET /users/predictor.json?user_id=55 HTTP/1.1" 200 1610 "https://www.gradecraft.com/dashboard" "Mozilla/5.0 (Macintosh; Intel Mac OS X 10_6_8) AppleWebKit/534.52.7 (KHTML, like Gecko) Version/5.1.2 Safari/534.52.7"
130.91.59.2 - hougies@wharton.upenn.edu [12/Sep/2012:10:31:43 -0400] "GET /users/predictor.json?in_progress=true&user_id=55 HTTP/1.1" 200 1610 "https://www.gradecraft.com/dashboard" "Mozilla/5.0 (Macintosh; Intel Mac OS X 10_6_8) AppleWebKit/534.52.7 (KHTML, like Gecko) Version/5.1.2 Safari/534.52.7"
165.123.86.52 - - [12/Sep/2012:10:31:48 -0400] "GET /dashboard HTTP/1.1" 302 3936 "-" "Mozilla/5.0 (Macintosh; Intel Mac OS X 10_5_8) AppleWebKit/536.11 (KHTML, like Gecko) Chrome/20.0.1132.47 Safari/536.11"
130.91.56.237 - - [12/Sep/2012:10:31:49 -0400] "GET /cosign/valid?cosign-www.gradecraft.com=I8JIEOH61NPy2yCcYV7akDzt2a1fJjFExm0ZIunWpVym2nxSuk4-8CdV+Y4E3zK16TXny3wAZ61qN8eQXt1cMD67VJcE+FhgiL35kbqIvSU0g5PHherqgxk7WUWk&https://www.gradecraft.com/dashboard HTTP/1.1" 301 612 "https://weblogin.umich.edu/?cosign-www.gradecraft.com&https://www.gradecraft.com/dashboard" "Mozilla/5.0 (Macintosh; Intel Mac OS X 10_5_8) AppleWebKit/537.1 (KHTML, like Gecko) Chrome/21.0.1180.79 Safari/537.1"
130.91.56.237 - briannam@wharton.upenn.edu [12/Sep/2012:10:31:49 -0400] "GET /dashboard HTTP/1.1" 302 916 "https://weblogin.umich.edu/?cosign-www.gradecraft.com&https://www.gradecraft.com/dashboard" "Mozilla/5.0 (Macintosh; Intel Mac OS X 10_5_8) AppleWebKit/537.1 (KHTML, like Gecko) Chrome/21.0.1180.79 Safari/537.1"
130.91.56.237 - briannam@wharton.upenn.edu [12/Sep/2012:10:31:49 -0400] "GET /dashboard HTTP/1.1" 200 2532 "https://weblogin.umich.edu/?cosign-www.gradecraft.com&https://www.gradecraft.com/dashboard" "Mozilla/5.0 (Macintosh; Intel Mac OS X 10_5_8) AppleWebKit/537.1 (KHTML, like Gecko) Chrome/21.0.1180.79 Safari/537.1"
130.91.56.237 - briannam@wharton.upenn.edu [12/Sep/2012:10:31:49 -0400] "GET /assets/application-00253241250260a29e421ba336543d92.css HTTP/1.1" 200 45869 "https://www.gradecraft.com/dashboard" "Mozilla/5.0 (Macintosh; Intel Mac OS X 10_5_8) AppleWebKit/537.1 (KHTML, like Gecko) Chrome/21.0.1180.79 Safari/537.1"
130.91.56.237 - briannam@wharton.upenn.edu [12/Sep/2012:10:31:49 -0400] "GET /uploads/theme/filename/8/superhero.min.css HTTP/1.1" 304 358 "https://www.gradecraft.com/dashboard" "Mozilla/5.0 (Macintosh; Intel Mac OS X 10_5_8) AppleWebKit/537.1 (KHTML, like Gecko) Chrome/21.0.1180.79 Safari/537.1"
130.91.56.237 - briannam@wharton.upenn.edu [12/Sep/2012:10:31:49 -0400] "GET /assets/application-4ce0ae23744168912769066ef11545d8.js HTTP/1.1" 200 135915 "https://www.gradecraft.com/dashboard" "Mozilla/5.0 (Macintosh; Intel Mac OS X 10_5_8) AppleWebKit/537.1 (KHTML, like Gecko) Chrome/21.0.1180.79 Safari/537.1"
130.91.56.237 - briannam@wharton.upenn.edu [12/Sep/2012:10:31:50 -0400] "GET /users/predictor.json?user_id=12 HTTP/1.1" 200 1098 "https://www.gradecraft.com/dashboard" "Mozilla/5.0 (Macintosh; Intel Mac OS X 10_5_8) AppleWebKit/537.1 (KHTML, like Gecko) Chrome/21.0.1180.79 Safari/537.1"
130.91.56.237 - briannam@wharton.upenn.edu [12/Sep/2012:10:31:50 -0400] "GET /users/predictor.json?in_progress=true&user_id=12 HTTP/1.1" 200 1130 "https://www.gradecraft.com/dashboard" "Mozilla/5.0 (Macintosh; Intel Mac OS X 10_5_8) AppleWebKit/537.1 (KHTML, like Gecko) Chrome/21.0.1180.79 Safari/537.1"
130.91.59.2 - hougies@wharton.upenn.edu [12/Sep/2012:10:31:51 -0400] "GET /assignments/4/grades/self_log?gradeable_id=55&gradeable_type=User HTTP/1.1" 200 2740 "https://www.gradecraft.com/dashboard" "Mozilla/5.0 (Macintosh; Intel Mac OS X 10_6_8) AppleWebKit/534.52.7 (KHTML, like Gecko) Version/5.1.2 Safari/534.52.7"
130.91.56.15 - anamoura@sas.upenn.edu [12/Sep/2012:10:31:51 -0400] "GET /dashboard HTTP/1.1" 304 917 "https://www.gradecraft.com/badges" "Mozilla/5.0 (Macintosh; Intel Mac OS X 10_8_1) AppleWebKit/537.1 (KHTML, like Gecko) Chrome/21.0.1180.89 Safari/537.1"
130.91.56.15 - anamoura@sas.upenn.edu [12/Sep/2012:10:31:51 -0400] "GET /users/predictor.json?user_id=14 HTTP/1.1" 304 869 "https://www.gradecraft.com/dashboard" "Mozilla/5.0 (Macintosh; Intel Mac OS X 10_8_1) AppleWebKit/537.1 (KHTML, like Gecko) Chrome/21.0.1180.89 Safari/537.1"
130.91.56.15 - anamoura@sas.upenn.edu [12/Sep/2012:10:31:51 -0400] "GET /users/predictor.json?in_progress=true&user_id=14 HTTP/1.1" 304 869 "https://www.gradecraft.com/dashboard" "Mozilla/5.0 (Macintosh; Intel Mac OS X 10_8_1) AppleWebKit/537.1 (KHTML, like Gecko) Chrome/21.0.1180.89 Safari/537.1"
130.91.59.154 - - [12/Sep/2012:10:31:54 -0400] "GET /dashboard HTTP/1.1" 302 756 "-" "Mozilla/5.0 (X11; CrOS i686 2723.63.0) AppleWebKit/537.4 (KHTML, like Gecko) Chrome/22.0.1229.33 Safari/537.4"
130.91.59.154 - - [12/Sep/2012:10:31:54 -0400] "GET /cosign/valid?cosign-www.gradecraft.com=Oe4qfeeCF37sgA06X-mObzepiEUGPDp8Dy9ChZY4ly5B7I-29D4CuE-BYJ4mYHlFPZWzQJLaccv1R8-R0HJOAx8TcplxOr+HOVXrvfqHyf180zdsWn09bLvZUCsA&https://www.gradecraft.com/dashboard HTTP/1.1" 301 900 "-" "Mozilla/5.0 (X11; CrOS i686 2723.63.0) AppleWebKit/537.4 (KHTML, like Gecko) Chrome/22.0.1229.33 Safari/537.4"
165.123.85.203 - jcres@sas.upenn.edu [12/Sep/2012:10:31:54 -0400] "GET /assignments/4/grades/self_log?gradeable_id=50&gradeable_type=User HTTP/1.1" 200 2740 "https://www.gradecraft.com/dashboard" "Mozilla/5.0 (Linux; Android 4.0.4; Galaxy Nexus Build/IMM76K) AppleWebKit/535.19 (KHTML, like Gecko) Chrome/18.0.1025.166 Mobile Safari/535.19"
130.91.59.154 - ath@wharton.upenn.edu [12/Sep/2012:10:31:54 -0400] "GET /dashboard HTTP/1.1" 200 3444 "-" "Mozilla/5.0 (X11; CrOS i686 2723.63.0) AppleWebKit/537.4 (KHTML, like Gecko) Chrome/22.0.1229.33 Safari/537.4"
130.91.59.2 - hougies@wharton.upenn.edu [12/Sep/2012:10:31:55 -0400] "POST /assignments/4/grades/self_log_create HTTP/1.1" 302 1652 "https://www.gradecraft.com/assignments/4/grades/self_log?gradeable_id=55&gradeable_type=User" "Mozilla/5.0 (Macintosh; Intel Mac OS X 10_6_8) AppleWebKit/534.52.7 (KHTML, like Gecko) Version/5.1.2 Safari/534.52.7"
130.91.59.2 - hougies@wharton.upenn.edu [12/Sep/2012:10:31:55 -0400] "GET /dashboard HTTP/1.1" 200 3716 "https://www.gradecraft.com/assignments/4/grades/self_log?gradeable_id=55&gradeable_type=User" "Mozilla/5.0 (Macintosh; Intel Mac OS X 10_6_8) AppleWebKit/534.52.7 (KHTML, like Gecko) Version/5.1.2 Safari/534.52.7"
165.123.85.203 - jcres@sas.upenn.edu [12/Sep/2012:10:31:55 -0400] "GET /apple-touch-icon-precomposed.png HTTP/1.1" 404 1044 "-" "Mozilla/5.0 (Linux; Android 4.0.4; Galaxy Nexus Build/IMM76K) AppleWebKit/535.19 (KHTML, like Gecko) Chrome/18.0.1025.166 Mobile Safari/535.19"
165.123.85.203 - jcres@sas.upenn.edu [12/Sep/2012:10:31:55 -0400] "GET /apple-touch-icon.png HTTP/1.1" 404 1044 "-" "Mozilla/5.0 (Linux; Android 4.0.4; Galaxy Nexus Build/IMM76K) AppleWebKit/535.19 (KHTML, like Gecko) Chrome/18.0.1025.166 Mobile Safari/535.19"
130.91.59.2 - hougies@wharton.upenn.edu [12/Sep/2012:10:31:55 -0400] "GET /users/predictor.json?in_progress=true&user_id=55 HTTP/1.1" 200 1610 "https://www.gradecraft.com/dashboard" "Mozilla/5.0 (Macintosh; Intel Mac OS X 10_6_8) AppleWebKit/534.52.7 (KHTML, like Gecko) Version/5.1.2 Safari/534.52.7"
130.91.59.2 - hougies@wharton.upenn.edu [12/Sep/2012:10:31:55 -0400] "GET /users/predictor.json?user_id=55 HTTP/1.1" 200 1610 "https://www.gradecraft.com/dashboard" "Mozilla/5.0 (Macintosh; Intel Mac OS X 10_6_8) AppleWebKit/534.52.7 (KHTML, like Gecko) Version/5.1.2 Safari/534.52.7"
165.123.87.136 - kmate@wharton.upenn.edu [12/Sep/2012:10:31:56 -0400] "GET /assignments/4/grades/self_log?gradeable_id=58&gradeable_type=User HTTP/1.1" 200 2869 "https://www.gradecraft.com/dashboard" "Mozilla/5.0 (Windows NT 6.1; WOW64) AppleWebKit/537.1 (KHTML, like Gecko) Chrome/21.0.1180.89 Safari/537.1"
130.91.59.154 - ath@wharton.upenn.edu [12/Sep/2012:10:31:56 -0400] "GET /uploads/theme/filename/8/superhero.min.css HTTP/1.1" 304 390 "https://www.gradecraft.com/dashboard" "Mozilla/5.0 (X11; CrOS i686 2723.63.0) AppleWebKit/537.4 (KHTML, like Gecko) Chrome/22.0.1229.33 Safari/537.4"
130.91.59.154 - ath@wharton.upenn.edu [12/Sep/2012:10:31:56 -0400] "GET /assets/application-00253241250260a29e421ba336543d92.css HTTP/1.1" 200 46253 "https://www.gradecraft.com/dashboard" "Mozilla/5.0 (X11; CrOS i686 2723.63.0) AppleWebKit/537.4 (KHTML, like Gecko) Chrome/22.0.1229.33 Safari/537.4"
130.91.59.154 - ath@wharton.upenn.edu [12/Sep/2012:10:31:56 -0400] "GET /assets/application-4ce0ae23744168912769066ef11545d8.js HTTP/1.1" 200 135770 "https://www.gradecraft.com/dashboard" "Mozilla/5.0 (X11; CrOS i686 2723.63.0) AppleWebKit/537.4 (KHTML, like Gecko) Chrome/22.0.1229.33 Safari/537.4"
130.91.56.237 - briannam@wharton.upenn.edu [12/Sep/2012:10:31:58 -0400] "GET /assignments/4/grades/self_log?gradeable_id=12&gradeable_type=User HTTP/1.1" 200 1972 "https://www.gradecraft.com/dashboard" "Mozilla/5.0 (Macintosh; Intel Mac OS X 10_5_8) AppleWebKit/537.1 (KHTML, like Gecko) Chrome/21.0.1180.79 Safari/537.1"
130.91.56.15 - anamoura@sas.upenn.edu [12/Sep/2012:10:31:58 -0400] "GET /assignments/4/grades/self_log?gradeable_id=14&gradeable_type=User HTTP/1.1" 200 2724 "https://www.gradecraft.com/dashboard" "Mozilla/5.0 (Macintosh; Intel Mac OS X 10_8_1) AppleWebKit/537.1 (KHTML, like Gecko) Chrome/21.0.1180.89 Safari/537.1"
130.91.59.154 - ath@wharton.upenn.edu [12/Sep/2012:10:31:59 -0400] "GET /users/predictor.json?in_progress=true&user_id=30 HTTP/1.1" 200 1610 "https://www.gradecraft.com/dashboard" "Mozilla/5.0 (X11; CrOS i686 2723.63.0) AppleWebKit/537.4 (KHTML, like Gecko) Chrome/22.0.1229.33 Safari/537.4"
130.91.59.154 - ath@wharton.upenn.edu [12/Sep/2012:10:31:59 -0400] "GET /users/predictor.json?user_id=30 HTTP/1.1" 200 1594 "https://www.gradecraft.com/dashboard" "Mozilla/5.0 (X11; CrOS i686 2723.63.0) AppleWebKit/537.4 (KHTML, like Gecko) Chrome/22.0.1229.33 Safari/537.4"
165.123.87.136 - kmate@wharton.upenn.edu [12/Sep/2012:10:32:00 -0400] "POST /assignments/4/grades/self_log_create HTTP/1.1" 302 1636 "https://www.gradecraft.com/assignments/4/grades/self_log?gradeable_id=58&gradeable_type=User" "Mozilla/5.0 (Windows NT 6.1; WOW64) AppleWebKit/537.1 (KHTML, like Gecko) Chrome/21.0.1180.89 Safari/537.1"
165.123.87.136 - kmate@wharton.upenn.edu [12/Sep/2012:10:32:00 -0400] "GET /dashboard HTTP/1.1" 200 3716 "https://www.gradecraft.com/assignments/4/grades/self_log?gradeable_id=58&gradeable_type=User" "Mozilla/5.0 (Windows NT 6.1; WOW64) AppleWebKit/537.1 (KHTML, like Gecko) Chrome/21.0.1180.89 Safari/537.1"
165.123.87.136 - kmate@wharton.upenn.edu [12/Sep/2012:10:32:01 -0400] "GET /users/predictor.json?in_progress=true&user_id=58 HTTP/1.1" 200 1594 "https://www.gradecraft.com/dashboard" "Mozilla/5.0 (Windows NT 6.1; WOW64) AppleWebKit/537.1 (KHTML, like Gecko) Chrome/21.0.1180.89 Safari/537.1"
165.123.87.136 - kmate@wharton.upenn.edu [12/Sep/2012:10:32:01 -0400] "GET /users/predictor.json?user_id=58 HTTP/1.1" 200 1739 "https://www.gradecraft.com/dashboard" "Mozilla/5.0 (Windows NT 6.1; WOW64) AppleWebKit/537.1 (KHTML, like Gecko) Chrome/21.0.1180.89 Safari/537.1"
130.91.56.15 - anamoura@sas.upenn.edu [12/Sep/2012:10:32:02 -0400] "POST /assignments/4/grades/self_log_create HTTP/1.1" 302 1636 "https://www.gradecraft.com/assignments/4/grades/self_log?gradeable_id=14&gradeable_type=User" "Mozilla/5.0 (Macintosh; Intel Mac OS X 10_8_1) AppleWebKit/537.1 (KHTML, like Gecko) Chrome/21.0.1180.89 Safari/537.1"
130.91.56.15 - anamoura@sas.upenn.edu [12/Sep/2012:10:32:02 -0400] "GET /dashboard HTTP/1.1" 200 3668 "https://www.gradecraft.com/assignments/4/grades/self_log?gradeable_id=14&gradeable_type=User" "Mozilla/5.0 (Macintosh; Intel Mac OS X 10_8_1) AppleWebKit/537.1 (KHTML, like Gecko) Chrome/21.0.1180.89 Safari/537.1"
130.91.56.15 - anamoura@sas.upenn.edu [12/Sep/2012:10:32:02 -0400] "GET /users/predictor.json?user_id=14 HTTP/1.1" 200 1594 "https://www.gradecraft.com/dashboard" "Mozilla/5.0 (Macintosh; Intel Mac OS X 10_8_1) AppleWebKit/537.1 (KHTML, like Gecko) Chrome/21.0.1180.89 Safari/537.1"
130.91.56.15 - anamoura@sas.upenn.edu [12/Sep/2012:10:32:02 -0400] "GET /users/predictor.json?in_progress=true&user_id=14 HTTP/1.1" 200 1594 "https://www.gradecraft.com/dashboard" "Mozilla/5.0 (Macintosh; Intel Mac OS X 10_8_1) AppleWebKit/537.1 (KHTML, like Gecko) Chrome/21.0.1180.89 Safari/537.1"
130.91.59.154 - ath@wharton.upenn.edu [12/Sep/2012:10:32:06 -0400] "GET /assignments/4/grades/self_log?gradeable_id=30&gradeable_type=User HTTP/1.1" 200 2740 "https://www.gradecraft.com/dashboard" "Mozilla/5.0 (X11; CrOS i686 2723.63.0) AppleWebKit/537.4 (KHTML, like Gecko) Chrome/22.0.1229.33 Safari/537.4"
165.123.87.136 - kmate@wharton.upenn.edu [12/Sep/2012:10:32:07 -0400] "GET /logout HTTP/1.1" 302 1284 "https://www.gradecraft.com/dashboard" "Mozilla/5.0 (Windows NT 6.1; WOW64) AppleWebKit/537.1 (KHTML, like Gecko) Chrome/21.0.1180.89 Safari/537.1"
130.91.56.15 - anamoura@sas.upenn.edu [12/Sep/2012:10:32:11 -0400] "GET /dashboard HTTP/1.1" 200 3428 "https://www.gradecraft.com/assignments/4/grades/self_log?gradeable_id=14&gradeable_type=User" "Mozilla/5.0 (Macintosh; Intel Mac OS X 10_8_1) AppleWebKit/537.1 (KHTML, like Gecko) Chrome/21.0.1180.89 Safari/537.1"
130.91.56.15 - anamoura@sas.upenn.edu [12/Sep/2012:10:32:11 -0400] "GET /assets/application-00253241250260a29e421ba336543d92.css HTTP/1.1" 304 245 "https://www.gradecraft.com/dashboard" "Mozilla/5.0 (Macintosh; Intel Mac OS X 10_8_1) AppleWebKit/537.1 (KHTML, like Gecko) Chrome/21.0.1180.89 Safari/537.1"
130.91.56.15 - anamoura@sas.upenn.edu [12/Sep/2012:10:32:11 -0400] "GET /uploads/theme/filename/8/superhero.min.css HTTP/1.1" 304 245 "https://www.gradecraft.com/dashboard" "Mozilla/5.0 (Macintosh; Intel Mac OS X 10_8_1) AppleWebKit/537.1 (KHTML, like Gecko) Chrome/21.0.1180.89 Safari/537.1"
130.91.56.15 - anamoura@sas.upenn.edu [12/Sep/2012:10:32:11 -0400] "GET /assets/application-4ce0ae23744168912769066ef11545d8.js HTTP/1.1" 304 390 "https://www.gradecraft.com/dashboard" "Mozilla/5.0 (Macintosh; Intel Mac OS X 10_8_1) AppleWebKit/537.1 (KHTML, like Gecko) Chrome/21.0.1180.89 Safari/537.1"
130.91.56.15 - anamoura@sas.upenn.edu [12/Sep/2012:10:32:11 -0400] "GET /users/predictor.json?user_id=14 HTTP/1.1" 304 869 "https://www.gradecraft.com/dashboard" "Mozilla/5.0 (Macintosh; Intel Mac OS X 10_8_1) AppleWebKit/537.1 (KHTML, like Gecko) Chrome/21.0.1180.89 Safari/537.1"
130.91.56.15 - anamoura@sas.upenn.edu [12/Sep/2012:10:32:11 -0400] "GET /users/predictor.json?in_progress=true&user_id=14 HTTP/1.1" 304 869 "https://www.gradecraft.com/dashboard" "Mozilla/5.0 (Macintosh; Intel Mac OS X 10_8_1) AppleWebKit/537.1 (KHTML, like Gecko) Chrome/21.0.1180.89 Safari/537.1"
130.91.58.181 - - [12/Sep/2012:10:32:12 -0400] "GET /dashboard HTTP/1.1" 302 3984 "-" "Mozilla/5.0 (Macintosh; Intel Mac OS X 10.6; rv:15.0) Gecko/20100101 Firefox/15.0.1"
130.91.56.237 - briannam@wharton.upenn.edu [12/Sep/2012:10:32:14 -0400] "POST /assignments/4/grades/self_log_create HTTP/1.1" 302 1477 "https://www.gradecraft.com/assignments/4/grades/self_log?gradeable_id=12&gradeable_type=User" "Mozilla/5.0 (Macintosh; Intel Mac OS X 10_5_8) AppleWebKit/537.1 (KHTML, like Gecko) Chrome/21.0.1180.79 Safari/537.1"
130.91.56.237 - briannam@wharton.upenn.edu [12/Sep/2012:10:32:14 -0400] "GET /dashboard HTTP/1.1" 200 2804 "https://www.gradecraft.com/assignments/4/grades/self_log?gradeable_id=12&gradeable_type=User" "Mozilla/5.0 (Macintosh; Intel Mac OS X 10_5_8) AppleWebKit/537.1 (KHTML, like Gecko) Chrome/21.0.1180.79 Safari/537.1"
130.91.56.237 - briannam@wharton.upenn.edu [12/Sep/2012:10:32:14 -0400] "GET /users/predictor.json?in_progress=true&user_id=12 HTTP/1.1" 200 410 "https://www.gradecraft.com/dashboard" "Mozilla/5.0 (Macintosh; Intel Mac OS X 10_5_8) AppleWebKit/537.1 (KHTML, like Gecko) Chrome/21.0.1180.79 Safari/537.1"
130.91.56.237 - briannam@wharton.upenn.edu [12/Sep/2012:10:32:14 -0400] "GET /users/predictor.json?user_id=12 HTTP/1.1" 200 1275 "https://www.gradecraft.com/dashboard" "Mozilla/5.0 (Macintosh; Intel Mac OS X 10_5_8) AppleWebKit/537.1 (KHTML, like Gecko) Chrome/21.0.1180.79 Safari/537.1"
130.91.59.154 - ath@wharton.upenn.edu [12/Sep/2012:10:32:15 -0400] "POST /assignments/4/grades/self_log_create HTTP/1.1" 302 1652 "https://www.gradecraft.com/assignments/4/grades/self_log?gradeable_id=30&gradeable_type=User" "Mozilla/5.0 (X11; CrOS i686 2723.63.0) AppleWebKit/537.4 (KHTML, like Gecko) Chrome/22.0.1229.33 Safari/537.4"
130.91.59.154 - ath@wharton.upenn.edu [12/Sep/2012:10:32:15 -0400] "GET /dashboard HTTP/1.1" 200 3668 "https://www.gradecraft.com/assignments/4/grades/self_log?gradeable_id=30&gradeable_type=User" "Mozilla/5.0 (X11; CrOS i686 2723.63.0) AppleWebKit/537.4 (KHTML, like Gecko) Chrome/22.0.1229.33 Safari/537.4"
130.91.59.154 - ath@wharton.upenn.edu [12/Sep/2012:10:32:17 -0400] "GET /users/predictor.json?in_progress=true&user_id=30 HTTP/1.1" 200 1610 "https://www.gradecraft.com/dashboard" "Mozilla/5.0 (X11; CrOS i686 2723.63.0) AppleWebKit/537.4 (KHTML, like Gecko) Chrome/22.0.1229.33 Safari/537.4"
130.91.59.154 - ath@wharton.upenn.edu [12/Sep/2012:10:32:17 -0400] "GET /users/predictor.json?user_id=30 HTTP/1.1" 200 1755 "https://www.gradecraft.com/dashboard" "Mozilla/5.0 (X11; CrOS i686 2723.63.0) AppleWebKit/537.4 (KHTML, like Gecko) Chrome/22.0.1229.33 Safari/537.4"
130.91.58.89 - - [12/Sep/2012:10:32:18 -0400] "GET /dashboard HTTP/1.1" 302 3254 "-" "Mozilla/5.0 (Macintosh; Intel Mac OS X 10_6_8) AppleWebKit/534.52.7 (KHTML, like Gecko) Version/5.1.2 Safari/534.52.7"
165.123.86.52 - - [12/Sep/2012:10:32:18 -0400] "GET /cosign/valid?cosign-www.gradecraft.com=Yr93RdvPTwuWhpbLXJ1kJlcK4U9f0OR3Sjw443+FHtRhh2yF4zsQFA6VxLZ9hdLB6QpVsgRKvpfO-JJcSo6AW57cV4ATiHWkZLcIF5+A+9nCuS5D79X-NbdBzggp&https://www.gradecraft.com/dashboard HTTP/1.1" 301 965 "https://weblogin.umich.edu/?cosign-www.gradecraft.com&https://www.gradecraft.com/dashboard" "Mozilla/5.0 (Macintosh; Intel Mac OS X 10_5_8) AppleWebKit/536.11 (KHTML, like Gecko) Chrome/20.0.1132.47 Safari/536.11"
165.123.86.52 - mshind@wharton.upenn.edu [12/Sep/2012:10:32:18 -0400] "GET /dashboard HTTP/1.1" 200 2996 "https://weblogin.umich.edu/?cosign-www.gradecraft.com&https://www.gradecraft.com/dashboard" "Mozilla/5.0 (Macintosh; Intel Mac OS X 10_5_8) AppleWebKit/536.11 (KHTML, like Gecko) Chrome/20.0.1132.47 Safari/536.11"
165.123.86.52 - mshind@wharton.upenn.edu [12/Sep/2012:10:32:18 -0400] "GET /assets/application-00253241250260a29e421ba336543d92.css HTTP/1.1" 200 45869 "https://www.gradecraft.com/dashboard" "Mozilla/5.0 (Macintosh; Intel Mac OS X 10_5_8) AppleWebKit/536.11 (KHTML, like Gecko) Chrome/20.0.1132.47 Safari/536.11"
165.123.86.52 - mshind@wharton.upenn.edu [12/Sep/2012:10:32:18 -0400] "GET /assets/application-4ce0ae23744168912769066ef11545d8.js HTTP/1.1" 200 135915 "https://www.gradecraft.com/dashboard" "Mozilla/5.0 (Macintosh; Intel Mac OS X 10_5_8) AppleWebKit/536.11 (KHTML, like Gecko) Chrome/20.0.1132.47 Safari/536.11"
165.123.86.52 - mshind@wharton.upenn.edu [12/Sep/2012:10:32:19 -0400] "GET /uploads/theme/filename/8/superhero.min.css HTTP/1.1" 304 213 "https://www.gradecraft.com/dashboard" "Mozilla/5.0 (Macintosh; Intel Mac OS X 10_5_8) AppleWebKit/536.11 (KHTML, like Gecko) Chrome/20.0.1132.47 Safari/536.11"
165.123.85.203 - jcres@sas.upenn.edu [12/Sep/2012:10:32:19 -0400] "GET /dashboard HTTP/1.1" 304 1078 "https://www.gradecraft.com/assignments/4/grades/self_log?gradeable_id=50&gradeable_type=User" "Mozilla/5.0 (Linux; Android 4.0.4; Galaxy Nexus Build/IMM76K) AppleWebKit/535.19 (KHTML, like Gecko) Chrome/18.0.1025.166 Mobile Safari/535.19"
165.123.85.203 - jcres@sas.upenn.edu [12/Sep/2012:10:32:20 -0400] "GET /users/predictor.json?in_progress=true&user_id=50 HTTP/1.1" 304 885 "https://www.gradecraft.com/dashboard" "Mozilla/5.0 (Linux; Android 4.0.4; Galaxy Nexus Build/IMM76K) AppleWebKit/535.19 (KHTML, like Gecko) Chrome/18.0.1025.166 Mobile Safari/535.19"
165.123.85.203 - jcres@sas.upenn.edu [12/Sep/2012:10:32:21 -0400] "GET /users/predictor.json?user_id=50 HTTP/1.1" 304 1030 "https://www.gradecraft.com/dashboard" "Mozilla/5.0 (Linux; Android 4.0.4; Galaxy Nexus Build/IMM76K) AppleWebKit/535.19 (KHTML, like Gecko) Chrome/18.0.1025.166 Mobile Safari/535.19"
165.123.85.203 - jcres@sas.upenn.edu [12/Sep/2012:10:32:21 -0400] "GET /apple-touch-icon-precomposed.png HTTP/1.1" 404 1044 "-" "Mozilla/5.0 (Linux; Android 4.0.4; Galaxy Nexus Build/IMM76K) AppleWebKit/535.19 (KHTML, like Gecko) Chrome/18.0.1025.166 Mobile Safari/535.19"
165.123.85.203 - jcres@sas.upenn.edu [12/Sep/2012:10:32:21 -0400] "GET /apple-touch-icon.png HTTP/1.1" 404 1044 "-" "Mozilla/5.0 (Linux; Android 4.0.4; Galaxy Nexus Build/IMM76K) AppleWebKit/535.19 (KHTML, like Gecko) Chrome/18.0.1025.166 Mobile Safari/535.19"
130.91.58.181 - - [12/Sep/2012:10:32:23 -0400] "GET /cosign/valid?cosign-www.gradecraft.com=Gpvdl+Ijx4IBuPj8F0cvVvcj8myeJP0V5MQJKxH7oygAm9dOpaRpYL08klXH0BdEcSAUjXHKLm6EDSL+2b2s7vew3a-2r6Wx2T40A2jokCCslxHsSF1QpeV5ZyXd&https://www.gradecraft.com/dashboard HTTP/1.1" 301 900 "https://weblogin.umich.edu/?cosign-www.gradecraft.com&https://www.gradecraft.com/dashboard" "Mozilla/5.0 (Macintosh; Intel Mac OS X 10.6; rv:15.0) Gecko/20100101 Firefox/15.0.1"
130.91.58.181 - penns@wharton.upenn.edu [12/Sep/2012:10:32:23 -0400] "GET /dashboard HTTP/1.1" 302 1364 "https://weblogin.umich.edu/?cosign-www.gradecraft.com&https://www.gradecraft.com/dashboard" "Mozilla/5.0 (Macintosh; Intel Mac OS X 10.6; rv:15.0) Gecko/20100101 Firefox/15.0.1"
130.91.58.181 - penns@wharton.upenn.edu [12/Sep/2012:10:32:23 -0400] "GET /dashboard HTTP/1.1" 200 3444 "https://weblogin.umich.edu/?cosign-www.gradecraft.com&https://www.gradecraft.com/dashboard" "Mozilla/5.0 (Macintosh; Intel Mac OS X 10.6; rv:15.0) Gecko/20100101 Firefox/15.0.1"
130.91.58.181 - penns@wharton.upenn.edu [12/Sep/2012:10:32:23 -0400] "GET /assets/application-00253241250260a29e421ba336543d92.css HTTP/1.1" 200 46253 "https://www.gradecraft.com/dashboard" "Mozilla/5.0 (Macintosh; Intel Mac OS X 10.6; rv:15.0) Gecko/20100101 Firefox/15.0.1"
130.91.58.181 - penns@wharton.upenn.edu [12/Sep/2012:10:32:23 -0400] "GET /uploads/theme/filename/8/superhero.min.css HTTP/1.1" 200 16394 "https://www.gradecraft.com/dashboard" "Mozilla/5.0 (Macintosh; Intel Mac OS X 10.6; rv:15.0) Gecko/20100101 Firefox/15.0.1"
130.91.58.181 - penns@wharton.upenn.edu [12/Sep/2012:10:32:23 -0400] "GET /assets/application-4ce0ae23744168912769066ef11545d8.js HTTP/1.1" 200 135915 "https://www.gradecraft.com/dashboard" "Mozilla/5.0 (Macintosh; Intel Mac OS X 10.6; rv:15.0) Gecko/20100101 Firefox/15.0.1"
130.91.58.181 - penns@wharton.upenn.edu [12/Sep/2012:10:32:24 -0400] "GET /users/predictor.json?user_id=19 HTTP/1.1" 200 1594 "https://www.gradecraft.com/dashboard" "Mozilla/5.0 (Macintosh; Intel Mac OS X 10.6; rv:15.0) Gecko/20100101 Firefox/15.0.1"
130.91.58.181 - penns@wharton.upenn.edu [12/Sep/2012:10:32:24 -0400] "GET /users/predictor.json?in_progress=true&user_id=19 HTTP/1.1" 200 1610 "https://www.gradecraft.com/dashboard" "Mozilla/5.0 (Macintosh; Intel Mac OS X 10.6; rv:15.0) Gecko/20100101 Firefox/15.0.1"
130.91.58.181 - penns@wharton.upenn.edu [12/Sep/2012:10:32:24 -0400] "GET /favicon.ico HTTP/1.1" 200 4650 "-" "Mozilla/5.0 (Macintosh; Intel Mac OS X 10.6; rv:15.0) Gecko/20100101 Firefox/15.0.1"
165.123.86.52 - mshind@wharton.upenn.edu [12/Sep/2012:10:32:24 -0400] "GET /users/predictor.json?user_id=28 HTTP/1.1" 200 1034 "https://www.gradecraft.com/dashboard" "Mozilla/5.0 (Macintosh; Intel Mac OS X 10_5_8) AppleWebKit/536.11 (KHTML, like Gecko) Chrome/20.0.1132.47 Safari/536.11"
165.123.86.52 - mshind@wharton.upenn.edu [12/Sep/2012:10:32:24 -0400] "GET /users/predictor.json?in_progress=true&user_id=28 HTTP/1.1" 200 1098 "https://www.gradecraft.com/dashboard" "Mozilla/5.0 (Macintosh; Intel Mac OS X 10_5_8) AppleWebKit/536.11 (KHTML, like Gecko) Chrome/20.0.1132.47 Safari/536.11"
130.91.58.89 - - [12/Sep/2012:10:32:25 -0400] "GET /dashboard HTTP/1.1" 302 3254 "-" "Mozilla/5.0 (Macintosh; Intel Mac OS X 10_6_8) AppleWebKit/534.52.7 (KHTML, like Gecko) Version/5.1.2 Safari/534.52.7"
165.123.85.203 - jcres@sas.upenn.edu [12/Sep/2012:10:32:27 -0400] "GET /assignments/4/grades/self_log?gradeable_id=50&gradeable_type=User HTTP/1.1" 304 917 "https://www.gradecraft.com/dashboard" "Mozilla/5.0 (Linux; Android 4.0.4; Galaxy Nexus Build/IMM76K) AppleWebKit/535.19 (KHTML, like Gecko) Chrome/18.0.1025.166 Mobile Safari/535.19"
165.123.85.203 - jcres@sas.upenn.edu [12/Sep/2012:10:32:28 -0400] "GET /apple-touch-icon-precomposed.png HTTP/1.1" 404 1044 "-" "Mozilla/5.0 (Linux; Android 4.0.4; Galaxy Nexus Build/IMM76K) AppleWebKit/535.19 (KHTML, like Gecko) Chrome/18.0.1025.166 Mobile Safari/535.19"
165.123.85.203 - jcres@sas.upenn.edu [12/Sep/2012:10:32:28 -0400] "GET /apple-touch-icon.png HTTP/1.1" 404 1044 "-" "Mozilla/5.0 (Linux; Android 4.0.4; Galaxy Nexus Build/IMM76K) AppleWebKit/535.19 (KHTML, like Gecko) Chrome/18.0.1025.166 Mobile Safari/535.19"
165.123.84.57 - - [12/Sep/2012:10:32:30 -0400] "GET /dashboard HTTP/1.1" 302 3984 "https://wharton.instructure.com/courses/755358" "Mozilla/5.0 (Macintosh; Intel Mac OS X 10_8_1) AppleWebKit/537.1 (KHTML, like Gecko) Chrome/21.0.1180.89 Safari/537.1"
130.91.58.89 - - [12/Sep/2012:10:32:32 -0400] "GET /cosign/valid?cosign-www.gradecraft.com=ie8XySDhtFkVfgQwTAoqTwffjpjHSz-TO7tLTdiSLJLqqiLt2mii4B1OjY+YCFOEe9wBrgYQ31qDktUbgCX6xJRjaCLfruzxA8HWjXt2-fpRc4VKnP4QXaSvB5qc&https://www.gradecraft.com/dashboard HTTP/1.1" 301 900 "https://weblogin.umich.edu/?cosign-www.gradecraft.com&https://www.gradecraft.com/dashboard" "Mozilla/5.0 (Macintosh; Intel Mac OS X 10_6_8) AppleWebKit/534.52.7 (KHTML, like Gecko) Version/5.1.2 Safari/534.52.7"
130.91.58.89 - emchenry@wharton.upenn.edu [12/Sep/2012:10:32:32 -0400] "GET /dashboard HTTP/1.1" 200 3428 "https://weblogin.umich.edu/?cosign-www.gradecraft.com&https://www.gradecraft.com/dashboard" "Mozilla/5.0 (Macintosh; Intel Mac OS X 10_6_8) AppleWebKit/534.52.7 (KHTML, like Gecko) Version/5.1.2 Safari/534.52.7"
130.91.58.89 - emchenry@wharton.upenn.edu [12/Sep/2012:10:32:32 -0400] "GET /uploads/theme/filename/8/superhero.min.css HTTP/1.1" 200 16249 "https://www.gradecraft.com/dashboard" "Mozilla/5.0 (Macintosh; Intel Mac OS X 10_6_8) AppleWebKit/534.52.7 (KHTML, like Gecko) Version/5.1.2 Safari/534.52.7"
130.91.58.89 - emchenry@wharton.upenn.edu [12/Sep/2012:10:32:32 -0400] "GET /assets/application-00253241250260a29e421ba336543d92.css HTTP/1.1" 200 46391 "https://www.gradecraft.com/dashboard" "Mozilla/5.0 (Macintosh; Intel Mac OS X 10_6_8) AppleWebKit/534.52.7 (KHTML, like Gecko) Version/5.1.2 Safari/534.52.7"
130.91.58.89 - emchenry@wharton.upenn.edu [12/Sep/2012:10:32:32 -0400] "GET /assets/application-4ce0ae23744168912769066ef11545d8.js HTTP/1.1" 200 135908 "https://www.gradecraft.com/dashboard" "Mozilla/5.0 (Macintosh; Intel Mac OS X 10_6_8) AppleWebKit/534.52.7 (KHTML, like Gecko) Version/5.1.2 Safari/534.52.7"
130.91.58.89 - emchenry@wharton.upenn.edu [12/Sep/2012:10:32:33 -0400] "GET /users/predictor.json?user_id=13 HTTP/1.1" 200 1594 "https://www.gradecraft.com/dashboard" "Mozilla/5.0 (Macintosh; Intel Mac OS X 10_6_8) AppleWebKit/534.52.7 (KHTML, like Gecko) Version/5.1.2 Safari/534.52.7"
130.91.58.89 - emchenry@wharton.upenn.edu [12/Sep/2012:10:32:33 -0400] "GET /users/predictor.json?in_progress=true&user_id=13 HTTP/1.1" 200 1594 "https://www.gradecraft.com/dashboard" "Mozilla/5.0 (Macintosh; Intel Mac OS X 10_6_8) AppleWebKit/534.52.7 (KHTML, like Gecko) Version/5.1.2 Safari/534.52.7"
130.91.58.181 - penns@wharton.upenn.edu [12/Sep/2012:10:32:35 -0400] "GET /assignments/4/grades/self_log?gradeable_id=19&gradeable_type=User HTTP/1.1" 200 2740 "https://www.gradecraft.com/dashboard" "Mozilla/5.0 (Macintosh; Intel Mac OS X 10.6; rv:15.0) Gecko/20100101 Firefox/15.0.1"
165.123.85.203 - jcres@sas.upenn.edu [12/Sep/2012:10:32:38 -0400] "POST /assignments/4/grades/self_log_create HTTP/1.1" 302 1652 "https://www.gradecraft.com/assignments/4/grades/self_log?gradeable_id=50&gradeable_type=User" "Mozilla/5.0 (Linux; Android 4.0.4; Galaxy Nexus Build/IMM76K) AppleWebKit/535.19 (KHTML, like Gecko) Chrome/18.0.1025.166 Mobile Safari/535.19"
165.123.85.203 - jcres@sas.upenn.edu [12/Sep/2012:10:32:38 -0400] "GET /dashboard HTTP/1.1" 200 3684 "https://www.gradecraft.com/assignments/4/grades/self_log?gradeable_id=50&gradeable_type=User" "Mozilla/5.0 (Linux; Android 4.0.4; Galaxy Nexus Build/IMM76K) AppleWebKit/535.19 (KHTML, like Gecko) Chrome/18.0.1025.166 Mobile Safari/535.19"
165.123.85.203 - jcres@sas.upenn.edu [12/Sep/2012:10:32:39 -0400] "GET /users/predictor.json?in_progress=true&user_id=50 HTTP/1.1" 200 1594 "https://www.gradecraft.com/dashboard" "Mozilla/5.0 (Linux; Android 4.0.4; Galaxy Nexus Build/IMM76K) AppleWebKit/535.19 (KHTML, like Gecko) Chrome/18.0.1025.166 Mobile Safari/535.19"
165.123.85.203 - jcres@sas.upenn.edu [12/Sep/2012:10:32:39 -0400] "GET /users/predictor.json?user_id=50 HTTP/1.1" 200 1739 "https://www.gradecraft.com/dashboard" "Mozilla/5.0 (Linux; Android 4.0.4; Galaxy Nexus Build/IMM76K) AppleWebKit/535.19 (KHTML, like Gecko) Chrome/18.0.1025.166 Mobile Safari/535.19"
165.123.85.203 - jcres@sas.upenn.edu [12/Sep/2012:10:32:39 -0400] "GET /apple-touch-icon-precomposed.png HTTP/1.1" 404 1044 "-" "Mozilla/5.0 (Linux; Android 4.0.4; Galaxy Nexus Build/IMM76K) AppleWebKit/535.19 (KHTML, like Gecko) Chrome/18.0.1025.166 Mobile Safari/535.19"
130.91.58.181 - penns@wharton.upenn.edu [12/Sep/2012:10:32:39 -0400] "POST /assignments/4/grades/self_log_create HTTP/1.1" 302 1636 "https://www.gradecraft.com/assignments/4/grades/self_log?gradeable_id=19&gradeable_type=User" "Mozilla/5.0 (Macintosh; Intel Mac OS X 10.6; rv:15.0) Gecko/20100101 Firefox/15.0.1"
130.91.58.181 - penns@wharton.upenn.edu [12/Sep/2012:10:32:39 -0400] "GET /dashboard HTTP/1.1" 200 3668 "https://www.gradecraft.com/assignments/4/grades/self_log?gradeable_id=19&gradeable_type=User" "Mozilla/5.0 (Macintosh; Intel Mac OS X 10.6; rv:15.0) Gecko/20100101 Firefox/15.0.1"
165.123.85.203 - jcres@sas.upenn.edu [12/Sep/2012:10:32:40 -0400] "GET /apple-touch-icon.png HTTP/1.1" 404 1044 "-" "Mozilla/5.0 (Linux; Android 4.0.4; Galaxy Nexus Build/IMM76K) AppleWebKit/535.19 (KHTML, like Gecko) Chrome/18.0.1025.166 Mobile Safari/535.19"
130.91.58.181 - penns@wharton.upenn.edu [12/Sep/2012:10:32:40 -0400] "GET /users/predictor.json?in_progress=true&user_id=19 HTTP/1.1" 200 1594 "https://www.gradecraft.com/dashboard" "Mozilla/5.0 (Macintosh; Intel Mac OS X 10.6; rv:15.0) Gecko/20100101 Firefox/15.0.1"
130.91.58.181 - penns@wharton.upenn.edu [12/Sep/2012:10:32:40 -0400] "GET /users/predictor.json?user_id=19 HTTP/1.1" 200 1755 "https://www.gradecraft.com/dashboard" "Mozilla/5.0 (Macintosh; Intel Mac OS X 10.6; rv:15.0) Gecko/20100101 Firefox/15.0.1"
165.123.86.52 - mshind@wharton.upenn.edu [12/Sep/2012:10:32:41 -0400] "GET /assignments/4/grades/self_log?gradeable_id=28&gradeable_type=User HTTP/1.1" 200 2597 "https://www.gradecraft.com/dashboard" "Mozilla/5.0 (Macintosh; Intel Mac OS X 10_5_8) AppleWebKit/536.11 (KHTML, like Gecko) Chrome/20.0.1132.47 Safari/536.11"
130.91.58.89 - emchenry@wharton.upenn.edu [12/Sep/2012:10:32:44 -0400] "GET /assignments/4/grades/self_log?gradeable_id=13&gradeable_type=User HTTP/1.1" 200 2724 "https://www.gradecraft.com/dashboard" "Mozilla/5.0 (Macintosh; Intel Mac OS X 10_6_8) AppleWebKit/534.52.7 (KHTML, like Gecko) Version/5.1.2 Safari/534.52.7"
165.123.86.52 - mshind@wharton.upenn.edu [12/Sep/2012:10:32:45 -0400] "POST /assignments/4/grades/self_log_create HTTP/1.1" 302 804 "https://www.gradecraft.com/assignments/4/grades/self_log?gradeable_id=28&gradeable_type=User" "Mozilla/5.0 (Macintosh; Intel Mac OS X 10_5_8) AppleWebKit/536.11 (KHTML, like Gecko) Chrome/20.0.1132.47 Safari/536.11"
165.123.86.52 - mshind@wharton.upenn.edu [12/Sep/2012:10:32:45 -0400] "GET /dashboard HTTP/1.1" 200 2468 "https://www.gradecraft.com/assignments/4/grades/self_log?gradeable_id=28&gradeable_type=User" "Mozilla/5.0 (Macintosh; Intel Mac OS X 10_5_8) AppleWebKit/536.11 (KHTML, like Gecko) Chrome/20.0.1132.47 Safari/536.11"
165.123.86.52 - mshind@wharton.upenn.edu [12/Sep/2012:10:32:45 -0400] "GET /users/predictor.json?user_id=28 HTTP/1.1" 200 1275 "https://www.gradecraft.com/dashboard" "Mozilla/5.0 (Macintosh; Intel Mac OS X 10_5_8) AppleWebKit/536.11 (KHTML, like Gecko) Chrome/20.0.1132.47 Safari/536.11"
165.123.86.52 - mshind@wharton.upenn.edu [12/Sep/2012:10:32:45 -0400] "GET /users/predictor.json?in_progress=true&user_id=28 HTTP/1.1" 200 410 "https://www.gradecraft.com/dashboard" "Mozilla/5.0 (Macintosh; Intel Mac OS X 10_5_8) AppleWebKit/536.11 (KHTML, like Gecko) Chrome/20.0.1132.47 Safari/536.11"
165.123.87.1 - - [12/Sep/2012:10:32:48 -0400] "GET /dashboard HTTP/1.1" 302 3936 "https://wharton.instructure.com/courses/755358/wiki/front-page" "Mozilla/5.0 (Macintosh; Intel Mac OS X 10_5_8) AppleWebKit/537.1 (KHTML, like Gecko) Chrome/21.0.1180.79 Safari/537.1"
130.91.57.170 - - [12/Sep/2012:10:32:48 -0400] "GET /dashboard HTTP/1.1" 302 3259 "-" "Mozilla/5.0 (Macintosh; Intel Mac OS X 10_8_1) AppleWebKit/536.25 (KHTML, like Gecko) Version/6.0 Safari/536.25"
130.91.58.89 - emchenry@wharton.upenn.edu [12/Sep/2012:10:32:49 -0400] "POST /assignments/4/grades/self_log_create HTTP/1.1" 302 1636 "https://www.gradecraft.com/assignments/4/grades/self_log?gradeable_id=13&gradeable_type=User" "Mozilla/5.0 (Macintosh; Intel Mac OS X 10_6_8) AppleWebKit/534.52.7 (KHTML, like Gecko) Version/5.1.2 Safari/534.52.7"
130.91.58.89 - emchenry@wharton.upenn.edu [12/Sep/2012:10:32:49 -0400] "GET /dashboard HTTP/1.1" 200 3668 "https://www.gradecraft.com/assignments/4/grades/self_log?gradeable_id=13&gradeable_type=User" "Mozilla/5.0 (Macintosh; Intel Mac OS X 10_6_8) AppleWebKit/534.52.7 (KHTML, like Gecko) Version/5.1.2 Safari/534.52.7"
165.123.87.136 - - [12/Sep/2012:10:32:50 -0400] "GET /dashboard HTTP/1.1" 302 901 "https://wharton.instructure.com/courses/755358" "Mozilla/5.0 (Windows NT 6.1; WOW64) AppleWebKit/537.1 (KHTML, like Gecko) Chrome/21.0.1180.89 Safari/537.1"
130.91.58.89 - emchenry@wharton.upenn.edu [12/Sep/2012:10:32:50 -0400] "GET /users/predictor.json?user_id=13 HTTP/1.1" 200 1594 "https://www.gradecraft.com/dashboard" "Mozilla/5.0 (Macintosh; Intel Mac OS X 10_6_8) AppleWebKit/534.52.7 (KHTML, like Gecko) Version/5.1.2 Safari/534.52.7"
130.91.58.89 - emchenry@wharton.upenn.edu [12/Sep/2012:10:32:50 -0400] "GET /users/predictor.json?in_progress=true&user_id=13 HTTP/1.1" 200 1732 "https://www.gradecraft.com/dashboard" "Mozilla/5.0 (Macintosh; Intel Mac OS X 10_6_8) AppleWebKit/534.52.7 (KHTML, like Gecko) Version/5.1.2 Safari/534.52.7"
165.123.87.179 - - [12/Sep/2012:10:32:51 -0400] "GET / HTTP/1.1" 302 3920 "-" "Mozilla/5.0 (iPad; CPU OS 5_1_1 like Mac OS X; en-us) AppleWebKit/534.46.0 (KHTML, like Gecko) CriOS/21.0.1180.77 Mobile/9B206 Safari/7534.48.3"
130.91.57.170 - - [12/Sep/2012:10:32:56 -0400] "GET /cosign/valid?cosign-www.gradecraft.com=UgCzX6Wd2SkE3xeQ3jsQNkc5T8MWI8rtlpqYf5CPWB-HSulTIeD3rTsQtNrm4Ud+zVRj1T0241Jsh5fiZFAxGoghggPANkZiiPn9QK5i5WCnztFOfpScJF-a-cCw&https://gradecraft.com/dashboard HTTP/1.1" 301 3243 "https://weblogin.umich.edu/?cosign-www.gradecraft.com&https://gradecraft.com/dashboard" "Mozilla/5.0 (Macintosh; Intel Mac OS X 10_8_1) AppleWebKit/536.25 (KHTML, like Gecko) Version/6.0 Safari/536.25"
165.123.87.136 - - [12/Sep/2012:10:33:02 -0400] "GET /cosign/valid?cosign-www.gradecraft.com=IqSoCIrree+GdcN6cm+8-E6j3TRRLWVZVV6kp72omvDXO2z8yAImgzSx3bGTrk5cJjtGCE7Nt4HZE7F+TcG2RckatgKwf1Lbpkiw+bY1Fs0btSQSA6v58RuU-uIe&https://www.gradecraft.com/dashboard HTTP/1.1" 301 900 "https://weblogin.umich.edu/?cosign-www.gradecraft.com&https://www.gradecraft.com/dashboard" "Mozilla/5.0 (Windows NT 6.1; WOW64) AppleWebKit/537.1 (KHTML, like Gecko) Chrome/21.0.1180.89 Safari/537.1"
165.123.87.136 - sohumd@wharton.upenn.edu [12/Sep/2012:10:33:02 -0400] "GET /dashboard HTTP/1.1" 302 1524 "https://weblogin.umich.edu/?cosign-www.gradecraft.com&https://www.gradecraft.com/dashboard" "Mozilla/5.0 (Windows NT 6.1; WOW64) AppleWebKit/537.1 (KHTML, like Gecko) Chrome/21.0.1180.89 Safari/537.1"
165.123.87.136 - sohumd@wharton.upenn.edu [12/Sep/2012:10:33:02 -0400] "GET /dashboard HTTP/1.1" 200 3444 "https://weblogin.umich.edu/?cosign-www.gradecraft.com&https://www.gradecraft.com/dashboard" "Mozilla/5.0 (Windows NT 6.1; WOW64) AppleWebKit/537.1 (KHTML, like Gecko) Chrome/21.0.1180.89 Safari/537.1"
165.123.87.1 - - [12/Sep/2012:10:33:03 -0400] "GET /cosign/valid?cosign-www.gradecraft.com=liyJm50UHLrG+yy0y3Pa0LnUeYOFDSyhyAKh9r2Cb0sxBEoFrloCItKPwsOU4wzmN2neIxnwaaJuUocxGVvMG+OKhNma6X-N3v37aMHlOJuWRFXIsh0UVAso9j7-&https://www.gradecraft.com/dashboard HTTP/1.1" 301 612 "https://weblogin.umich.edu/cosign-bin/cosign.cgi" "Mozilla/5.0 (Macintosh; Intel Mac OS X 10_5_8) AppleWebKit/537.1 (KHTML, like Gecko) Chrome/21.0.1180.79 Safari/537.1"
165.123.87.1 - akshat@wharton.upenn.edu [12/Sep/2012:10:33:03 -0400] "GET /dashboard HTTP/1.1" 302 916 "https://weblogin.umich.edu/cosign-bin/cosign.cgi" "Mozilla/5.0 (Macintosh; Intel Mac OS X 10_5_8) AppleWebKit/537.1 (KHTML, like Gecko) Chrome/21.0.1180.79 Safari/537.1"
