68.40.27.36 - - [02/Oct/2012:07:56:16 -0400] "GET / HTTP/1.1" 302 3254 "https://sites.google.com/a/umich.edu/polsci101f2012/" "Mozilla/5.0 (Macintosh; Intel Mac OS X 10_7_4) AppleWebKit/536.25 (KHTML, like Gecko) Version/6.0 Safari/536.25"
68.40.27.36 - - [02/Oct/2012:07:56:16 -0400] "GET /cosign/valid?cosign-www.gradecraft.com=XRnY218lPlx5DarHGB9O5hVcYuiz0tsiD8XPz7F-JqQpokOJzL7l53DoBonS1vC-FkvJmxHFRio1bTbp-qtAvYS+RdpoJIZwQbMs16Mzskr0xV+iIj1SiFkG2N-C&https://www.gradecraft.com/ HTTP/1.1" 301 868 "https://sites.google.com/a/umich.edu/polsci101f2012/" "Mozilla/5.0 (Macintosh; Intel Mac OS X 10_7_4) AppleWebKit/536.25 (KHTML, like Gecko) Version/6.0 Safari/536.25"
68.40.27.36 - mbsoren [02/Oct/2012:07:56:16 -0400] "GET / HTTP/1.1" 302 1348 "https://sites.google.com/a/umich.edu/polsci101f2012/" "Mozilla/5.0 (Macintosh; Intel Mac OS X 10_7_4) AppleWebKit/536.25 (KHTML, like Gecko) Version/6.0 Safari/536.25"
68.40.27.36 - mbsoren [02/Oct/2012:07:56:17 -0400] "GET /dashboard HTTP/1.1" 200 5092 "https://sites.google.com/a/umich.edu/polsci101f2012/" "Mozilla/5.0 (Macintosh; Intel Mac OS X 10_7_4) AppleWebKit/536.25 (KHTML, like Gecko) Version/6.0 Safari/536.25"
68.40.27.36 - mbsoren [02/Oct/2012:07:56:19 -0400] "GET /assets/application-ecd494f92b13eff6c1f1042a0c2c0300.css HTTP/1.1" 200 46973 "https://www.gradecraft.com/dashboard" "Mozilla/5.0 (Macintosh; Intel Mac OS X 10_7_4) AppleWebKit/536.25 (KHTML, like Gecko) Version/6.0 Safari/536.25"
68.40.27.36 - mbsoren [02/Oct/2012:07:56:19 -0400] "GET /assets/stylesheets/cyborg.min.css HTTP/1.1" 404 1198 "https://www.gradecraft.com/dashboard" "Mozilla/5.0 (Macintosh; Intel Mac OS X 10_7_4) AppleWebKit/536.25 (KHTML, like Gecko) Version/6.0 Safari/536.25"
68.40.27.36 - mbsoren [02/Oct/2012:07:56:19 -0400] "GET /assets/application-1c8a7386185fa79b964fbb3a368c2523.js HTTP/1.1" 200 204178 "https://www.gradecraft.com/dashboard" "Mozilla/5.0 (Macintosh; Intel Mac OS X 10_7_4) AppleWebKit/536.25 (KHTML, like Gecko) Version/6.0 Safari/536.25"
68.40.27.36 - mbsoren [02/Oct/2012:07:56:20 -0400] "GET /badges/pos101/always_learning.png HTTP/1.1" 200 3066 "https://www.gradecraft.com/dashboard" "Mozilla/5.0 (Macintosh; Intel Mac OS X 10_7_4) AppleWebKit/536.25 (KHTML, like Gecko) Version/6.0 Safari/536.25"
68.40.27.36 - mbsoren [02/Oct/2012:07:56:20 -0400] "GET /badges/pos101/presentation_of_self.png HTTP/1.1" 200 5498 "https://www.gradecraft.com/dashboard" "Mozilla/5.0 (Macintosh; Intel Mac OS X 10_7_4) AppleWebKit/536.25 (KHTML, like Gecko) Version/6.0 Safari/536.25"
68.40.27.36 - mbsoren [02/Oct/2012:07:56:20 -0400] "GET /badges/pos101/above_and_beyond.png HTTP/1.1" 200 6372 "https://www.gradecraft.com/dashboard" "Mozilla/5.0 (Macintosh; Intel Mac OS X 10_7_4) AppleWebKit/536.25 (KHTML, like Gecko) Version/6.0 Safari/536.25"
68.40.27.36 - mbsoren [02/Oct/2012:07:56:20 -0400] "GET /badges/pos101/awesome_aggregator.png HTTP/1.1" 200 5796 "https://www.gradecraft.com/dashboard" "Mozilla/5.0 (Macintosh; Intel Mac OS X 10_7_4) AppleWebKit/536.25 (KHTML, like Gecko) Version/6.0 Safari/536.25"
68.40.27.36 - mbsoren [02/Oct/2012:07:56:20 -0400] "GET /badges/pos101/teachers_pet.png HTTP/1.1" 200 3194 "https://www.gradecraft.com/dashboard" "Mozilla/5.0 (Macintosh; Intel Mac OS X 10_7_4) AppleWebKit/536.25 (KHTML, like Gecko) Version/6.0 Safari/536.25"
68.40.27.36 - mbsoren [02/Oct/2012:07:56:20 -0400] "GET /badges/pos101/great_critic.png HTTP/1.1" 200 5444 "https://www.gradecraft.com/dashboard" "Mozilla/5.0 (Macintosh; Intel Mac OS X 10_7_4) AppleWebKit/536.25 (KHTML, like Gecko) Version/6.0 Safari/536.25"
68.40.27.36 - mbsoren [02/Oct/2012:07:56:20 -0400] "GET /badges/pos101/concentrator.png HTTP/1.1" 200 3594 "https://www.gradecraft.com/dashboard" "Mozilla/5.0 (Macintosh; Intel Mac OS X 10_7_4) AppleWebKit/536.25 (KHTML, like Gecko) Version/6.0 Safari/536.25"
68.40.27.36 - mbsoren [02/Oct/2012:07:56:20 -0400] "GET /badges/pos101/courageous_failure.png HTTP/1.1" 200 8410 "https://www.gradecraft.com/dashboard" "Mozilla/5.0 (Macintosh; Intel Mac OS X 10_7_4) AppleWebKit/536.25 (KHTML, like Gecko) Version/6.0 Safari/536.25"
68.40.27.36 - mbsoren [02/Oct/2012:07:56:20 -0400] "GET /badges/pos101/early_bird_special.png HTTP/1.1" 200 4602 "https://www.gradecraft.com/dashboard" "Mozilla/5.0 (Macintosh; Intel Mac OS X 10_7_4) AppleWebKit/536.25 (KHTML, like Gecko) Version/6.0 Safari/536.25"
68.40.27.36 - mbsoren [02/Oct/2012:07:56:20 -0400] "GET /badges/pos101/examination_expert.png HTTP/1.1" 200 4042 "https://www.gradecraft.com/dashboard" "Mozilla/5.0 (Macintosh; Intel Mac OS X 10_7_4) AppleWebKit/536.25 (KHTML, like Gecko) Version/6.0 Safari/536.25"
68.40.27.36 - mbsoren [02/Oct/2012:07:56:20 -0400] "GET /badges/pos101/gaining_experience.png HTTP/1.1" 200 8458 "https://www.gradecraft.com/dashboard" "Mozilla/5.0 (Macintosh; Intel Mac OS X 10_7_4) AppleWebKit/536.25 (KHTML, like Gecko) Version/6.0 Safari/536.25"
68.40.27.36 - mbsoren [02/Oct/2012:07:56:20 -0400] "GET /badges/pos101/gamer.png HTTP/1.1" 200 4378 "https://www.gradecraft.com/dashboard" "Mozilla/5.0 (Macintosh; Intel Mac OS X 10_7_4) AppleWebKit/536.25 (KHTML, like Gecko) Version/6.0 Safari/536.25"
68.40.27.36 - mbsoren [02/Oct/2012:07:56:20 -0400] "GET /users/predictor.json?in_progress=true&user_id=360 HTTP/1.1" 200 1594 "https://www.gradecraft.com/dashboard" "Mozilla/5.0 (Macintosh; Intel Mac OS X 10_7_4) AppleWebKit/536.25 (KHTML, like Gecko) Version/6.0 Safari/536.25"
68.40.27.36 - mbsoren [02/Oct/2012:07:56:20 -0400] "GET /badges/pos101/learning_from_mistakes.png HTTP/1.1" 200 8362 "https://www.gradecraft.com/dashboard" "Mozilla/5.0 (Macintosh; Intel Mac OS X 10_7_4) AppleWebKit/536.25 (KHTML, like Gecko) Version/6.0 Safari/536.25"
68.40.27.36 - mbsoren [02/Oct/2012:07:56:20 -0400] "GET /badges/pos101/personal.png HTTP/1.1" 200 4474 "https://www.gradecraft.com/dashboard" "Mozilla/5.0 (Macintosh; Intel Mac OS X 10_7_4) AppleWebKit/536.25 (KHTML, like Gecko) Version/6.0 Safari/536.25"
68.40.27.36 - mbsoren [02/Oct/2012:07:56:20 -0400] "GET /badges/pos101/participatory_democrat.png HTTP/1.1" 200 5354 "https://www.gradecraft.com/dashboard" "Mozilla/5.0 (Macintosh; Intel Mac OS X 10_7_4) AppleWebKit/536.25 (KHTML, like Gecko) Version/6.0 Safari/536.25"
68.40.27.36 - mbsoren [02/Oct/2012:07:56:20 -0400] "GET /badges/pos101/practice_makes_perfect.png HTTP/1.1" 200 6010 "https://www.gradecraft.com/dashboard" "Mozilla/5.0 (Macintosh; Intel Mac OS X 10_7_4) AppleWebKit/536.25 (KHTML, like Gecko) Version/6.0 Safari/536.25"
68.40.27.36 - mbsoren [02/Oct/2012:07:56:21 -0400] "GET /badges/pos101/public_speaker.png HTTP/1.1" 200 5482 "https://www.gradecraft.com/dashboard" "Mozilla/5.0 (Macintosh; Intel Mac OS X 10_7_4) AppleWebKit/536.25 (KHTML, like Gecko) Version/6.0 Safari/536.25"
68.40.27.36 - mbsoren [02/Oct/2012:07:56:20 -0400] "GET /users/predictor.json?user_id=360 HTTP/1.1" 200 1610 "https://www.gradecraft.com/dashboard" "Mozilla/5.0 (Macintosh; Intel Mac OS X 10_7_4) AppleWebKit/536.25 (KHTML, like Gecko) Version/6.0 Safari/536.25"
68.40.27.36 - mbsoren [02/Oct/2012:07:56:21 -0400] "GET /badges/pos101/times_immemorial.png HTTP/1.1" 200 5722 "https://www.gradecraft.com/dashboard" "Mozilla/5.0 (Macintosh; Intel Mac OS X 10_7_4) AppleWebKit/536.25 (KHTML, like Gecko) Version/6.0 Safari/536.25"
68.40.27.36 - mbsoren [02/Oct/2012:07:56:21 -0400] "GET /badges/pos101/phoebe_badge.jpg HTTP/1.1" 200 5994 "https://www.gradecraft.com/dashboard" "Mozilla/5.0 (Macintosh; Intel Mac OS X 10_7_4) AppleWebKit/536.25 (KHTML, like Gecko) Version/6.0 Safari/536.25"
68.40.27.36 - mbsoren [02/Oct/2012:07:56:21 -0400] "GET /badges/pos101/level_one.png HTTP/1.1" 200 4458 "https://www.gradecraft.com/dashboard" "Mozilla/5.0 (Macintosh; Intel Mac OS X 10_7_4) AppleWebKit/536.25 (KHTML, like Gecko) Version/6.0 Safari/536.25"
68.40.27.36 - mbsoren [02/Oct/2012:07:56:21 -0400] "GET /badges/pos101/scribe.png HTTP/1.1" 200 3002 "https://www.gradecraft.com/dashboard" "Mozilla/5.0 (Macintosh; Intel Mac OS X 10_7_4) AppleWebKit/536.25 (KHTML, like Gecko) Version/6.0 Safari/536.25"
68.40.27.36 - mbsoren [02/Oct/2012:07:56:42 -0400] "GET /users/predictor?user_id=360 HTTP/1.1" 200 5630 "https://www.gradecraft.com/dashboard" "Mozilla/5.0 (Macintosh; Intel Mac OS X 10_7_4) AppleWebKit/536.25 (KHTML, like Gecko) Version/6.0 Safari/536.25"
68.40.27.36 - mbsoren [02/Oct/2012:07:56:45 -0400] "GET /assets/stylesheets/cyborg.min.css HTTP/1.1" 404 1044 "https://www.gradecraft.com/users/predictor?user_id=360" "Mozilla/5.0 (Macintosh; Intel Mac OS X 10_7_4) AppleWebKit/536.25 (KHTML, like Gecko) Version/6.0 Safari/536.25"
68.40.27.36 - mbsoren [02/Oct/2012:07:56:45 -0400] "GET /assets/images/bg_direction_nav.png HTTP/1.1" 200 2916 "https://www.gradecraft.com/users/predictor?user_id=360" "Mozilla/5.0 (Macintosh; Intel Mac OS X 10_7_4) AppleWebKit/536.25 (KHTML, like Gecko) Version/6.0 Safari/536.25"
68.40.27.36 - mbsoren [02/Oct/2012:07:56:45 -0400] "GET /assets/jquery-ui/ui-bg_flat_75_ffffff_40x100-841636c8f8d33987bb8d2f31e8ef92ca.png HTTP/1.1" 200 538 "https://www.gradecraft.com/users/predictor?user_id=360" "Mozilla/5.0 (Macintosh; Intel Mac OS X 10_7_4) AppleWebKit/536.25 (KHTML, like Gecko) Version/6.0 Safari/536.25"
68.40.27.36 - mbsoren [02/Oct/2012:07:56:45 -0400] "GET /assets/theme/bg_control_nav.png HTTP/1.1" 404 1198 "https://www.gradecraft.com/users/predictor?user_id=360" "Mozilla/5.0 (Macintosh; Intel Mac OS X 10_7_4) AppleWebKit/536.25 (KHTML, like Gecko) Version/6.0 Safari/536.25"
68.40.27.36 - - [02/Oct/2012:08:14:15 -0400] "GET / HTTP/1.1" 302 3254 "-" "Mozilla/5.0 (Macintosh; Intel Mac OS X 10_7_4) AppleWebKit/536.25 (KHTML, like Gecko) Version/6.0 Safari/536.25"
68.40.122.225 - - [02/Oct/2012:08:24:40 -0400] "GET /dashboard HTTP/1.1" 302 3789 "-" "Mozilla/5.0 (Windows NT 6.1; WOW64) AppleWebKit/537.4 (KHTML, like Gecko) Chrome/22.0.1229.79 Safari/537.4"
68.40.122.225 - - [02/Oct/2012:08:24:46 -0400] "GET /cosign/valid?cosign-www.gradecraft.com=k8sv7fGObsKp29xgIuXsrdVjw4Y-AHRhNQiLXvnGU0z1zVZgEVnwZqHSO5aPDAWJTq1yruKi3eMe6yJk7cQ4pcurz-xgGyVjxnFM+kBxTupSu537AkpahKp+1rnn&https://www.gradecraft.com/dashboard HTTP/1.1" 301 900 "https://weblogin.umich.edu/?cosign-www.gradecraft.com&https://www.gradecraft.com/dashboard" "Mozilla/5.0 (Windows NT 6.1; WOW64) AppleWebKit/537.4 (KHTML, like Gecko) Chrome/22.0.1229.79 Safari/537.4"
68.40.122.225 - hjsim [02/Oct/2012:08:24:46 -0400] "GET /dashboard HTTP/1.1" 200 5108 "https://weblogin.umich.edu/?cosign-www.gradecraft.com&https://www.gradecraft.com/dashboard" "Mozilla/5.0 (Windows NT 6.1; WOW64) AppleWebKit/537.4 (KHTML, like Gecko) Chrome/22.0.1229.79 Safari/537.4"
68.40.122.225 - hjsim [02/Oct/2012:08:24:47 -0400] "GET /assets/application-ecd494f92b13eff6c1f1042a0c2c0300.css HTTP/1.1" 304 245 "https://www.gradecraft.com/dashboard" "Mozilla/5.0 (Windows NT 6.1; WOW64) AppleWebKit/537.4 (KHTML, like Gecko) Chrome/22.0.1229.79 Safari/537.4"
68.40.122.225 - hjsim [02/Oct/2012:08:24:47 -0400] "GET /assets/application-1c8a7386185fa79b964fbb3a368c2523.js HTTP/1.1" 304 3278 "https://www.gradecraft.com/dashboard" "Mozilla/5.0 (Windows NT 6.1; WOW64) AppleWebKit/537.4 (KHTML, like Gecko) Chrome/22.0.1229.79 Safari/537.4"
68.40.122.225 - hjsim [02/Oct/2012:08:24:47 -0400] "GET /assets/stylesheets/cyborg.min.css HTTP/1.1" 404 4093 "https://www.gradecraft.com/dashboard" "Mozilla/5.0 (Windows NT 6.1; WOW64) AppleWebKit/537.4 (KHTML, like Gecko) Chrome/22.0.1229.79 Safari/537.4"
68.40.122.225 - hjsim [02/Oct/2012:08:24:47 -0400] "GET /badges/pos101/phoebe_badge.jpg HTTP/1.1" 304 229 "https://www.gradecraft.com/dashboard" "Mozilla/5.0 (Windows NT 6.1; WOW64) AppleWebKit/537.4 (KHTML, like Gecko) Chrome/22.0.1229.79 Safari/537.4"
68.40.122.225 - hjsim [02/Oct/2012:08:24:47 -0400] "GET /users/predictor.json?in_progress=true&user_id=334 HTTP/1.1" 200 1610 "https://www.gradecraft.com/dashboard" "Mozilla/5.0 (Windows NT 6.1; WOW64) AppleWebKit/537.4 (KHTML, like Gecko) Chrome/22.0.1229.79 Safari/537.4"
68.40.122.225 - hjsim [02/Oct/2012:08:24:47 -0400] "GET /users/predictor.json?user_id=334 HTTP/1.1" 200 1626 "https://www.gradecraft.com/dashboard" "Mozilla/5.0 (Windows NT 6.1; WOW64) AppleWebKit/537.4 (KHTML, like Gecko) Chrome/22.0.1229.79 Safari/537.4"
68.40.122.225 - hjsim [02/Oct/2012:08:28:18 -0400] "GET /dashboard HTTP/1.1" 304 4161 "-" "Mozilla/5.0 (Windows NT 6.1; WOW64) AppleWebKit/537.4 (KHTML, like Gecko) Chrome/22.0.1229.79 Safari/537.4"
68.40.122.225 - hjsim [02/Oct/2012:08:28:19 -0400] "GET /assets/stylesheets/cyborg.min.css HTTP/1.1" 404 1044 "https://www.gradecraft.com/dashboard" "Mozilla/5.0 (Windows NT 6.1; WOW64) AppleWebKit/537.4 (KHTML, like Gecko) Chrome/22.0.1229.79 Safari/537.4"
68.40.122.225 - hjsim [02/Oct/2012:08:28:19 -0400] "GET /users/predictor.json?in_progress=true&user_id=334 HTTP/1.1" 304 885 "https://www.gradecraft.com/dashboard" "Mozilla/5.0 (Windows NT 6.1; WOW64) AppleWebKit/537.4 (KHTML, like Gecko) Chrome/22.0.1229.79 Safari/537.4"
68.40.122.225 - hjsim [02/Oct/2012:08:28:19 -0400] "GET /users/predictor.json?user_id=334 HTTP/1.1" 304 4113 "https://www.gradecraft.com/dashboard" "Mozilla/5.0 (Windows NT 6.1; WOW64) AppleWebKit/537.4 (KHTML, like Gecko) Chrome/22.0.1229.79 Safari/537.4"
24.11.171.92 - - [02/Oct/2012:08:32:26 -0400] "GET / HTTP/1.1" 302 3254 "-" "Mozilla/5.0 (Macintosh; Intel Mac OS X 10_6_8) AppleWebKit/534.57.2 (KHTML, like Gecko) Version/5.1.7 Safari/534.57.2"
67.194.10.175 - - [02/Oct/2012:09:09:51 -0400] "GET / HTTP/1.1" 302 3254 "-" "Mozilla/5.0 (Macintosh; Intel Mac OS X 10_7_4) AppleWebKit/536.25 (KHTML, like Gecko) Version/6.0 Safari/536.25"
67.194.21.187 - - [02/Oct/2012:09:10:22 -0400] "GET /dashboard HTTP/1.1" 302 3254 "-" "Mozilla/5.0 (Macintosh; Intel Mac OS X 10_7_4) AppleWebKit/534.57.5 (KHTML, like Gecko) Version/5.1.7 Safari/534.57.4"
67.194.2.27 - - [02/Oct/2012:09:10:27 -0400] "GET / HTTP/1.1" 302 3264 "-" "Mozilla/5.0 (Macintosh; U; Intel Mac OS X 10_6_8; en-us) AppleWebKit/533.21.1 (KHTML, like Gecko) Version/5.0.5 Safari/533.21.1"
67.194.21.187 - - [02/Oct/2012:09:10:29 -0400] "GET /cosign/valid?cosign-www.gradecraft.com=adCcs5IVo3YkPJhqoJfTxIIyWw6pNkwB-UPlisfjCtAaKCBWvEz3aJE0cNM6aH9YTfT2XG5BoCPoLzi05H2zaZ1TOA9c16IhJO3Zi+eK6X6021CDGvqKlAnCYMEG&https://www.gradecraft.com/dashboard HTTP/1.1" 301 900 "https://weblogin.umich.edu/?cosign-www.gradecraft.com&https://www.gradecraft.com/dashboard" "Mozilla/5.0 (Macintosh; Intel Mac OS X 10_7_4) AppleWebKit/534.57.5 (KHTML, like Gecko) Version/5.1.7 Safari/534.57.4"
67.194.21.187 - allymd [02/Oct/2012:09:10:29 -0400] "GET /dashboard HTTP/1.1" 200 5108 "https://weblogin.umich.edu/?cosign-www.gradecraft.com&https://www.gradecraft.com/dashboard" "Mozilla/5.0 (Macintosh; Intel Mac OS X 10_7_4) AppleWebKit/534.57.5 (KHTML, like Gecko) Version/5.1.7 Safari/534.57.4"
67.194.21.187 - allymd [02/Oct/2012:09:10:31 -0400] "GET /assets/application-ecd494f92b13eff6c1f1042a0c2c0300.css HTTP/1.1" 200 46973 "https://www.gradecraft.com/dashboard" "Mozilla/5.0 (Macintosh; Intel Mac OS X 10_7_4) AppleWebKit/534.57.5 (KHTML, like Gecko) Version/5.1.7 Safari/534.57.4"
67.194.21.187 - allymd [02/Oct/2012:09:10:31 -0400] "GET /assets/stylesheets/cyborg.min.css HTTP/1.1" 404 1198 "https://www.gradecraft.com/dashboard" "Mozilla/5.0 (Macintosh; Intel Mac OS X 10_7_4) AppleWebKit/534.57.5 (KHTML, like Gecko) Version/5.1.7 Safari/534.57.4"
67.194.21.187 - allymd [02/Oct/2012:09:10:31 -0400] "GET /assets/application-1c8a7386185fa79b964fbb3a368c2523.js HTTP/1.1" 200 204178 "https://www.gradecraft.com/dashboard" "Mozilla/5.0 (Macintosh; Intel Mac OS X 10_7_4) AppleWebKit/534.57.5 (KHTML, like Gecko) Version/5.1.7 Safari/534.57.4"
67.194.21.187 - allymd [02/Oct/2012:09:10:31 -0400] "GET /badges/pos101/courageous_failure.png HTTP/1.1" 200 8410 "https://www.gradecraft.com/dashboard" "Mozilla/5.0 (Macintosh; Intel Mac OS X 10_7_4) AppleWebKit/534.57.5 (KHTML, like Gecko) Version/5.1.7 Safari/534.57.4"
67.194.21.187 - allymd [02/Oct/2012:09:10:31 -0400] "GET /badges/pos101/learning_from_mistakes.png HTTP/1.1" 200 8500 "https://www.gradecraft.com/dashboard" "Mozilla/5.0 (Macintosh; Intel Mac OS X 10_7_4) AppleWebKit/534.57.5 (KHTML, like Gecko) Version/5.1.7 Safari/534.57.4"
67.194.21.187 - allymd [02/Oct/2012:09:10:31 -0400] "GET /badges/pos101/phoebe_badge.jpg HTTP/1.1" 304 367 "https://www.gradecraft.com/dashboard" "Mozilla/5.0 (Macintosh; Intel Mac OS X 10_7_4) AppleWebKit/534.57.5 (KHTML, like Gecko) Version/5.1.7 Safari/534.57.4"
67.194.21.187 - allymd [02/Oct/2012:09:10:31 -0400] "GET /badges/pos101/gaining_experience.png HTTP/1.1" 200 8596 "https://www.gradecraft.com/dashboard" "Mozilla/5.0 (Macintosh; Intel Mac OS X 10_7_4) AppleWebKit/534.57.5 (KHTML, like Gecko) Version/5.1.7 Safari/534.57.4"
67.194.21.187 - allymd [02/Oct/2012:09:10:31 -0400] "GET /users/predictor.json?in_progress=true&user_id=125 HTTP/1.1" 200 1610 "https://www.gradecraft.com/dashboard" "Mozilla/5.0 (Macintosh; Intel Mac OS X 10_7_4) AppleWebKit/534.57.5 (KHTML, like Gecko) Version/5.1.7 Safari/534.57.4"
67.194.21.187 - allymd [02/Oct/2012:09:10:31 -0400] "GET /users/predictor.json?user_id=125 HTTP/1.1" 200 1610 "https://www.gradecraft.com/dashboard" "Mozilla/5.0 (Macintosh; Intel Mac OS X 10_7_4) AppleWebKit/534.57.5 (KHTML, like Gecko) Version/5.1.7 Safari/534.57.4"
67.194.95.190 - - [02/Oct/2012:09:10:35 -0400] "GET /dashboard HTTP/1.1" 302 3259 "-" "Mozilla/5.0 (Macintosh; Intel Mac OS X 10_8_1) AppleWebKit/536.25 (KHTML, like Gecko) Version/6.0 Safari/536.25"
67.194.2.27 - - [02/Oct/2012:09:10:41 -0400] "GET /cosign/valid?cosign-www.gradecraft.com=sS+OBc-nNzhEldGt9kkaF0iEH4u069pDFOEnlFAIA3xFxsid6adzt7KoyGI0HQg2hPpBF9c9H9Yf8KxR3vAeSmTOH2OYBIws2Wy71z6V62mjqGA4CqHJ3+YCnXBa&https://www.gradecraft.com/ HTTP/1.1" 301 868 "https://weblogin.umich.edu/?cosign-www.gradecraft.com&https://www.gradecraft.com/" "Mozilla/5.0 (Macintosh; U; Intel Mac OS X 10_6_8; en-us) AppleWebKit/533.21.1 (KHTML, like Gecko) Version/5.0.5 Safari/533.21.1"
67.194.2.27 - aaabihai [02/Oct/2012:09:10:41 -0400] "GET / HTTP/1.1" 200 5092 "https://weblogin.umich.edu/?cosign-www.gradecraft.com&https://www.gradecraft.com/" "Mozilla/5.0 (Macintosh; U; Intel Mac OS X 10_6_8; en-us) AppleWebKit/533.21.1 (KHTML, like Gecko) Version/5.0.5 Safari/533.21.1"
67.194.2.27 - aaabihai [02/Oct/2012:09:10:44 -0400] "GET /assets/stylesheets/cyborg.min.css HTTP/1.1" 404 1214 "https://www.gradecraft.com/" "Mozilla/5.0 (Macintosh; U; Intel Mac OS X 10_6_8; en-us) AppleWebKit/533.21.1 (KHTML, like Gecko) Version/5.0.5 Safari/533.21.1"
67.194.95.190 - - [02/Oct/2012:09:10:44 -0400] "GET /cosign/valid?cosign-www.gradecraft.com=Kp+YSBMhVMZ-5q6nE6eTf9MQj8iNiKz7Vlx-v4gkC-j0J59wPyJJky5AKs4VRacXyx3d0rbcf95nb1p6o6qAUoehKdkQzPXvMKU-Vmi5q8gD7OTE3osx-M3Kkt5N&https://www.gradecraft.com/dashboard HTTP/1.1" 301 900 "https://weblogin.umich.edu/?cosign-www.gradecraft.com&https://www.gradecraft.com/dashboard" "Mozilla/5.0 (Macintosh; Intel Mac OS X 10_8_1) AppleWebKit/536.25 (KHTML, like Gecko) Version/6.0 Safari/536.25"
67.194.2.27 - aaabihai [02/Oct/2012:09:10:44 -0400] "GET /assets/application-ecd494f92b13eff6c1f1042a0c2c0300.css HTTP/1.1" 200 46973 "https://www.gradecraft.com/" "Mozilla/5.0 (Macintosh; U; Intel Mac OS X 10_6_8; en-us) AppleWebKit/533.21.1 (KHTML, like Gecko) Version/5.0.5 Safari/533.21.1"
67.194.2.27 - aaabihai [02/Oct/2012:09:10:44 -0400] "GET /assets/application-1c8a7386185fa79b964fbb3a368c2523.js HTTP/1.1" 200 204194 "https://www.gradecraft.com/" "Mozilla/5.0 (Macintosh; U; Intel Mac OS X 10_6_8; en-us) AppleWebKit/533.21.1 (KHTML, like Gecko) Version/5.0.5 Safari/533.21.1"
67.194.95.190 - saghirs [02/Oct/2012:09:10:44 -0400] "GET /dashboard HTTP/1.1" 200 5108 "https://weblogin.umich.edu/?cosign-www.gradecraft.com&https://www.gradecraft.com/dashboard" "Mozilla/5.0 (Macintosh; Intel Mac OS X 10_8_1) AppleWebKit/536.25 (KHTML, like Gecko) Version/6.0 Safari/536.25"
67.194.95.190 - saghirs [02/Oct/2012:09:10:44 -0400] "GET /assets/application-ecd494f92b13eff6c1f1042a0c2c0300.css HTTP/1.1" 200 47118 "https://www.gradecraft.com/dashboard" "Mozilla/5.0 (Macintosh; Intel Mac OS X 10_8_1) AppleWebKit/536.25 (KHTML, like Gecko) Version/6.0 Safari/536.25"
67.194.95.190 - saghirs [02/Oct/2012:09:10:44 -0400] "GET /assets/stylesheets/cyborg.min.css HTTP/1.1" 404 1044 "https://www.gradecraft.com/dashboard" "Mozilla/5.0 (Macintosh; Intel Mac OS X 10_8_1) AppleWebKit/536.25 (KHTML, like Gecko) Version/6.0 Safari/536.25"
67.194.95.190 - saghirs [02/Oct/2012:09:10:44 -0400] "GET /assets/application-1c8a7386185fa79b964fbb3a368c2523.js HTTP/1.1" 200 204185 "https://www.gradecraft.com/dashboard" "Mozilla/5.0 (Macintosh; Intel Mac OS X 10_8_1) AppleWebKit/536.25 (KHTML, like Gecko) Version/6.0 Safari/536.25"
67.194.95.190 - saghirs [02/Oct/2012:09:10:45 -0400] "GET /badges/pos101/phoebe_badge.jpg HTTP/1.1" 304 229 "https://www.gradecraft.com/dashboard" "Mozilla/5.0 (Macintosh; Intel Mac OS X 10_8_1) AppleWebKit/536.25 (KHTML, like Gecko) Version/6.0 Safari/536.25"
67.194.2.27 - aaabihai [02/Oct/2012:09:10:45 -0400] "GET /badges/pos101/always_learning.png HTTP/1.1" 304 229 "https://www.gradecraft.com/" "Mozilla/5.0 (Macintosh; U; Intel Mac OS X 10_6_8; en-us) AppleWebKit/533.21.1 (KHTML, like Gecko) Version/5.0.5 Safari/533.21.1"
67.194.2.27 - aaabihai [02/Oct/2012:09:10:45 -0400] "GET /badges/pos101/above_and_beyond.png HTTP/1.1" 304 229 "https://www.gradecraft.com/" "Mozilla/5.0 (Macintosh; U; Intel Mac OS X 10_6_8; en-us) AppleWebKit/533.21.1 (KHTML, like Gecko) Version/5.0.5 Safari/533.21.1"
67.194.95.190 - saghirs [02/Oct/2012:09:10:45 -0400] "GET /users/predictor.json?user_id=127 HTTP/1.1" 304 885 "https://www.gradecraft.com/dashboard" "Mozilla/5.0 (Macintosh; Intel Mac OS X 10_8_1) AppleWebKit/536.25 (KHTML, like Gecko) Version/6.0 Safari/536.25"
67.194.2.27 - aaabihai [02/Oct/2012:09:10:45 -0400] "GET /badges/pos101/great_critic.png HTTP/1.1" 304 383 "https://www.gradecraft.com/" "Mozilla/5.0 (Macintosh; U; Intel Mac OS X 10_6_8; en-us) AppleWebKit/533.21.1 (KHTML, like Gecko) Version/5.0.5 Safari/533.21.1"
67.194.2.27 - aaabihai [02/Oct/2012:09:10:45 -0400] "GET /badges/pos101/teachers_pet.png HTTP/1.1" 304 229 "https://www.gradecraft.com/" "Mozilla/5.0 (Macintosh; U; Intel Mac OS X 10_6_8; en-us) AppleWebKit/533.21.1 (KHTML, like Gecko) Version/5.0.5 Safari/533.21.1"
67.194.2.27 - aaabihai [02/Oct/2012:09:10:45 -0400] "GET /badges/pos101/presentation_of_self.png HTTP/1.1" 304 229 "https://www.gradecraft.com/" "Mozilla/5.0 (Macintosh; U; Intel Mac OS X 10_6_8; en-us) AppleWebKit/533.21.1 (KHTML, like Gecko) Version/5.0.5 Safari/533.21.1"
67.194.2.27 - aaabihai [02/Oct/2012:09:10:45 -0400] "GET /badges/pos101/concentrator.png HTTP/1.1" 304 229 "https://www.gradecraft.com/" "Mozilla/5.0 (Macintosh; U; Intel Mac OS X 10_6_8; en-us) AppleWebKit/533.21.1 (KHTML, like Gecko) Version/5.0.5 Safari/533.21.1"
67.194.2.27 - aaabihai [02/Oct/2012:09:10:45 -0400] "GET /badges/pos101/early_bird_special.png HTTP/1.1" 304 229 "https://www.gradecraft.com/" "Mozilla/5.0 (Macintosh; U; Intel Mac OS X 10_6_8; en-us) AppleWebKit/533.21.1 (KHTML, like Gecko) Version/5.0.5 Safari/533.21.1"
67.194.2.27 - aaabihai [02/Oct/2012:09:10:45 -0400] "GET /badges/pos101/examination_expert.png HTTP/1.1" 304 229 "https://www.gradecraft.com/" "Mozilla/5.0 (Macintosh; U; Intel Mac OS X 10_6_8; en-us) AppleWebKit/533.21.1 (KHTML, like Gecko) Version/5.0.5 Safari/533.21.1"
67.194.2.27 - aaabihai [02/Oct/2012:09:10:45 -0400] "GET /badges/pos101/courageous_failure.png HTTP/1.1" 304 229 "https://www.gradecraft.com/" "Mozilla/5.0 (Macintosh; U; Intel Mac OS X 10_6_8; en-us) AppleWebKit/533.21.1 (KHTML, like Gecko) Version/5.0.5 Safari/533.21.1"
67.194.95.190 - saghirs [02/Oct/2012:09:10:45 -0400] "GET /users/predictor.json?in_progress=true&user_id=127 HTTP/1.1" 304 885 "https://www.gradecraft.com/dashboard" "Mozilla/5.0 (Macintosh; Intel Mac OS X 10_8_1) AppleWebKit/536.25 (KHTML, like Gecko) Version/6.0 Safari/536.25"
67.194.2.27 - aaabihai [02/Oct/2012:09:10:45 -0400] "GET /users/predictor.json?user_id=121 HTTP/1.1" 200 1764 "https://www.gradecraft.com/" "Mozilla/5.0 (Macintosh; U; Intel Mac OS X 10_6_8; en-us) AppleWebKit/533.21.1 (KHTML, like Gecko) Version/5.0.5 Safari/533.21.1"
67.194.2.27 - aaabihai [02/Oct/2012:09:10:45 -0400] "GET /badges/pos101/awesome_aggregator.png HTTP/1.1" 304 383 "https://www.gradecraft.com/" "Mozilla/5.0 (Macintosh; U; Intel Mac OS X 10_6_8; en-us) AppleWebKit/533.21.1 (KHTML, like Gecko) Version/5.0.5 Safari/533.21.1"
67.194.2.27 - aaabihai [02/Oct/2012:09:10:45 -0400] "GET /badges/pos101/personal.png HTTP/1.1" 304 229 "https://www.gradecraft.com/" "Mozilla/5.0 (Macintosh; U; Intel Mac OS X 10_6_8; en-us) AppleWebKit/533.21.1 (KHTML, like Gecko) Version/5.0.5 Safari/533.21.1"
67.194.2.27 - aaabihai [02/Oct/2012:09:10:45 -0400] "GET /badges/pos101/learning_from_mistakes.png HTTP/1.1" 304 229 "https://www.gradecraft.com/" "Mozilla/5.0 (Macintosh; U; Intel Mac OS X 10_6_8; en-us) AppleWebKit/533.21.1 (KHTML, like Gecko) Version/5.0.5 Safari/533.21.1"
67.194.2.27 - aaabihai [02/Oct/2012:09:10:45 -0400] "GET /badges/pos101/gaining_experience.png HTTP/1.1" 304 229 "https://www.gradecraft.com/" "Mozilla/5.0 (Macintosh; U; Intel Mac OS X 10_6_8; en-us) AppleWebKit/533.21.1 (KHTML, like Gecko) Version/5.0.5 Safari/533.21.1"
67.194.2.27 - aaabihai [02/Oct/2012:09:10:45 -0400] "GET /badges/pos101/gamer.png HTTP/1.1" 304 229 "https://www.gradecraft.com/" "Mozilla/5.0 (Macintosh; U; Intel Mac OS X 10_6_8; en-us) AppleWebKit/533.21.1 (KHTML, like Gecko) Version/5.0.5 Safari/533.21.1"
67.194.2.27 - aaabihai [02/Oct/2012:09:10:45 -0400] "GET /badges/pos101/level_one.png HTTP/1.1" 304 229 "https://www.gradecraft.com/" "Mozilla/5.0 (Macintosh; U; Intel Mac OS X 10_6_8; en-us) AppleWebKit/533.21.1 (KHTML, like Gecko) Version/5.0.5 Safari/533.21.1"
67.194.2.27 - aaabihai [02/Oct/2012:09:10:45 -0400] "GET /badges/pos101/participatory_democrat.png HTTP/1.1" 304 229 "https://www.gradecraft.com/" "Mozilla/5.0 (Macintosh; U; Intel Mac OS X 10_6_8; en-us) AppleWebKit/533.21.1 (KHTML, like Gecko) Version/5.0.5 Safari/533.21.1"
67.194.2.27 - aaabihai [02/Oct/2012:09:10:45 -0400] "GET /badges/pos101/public_speaker.png HTTP/1.1" 304 229 "https://www.gradecraft.com/" "Mozilla/5.0 (Macintosh; U; Intel Mac OS X 10_6_8; en-us) AppleWebKit/533.21.1 (KHTML, like Gecko) Version/5.0.5 Safari/533.21.1"
67.194.2.27 - aaabihai [02/Oct/2012:09:10:45 -0400] "GET /badges/pos101/practice_makes_perfect.png HTTP/1.1" 304 229 "https://www.gradecraft.com/" "Mozilla/5.0 (Macintosh; U; Intel Mac OS X 10_6_8; en-us) AppleWebKit/533.21.1 (KHTML, like Gecko) Version/5.0.5 Safari/533.21.1"
67.194.2.27 - aaabihai [02/Oct/2012:09:10:45 -0400] "GET /badges/pos101/scribe.png HTTP/1.1" 304 229 "https://www.gradecraft.com/" "Mozilla/5.0 (Macintosh; U; Intel Mac OS X 10_6_8; en-us) AppleWebKit/533.21.1 (KHTML, like Gecko) Version/5.0.5 Safari/533.21.1"
67.194.2.27 - aaabihai [02/Oct/2012:09:10:45 -0400] "GET /badges/pos101/phoebe_badge.jpg HTTP/1.1" 304 229 "https://www.gradecraft.com/" "Mozilla/5.0 (Macintosh; U; Intel Mac OS X 10_6_8; en-us) AppleWebKit/533.21.1 (KHTML, like Gecko) Version/5.0.5 Safari/533.21.1"
67.194.2.27 - aaabihai [02/Oct/2012:09:10:45 -0400] "GET /badges/pos101/times_immemorial.png HTTP/1.1" 304 229 "https://www.gradecraft.com/" "Mozilla/5.0 (Macintosh; U; Intel Mac OS X 10_6_8; en-us) AppleWebKit/533.21.1 (KHTML, like Gecko) Version/5.0.5 Safari/533.21.1"
67.194.2.27 - aaabihai [02/Oct/2012:09:10:45 -0400] "GET /users/predictor.json?in_progress=true&user_id=121 HTTP/1.1" 200 1610 "https://www.gradecraft.com/" "Mozilla/5.0 (Macintosh; U; Intel Mac OS X 10_6_8; en-us) AppleWebKit/533.21.1 (KHTML, like Gecko) Version/5.0.5 Safari/533.21.1"
67.194.2.151 - - [02/Oct/2012:09:11:05 -0400] "GET / HTTP/1.1" 302 3789 "-" "Mozilla/5.0 (Macintosh; Intel Mac OS X 10.7; rv:15.0) Gecko/20100101 Firefox/15.0.1"
67.194.2.151 - - [02/Oct/2012:09:11:05 -0400] "GET /cosign/valid?cosign-www.gradecraft.com=Xk7A2iDIcDSvLkQaw7dB3i2HIZifnkSMKenP--Bh3BNp4oQqgLTwpqUHrZWTmnmPTudUT+wyIaiwSi9R9v+NiO9oIMrHcWBDq9XJJ0aqwgSp0LftBmsimpRWOmZz&https://www.gradecraft.com/ HTTP/1.1" 301 868 "-" "Mozilla/5.0 (Macintosh; Intel Mac OS X 10.7; rv:15.0) Gecko/20100101 Firefox/15.0.1"
67.194.2.151 - dajomc [02/Oct/2012:09:11:05 -0400] "GET / HTTP/1.1" 200 5108 "-" "Mozilla/5.0 (Macintosh; Intel Mac OS X 10.7; rv:15.0) Gecko/20100101 Firefox/15.0.1"
67.194.2.151 - dajomc [02/Oct/2012:09:11:07 -0400] "GET /assets/application-ecd494f92b13eff6c1f1042a0c2c0300.css HTTP/1.1" 304 245 "https://www.gradecraft.com/" "Mozilla/5.0 (Macintosh; Intel Mac OS X 10.7; rv:15.0) Gecko/20100101 Firefox/15.0.1"
67.194.2.151 - dajomc [02/Oct/2012:09:11:07 -0400] "GET /assets/application-1c8a7386185fa79b964fbb3a368c2523.js HTTP/1.1" 304 245 "https://www.gradecraft.com/" "Mozilla/5.0 (Macintosh; Intel Mac OS X 10.7; rv:15.0) Gecko/20100101 Firefox/15.0.1"
67.194.2.151 - dajomc [02/Oct/2012:09:11:07 -0400] "GET /assets/stylesheets/cyborg.min.css HTTP/1.1" 404 1044 "https://www.gradecraft.com/" "Mozilla/5.0 (Macintosh; Intel Mac OS X 10.7; rv:15.0) Gecko/20100101 Firefox/15.0.1"
67.194.2.151 - dajomc [02/Oct/2012:09:11:07 -0400] "GET /badges/pos101/learning_from_mistakes.png HTTP/1.1" 304 3457 "https://www.gradecraft.com/" "Mozilla/5.0 (Macintosh; Intel Mac OS X 10.7; rv:15.0) Gecko/20100101 Firefox/15.0.1"
67.194.2.151 - dajomc [02/Oct/2012:09:11:07 -0400] "GET /badges/pos101/phoebe_badge.jpg HTTP/1.1" 304 3262 "https://www.gradecraft.com/" "Mozilla/5.0 (Macintosh; Intel Mac OS X 10.7; rv:15.0) Gecko/20100101 Firefox/15.0.1"
67.194.2.27 - - [02/Oct/2012:09:11:07 -0400] "GET / HTTP/1.1" 302 3254 "-" "Mozilla/5.0 (Macintosh; U; Intel Mac OS X 10_6_8; en-us) AppleWebKit/533.21.1 (KHTML, like Gecko) Version/5.0.5 Safari/533.21.1"
67.194.2.151 - dajomc [02/Oct/2012:09:11:07 -0400] "GET /assets/stylesheets/cyborg.min.css HTTP/1.1" 404 1044 "https://www.gradecraft.com/" "Mozilla/5.0 (Macintosh; Intel Mac OS X 10.7; rv:15.0) Gecko/20100101 Firefox/15.0.1"
67.194.2.151 - dajomc [02/Oct/2012:09:11:07 -0400] "GET /users/predictor.json?user_id=133 HTTP/1.1" 304 4113 "https://www.gradecraft.com/" "Mozilla/5.0 (Macintosh; Intel Mac OS X 10.7; rv:15.0) Gecko/20100101 Firefox/15.0.1"
67.194.2.151 - dajomc [02/Oct/2012:09:11:07 -0400] "GET /users/predictor.json?in_progress=true&user_id=133 HTTP/1.1" 304 885 "https://www.gradecraft.com/" "Mozilla/5.0 (Macintosh; Intel Mac OS X 10.7; rv:15.0) Gecko/20100101 Firefox/15.0.1"
98.224.226.94 - - [02/Oct/2012:09:12:17 -0400] "GET / HTTP/1.1" 302 3254 "-" "Mozilla/5.0 (Macintosh; U; Intel Mac OS X 10_6_7; en-us) AppleWebKit/533.21.1 (KHTML, like Gecko) Version/5.0.5 Safari/533.21.1"
67.194.209.225 - - [02/Oct/2012:09:12:22 -0400] "GET /dashboard HTTP/1.1" 302 3984 "-" "Mozilla/5.0 (Macintosh; Intel Mac OS X 10_7_5) AppleWebKit/537.1 (KHTML, like Gecko) Chrome/21.0.1180.89 Safari/537.1"
67.194.209.225 - - [02/Oct/2012:09:12:22 -0400] "GET /cosign/valid?cosign-www.gradecraft.com=JCNKK-blvNS0QK-mht3SxsX9PtZ6jxPxdGcEKwAu1mQc9fx+Ajg02KfFyLAVPisRXJ+GX8chdHCRH0UO4XuJJY9RgHcN-pYNMMQwfZYUs7exhGtxZFhUoE+87SX5&https://www.gradecraft.com/dashboard HTTP/1.1" 301 900 "-" "Mozilla/5.0 (Macintosh; Intel Mac OS X 10_7_5) AppleWebKit/537.1 (KHTML, like Gecko) Chrome/21.0.1180.89 Safari/537.1"
67.194.209.225 - halmaghi [02/Oct/2012:09:12:22 -0400] "GET /dashboard HTTP/1.1" 302 1364 "-" "Mozilla/5.0 (Macintosh; Intel Mac OS X 10_7_5) AppleWebKit/537.1 (KHTML, like Gecko) Chrome/21.0.1180.89 Safari/537.1"
67.194.209.225 - halmaghi [02/Oct/2012:09:12:22 -0400] "GET /dashboard HTTP/1.1" 200 6052 "-" "Mozilla/5.0 (Macintosh; Intel Mac OS X 10_7_5) AppleWebKit/537.1 (KHTML, like Gecko) Chrome/21.0.1180.89 Safari/537.1"
67.194.209.225 - halmaghi [02/Oct/2012:09:12:23 -0400] "GET /assets/application-ecd494f92b13eff6c1f1042a0c2c0300.css HTTP/1.1" 304 245 "https://www.gradecraft.com/dashboard" "Mozilla/5.0 (Macintosh; Intel Mac OS X 10_7_5) AppleWebKit/537.1 (KHTML, like Gecko) Chrome/21.0.1180.89 Safari/537.1"
67.194.209.225 - halmaghi [02/Oct/2012:09:12:23 -0400] "GET /assets/application-1c8a7386185fa79b964fbb3a368c2523.js HTTP/1.1" 304 3473 "https://www.gradecraft.com/dashboard" "Mozilla/5.0 (Macintosh; Intel Mac OS X 10_7_5) AppleWebKit/537.1 (KHTML, like Gecko) Chrome/21.0.1180.89 Safari/537.1"
67.194.209.225 - halmaghi [02/Oct/2012:09:12:23 -0400] "GET /assets/stylesheets/cyborg.min.css HTTP/1.1" 404 4288 "https://www.gradecraft.com/dashboard" "Mozilla/5.0 (Macintosh; Intel Mac OS X 10_7_5) AppleWebKit/537.1 (KHTML, like Gecko) Chrome/21.0.1180.89 Safari/537.1"
67.194.209.225 - halmaghi [02/Oct/2012:09:12:24 -0400] "GET /users/predictor.json?user_id=265 HTTP/1.1" 200 1626 "https://www.gradecraft.com/dashboard" "Mozilla/5.0 (Macintosh; Intel Mac OS X 10_7_5) AppleWebKit/537.1 (KHTML, like Gecko) Chrome/21.0.1180.89 Safari/537.1"
67.194.209.225 - halmaghi [02/Oct/2012:09:12:24 -0400] "GET /badges/pos101/phoebe_badge.jpg HTTP/1.1" 304 229 "https://www.gradecraft.com/dashboard" "Mozilla/5.0 (Macintosh; Intel Mac OS X 10_7_5) AppleWebKit/537.1 (KHTML, like Gecko) Chrome/21.0.1180.89 Safari/537.1"
67.194.209.225 - halmaghi [02/Oct/2012:09:12:24 -0400] "GET /users/predictor.json?in_progress=true&user_id=265 HTTP/1.1" 304 885 "https://www.gradecraft.com/dashboard" "Mozilla/5.0 (Macintosh; Intel Mac OS X 10_7_5) AppleWebKit/537.1 (KHTML, like Gecko) Chrome/21.0.1180.89 Safari/537.1"
67.194.209.225 - halmaghi [02/Oct/2012:09:12:32 -0400] "GET /assignments/106/assignment_submissions/new?submittable_id=265&submittable_type=User HTTP/1.1" 200 2884 "https://www.gradecraft.com/dashboard" "Mozilla/5.0 (Macintosh; Intel Mac OS X 10_7_5) AppleWebKit/537.1 (KHTML, like Gecko) Chrome/21.0.1180.89 Safari/537.1"
67.194.209.225 - halmaghi [02/Oct/2012:09:12:32 -0400] "GET /assets/stylesheets/cyborg.min.css HTTP/1.1" 404 1044 "https://www.gradecraft.com/assignments/106/assignment_submissions/new?submittable_id=265&submittable_type=User" "Mozilla/5.0 (Macintosh; Intel Mac OS X 10_7_5) AppleWebKit/537.1 (KHTML, like Gecko) Chrome/21.0.1180.89 Safari/537.1"
67.194.209.225 - halmaghi [02/Oct/2012:09:12:32 -0400] "GET /assignments/106/assignment_submissions/lib/css/wysiwyg-color.css HTTP/1.1" 404 1044 "-" "Mozilla/5.0 (Macintosh; Intel Mac OS X 10_7_5) AppleWebKit/537.1 (KHTML, like Gecko) Chrome/21.0.1180.89 Safari/537.1"
67.194.209.225 - halmaghi [02/Oct/2012:09:12:32 -0400] "GET /assets/fontawesome-webfont.eot? HTTP/1.1" 200 39140 "https://www.gradecraft.com/assignments/106/assignment_submissions/new?submittable_id=265&submittable_type=User" "Mozilla/5.0 (Macintosh; Intel Mac OS X 10_7_5) AppleWebKit/537.1 (KHTML, like Gecko) Chrome/21.0.1180.89 Safari/537.1"
67.194.209.225 - halmaghi [02/Oct/2012:09:12:32 -0400] "GET /assets/fontawesome-webfont.woff HTTP/1.1" 200 42180 "https://www.gradecraft.com/assignments/106/assignment_submissions/new?submittable_id=265&submittable_type=User" "Mozilla/5.0 (Macintosh; Intel Mac OS X 10_7_5) AppleWebKit/537.1 (KHTML, like Gecko) Chrome/21.0.1180.89 Safari/537.1"
67.194.209.225 - halmaghi [02/Oct/2012:09:12:39 -0400] "POST /assignments/106/assignment_submissions HTTP/1.1" 302 1668 "https://www.gradecraft.com/assignments/106/assignment_submissions/new?submittable_id=265&submittable_type=User" "Mozilla/5.0 (Macintosh; Intel Mac OS X 10_7_5) AppleWebKit/537.1 (KHTML, like Gecko) Chrome/21.0.1180.89 Safari/537.1"
67.194.209.225 - halmaghi [02/Oct/2012:09:12:39 -0400] "GET /dashboard HTTP/1.1" 200 6292 "https://www.gradecraft.com/assignments/106/assignment_submissions/new?submittable_id=265&submittable_type=User" "Mozilla/5.0 (Macintosh; Intel Mac OS X 10_7_5) AppleWebKit/537.1 (KHTML, like Gecko) Chrome/21.0.1180.89 Safari/537.1"
67.194.209.225 - halmaghi [02/Oct/2012:09:12:40 -0400] "GET /assets/stylesheets/cyborg.min.css HTTP/1.1" 404 1044 "https://www.gradecraft.com/dashboard" "Mozilla/5.0 (Macintosh; Intel Mac OS X 10_7_5) AppleWebKit/537.1 (KHTML, like Gecko) Chrome/21.0.1180.89 Safari/537.1"
67.194.209.225 - halmaghi [02/Oct/2012:09:12:40 -0400] "GET /users/predictor.json?user_id=265 HTTP/1.1" 304 4113 "https://www.gradecraft.com/dashboard" "Mozilla/5.0 (Macintosh; Intel Mac OS X 10_7_5) AppleWebKit/537.1 (KHTML, like Gecko) Chrome/21.0.1180.89 Safari/537.1"
67.194.209.225 - halmaghi [02/Oct/2012:09:12:40 -0400] "GET /users/predictor.json?in_progress=true&user_id=265 HTTP/1.1" 304 885 "https://www.gradecraft.com/dashboard" "Mozilla/5.0 (Macintosh; Intel Mac OS X 10_7_5) AppleWebKit/537.1 (KHTML, like Gecko) Chrome/21.0.1180.89 Safari/537.1"
67.194.12.45 - - [02/Oct/2012:09:13:12 -0400] "GET /dashboard HTTP/1.1" 302 3789 "-" "Mozilla/5.0 (Macintosh; Intel Mac OS X 10_8_0) AppleWebKit/537.4 (KHTML, like Gecko) Chrome/22.0.1229.79 Safari/537.4"
67.194.12.45 - - [02/Oct/2012:09:13:18 -0400] "GET /cosign/valid?cosign-www.gradecraft.com=ozh2XbYSXeK6C7KC1j5RvdBy6rYMjzOnRclkaQrf8g+lBLQRppuNt272VApoBCthdx-kQH2wwI39CUx9m2TRr2f4oD+yKXEWDw8LHpnPuwrt+W5dOxPnoOeQU1RL&https://www.gradecraft.com/dashboard HTTP/1.1" 301 900 "https://weblogin.umich.edu/?cosign-www.gradecraft.com&https://www.gradecraft.com/dashboard" "Mozilla/5.0 (Macintosh; Intel Mac OS X 10_8_0) AppleWebKit/537.4 (KHTML, like Gecko) Chrome/22.0.1229.79 Safari/537.4"
67.194.12.45 - lkorten [02/Oct/2012:09:13:18 -0400] "GET /dashboard HTTP/1.1" 200 5108 "https://weblogin.umich.edu/?cosign-www.gradecraft.com&https://www.gradecraft.com/dashboard" "Mozilla/5.0 (Macintosh; Intel Mac OS X 10_8_0) AppleWebKit/537.4 (KHTML, like Gecko) Chrome/22.0.1229.79 Safari/537.4"
67.194.12.45 - lkorten [02/Oct/2012:09:13:18 -0400] "GET /assets/application-ecd494f92b13eff6c1f1042a0c2c0300.css HTTP/1.1" 304 245 "https://www.gradecraft.com/dashboard" "Mozilla/5.0 (Macintosh; Intel Mac OS X 10_8_0) AppleWebKit/537.4 (KHTML, like Gecko) Chrome/22.0.1229.79 Safari/537.4"
67.194.12.45 - lkorten [02/Oct/2012:09:13:18 -0400] "GET /assets/application-1c8a7386185fa79b964fbb3a368c2523.js HTTP/1.1" 304 3278 "https://www.gradecraft.com/dashboard" "Mozilla/5.0 (Macintosh; Intel Mac OS X 10_8_0) AppleWebKit/537.4 (KHTML, like Gecko) Chrome/22.0.1229.79 Safari/537.4"
67.194.12.45 - lkorten [02/Oct/2012:09:13:18 -0400] "GET /assets/stylesheets/cyborg.min.css HTTP/1.1" 404 4093 "https://www.gradecraft.com/dashboard" "Mozilla/5.0 (Macintosh; Intel Mac OS X 10_8_0) AppleWebKit/537.4 (KHTML, like Gecko) Chrome/22.0.1229.79 Safari/537.4"
67.194.12.45 - lkorten [02/Oct/2012:09:13:19 -0400] "GET /badges/pos101/phoebe_badge.jpg HTTP/1.1" 304 229 "https://www.gradecraft.com/dashboard" "Mozilla/5.0 (Macintosh; Intel Mac OS X 10_8_0) AppleWebKit/537.4 (KHTML, like Gecko) Chrome/22.0.1229.79 Safari/537.4"
67.194.12.45 - lkorten [02/Oct/2012:09:13:19 -0400] "GET /users/predictor.json?user_id=132 HTTP/1.1" 304 885 "https://www.gradecraft.com/dashboard" "Mozilla/5.0 (Macintosh; Intel Mac OS X 10_8_0) AppleWebKit/537.4 (KHTML, like Gecko) Chrome/22.0.1229.79 Safari/537.4"
67.194.12.45 - lkorten [02/Oct/2012:09:13:19 -0400] "GET /users/predictor.json?in_progress=true&user_id=132 HTTP/1.1" 304 885 "https://www.gradecraft.com/dashboard" "Mozilla/5.0 (Macintosh; Intel Mac OS X 10_8_0) AppleWebKit/537.4 (KHTML, like Gecko) Chrome/22.0.1229.79 Safari/537.4"
67.194.2.27 - aaabihai [02/Oct/2012:09:14:47 -0400] "GET /users/predictor?user_id=121 HTTP/1.1" 200 8000 "https://www.gradecraft.com/" "Mozilla/5.0 (Macintosh; U; Intel Mac OS X 10_6_8; en-us) AppleWebKit/533.21.1 (KHTML, like Gecko) Version/5.0.5 Safari/533.21.1"
67.194.2.27 - aaabihai [02/Oct/2012:09:14:49 -0400] "GET /assets/stylesheets/cyborg.min.css HTTP/1.1" 404 1044 "https://www.gradecraft.com/users/predictor?user_id=121" "Mozilla/5.0 (Macintosh; U; Intel Mac OS X 10_6_8; en-us) AppleWebKit/533.21.1 (KHTML, like Gecko) Version/5.0.5 Safari/533.21.1"
67.194.2.27 - aaabihai [02/Oct/2012:09:14:50 -0400] "GET /assets/theme/bg_control_nav.png HTTP/1.1" 404 1044 "https://www.gradecraft.com/users/predictor?user_id=121" "Mozilla/5.0 (Macintosh; U; Intel Mac OS X 10_6_8; en-us) AppleWebKit/533.21.1 (KHTML, like Gecko) Version/5.0.5 Safari/533.21.1"
67.194.2.27 - aaabihai [02/Oct/2012:09:14:50 -0400] "GET /assets/images/bg_direction_nav.png HTTP/1.1" 200 2932 "https://www.gradecraft.com/users/predictor?user_id=121" "Mozilla/5.0 (Macintosh; U; Intel Mac OS X 10_6_8; en-us) AppleWebKit/533.21.1 (KHTML, like Gecko) Version/5.0.5 Safari/533.21.1"
67.194.2.27 - aaabihai [02/Oct/2012:09:14:50 -0400] "GET /assets/jquery-ui/ui-bg_flat_75_ffffff_40x100-841636c8f8d33987bb8d2f31e8ef92ca.png HTTP/1.1" 200 538 "https://www.gradecraft.com/users/predictor?user_id=121" "Mozilla/5.0 (Macintosh; U; Intel Mac OS X 10_6_8; en-us) AppleWebKit/533.21.1 (KHTML, like Gecko) Version/5.0.5 Safari/533.21.1"
67.194.2.27 - aaabihai [02/Oct/2012:09:14:50 -0400] "GET /assets/images/ui-bg_glass_75_e6e6e6_1x400.png HTTP/1.1" 404 1044 "https://www.gradecraft.com/users/predictor?user_id=121" "Mozilla/5.0 (Macintosh; U; Intel Mac OS X 10_6_8; en-us) AppleWebKit/533.21.1 (KHTML, like Gecko) Version/5.0.5 Safari/533.21.1"
67.194.2.27 - aaabihai [02/Oct/2012:09:14:50 -0400] "GET /assets/jquery-ui/ui-bg_glass_75_e6e6e6_1x400-3e20bce1b7b2f5dd47ca6ac361805162.png HTTP/1.1" 200 628 "https://www.gradecraft.com/users/predictor?user_id=121" "Mozilla/5.0 (Macintosh; U; Intel Mac OS X 10_6_8; en-us) AppleWebKit/533.21.1 (KHTML, like Gecko) Version/5.0.5 Safari/533.21.1"
67.194.2.27 - aaabihai [02/Oct/2012:09:14:50 -0400] "GET /assets/images/ui-bg_flat_75_ffffff_40x100.png HTTP/1.1" 404 1214 "https://www.gradecraft.com/users/predictor?user_id=121" "Mozilla/5.0 (Macintosh; U; Intel Mac OS X 10_6_8; en-us) AppleWebKit/533.21.1 (KHTML, like Gecko) Version/5.0.5 Safari/533.21.1"
67.194.21.187 - allymd [02/Oct/2012:09:14:58 -0400] "GET /users/predictor?user_id=125 HTTP/1.1" 200 5646 "https://www.gradecraft.com/dashboard" "Mozilla/5.0 (Macintosh; Intel Mac OS X 10_7_4) AppleWebKit/534.57.5 (KHTML, like Gecko) Version/5.1.7 Safari/534.57.4"
67.194.21.187 - allymd [02/Oct/2012:09:14:59 -0400] "GET /assets/stylesheets/cyborg.min.css HTTP/1.1" 404 1044 "https://www.gradecraft.com/users/predictor?user_id=125" "Mozilla/5.0 (Macintosh; Intel Mac OS X 10_7_4) AppleWebKit/534.57.5 (KHTML, like Gecko) Version/5.1.7 Safari/534.57.4"
67.194.21.187 - allymd [02/Oct/2012:09:14:59 -0400] "GET /assets/theme/bg_control_nav.png HTTP/1.1" 404 1044 "https://www.gradecraft.com/users/predictor?user_id=125" "Mozilla/5.0 (Macintosh; Intel Mac OS X 10_7_4) AppleWebKit/534.57.5 (KHTML, like Gecko) Version/5.1.7 Safari/534.57.4"
67.194.21.187 - allymd [02/Oct/2012:09:14:59 -0400] "GET /assets/images/bg_direction_nav.png HTTP/1.1" 200 2916 "https://www.gradecraft.com/users/predictor?user_id=125" "Mozilla/5.0 (Macintosh; Intel Mac OS X 10_7_4) AppleWebKit/534.57.5 (KHTML, like Gecko) Version/5.1.7 Safari/534.57.4"
67.194.21.187 - allymd [02/Oct/2012:09:14:59 -0400] "GET /assets/jquery-ui/ui-bg_flat_75_ffffff_40x100-841636c8f8d33987bb8d2f31e8ef92ca.png HTTP/1.1" 200 538 "https://www.gradecraft.com/users/predictor?user_id=125" "Mozilla/5.0 (Macintosh; Intel Mac OS X 10_7_4) AppleWebKit/534.57.5 (KHTML, like Gecko) Version/5.1.7 Safari/534.57.4"
67.194.21.187 - allymd [02/Oct/2012:09:14:59 -0400] "GET /assets/jquery-ui/ui-bg_glass_75_e6e6e6_1x400-3e20bce1b7b2f5dd47ca6ac361805162.png HTTP/1.1" 200 474 "https://www.gradecraft.com/users/predictor?user_id=125" "Mozilla/5.0 (Macintosh; Intel Mac OS X 10_7_4) AppleWebKit/534.57.5 (KHTML, like Gecko) Version/5.1.7 Safari/534.57.4"
67.194.2.27 - aaabihai [02/Oct/2012:09:15:58 -0400] "GET / HTTP/1.1" 304 3425 "-" "Mozilla/5.0 (Macintosh; U; Intel Mac OS X 10_6_8; en-us) AppleWebKit/533.21.1 (KHTML, like Gecko) Version/5.0.5 Safari/533.21.1"
67.194.2.27 - aaabihai [02/Oct/2012:09:16:00 -0400] "GET /assets/stylesheets/cyborg.min.css HTTP/1.1" 404 1214 "https://www.gradecraft.com/" "Mozilla/5.0 (Macintosh; U; Intel Mac OS X 10_6_8; en-us) AppleWebKit/533.21.1 (KHTML, like Gecko) Version/5.0.5 Safari/533.21.1"
67.194.2.27 - aaabihai [02/Oct/2012:09:16:00 -0400] "GET /users/predictor.json?user_id=121 HTTP/1.1" 304 869 "https://www.gradecraft.com/" "Mozilla/5.0 (Macintosh; U; Intel Mac OS X 10_6_8; en-us) AppleWebKit/533.21.1 (KHTML, like Gecko) Version/5.0.5 Safari/533.21.1"
67.194.2.27 - aaabihai [02/Oct/2012:09:16:00 -0400] "GET /users/predictor.json?in_progress=true&user_id=121 HTTP/1.1" 304 1023 "https://www.gradecraft.com/" "Mozilla/5.0 (Macintosh; U; Intel Mac OS X 10_6_8; en-us) AppleWebKit/533.21.1 (KHTML, like Gecko) Version/5.0.5 Safari/533.21.1"
67.194.2.151 - dajomc [02/Oct/2012:09:16:10 -0400] "GET / HTTP/1.1" 304 4161 "-" "Mozilla/5.0 (Macintosh; Intel Mac OS X 10.7; rv:15.0) Gecko/20100101 Firefox/15.0.1"
67.194.2.151 - dajomc [02/Oct/2012:09:16:11 -0400] "GET /assets/stylesheets/cyborg.min.css HTTP/1.1" 404 1205 "https://www.gradecraft.com/" "Mozilla/5.0 (Macintosh; Intel Mac OS X 10.7; rv:15.0) Gecko/20100101 Firefox/15.0.1"
67.194.2.151 - dajomc [02/Oct/2012:09:16:11 -0400] "GET /assets/stylesheets/cyborg.min.css HTTP/1.1" 404 1044 "https://www.gradecraft.com/" "Mozilla/5.0 (Macintosh; Intel Mac OS X 10.7; rv:15.0) Gecko/20100101 Firefox/15.0.1"
67.194.2.27 - aaabihai [02/Oct/2012:09:16:11 -0400] "GET /users/predictor?user_id=121 HTTP/1.1" 304 1071 "https://www.gradecraft.com/" "Mozilla/5.0 (Macintosh; U; Intel Mac OS X 10_6_8; en-us) AppleWebKit/533.21.1 (KHTML, like Gecko) Version/5.0.5 Safari/533.21.1"
67.194.2.27 - aaabihai [02/Oct/2012:09:16:13 -0400] "GET /assets/stylesheets/cyborg.min.css HTTP/1.1" 404 1214 "https://www.gradecraft.com/users/predictor?user_id=121" "Mozilla/5.0 (Macintosh; U; Intel Mac OS X 10_6_8; en-us) AppleWebKit/533.21.1 (KHTML, like Gecko) Version/5.0.5 Safari/533.21.1"
67.194.2.27 - aaabihai [02/Oct/2012:09:16:13 -0400] "GET /assets/theme/bg_control_nav.png HTTP/1.1" 404 1044 "https://www.gradecraft.com/users/predictor?user_id=121" "Mozilla/5.0 (Macintosh; U; Intel Mac OS X 10_6_8; en-us) AppleWebKit/533.21.1 (KHTML, like Gecko) Version/5.0.5 Safari/533.21.1"
67.194.2.27 - aaabihai [02/Oct/2012:09:16:13 -0400] "GET /assets/images/ui-bg_flat_75_ffffff_40x100.png HTTP/1.1" 404 1044 "https://www.gradecraft.com/users/predictor?user_id=121" "Mozilla/5.0 (Macintosh; U; Intel Mac OS X 10_6_8; en-us) AppleWebKit/533.21.1 (KHTML, like Gecko) Version/5.0.5 Safari/533.21.1"
67.194.2.27 - aaabihai [02/Oct/2012:09:16:13 -0400] "GET /assets/images/ui-bg_glass_75_e6e6e6_1x400.png HTTP/1.1" 404 1214 "https://www.gradecraft.com/users/predictor?user_id=121" "Mozilla/5.0 (Macintosh; U; Intel Mac OS X 10_6_8; en-us) AppleWebKit/533.21.1 (KHTML, like Gecko) Version/5.0.5 Safari/533.21.1"
67.194.2.27 - aaabihai [02/Oct/2012:09:16:33 -0400] "GET / HTTP/1.1" 304 1071 "-" "Mozilla/5.0 (Macintosh; U; Intel Mac OS X 10_6_8; en-us) AppleWebKit/533.21.1 (KHTML, like Gecko) Version/5.0.5 Safari/533.21.1"
67.194.2.27 - aaabihai [02/Oct/2012:09:16:34 -0400] "GET /assets/stylesheets/cyborg.min.css HTTP/1.1" 404 1214 "https://www.gradecraft.com/" "Mozilla/5.0 (Macintosh; U; Intel Mac OS X 10_6_8; en-us) AppleWebKit/533.21.1 (KHTML, like Gecko) Version/5.0.5 Safari/533.21.1"
67.194.2.27 - aaabihai [02/Oct/2012:09:16:34 -0400] "GET /users/predictor.json?user_id=121 HTTP/1.1" 304 1023 "https://www.gradecraft.com/" "Mozilla/5.0 (Macintosh; U; Intel Mac OS X 10_6_8; en-us) AppleWebKit/533.21.1 (KHTML, like Gecko) Version/5.0.5 Safari/533.21.1"
67.194.2.27 - aaabihai [02/Oct/2012:09:16:34 -0400] "GET /users/predictor.json?in_progress=true&user_id=121 HTTP/1.1" 304 1023 "https://www.gradecraft.com/" "Mozilla/5.0 (Macintosh; U; Intel Mac OS X 10_6_8; en-us) AppleWebKit/533.21.1 (KHTML, like Gecko) Version/5.0.5 Safari/533.21.1"
67.194.12.45 - lkorten [02/Oct/2012:09:20:18 -0400] "GET / HTTP/1.1" 200 8336 "https://sites.google.com/a/umich.edu/polsci101f2012/general-course-policies" "Mozilla/5.0 (Macintosh; Intel Mac OS X 10_8_0) AppleWebKit/537.4 (KHTML, like Gecko) Chrome/22.0.1229.79 Safari/537.4"
67.194.12.45 - lkorten [02/Oct/2012:09:20:19 -0400] "GET /assets/stylesheets/cyborg.min.css HTTP/1.1" 404 1044 "https://www.gradecraft.com/" "Mozilla/5.0 (Macintosh; Intel Mac OS X 10_8_0) AppleWebKit/537.4 (KHTML, like Gecko) Chrome/22.0.1229.79 Safari/537.4"
67.194.12.45 - lkorten [02/Oct/2012:09:20:19 -0400] "GET /users/predictor.json?user_id=132 HTTP/1.1" 304 1030 "https://www.gradecraft.com/" "Mozilla/5.0 (Macintosh; Intel Mac OS X 10_8_0) AppleWebKit/537.4 (KHTML, like Gecko) Chrome/22.0.1229.79 Safari/537.4"
67.194.12.45 - lkorten [02/Oct/2012:09:20:19 -0400] "GET /users/predictor.json?in_progress=true&user_id=132 HTTP/1.1" 304 885 "https://www.gradecraft.com/" "Mozilla/5.0 (Macintosh; Intel Mac OS X 10_8_0) AppleWebKit/537.4 (KHTML, like Gecko) Chrome/22.0.1229.79 Safari/537.4"
67.194.2.250 - - [02/Oct/2012:09:22:31 -0400] "GET / HTTP/1.1" 302 3984 "-" "Mozilla/5.0 (Macintosh; Intel Mac OS X 10_7_4) AppleWebKit/537.1 (KHTML, like Gecko) Chrome/21.0.1180.89 Safari/537.1"
67.194.2.250 - - [02/Oct/2012:09:22:32 -0400] "GET / HTTP/1.1" 302 756 "-" "Mozilla/5.0 (Macintosh; Intel Mac OS X 10_7_4) AppleWebKit/537.1 (KHTML, like Gecko) Chrome/21.0.1180.89 Safari/537.1"
67.194.2.250 - - [02/Oct/2012:09:22:39 -0400] "GET /cosign/valid?cosign-www.gradecraft.com=NllFCVw6HHL7nWyKKifT8UFS7RO59tMIfDR0ljeuQwIo2bRyv6D-+n97AdrJxQy-8Wm8BlUHZkvO7ZKZ4ay2wd9d9YmR-3B8P1fCw2FnHrKKIKYvQInh2WCvVU2A&https://www.gradecraft.com/ HTTP/1.1" 301 868 "https://weblogin.umich.edu/?cosign-www.gradecraft.com&https://www.gradecraft.com/" "Mozilla/5.0 (Macintosh; Intel Mac OS X 10_7_4) AppleWebKit/537.1 (KHTML, like Gecko) Chrome/21.0.1180.89 Safari/537.1"
67.194.2.250 - scforb [02/Oct/2012:09:22:39 -0400] "GET / HTTP/1.1" 200 5076 "https://weblogin.umich.edu/?cosign-www.gradecraft.com&https://www.gradecraft.com/" "Mozilla/5.0 (Macintosh; Intel Mac OS X 10_7_4) AppleWebKit/537.1 (KHTML, like Gecko) Chrome/21.0.1180.89 Safari/537.1"
