67.194.216.155 - barnesbr [25/Sep/2012:11:20:01 -0400] "GET /users/predictor.json?in_progress=true&user_id=162 HTTP/1.1" 200 1610 "https://www.gradecraft.com/" "Mozilla/5.0 (Macintosh; Intel Mac OS X 10_7_4) AppleWebKit/536.25 (KHTML, like Gecko) Version/6.0 Safari/536.25"
67.194.67.88 - bsees [25/Sep/2012:11:21:15 -0400] "GET / HTTP/1.1" 304 4145 "https://sites.google.com/a/umich.edu/polsci101f2012/home" "Mozilla/5.0 (Macintosh; Intel Mac OS X 10_8_0) AppleWebKit/537.1 (KHTML, like Gecko) Chrome/21.0.1180.89 Safari/537.1"
67.194.67.88 - bsees [25/Sep/2012:11:21:15 -0400] "GET /assets/stylesheets/cyborg.min.css HTTP/1.1" 404 1044 "https://www.gradecraft.com/" "Mozilla/5.0 (Macintosh; Intel Mac OS X 10_8_0) AppleWebKit/537.1 (KHTML, like Gecko) Chrome/21.0.1180.89 Safari/537.1"
67.194.67.88 - bsees [25/Sep/2012:11:21:15 -0400] "GET /uploads/badge/icon/23/learning_from_mistakes.png HTTP/1.1" 404 1205 "https://www.gradecraft.com/" "Mozilla/5.0 (Macintosh; Intel Mac OS X 10_8_0) AppleWebKit/537.1 (KHTML, like Gecko) Chrome/21.0.1180.89 Safari/537.1"
67.194.67.88 - bsees [25/Sep/2012:11:21:15 -0400] "GET /users/predictor.json?user_id=176 HTTP/1.1" 304 1014 "https://www.gradecraft.com/" "Mozilla/5.0 (Macintosh; Intel Mac OS X 10_8_0) AppleWebKit/537.1 (KHTML, like Gecko) Chrome/21.0.1180.89 Safari/537.1"
67.194.67.88 - bsees [25/Sep/2012:11:21:15 -0400] "GET /users/predictor.json?in_progress=true&user_id=176 HTTP/1.1" 304 869 "https://www.gradecraft.com/" "Mozilla/5.0 (Macintosh; Intel Mac OS X 10_8_0) AppleWebKit/537.1 (KHTML, like Gecko) Chrome/21.0.1180.89 Safari/537.1"
67.194.67.88 - bsees [25/Sep/2012:11:21:16 -0400] "GET /favicon.ico HTTP/1.1" 200 4650 "-" "Mozilla/5.0 (Macintosh; Intel Mac OS X 10_8_0) AppleWebKit/537.1 (KHTML, like Gecko) Chrome/21.0.1180.89 Safari/537.1"
67.194.67.88 - bsees [25/Sep/2012:11:21:34 -0400] "GET /dashboard HTTP/1.1" 200 5413 "https://www.gradecraft.com/" "Mozilla/5.0 (Macintosh; Intel Mac OS X 10_8_0) AppleWebKit/537.1 (KHTML, like Gecko) Chrome/21.0.1180.89 Safari/537.1"
67.194.67.88 - bsees [25/Sep/2012:11:21:35 -0400] "GET /assets/stylesheets/cyborg.min.css HTTP/1.1" 404 1044 "https://www.gradecraft.com/dashboard" "Mozilla/5.0 (Macintosh; Intel Mac OS X 10_8_0) AppleWebKit/537.1 (KHTML, like Gecko) Chrome/21.0.1180.89 Safari/537.1"
67.194.67.88 - bsees [25/Sep/2012:11:21:35 -0400] "GET /uploads/badge/icon/23/learning_from_mistakes.png HTTP/1.1" 404 1205 "https://www.gradecraft.com/dashboard" "Mozilla/5.0 (Macintosh; Intel Mac OS X 10_8_0) AppleWebKit/537.1 (KHTML, like Gecko) Chrome/21.0.1180.89 Safari/537.1"
67.194.67.88 - bsees [25/Sep/2012:11:21:35 -0400] "GET /users/predictor.json?user_id=176 HTTP/1.1" 304 1014 "https://www.gradecraft.com/dashboard" "Mozilla/5.0 (Macintosh; Intel Mac OS X 10_8_0) AppleWebKit/537.1 (KHTML, like Gecko) Chrome/21.0.1180.89 Safari/537.1"
67.194.67.88 - bsees [25/Sep/2012:11:21:35 -0400] "GET /users/predictor.json?in_progress=true&user_id=176 HTTP/1.1" 304 869 "https://www.gradecraft.com/dashboard" "Mozilla/5.0 (Macintosh; Intel Mac OS X 10_8_0) AppleWebKit/537.1 (KHTML, like Gecko) Chrome/21.0.1180.89 Safari/537.1"
67.194.110.197 - - [25/Sep/2012:11:21:35 -0400] "GET /dashboard HTTP/1.1" 302 3789 "-" "Mozilla/5.0 (Macintosh; Intel Mac OS X 10_7_3) AppleWebKit/537.1 (KHTML, like Gecko) Chrome/21.0.1180.89 Safari/537.1"
67.194.67.88 - bsees [25/Sep/2012:11:21:40 -0400] "GET /uploads/badge/icon/23/learning_from_mistakes.png HTTP/1.1" 404 1044 "https://www.gradecraft.com/" "Mozilla/5.0 (Macintosh; Intel Mac OS X 10_8_0) AppleWebKit/537.1 (KHTML, like Gecko) Chrome/21.0.1180.89 Safari/537.1"
67.194.67.88 - bsees [25/Sep/2012:11:21:40 -0400] "GET /users/predictor.json?user_id=176 HTTP/1.1" 304 869 "https://www.gradecraft.com/" "Mozilla/5.0 (Macintosh; Intel Mac OS X 10_8_0) AppleWebKit/537.1 (KHTML, like Gecko) Chrome/21.0.1180.89 Safari/537.1"
67.194.67.88 - bsees [25/Sep/2012:11:21:40 -0400] "GET /users/predictor.json?in_progress=true&user_id=176 HTTP/1.1" 304 869 "https://www.gradecraft.com/" "Mozilla/5.0 (Macintosh; Intel Mac OS X 10_8_0) AppleWebKit/537.1 (KHTML, like Gecko) Chrome/21.0.1180.89 Safari/537.1"
67.194.106.20 - jerhardt [25/Sep/2012:11:21:41 -0400] "GET / HTTP/1.1" 200 8301 "-" "Mozilla/5.0 (Windows NT 6.1; WOW64) AppleWebKit/537.1 (KHTML, like Gecko) Chrome/21.0.1180.89 Safari/537.1"
67.194.106.20 - jerhardt [25/Sep/2012:11:21:41 -0400] "GET /assets/stylesheets/cyborg.min.css HTTP/1.1" 404 1044 "https://www.gradecraft.com/" "Mozilla/5.0 (Windows NT 6.1; WOW64) AppleWebKit/537.1 (KHTML, like Gecko) Chrome/21.0.1180.89 Safari/537.1"
67.194.106.20 - jerhardt [25/Sep/2012:11:21:42 -0400] "GET /users/predictor.json?user_id=166 HTTP/1.1" 304 3902 "https://www.gradecraft.com/" "Mozilla/5.0 (Windows NT 6.1; WOW64) AppleWebKit/537.1 (KHTML, like Gecko) Chrome/21.0.1180.89 Safari/537.1"
67.194.110.197 - - [25/Sep/2012:11:21:42 -0400] "GET /cosign/valid?cosign-www.gradecraft.com=p2rygqSTVhZZ-f1rwgVdT+Nnkxy3Vw7zLOZJScoRV0ClUfV95tL-AtGoHnDoKDOIH6MABX28e0kh+oKwbn9e2BpHGLvmIsS67GqOmX3NzjlEscmDarfZe9khcKHC&https://www.gradecraft.com/dashboard HTTP/1.1" 301 900 "https://weblogin.umich.edu/?cosign-www.gradecraft.com&https://www.gradecraft.com/dashboard" "Mozilla/5.0 (Macintosh; Intel Mac OS X 10_7_3) AppleWebKit/537.1 (KHTML, like Gecko) Chrome/21.0.1180.89 Safari/537.1"
67.194.106.20 - jerhardt [25/Sep/2012:11:21:42 -0400] "GET /uploads/badge/icon/23/learning_from_mistakes.png HTTP/1.1" 404 1044 "https://www.gradecraft.com/" "Mozilla/5.0 (Windows NT 6.1; WOW64) AppleWebKit/537.1 (KHTML, like Gecko) Chrome/21.0.1180.89 Safari/537.1"
67.194.106.20 - jerhardt [25/Sep/2012:11:21:42 -0400] "GET /users/predictor.json?in_progress=true&user_id=166 HTTP/1.1" 304 869 "https://www.gradecraft.com/" "Mozilla/5.0 (Windows NT 6.1; WOW64) AppleWebKit/537.1 (KHTML, like Gecko) Chrome/21.0.1180.89 Safari/537.1"
67.194.110.197 - llicht [25/Sep/2012:11:21:42 -0400] "GET /dashboard HTTP/1.1" 200 5268 "https://weblogin.umich.edu/?cosign-www.gradecraft.com&https://www.gradecraft.com/dashboard" "Mozilla/5.0 (Macintosh; Intel Mac OS X 10_7_3) AppleWebKit/537.1 (KHTML, like Gecko) Chrome/21.0.1180.89 Safari/537.1"
67.194.110.197 - llicht [25/Sep/2012:11:21:42 -0400] "GET /assets/application-73d555b682bfc2118de2b80e87f52658.css HTTP/1.1" 200 46989 "https://www.gradecraft.com/dashboard" "Mozilla/5.0 (Macintosh; Intel Mac OS X 10_7_3) AppleWebKit/537.1 (KHTML, like Gecko) Chrome/21.0.1180.89 Safari/537.1"
67.194.110.197 - llicht [25/Sep/2012:11:21:42 -0400] "GET /assets/application-47982acee63e77b1a3a5471daae4414a.js HTTP/1.1" 200 207041 "https://www.gradecraft.com/dashboard" "Mozilla/5.0 (Macintosh; Intel Mac OS X 10_7_3) AppleWebKit/537.1 (KHTML, like Gecko) Chrome/21.0.1180.89 Safari/537.1"
67.194.110.197 - llicht [25/Sep/2012:11:21:43 -0400] "GET /users/predictor.json?user_id=170 HTTP/1.1" 200 1626 "https://www.gradecraft.com/dashboard" "Mozilla/5.0 (Macintosh; Intel Mac OS X 10_7_3) AppleWebKit/537.1 (KHTML, like Gecko) Chrome/21.0.1180.89 Safari/537.1"
67.194.110.197 - llicht [25/Sep/2012:11:21:43 -0400] "GET /uploads/badge/icon/23/learning_from_mistakes.png HTTP/1.1" 404 4093 "https://www.gradecraft.com/dashboard" "Mozilla/5.0 (Macintosh; Intel Mac OS X 10_7_3) AppleWebKit/537.1 (KHTML, like Gecko) Chrome/21.0.1180.89 Safari/537.1"
67.194.110.197 - llicht [25/Sep/2012:11:21:43 -0400] "GET /users/predictor.json?in_progress=true&user_id=170 HTTP/1.1" 200 1610 "https://www.gradecraft.com/dashboard" "Mozilla/5.0 (Macintosh; Intel Mac OS X 10_7_3) AppleWebKit/537.1 (KHTML, like Gecko) Chrome/21.0.1180.89 Safari/537.1"
67.194.67.88 - bsees [25/Sep/2012:11:21:45 -0400] "GET / HTTP/1.1" 304 917 "https://sites.google.com/a/umich.edu/polsci101f2012/home" "Mozilla/5.0 (Macintosh; Intel Mac OS X 10_8_0) AppleWebKit/537.1 (KHTML, like Gecko) Chrome/21.0.1180.89 Safari/537.1"
67.194.67.88 - bsees [25/Sep/2012:11:21:45 -0400] "GET /assets/stylesheets/cyborg.min.css HTTP/1.1" 404 1044 "https://www.gradecraft.com/" "Mozilla/5.0 (Macintosh; Intel Mac OS X 10_8_0) AppleWebKit/537.1 (KHTML, like Gecko) Chrome/21.0.1180.89 Safari/537.1"
67.194.67.88 - bsees [25/Sep/2012:11:21:45 -0400] "GET /uploads/badge/icon/23/learning_from_mistakes.png HTTP/1.1" 404 1044 "https://www.gradecraft.com/" "Mozilla/5.0 (Macintosh; Intel Mac OS X 10_8_0) AppleWebKit/537.1 (KHTML, like Gecko) Chrome/21.0.1180.89 Safari/537.1"
67.194.67.88 - bsees [25/Sep/2012:11:21:45 -0400] "GET /users/predictor.json?user_id=176 HTTP/1.1" 304 869 "https://www.gradecraft.com/" "Mozilla/5.0 (Macintosh; Intel Mac OS X 10_8_0) AppleWebKit/537.1 (KHTML, like Gecko) Chrome/21.0.1180.89 Safari/537.1"
67.194.67.88 - bsees [25/Sep/2012:11:21:45 -0400] "GET /users/predictor.json?in_progress=true&user_id=176 HTTP/1.1" 304 869 "https://www.gradecraft.com/" "Mozilla/5.0 (Macintosh; Intel Mac OS X 10_8_0) AppleWebKit/537.1 (KHTML, like Gecko) Chrome/21.0.1180.89 Safari/537.1"
67.194.106.20 - jerhardt [25/Sep/2012:11:21:49 -0400] "GET /assignments/1/assignment_submissions/new?user_id=166 HTTP/1.1" 200 2820 "https://www.gradecraft.com/" "Mozilla/5.0 (Windows NT 6.1; WOW64) AppleWebKit/537.1 (KHTML, like Gecko) Chrome/21.0.1180.89 Safari/537.1"
67.194.106.20 - jerhardt [25/Sep/2012:11:21:49 -0400] "GET /assets/stylesheets/cyborg.min.css HTTP/1.1" 404 1044 "https://www.gradecraft.com/assignments/1/assignment_submissions/new?user_id=166" "Mozilla/5.0 (Windows NT 6.1; WOW64) AppleWebKit/537.1 (KHTML, like Gecko) Chrome/21.0.1180.89 Safari/537.1"
67.194.106.20 - jerhardt [25/Sep/2012:11:21:49 -0400] "GET /assignments/1/assignment_submissions/lib/css/wysiwyg-color.css HTTP/1.1" 404 1044 "-" "Mozilla/5.0 (Windows NT 6.1; WOW64) AppleWebKit/537.1 (KHTML, like Gecko) Chrome/21.0.1180.89 Safari/537.1"
67.194.106.20 - jerhardt [25/Sep/2012:11:21:50 -0400] "GET /assets/fontawesome-webfont.eot? HTTP/1.1" 200 39140 "https://www.gradecraft.com/assignments/1/assignment_submissions/new?user_id=166" "Mozilla/5.0 (Windows NT 6.1; WOW64) AppleWebKit/537.1 (KHTML, like Gecko) Chrome/21.0.1180.89 Safari/537.1"
67.194.106.20 - jerhardt [25/Sep/2012:11:21:50 -0400] "GET /assets/fontawesome-webfont.woff HTTP/1.1" 200 42180 "https://www.gradecraft.com/assignments/1/assignment_submissions/new?user_id=166" "Mozilla/5.0 (Windows NT 6.1; WOW64) AppleWebKit/537.1 (KHTML, like Gecko) Chrome/21.0.1180.89 Safari/537.1"
67.194.223.220 - hlsmallw [25/Sep/2012:11:22:02 -0400] "GET /assignments/1/assignment_submissions/new?user_id=178 HTTP/1.1" 200 2965 "https://www.gradecraft.com/dashboard" "Mozilla/5.0 (Macintosh; Intel Mac OS X 10_8) AppleWebKit/536.25 (KHTML, like Gecko) Version/6.0 Safari/536.25"
67.194.223.220 - hlsmallw [25/Sep/2012:11:22:03 -0400] "GET /assignments/1/assignment_submissions/lib/css/wysiwyg-color.css HTTP/1.1" 404 1044 "-" "Mozilla/5.0 (Macintosh; Intel Mac OS X 10_8) AppleWebKit/536.25 (KHTML, like Gecko) Version/6.0 Safari/536.25"
67.194.223.220 - hlsmallw [25/Sep/2012:11:22:03 -0400] "GET /assets/fontawesome-webfont.eot? HTTP/1.1" 200 39285 "https://www.gradecraft.com/assignments/1/assignment_submissions/new?user_id=178" "Mozilla/5.0 (Macintosh; Intel Mac OS X 10_8) AppleWebKit/536.25 (KHTML, like Gecko) Version/6.0 Safari/536.25"
67.194.223.220 - hlsmallw [25/Sep/2012:11:22:03 -0400] "GET /assets/stylesheets/cyborg.min.css HTTP/1.1" 404 1205 "https://www.gradecraft.com/assignments/1/assignment_submissions/new?user_id=178" "Mozilla/5.0 (Macintosh; Intel Mac OS X 10_8) AppleWebKit/536.25 (KHTML, like Gecko) Version/6.0 Safari/536.25"
67.194.223.220 - hlsmallw [25/Sep/2012:11:22:03 -0400] "GET /assets/fontawesome-webfont.woff HTTP/1.1" 200 42180 "https://www.gradecraft.com/assignments/1/assignment_submissions/new?user_id=178" "Mozilla/5.0 (Macintosh; Intel Mac OS X 10_8) AppleWebKit/536.25 (KHTML, like Gecko) Version/6.0 Safari/536.25"
67.194.218.81 - - [25/Sep/2012:11:22:04 -0400] "GET /dashboard HTTP/1.1" 302 3254 "-" "Mozilla/5.0 (Macintosh; U; Intel Mac OS X 10_6_6; en-us) AppleWebKit/533.19.4 (KHTML, like Gecko) Version/5.0.3 Safari/533.19.4"
67.194.218.81 - - [25/Sep/2012:11:22:05 -0400] "GET /cosign/valid?cosign-www.gradecraft.com=eCyBBqmQHLZ+L5hwXmONc6rGHbOZY++OHIAnEL0mc4mlowrc+RHj0NOWJ5AaZM5uIRy71iHsiT31RWNdQA6kK1yxOtdMaUTm7pzqYGzSaCIHxnRQFb6FXs-Lxy1n&https://www.gradecraft.com/dashboard HTTP/1.1" 301 1038 "-" "Mozilla/5.0 (Macintosh; U; Intel Mac OS X 10_6_6; en-us) AppleWebKit/533.19.4 (KHTML, like Gecko) Version/5.0.3 Safari/533.19.4"
67.194.218.81 - mshair [25/Sep/2012:11:22:05 -0400] "GET /dashboard HTTP/1.1" 200 5406 "-" "Mozilla/5.0 (Macintosh; U; Intel Mac OS X 10_6_6; en-us) AppleWebKit/533.19.4 (KHTML, like Gecko) Version/5.0.3 Safari/533.19.4"
67.194.218.81 - mshair [25/Sep/2012:11:22:05 -0400] "GET /assets/stylesheets/cyborg.min.css HTTP/1.1" 404 1198 "https://www.gradecraft.com/dashboard" "Mozilla/5.0 (Macintosh; U; Intel Mac OS X 10_6_6; en-us) AppleWebKit/533.19.4 (KHTML, like Gecko) Version/5.0.3 Safari/533.19.4"
67.194.218.81 - mshair [25/Sep/2012:11:22:05 -0400] "GET /assets/application-73d555b682bfc2118de2b80e87f52658.css HTTP/1.1" 200 47127 "https://www.gradecraft.com/dashboard" "Mozilla/5.0 (Macintosh; U; Intel Mac OS X 10_6_6; en-us) AppleWebKit/533.19.4 (KHTML, like Gecko) Version/5.0.3 Safari/533.19.4"
67.194.218.81 - mshair [25/Sep/2012:11:22:05 -0400] "GET /assets/application-47982acee63e77b1a3a5471daae4414a.js HTTP/1.1" 200 204146 "https://www.gradecraft.com/dashboard" "Mozilla/5.0 (Macintosh; U; Intel Mac OS X 10_6_6; en-us) AppleWebKit/533.19.4 (KHTML, like Gecko) Version/5.0.3 Safari/533.19.4"
67.194.218.81 - mshair [25/Sep/2012:11:22:06 -0400] "GET /badges/pos101/gaining_experience.png HTTP/1.1" 200 8596 "https://www.gradecraft.com/dashboard" "Mozilla/5.0 (Macintosh; U; Intel Mac OS X 10_6_6; en-us) AppleWebKit/533.19.4 (KHTML, like Gecko) Version/5.0.3 Safari/533.19.4"
67.194.218.81 - mshair [25/Sep/2012:11:22:06 -0400] "GET /badges/pos101/courageous_failure.png HTTP/1.1" 200 8548 "https://www.gradecraft.com/dashboard" "Mozilla/5.0 (Macintosh; U; Intel Mac OS X 10_6_6; en-us) AppleWebKit/533.19.4 (KHTML, like Gecko) Version/5.0.3 Safari/533.19.4"
67.194.218.81 - mshair [25/Sep/2012:11:22:06 -0400] "GET /uploads/badge/icon/23/learning_from_mistakes.png HTTP/1.1" 404 1198 "https://www.gradecraft.com/dashboard" "Mozilla/5.0 (Macintosh; U; Intel Mac OS X 10_6_6; en-us) AppleWebKit/533.19.4 (KHTML, like Gecko) Version/5.0.3 Safari/533.19.4"
67.194.67.88 - bsees [25/Sep/2012:11:22:06 -0400] "GET /assignments/1/assignment_submissions/new?user_id=176 HTTP/1.1" 200 2949 "https://www.gradecraft.com/" "Mozilla/5.0 (Macintosh; Intel Mac OS X 10_8_0) AppleWebKit/537.1 (KHTML, like Gecko) Chrome/21.0.1180.89 Safari/537.1"
67.194.218.81 - mshair [25/Sep/2012:11:22:06 -0400] "GET /users/predictor.json?user_id=177 HTTP/1.1" 200 1748 "https://www.gradecraft.com/dashboard" "Mozilla/5.0 (Macintosh; U; Intel Mac OS X 10_6_6; en-us) AppleWebKit/533.19.4 (KHTML, like Gecko) Version/5.0.3 Safari/533.19.4"
67.194.67.88 - bsees [25/Sep/2012:11:22:06 -0400] "GET /assets/stylesheets/cyborg.min.css HTTP/1.1" 404 1044 "https://www.gradecraft.com/assignments/1/assignment_submissions/new?user_id=176" "Mozilla/5.0 (Macintosh; Intel Mac OS X 10_8_0) AppleWebKit/537.1 (KHTML, like Gecko) Chrome/21.0.1180.89 Safari/537.1"
67.194.67.88 - bsees [25/Sep/2012:11:22:06 -0400] "GET /assignments/1/assignment_submissions/lib/css/wysiwyg-color.css HTTP/1.1" 404 1044 "-" "Mozilla/5.0 (Macintosh; Intel Mac OS X 10_8_0) AppleWebKit/537.1 (KHTML, like Gecko) Chrome/21.0.1180.89 Safari/537.1"
67.194.218.81 - mshair [25/Sep/2012:11:22:06 -0400] "GET /users/predictor.json?in_progress=true&user_id=177 HTTP/1.1" 200 1748 "https://www.gradecraft.com/dashboard" "Mozilla/5.0 (Macintosh; U; Intel Mac OS X 10_6_6; en-us) AppleWebKit/533.19.4 (KHTML, like Gecko) Version/5.0.3 Safari/533.19.4"
67.194.67.88 - bsees [25/Sep/2012:11:22:06 -0400] "GET /assets/fontawesome-webfont.eot? HTTP/1.1" 200 39140 "https://www.gradecraft.com/assignments/1/assignment_submissions/new?user_id=176" "Mozilla/5.0 (Macintosh; Intel Mac OS X 10_8_0) AppleWebKit/537.1 (KHTML, like Gecko) Chrome/21.0.1180.89 Safari/537.1"
67.194.67.88 - bsees [25/Sep/2012:11:22:06 -0400] "GET /assets/fontawesome-webfont.woff HTTP/1.1" 200 42180 "https://www.gradecraft.com/assignments/1/assignment_submissions/new?user_id=176" "Mozilla/5.0 (Macintosh; Intel Mac OS X 10_8_0) AppleWebKit/537.1 (KHTML, like Gecko) Chrome/21.0.1180.89 Safari/537.1"
67.194.110.197 - llicht [25/Sep/2012:11:22:08 -0400] "GET /assignments/1/assignment_submissions/new?user_id=170 HTTP/1.1" 200 6048 "https://www.gradecraft.com/dashboard" "Mozilla/5.0 (Macintosh; Intel Mac OS X 10_7_3) AppleWebKit/537.1 (KHTML, like Gecko) Chrome/21.0.1180.89 Safari/537.1"
67.194.110.197 - llicht [25/Sep/2012:11:22:08 -0400] "GET /assignments/1/assignment_submissions/lib/css/wysiwyg-color.css HTTP/1.1" 404 1044 "-" "Mozilla/5.0 (Macintosh; Intel Mac OS X 10_7_3) AppleWebKit/537.1 (KHTML, like Gecko) Chrome/21.0.1180.89 Safari/537.1"
67.194.110.197 - llicht [25/Sep/2012:11:22:08 -0400] "GET /assets/fontawesome-webfont.eot? HTTP/1.1" 200 39140 "https://www.gradecraft.com/assignments/1/assignment_submissions/new?user_id=170" "Mozilla/5.0 (Macintosh; Intel Mac OS X 10_7_3) AppleWebKit/537.1 (KHTML, like Gecko) Chrome/21.0.1180.89 Safari/537.1"
67.194.110.197 - llicht [25/Sep/2012:11:22:08 -0400] "GET /assets/fontawesome-webfont.woff HTTP/1.1" 200 42180 "https://www.gradecraft.com/assignments/1/assignment_submissions/new?user_id=170" "Mozilla/5.0 (Macintosh; Intel Mac OS X 10_7_3) AppleWebKit/537.1 (KHTML, like Gecko) Chrome/21.0.1180.89 Safari/537.1"
67.194.218.74 - - [25/Sep/2012:11:22:19 -0400] "GET / HTTP/1.1" 302 3259 "-" "Mozilla/5.0 (Macintosh; Intel Mac OS X 10_8_2) AppleWebKit/536.26.14 (KHTML, like Gecko) Version/6.0.1 Safari/536.26.14"
67.194.218.74 - - [25/Sep/2012:11:22:26 -0400] "GET /cosign/valid?cosign-www.gradecraft.com=DWvjYJY-YIGypbdRbbrvcZPNbgo-bkmD7gtQeFSzBIuK63IwsCu76Ke1ioBQG-R0-haAoub1NQX1sYsVop7YOkPQGi5068oNZ43yDQ2iMSPNaSLSDprhkW98SKHO&https://www.gradecraft.com/ HTTP/1.1" 301 868 "https://weblogin.umich.edu/?cosign-www.gradecraft.com&https://www.gradecraft.com/" "Mozilla/5.0 (Macintosh; Intel Mac OS X 10_8_2) AppleWebKit/536.26.14 (KHTML, like Gecko) Version/6.0.1 Safari/536.26.14"
67.194.218.74 - scfinkel [25/Sep/2012:11:22:26 -0400] "GET / HTTP/1.1" 302 1348 "https://weblogin.umich.edu/?cosign-www.gradecraft.com&https://www.gradecraft.com/" "Mozilla/5.0 (Macintosh; Intel Mac OS X 10_8_2) AppleWebKit/536.26.14 (KHTML, like Gecko) Version/6.0.1 Safari/536.26.14"
67.194.218.74 - scfinkel [25/Sep/2012:11:22:26 -0400] "GET /dashboard HTTP/1.1" 200 5268 "https://weblogin.umich.edu/?cosign-www.gradecraft.com&https://www.gradecraft.com/" "Mozilla/5.0 (Macintosh; Intel Mac OS X 10_8_2) AppleWebKit/536.26.14 (KHTML, like Gecko) Version/6.0.1 Safari/536.26.14"
67.194.218.74 - scfinkel [25/Sep/2012:11:22:26 -0400] "GET /assets/application-73d555b682bfc2118de2b80e87f52658.css HTTP/1.1" 200 46989 "https://www.gradecraft.com/dashboard" "Mozilla/5.0 (Macintosh; Intel Mac OS X 10_8_2) AppleWebKit/536.26.14 (KHTML, like Gecko) Version/6.0.1 Safari/536.26.14"
67.194.218.74 - scfinkel [25/Sep/2012:11:22:26 -0400] "GET /assets/stylesheets/cyborg.min.css HTTP/1.1" 404 1205 "https://www.gradecraft.com/dashboard" "Mozilla/5.0 (Macintosh; Intel Mac OS X 10_8_2) AppleWebKit/536.26.14 (KHTML, like Gecko) Version/6.0.1 Safari/536.26.14"
67.194.218.74 - scfinkel [25/Sep/2012:11:22:26 -0400] "GET /assets/application-47982acee63e77b1a3a5471daae4414a.js HTTP/1.1" 200 204153 "https://www.gradecraft.com/dashboard" "Mozilla/5.0 (Macintosh; Intel Mac OS X 10_8_2) AppleWebKit/536.26.14 (KHTML, like Gecko) Version/6.0.1 Safari/536.26.14"
67.194.218.74 - scfinkel [25/Sep/2012:11:22:27 -0400] "GET /badges/pos101/always_learning.png HTTP/1.1" 200 3066 "https://www.gradecraft.com/dashboard" "Mozilla/5.0 (Macintosh; Intel Mac OS X 10_8_2) AppleWebKit/536.26.14 (KHTML, like Gecko) Version/6.0.1 Safari/536.26.14"
67.194.218.74 - scfinkel [25/Sep/2012:11:22:27 -0400] "GET /badges/pos101/great_critic.png HTTP/1.1" 200 5306 "https://www.gradecraft.com/dashboard" "Mozilla/5.0 (Macintosh; Intel Mac OS X 10_8_2) AppleWebKit/536.26.14 (KHTML, like Gecko) Version/6.0.1 Safari/536.26.14"
67.194.218.74 - scfinkel [25/Sep/2012:11:22:27 -0400] "GET /badges/pos101/above_and_beyond.png HTTP/1.1" 200 6379 "https://www.gradecraft.com/dashboard" "Mozilla/5.0 (Macintosh; Intel Mac OS X 10_8_2) AppleWebKit/536.26.14 (KHTML, like Gecko) Version/6.0.1 Safari/536.26.14"
67.194.218.74 - scfinkel [25/Sep/2012:11:22:27 -0400] "GET /badges/pos101/awesome_aggregator.png HTTP/1.1" 200 5803 "https://www.gradecraft.com/dashboard" "Mozilla/5.0 (Macintosh; Intel Mac OS X 10_8_2) AppleWebKit/536.26.14 (KHTML, like Gecko) Version/6.0.1 Safari/536.26.14"
67.194.218.74 - scfinkel [25/Sep/2012:11:22:27 -0400] "GET /badges/pos101/presentation_of_self.png HTTP/1.1" 200 5498 "https://www.gradecraft.com/dashboard" "Mozilla/5.0 (Macintosh; Intel Mac OS X 10_8_2) AppleWebKit/536.26.14 (KHTML, like Gecko) Version/6.0.1 Safari/536.26.14"
67.194.218.74 - scfinkel [25/Sep/2012:11:22:27 -0400] "GET /badges/pos101/concentrator.png HTTP/1.1" 200 3594 "https://www.gradecraft.com/dashboard" "Mozilla/5.0 (Macintosh; Intel Mac OS X 10_8_2) AppleWebKit/536.26.14 (KHTML, like Gecko) Version/6.0.1 Safari/536.26.14"
67.194.218.74 - scfinkel [25/Sep/2012:11:22:27 -0400] "GET /badges/pos101/courageous_failure.png HTTP/1.1" 200 8410 "https://www.gradecraft.com/dashboard" "Mozilla/5.0 (Macintosh; Intel Mac OS X 10_8_2) AppleWebKit/536.26.14 (KHTML, like Gecko) Version/6.0.1 Safari/536.26.14"
67.194.218.74 - scfinkel [25/Sep/2012:11:22:27 -0400] "GET /badges/pos101/early_bird_special.png HTTP/1.1" 200 4602 "https://www.gradecraft.com/dashboard" "Mozilla/5.0 (Macintosh; Intel Mac OS X 10_8_2) AppleWebKit/536.26.14 (KHTML, like Gecko) Version/6.0.1 Safari/536.26.14"
67.194.218.74 - scfinkel [25/Sep/2012:11:22:27 -0400] "GET /badges/pos101/examination_expert.png HTTP/1.1" 200 4042 "https://www.gradecraft.com/dashboard" "Mozilla/5.0 (Macintosh; Intel Mac OS X 10_8_2) AppleWebKit/536.26.14 (KHTML, like Gecko) Version/6.0.1 Safari/536.26.14"
67.194.218.74 - scfinkel [25/Sep/2012:11:22:27 -0400] "GET /badges/pos101/teachers_pet.png HTTP/1.1" 200 3339 "https://www.gradecraft.com/dashboard" "Mozilla/5.0 (Macintosh; Intel Mac OS X 10_8_2) AppleWebKit/536.26.14 (KHTML, like Gecko) Version/6.0.1 Safari/536.26.14"
67.194.218.74 - scfinkel [25/Sep/2012:11:22:27 -0400] "GET /badges/pos101/gaining_experience.png HTTP/1.1" 200 8458 "https://www.gradecraft.com/dashboard" "Mozilla/5.0 (Macintosh; Intel Mac OS X 10_8_2) AppleWebKit/536.26.14 (KHTML, like Gecko) Version/6.0.1 Safari/536.26.14"
67.194.218.74 - scfinkel [25/Sep/2012:11:22:27 -0400] "GET /badges/pos101/gamer.png HTTP/1.1" 200 4378 "https://www.gradecraft.com/dashboard" "Mozilla/5.0 (Macintosh; Intel Mac OS X 10_8_2) AppleWebKit/536.26.14 (KHTML, like Gecko) Version/6.0.1 Safari/536.26.14"
67.194.218.74 - scfinkel [25/Sep/2012:11:22:27 -0400] "GET /badges/pos101/level_one.png HTTP/1.1" 200 4458 "https://www.gradecraft.com/dashboard" "Mozilla/5.0 (Macintosh; Intel Mac OS X 10_8_2) AppleWebKit/536.26.14 (KHTML, like Gecko) Version/6.0.1 Safari/536.26.14"
67.194.218.74 - scfinkel [25/Sep/2012:11:22:27 -0400] "GET /badges/pos101/personal.png HTTP/1.1" 200 4474 "https://www.gradecraft.com/dashboard" "Mozilla/5.0 (Macintosh; Intel Mac OS X 10_8_2) AppleWebKit/536.26.14 (KHTML, like Gecko) Version/6.0.1 Safari/536.26.14"
67.194.218.74 - scfinkel [25/Sep/2012:11:22:27 -0400] "GET /badges/pos101/practice_makes_perfect.png HTTP/1.1" 200 6010 "https://www.gradecraft.com/dashboard" "Mozilla/5.0 (Macintosh; Intel Mac OS X 10_8_2) AppleWebKit/536.26.14 (KHTML, like Gecko) Version/6.0.1 Safari/536.26.14"
67.194.218.74 - scfinkel [25/Sep/2012:11:22:27 -0400] "GET /badges/pos101/participatory_democrat.png HTTP/1.1" 200 5354 "https://www.gradecraft.com/dashboard" "Mozilla/5.0 (Macintosh; Intel Mac OS X 10_8_2) AppleWebKit/536.26.14 (KHTML, like Gecko) Version/6.0.1 Safari/536.26.14"
67.194.218.74 - scfinkel [25/Sep/2012:11:22:27 -0400] "GET /uploads/badge/icon/23/learning_from_mistakes.png HTTP/1.1" 404 1044 "https://www.gradecraft.com/dashboard" "Mozilla/5.0 (Macintosh; Intel Mac OS X 10_8_2) AppleWebKit/536.26.14 (KHTML, like Gecko) Version/6.0.1 Safari/536.26.14"
67.194.218.74 - scfinkel [25/Sep/2012:11:22:27 -0400] "GET /badges/pos101/public_speaker.png HTTP/1.1" 200 5482 "https://www.gradecraft.com/dashboard" "Mozilla/5.0 (Macintosh; Intel Mac OS X 10_8_2) AppleWebKit/536.26.14 (KHTML, like Gecko) Version/6.0.1 Safari/536.26.14"
67.194.218.74 - scfinkel [25/Sep/2012:11:22:27 -0400] "GET /badges/pos101/scribe.png HTTP/1.1" 200 3002 "https://www.gradecraft.com/dashboard" "Mozilla/5.0 (Macintosh; Intel Mac OS X 10_8_2) AppleWebKit/536.26.14 (KHTML, like Gecko) Version/6.0.1 Safari/536.26.14"
67.194.218.74 - scfinkel [25/Sep/2012:11:22:27 -0400] "GET /users/predictor.json?user_id=167 HTTP/1.1" 200 1610 "https://www.gradecraft.com/dashboard" "Mozilla/5.0 (Macintosh; Intel Mac OS X 10_8_2) AppleWebKit/536.26.14 (KHTML, like Gecko) Version/6.0.1 Safari/536.26.14"
67.194.218.74 - scfinkel [25/Sep/2012:11:22:27 -0400] "GET /badges/pos101/times_immemorial.png HTTP/1.1" 200 5722 "https://www.gradecraft.com/dashboard" "Mozilla/5.0 (Macintosh; Intel Mac OS X 10_8_2) AppleWebKit/536.26.14 (KHTML, like Gecko) Version/6.0.1 Safari/536.26.14"
67.194.218.74 - scfinkel [25/Sep/2012:11:22:27 -0400] "GET /users/predictor.json?in_progress=true&user_id=167 HTTP/1.1" 200 1610 "https://www.gradecraft.com/dashboard" "Mozilla/5.0 (Macintosh; Intel Mac OS X 10_8_2) AppleWebKit/536.26.14 (KHTML, like Gecko) Version/6.0.1 Safari/536.26.14"
67.194.218.74 - scfinkel [25/Sep/2012:11:22:27 -0400] "GET /favicon.ico HTTP/1.1" 200 4795 "https://www.gradecraft.com/dashboard" "Mozilla/5.0 (Macintosh; Intel Mac OS X 10_8_2) AppleWebKit/536.26.14 (KHTML, like Gecko) Version/6.0.1 Safari/536.26.14"
67.194.110.197 - llicht [25/Sep/2012:11:22:39 -0400] "GET /uploads/badge/icon/23/learning_from_mistakes.png HTTP/1.1" 404 1205 "https://www.gradecraft.com/dashboard" "Mozilla/5.0 (Macintosh; Intel Mac OS X 10_7_3) AppleWebKit/537.1 (KHTML, like Gecko) Chrome/21.0.1180.89 Safari/537.1"
67.194.67.88 - bsees [25/Sep/2012:11:23:03 -0400] "GET /uploads/badge/icon/23/learning_from_mistakes.png HTTP/1.1" 404 1205 "https://www.gradecraft.com/" "Mozilla/5.0 (Macintosh; Intel Mac OS X 10_8_0) AppleWebKit/537.1 (KHTML, like Gecko) Chrome/21.0.1180.89 Safari/537.1"
67.194.67.88 - bsees [25/Sep/2012:11:23:03 -0400] "GET /users/predictor.json?user_id=176 HTTP/1.1" 304 1014 "https://www.gradecraft.com/" "Mozilla/5.0 (Macintosh; Intel Mac OS X 10_8_0) AppleWebKit/537.1 (KHTML, like Gecko) Chrome/21.0.1180.89 Safari/537.1"
67.194.67.88 - bsees [25/Sep/2012:11:23:03 -0400] "GET /users/predictor.json?in_progress=true&user_id=176 HTTP/1.1" 304 1014 "https://www.gradecraft.com/" "Mozilla/5.0 (Macintosh; Intel Mac OS X 10_8_0) AppleWebKit/537.1 (KHTML, like Gecko) Chrome/21.0.1180.89 Safari/537.1"
67.194.74.161 - hjsim [25/Sep/2012:11:23:26 -0400] "GET /dashboard HTTP/1.1" 304 4161 "-" "Mozilla/5.0 (Windows NT 6.1; WOW64) AppleWebKit/537.1 (KHTML, like Gecko) Chrome/21.0.1180.89 Safari/537.1"
67.194.74.161 - hjsim [25/Sep/2012:11:23:27 -0400] "GET /users/predictor.json?user_id=334 HTTP/1.1" 304 4129 "https://www.gradecraft.com/dashboard" "Mozilla/5.0 (Windows NT 6.1; WOW64) AppleWebKit/537.1 (KHTML, like Gecko) Chrome/21.0.1180.89 Safari/537.1"
67.194.74.161 - hjsim [25/Sep/2012:11:23:27 -0400] "GET /users/predictor.json?in_progress=true&user_id=334 HTTP/1.1" 304 885 "https://www.gradecraft.com/dashboard" "Mozilla/5.0 (Windows NT 6.1; WOW64) AppleWebKit/537.1 (KHTML, like Gecko) Chrome/21.0.1180.89 Safari/537.1"
67.194.74.161 - hjsim [25/Sep/2012:11:23:28 -0400] "GET /uploads/badge/icon/23/learning_from_mistakes.png HTTP/1.1" 404 1044 "https://www.gradecraft.com/dashboard" "Mozilla/5.0 (Windows NT 6.1; WOW64) AppleWebKit/537.1 (KHTML, like Gecko) Chrome/21.0.1180.89 Safari/537.1"
67.194.223.220 - hlsmallw [25/Sep/2012:11:23:35 -0400] "GET /dashboard HTTP/1.1" 304 1062 "https://www.gradecraft.com/assignments/1/assignment_submissions/new?user_id=178" "Mozilla/5.0 (Macintosh; Intel Mac OS X 10_8) AppleWebKit/536.25 (KHTML, like Gecko) Version/6.0 Safari/536.25"
67.194.223.220 - hlsmallw [25/Sep/2012:11:23:35 -0400] "GET /assets/stylesheets/cyborg.min.css HTTP/1.1" 404 1205 "https://www.gradecraft.com/dashboard" "Mozilla/5.0 (Macintosh; Intel Mac OS X 10_8) AppleWebKit/536.25 (KHTML, like Gecko) Version/6.0 Safari/536.25"
67.194.223.220 - hlsmallw [25/Sep/2012:11:23:35 -0400] "GET /users/predictor.json?user_id=178 HTTP/1.1" 304 1014 "https://www.gradecraft.com/dashboard" "Mozilla/5.0 (Macintosh; Intel Mac OS X 10_8) AppleWebKit/536.25 (KHTML, like Gecko) Version/6.0 Safari/536.25"
67.194.223.220 - hlsmallw [25/Sep/2012:11:23:35 -0400] "GET /uploads/badge/icon/23/learning_from_mistakes.png HTTP/1.1" 404 1205 "https://www.gradecraft.com/dashboard" "Mozilla/5.0 (Macintosh; Intel Mac OS X 10_8) AppleWebKit/536.25 (KHTML, like Gecko) Version/6.0 Safari/536.25"
67.194.223.220 - hlsmallw [25/Sep/2012:11:23:35 -0400] "GET /users/predictor.json?in_progress=true&user_id=178 HTTP/1.1" 304 869 "https://www.gradecraft.com/dashboard" "Mozilla/5.0 (Macintosh; Intel Mac OS X 10_8) AppleWebKit/536.25 (KHTML, like Gecko) Version/6.0 Safari/536.25"
67.194.210.6 - - [25/Sep/2012:11:24:21 -0400] "GET / HTTP/1.1" 302 3254 "-" "Mozilla/5.0 (Macintosh; Intel Mac OS X 10_6_8) AppleWebKit/534.57.2 (KHTML, like Gecko) Version/5.1.7 Safari/534.57.2"
67.194.210.6 - - [25/Sep/2012:11:24:21 -0400] "GET /cosign/valid?cosign-www.gradecraft.com=xUJP+aQnhNcsgAm212al0QX4I3y1Rn4cUSm9NtdkonOD8kG-NXTz2Gy8jBJYtEzU8L04dW3bDuX8WOBvpnP2+-FrAgIahni1P4b9AnmD-PPDQTBoXFowzHQGBeyC&https://www.gradecraft.com/ HTTP/1.1" 301 868 "-" "Mozilla/5.0 (Macintosh; Intel Mac OS X 10_6_8) AppleWebKit/534.57.2 (KHTML, like Gecko) Version/5.1.7 Safari/534.57.2"
67.194.210.6 - lschlos [25/Sep/2012:11:24:21 -0400] "GET / HTTP/1.1" 302 1348 "-" "Mozilla/5.0 (Macintosh; Intel Mac OS X 10_6_8) AppleWebKit/534.57.2 (KHTML, like Gecko) Version/5.1.7 Safari/534.57.2"
67.194.210.6 - lschlos [25/Sep/2012:11:24:21 -0400] "GET /dashboard HTTP/1.1" 200 5268 "-" "Mozilla/5.0 (Macintosh; Intel Mac OS X 10_6_8) AppleWebKit/534.57.2 (KHTML, like Gecko) Version/5.1.7 Safari/534.57.2"
67.194.210.6 - lschlos [25/Sep/2012:11:24:22 -0400] "GET /assets/application-73d555b682bfc2118de2b80e87f52658.css HTTP/1.1" 200 46989 "https://www.gradecraft.com/dashboard" "Mozilla/5.0 (Macintosh; Intel Mac OS X 10_6_8) AppleWebKit/534.57.2 (KHTML, like Gecko) Version/5.1.7 Safari/534.57.2"
67.194.210.6 - lschlos [25/Sep/2012:11:24:22 -0400] "GET /assets/stylesheets/cyborg.min.css HTTP/1.1" 404 1198 "https://www.gradecraft.com/dashboard" "Mozilla/5.0 (Macintosh; Intel Mac OS X 10_6_8) AppleWebKit/534.57.2 (KHTML, like Gecko) Version/5.1.7 Safari/534.57.2"
67.194.210.6 - lschlos [25/Sep/2012:11:24:22 -0400] "GET /assets/application-47982acee63e77b1a3a5471daae4414a.js HTTP/1.1" 200 204146 "https://www.gradecraft.com/dashboard" "Mozilla/5.0 (Macintosh; Intel Mac OS X 10_6_8) AppleWebKit/534.57.2 (KHTML, like Gecko) Version/5.1.7 Safari/534.57.2"
67.194.210.6 - lschlos [25/Sep/2012:11:24:22 -0400] "GET /badges/pos101/above_and_beyond.png HTTP/1.1" 200 6234 "https://www.gradecraft.com/dashboard" "Mozilla/5.0 (Macintosh; Intel Mac OS X 10_6_8) AppleWebKit/534.57.2 (KHTML, like Gecko) Version/5.1.7 Safari/534.57.2"
67.194.210.6 - lschlos [25/Sep/2012:11:24:22 -0400] "GET /badges/pos101/great_critic.png HTTP/1.1" 200 5306 "https://www.gradecraft.com/dashboard" "Mozilla/5.0 (Macintosh; Intel Mac OS X 10_6_8) AppleWebKit/534.57.2 (KHTML, like Gecko) Version/5.1.7 Safari/534.57.2"
67.194.210.6 - lschlos [25/Sep/2012:11:24:22 -0400] "GET /badges/pos101/awesome_aggregator.png HTTP/1.1" 200 5658 "https://www.gradecraft.com/dashboard" "Mozilla/5.0 (Macintosh; Intel Mac OS X 10_6_8) AppleWebKit/534.57.2 (KHTML, like Gecko) Version/5.1.7 Safari/534.57.2"
67.194.210.6 - lschlos [25/Sep/2012:11:24:22 -0400] "GET /badges/pos101/presentation_of_self.png HTTP/1.1" 200 5498 "https://www.gradecraft.com/dashboard" "Mozilla/5.0 (Macintosh; Intel Mac OS X 10_6_8) AppleWebKit/534.57.2 (KHTML, like Gecko) Version/5.1.7 Safari/534.57.2"
67.194.210.6 - lschlos [25/Sep/2012:11:24:22 -0400] "GET /badges/pos101/teachers_pet.png HTTP/1.1" 200 3194 "https://www.gradecraft.com/dashboard" "Mozilla/5.0 (Macintosh; Intel Mac OS X 10_6_8) AppleWebKit/534.57.2 (KHTML, like Gecko) Version/5.1.7 Safari/534.57.2"
67.194.210.6 - lschlos [25/Sep/2012:11:24:22 -0400] "GET /badges/pos101/always_learning.png HTTP/1.1" 200 3204 "https://www.gradecraft.com/dashboard" "Mozilla/5.0 (Macintosh; Intel Mac OS X 10_6_8) AppleWebKit/534.57.2 (KHTML, like Gecko) Version/5.1.7 Safari/534.57.2"
67.194.210.6 - lschlos [25/Sep/2012:11:24:22 -0400] "GET /badges/pos101/concentrator.png HTTP/1.1" 200 3594 "https://www.gradecraft.com/dashboard" "Mozilla/5.0 (Macintosh; Intel Mac OS X 10_6_8) AppleWebKit/534.57.2 (KHTML, like Gecko) Version/5.1.7 Safari/534.57.2"
67.194.210.6 - lschlos [25/Sep/2012:11:24:22 -0400] "GET /badges/pos101/courageous_failure.png HTTP/1.1" 200 8410 "https://www.gradecraft.com/dashboard" "Mozilla/5.0 (Macintosh; Intel Mac OS X 10_6_8) AppleWebKit/534.57.2 (KHTML, like Gecko) Version/5.1.7 Safari/534.57.2"
67.194.210.6 - lschlos [25/Sep/2012:11:24:22 -0400] "GET /badges/pos101/examination_expert.png HTTP/1.1" 200 4042 "https://www.gradecraft.com/dashboard" "Mozilla/5.0 (Macintosh; Intel Mac OS X 10_6_8) AppleWebKit/534.57.2 (KHTML, like Gecko) Version/5.1.7 Safari/534.57.2"
67.194.210.6 - lschlos [25/Sep/2012:11:24:22 -0400] "GET /badges/pos101/gaining_experience.png HTTP/1.1" 200 8458 "https://www.gradecraft.com/dashboard" "Mozilla/5.0 (Macintosh; Intel Mac OS X 10_6_8) AppleWebKit/534.57.2 (KHTML, like Gecko) Version/5.1.7 Safari/534.57.2"
67.194.210.6 - lschlos [25/Sep/2012:11:24:22 -0400] "GET /badges/pos101/early_bird_special.png HTTP/1.1" 200 4602 "https://www.gradecraft.com/dashboard" "Mozilla/5.0 (Macintosh; Intel Mac OS X 10_6_8) AppleWebKit/534.57.2 (KHTML, like Gecko) Version/5.1.7 Safari/534.57.2"
67.194.210.6 - lschlos [25/Sep/2012:11:24:22 -0400] "GET /badges/pos101/gamer.png HTTP/1.1" 200 4378 "https://www.gradecraft.com/dashboard" "Mozilla/5.0 (Macintosh; Intel Mac OS X 10_6_8) AppleWebKit/534.57.2 (KHTML, like Gecko) Version/5.1.7 Safari/534.57.2"
67.194.210.6 - lschlos [25/Sep/2012:11:24:22 -0400] "GET /badges/pos101/level_one.png HTTP/1.1" 200 4458 "https://www.gradecraft.com/dashboard" "Mozilla/5.0 (Macintosh; Intel Mac OS X 10_6_8) AppleWebKit/534.57.2 (KHTML, like Gecko) Version/5.1.7 Safari/534.57.2"
67.194.210.6 - lschlos [25/Sep/2012:11:24:22 -0400] "GET /uploads/badge/icon/23/learning_from_mistakes.png HTTP/1.1" 404 1044 "https://www.gradecraft.com/dashboard" "Mozilla/5.0 (Macintosh; Intel Mac OS X 10_6_8) AppleWebKit/534.57.2 (KHTML, like Gecko) Version/5.1.7 Safari/534.57.2"
67.194.210.6 - lschlos [25/Sep/2012:11:24:23 -0400] "GET /badges/pos101/participatory_democrat.png HTTP/1.1" 200 5354 "https://www.gradecraft.com/dashboard" "Mozilla/5.0 (Macintosh; Intel Mac OS X 10_6_8) AppleWebKit/534.57.2 (KHTML, like Gecko) Version/5.1.7 Safari/534.57.2"
67.194.210.6 - lschlos [25/Sep/2012:11:24:23 -0400] "GET /badges/pos101/personal.png HTTP/1.1" 200 4474 "https://www.gradecraft.com/dashboard" "Mozilla/5.0 (Macintosh; Intel Mac OS X 10_6_8) AppleWebKit/534.57.2 (KHTML, like Gecko) Version/5.1.7 Safari/534.57.2"
67.194.210.6 - lschlos [25/Sep/2012:11:24:23 -0400] "GET /badges/pos101/practice_makes_perfect.png HTTP/1.1" 200 6010 "https://www.gradecraft.com/dashboard" "Mozilla/5.0 (Macintosh; Intel Mac OS X 10_6_8) AppleWebKit/534.57.2 (KHTML, like Gecko) Version/5.1.7 Safari/534.57.2"
67.194.210.6 - lschlos [25/Sep/2012:11:24:23 -0400] "GET /badges/pos101/public_speaker.png HTTP/1.1" 200 5482 "https://www.gradecraft.com/dashboard" "Mozilla/5.0 (Macintosh; Intel Mac OS X 10_6_8) AppleWebKit/534.57.2 (KHTML, like Gecko) Version/5.1.7 Safari/534.57.2"
67.194.210.6 - lschlos [25/Sep/2012:11:24:23 -0400] "GET /badges/pos101/times_immemorial.png HTTP/1.1" 200 5722 "https://www.gradecraft.com/dashboard" "Mozilla/5.0 (Macintosh; Intel Mac OS X 10_6_8) AppleWebKit/534.57.2 (KHTML, like Gecko) Version/5.1.7 Safari/534.57.2"
67.194.210.6 - lschlos [25/Sep/2012:11:24:23 -0400] "GET /badges/pos101/scribe.png HTTP/1.1" 200 3002 "https://www.gradecraft.com/dashboard" "Mozilla/5.0 (Macintosh; Intel Mac OS X 10_6_8) AppleWebKit/534.57.2 (KHTML, like Gecko) Version/5.1.7 Safari/534.57.2"
67.194.210.6 - lschlos [25/Sep/2012:11:24:22 -0400] "GET /users/predictor.json?in_progress=true&user_id=175 HTTP/1.1" 200 1748 "https://www.gradecraft.com/dashboard" "Mozilla/5.0 (Macintosh; Intel Mac OS X 10_6_8) AppleWebKit/534.57.2 (KHTML, like Gecko) Version/5.1.7 Safari/534.57.2"
67.194.210.6 - lschlos [25/Sep/2012:11:24:22 -0400] "GET /users/predictor.json?user_id=175 HTTP/1.1" 200 1748 "https://www.gradecraft.com/dashboard" "Mozilla/5.0 (Macintosh; Intel Mac OS X 10_6_8) AppleWebKit/534.57.2 (KHTML, like Gecko) Version/5.1.7 Safari/534.57.2"
67.194.41.197 - - [25/Sep/2012:11:26:25 -0400] "GET / HTTP/1.1" 302 3259 "-" "Mozilla/5.0 (Macintosh; Intel Mac OS X 10_8_1) AppleWebKit/536.25 (KHTML, like Gecko) Version/6.0 Safari/536.25"
141.213.154.112 - - [25/Sep/2012:11:27:02 -0400] "GET / HTTP/1.1" 302 3254 "-" "Mozilla/5.0 (Macintosh; Intel Mac OS X 10_7_4) AppleWebKit/536.25 (KHTML, like Gecko) Version/6.0 Safari/536.25"
67.194.67.88 - bsees [25/Sep/2012:11:29:48 -0400] "GET / HTTP/1.1" 304 3950 "-" "Mozilla/5.0 (Macintosh; Intel Mac OS X 10_8_0) AppleWebKit/537.1 (KHTML, like Gecko) Chrome/21.0.1180.89 Safari/537.1"
67.194.67.88 - bsees [25/Sep/2012:11:29:50 -0400] "GET /assets/stylesheets/cyborg.min.css HTTP/1.1" 404 1044 "https://www.gradecraft.com/" "Mozilla/5.0 (Macintosh; Intel Mac OS X 10_8_0) AppleWebKit/537.1 (KHTML, like Gecko) Chrome/21.0.1180.89 Safari/537.1"
67.194.67.88 - bsees [25/Sep/2012:11:29:50 -0400] "GET /uploads/badge/icon/23/learning_from_mistakes.png HTTP/1.1" 404 4093 "https://www.gradecraft.com/" "Mozilla/5.0 (Macintosh; Intel Mac OS X 10_8_0) AppleWebKit/537.1 (KHTML, like Gecko) Chrome/21.0.1180.89 Safari/537.1"
67.194.67.88 - bsees [25/Sep/2012:11:29:50 -0400] "GET /users/predictor.json?user_id=176 HTTP/1.1" 304 3902 "https://www.gradecraft.com/" "Mozilla/5.0 (Macintosh; Intel Mac OS X 10_8_0) AppleWebKit/537.1 (KHTML, like Gecko) Chrome/21.0.1180.89 Safari/537.1"
67.194.67.88 - bsees [25/Sep/2012:11:29:50 -0400] "GET /users/predictor.json?in_progress=true&user_id=176 HTTP/1.1" 304 869 "https://www.gradecraft.com/" "Mozilla/5.0 (Macintosh; Intel Mac OS X 10_8_0) AppleWebKit/537.1 (KHTML, like Gecko) Chrome/21.0.1180.89 Safari/537.1"
67.194.212.112 - - [25/Sep/2012:11:35:42 -0400] "GET / HTTP/1.1" 302 3259 "-" "Mozilla/5.0 (Macintosh; Intel Mac OS X 10_8) AppleWebKit/536.25 (KHTML, like Gecko) Version/6.0 Safari/536.25"
67.194.248.54 - - [25/Sep/2012:11:42:05 -0400] "GET /dashboard HTTP/1.1" 302 3254 "-" "Mozilla/5.0 (Macintosh; U; Intel Mac OS X 10_6_8; en-us) AppleWebKit/533.21.1 (KHTML, like Gecko) Version/5.0.5 Safari/533.21.1"
141.213.154.112 - - [25/Sep/2012:11:47:55 -0400] "GET / HTTP/1.1" 302 3254 "-" "Mozilla/5.0 (Macintosh; Intel Mac OS X 10_6_8) AppleWebKit/534.57.2 (KHTML, like Gecko) Version/5.1.7 Safari/534.57.2"
67.194.8.38 - - [25/Sep/2012:11:52:16 -0400] "GET / HTTP/1.1" 302 3254 "-" "Mozilla/5.0 (Macintosh; Intel Mac OS X 10_7_4) AppleWebKit/536.25 (KHTML, like Gecko) Version/6.0 Safari/536.25"
67.194.124.48 - - [25/Sep/2012:11:52:59 -0400] "GET /assignments/30/grades/self_log?gradeable_id=339&gradeable_type=User HTTP/1.1" 302 3355 "-" "Mozilla/5.0 (iPhone; CPU iPhone OS 6_0 like Mac OS X) AppleWebKit/536.26 (KHTML, like Gecko) Version/6.0 Mobile/10A405 Safari/8536.25"
67.194.214.29 - - [25/Sep/2012:11:53:04 -0400] "GET / HTTP/1.1" 302 3254 "https://sites.google.com/a/umich.edu/polsci101f2012/grading-summary" "Mozilla/5.0 (Macintosh; Intel Mac OS X 10_7_2) AppleWebKit/534.51.22 (KHTML, like Gecko) Version/5.1.1 Safari/534.51.22"
67.194.214.29 - - [25/Sep/2012:11:53:05 -0400] "GET /cosign/valid?cosign-www.gradecraft.com=vncknVsbqgf0DypZXTCkzvi1qMZH3KeklmlgBzCR-d6VKm-52PcRetzcc4tFLf3o5XUIMP1OXJIgMAr2lI+AdSvGp3saeOv7N6SAUDUcZgDQYk6DIwJfVJqGLI-9&https://www.gradecraft.com/ HTTP/1.1" 301 868 "https://sites.google.com/a/umich.edu/polsci101f2012/grading-summary" "Mozilla/5.0 (Macintosh; Intel Mac OS X 10_7_2) AppleWebKit/534.51.22 (KHTML, like Gecko) Version/5.1.1 Safari/534.51.22"
67.194.214.29 - jabutler [25/Sep/2012:11:53:05 -0400] "GET / HTTP/1.1" 302 1348 "https://sites.google.com/a/umich.edu/polsci101f2012/grading-summary" "Mozilla/5.0 (Macintosh; Intel Mac OS X 10_7_2) AppleWebKit/534.51.22 (KHTML, like Gecko) Version/5.1.1 Safari/534.51.22"
67.194.214.29 - jabutler [25/Sep/2012:11:53:05 -0400] "GET /dashboard HTTP/1.1" 200 5268 "https://sites.google.com/a/umich.edu/polsci101f2012/grading-summary" "Mozilla/5.0 (Macintosh; Intel Mac OS X 10_7_2) AppleWebKit/534.51.22 (KHTML, like Gecko) Version/5.1.1 Safari/534.51.22"
67.194.214.29 - jabutler [25/Sep/2012:11:53:06 -0400] "GET /assets/stylesheets/cyborg.min.css HTTP/1.1" 404 1198 "https://www.gradecraft.com/dashboard" "Mozilla/5.0 (Macintosh; Intel Mac OS X 10_7_2) AppleWebKit/534.51.22 (KHTML, like Gecko) Version/5.1.1 Safari/534.51.22"
67.194.214.29 - jabutler [25/Sep/2012:11:53:06 -0400] "GET /assets/application-73d555b682bfc2118de2b80e87f52658.css HTTP/1.1" 200 46989 "https://www.gradecraft.com/dashboard" "Mozilla/5.0 (Macintosh; Intel Mac OS X 10_7_2) AppleWebKit/534.51.22 (KHTML, like Gecko) Version/5.1.1 Safari/534.51.22"
67.194.214.29 - jabutler [25/Sep/2012:11:53:06 -0400] "GET /assets/application-47982acee63e77b1a3a5471daae4414a.js HTTP/1.1" 200 204146 "https://www.gradecraft.com/dashboard" "Mozilla/5.0 (Macintosh; Intel Mac OS X 10_7_2) AppleWebKit/534.51.22 (KHTML, like Gecko) Version/5.1.1 Safari/534.51.22"
67.194.214.29 - jabutler [25/Sep/2012:11:53:06 -0400] "GET /badges/pos101/always_learning.png HTTP/1.1" 200 3066 "https://www.gradecraft.com/dashboard" "Mozilla/5.0 (Macintosh; Intel Mac OS X 10_7_2) AppleWebKit/534.51.22 (KHTML, like Gecko) Version/5.1.1 Safari/534.51.22"
67.194.214.29 - jabutler [25/Sep/2012:11:53:06 -0400] "GET /badges/pos101/presentation_of_self.png HTTP/1.1" 200 5498 "https://www.gradecraft.com/dashboard" "Mozilla/5.0 (Macintosh; Intel Mac OS X 10_7_2) AppleWebKit/534.51.22 (KHTML, like Gecko) Version/5.1.1 Safari/534.51.22"
67.194.214.29 - jabutler [25/Sep/2012:11:53:06 -0400] "GET /badges/pos101/great_critic.png HTTP/1.1" 200 5444 "https://www.gradecraft.com/dashboard" "Mozilla/5.0 (Macintosh; Intel Mac OS X 10_7_2) AppleWebKit/534.51.22 (KHTML, like Gecko) Version/5.1.1 Safari/534.51.22"
67.194.214.29 - jabutler [25/Sep/2012:11:53:06 -0400] "GET /badges/pos101/teachers_pet.png HTTP/1.1" 200 3194 "https://www.gradecraft.com/dashboard" "Mozilla/5.0 (Macintosh; Intel Mac OS X 10_7_2) AppleWebKit/534.51.22 (KHTML, like Gecko) Version/5.1.1 Safari/534.51.22"
67.194.214.29 - jabutler [25/Sep/2012:11:53:06 -0400] "GET /badges/pos101/concentrator.png HTTP/1.1" 200 3594 "https://www.gradecraft.com/dashboard" "Mozilla/5.0 (Macintosh; Intel Mac OS X 10_7_2) AppleWebKit/534.51.22 (KHTML, like Gecko) Version/5.1.1 Safari/534.51.22"
67.194.214.29 - jabutler [25/Sep/2012:11:53:06 -0400] "GET /badges/pos101/above_and_beyond.png HTTP/1.1" 200 6372 "https://www.gradecraft.com/dashboard" "Mozilla/5.0 (Macintosh; Intel Mac OS X 10_7_2) AppleWebKit/534.51.22 (KHTML, like Gecko) Version/5.1.1 Safari/534.51.22"
67.194.214.29 - jabutler [25/Sep/2012:11:53:06 -0400] "GET /badges/pos101/awesome_aggregator.png HTTP/1.1" 200 5796 "https://www.gradecraft.com/dashboard" "Mozilla/5.0 (Macintosh; Intel Mac OS X 10_7_2) AppleWebKit/534.51.22 (KHTML, like Gecko) Version/5.1.1 Safari/534.51.22"
67.194.214.29 - jabutler [25/Sep/2012:11:53:06 -0400] "GET /badges/pos101/courageous_failure.png HTTP/1.1" 200 8410 "https://www.gradecraft.com/dashboard" "Mozilla/5.0 (Macintosh; Intel Mac OS X 10_7_2) AppleWebKit/534.51.22 (KHTML, like Gecko) Version/5.1.1 Safari/534.51.22"
67.194.214.29 - jabutler [25/Sep/2012:11:53:06 -0400] "GET /badges/pos101/early_bird_special.png HTTP/1.1" 200 4602 "https://www.gradecraft.com/dashboard" "Mozilla/5.0 (Macintosh; Intel Mac OS X 10_7_2) AppleWebKit/534.51.22 (KHTML, like Gecko) Version/5.1.1 Safari/534.51.22"
67.194.214.29 - jabutler [25/Sep/2012:11:53:06 -0400] "GET /badges/pos101/examination_expert.png HTTP/1.1" 200 4042 "https://www.gradecraft.com/dashboard" "Mozilla/5.0 (Macintosh; Intel Mac OS X 10_7_2) AppleWebKit/534.51.22 (KHTML, like Gecko) Version/5.1.1 Safari/534.51.22"
67.194.214.29 - jabutler [25/Sep/2012:11:53:06 -0400] "GET /badges/pos101/gaining_experience.png HTTP/1.1" 200 8458 "https://www.gradecraft.com/dashboard" "Mozilla/5.0 (Macintosh; Intel Mac OS X 10_7_2) AppleWebKit/534.51.22 (KHTML, like Gecko) Version/5.1.1 Safari/534.51.22"
67.194.214.29 - jabutler [25/Sep/2012:11:53:06 -0400] "GET /badges/pos101/gamer.png HTTP/1.1" 200 4378 "https://www.gradecraft.com/dashboard" "Mozilla/5.0 (Macintosh; Intel Mac OS X 10_7_2) AppleWebKit/534.51.22 (KHTML, like Gecko) Version/5.1.1 Safari/534.51.22"
67.194.214.29 - jabutler [25/Sep/2012:11:53:06 -0400] "GET /badges/pos101/level_one.png HTTP/1.1" 200 4458 "https://www.gradecraft.com/dashboard" "Mozilla/5.0 (Macintosh; Intel Mac OS X 10_7_2) AppleWebKit/534.51.22 (KHTML, like Gecko) Version/5.1.1 Safari/534.51.22"
67.194.214.29 - jabutler [25/Sep/2012:11:53:06 -0400] "GET /badges/pos101/personal.png HTTP/1.1" 200 4474 "https://www.gradecraft.com/dashboard" "Mozilla/5.0 (Macintosh; Intel Mac OS X 10_7_2) AppleWebKit/534.51.22 (KHTML, like Gecko) Version/5.1.1 Safari/534.51.22"
67.194.214.29 - jabutler [25/Sep/2012:11:53:06 -0400] "GET /badges/pos101/participatory_democrat.png HTTP/1.1" 200 5354 "https://www.gradecraft.com/dashboard" "Mozilla/5.0 (Macintosh; Intel Mac OS X 10_7_2) AppleWebKit/534.51.22 (KHTML, like Gecko) Version/5.1.1 Safari/534.51.22"
67.194.214.29 - jabutler [25/Sep/2012:11:53:06 -0400] "GET /badges/pos101/practice_makes_perfect.png HTTP/1.1" 200 6010 "https://www.gradecraft.com/dashboard" "Mozilla/5.0 (Macintosh; Intel Mac OS X 10_7_2) AppleWebKit/534.51.22 (KHTML, like Gecko) Version/5.1.1 Safari/534.51.22"
67.194.214.29 - jabutler [25/Sep/2012:11:53:06 -0400] "GET /badges/pos101/public_speaker.png HTTP/1.1" 200 5482 "https://www.gradecraft.com/dashboard" "Mozilla/5.0 (Macintosh; Intel Mac OS X 10_7_2) AppleWebKit/534.51.22 (KHTML, like Gecko) Version/5.1.1 Safari/534.51.22"
67.194.214.29 - jabutler [25/Sep/2012:11:53:06 -0400] "GET /badges/pos101/scribe.png HTTP/1.1" 200 3002 "https://www.gradecraft.com/dashboard" "Mozilla/5.0 (Macintosh; Intel Mac OS X 10_7_2) AppleWebKit/534.51.22 (KHTML, like Gecko) Version/5.1.1 Safari/534.51.22"
67.194.214.29 - jabutler [25/Sep/2012:11:53:06 -0400] "GET /badges/pos101/times_immemorial.png HTTP/1.1" 200 5722 "https://www.gradecraft.com/dashboard" "Mozilla/5.0 (Macintosh; Intel Mac OS X 10_7_2) AppleWebKit/534.51.22 (KHTML, like Gecko) Version/5.1.1 Safari/534.51.22"
67.194.214.29 - jabutler [25/Sep/2012:11:53:06 -0400] "GET /users/predictor.json?in_progress=true&user_id=164 HTTP/1.1" 200 1610 "https://www.gradecraft.com/dashboard" "Mozilla/5.0 (Macintosh; Intel Mac OS X 10_7_2) AppleWebKit/534.51.22 (KHTML, like Gecko) Version/5.1.1 Safari/534.51.22"
67.194.214.29 - jabutler [25/Sep/2012:11:53:06 -0400] "GET /users/predictor.json?user_id=164 HTTP/1.1" 200 1610 "https://www.gradecraft.com/dashboard" "Mozilla/5.0 (Macintosh; Intel Mac OS X 10_7_2) AppleWebKit/534.51.22 (KHTML, like Gecko) Version/5.1.1 Safari/534.51.22"
67.194.214.29 - jabutler [25/Sep/2012:11:53:06 -0400] "GET /uploads/badge/icon/23/learning_from_mistakes.png HTTP/1.1" 404 1044 "https://www.gradecraft.com/dashboard" "Mozilla/5.0 (Macintosh; Intel Mac OS X 10_7_2) AppleWebKit/534.51.22 (KHTML, like Gecko) Version/5.1.1 Safari/534.51.22"
67.194.78.119 - - [25/Sep/2012:11:53:12 -0400] "GET /dashboard HTTP/1.1" 302 3259 "-" "Mozilla/5.0 (Macintosh; Intel Mac OS X 10_8_2) AppleWebKit/536.26.14 (KHTML, like Gecko) Version/6.0.1 Safari/536.26.14"
67.194.78.119 - - [25/Sep/2012:11:53:12 -0400] "GET /cosign/valid?cosign-www.gradecraft.com=fnCvbLrAwk77Xv12GXEpgIUAP0Rdy8BFFQ+cnGHxu59JeZWGRTgjmbUdaN1SG2PGAXGLfXaZE+uaWgp64GlOf5DYWOG0ML0G9AsLyvEskO4U83B2kqxnKGyLt6CT&https://www.gradecraft.com/dashboard HTTP/1.1" 301 900 "-" "Mozilla/5.0 (Macintosh; Intel Mac OS X 10_8_2) AppleWebKit/536.26.14 (KHTML, like Gecko) Version/6.0.1 Safari/536.26.14"
67.194.78.119 - jclarkjr [25/Sep/2012:11:53:12 -0400] "GET /dashboard HTTP/1.1" 200 5284 "-" "Mozilla/5.0 (Macintosh; Intel Mac OS X 10_8_2) AppleWebKit/536.26.14 (KHTML, like Gecko) Version/6.0.1 Safari/536.26.14"
67.194.78.119 - jclarkjr [25/Sep/2012:11:53:13 -0400] "GET /assets/application-73d555b682bfc2118de2b80e87f52658.css HTTP/1.1" 304 245 "https://www.gradecraft.com/dashboard" "Mozilla/5.0 (Macintosh; Intel Mac OS X 10_8_2) AppleWebKit/536.26.14 (KHTML, like Gecko) Version/6.0.1 Safari/536.26.14"
67.194.78.119 - jclarkjr [25/Sep/2012:11:53:13 -0400] "GET /assets/application-47982acee63e77b1a3a5471daae4414a.js HTTP/1.1" 304 245 "https://www.gradecraft.com/dashboard" "Mozilla/5.0 (Macintosh; Intel Mac OS X 10_8_2) AppleWebKit/536.26.14 (KHTML, like Gecko) Version/6.0.1 Safari/536.26.14"
67.194.78.119 - jclarkjr [25/Sep/2012:11:53:13 -0400] "GET /users/predictor.json?in_progress=true&user_id=84 HTTP/1.1" 304 885 "https://www.gradecraft.com/dashboard" "Mozilla/5.0 (Macintosh; Intel Mac OS X 10_8_2) AppleWebKit/536.26.14 (KHTML, like Gecko) Version/6.0.1 Safari/536.26.14"
