141.213.154.112 - wilkimic [25/Oct/2012:12:37:55 -0400] "GET /badges/pos101/gaining_experience.png HTTP/1.1" 304 229 "https://www.gradecraft.com/" "Mozilla/5.0 (Macintosh; Intel Mac OS X 10_7_5) AppleWebKit/537.4 (KHTML, like Gecko) Chrome/22.0.1229.94 Safari/537.4"
141.213.154.112 - wilkimic [25/Oct/2012:12:37:55 -0400] "GET /badges/pos101/courageous_failure.png HTTP/1.1" 304 229 "https://www.gradecraft.com/" "Mozilla/5.0 (Macintosh; Intel Mac OS X 10_7_5) AppleWebKit/537.4 (KHTML, like Gecko) Chrome/22.0.1229.94 Safari/537.4"
141.213.154.112 - wilkimic [25/Oct/2012:12:37:55 -0400] "GET /badges/pos101/learning_from_mistakes.png HTTP/1.1" 304 229 "https://www.gradecraft.com/" "Mozilla/5.0 (Macintosh; Intel Mac OS X 10_7_5) AppleWebKit/537.4 (KHTML, like Gecko) Chrome/22.0.1229.94 Safari/537.4"
141.213.154.112 - wilkimic [25/Oct/2012:12:37:55 -0400] "GET /badges/pos101/concentrator.png HTTP/1.1" 304 229 "https://www.gradecraft.com/" "Mozilla/5.0 (Macintosh; Intel Mac OS X 10_7_5) AppleWebKit/537.4 (KHTML, like Gecko) Chrome/22.0.1229.94 Safari/537.4"
141.213.154.112 - wilkimic [25/Oct/2012:12:37:55 -0400] "GET /badges/pos101/level_one.png HTTP/1.1" 304 229 "https://www.gradecraft.com/" "Mozilla/5.0 (Macintosh; Intel Mac OS X 10_7_5) AppleWebKit/537.4 (KHTML, like Gecko) Chrome/22.0.1229.94 Safari/537.4"
141.213.154.112 - wilkimic [25/Oct/2012:12:37:55 -0400] "GET /badges/pos101/presentation_of_self.png HTTP/1.1" 304 229 "https://www.gradecraft.com/" "Mozilla/5.0 (Macintosh; Intel Mac OS X 10_7_5) AppleWebKit/537.4 (KHTML, like Gecko) Chrome/22.0.1229.94 Safari/537.4"
141.213.154.112 - wilkimic [25/Oct/2012:12:37:55 -0400] "GET /badges/pos101/practice_makes_perfect.png HTTP/1.1" 304 229 "https://www.gradecraft.com/" "Mozilla/5.0 (Macintosh; Intel Mac OS X 10_7_5) AppleWebKit/537.4 (KHTML, like Gecko) Chrome/22.0.1229.94 Safari/537.4"
141.213.154.112 - wilkimic [25/Oct/2012:12:37:55 -0400] "GET /badges/pos101/gamer.png HTTP/1.1" 304 229 "https://www.gradecraft.com/" "Mozilla/5.0 (Macintosh; Intel Mac OS X 10_7_5) AppleWebKit/537.4 (KHTML, like Gecko) Chrome/22.0.1229.94 Safari/537.4"
141.213.154.112 - wilkimic [25/Oct/2012:12:37:55 -0400] "GET /badges/pos101/scribe.png HTTP/1.1" 304 229 "https://www.gradecraft.com/" "Mozilla/5.0 (Macintosh; Intel Mac OS X 10_7_5) AppleWebKit/537.4 (KHTML, like Gecko) Chrome/22.0.1229.94 Safari/537.4"
141.213.154.112 - wilkimic [25/Oct/2012:12:37:55 -0400] "GET /users/predictor.json?user_id=96 HTTP/1.1" 304 869 "https://www.gradecraft.com/" "Mozilla/5.0 (Macintosh; Intel Mac OS X 10_7_5) AppleWebKit/537.4 (KHTML, like Gecko) Chrome/22.0.1229.94 Safari/537.4"
141.213.154.112 - wilkimic [25/Oct/2012:12:37:55 -0400] "GET /users/predictor.json?in_progress=true&user_id=96 HTTP/1.1" 304 869 "https://www.gradecraft.com/" "Mozilla/5.0 (Macintosh; Intel Mac OS X 10_7_5) AppleWebKit/537.4 (KHTML, like Gecko) Chrome/22.0.1229.94 Safari/537.4"
141.213.154.112 - wilkimic [25/Oct/2012:12:38:35 -0400] "GET / HTTP/1.1" 304 1062 "-" "Mozilla/5.0 (Macintosh; Intel Mac OS X 10_7_5) AppleWebKit/537.4 (KHTML, like Gecko) Chrome/22.0.1229.94 Safari/537.4"
141.213.154.112 - wilkimic [25/Oct/2012:12:38:38 -0400] "GET /users/predictor.json?in_progress=true&user_id=96 HTTP/1.1" 304 869 "https://www.gradecraft.com/" "Mozilla/5.0 (Macintosh; Intel Mac OS X 10_7_5) AppleWebKit/537.4 (KHTML, like Gecko) Chrome/22.0.1229.94 Safari/537.4"
141.213.154.112 - wilkimic [25/Oct/2012:12:38:38 -0400] "GET /users/predictor.json?user_id=96 HTTP/1.1" 304 1014 "https://www.gradecraft.com/" "Mozilla/5.0 (Macintosh; Intel Mac OS X 10_7_5) AppleWebKit/537.4 (KHTML, like Gecko) Chrome/22.0.1229.94 Safari/537.4"
67.194.79.104 - petersob [25/Oct/2012:12:40:16 -0400] "POST /assignments/75/grades/mass_update HTTP/1.1" 302 4493 "https://www.gradecraft.com/assignments/75/grades/mass_edit?utf8=%E2%9C%93&assignment_id=75&team_id=9&commit=Filter" "Mozilla/5.0 (Windows NT 6.1; rv:16.0) Gecko/20100101 Firefox/16.0"
67.194.79.104 - petersob [25/Oct/2012:12:40:19 -0400] "GET /assignments/75 HTTP/1.1" 500 1028 "https://www.gradecraft.com/assignments/75/grades/mass_edit?utf8=%E2%9C%93&assignment_id=75&team_id=9&commit=Filter" "Mozilla/5.0 (Windows NT 6.1; rv:16.0) Gecko/20100101 Firefox/16.0"
67.194.27.159 - - [25/Oct/2012:12:40:22 -0400] "GET / HTTP/1.1" 302 3254 "-" "Mozilla/5.0 (Macintosh; Intel Mac OS X 10_7_4) AppleWebKit/536.25 (KHTML, like Gecko) Version/6.0 Safari/536.25"
67.194.79.104 - petersob [25/Oct/2012:12:40:24 -0400] "POST /assignments/75/grades/mass_update HTTP/1.1" 302 4704 "https://www.gradecraft.com/assignments/75/grades/mass_edit?utf8=%E2%9C%93&assignment_id=75&team_id=9&commit=Filter" "Mozilla/5.0 (Windows NT 6.1; rv:16.0) Gecko/20100101 Firefox/16.0"
67.194.79.104 - petersob [25/Oct/2012:12:40:24 -0400] "GET /assignments/75/grades/mass_edit HTTP/1.1" 200 14313 "https://www.gradecraft.com/assignments/75/grades/mass_edit?utf8=%E2%9C%93&assignment_id=75&team_id=9&commit=Filter" "Mozilla/5.0 (Windows NT 6.1; rv:16.0) Gecko/20100101 Firefox/16.0"
67.194.79.104 - petersob [25/Oct/2012:12:41:34 -0400] "GET /assignments/75/grades/mass_edit?utf8=%E2%9C%93&assignment_id=75&team_id=13&commit=Filter HTTP/1.1" 200 3877 "https://www.gradecraft.com/assignments/75/grades/mass_edit" "Mozilla/5.0 (Windows NT 6.1; rv:16.0) Gecko/20100101 Firefox/16.0"
67.194.21.126 - dallwill [25/Oct/2012:12:43:53 -0400] "GET /assignments/103/assignment_submissions/new?submittable_id=12&submittable_type=Team HTTP/1.1" 200 5821 "https://www.gradecraft.com/dashboard" "Mozilla/5.0 (Macintosh; Intel Mac OS X 10_8_0) AppleWebKit/537.4 (KHTML, like Gecko) Chrome/22.0.1229.94 Safari/537.4"
67.194.21.126 - dallwill [25/Oct/2012:12:43:54 -0400] "GET /assignments/103/assignment_submissions/lib/css/wysiwyg-color.css HTTP/1.1" 404 1044 "-" "Mozilla/5.0 (Macintosh; Intel Mac OS X 10_8_0) AppleWebKit/537.4 (KHTML, like Gecko) Chrome/22.0.1229.94 Safari/537.4"
67.194.21.126 - dallwill [25/Oct/2012:12:43:54 -0400] "GET /assets/fontawesome-webfont.eot? HTTP/1.1" 200 39140 "https://www.gradecraft.com/assignments/103/assignment_submissions/new?submittable_id=12&submittable_type=Team" "Mozilla/5.0 (Macintosh; Intel Mac OS X 10_8_0) AppleWebKit/537.4 (KHTML, like Gecko) Chrome/22.0.1229.94 Safari/537.4"
67.194.21.126 - dallwill [25/Oct/2012:12:43:54 -0400] "GET /assets/fontawesome-webfont.woff HTTP/1.1" 200 42180 "https://www.gradecraft.com/assignments/103/assignment_submissions/new?submittable_id=12&submittable_type=Team" "Mozilla/5.0 (Macintosh; Intel Mac OS X 10_8_0) AppleWebKit/537.4 (KHTML, like Gecko) Chrome/22.0.1229.94 Safari/537.4"
67.194.21.126 - dallwill [25/Oct/2012:12:44:37 -0400] "POST /assignments/103/assignment_submissions HTTP/1.1" 302 4880 "https://www.gradecraft.com/assignments/103/assignment_submissions/new?submittable_id=12&submittable_type=Team" "Mozilla/5.0 (Macintosh; Intel Mac OS X 10_8_0) AppleWebKit/537.4 (KHTML, like Gecko) Chrome/22.0.1229.94 Safari/537.4"
67.194.21.126 - dallwill [25/Oct/2012:12:44:37 -0400] "GET /dashboard HTTP/1.1" 200 5316 "https://www.gradecraft.com/assignments/103/assignment_submissions/new?submittable_id=12&submittable_type=Team" "Mozilla/5.0 (Macintosh; Intel Mac OS X 10_8_0) AppleWebKit/537.4 (KHTML, like Gecko) Chrome/22.0.1229.94 Safari/537.4"
67.194.21.126 - dallwill [25/Oct/2012:12:44:39 -0400] "GET /users/predictor.json?user_id=279 HTTP/1.1" 304 1030 "https://www.gradecraft.com/dashboard" "Mozilla/5.0 (Macintosh; Intel Mac OS X 10_8_0) AppleWebKit/537.4 (KHTML, like Gecko) Chrome/22.0.1229.94 Safari/537.4"
67.194.21.126 - dallwill [25/Oct/2012:12:44:39 -0400] "GET /users/predictor.json?in_progress=true&user_id=279 HTTP/1.1" 304 885 "https://www.gradecraft.com/dashboard" "Mozilla/5.0 (Macintosh; Intel Mac OS X 10_8_0) AppleWebKit/537.4 (KHTML, like Gecko) Chrome/22.0.1229.94 Safari/537.4"
67.194.22.158 - ayakter [25/Oct/2012:12:44:54 -0400] "GET /assignments HTTP/1.1" 200 8381 "https://www.gradecraft.com/dashboard" "Mozilla/5.0 (Windows NT 6.1; WOW64; rv:16.0) Gecko/20100101 Firefox/16.0"
67.194.22.158 - ayakter [25/Oct/2012:12:45:54 -0400] "GET /assignments/118 HTTP/1.1" 200 15381 "https://www.gradecraft.com/assignments" "Mozilla/5.0 (Windows NT 6.1; WOW64; rv:16.0) Gecko/20100101 Firefox/16.0"
67.194.22.158 - ayakter [25/Oct/2012:12:45:59 -0400] "GET /assignments/118?utf8=%E2%9C%93&assignment_id=118&team_id=1&commit=Filter HTTP/1.1" 200 3684 "https://www.gradecraft.com/assignments/118" "Mozilla/5.0 (Windows NT 6.1; WOW64; rv:16.0) Gecko/20100101 Firefox/16.0"
67.194.79.104 - petersob [25/Oct/2012:12:46:34 -0400] "POST /assignments/75/grades/mass_update HTTP/1.1" 302 4493 "https://www.gradecraft.com/assignments/75/grades/mass_edit?utf8=%E2%9C%93&assignment_id=75&team_id=13&commit=Filter" "Mozilla/5.0 (Windows NT 6.1; rv:16.0) Gecko/20100101 Firefox/16.0"
67.194.79.104 - petersob [25/Oct/2012:12:46:37 -0400] "GET /assignments/75 HTTP/1.1" 500 1028 "https://www.gradecraft.com/assignments/75/grades/mass_edit?utf8=%E2%9C%93&assignment_id=75&team_id=13&commit=Filter" "Mozilla/5.0 (Windows NT 6.1; rv:16.0) Gecko/20100101 Firefox/16.0"
67.194.22.158 - ayakter [25/Oct/2012:12:46:38 -0400] "GET /assignments/118/grades/new?gradeable_id=350&gradeable_type=User HTTP/1.1" 200 7765 "https://www.gradecraft.com/assignments/118?utf8=%E2%9C%93&assignment_id=118&team_id=1&commit=Filter" "Mozilla/5.0 (Windows NT 6.1; WOW64; rv:16.0) Gecko/20100101 Firefox/16.0"
67.194.22.158 - ayakter [25/Oct/2012:12:46:39 -0400] "GET /assignments/118/grades/lib/css/wysiwyg-color.css HTTP/1.1" 404 1044 "https://www.gradecraft.com/assignments/118/grades/new?gradeable_id=350&gradeable_type=User" "Mozilla/5.0 (Windows NT 6.1; WOW64; rv:16.0) Gecko/20100101 Firefox/16.0"
67.194.22.158 - ayakter [25/Oct/2012:12:46:39 -0400] "GET /assets/fontawesome-webfont.eot? HTTP/1.1" 200 39140 "https://www.gradecraft.com/assets/application-75efbcdd2e483708b1922621823d8e20.css" "Mozilla/5.0 (Windows NT 6.1; WOW64; rv:16.0) Gecko/20100101 Firefox/16.0"
67.194.22.158 - ayakter [25/Oct/2012:12:46:40 -0400] "GET /assets/fontawesome-webfont.woff HTTP/1.1" 200 42180 "https://www.gradecraft.com/assets/application-75efbcdd2e483708b1922621823d8e20.css" "Mozilla/5.0 (Windows NT 6.1; WOW64; rv:16.0) Gecko/20100101 Firefox/16.0"
67.194.79.104 - petersob [25/Oct/2012:12:46:40 -0400] "POST /assignments/75/grades/mass_update HTTP/1.1" 302 4704 "https://www.gradecraft.com/assignments/75/grades/mass_edit?utf8=%E2%9C%93&assignment_id=75&team_id=13&commit=Filter" "Mozilla/5.0 (Windows NT 6.1; rv:16.0) Gecko/20100101 Firefox/16.0"
67.194.79.104 - petersob [25/Oct/2012:12:46:41 -0400] "GET /assignments/75/grades/mass_edit HTTP/1.1" 200 14281 "https://www.gradecraft.com/assignments/75/grades/mass_edit?utf8=%E2%9C%93&assignment_id=75&team_id=13&commit=Filter" "Mozilla/5.0 (Windows NT 6.1; rv:16.0) Gecko/20100101 Firefox/16.0"
67.194.105.172 - - [25/Oct/2012:12:46:51 -0400] "GET / HTTP/1.1" 302 3259 "-" "Mozilla/5.0 (Macintosh; Intel Mac OS X 10_8_2) AppleWebKit/536.26.14 (KHTML, like Gecko) Version/6.0.1 Safari/536.26.14"
67.194.22.158 - ayakter [25/Oct/2012:12:46:54 -0400] "POST /assignments/118/grades HTTP/1.1" 302 1668 "https://www.gradecraft.com/assignments/118/grades/new?gradeable_id=350&gradeable_type=User" "Mozilla/5.0 (Windows NT 6.1; WOW64; rv:16.0) Gecko/20100101 Firefox/16.0"
67.194.22.158 - ayakter [25/Oct/2012:12:46:54 -0400] "GET /assignments/118 HTTP/1.1" 200 12441 "https://www.gradecraft.com/assignments/118/grades/new?gradeable_id=350&gradeable_type=User" "Mozilla/5.0 (Windows NT 6.1; WOW64; rv:16.0) Gecko/20100101 Firefox/16.0"
67.194.22.158 - ayakter [25/Oct/2012:12:47:02 -0400] "GET /assignments/118?utf8=%E2%9C%93&assignment_id=118&team_id=1&commit=Filter HTTP/1.1" 200 3796 "https://www.gradecraft.com/assignments/118" "Mozilla/5.0 (Windows NT 6.1; WOW64; rv:16.0) Gecko/20100101 Firefox/16.0"
67.194.66.69 - - [25/Oct/2012:12:47:09 -0400] "GET / HTTP/1.1" 302 3259 "-" "Mozilla/5.0 (Macintosh; Intel Mac OS X 10_8_2) AppleWebKit/536.26.14 (KHTML, like Gecko) Version/6.0.1 Safari/536.26.14"
67.194.22.158 - ayakter [25/Oct/2012:12:47:30 -0400] "GET /assignments/118?utf8=%E2%9C%93&assignment_id=118&team_id=3&commit=Filter HTTP/1.1" 200 3829 "https://www.gradecraft.com/assignments/118?utf8=%E2%9C%93&assignment_id=118&team_id=1&commit=Filter" "Mozilla/5.0 (Windows NT 6.1; WOW64; rv:16.0) Gecko/20100101 Firefox/16.0"
67.194.79.104 - petersob [25/Oct/2012:12:47:31 -0400] "GET /assignments HTTP/1.1" 200 5477 "https://www.gradecraft.com/assignments/75/grades/mass_edit" "Mozilla/5.0 (Windows NT 6.1; rv:16.0) Gecko/20100101 Firefox/16.0"
67.194.22.158 - ayakter [25/Oct/2012:12:47:45 -0400] "GET /assignments/118/grades/new?gradeable_id=92&gradeable_type=User HTTP/1.1" 200 7620 "https://www.gradecraft.com/assignments/118?utf8=%E2%9C%93&assignment_id=118&team_id=3&commit=Filter" "Mozilla/5.0 (Windows NT 6.1; WOW64; rv:16.0) Gecko/20100101 Firefox/16.0"
67.194.22.158 - ayakter [25/Oct/2012:12:47:45 -0400] "GET /assignments/118/grades/lib/css/wysiwyg-color.css HTTP/1.1" 404 1044 "https://www.gradecraft.com/assignments/118/grades/new?gradeable_id=92&gradeable_type=User" "Mozilla/5.0 (Windows NT 6.1; WOW64; rv:16.0) Gecko/20100101 Firefox/16.0"
67.194.22.158 - ayakter [25/Oct/2012:12:47:51 -0400] "POST /assignments/118/grades HTTP/1.1" 302 1668 "https://www.gradecraft.com/assignments/118/grades/new?gradeable_id=92&gradeable_type=User" "Mozilla/5.0 (Windows NT 6.1; WOW64; rv:16.0) Gecko/20100101 Firefox/16.0"
67.194.22.158 - ayakter [25/Oct/2012:12:47:51 -0400] "GET /assignments/118 HTTP/1.1" 200 12473 "https://www.gradecraft.com/assignments/118/grades/new?gradeable_id=92&gradeable_type=User" "Mozilla/5.0 (Windows NT 6.1; WOW64; rv:16.0) Gecko/20100101 Firefox/16.0"
67.194.22.158 - ayakter [25/Oct/2012:12:48:05 -0400] "GET /assignments/118?utf8=%E2%9C%93&assignment_id=118&team_id=3&commit=Filter HTTP/1.1" 200 3812 "https://www.gradecraft.com/assignments/118" "Mozilla/5.0 (Windows NT 6.1; WOW64; rv:16.0) Gecko/20100101 Firefox/16.0"
67.194.22.158 - ayakter [25/Oct/2012:12:48:11 -0400] "GET /assignments/118/grades/new?gradeable_id=93&gradeable_type=User HTTP/1.1" 200 7620 "https://www.gradecraft.com/assignments/118?utf8=%E2%9C%93&assignment_id=118&team_id=3&commit=Filter" "Mozilla/5.0 (Windows NT 6.1; WOW64; rv:16.0) Gecko/20100101 Firefox/16.0"
67.194.22.158 - ayakter [25/Oct/2012:12:48:12 -0400] "GET /assignments/118/grades/lib/css/wysiwyg-color.css HTTP/1.1" 404 1044 "https://www.gradecraft.com/assignments/118/grades/new?gradeable_id=93&gradeable_type=User" "Mozilla/5.0 (Windows NT 6.1; WOW64; rv:16.0) Gecko/20100101 Firefox/16.0"
67.194.22.158 - ayakter [25/Oct/2012:12:48:17 -0400] "POST /assignments/118/grades HTTP/1.1" 302 1652 "https://www.gradecraft.com/assignments/118/grades/new?gradeable_id=93&gradeable_type=User" "Mozilla/5.0 (Windows NT 6.1; WOW64; rv:16.0) Gecko/20100101 Firefox/16.0"
67.194.22.158 - ayakter [25/Oct/2012:12:48:18 -0400] "GET /assignments/118 HTTP/1.1" 200 12489 "https://www.gradecraft.com/assignments/118/grades/new?gradeable_id=93&gradeable_type=User" "Mozilla/5.0 (Windows NT 6.1; WOW64; rv:16.0) Gecko/20100101 Firefox/16.0"
67.194.27.159 - - [25/Oct/2012:12:48:22 -0400] "GET / HTTP/1.1" 302 3254 "-" "Mozilla/5.0 (Macintosh; Intel Mac OS X 10_7_4) AppleWebKit/536.25 (KHTML, like Gecko) Version/6.0 Safari/536.25"
67.194.27.159 - - [25/Oct/2012:12:48:22 -0400] "GET /cosign/valid?cosign-www.gradecraft.com=g6LqUDpYMYTMbAgmiZ4zDjXx7BpTE8bGHaE2xgFak9Jt6CXY4-NC+irKNJiBJokvW7KwFsxsXzwv0VF3iZEVmMKDK+Be7MzF4omNZzvylqMlXDicyDCFLu5xnq3Z&https://www.gradecraft.com/ HTTP/1.1" 301 868 "-" "Mozilla/5.0 (Macintosh; Intel Mac OS X 10_7_4) AppleWebKit/536.25 (KHTML, like Gecko) Version/6.0 Safari/536.25"
67.194.27.159 - barnesbr [25/Oct/2012:12:48:22 -0400] "GET / HTTP/1.1" 200 5060 "-" "Mozilla/5.0 (Macintosh; Intel Mac OS X 10_7_4) AppleWebKit/536.25 (KHTML, like Gecko) Version/6.0 Safari/536.25"
67.194.27.159 - barnesbr [25/Oct/2012:12:48:24 -0400] "GET /assets/application-75efbcdd2e483708b1922621823d8e20.css HTTP/1.1" 200 47181 "https://www.gradecraft.com/" "Mozilla/5.0 (Macintosh; Intel Mac OS X 10_7_4) AppleWebKit/536.25 (KHTML, like Gecko) Version/6.0 Safari/536.25"
67.194.27.159 - barnesbr [25/Oct/2012:12:48:24 -0400] "GET /assets/application-8ce02592fd93cf8f056fcba13d4bd5fc.js HTTP/1.1" 200 201938 "https://www.gradecraft.com/" "Mozilla/5.0 (Macintosh; Intel Mac OS X 10_7_4) AppleWebKit/536.25 (KHTML, like Gecko) Version/6.0 Safari/536.25"
67.194.27.159 - barnesbr [25/Oct/2012:12:48:24 -0400] "GET /users/predictor.json?user_id=162 HTTP/1.1" 304 869 "https://www.gradecraft.com/" "Mozilla/5.0 (Macintosh; Intel Mac OS X 10_7_4) AppleWebKit/536.25 (KHTML, like Gecko) Version/6.0 Safari/536.25"
67.194.27.159 - barnesbr [25/Oct/2012:12:48:24 -0400] "GET /users/predictor.json?in_progress=true&user_id=162 HTTP/1.1" 304 869 "https://www.gradecraft.com/" "Mozilla/5.0 (Macintosh; Intel Mac OS X 10_7_4) AppleWebKit/536.25 (KHTML, like Gecko) Version/6.0 Safari/536.25"
67.194.22.158 - ayakter [25/Oct/2012:12:48:29 -0400] "GET /assignments/118?utf8=%E2%9C%93&assignment_id=118&team_id=4&commit=Filter HTTP/1.1" 200 3748 "https://www.gradecraft.com/assignments/118" "Mozilla/5.0 (Windows NT 6.1; WOW64; rv:16.0) Gecko/20100101 Firefox/16.0"
67.194.22.158 - ayakter [25/Oct/2012:12:48:34 -0400] "GET /assignments/118/grades/new?gradeable_id=103&gradeable_type=User HTTP/1.1" 200 7620 "https://www.gradecraft.com/assignments/118?utf8=%E2%9C%93&assignment_id=118&team_id=4&commit=Filter" "Mozilla/5.0 (Windows NT 6.1; WOW64; rv:16.0) Gecko/20100101 Firefox/16.0"
67.194.22.158 - ayakter [25/Oct/2012:12:48:35 -0400] "GET /assignments/118/grades/lib/css/wysiwyg-color.css HTTP/1.1" 404 1044 "https://www.gradecraft.com/assignments/118/grades/new?gradeable_id=103&gradeable_type=User" "Mozilla/5.0 (Windows NT 6.1; WOW64; rv:16.0) Gecko/20100101 Firefox/16.0"
67.194.22.158 - ayakter [25/Oct/2012:12:48:39 -0400] "POST /assignments/118/grades HTTP/1.1" 302 1668 "https://www.gradecraft.com/assignments/118/grades/new?gradeable_id=103&gradeable_type=User" "Mozilla/5.0 (Windows NT 6.1; WOW64; rv:16.0) Gecko/20100101 Firefox/16.0"
67.194.22.158 - ayakter [25/Oct/2012:12:48:40 -0400] "GET /assignments/118 HTTP/1.1" 200 12521 "https://www.gradecraft.com/assignments/118/grades/new?gradeable_id=103&gradeable_type=User" "Mozilla/5.0 (Windows NT 6.1; WOW64; rv:16.0) Gecko/20100101 Firefox/16.0"
67.194.22.158 - ayakter [25/Oct/2012:12:48:52 -0400] "GET /assignments/118/grades/new?gradeable_id=114&gradeable_type=User HTTP/1.1" 200 7620 "https://www.gradecraft.com/assignments/118" "Mozilla/5.0 (Windows NT 6.1; WOW64; rv:16.0) Gecko/20100101 Firefox/16.0"
67.194.22.158 - ayakter [25/Oct/2012:12:48:53 -0400] "GET /assignments/118/grades/lib/css/wysiwyg-color.css HTTP/1.1" 404 1044 "https://www.gradecraft.com/assignments/118/grades/new?gradeable_id=114&gradeable_type=User" "Mozilla/5.0 (Windows NT 6.1; WOW64; rv:16.0) Gecko/20100101 Firefox/16.0"
67.194.27.159 - barnesbr [25/Oct/2012:12:48:53 -0400] "GET / HTTP/1.1" 200 5198 "-" "Mozilla/5.0 (Macintosh; Intel Mac OS X 10_7_4) AppleWebKit/536.25 (KHTML, like Gecko) Version/6.0 Safari/536.25"
67.194.27.159 - barnesbr [25/Oct/2012:12:48:55 -0400] "GET /assets/application-75efbcdd2e483708b1922621823d8e20.css HTTP/1.1" 304 245 "https://www.gradecraft.com/" "Mozilla/5.0 (Macintosh; Intel Mac OS X 10_7_4) AppleWebKit/536.25 (KHTML, like Gecko) Version/6.0 Safari/536.25"
67.194.27.159 - barnesbr [25/Oct/2012:12:48:55 -0400] "GET /assets/application-8ce02592fd93cf8f056fcba13d4bd5fc.js HTTP/1.1" 304 383 "https://www.gradecraft.com/" "Mozilla/5.0 (Macintosh; Intel Mac OS X 10_7_4) AppleWebKit/536.25 (KHTML, like Gecko) Version/6.0 Safari/536.25"
67.194.27.159 - barnesbr [25/Oct/2012:12:48:55 -0400] "GET /badges/pos101/always_learning.png HTTP/1.1" 304 367 "https://www.gradecraft.com/" "Mozilla/5.0 (Macintosh; Intel Mac OS X 10_7_4) AppleWebKit/536.25 (KHTML, like Gecko) Version/6.0 Safari/536.25"
67.194.27.159 - barnesbr [25/Oct/2012:12:48:55 -0400] "GET /badges/pos101/above_and_beyond.png HTTP/1.1" 304 367 "https://www.gradecraft.com/" "Mozilla/5.0 (Macintosh; Intel Mac OS X 10_7_4) AppleWebKit/536.25 (KHTML, like Gecko) Version/6.0 Safari/536.25"
67.194.27.159 - barnesbr [25/Oct/2012:12:48:55 -0400] "GET /badges/pos101/awesome_aggregator.png HTTP/1.1" 304 367 "https://www.gradecraft.com/" "Mozilla/5.0 (Macintosh; Intel Mac OS X 10_7_4) AppleWebKit/536.25 (KHTML, like Gecko) Version/6.0 Safari/536.25"
67.194.27.159 - barnesbr [25/Oct/2012:12:48:55 -0400] "GET /badges/pos101/great_critic.png HTTP/1.1" 304 367 "https://www.gradecraft.com/" "Mozilla/5.0 (Macintosh; Intel Mac OS X 10_7_4) AppleWebKit/536.25 (KHTML, like Gecko) Version/6.0 Safari/536.25"
67.194.27.159 - barnesbr [25/Oct/2012:12:48:55 -0400] "GET /badges/pos101/presentation_of_self.png HTTP/1.1" 304 229 "https://www.gradecraft.com/" "Mozilla/5.0 (Macintosh; Intel Mac OS X 10_7_4) AppleWebKit/536.25 (KHTML, like Gecko) Version/6.0 Safari/536.25"
67.194.27.159 - barnesbr [25/Oct/2012:12:48:55 -0400] "GET /badges/pos101/teachers_pet.png HTTP/1.1" 304 229 "https://www.gradecraft.com/" "Mozilla/5.0 (Macintosh; Intel Mac OS X 10_7_4) AppleWebKit/536.25 (KHTML, like Gecko) Version/6.0 Safari/536.25"
67.194.27.159 - barnesbr [25/Oct/2012:12:48:55 -0400] "GET /badges/pos101/concentrator.png HTTP/1.1" 304 229 "https://www.gradecraft.com/" "Mozilla/5.0 (Macintosh; Intel Mac OS X 10_7_4) AppleWebKit/536.25 (KHTML, like Gecko) Version/6.0 Safari/536.25"
67.194.27.159 - barnesbr [25/Oct/2012:12:48:55 -0400] "GET /badges/pos101/courageous_failure.png HTTP/1.1" 304 229 "https://www.gradecraft.com/" "Mozilla/5.0 (Macintosh; Intel Mac OS X 10_7_4) AppleWebKit/536.25 (KHTML, like Gecko) Version/6.0 Safari/536.25"
67.194.27.159 - barnesbr [25/Oct/2012:12:48:55 -0400] "GET /badges/pos101/examination_expert.png HTTP/1.1" 304 229 "https://www.gradecraft.com/" "Mozilla/5.0 (Macintosh; Intel Mac OS X 10_7_4) AppleWebKit/536.25 (KHTML, like Gecko) Version/6.0 Safari/536.25"
67.194.27.159 - barnesbr [25/Oct/2012:12:48:55 -0400] "GET /badges/pos101/early_bird_special.png HTTP/1.1" 304 229 "https://www.gradecraft.com/" "Mozilla/5.0 (Macintosh; Intel Mac OS X 10_7_4) AppleWebKit/536.25 (KHTML, like Gecko) Version/6.0 Safari/536.25"
67.194.27.159 - barnesbr [25/Oct/2012:12:48:55 -0400] "GET /badges/pos101/gaining_experience.png HTTP/1.1" 304 229 "https://www.gradecraft.com/" "Mozilla/5.0 (Macintosh; Intel Mac OS X 10_7_4) AppleWebKit/536.25 (KHTML, like Gecko) Version/6.0 Safari/536.25"
67.194.27.159 - barnesbr [25/Oct/2012:12:48:55 -0400] "GET /badges/pos101/gamer.png HTTP/1.1" 304 229 "https://www.gradecraft.com/" "Mozilla/5.0 (Macintosh; Intel Mac OS X 10_7_4) AppleWebKit/536.25 (KHTML, like Gecko) Version/6.0 Safari/536.25"
67.194.27.159 - barnesbr [25/Oct/2012:12:48:55 -0400] "GET /badges/pos101/learning_from_mistakes.png HTTP/1.1" 304 229 "https://www.gradecraft.com/" "Mozilla/5.0 (Macintosh; Intel Mac OS X 10_7_4) AppleWebKit/536.25 (KHTML, like Gecko) Version/6.0 Safari/536.25"
67.194.27.159 - barnesbr [25/Oct/2012:12:48:55 -0400] "GET /badges/pos101/level_one.png HTTP/1.1" 304 229 "https://www.gradecraft.com/" "Mozilla/5.0 (Macintosh; Intel Mac OS X 10_7_4) AppleWebKit/536.25 (KHTML, like Gecko) Version/6.0 Safari/536.25"
67.194.27.159 - barnesbr [25/Oct/2012:12:48:55 -0400] "GET /badges/pos101/personal.png HTTP/1.1" 304 229 "https://www.gradecraft.com/" "Mozilla/5.0 (Macintosh; Intel Mac OS X 10_7_4) AppleWebKit/536.25 (KHTML, like Gecko) Version/6.0 Safari/536.25"
67.194.27.159 - barnesbr [25/Oct/2012:12:48:55 -0400] "GET /badges/pos101/participatory_democrat.png HTTP/1.1" 304 229 "https://www.gradecraft.com/" "Mozilla/5.0 (Macintosh; Intel Mac OS X 10_7_4) AppleWebKit/536.25 (KHTML, like Gecko) Version/6.0 Safari/536.25"
67.194.27.159 - barnesbr [25/Oct/2012:12:48:55 -0400] "GET /badges/pos101/practice_makes_perfect.png HTTP/1.1" 304 229 "https://www.gradecraft.com/" "Mozilla/5.0 (Macintosh; Intel Mac OS X 10_7_4) AppleWebKit/536.25 (KHTML, like Gecko) Version/6.0 Safari/536.25"
67.194.27.159 - barnesbr [25/Oct/2012:12:48:55 -0400] "GET /badges/pos101/public_speaker.png HTTP/1.1" 304 229 "https://www.gradecraft.com/" "Mozilla/5.0 (Macintosh; Intel Mac OS X 10_7_4) AppleWebKit/536.25 (KHTML, like Gecko) Version/6.0 Safari/536.25"
67.194.27.159 - barnesbr [25/Oct/2012:12:48:55 -0400] "GET /badges/pos101/scribe.png HTTP/1.1" 304 229 "https://www.gradecraft.com/" "Mozilla/5.0 (Macintosh; Intel Mac OS X 10_7_4) AppleWebKit/536.25 (KHTML, like Gecko) Version/6.0 Safari/536.25"
67.194.27.159 - barnesbr [25/Oct/2012:12:48:55 -0400] "GET /badges/pos101/times_immemorial.png HTTP/1.1" 304 229 "https://www.gradecraft.com/" "Mozilla/5.0 (Macintosh; Intel Mac OS X 10_7_4) AppleWebKit/536.25 (KHTML, like Gecko) Version/6.0 Safari/536.25"
67.194.27.159 - barnesbr [25/Oct/2012:12:48:55 -0400] "GET /badges/pos101/phoebe_badge.jpg HTTP/1.1" 304 229 "https://www.gradecraft.com/" "Mozilla/5.0 (Macintosh; Intel Mac OS X 10_7_4) AppleWebKit/536.25 (KHTML, like Gecko) Version/6.0 Safari/536.25"
67.194.27.159 - barnesbr [25/Oct/2012:12:48:55 -0400] "GET /users/predictor.json?user_id=162 HTTP/1.1" 304 869 "https://www.gradecraft.com/" "Mozilla/5.0 (Macintosh; Intel Mac OS X 10_7_4) AppleWebKit/536.25 (KHTML, like Gecko) Version/6.0 Safari/536.25"
67.194.27.159 - barnesbr [25/Oct/2012:12:48:55 -0400] "GET /users/predictor.json?in_progress=true&user_id=162 HTTP/1.1" 304 869 "https://www.gradecraft.com/" "Mozilla/5.0 (Macintosh; Intel Mac OS X 10_7_4) AppleWebKit/536.25 (KHTML, like Gecko) Version/6.0 Safari/536.25"
67.194.22.158 - ayakter [25/Oct/2012:12:48:59 -0400] "POST /assignments/118/grades HTTP/1.1" 302 1652 "https://www.gradecraft.com/assignments/118/grades/new?gradeable_id=114&gradeable_type=User" "Mozilla/5.0 (Windows NT 6.1; WOW64; rv:16.0) Gecko/20100101 Firefox/16.0"
67.194.22.158 - ayakter [25/Oct/2012:12:48:59 -0400] "GET /assignments/118 HTTP/1.1" 200 12537 "https://www.gradecraft.com/assignments/118/grades/new?gradeable_id=114&gradeable_type=User" "Mozilla/5.0 (Windows NT 6.1; WOW64; rv:16.0) Gecko/20100101 Firefox/16.0"
67.194.22.158 - ayakter [25/Oct/2012:12:49:25 -0400] "GET /assignments/118/grades/new?gradeable_id=116&gradeable_type=User HTTP/1.1" 200 7765 "https://www.gradecraft.com/assignments/118" "Mozilla/5.0 (Windows NT 6.1; WOW64; rv:16.0) Gecko/20100101 Firefox/16.0"
67.194.22.158 - ayakter [25/Oct/2012:12:49:26 -0400] "GET /assignments/118/grades/lib/css/wysiwyg-color.css HTTP/1.1" 404 1044 "https://www.gradecraft.com/assignments/118/grades/new?gradeable_id=116&gradeable_type=User" "Mozilla/5.0 (Windows NT 6.1; WOW64; rv:16.0) Gecko/20100101 Firefox/16.0"
67.194.22.158 - ayakter [25/Oct/2012:12:49:32 -0400] "POST /assignments/118/grades HTTP/1.1" 302 1652 "https://www.gradecraft.com/assignments/118/grades/new?gradeable_id=116&gradeable_type=User" "Mozilla/5.0 (Windows NT 6.1; WOW64; rv:16.0) Gecko/20100101 Firefox/16.0"
67.194.22.158 - ayakter [25/Oct/2012:12:49:32 -0400] "GET /assignments/118 HTTP/1.1" 200 12585 "https://www.gradecraft.com/assignments/118/grades/new?gradeable_id=116&gradeable_type=User" "Mozilla/5.0 (Windows NT 6.1; WOW64; rv:16.0) Gecko/20100101 Firefox/16.0"
67.194.22.158 - ayakter [25/Oct/2012:12:49:54 -0400] "GET /assignments/118/grades/new?gradeable_id=117&gradeable_type=User HTTP/1.1" 200 7765 "https://www.gradecraft.com/assignments/118" "Mozilla/5.0 (Windows NT 6.1; WOW64; rv:16.0) Gecko/20100101 Firefox/16.0"
67.194.22.158 - ayakter [25/Oct/2012:12:49:55 -0400] "GET /assignments/118/grades/lib/css/wysiwyg-color.css HTTP/1.1" 404 1044 "https://www.gradecraft.com/assignments/118/grades/new?gradeable_id=117&gradeable_type=User" "Mozilla/5.0 (Windows NT 6.1; WOW64; rv:16.0) Gecko/20100101 Firefox/16.0"
67.194.22.158 - ayakter [25/Oct/2012:12:50:00 -0400] "POST /assignments/118/grades HTTP/1.1" 302 1668 "https://www.gradecraft.com/assignments/118/grades/new?gradeable_id=117&gradeable_type=User" "Mozilla/5.0 (Windows NT 6.1; WOW64; rv:16.0) Gecko/20100101 Firefox/16.0"
67.194.22.158 - ayakter [25/Oct/2012:12:50:00 -0400] "GET /assignments/118 HTTP/1.1" 200 12601 "https://www.gradecraft.com/assignments/118/grades/new?gradeable_id=117&gradeable_type=User" "Mozilla/5.0 (Windows NT 6.1; WOW64; rv:16.0) Gecko/20100101 Firefox/16.0"
141.213.154.112 - wilkimic [25/Oct/2012:12:50:13 -0400] "GET / HTTP/1.1" 304 3950 "-" "Mozilla/5.0 (Macintosh; Intel Mac OS X 10_7_5) AppleWebKit/537.4 (KHTML, like Gecko) Chrome/22.0.1229.94 Safari/537.4"
67.194.22.158 - ayakter [25/Oct/2012:12:50:14 -0400] "GET /assignments/118/grades/new?gradeable_id=120&gradeable_type=User HTTP/1.1" 200 7604 "https://www.gradecraft.com/assignments/118" "Mozilla/5.0 (Windows NT 6.1; WOW64; rv:16.0) Gecko/20100101 Firefox/16.0"
141.213.154.112 - wilkimic [25/Oct/2012:12:50:15 -0400] "GET /users/predictor.json?user_id=96 HTTP/1.1" 304 4097 "https://www.gradecraft.com/" "Mozilla/5.0 (Macintosh; Intel Mac OS X 10_7_5) AppleWebKit/537.4 (KHTML, like Gecko) Chrome/22.0.1229.94 Safari/537.4"
67.194.22.158 - ayakter [25/Oct/2012:12:50:16 -0400] "GET /assignments/118/grades/lib/css/wysiwyg-color.css HTTP/1.1" 404 1044 "https://www.gradecraft.com/assignments/118/grades/new?gradeable_id=120&gradeable_type=User" "Mozilla/5.0 (Windows NT 6.1; WOW64; rv:16.0) Gecko/20100101 Firefox/16.0"
141.213.154.112 - wilkimic [25/Oct/2012:12:50:15 -0400] "GET /users/predictor.json?in_progress=true&user_id=96 HTTP/1.1" 304 869 "https://www.gradecraft.com/" "Mozilla/5.0 (Macintosh; Intel Mac OS X 10_7_5) AppleWebKit/537.4 (KHTML, like Gecko) Chrome/22.0.1229.94 Safari/537.4"
67.194.22.158 - ayakter [25/Oct/2012:12:50:21 -0400] "POST /assignments/118/grades HTTP/1.1" 302 1668 "https://www.gradecraft.com/assignments/118/grades/new?gradeable_id=120&gradeable_type=User" "Mozilla/5.0 (Windows NT 6.1; WOW64; rv:16.0) Gecko/20100101 Firefox/16.0"
67.194.22.158 - ayakter [25/Oct/2012:12:50:21 -0400] "GET /assignments/118 HTTP/1.1" 200 12617 "https://www.gradecraft.com/assignments/118/grades/new?gradeable_id=120&gradeable_type=User" "Mozilla/5.0 (Windows NT 6.1; WOW64; rv:16.0) Gecko/20100101 Firefox/16.0"
67.194.22.158 - ayakter [25/Oct/2012:12:50:28 -0400] "GET /assignments/118/assignment_submissions/343?grade_id=10706&gradeable_id=103&gradeable_type=User&submittable_id=103&submittable_type=User HTTP/1.1" 200 3284 "https://www.gradecraft.com/assignments/118" "Mozilla/5.0 (Windows NT 6.1; WOW64; rv:16.0) Gecko/20100101 Firefox/16.0"
67.194.22.158 - ayakter [25/Oct/2012:12:50:32 -0400] "GET /assignments/118/assignment_submissions/lib/css/wysiwyg-color.css HTTP/1.1" 404 1044 "https://www.gradecraft.com/assignments/118/assignment_submissions/343?grade_id=10706&gradeable_id=103&gradeable_type=User&submittable_id=103&submittable_type=User" "Mozilla/5.0 (Windows NT 6.1; WOW64; rv:16.0) Gecko/20100101 Firefox/16.0"
67.194.22.158 - ayakter [25/Oct/2012:12:51:02 -0400] "GET /assignments HTTP/1.1" 200 8576 "https://www.gradecraft.com/assignments/118/assignment_submissions/343?grade_id=10706&gradeable_id=103&gradeable_type=User&submittable_id=103&submittable_type=User" "Mozilla/5.0 (Windows NT 6.1; WOW64; rv:16.0) Gecko/20100101 Firefox/16.0"
67.194.22.158 - ayakter [25/Oct/2012:12:51:47 -0400] "GET /assignments/115 HTTP/1.1" 200 3141 "https://www.gradecraft.com/assignments" "Mozilla/5.0 (Windows NT 6.1; WOW64; rv:16.0) Gecko/20100101 Firefox/16.0"
67.194.22.158 - ayakter [25/Oct/2012:12:51:53 -0400] "GET /assignments HTTP/1.1" 304 933 "https://www.gradecraft.com/assignments/115" "Mozilla/5.0 (Windows NT 6.1; WOW64; rv:16.0) Gecko/20100101 Firefox/16.0"
198.228.235.224 - - [25/Oct/2012:12:53:13 -0400] "GET /dashboard HTTP/1.1" 302 3259 "-" "Mozilla/5.0 (iPhone; CPU iPhone OS 6_0 like Mac OS X) AppleWebKit/536.26 (KHTML, like Gecko) Version/6.0 Mobile/10A403 Safari/8536.25"
198.228.235.224 - - [25/Oct/2012:12:53:34 -0400] "GET /cosign/valid?cosign-www.gradecraft.com=ppDYeZiirY6u9e9vj-evg5by5KTkUjypYkjbJEskE8uUSGAXYIxIrh9zpWOuLPWVEfh2g8Bg+K7Z5A6A4lVRWT8nLrBajupx8-6BhiOill7UKvgkhB7819L0uWOx&https://www.gradecraft.com/dashboard HTTP/1.1" 301 1045 "https://weblogin.umich.edu/?cosign-www.gradecraft.com&https://www.gradecraft.com/dashboard" "Mozilla/5.0 (iPhone; CPU iPhone OS 6_0 like Mac OS X) AppleWebKit/536.26 (KHTML, like Gecko) Version/6.0 Mobile/10A403 Safari/8536.25"
198.228.235.224 - ewags [25/Oct/2012:12:53:34 -0400] "GET /dashboard HTTP/1.1" 302 1364 "https://weblogin.umich.edu/?cosign-www.gradecraft.com&https://www.gradecraft.com/dashboard" "Mozilla/5.0 (iPhone; CPU iPhone OS 6_0 like Mac OS X) AppleWebKit/536.26 (KHTML, like Gecko) Version/6.0 Mobile/10A403 Safari/8536.25"
198.228.235.224 - ewags [25/Oct/2012:12:53:35 -0400] "GET /dashboard HTTP/1.1" 200 5076 "https://weblogin.umich.edu/?cosign-www.gradecraft.com&https://www.gradecraft.com/dashboard" "Mozilla/5.0 (iPhone; CPU iPhone OS 6_0 like Mac OS X) AppleWebKit/536.26 (KHTML, like Gecko) Version/6.0 Mobile/10A403 Safari/8536.25"
198.228.235.224 - ewags [25/Oct/2012:12:53:37 -0400] "GET /assets/application-75efbcdd2e483708b1922621823d8e20.css HTTP/1.1" 304 245 "https://www.gradecraft.com/dashboard" "Mozilla/5.0 (iPhone; CPU iPhone OS 6_0 like Mac OS X) AppleWebKit/536.26 (KHTML, like Gecko) Version/6.0 Mobile/10A403 Safari/8536.25"
198.228.235.224 - ewags [25/Oct/2012:12:53:37 -0400] "GET /assets/application-8ce02592fd93cf8f056fcba13d4bd5fc.js HTTP/1.1" 304 245 "https://www.gradecraft.com/dashboard" "Mozilla/5.0 (iPhone; CPU iPhone OS 6_0 like Mac OS X) AppleWebKit/536.26 (KHTML, like Gecko) Version/6.0 Mobile/10A403 Safari/8536.25"
198.228.235.224 - ewags [25/Oct/2012:12:53:37 -0400] "GET /badges/pos101/always_learning.png HTTP/1.1" 200 3066 "https://www.gradecraft.com/dashboard" "Mozilla/5.0 (iPhone; CPU iPhone OS 6_0 like Mac OS X) AppleWebKit/536.26 (KHTML, like Gecko) Version/6.0 Mobile/10A403 Safari/8536.25"
67.194.22.158 - ayakter [25/Oct/2012:12:53:04 -0400] "GET /users/students HTTP/1.1" 200 21471 "https://www.gradecraft.com/assignments" "Mozilla/5.0 (Windows NT 6.1; WOW64; rv:16.0) Gecko/20100101 Firefox/16.0"
198.228.235.224 - ewags [25/Oct/2012:12:53:38 -0400] "GET /badges/pos101/great_critic.png HTTP/1.1" 200 5306 "https://www.gradecraft.com/dashboard" "Mozilla/5.0 (iPhone; CPU iPhone OS 6_0 like Mac OS X) AppleWebKit/536.26 (KHTML, like Gecko) Version/6.0 Mobile/10A403 Safari/8536.25"
67.194.22.158 - ayakter [25/Oct/2012:12:53:38 -0400] "GET /badges/pos101/early_bird_special.png HTTP/1.1" 200 4602 "https://www.gradecraft.com/users/students" "Mozilla/5.0 (Windows NT 6.1; WOW64; rv:16.0) Gecko/20100101 Firefox/16.0"
67.194.22.158 - ayakter [25/Oct/2012:12:53:38 -0400] "GET /badges/pos101/level_one.png HTTP/1.1" 200 4458 "https://www.gradecraft.com/users/students" "Mozilla/5.0 (Windows NT 6.1; WOW64; rv:16.0) Gecko/20100101 Firefox/16.0"
67.194.22.158 - ayakter [25/Oct/2012:12:53:38 -0400] "GET /badges/pos101/public_speaker.png HTTP/1.1" 200 5482 "https://www.gradecraft.com/users/students" "Mozilla/5.0 (Windows NT 6.1; WOW64; rv:16.0) Gecko/20100101 Firefox/16.0"
198.228.235.224 - ewags [25/Oct/2012:12:53:38 -0400] "GET /badges/pos101/above_and_beyond.png HTTP/1.1" 200 6379 "https://www.gradecraft.com/dashboard" "Mozilla/5.0 (iPhone; CPU iPhone OS 6_0 like Mac OS X) AppleWebKit/536.26 (KHTML, like Gecko) Version/6.0 Mobile/10A403 Safari/8536.25"
198.228.235.224 - ewags [25/Oct/2012:12:53:38 -0400] "GET /badges/pos101/concentrator.png HTTP/1.1" 200 3594 "https://www.gradecraft.com/dashboard" "Mozilla/5.0 (iPhone; CPU iPhone OS 6_0 like Mac OS X) AppleWebKit/536.26 (KHTML, like Gecko) Version/6.0 Mobile/10A403 Safari/8536.25"
67.194.22.158 - ayakter [25/Oct/2012:12:53:38 -0400] "GET /badges/pos101/times_immemorial.png HTTP/1.1" 200 5867 "https://www.gradecraft.com/users/students" "Mozilla/5.0 (Windows NT 6.1; WOW64; rv:16.0) Gecko/20100101 Firefox/16.0"
198.228.235.224 - ewags [25/Oct/2012:12:53:38 -0400] "GET /badges/pos101/awesome_aggregator.png HTTP/1.1" 200 5803 "https://www.gradecraft.com/dashboard" "Mozilla/5.0 (iPhone; CPU iPhone OS 6_0 like Mac OS X) AppleWebKit/536.26 (KHTML, like Gecko) Version/6.0 Mobile/10A403 Safari/8536.25"
198.228.235.224 - ewags [25/Oct/2012:12:53:38 -0400] "GET /badges/pos101/courageous_failure.png HTTP/1.1" 200 8410 "https://www.gradecraft.com/dashboard" "Mozilla/5.0 (iPhone; CPU iPhone OS 6_0 like Mac OS X) AppleWebKit/536.26 (KHTML, like Gecko) Version/6.0 Mobile/10A403 Safari/8536.25"
198.228.235.224 - ewags [25/Oct/2012:12:53:38 -0400] "GET /badges/pos101/presentation_of_self.png HTTP/1.1" 200 5643 "https://www.gradecraft.com/dashboard" "Mozilla/5.0 (iPhone; CPU iPhone OS 6_0 like Mac OS X) AppleWebKit/536.26 (KHTML, like Gecko) Version/6.0 Mobile/10A403 Safari/8536.25"
198.228.235.224 - ewags [25/Oct/2012:12:53:38 -0400] "GET /badges/pos101/examination_expert.png HTTP/1.1" 200 4042 "https://www.gradecraft.com/dashboard" "Mozilla/5.0 (iPhone; CPU iPhone OS 6_0 like Mac OS X) AppleWebKit/536.26 (KHTML, like Gecko) Version/6.0 Mobile/10A403 Safari/8536.25"
198.228.235.224 - ewags [25/Oct/2012:12:53:38 -0400] "GET /badges/pos101/gamer.png HTTP/1.1" 200 4378 "https://www.gradecraft.com/dashboard" "Mozilla/5.0 (iPhone; CPU iPhone OS 6_0 like Mac OS X) AppleWebKit/536.26 (KHTML, like Gecko) Version/6.0 Mobile/10A403 Safari/8536.25"
198.228.235.224 - ewags [25/Oct/2012:12:53:38 -0400] "GET /badges/pos101/learning_from_mistakes.png HTTP/1.1" 200 8362 "https://www.gradecraft.com/dashboard" "Mozilla/5.0 (iPhone; CPU iPhone OS 6_0 like Mac OS X) AppleWebKit/536.26 (KHTML, like Gecko) Version/6.0 Mobile/10A403 Safari/8536.25"
198.228.235.224 - ewags [25/Oct/2012:12:53:38 -0400] "GET /badges/pos101/teachers_pet.png HTTP/1.1" 200 3339 "https://www.gradecraft.com/dashboard" "Mozilla/5.0 (iPhone; CPU iPhone OS 6_0 like Mac OS X) AppleWebKit/536.26 (KHTML, like Gecko) Version/6.0 Mobile/10A403 Safari/8536.25"
198.228.235.224 - ewags [25/Oct/2012:12:53:38 -0400] "GET /badges/pos101/level_one.png HTTP/1.1" 200 4458 "https://www.gradecraft.com/dashboard" "Mozilla/5.0 (iPhone; CPU iPhone OS 6_0 like Mac OS X) AppleWebKit/536.26 (KHTML, like Gecko) Version/6.0 Mobile/10A403 Safari/8536.25"
198.228.235.224 - ewags [25/Oct/2012:12:53:38 -0400] "GET /badges/pos101/early_bird_special.png HTTP/1.1" 200 4602 "https://www.gradecraft.com/dashboard" "Mozilla/5.0 (iPhone; CPU iPhone OS 6_0 like Mac OS X) AppleWebKit/536.26 (KHTML, like Gecko) Version/6.0 Mobile/10A403 Safari/8536.25"
198.228.235.224 - ewags [25/Oct/2012:12:53:38 -0400] "GET /badges/pos101/personal.png HTTP/1.1" 200 4474 "https://www.gradecraft.com/dashboard" "Mozilla/5.0 (iPhone; CPU iPhone OS 6_0 like Mac OS X) AppleWebKit/536.26 (KHTML, like Gecko) Version/6.0 Mobile/10A403 Safari/8536.25"
198.228.235.224 - ewags [25/Oct/2012:12:53:38 -0400] "GET /badges/pos101/participatory_democrat.png HTTP/1.1" 200 5354 "https://www.gradecraft.com/dashboard" "Mozilla/5.0 (iPhone; CPU iPhone OS 6_0 like Mac OS X) AppleWebKit/536.26 (KHTML, like Gecko) Version/6.0 Mobile/10A403 Safari/8536.25"
198.228.235.224 - ewags [25/Oct/2012:12:53:38 -0400] "GET /badges/pos101/gaining_experience.png HTTP/1.1" 200 8458 "https://www.gradecraft.com/dashboard" "Mozilla/5.0 (iPhone; CPU iPhone OS 6_0 like Mac OS X) AppleWebKit/536.26 (KHTML, like Gecko) Version/6.0 Mobile/10A403 Safari/8536.25"
198.228.235.224 - ewags [25/Oct/2012:12:53:38 -0400] "GET /badges/pos101/practice_makes_perfect.png HTTP/1.1" 200 6010 "https://www.gradecraft.com/dashboard" "Mozilla/5.0 (iPhone; CPU iPhone OS 6_0 like Mac OS X) AppleWebKit/536.26 (KHTML, like Gecko) Version/6.0 Mobile/10A403 Safari/8536.25"
198.228.235.224 - ewags [25/Oct/2012:12:53:38 -0400] "GET /badges/pos101/public_speaker.png HTTP/1.1" 200 5482 "https://www.gradecraft.com/dashboard" "Mozilla/5.0 (iPhone; CPU iPhone OS 6_0 like Mac OS X) AppleWebKit/536.26 (KHTML, like Gecko) Version/6.0 Mobile/10A403 Safari/8536.25"
198.228.235.224 - ewags [25/Oct/2012:12:53:39 -0400] "GET /badges/pos101/scribe.png HTTP/1.1" 200 3002 "https://www.gradecraft.com/dashboard" "Mozilla/5.0 (iPhone; CPU iPhone OS 6_0 like Mac OS X) AppleWebKit/536.26 (KHTML, like Gecko) Version/6.0 Mobile/10A403 Safari/8536.25"
67.194.22.158 - ayakter [25/Oct/2012:12:53:39 -0400] "GET /badges/pos101/examination_expert.png HTTP/1.1" 200 4042 "https://www.gradecraft.com/users/students" "Mozilla/5.0 (Windows NT 6.1; WOW64; rv:16.0) Gecko/20100101 Firefox/16.0"
67.194.22.158 - ayakter [25/Oct/2012:12:53:39 -0400] "GET /badges/pos101/personal.png HTTP/1.1" 200 4619 "https://www.gradecraft.com/users/students" "Mozilla/5.0 (Windows NT 6.1; WOW64; rv:16.0) Gecko/20100101 Firefox/16.0"
67.194.22.158 - ayakter [25/Oct/2012:12:53:39 -0400] "GET /badges/pos101/participatory_democrat.png HTTP/1.1" 200 5354 "https://www.gradecraft.com/users/students" "Mozilla/5.0 (Windows NT 6.1; WOW64; rv:16.0) Gecko/20100101 Firefox/16.0"
67.194.22.158 - ayakter [25/Oct/2012:12:53:39 -0400] "GET /badges/pos101/practice_makes_perfect.png HTTP/1.1" 200 6155 "https://www.gradecraft.com/users/students" "Mozilla/5.0 (Windows NT 6.1; WOW64; rv:16.0) Gecko/20100101 Firefox/16.0"
67.194.22.158 - ayakter [25/Oct/2012:12:53:39 -0400] "GET /badges/pos101/presentation_of_self.png HTTP/1.1" 200 5643 "https://www.gradecraft.com/users/students" "Mozilla/5.0 (Windows NT 6.1; WOW64; rv:16.0) Gecko/20100101 Firefox/16.0"
67.194.22.158 - ayakter [25/Oct/2012:12:53:39 -0400] "GET /badges/pos101/gamer.png HTTP/1.1" 200 4523 "https://www.gradecraft.com/users/students" "Mozilla/5.0 (Windows NT 6.1; WOW64; rv:16.0) Gecko/20100101 Firefox/16.0"
67.194.22.158 - ayakter [25/Oct/2012:12:53:39 -0400] "GET /badges/pos101/learning_from_mistakes.png HTTP/1.1" 200 8362 "https://www.gradecraft.com/users/students" "Mozilla/5.0 (Windows NT 6.1; WOW64; rv:16.0) Gecko/20100101 Firefox/16.0"
67.194.22.158 - ayakter [25/Oct/2012:12:53:39 -0400] "GET /badges/pos101/phoebe_badge.jpg HTTP/1.1" 200 5994 "https://www.gradecraft.com/users/students" "Mozilla/5.0 (Windows NT 6.1; WOW64; rv:16.0) Gecko/20100101 Firefox/16.0"
198.228.235.224 - ewags [25/Oct/2012:12:53:39 -0400] "GET /badges/pos101/times_immemorial.png HTTP/1.1" 200 5722 "https://www.gradecraft.com/dashboard" "Mozilla/5.0 (iPhone; CPU iPhone OS 6_0 like Mac OS X) AppleWebKit/536.26 (KHTML, like Gecko) Version/6.0 Mobile/10A403 Safari/8536.25"
67.194.22.158 - ayakter [25/Oct/2012:12:53:39 -0400] "GET /badges/pos101/courageous_failure.png HTTP/1.1" 200 8410 "https://www.gradecraft.com/users/students" "Mozilla/5.0 (Windows NT 6.1; WOW64; rv:16.0) Gecko/20100101 Firefox/16.0"
67.194.22.158 - ayakter [25/Oct/2012:12:53:39 -0400] "GET /badges/pos101/awesome_aggregator.png HTTP/1.1" 200 5658 "https://www.gradecraft.com/users/students" "Mozilla/5.0 (Windows NT 6.1; WOW64; rv:16.0) Gecko/20100101 Firefox/16.0"
198.228.235.224 - ewags [25/Oct/2012:12:53:39 -0400] "GET /badges/pos101/phoebe_badge.jpg HTTP/1.1" 200 5994 "https://www.gradecraft.com/dashboard" "Mozilla/5.0 (iPhone; CPU iPhone OS 6_0 like Mac OS X) AppleWebKit/536.26 (KHTML, like Gecko) Version/6.0 Mobile/10A403 Safari/8536.25"
198.228.235.224 - ewags [25/Oct/2012:12:53:39 -0400] "GET /users/predictor.json?user_id=78 HTTP/1.1" 200 1626 "https://www.gradecraft.com/dashboard" "Mozilla/5.0 (iPhone; CPU iPhone OS 6_0 like Mac OS X) AppleWebKit/536.26 (KHTML, like Gecko) Version/6.0 Mobile/10A403 Safari/8536.25"
198.228.235.224 - ewags [25/Oct/2012:12:53:39 -0400] "GET /users/predictor.json?in_progress=true&user_id=78 HTTP/1.1" 200 1610 "https://www.gradecraft.com/dashboard" "Mozilla/5.0 (iPhone; CPU iPhone OS 6_0 like Mac OS X) AppleWebKit/536.26 (KHTML, like Gecko) Version/6.0 Mobile/10A403 Safari/8536.25"
67.194.22.158 - ayakter [25/Oct/2012:12:53:45 -0400] "GET /users/347 HTTP/1.1" 200 5844 "https://www.gradecraft.com/users/students" "Mozilla/5.0 (Windows NT 6.1; WOW64; rv:16.0) Gecko/20100101 Firefox/16.0"
67.194.22.158 - ayakter [25/Oct/2012:12:53:47 -0400] "GET /badges/pos101/always_learning.png HTTP/1.1" 200 3066 "https://www.gradecraft.com/users/347" "Mozilla/5.0 (Windows NT 6.1; WOW64; rv:16.0) Gecko/20100101 Firefox/16.0"
67.194.22.158 - ayakter [25/Oct/2012:12:53:47 -0400] "GET /badges/pos101/above_and_beyond.png HTTP/1.1" 200 6234 "https://www.gradecraft.com/users/347" "Mozilla/5.0 (Windows NT 6.1; WOW64; rv:16.0) Gecko/20100101 Firefox/16.0"
67.194.22.158 - ayakter [25/Oct/2012:12:53:47 -0400] "GET /badges/pos101/great_critic.png HTTP/1.1" 200 5306 "https://www.gradecraft.com/users/347" "Mozilla/5.0 (Windows NT 6.1; WOW64; rv:16.0) Gecko/20100101 Firefox/16.0"
67.194.22.158 - ayakter [25/Oct/2012:12:53:47 -0400] "GET /badges/pos101/teachers_pet.png HTTP/1.1" 200 3194 "https://www.gradecraft.com/users/347" "Mozilla/5.0 (Windows NT 6.1; WOW64; rv:16.0) Gecko/20100101 Firefox/16.0"
67.194.22.158 - ayakter [25/Oct/2012:12:53:47 -0400] "GET /badges/pos101/concentrator.png HTTP/1.1" 200 3594 "https://www.gradecraft.com/users/347" "Mozilla/5.0 (Windows NT 6.1; WOW64; rv:16.0) Gecko/20100101 Firefox/16.0"
67.194.22.158 - ayakter [25/Oct/2012:12:53:47 -0400] "GET /badges/pos101/gaining_experience.png HTTP/1.1" 200 8458 "https://www.gradecraft.com/users/347" "Mozilla/5.0 (Windows NT 6.1; WOW64; rv:16.0) Gecko/20100101 Firefox/16.0"
67.194.22.158 - ayakter [25/Oct/2012:12:53:47 -0400] "GET /badges/pos101/scribe.png HTTP/1.1" 200 3002 "https://www.gradecraft.com/users/347" "Mozilla/5.0 (Windows NT 6.1; WOW64; rv:16.0) Gecko/20100101 Firefox/16.0"
67.194.22.158 - ayakter [25/Oct/2012:12:53:48 -0400] "GET /users/predictor.json?user_id=347 HTTP/1.1" 200 1642 "https://www.gradecraft.com/users/347" "Mozilla/5.0 (Windows NT 6.1; WOW64; rv:16.0) Gecko/20100101 Firefox/16.0"
67.194.22.158 - ayakter [25/Oct/2012:12:53:48 -0400] "GET /users/predictor.json?in_progress=true&user_id=347 HTTP/1.1" 200 1642 "https://www.gradecraft.com/users/347" "Mozilla/5.0 (Windows NT 6.1; WOW64; rv:16.0) Gecko/20100101 Firefox/16.0"
67.194.22.158 - ayakter [25/Oct/2012:12:54:03 -0400] "GET /users/347/earned_badges/new HTTP/1.1" 200 3316 "https://www.gradecraft.com/users/347" "Mozilla/5.0 (Windows NT 6.1; WOW64; rv:16.0) Gecko/20100101 Firefox/16.0"
67.194.22.158 - ayakter [25/Oct/2012:12:54:04 -0400] "GET /users/347/earned_badges/lib/css/wysiwyg-color.css HTTP/1.1" 404 1044 "https://www.gradecraft.com/users/347/earned_badges/new" "Mozilla/5.0 (Windows NT 6.1; WOW64; rv:16.0) Gecko/20100101 Firefox/16.0"
67.194.22.158 - ayakter [25/Oct/2012:12:54:10 -0400] "POST /users/347/earned_badges HTTP/1.1" 302 1636 "https://www.gradecraft.com/users/347/earned_badges/new" "Mozilla/5.0 (Windows NT 6.1; WOW64; rv:16.0) Gecko/20100101 Firefox/16.0"
67.194.22.158 - ayakter [25/Oct/2012:12:54:10 -0400] "GET /users/347 HTTP/1.1" 200 6084 "https://www.gradecraft.com/users/347/earned_badges/new" "Mozilla/5.0 (Windows NT 6.1; WOW64; rv:16.0) Gecko/20100101 Firefox/16.0"
67.194.22.158 - ayakter [25/Oct/2012:12:54:12 -0400] "GET /users/predictor.json?user_id=347 HTTP/1.1" 304 1030 "https://www.gradecraft.com/users/347" "Mozilla/5.0 (Windows NT 6.1; WOW64; rv:16.0) Gecko/20100101 Firefox/16.0"
67.194.22.158 - ayakter [25/Oct/2012:12:54:12 -0400] "GET /users/predictor.json?in_progress=true&user_id=347 HTTP/1.1" 304 885 "https://www.gradecraft.com/users/347" "Mozilla/5.0 (Windows NT 6.1; WOW64; rv:16.0) Gecko/20100101 Firefox/16.0"
67.194.3.135 - - [25/Oct/2012:12:54:16 -0400] "GET / HTTP/1.1" 302 3254 "-" "Mozilla/5.0 (Macintosh; Intel Mac OS X 10_7_2) AppleWebKit/534.51.22 (KHTML, like Gecko) Version/5.1.1 Safari/534.51.22"
67.194.22.158 - ayakter [25/Oct/2012:12:55:00 -0400] "GET /users/347/earned_badges/new HTTP/1.1" 304 1078 "https://www.gradecraft.com/users/347" "Mozilla/5.0 (Windows NT 6.1; WOW64; rv:16.0) Gecko/20100101 Firefox/16.0"
67.194.22.158 - ayakter [25/Oct/2012:12:55:00 -0400] "GET /users/347/earned_badges/lib/css/wysiwyg-color.css HTTP/1.1" 404 1205 "https://www.gradecraft.com/users/347/earned_badges/new" "Mozilla/5.0 (Windows NT 6.1; WOW64; rv:16.0) Gecko/20100101 Firefox/16.0"
67.194.22.158 - ayakter [25/Oct/2012:12:55:02 -0400] "GET /users/347/earned_badges/ HTTP/1.1" 200 2852 "-" "Mozilla/5.0 (Windows NT 6.1; WOW64; rv:16.0) Gecko/20100101 Firefox/16.0"
67.194.22.158 - ayakter [25/Oct/2012:12:55:08 -0400] "POST /users/347/earned_badges/447 HTTP/1.1" 302 1444 "https://www.gradecraft.com/users/347/earned_badges/" "Mozilla/5.0 (Windows NT 6.1; WOW64; rv:16.0) Gecko/20100101 Firefox/16.0"
67.194.22.158 - ayakter [25/Oct/2012:12:55:08 -0400] "GET /users/347 HTTP/1.1" 200 5844 "https://www.gradecraft.com/users/347/earned_badges/" "Mozilla/5.0 (Windows NT 6.1; WOW64; rv:16.0) Gecko/20100101 Firefox/16.0"
67.194.22.158 - ayakter [25/Oct/2012:12:55:10 -0400] "GET /users/predictor.json?user_id=347 HTTP/1.1" 304 885 "https://www.gradecraft.com/users/347" "Mozilla/5.0 (Windows NT 6.1; WOW64; rv:16.0) Gecko/20100101 Firefox/16.0"
67.194.22.158 - ayakter [25/Oct/2012:12:55:10 -0400] "GET /users/predictor.json?in_progress=true&user_id=347 HTTP/1.1" 304 885 "https://www.gradecraft.com/users/347" "Mozilla/5.0 (Windows NT 6.1; WOW64; rv:16.0) Gecko/20100101 Firefox/16.0"
69.89.105.69 - - [25/Oct/2012:13:04:21 -0400] "GET /dashboard HTTP/1.1" 302 3984 "-" "Mozilla/5.0 (Macintosh; Intel Mac OS X 10_7_5) AppleWebKit/537.4 (KHTML, like Gecko) Chrome/22.0.1229.94 Safari/537.4"
69.89.105.69 - - [25/Oct/2012:13:04:21 -0400] "GET /cosign/valid?cosign-www.gradecraft.com=4OxFt-fEh+FSk-DQIEo2buw+9cpObGpox5N8ilqBVCw0z82UASlnx2GsaQAXsDsKKt7xRIispurYngNAAfJ5750qszvE9ptOYFFACp8fm2WHUmQysq0RVIxG12PI&https://www.gradecraft.com/dashboard HTTP/1.1" 301 900 "-" "Mozilla/5.0 (Macintosh; Intel Mac OS X 10_7_5) AppleWebKit/537.4 (KHTML, like Gecko) Chrome/22.0.1229.94 Safari/537.4"
69.89.105.69 - halmaghi [25/Oct/2012:13:04:21 -0400] "GET /dashboard HTTP/1.1" 302 1364 "-" "Mozilla/5.0 (Macintosh; Intel Mac OS X 10_7_5) AppleWebKit/537.4 (KHTML, like Gecko) Chrome/22.0.1229.94 Safari/537.4"
