35.0.102.129 - rewaters [18/Sep/2012:14:13:01 -0400] "GET /users/predictor.json?user_id=295 HTTP/1.1" 304 1023 "https://www.gradecraft.com/dashboard" "Mozilla/5.0 (Macintosh; Intel Mac OS X 10_7_4) AppleWebKit/536.25 (KHTML, like Gecko) Version/6.0 Safari/536.25"
35.0.102.129 - rewaters [18/Sep/2012:14:13:01 -0400] "GET /users/predictor.json?in_progress=true&user_id=295 HTTP/1.1" 304 869 "https://www.gradecraft.com/dashboard" "Mozilla/5.0 (Macintosh; Intel Mac OS X 10_7_4) AppleWebKit/536.25 (KHTML, like Gecko) Version/6.0 Safari/536.25"
35.0.102.129 - rewaters [18/Sep/2012:14:13:07 -0400] "GET /users/edit_profile HTTP/1.1" 304 901 "https://www.gradecraft.com/dashboard" "Mozilla/5.0 (Macintosh; Intel Mac OS X 10_7_4) AppleWebKit/536.25 (KHTML, like Gecko) Version/6.0 Safari/536.25"
67.194.26.114 - mdparke [18/Sep/2012:14:13:09 -0400] "GET / HTTP/1.1" 500 1166 "https://sites.google.com/a/umich.edu/polsci101f2012/" "Mozilla/5.0 (Macintosh; Intel Mac OS X 10_6_8) AppleWebKit/534.51.22 (KHTML, like Gecko) Version/5.1.1 Safari/534.51.22"
67.194.26.114 - mdparke [18/Sep/2012:14:13:30 -0400] "GET / HTTP/1.1" 500 1166 "https://sites.google.com/a/umich.edu/polsci101f2012/home" "Mozilla/5.0 (Macintosh; Intel Mac OS X 10_6_8) AppleWebKit/534.51.22 (KHTML, like Gecko) Version/5.1.1 Safari/534.51.22"
67.194.26.114 - mdparke [18/Sep/2012:14:13:30 -0400] "GET /favicon.ico HTTP/1.1" 200 4788 "https://www.gradecraft.com/" "Mozilla/5.0 (Macintosh; Intel Mac OS X 10_6_8) AppleWebKit/534.51.22 (KHTML, like Gecko) Version/5.1.1 Safari/534.51.22"
76.99.52.122 - - [18/Sep/2012:14:14:23 -0400] "GET /dashboard HTTP/1.1" 302 3984 "-" "Mozilla/5.0 (Macintosh; Intel Mac OS X 10_8_1) AppleWebKit/537.1 (KHTML, like Gecko) Chrome/21.0.1180.89 Safari/537.1"
76.99.52.122 - - [18/Sep/2012:14:14:34 -0400] "GET /cosign/valid?cosign-www.gradecraft.com=VLBH57z1B-iJyQECb7Wb7fc-z0O16F8uoxrSrhKt-UgDuUcgTv36L1E5weth8BPcIAFTTVfmGcfQqKszBf-7ftEF+u6bvgmUKsIlB1z0dzVgLrCQdncPjUZZyH02&https://www.gradecraft.com/dashboard HTTP/1.1" 301 900 "https://weblogin.umich.edu/?cosign-www.gradecraft.com&https://www.gradecraft.com/dashboard" "Mozilla/5.0 (Macintosh; Intel Mac OS X 10_8_1) AppleWebKit/537.1 (KHTML, like Gecko) Chrome/21.0.1180.89 Safari/537.1"
76.99.52.122 - tarikbel@seas.upenn.edu [18/Sep/2012:14:14:35 -0400] "GET /dashboard HTTP/1.1" 200 3748 "https://weblogin.umich.edu/?cosign-www.gradecraft.com&https://www.gradecraft.com/dashboard" "Mozilla/5.0 (Macintosh; Intel Mac OS X 10_8_1) AppleWebKit/537.1 (KHTML, like Gecko) Chrome/21.0.1180.89 Safari/537.1"
76.99.52.122 - tarikbel@seas.upenn.edu [18/Sep/2012:14:14:35 -0400] "GET /assets/application-ae9afcefede0db68672464a1f0f30f59.css HTTP/1.1" 200 45133 "https://www.gradecraft.com/dashboard" "Mozilla/5.0 (Macintosh; Intel Mac OS X 10_8_1) AppleWebKit/537.1 (KHTML, like Gecko) Chrome/21.0.1180.89 Safari/537.1"
76.99.52.122 - tarikbel@seas.upenn.edu [18/Sep/2012:14:14:35 -0400] "GET /assets/stylesheets/superhero.min.css HTTP/1.1" 200 19477 "https://www.gradecraft.com/dashboard" "Mozilla/5.0 (Macintosh; Intel Mac OS X 10_8_1) AppleWebKit/537.1 (KHTML, like Gecko) Chrome/21.0.1180.89 Safari/537.1"
76.99.52.122 - tarikbel@seas.upenn.edu [18/Sep/2012:14:14:35 -0400] "GET /assets/application-542000ad953fb19fdb62cdd04228c4b9.js HTTP/1.1" 200 202564 "https://www.gradecraft.com/dashboard" "Mozilla/5.0 (Macintosh; Intel Mac OS X 10_8_1) AppleWebKit/537.1 (KHTML, like Gecko) Chrome/21.0.1180.89 Safari/537.1"
76.99.52.122 - tarikbel@seas.upenn.edu [18/Sep/2012:14:14:36 -0400] "GET /users/predictor.json?user_id=45 HTTP/1.1" 304 869 "https://www.gradecraft.com/dashboard" "Mozilla/5.0 (Macintosh; Intel Mac OS X 10_8_1) AppleWebKit/537.1 (KHTML, like Gecko) Chrome/21.0.1180.89 Safari/537.1"
76.99.52.122 - tarikbel@seas.upenn.edu [18/Sep/2012:14:14:36 -0400] "GET /users/predictor.json?in_progress=true&user_id=45 HTTP/1.1" 304 869 "https://www.gradecraft.com/dashboard" "Mozilla/5.0 (Macintosh; Intel Mac OS X 10_8_1) AppleWebKit/537.1 (KHTML, like Gecko) Chrome/21.0.1180.89 Safari/537.1"
35.0.102.129 - rewaters [18/Sep/2012:14:15:03 -0400] "GET /dashboard HTTP/1.1" 304 1055 "https://www.gradecraft.com/users/edit_profile" "Mozilla/5.0 (Macintosh; Intel Mac OS X 10_7_4) AppleWebKit/536.25 (KHTML, like Gecko) Version/6.0 Safari/536.25"
35.0.102.129 - rewaters [18/Sep/2012:14:15:04 -0400] "GET /users/predictor.json?user_id=295 HTTP/1.1" 304 1007 "https://www.gradecraft.com/dashboard" "Mozilla/5.0 (Macintosh; Intel Mac OS X 10_7_4) AppleWebKit/536.25 (KHTML, like Gecko) Version/6.0 Safari/536.25"
35.0.102.129 - rewaters [18/Sep/2012:14:15:04 -0400] "GET /users/predictor.json?in_progress=true&user_id=295 HTTP/1.1" 304 1023 "https://www.gradecraft.com/dashboard" "Mozilla/5.0 (Macintosh; Intel Mac OS X 10_7_4) AppleWebKit/536.25 (KHTML, like Gecko) Version/6.0 Safari/536.25"
35.0.102.129 - rewaters [18/Sep/2012:14:15:17 -0400] "GET /users/edit_profile HTTP/1.1" 304 917 "https://www.gradecraft.com/dashboard" "Mozilla/5.0 (Macintosh; Intel Mac OS X 10_7_4) AppleWebKit/536.25 (KHTML, like Gecko) Version/6.0 Safari/536.25"
35.0.102.129 - rewaters [18/Sep/2012:14:15:31 -0400] "POST /users/295 HTTP/1.1" 302 1774 "https://www.gradecraft.com/users/edit_profile" "Mozilla/5.0 (Macintosh; Intel Mac OS X 10_7_4) AppleWebKit/536.25 (KHTML, like Gecko) Version/6.0 Safari/536.25"
35.0.102.129 - rewaters [18/Sep/2012:14:15:31 -0400] "GET /users/295 HTTP/1.1" 302 1636 "https://www.gradecraft.com/users/edit_profile" "Mozilla/5.0 (Macintosh; Intel Mac OS X 10_7_4) AppleWebKit/536.25 (KHTML, like Gecko) Version/6.0 Safari/536.25"
35.0.102.129 - rewaters [18/Sep/2012:14:15:31 -0400] "GET /dashboard HTTP/1.1" 200 4564 "https://www.gradecraft.com/users/edit_profile" "Mozilla/5.0 (Macintosh; Intel Mac OS X 10_7_4) AppleWebKit/536.25 (KHTML, like Gecko) Version/6.0 Safari/536.25"
35.0.102.129 - rewaters [18/Sep/2012:14:15:31 -0400] "GET /users/predictor.json?user_id=295 HTTP/1.1" 200 1732 "https://www.gradecraft.com/dashboard" "Mozilla/5.0 (Macintosh; Intel Mac OS X 10_7_4) AppleWebKit/536.25 (KHTML, like Gecko) Version/6.0 Safari/536.25"
35.0.102.129 - rewaters [18/Sep/2012:14:15:31 -0400] "GET /users/predictor.json?in_progress=true&user_id=295 HTTP/1.1" 200 1578 "https://www.gradecraft.com/dashboard" "Mozilla/5.0 (Macintosh; Intel Mac OS X 10_7_4) AppleWebKit/536.25 (KHTML, like Gecko) Version/6.0 Safari/536.25"
35.0.102.129 - rewaters [18/Sep/2012:14:15:37 -0400] "GET /users/edit_profile HTTP/1.1" 200 3172 "https://www.gradecraft.com/dashboard" "Mozilla/5.0 (Macintosh; Intel Mac OS X 10_7_4) AppleWebKit/536.25 (KHTML, like Gecko) Version/6.0 Safari/536.25"
35.0.102.129 - rewaters [18/Sep/2012:14:15:44 -0400] "POST /users/295 HTTP/1.1" 302 1636 "https://www.gradecraft.com/users/edit_profile" "Mozilla/5.0 (Macintosh; Intel Mac OS X 10_7_4) AppleWebKit/536.25 (KHTML, like Gecko) Version/6.0 Safari/536.25"
35.0.102.129 - rewaters [18/Sep/2012:14:15:44 -0400] "GET /users/295 HTTP/1.1" 302 1636 "https://www.gradecraft.com/users/edit_profile" "Mozilla/5.0 (Macintosh; Intel Mac OS X 10_7_4) AppleWebKit/536.25 (KHTML, like Gecko) Version/6.0 Safari/536.25"
35.0.102.129 - rewaters [18/Sep/2012:14:15:44 -0400] "GET /dashboard HTTP/1.1" 200 4564 "https://www.gradecraft.com/users/edit_profile" "Mozilla/5.0 (Macintosh; Intel Mac OS X 10_7_4) AppleWebKit/536.25 (KHTML, like Gecko) Version/6.0 Safari/536.25"
35.0.102.129 - rewaters [18/Sep/2012:14:15:45 -0400] "GET /users/predictor.json?user_id=295 HTTP/1.1" 304 885 "https://www.gradecraft.com/dashboard" "Mozilla/5.0 (Macintosh; Intel Mac OS X 10_7_4) AppleWebKit/536.25 (KHTML, like Gecko) Version/6.0 Safari/536.25"
35.0.102.129 - rewaters [18/Sep/2012:14:15:45 -0400] "GET /users/predictor.json?in_progress=true&user_id=295 HTTP/1.1" 304 885 "https://www.gradecraft.com/dashboard" "Mozilla/5.0 (Macintosh; Intel Mac OS X 10_7_4) AppleWebKit/536.25 (KHTML, like Gecko) Version/6.0 Safari/536.25"
35.0.102.129 - rewaters [18/Sep/2012:14:15:48 -0400] "GET /dashboard HTTP/1.1" 200 4702 "-" "Mozilla/5.0 (Macintosh; Intel Mac OS X 10_7_4) AppleWebKit/536.25 (KHTML, like Gecko) Version/6.0 Safari/536.25"
35.0.102.129 - rewaters [18/Sep/2012:14:15:49 -0400] "GET /users/predictor.json?user_id=295 HTTP/1.1" 304 1023 "https://www.gradecraft.com/dashboard" "Mozilla/5.0 (Macintosh; Intel Mac OS X 10_7_4) AppleWebKit/536.25 (KHTML, like Gecko) Version/6.0 Safari/536.25"
35.0.102.129 - rewaters [18/Sep/2012:14:15:49 -0400] "GET /users/predictor.json?in_progress=true&user_id=295 HTTP/1.1" 304 869 "https://www.gradecraft.com/dashboard" "Mozilla/5.0 (Macintosh; Intel Mac OS X 10_7_4) AppleWebKit/536.25 (KHTML, like Gecko) Version/6.0 Safari/536.25"
67.194.18.8 - mibednar [18/Sep/2012:14:18:28 -0400] "GET / HTTP/1.1" 500 3526 "https://sites.google.com/a/umich.edu/polsci101f2012/course-structure/badge-summary" "Mozilla/5.0 (Macintosh; Intel Mac OS X 10_7_4) AppleWebKit/536.25 (KHTML, like Gecko) Version/6.0 Safari/536.25"
67.194.26.114 - mdparke [18/Sep/2012:14:18:47 -0400] "GET / HTTP/1.1" 500 3526 "https://sites.google.com/a/umich.edu/polsci101f2012/" "Mozilla/5.0 (Macintosh; Intel Mac OS X 10_6_8) AppleWebKit/534.51.22 (KHTML, like Gecko) Version/5.1.1 Safari/534.51.22"
67.194.26.114 - - [18/Sep/2012:14:19:59 -0400] "GET / HTTP/1.1" 302 3254 "-" "Mozilla/5.0 (Macintosh; Intel Mac OS X 10_6_8) AppleWebKit/534.51.22 (KHTML, like Gecko) Version/5.1.1 Safari/534.51.22"
67.194.18.213 - jacksty [18/Sep/2012:14:21:00 -0400] "GET / HTTP/1.1" 200 4987 "https://sites.google.com/a/umich.edu/polsci101f2012/readings" "Mozilla/5.0 (Macintosh; Intel Mac OS X 10_8_1) AppleWebKit/536.25 (KHTML, like Gecko) Version/6.0 Safari/536.25"
67.194.27.175 - - [18/Sep/2012:14:21:25 -0400] "GET / HTTP/1.1" 302 3984 "https://sites.google.com/a/umich.edu/polsci101f2012/readings" "Mozilla/5.0 (Macintosh; Intel Mac OS X 10.7; rv:14.0) Gecko/20100101 Firefox/14.0.1"
67.194.27.175 - - [18/Sep/2012:14:21:25 -0400] "GET /cosign/valid?cosign-www.gradecraft.com=5tJi+Pm9GrczzxGoQEbmo4z3Sve4H-2BkAitkUD-OdfgQ4Y0gZU9RfO09+ofIiLIf5-7wzpeAvxcwSfxIA-XbJAUIK5ZzXJ3eeuB6nmhApv5yB+bWcpZT3aHXsXC&https://www.gradecraft.com/ HTTP/1.1" 301 868 "https://sites.google.com/a/umich.edu/polsci101f2012/readings" "Mozilla/5.0 (Macintosh; Intel Mac OS X 10.7; rv:14.0) Gecko/20100101 Firefox/14.0.1"
67.194.27.175 - mdcor [18/Sep/2012:14:21:25 -0400] "GET / HTTP/1.1" 200 2484 "https://sites.google.com/a/umich.edu/polsci101f2012/readings" "Mozilla/5.0 (Macintosh; Intel Mac OS X 10.7; rv:14.0) Gecko/20100101 Firefox/14.0.1"
67.194.27.175 - mdcor [18/Sep/2012:14:21:25 -0400] "GET /assets/application-ae9afcefede0db68672464a1f0f30f59.css HTTP/1.1" 200 45133 "https://www.gradecraft.com/" "Mozilla/5.0 (Macintosh; Intel Mac OS X 10.7; rv:14.0) Gecko/20100101 Firefox/14.0.1"
67.194.27.175 - mdcor [18/Sep/2012:14:21:25 -0400] "GET /assets/application-542000ad953fb19fdb62cdd04228c4b9.js HTTP/1.1" 200 199481 "https://www.gradecraft.com/" "Mozilla/5.0 (Macintosh; Intel Mac OS X 10.7; rv:14.0) Gecko/20100101 Firefox/14.0.1"
67.194.27.175 - mdcor [18/Sep/2012:14:21:47 -0400] "POST /user_sessions HTTP/1.1" 200 3141 "https://www.gradecraft.com/" "Mozilla/5.0 (Macintosh; Intel Mac OS X 10.7; rv:14.0) Gecko/20100101 Firefox/14.0.1"
67.194.16.23 - - [18/Sep/2012:14:21:50 -0400] "GET / HTTP/1.1" 302 3254 "https://sites.google.com/a/umich.edu/polsci101f2012/grading-summary" "Mozilla/5.0 (Macintosh; Intel Mac OS X 10_7_2) AppleWebKit/534.51.22 (KHTML, like Gecko) Version/5.1.1 Safari/534.51.22"
67.194.16.23 - - [18/Sep/2012:14:21:56 -0400] "GET /cosign/valid?cosign-www.gradecraft.com=2W2vy2dnlbCait9WU2VSGwN7FyyWq+XMl406jPNxCd1t1mCEj2eU1rQyO1gV2EN6q8OyKBaIp6EPZndyUX6qaUKc9J+Ps5XExcwitZR9rI81XypTuyZKKMiz0RLj&https://www.gradecraft.com/ HTTP/1.1" 301 868 "https://weblogin.umich.edu/?cosign-www.gradecraft.com&https://www.gradecraft.com/" "Mozilla/5.0 (Macintosh; Intel Mac OS X 10_7_2) AppleWebKit/534.51.22 (KHTML, like Gecko) Version/5.1.1 Safari/534.51.22"
67.194.16.23 - britleem [18/Sep/2012:14:21:56 -0400] "GET / HTTP/1.1" 200 2468 "https://weblogin.umich.edu/?cosign-www.gradecraft.com&https://www.gradecraft.com/" "Mozilla/5.0 (Macintosh; Intel Mac OS X 10_7_2) AppleWebKit/534.51.22 (KHTML, like Gecko) Version/5.1.1 Safari/534.51.22"
67.194.16.23 - britleem [18/Sep/2012:14:21:56 -0400] "GET /assets/application-ae9afcefede0db68672464a1f0f30f59.css HTTP/1.1" 200 45133 "https://www.gradecraft.com/" "Mozilla/5.0 (Macintosh; Intel Mac OS X 10_7_2) AppleWebKit/534.51.22 (KHTML, like Gecko) Version/5.1.1 Safari/534.51.22"
67.194.16.23 - britleem [18/Sep/2012:14:21:56 -0400] "GET /assets/application-542000ad953fb19fdb62cdd04228c4b9.js HTTP/1.1" 200 199474 "https://www.gradecraft.com/" "Mozilla/5.0 (Macintosh; Intel Mac OS X 10_7_2) AppleWebKit/534.51.22 (KHTML, like Gecko) Version/5.1.1 Safari/534.51.22"
67.194.16.23 - britleem [18/Sep/2012:14:21:56 -0400] "GET /favicon.ico HTTP/1.1" 200 4650 "https://www.gradecraft.com/" "Mozilla/5.0 (Macintosh; Intel Mac OS X 10_7_2) AppleWebKit/534.51.22 (KHTML, like Gecko) Version/5.1.1 Safari/534.51.22"
67.194.27.175 - mdcor [18/Sep/2012:14:22:11 -0400] "POST /user_sessions HTTP/1.1" 200 3157 "https://www.gradecraft.com/user_sessions" "Mozilla/5.0 (Macintosh; Intel Mac OS X 10.7; rv:14.0) Gecko/20100101 Firefox/14.0.1"
67.194.16.23 - britleem [18/Sep/2012:14:22:11 -0400] "POST /user_sessions HTTP/1.1" 200 3012 "https://www.gradecraft.com/" "Mozilla/5.0 (Macintosh; Intel Mac OS X 10_7_2) AppleWebKit/534.51.22 (KHTML, like Gecko) Version/5.1.1 Safari/534.51.22"
208.75.21.122 - rickif [18/Sep/2012:14:22:19 -0400] "GET / HTTP/1.1" 500 4256 "-" "Mozilla/5.0 (Macintosh; Intel Mac OS X 10_7_4) AppleWebKit/537.1 (KHTML, like Gecko) Chrome/21.0.1180.89 Safari/537.1"
67.194.16.23 - britleem [18/Sep/2012:14:22:23 -0400] "POST /user_sessions HTTP/1.1" 200 3012 "https://www.gradecraft.com/user_sessions" "Mozilla/5.0 (Macintosh; Intel Mac OS X 10_7_2) AppleWebKit/534.51.22 (KHTML, like Gecko) Version/5.1.1 Safari/534.51.22"
208.75.21.122 - rickif [18/Sep/2012:14:22:26 -0400] "GET / HTTP/1.1" 500 4256 "https://sites.google.com/a/umich.edu/polsci101f2012/readings" "Mozilla/5.0 (Macintosh; Intel Mac OS X 10_7_4) AppleWebKit/537.1 (KHTML, like Gecko) Chrome/21.0.1180.89 Safari/537.1"
67.194.27.175 - mdcor [18/Sep/2012:14:22:29 -0400] "POST /user_sessions HTTP/1.1" 200 3157 "https://www.gradecraft.com/user_sessions" "Mozilla/5.0 (Macintosh; Intel Mac OS X 10.7; rv:14.0) Gecko/20100101 Firefox/14.0.1"
67.194.16.23 - britleem [18/Sep/2012:14:22:39 -0400] "POST /user_sessions HTTP/1.1" 200 3150 "https://www.gradecraft.com/user_sessions" "Mozilla/5.0 (Macintosh; Intel Mac OS X 10_7_2) AppleWebKit/534.51.22 (KHTML, like Gecko) Version/5.1.1 Safari/534.51.22"
67.194.31.173 - wkujo [18/Sep/2012:14:22:45 -0400] "GET /logout HTTP/1.1" 302 3803 "https://www.gradecraft.com/dashboard" "Mozilla/5.0 (Macintosh; Intel Mac OS X 10_8_1) AppleWebKit/536.25 (KHTML, like Gecko) Version/6.0 Safari/536.25"
67.194.27.175 - mdcor [18/Sep/2012:14:22:53 -0400] "POST /user_sessions HTTP/1.1" 200 3141 "https://www.gradecraft.com/user_sessions" "Mozilla/5.0 (Macintosh; Intel Mac OS X 10.7; rv:14.0) Gecko/20100101 Firefox/14.0.1"
67.194.16.23 - britleem [18/Sep/2012:14:22:54 -0400] "GET /user_sessions?utf8=%E2%9C%93&authenticity_token=Lh9euijmashXezPa7zv7npgPuuyMr%2FGns8ZaP6Z0Shk%3D&commit=Create+a+New+Password HTTP/1.1" 404 1044 "https://www.gradecraft.com/user_sessions" "Mozilla/5.0 (Macintosh; Intel Mac OS X 10_7_2) AppleWebKit/534.51.22 (KHTML, like Gecko) Version/5.1.1 Safari/534.51.22"
67.194.27.175 - mdcor [18/Sep/2012:14:22:57 -0400] "GET / HTTP/1.1" 304 821 "-" "Mozilla/5.0 (Macintosh; Intel Mac OS X 10.7; rv:14.0) Gecko/20100101 Firefox/14.0.1"
67.194.16.23 - britleem [18/Sep/2012:14:23:03 -0400] "GET / HTTP/1.1" 304 821 "https://sites.google.com/a/umich.edu/polsci101f2012/course-structure/essays/essay1" "Mozilla/5.0 (Macintosh; Intel Mac OS X 10_7_2) AppleWebKit/534.51.22 (KHTML, like Gecko) Version/5.1.1 Safari/534.51.22"
67.194.16.23 - britleem [18/Sep/2012:14:23:09 -0400] "GET /login HTTP/1.1" 200 2894 "https://www.gradecraft.com/" "Mozilla/5.0 (Macintosh; Intel Mac OS X 10_7_2) AppleWebKit/534.51.22 (KHTML, like Gecko) Version/5.1.1 Safari/534.51.22"
67.194.16.23 - britleem [18/Sep/2012:14:23:17 -0400] "POST /user_sessions HTTP/1.1" 200 2996 "https://www.gradecraft.com/login" "Mozilla/5.0 (Macintosh; Intel Mac OS X 10_7_2) AppleWebKit/534.51.22 (KHTML, like Gecko) Version/5.1.1 Safari/534.51.22"
67.194.16.23 - britleem [18/Sep/2012:14:23:23 -0400] "GET /user_sessions HTTP/1.1" 404 1044 "https://www.gradecraft.com/user_sessions" "Mozilla/5.0 (Macintosh; Intel Mac OS X 10_7_2) AppleWebKit/534.51.22 (KHTML, like Gecko) Version/5.1.1 Safari/534.51.22"
67.194.16.23 - britleem [18/Sep/2012:14:23:35 -0400] "GET / HTTP/1.1" 304 821 "https://sites.google.com/a/umich.edu/polsci101f2012/" "Mozilla/5.0 (Macintosh; Intel Mac OS X 10_7_2) AppleWebKit/534.51.22 (KHTML, like Gecko) Version/5.1.1 Safari/534.51.22"
67.194.16.23 - britleem [18/Sep/2012:14:23:35 -0400] "GET /assets/application-542000ad953fb19fdb62cdd04228c4b9.js HTTP/1.1" 200 199474 "https://www.gradecraft.com/" "Mozilla/5.0 (Macintosh; Intel Mac OS X 10_7_2) AppleWebKit/534.51.22 (KHTML, like Gecko) Version/5.1.1 Safari/534.51.22"
69.89.105.69 - - [18/Sep/2012:14:23:44 -0400] "GET / HTTP/1.1" 302 3254 "https://sites.google.com/a/umich.edu/polsci101f2012/" "Mozilla/5.0 (Macintosh; Intel Mac OS X 10_6_8) AppleWebKit/534.52.7 (KHTML, like Gecko) Version/5.1.2 Safari/534.52.7"
69.89.105.69 - - [18/Sep/2012:14:23:45 -0400] "GET /cosign/valid?cosign-www.gradecraft.com=QK9eflryloj0G+Pw0flocr8mfiEDbbGDv88RVPF7nVYD0wTKxlF6I11Z3ZnLiPI49MVWSel10at6Tn1Beaj0wG5pmr1Fv7+uDgxmb5Lk935fs-oSRKC7e6jNTg0W&https://www.gradecraft.com/ HTTP/1.1" 301 868 "https://sites.google.com/a/umich.edu/polsci101f2012/" "Mozilla/5.0 (Macintosh; Intel Mac OS X 10_6_8) AppleWebKit/534.52.7 (KHTML, like Gecko) Version/5.1.2 Safari/534.52.7"
69.89.105.69 - elainenk [18/Sep/2012:14:23:45 -0400] "GET / HTTP/1.1" 500 1028 "https://sites.google.com/a/umich.edu/polsci101f2012/" "Mozilla/5.0 (Macintosh; Intel Mac OS X 10_6_8) AppleWebKit/534.52.7 (KHTML, like Gecko) Version/5.1.2 Safari/534.52.7"
67.194.16.23 - britleem [18/Sep/2012:14:23:49 -0400] "POST /user_sessions HTTP/1.1" 200 3012 "https://www.gradecraft.com/" "Mozilla/5.0 (Macintosh; Intel Mac OS X 10_7_2) AppleWebKit/534.51.22 (KHTML, like Gecko) Version/5.1.1 Safari/534.51.22"
69.89.105.69 - elainenk [18/Sep/2012:14:23:49 -0400] "GET / HTTP/1.1" 500 1166 "https://sites.google.com/a/umich.edu/polsci101f2012/" "Mozilla/5.0 (Macintosh; Intel Mac OS X 10_6_8) AppleWebKit/534.52.7 (KHTML, like Gecko) Version/5.1.2 Safari/534.52.7"
69.89.105.69 - elainenk [18/Sep/2012:14:23:54 -0400] "GET / HTTP/1.1" 500 1166 "https://sites.google.com/a/umich.edu/polsci101f2012/" "Mozilla/5.0 (Macintosh; Intel Mac OS X 10_6_8) AppleWebKit/534.52.7 (KHTML, like Gecko) Version/5.1.2 Safari/534.52.7"
67.194.16.23 - britleem [18/Sep/2012:14:24:07 -0400] "POST /user_sessions HTTP/1.1" 200 3150 "https://www.gradecraft.com/user_sessions" "Mozilla/5.0 (Macintosh; Intel Mac OS X 10_7_2) AppleWebKit/534.51.22 (KHTML, like Gecko) Version/5.1.1 Safari/534.51.22"
67.194.19.241 - - [18/Sep/2012:14:24:45 -0400] "GET / HTTP/1.1" 302 3984 "-" "Mozilla/5.0 (Windows NT 6.1; WOW64; rv:15.0) Gecko/20100101 Firefox/15.0.1"
67.194.19.241 - - [18/Sep/2012:14:24:45 -0400] "GET /cosign/valid?cosign-www.gradecraft.com=56BHICBxPFSq1Bx7FeB0p9sP7k-+siH7QZ5I7TuI10kvdBDBYHDeapRJXMJ7xJoJwTdIZ86Ldmjmb5YUC71-fSf+USPABAjiDcffD-ju0KYS5WSKAF-D1zyH83iF&https://gradecraft.com/ HTTP/1.1" 301 3968 "-" "Mozilla/5.0 (Windows NT 6.1; WOW64; rv:15.0) Gecko/20100101 Firefox/15.0.1"
67.194.19.241 - - [18/Sep/2012:14:24:54 -0400] "GET /dashboard HTTP/1.1" 302 756 "-" "Mozilla/5.0 (Windows NT 6.1; WOW64; rv:15.0) Gecko/20100101 Firefox/15.0.1"
67.194.19.241 - - [18/Sep/2012:14:24:54 -0400] "GET /cosign/valid?cosign-www.gradecraft.com=dMqymKSJgZH-6UatVwwDYGEVMozG+yx35QMWd3gZ2dG14NzhH6c-CFO8Lfsn7SsyRodn4-S2LU+P0UzBO-GdM0UXYxtWhAphojfXWPJUcYqKnW3DnadCgWDwpXYZ&https://www.gradecraft.com/dashboard HTTP/1.1" 301 900 "-" "Mozilla/5.0 (Windows NT 6.1; WOW64; rv:15.0) Gecko/20100101 Firefox/15.0.1"
67.194.19.241 - duncsmit [18/Sep/2012:14:24:54 -0400] "GET /dashboard HTTP/1.1" 302 1348 "-" "Mozilla/5.0 (Windows NT 6.1; WOW64; rv:15.0) Gecko/20100101 Firefox/15.0.1"
67.194.19.241 - duncsmit [18/Sep/2012:14:24:54 -0400] "GET /dashboard HTTP/1.1" 200 4548 "-" "Mozilla/5.0 (Windows NT 6.1; WOW64; rv:15.0) Gecko/20100101 Firefox/15.0.1"
67.194.19.241 - duncsmit [18/Sep/2012:14:24:54 -0400] "GET /assets/stylesheets/cyborg.min.css HTTP/1.1" 200 16538 "https://www.gradecraft.com/dashboard" "Mozilla/5.0 (Windows NT 6.1; WOW64; rv:15.0) Gecko/20100101 Firefox/15.0.1"
67.194.19.241 - duncsmit [18/Sep/2012:14:24:54 -0400] "GET /assets/application-ae9afcefede0db68672464a1f0f30f59.css HTTP/1.1" 200 45133 "https://www.gradecraft.com/dashboard" "Mozilla/5.0 (Windows NT 6.1; WOW64; rv:15.0) Gecko/20100101 Firefox/15.0.1"
67.194.19.241 - duncsmit [18/Sep/2012:14:24:54 -0400] "GET /assets/application-542000ad953fb19fdb62cdd04228c4b9.js HTTP/1.1" 200 199481 "https://www.gradecraft.com/dashboard" "Mozilla/5.0 (Windows NT 6.1; WOW64; rv:15.0) Gecko/20100101 Firefox/15.0.1"
67.194.19.241 - duncsmit [18/Sep/2012:14:24:55 -0400] "GET /users/predictor.json?user_id=237 HTTP/1.1" 304 885 "https://www.gradecraft.com/dashboard" "Mozilla/5.0 (Windows NT 6.1; WOW64; rv:15.0) Gecko/20100101 Firefox/15.0.1"
67.194.19.241 - duncsmit [18/Sep/2012:14:24:55 -0400] "GET /users/predictor.json?in_progress=true&user_id=237 HTTP/1.1" 304 885 "https://www.gradecraft.com/dashboard" "Mozilla/5.0 (Windows NT 6.1; WOW64; rv:15.0) Gecko/20100101 Firefox/15.0.1"
67.194.16.23 - britleem [18/Sep/2012:14:25:15 -0400] "GET / HTTP/1.1" 304 959 "-" "Mozilla/5.0 (Macintosh; Intel Mac OS X 10_7_2) AppleWebKit/534.51.22 (KHTML, like Gecko) Version/5.1.1 Safari/534.51.22"
67.194.16.23 - britleem [18/Sep/2012:14:25:16 -0400] "GET /assets/application-ae9afcefede0db68672464a1f0f30f59.css HTTP/1.1" 200 45271 "https://www.gradecraft.com/" "Mozilla/5.0 (Macintosh; Intel Mac OS X 10_7_2) AppleWebKit/534.51.22 (KHTML, like Gecko) Version/5.1.1 Safari/534.51.22"
67.194.16.23 - britleem [18/Sep/2012:14:25:16 -0400] "GET /assets/application-542000ad953fb19fdb62cdd04228c4b9.js HTTP/1.1" 200 199474 "https://www.gradecraft.com/" "Mozilla/5.0 (Macintosh; Intel Mac OS X 10_7_2) AppleWebKit/534.51.22 (KHTML, like Gecko) Version/5.1.1 Safari/534.51.22"
67.194.19.241 - duncsmit [18/Sep/2012:14:25:22 -0400] "GET /assignments/100/assignment_submissions/new?user_id=237 HTTP/1.1" 200 2965 "https://www.gradecraft.com/dashboard" "Mozilla/5.0 (Windows NT 6.1; WOW64; rv:15.0) Gecko/20100101 Firefox/15.0.1"
67.194.31.173 - wkujo [18/Sep/2012:14:25:24 -0400] "GET /logout HTTP/1.1" 302 1669 "https://www.gradecraft.com/dashboard" "Mozilla/5.0 (Macintosh; Intel Mac OS X 10_8_1) AppleWebKit/536.25 (KHTML, like Gecko) Version/6.0 Safari/536.25"
67.194.31.173 - wkujo [18/Sep/2012:14:25:24 -0400] "GET /dashboard HTTP/1.1" 200 4564 "https://www.gradecraft.com/dashboard" "Mozilla/5.0 (Macintosh; Intel Mac OS X 10_8_1) AppleWebKit/536.25 (KHTML, like Gecko) Version/6.0 Safari/536.25"
67.194.31.173 - wkujo [18/Sep/2012:14:25:25 -0400] "GET /users/predictor.json?user_id=228 HTTP/1.1" 200 1723 "https://www.gradecraft.com/dashboard" "Mozilla/5.0 (Macintosh; Intel Mac OS X 10_8_1) AppleWebKit/536.25 (KHTML, like Gecko) Version/6.0 Safari/536.25"
67.194.31.173 - wkujo [18/Sep/2012:14:25:25 -0400] "GET /users/predictor.json?in_progress=true&user_id=228 HTTP/1.1" 200 1578 "https://www.gradecraft.com/dashboard" "Mozilla/5.0 (Macintosh; Intel Mac OS X 10_8_1) AppleWebKit/536.25 (KHTML, like Gecko) Version/6.0 Safari/536.25"
67.194.31.173 - wkujo [18/Sep/2012:14:25:27 -0400] "GET /logout HTTP/1.1" 302 1284 "https://www.gradecraft.com/dashboard" "Mozilla/5.0 (Macintosh; Intel Mac OS X 10_8_1) AppleWebKit/536.25 (KHTML, like Gecko) Version/6.0 Safari/536.25"
67.194.4.203 - - [18/Sep/2012:14:25:28 -0400] "GET / HTTP/1.1" 302 3984 "-" "Mozilla/5.0 (X11; Linux x86_64; rv:15.0) Gecko/20100101 Firefox/15.0"
67.194.4.203 - - [18/Sep/2012:14:25:28 -0400] "GET /cosign/valid?cosign-www.gradecraft.com=lOw+pjWbZj3gh-dbYW6lsfx8g+uodomhfKxdH2blE4wgSETMrw8Co1B3HgPplFEl3xXAqLQia16wDHeebGXDAzviSGiSl4XfxpOHcm3Y1Lagpayai2fYwN69+yIg&https://www.gradecraft.com/ HTTP/1.1" 301 868 "-" "Mozilla/5.0 (X11; Linux x86_64; rv:15.0) Gecko/20100101 Firefox/15.0"
67.194.4.203 - justwill [18/Sep/2012:14:25:28 -0400] "GET / HTTP/1.1" 200 2484 "-" "Mozilla/5.0 (X11; Linux x86_64; rv:15.0) Gecko/20100101 Firefox/15.0"
67.194.4.203 - justwill [18/Sep/2012:14:25:28 -0400] "GET /assets/application-ae9afcefede0db68672464a1f0f30f59.css HTTP/1.1" 200 45133 "https://www.gradecraft.com/" "Mozilla/5.0 (X11; Linux x86_64; rv:15.0) Gecko/20100101 Firefox/15.0"
67.194.4.203 - justwill [18/Sep/2012:14:25:29 -0400] "GET /assets/application-542000ad953fb19fdb62cdd04228c4b9.js HTTP/1.1" 200 199481 "https://www.gradecraft.com/" "Mozilla/5.0 (X11; Linux x86_64; rv:15.0) Gecko/20100101 Firefox/15.0"
67.194.31.173 - wkujo [18/Sep/2012:14:25:32 -0400] "GET / HTTP/1.1" 200 2660 "-" "Mozilla/5.0 (Macintosh; Intel Mac OS X 10_8_1) AppleWebKit/536.25 (KHTML, like Gecko) Version/6.0 Safari/536.25"
67.194.19.241 - duncsmit [18/Sep/2012:14:25:37 -0400] "GET /assignments/108/assignment_submissions/new?user_id=237 HTTP/1.1" 200 2820 "https://www.gradecraft.com/dashboard" "Mozilla/5.0 (Windows NT 6.1; WOW64; rv:15.0) Gecko/20100101 Firefox/15.0.1"
67.194.9.28 - - [18/Sep/2012:14:25:37 -0400] "GET / HTTP/1.1" 302 3984 "https://sites.google.com/a/umich.edu/polsci101f2012/readings/blogs" "Mozilla/5.0 (Windows NT 6.1; WOW64; rv:14.0) Gecko/20100101 Firefox/14.0.1"
67.194.74.143 - apmack [18/Sep/2012:14:25:37 -0400] "GET / HTTP/1.1" 500 4061 "-" "Mozilla/5.0 (Macintosh; Intel Mac OS X 10.6; rv:15.0) Gecko/20100101 Firefox/15.0.1"
67.194.76.173 - edv [18/Sep/2012:14:25:38 -0400] "GET /dashboard HTTP/1.1" 304 3420 "-" "Mozilla/5.0 (Macintosh; Intel Mac OS X 10_8) AppleWebKit/536.25 (KHTML, like Gecko) Version/6.0 Safari/536.25"
67.194.66.194 - gamza [18/Sep/2012:14:25:39 -0400] "GET /dashboard HTTP/1.1" 304 4145 "-" "Mozilla/5.0 (Macintosh; Intel Mac OS X 10_8_1) AppleWebKit/537.1 (KHTML, like Gecko) Chrome/21.0.1180.89 Safari/537.1"
67.194.76.173 - edv [18/Sep/2012:14:25:39 -0400] "GET /users/predictor.json?user_id=239 HTTP/1.1" 304 1030 "https://www.gradecraft.com/dashboard" "Mozilla/5.0 (Macintosh; Intel Mac OS X 10_8) AppleWebKit/536.25 (KHTML, like Gecko) Version/6.0 Safari/536.25"
67.194.76.173 - edv [18/Sep/2012:14:25:39 -0400] "GET /users/predictor.json?in_progress=true&user_id=239 HTTP/1.1" 304 885 "https://www.gradecraft.com/dashboard" "Mozilla/5.0 (Macintosh; Intel Mac OS X 10_8) AppleWebKit/536.25 (KHTML, like Gecko) Version/6.0 Safari/536.25"
67.194.27.175 - mdcor [18/Sep/2012:14:25:40 -0400] "GET / HTTP/1.1" 304 966 "https://sites.google.com/a/umich.edu/polsci101f2012/readings/reading-homework" "Mozilla/5.0 (Macintosh; Intel Mac OS X 10.7; rv:14.0) Gecko/20100101 Firefox/14.0.1"
67.194.116.207 - davidjli [18/Sep/2012:14:25:42 -0400] "GET / HTTP/1.1" 304 3854 "-" "Mozilla/5.0 (Windows NT 6.1; WOW64) AppleWebKit/537.1 (KHTML, like Gecko) Chrome/21.0.1180.89 Safari/537.1"
67.194.66.194 - gamza [18/Sep/2012:14:25:42 -0400] "GET /assignments HTTP/1.1" 304 917 "https://www.gradecraft.com/dashboard" "Mozilla/5.0 (Macintosh; Intel Mac OS X 10_8_1) AppleWebKit/537.1 (KHTML, like Gecko) Chrome/21.0.1180.89 Safari/537.1"
67.194.31.173 - wkujo [18/Sep/2012:14:25:43 -0400] "POST /user_sessions HTTP/1.1" 200 3012 "https://www.gradecraft.com/" "Mozilla/5.0 (Macintosh; Intel Mac OS X 10_8_1) AppleWebKit/536.25 (KHTML, like Gecko) Version/6.0 Safari/536.25"
67.194.19.241 - duncsmit [18/Sep/2012:14:25:43 -0400] "GET /assignments HTTP/1.1" 302 1444 "https://www.gradecraft.com/assignments/108/assignment_submissions/new?user_id=237" "Mozilla/5.0 (Windows NT 6.1; WOW64; rv:15.0) Gecko/20100101 Firefox/15.0.1"
67.194.19.241 - duncsmit [18/Sep/2012:14:25:43 -0400] "GET /dashboard HTTP/1.1" 304 917 "https://www.gradecraft.com/assignments/108/assignment_submissions/new?user_id=237" "Mozilla/5.0 (Windows NT 6.1; WOW64; rv:15.0) Gecko/20100101 Firefox/15.0.1"
67.194.19.241 - duncsmit [18/Sep/2012:14:25:44 -0400] "GET /users/predictor.json?in_progress=true&user_id=237 HTTP/1.1" 304 885 "https://www.gradecraft.com/dashboard" "Mozilla/5.0 (Windows NT 6.1; WOW64; rv:15.0) Gecko/20100101 Firefox/15.0.1"
67.194.19.241 - duncsmit [18/Sep/2012:14:25:44 -0400] "GET /users/predictor.json?user_id=237 HTTP/1.1" 304 1030 "https://www.gradecraft.com/dashboard" "Mozilla/5.0 (Windows NT 6.1; WOW64; rv:15.0) Gecko/20100101 Firefox/15.0.1"
67.194.4.203 - justwill [18/Sep/2012:14:25:47 -0400] "POST /user_sessions HTTP/1.1" 200 3141 "https://www.gradecraft.com/" "Mozilla/5.0 (X11; Linux x86_64; rv:15.0) Gecko/20100101 Firefox/15.0"
67.194.74.143 - - [18/Sep/2012:14:25:53 -0400] "GET / HTTP/1.1" 302 3254 "-" "Mozilla/5.0 (Macintosh; U; Intel Mac OS X 10_6_3; en-us) AppleWebKit/531.22.7 (KHTML, like Gecko) Version/4.0.5 Safari/531.22.7"
67.194.27.175 - mdcor [18/Sep/2012:14:25:57 -0400] "POST /user_sessions HTTP/1.1" 200 3157 "https://www.gradecraft.com/" "Mozilla/5.0 (Macintosh; Intel Mac OS X 10.7; rv:14.0) Gecko/20100101 Firefox/14.0.1"
67.194.31.173 - wkujo [18/Sep/2012:14:25:58 -0400] "POST /user_sessions HTTP/1.1" 200 3157 "https://www.gradecraft.com/user_sessions" "Mozilla/5.0 (Macintosh; Intel Mac OS X 10_8_1) AppleWebKit/536.25 (KHTML, like Gecko) Version/6.0 Safari/536.25"
67.194.74.143 - - [18/Sep/2012:14:25:58 -0400] "GET /cosign/valid?cosign-www.gradecraft.com=Smy31L54lziV3q-hibF814lEnacQzxkBJ0YYW48HNKMKdx9RBVazEOtVklA3Aazii8hyuJgFopuImDoAGSzXQQlqDnfjGPMzq2XMl19wyb6gcyLu+cgTDM1QhSPM&https://www.gradecraft.com/ HTTP/1.1" 301 868 "https://weblogin.umich.edu/?cosign-www.gradecraft.com&https://www.gradecraft.com/" "Mozilla/5.0 (Macintosh; U; Intel Mac OS X 10_6_3; en-us) AppleWebKit/531.22.7 (KHTML, like Gecko) Version/4.0.5 Safari/531.22.7"
67.194.74.143 - apmack [18/Sep/2012:14:25:58 -0400] "GET / HTTP/1.1" 200 2484 "https://weblogin.umich.edu/?cosign-www.gradecraft.com&https://www.gradecraft.com/" "Mozilla/5.0 (Macintosh; U; Intel Mac OS X 10_6_3; en-us) AppleWebKit/531.22.7 (KHTML, like Gecko) Version/4.0.5 Safari/531.22.7"
67.194.74.143 - apmack [18/Sep/2012:14:25:58 -0400] "GET /assets/application-542000ad953fb19fdb62cdd04228c4b9.js HTTP/1.1" 200 199336 "https://www.gradecraft.com/" "Mozilla/5.0 (Macintosh; U; Intel Mac OS X 10_6_3; en-us) AppleWebKit/531.22.7 (KHTML, like Gecko) Version/4.0.5 Safari/531.22.7"
67.194.74.143 - apmack [18/Sep/2012:14:25:58 -0400] "GET /assets/application-ae9afcefede0db68672464a1f0f30f59.css HTTP/1.1" 200 45271 "https://www.gradecraft.com/" "Mozilla/5.0 (Macintosh; U; Intel Mac OS X 10_6_3; en-us) AppleWebKit/531.22.7 (KHTML, like Gecko) Version/4.0.5 Safari/531.22.7"
67.194.116.207 - davidjli [18/Sep/2012:14:25:58 -0400] "POST /user_sessions HTTP/1.1" 200 6029 "https://www.gradecraft.com/" "Mozilla/5.0 (Windows NT 6.1; WOW64) AppleWebKit/537.1 (KHTML, like Gecko) Chrome/21.0.1180.89 Safari/537.1"
67.194.74.143 - apmack [18/Sep/2012:14:25:58 -0400] "GET /favicon.ico HTTP/1.1" 200 4650 "https://www.gradecraft.com/" "Mozilla/5.0 (Macintosh; U; Intel Mac OS X 10_6_3; en-us) AppleWebKit/531.22.7 (KHTML, like Gecko) Version/4.0.5 Safari/531.22.7"
67.194.4.203 - justwill [18/Sep/2012:14:26:04 -0400] "POST /user_sessions HTTP/1.1" 200 3157 "https://www.gradecraft.com/user_sessions" "Mozilla/5.0 (X11; Linux x86_64; rv:15.0) Gecko/20100101 Firefox/15.0"
67.194.27.175 - mdcor [18/Sep/2012:14:26:05 -0400] "GET /login HTTP/1.1" 200 2740 "https://www.gradecraft.com/" "Mozilla/5.0 (Macintosh; Intel Mac OS X 10.7; rv:14.0) Gecko/20100101 Firefox/14.0.1"
67.194.26.114 - mdparke [18/Sep/2012:14:26:05 -0400] "GET / HTTP/1.1" 500 3526 "https://sites.google.com/a/umich.edu/polsci101f2012/" "Mozilla/5.0 (Macintosh; Intel Mac OS X 10_6_8) AppleWebKit/534.51.22 (KHTML, like Gecko) Version/5.1.1 Safari/534.51.22"
67.194.74.143 - apmack [18/Sep/2012:14:26:10 -0400] "POST /user_sessions HTTP/1.1" 200 2996 "https://www.gradecraft.com/" "Mozilla/5.0 (Macintosh; U; Intel Mac OS X 10_6_3; en-us) AppleWebKit/531.22.7 (KHTML, like Gecko) Version/4.0.5 Safari/531.22.7"
67.194.4.203 - justwill [18/Sep/2012:14:26:18 -0400] "POST /user_sessions HTTP/1.1" 200 2996 "https://www.gradecraft.com/user_sessions" "Mozilla/5.0 (X11; Linux x86_64; rv:15.0) Gecko/20100101 Firefox/15.0"
67.194.74.143 - apmack [18/Sep/2012:14:26:21 -0400] "GET / HTTP/1.1" 500 4256 "-" "Mozilla/5.0 (Macintosh; Intel Mac OS X 10.6; rv:15.0) Gecko/20100101 Firefox/15.0.1"
67.194.31.173 - wkujo [18/Sep/2012:14:26:21 -0400] "GET / HTTP/1.1" 200 2613 "-" "Mozilla/5.0 (Macintosh; Intel Mac OS X 10_8_1) AppleWebKit/536.25 (KHTML, like Gecko) Version/6.0 Safari/536.25"
67.194.27.175 - mdcor [18/Sep/2012:14:26:22 -0400] "GET /login?utf8=%E2%9C%93&authenticity_token=sL%2FsSNB3z2XEax6cR0qr5vtJnwbpOMtzVPNt5DnYsBk%3D&commit=Create+a+New+Password HTTP/1.1" 200 2885 "https://www.gradecraft.com/login" "Mozilla/5.0 (Macintosh; Intel Mac OS X 10.7; rv:14.0) Gecko/20100101 Firefox/14.0.1"
67.194.74.143 - - [18/Sep/2012:14:26:28 -0400] "GET /cosign/valid?cosign-www.gradecraft.com=C-Nje7R5NKpLNWyL19nuycgAMj0pOEFs0pFELgPD0fd-jGF3at6iTHqbdU3QcP+famKRNDN5J1gEkwkK+WCvCcThwZLi7CbL1FyFh36zXjreTwvBTnzhpkVd2sqP&https://www.gradecraft.com/ HTTP/1.1" 301 1013 "-" "Mozilla/5.0 (Macintosh; Intel Mac OS X 10.6; rv:15.0) Gecko/20100101 Firefox/15.0.1"
67.194.74.143 - apmack [18/Sep/2012:14:26:28 -0400] "GET / HTTP/1.1" 500 1028 "-" "Mozilla/5.0 (Macintosh; Intel Mac OS X 10.6; rv:15.0) Gecko/20100101 Firefox/15.0.1"
67.194.26.114 - mdparke [18/Sep/2012:14:26:32 -0400] "GET / HTTP/1.1" 500 1166 "https://sites.google.com/a/umich.edu/polsci101f2012/" "Mozilla/5.0 (Macintosh; Intel Mac OS X 10_6_8) AppleWebKit/534.51.22 (KHTML, like Gecko) Version/5.1.1 Safari/534.51.22"
67.194.31.173 - - [18/Sep/2012:14:26:39 -0400] "POST /user_sessions HTTP/1.1" 302 853 "https://www.gradecraft.com/" "Mozilla/5.0 (Macintosh; Intel Mac OS X 10_8_1) AppleWebKit/536.25 (KHTML, like Gecko) Version/6.0 Safari/536.25"
67.194.31.173 - - [18/Sep/2012:14:26:44 -0400] "GET / HTTP/1.1" 302 756 "-" "Mozilla/5.0 (Macintosh; Intel Mac OS X 10_8_1) AppleWebKit/536.25 (KHTML, like Gecko) Version/6.0 Safari/536.25"
35.0.88.116 - slodomat [18/Sep/2012:14:26:45 -0400] "GET / HTTP/1.1" 304 3854 "https://sites.google.com/a/umich.edu/polsci101f2012/home" "Mozilla/5.0 (Macintosh; Intel Mac OS X 10_7_4) AppleWebKit/537.1 (KHTML, like Gecko) Chrome/21.0.1180.89 Safari/537.1"
67.194.116.207 - davidjli [18/Sep/2012:14:26:47 -0400] "POST /user_sessions HTTP/1.1" 200 6240 "https://www.gradecraft.com/user_sessions" "Mozilla/5.0 (Windows NT 6.1; WOW64) AppleWebKit/537.1 (KHTML, like Gecko) Chrome/21.0.1180.89 Safari/537.1"
67.194.31.173 - - [18/Sep/2012:14:26:51 -0400] "GET /cosign/valid?cosign-www.gradecraft.com=m95sTdi6qn1D7c8AdCOjANwwzBSE2lmj-6USswu3YbXPASnPRFtl15zERnWOefuwt2Va0Yg9WduOUiItBiYOsUnunNpmJ3sc55oLY83WBjW-2YVfzzvE+w1RrfbJ&https://www.gradecraft.com/ HTTP/1.1" 301 868 "https://weblogin.umich.edu/?cosign-www.gradecraft.com&https://www.gradecraft.com/" "Mozilla/5.0 (Macintosh; Intel Mac OS X 10_8_1) AppleWebKit/536.25 (KHTML, like Gecko) Version/6.0 Safari/536.25"
67.194.31.173 - wkujo [18/Sep/2012:14:26:51 -0400] "GET / HTTP/1.1" 200 2468 "https://weblogin.umich.edu/?cosign-www.gradecraft.com&https://www.gradecraft.com/" "Mozilla/5.0 (Macintosh; Intel Mac OS X 10_8_1) AppleWebKit/536.25 (KHTML, like Gecko) Version/6.0 Safari/536.25"
67.194.23.70 - bmakhani [18/Sep/2012:14:26:54 -0400] "GET / HTTP/1.1" 304 3678 "-" "Mozilla/5.0 (Macintosh; Intel Mac OS X 10_8_0) AppleWebKit/534.30 (KHTML, like Gecko) Chrome/12.0.742.122 Safari/534.30"
67.194.31.173 - wkujo [18/Sep/2012:14:27:01 -0400] "POST /user_sessions HTTP/1.1" 200 3012 "https://www.gradecraft.com/" "Mozilla/5.0 (Macintosh; Intel Mac OS X 10_8_1) AppleWebKit/536.25 (KHTML, like Gecko) Version/6.0 Safari/536.25"
67.194.26.114 - mdparke [18/Sep/2012:14:27:03 -0400] "GET / HTTP/1.1" 500 1166 "-" "Mozilla/5.0 (Macintosh; Intel Mac OS X 10_6_8) AppleWebKit/534.51.22 (KHTML, like Gecko) Version/5.1.1 Safari/534.51.22"
35.0.88.116 - slodomat [18/Sep/2012:14:27:05 -0400] "POST /user_sessions HTTP/1.1" 200 6240 "https://www.gradecraft.com/" "Mozilla/5.0 (Macintosh; Intel Mac OS X 10_7_4) AppleWebKit/537.1 (KHTML, like Gecko) Chrome/21.0.1180.89 Safari/537.1"
67.194.31.173 - wkujo [18/Sep/2012:14:27:09 -0400] "POST /user_sessions HTTP/1.1" 200 2996 "https://www.gradecraft.com/user_sessions" "Mozilla/5.0 (Macintosh; Intel Mac OS X 10_8_1) AppleWebKit/536.25 (KHTML, like Gecko) Version/6.0 Safari/536.25"
67.194.23.70 - bmakhani [18/Sep/2012:14:27:15 -0400] "POST /user_sessions HTTP/1.1" 200 5709 "https://www.gradecraft.com/" "Mozilla/5.0 (Macintosh; Intel Mac OS X 10_8_0) AppleWebKit/534.30 (KHTML, like Gecko) Chrome/12.0.742.122 Safari/534.30"
35.0.88.116 - slodomat [18/Sep/2012:14:27:22 -0400] "POST /user_sessions HTTP/1.1" 200 3157 "https://www.gradecraft.com/user_sessions" "Mozilla/5.0 (Macintosh; Intel Mac OS X 10_7_4) AppleWebKit/537.1 (KHTML, like Gecko) Chrome/21.0.1180.89 Safari/537.1"
67.194.66.194 - gamza [18/Sep/2012:14:27:24 -0400] "GET /logout HTTP/1.1" 302 1445 "https://www.gradecraft.com/assignments" "Mozilla/5.0 (Macintosh; Intel Mac OS X 10_8_1) AppleWebKit/537.1 (KHTML, like Gecko) Chrome/21.0.1180.89 Safari/537.1"
67.194.66.194 - gamza [18/Sep/2012:14:27:29 -0400] "GET /dashboard HTTP/1.1" 302 1524 "-" "Mozilla/5.0 (Macintosh; Intel Mac OS X 10_8_1) AppleWebKit/537.1 (KHTML, like Gecko) Chrome/21.0.1180.89 Safari/537.1"
67.194.66.194 - gamza [18/Sep/2012:14:27:29 -0400] "GET /dashboard HTTP/1.1" 200 3716 "-" "Mozilla/5.0 (Macintosh; Intel Mac OS X 10_8_1) AppleWebKit/537.1 (KHTML, like Gecko) Chrome/21.0.1180.89 Safari/537.1"
67.194.12.133 - brynabar [18/Sep/2012:14:27:33 -0400] "GET /dashboard HTTP/1.1" 304 3420 "-" "Mozilla/5.0 (compatible; MSIE 9.0; Windows NT 6.1; WOW64; Trident/5.0)"
67.194.12.133 - brynabar [18/Sep/2012:14:27:35 -0400] "GET /users/predictor.json?user_id=220 HTTP/1.1" 304 885 "https://www.gradecraft.com/dashboard" "Mozilla/5.0 (compatible; MSIE 9.0; Windows NT 6.1; WOW64; Trident/5.0)"
67.194.12.133 - brynabar [18/Sep/2012:14:27:35 -0400] "GET /users/predictor.json?in_progress=true&user_id=220 HTTP/1.1" 304 3388 "https://www.gradecraft.com/dashboard" "Mozilla/5.0 (compatible; MSIE 9.0; Windows NT 6.1; WOW64; Trident/5.0)"
67.194.31.173 - wkujo [18/Sep/2012:14:27:37 -0400] "POST /user_sessions HTTP/1.1" 200 3157 "https://www.gradecraft.com/user_sessions" "Mozilla/5.0 (Macintosh; Intel Mac OS X 10_8_1) AppleWebKit/536.25 (KHTML, like Gecko) Version/6.0 Safari/536.25"
67.194.27.175 - mdcor [18/Sep/2012:14:27:45 -0400] "GET / HTTP/1.1" 304 3854 "-" "Mozilla/5.0 (Macintosh; Intel Mac OS X 10.7; rv:14.0) Gecko/20100101 Firefox/14.0.1"
67.194.66.194 - gamza [18/Sep/2012:14:27:54 -0400] "GET /assignments HTTP/1.1" 200 5621 "https://www.gradecraft.com/dashboard" "Mozilla/5.0 (Macintosh; Intel Mac OS X 10_8_1) AppleWebKit/537.1 (KHTML, like Gecko) Chrome/21.0.1180.89 Safari/537.1"
67.194.66.194 - gamza [18/Sep/2012:14:27:56 -0400] "GET /teams HTTP/1.1" 200 3076 "https://www.gradecraft.com/assignments" "Mozilla/5.0 (Macintosh; Intel Mac OS X 10_8_1) AppleWebKit/537.1 (KHTML, like Gecko) Chrome/21.0.1180.89 Safari/537.1"
67.194.27.175 - mdcor [18/Sep/2012:14:27:58 -0400] "POST /user_sessions HTTP/1.1" 200 2996 "https://www.gradecraft.com/" "Mozilla/5.0 (Macintosh; Intel Mac OS X 10.7; rv:14.0) Gecko/20100101 Firefox/14.0.1"
67.194.18.8 - - [18/Sep/2012:14:28:00 -0400] "GET / HTTP/1.1" 302 3984 "https://sites.google.com/a/umich.edu/polsci101f2012/" "Mozilla/5.0 (Macintosh; Intel Mac OS X 10.7; rv:15.0) Gecko/20100101 Firefox/15.0.1"
67.194.66.194 - gamza [18/Sep/2012:14:27:59 -0400] "GET /assignments HTTP/1.1" 304 933 "https://www.gradecraft.com/teams" "Mozilla/5.0 (Macintosh; Intel Mac OS X 10_8_1) AppleWebKit/537.1 (KHTML, like Gecko) Chrome/21.0.1180.89 Safari/537.1"
67.194.18.8 - - [18/Sep/2012:14:28:00 -0400] "GET /cosign/valid?cosign-www.gradecraft.com=JJWPmQ8IgSLdLt3DvJr+wXBJ-ROx4SyrmxK1YwVsnUZN3-2-WSmBZBSCDIEkPgMH2mEmhrTQk3j9iu4gUkDnb5xRpntWMcxg8fN1HwKQ1COcSW-UZbvXLaIDh0f4&https://www.gradecraft.com/ HTTP/1.1" 301 868 "https://sites.google.com/a/umich.edu/polsci101f2012/" "Mozilla/5.0 (Macintosh; Intel Mac OS X 10.7; rv:15.0) Gecko/20100101 Firefox/15.0.1"
67.194.18.8 - mibednar [18/Sep/2012:14:28:00 -0400] "GET / HTTP/1.1" 200 2468 "https://sites.google.com/a/umich.edu/polsci101f2012/" "Mozilla/5.0 (Macintosh; Intel Mac OS X 10.7; rv:15.0) Gecko/20100101 Firefox/15.0.1"
67.194.18.8 - mibednar [18/Sep/2012:14:28:00 -0400] "GET /assets/application-ae9afcefede0db68672464a1f0f30f59.css HTTP/1.1" 200 45133 "https://www.gradecraft.com/" "Mozilla/5.0 (Macintosh; Intel Mac OS X 10.7; rv:15.0) Gecko/20100101 Firefox/15.0.1"
67.194.18.8 - mibednar [18/Sep/2012:14:28:00 -0400] "GET /assets/application-542000ad953fb19fdb62cdd04228c4b9.js HTTP/1.1" 200 199481 "https://www.gradecraft.com/" "Mozilla/5.0 (Macintosh; Intel Mac OS X 10.7; rv:15.0) Gecko/20100101 Firefox/15.0.1"
67.194.18.8 - mibednar [18/Sep/2012:14:28:00 -0400] "GET /favicon.ico HTTP/1.1" 200 4650 "-" "Mozilla/5.0 (Macintosh; Intel Mac OS X 10.7; rv:15.0) Gecko/20100101 Firefox/15.0.1"
67.194.18.8 - mibednar [18/Sep/2012:14:28:16 -0400] "POST /user_sessions HTTP/1.1" 200 3157 "https://www.gradecraft.com/" "Mozilla/5.0 (Macintosh; Intel Mac OS X 10.7; rv:15.0) Gecko/20100101 Firefox/15.0.1"
67.194.74.143 - apmack [18/Sep/2012:14:28:16 -0400] "GET / HTTP/1.1" 500 1173 "-" "Mozilla/5.0 (Macintosh; Intel Mac OS X 10.6; rv:15.0) Gecko/20100101 Firefox/15.0.1"
67.194.9.28 - - [18/Sep/2012:14:28:23 -0400] "GET / HTTP/1.1" 302 901 "https://sites.google.com/a/umich.edu/polsci101f2012/readings/blogs" "Mozilla/5.0 (Windows NT 6.1; WOW64; rv:14.0) Gecko/20100101 Firefox/14.0.1"
67.194.31.173 - - [18/Sep/2012:14:28:27 -0400] "GET / HTTP/1.1" 302 3259 "-" "Mozilla/5.0 (Macintosh; Intel Mac OS X 10_8_1) AppleWebKit/536.25 (KHTML, like Gecko) Version/6.0 Safari/536.25"
67.194.31.173 - - [18/Sep/2012:14:28:28 -0400] "GET / HTTP/1.1" 302 3259 "-" "Mozilla/5.0 (Macintosh; Intel Mac OS X 10_8_1) AppleWebKit/536.25 (KHTML, like Gecko) Version/6.0 Safari/536.25"
67.194.31.173 - - [18/Sep/2012:14:28:28 -0400] "GET /cosign/valid?cosign-www.gradecraft.com=xpN307KUI4o4RPfg-ml3O-kJHplIrHwIzeARvP5E0mM36Hz8pTjiLHP7d4wWbHUJL27Y8Xf8wMngqmQ2WeViQUBhR96QomkEt9DQQk9viK2QwUYhHFEZesdwgf73&https://www.gradecraft.com/ HTTP/1.1" 301 868 "-" "Mozilla/5.0 (Macintosh; Intel Mac OS X 10_8_1) AppleWebKit/536.25 (KHTML, like Gecko) Version/6.0 Safari/536.25"
67.194.31.173 - wkujo [18/Sep/2012:14:28:28 -0400] "GET / HTTP/1.1" 304 821 "-" "Mozilla/5.0 (Macintosh; Intel Mac OS X 10_8_1) AppleWebKit/536.25 (KHTML, like Gecko) Version/6.0 Safari/536.25"
67.194.12.133 - brynabar [18/Sep/2012:14:28:29 -0400] "GET /dashboard HTTP/1.1" 304 1062 "-" "Mozilla/5.0 (compatible; MSIE 9.0; Windows NT 6.1; WOW64; Trident/5.0)"
67.194.12.133 - brynabar [18/Sep/2012:14:28:30 -0400] "GET /users/predictor.json?user_id=220 HTTP/1.1" 304 885 "https://www.gradecraft.com/dashboard" "Mozilla/5.0 (compatible; MSIE 9.0; Windows NT 6.1; WOW64; Trident/5.0)"
67.194.12.133 - brynabar [18/Sep/2012:14:28:30 -0400] "GET /users/predictor.json?in_progress=true&user_id=220 HTTP/1.1" 304 1030 "https://www.gradecraft.com/dashboard" "Mozilla/5.0 (compatible; MSIE 9.0; Windows NT 6.1; WOW64; Trident/5.0)"
67.194.9.28 - - [18/Sep/2012:14:28:30 -0400] "GET /cosign/valid?cosign-www.gradecraft.com=qaZ+BDwdQkBPGt9ufZrVCSeytD6wVhNmBaacYgcOWmDMysoo6eSg4CTkKoL7xPN8eSvD0sUIWY9EqHTYBkXGJJThUWjisXsKvhVMgE-KdVglHi3QI9uvX4kagBdd&https://www.gradecraft.com/ HTTP/1.1" 301 868 "https://weblogin.umich.edu/?cosign-www.gradecraft.com&https://www.gradecraft.com/" "Mozilla/5.0 (Windows NT 6.1; WOW64; rv:14.0) Gecko/20100101 Firefox/14.0.1"
67.194.9.28 - sbengel [18/Sep/2012:14:28:30 -0400] "GET / HTTP/1.1" 200 2484 "https://weblogin.umich.edu/?cosign-www.gradecraft.com&https://www.gradecraft.com/" "Mozilla/5.0 (Windows NT 6.1; WOW64; rv:14.0) Gecko/20100101 Firefox/14.0.1"
67.194.9.28 - sbengel [18/Sep/2012:14:28:30 -0400] "GET /assets/application-ae9afcefede0db68672464a1f0f30f59.css HTTP/1.1" 200 45133 "https://www.gradecraft.com/" "Mozilla/5.0 (Windows NT 6.1; WOW64; rv:14.0) Gecko/20100101 Firefox/14.0.1"
67.194.31.173 - wkujo [18/Sep/2012:14:28:30 -0400] "GET /dashboard HTTP/1.1" 302 1444 "https://www.gradecraft.com/" "Mozilla/5.0 (Macintosh; Intel Mac OS X 10_8_1) AppleWebKit/536.25 (KHTML, like Gecko) Version/6.0 Safari/536.25"
67.194.9.28 - sbengel [18/Sep/2012:14:28:30 -0400] "GET /assets/application-542000ad953fb19fdb62cdd04228c4b9.js HTTP/1.1" 200 199481 "https://www.gradecraft.com/" "Mozilla/5.0 (Windows NT 6.1; WOW64; rv:14.0) Gecko/20100101 Firefox/14.0.1"
67.194.18.8 - mibednar [18/Sep/2012:14:28:30 -0400] "POST /user_sessions HTTP/1.1" 200 3012 "https://www.gradecraft.com/user_sessions" "Mozilla/5.0 (Macintosh; Intel Mac OS X 10.7; rv:15.0) Gecko/20100101 Firefox/15.0.1"
67.194.9.28 - sbengel [18/Sep/2012:14:28:31 -0400] "GET /favicon.ico HTTP/1.1" 200 4650 "-" "Mozilla/5.0 (Windows NT 6.1; WOW64; rv:14.0) Gecko/20100101 Firefox/14.0.1"
67.194.31.173 - wkujo [18/Sep/2012:14:28:30 -0400] "GET /dashboard HTTP/1.1" 200 4564 "https://www.gradecraft.com/" "Mozilla/5.0 (Macintosh; Intel Mac OS X 10_8_1) AppleWebKit/536.25 (KHTML, like Gecko) Version/6.0 Safari/536.25"
67.194.31.173 - wkujo [18/Sep/2012:14:28:31 -0400] "GET /users/predictor.json?user_id=228 HTTP/1.1" 200 1594 "https://www.gradecraft.com/dashboard" "Mozilla/5.0 (Macintosh; Intel Mac OS X 10_8_1) AppleWebKit/536.25 (KHTML, like Gecko) Version/6.0 Safari/536.25"
67.194.31.173 - wkujo [18/Sep/2012:14:28:31 -0400] "GET /users/predictor.json?in_progress=true&user_id=228 HTTP/1.1" 304 1030 "https://www.gradecraft.com/dashboard" "Mozilla/5.0 (Macintosh; Intel Mac OS X 10_8_1) AppleWebKit/536.25 (KHTML, like Gecko) Version/6.0 Safari/536.25"
69.89.105.69 - - [18/Sep/2012:14:28:34 -0400] "GET / HTTP/1.1" 302 3254 "-" "Mozilla/5.0 (Macintosh; Intel Mac OS X 10_7_4) AppleWebKit/536.25 (KHTML, like Gecko) Version/6.0 Safari/536.25"
67.194.9.28 - sbengel [18/Sep/2012:14:28:46 -0400] "POST /user_sessions HTTP/1.1" 200 3157 "https://www.gradecraft.com/" "Mozilla/5.0 (Windows NT 6.1; WOW64; rv:14.0) Gecko/20100101 Firefox/14.0.1"
67.194.4.203 - justwill [18/Sep/2012:14:28:54 -0400] "POST /user_sessions HTTP/1.1" 200 3157 "https://www.gradecraft.com/user_sessions" "Mozilla/5.0 (X11; Linux x86_64; rv:15.0) Gecko/20100101 Firefox/15.0"
67.194.4.203 - justwill [18/Sep/2012:14:29:00 -0400] "GET /dashboard HTTP/1.1" 302 1444 "https://www.gradecraft.com/user_sessions" "Mozilla/5.0 (X11; Linux x86_64; rv:15.0) Gecko/20100101 Firefox/15.0"
67.194.4.203 - justwill [18/Sep/2012:14:29:00 -0400] "GET /dashboard HTTP/1.1" 200 3716 "https://www.gradecraft.com/user_sessions" "Mozilla/5.0 (X11; Linux x86_64; rv:15.0) Gecko/20100101 Firefox/15.0"
67.194.4.203 - justwill [18/Sep/2012:14:29:01 -0400] "GET /assets/stylesheets/cyborg.min.css HTTP/1.1" 200 16393 "https://www.gradecraft.com/dashboard" "Mozilla/5.0 (X11; Linux x86_64; rv:15.0) Gecko/20100101 Firefox/15.0"
67.194.9.28 - sbengel [18/Sep/2012:14:29:01 -0400] "POST /user_sessions HTTP/1.1" 200 3012 "https://www.gradecraft.com/user_sessions" "Mozilla/5.0 (Windows NT 6.1; WOW64; rv:14.0) Gecko/20100101 Firefox/14.0.1"
67.194.9.28 - sbengel [18/Sep/2012:14:29:14 -0400] "POST /user_sessions HTTP/1.1" 200 2996 "https://www.gradecraft.com/user_sessions" "Mozilla/5.0 (Windows NT 6.1; WOW64; rv:14.0) Gecko/20100101 Firefox/14.0.1"
67.194.4.203 - justwill [18/Sep/2012:14:29:23 -0400] "GET /teams HTTP/1.1" 200 3221 "https://www.gradecraft.com/dashboard" "Mozilla/5.0 (X11; Linux x86_64; rv:15.0) Gecko/20100101 Firefox/15.0"
67.194.4.203 - justwill [18/Sep/2012:14:29:25 -0400] "GET /assignments HTTP/1.1" 200 5476 "https://www.gradecraft.com/teams" "Mozilla/5.0 (X11; Linux x86_64; rv:15.0) Gecko/20100101 Firefox/15.0"
67.194.12.133 - brynabar [18/Sep/2012:14:29:28 -0400] "GET /badges HTTP/1.1" 200 4101 "https://www.gradecraft.com/dashboard" "Mozilla/5.0 (compatible; MSIE 9.0; Windows NT 6.1; WOW64; Trident/5.0)"
67.194.12.133 - brynabar [18/Sep/2012:14:29:28 -0400] "GET /badges/pos101/above_and_beyond.png HTTP/1.1" 200 6234 "https://www.gradecraft.com/badges" "Mozilla/5.0 (compatible; MSIE 9.0; Windows NT 6.1; WOW64; Trident/5.0)"
67.194.12.133 - brynabar [18/Sep/2012:14:29:28 -0400] "GET /badges/pos101/always_learning.png HTTP/1.1" 200 3211 "https://www.gradecraft.com/badges" "Mozilla/5.0 (compatible; MSIE 9.0; Windows NT 6.1; WOW64; Trident/5.0)"
67.194.12.133 - brynabar [18/Sep/2012:14:29:28 -0400] "GET /badges/pos101/courageous_failure.png HTTP/1.1" 200 8410 "https://www.gradecraft.com/badges" "Mozilla/5.0 (compatible; MSIE 9.0; Windows NT 6.1; WOW64; Trident/5.0)"
67.194.12.133 - brynabar [18/Sep/2012:14:29:28 -0400] "GET /badges/pos101/teachers_pet.png HTTP/1.1" 200 3194 "https://www.gradecraft.com/badges" "Mozilla/5.0 (compatible; MSIE 9.0; Windows NT 6.1; WOW64; Trident/5.0)"
67.194.12.133 - brynabar [18/Sep/2012:14:29:28 -0400] "GET /badges/pos101/awesome_aggregator.png HTTP/1.1" 200 5803 "https://www.gradecraft.com/badges" "Mozilla/5.0 (compatible; MSIE 9.0; Windows NT 6.1; WOW64; Trident/5.0)"
67.194.12.133 - brynabar [18/Sep/2012:14:29:28 -0400] "GET /badges/pos101/early_bird_special.png HTTP/1.1" 200 4602 "https://www.gradecraft.com/badges" "Mozilla/5.0 (compatible; MSIE 9.0; Windows NT 6.1; WOW64; Trident/5.0)"
