141.211.120.60 - zharner [24/Oct/2012:10:24:09 -0400] "GET /favicon.ico HTTP/1.1" 200 4650 "-" "Mozilla/5.0 (Macintosh; Intel Mac OS X 10.6; rv:10.0.9) Gecko/20100101 Firefox/10.0.9"
141.211.120.60 - zharner [24/Oct/2012:10:24:09 -0400] "GET /users/predictor.json?user_id=226 HTTP/1.1" 200 1610 "https://www.gradecraft.com/dashboard" "Mozilla/5.0 (Macintosh; Intel Mac OS X 10.6; rv:10.0.9) Gecko/20100101 Firefox/10.0.9"
141.211.120.60 - zharner [24/Oct/2012:10:24:09 -0400] "GET /users/predictor.json?in_progress=true&user_id=226 HTTP/1.1" 200 1626 "https://www.gradecraft.com/dashboard" "Mozilla/5.0 (Macintosh; Intel Mac OS X 10.6; rv:10.0.9) Gecko/20100101 Firefox/10.0.9"
67.194.45.34 - scforb [24/Oct/2012:10:25:23 -0400] "POST /users/128/user_assignment_type_weights HTTP/1.1" 302 4717 "https://www.gradecraft.com/users/128/user_assignment_type_weights/new?assignment_type_id=8" "Mozilla/5.0 (Macintosh; Intel Mac OS X 10_7_4) AppleWebKit/537.4 (KHTML, like Gecko) Chrome/22.0.1229.94 Safari/537.4"
67.194.45.34 - scforb [24/Oct/2012:10:25:24 -0400] "GET /users/128/user_assignment_type_weights HTTP/1.1" 302 1636 "https://www.gradecraft.com/users/128/user_assignment_type_weights/new?assignment_type_id=8" "Mozilla/5.0 (Macintosh; Intel Mac OS X 10_7_4) AppleWebKit/537.4 (KHTML, like Gecko) Chrome/22.0.1229.94 Safari/537.4"
67.194.45.34 - scforb [24/Oct/2012:10:25:24 -0400] "GET /dashboard HTTP/1.1" 200 5156 "https://www.gradecraft.com/users/128/user_assignment_type_weights/new?assignment_type_id=8" "Mozilla/5.0 (Macintosh; Intel Mac OS X 10_7_4) AppleWebKit/537.4 (KHTML, like Gecko) Chrome/22.0.1229.94 Safari/537.4"
67.194.45.34 - scforb [24/Oct/2012:10:25:26 -0400] "GET /users/predictor.json?user_id=128 HTTP/1.1" 304 4097 "https://www.gradecraft.com/dashboard" "Mozilla/5.0 (Macintosh; Intel Mac OS X 10_7_4) AppleWebKit/537.4 (KHTML, like Gecko) Chrome/22.0.1229.94 Safari/537.4"
67.194.45.34 - scforb [24/Oct/2012:10:25:26 -0400] "GET /users/predictor.json?in_progress=true&user_id=128 HTTP/1.1" 304 869 "https://www.gradecraft.com/dashboard" "Mozilla/5.0 (Macintosh; Intel Mac OS X 10_7_4) AppleWebKit/537.4 (KHTML, like Gecko) Chrome/22.0.1229.94 Safari/537.4"
67.194.45.34 - scforb [24/Oct/2012:10:25:32 -0400] "GET /users/128/user_assignment_type_weights/new?assignment_type_id=10 HTTP/1.1" 200 2692 "https://www.gradecraft.com/dashboard" "Mozilla/5.0 (Macintosh; Intel Mac OS X 10_7_4) AppleWebKit/537.4 (KHTML, like Gecko) Chrome/22.0.1229.94 Safari/537.4"
67.194.7.83 - hay [24/Oct/2012:10:25:38 -0400] "GET / HTTP/1.1" 200 8237 "-" "Mozilla/5.0 (Macintosh; Intel Mac OS X 10_6_8) AppleWebKit/537.4 (KHTML, like Gecko) Chrome/22.0.1229.94 Safari/537.4"
67.194.7.83 - hay [24/Oct/2012:10:25:40 -0400] "GET /users/predictor.json?user_id=160 HTTP/1.1" 304 4097 "https://www.gradecraft.com/" "Mozilla/5.0 (Macintosh; Intel Mac OS X 10_6_8) AppleWebKit/537.4 (KHTML, like Gecko) Chrome/22.0.1229.94 Safari/537.4"
67.194.7.83 - hay [24/Oct/2012:10:25:40 -0400] "GET /users/predictor.json?in_progress=true&user_id=160 HTTP/1.1" 304 869 "https://www.gradecraft.com/" "Mozilla/5.0 (Macintosh; Intel Mac OS X 10_6_8) AppleWebKit/537.4 (KHTML, like Gecko) Chrome/22.0.1229.94 Safari/537.4"
67.194.45.34 - scforb [24/Oct/2012:10:25:43 -0400] "POST /users/128/user_assignment_type_weights HTTP/1.1" 302 1700 "https://www.gradecraft.com/users/128/user_assignment_type_weights/new?assignment_type_id=10" "Mozilla/5.0 (Macintosh; Intel Mac OS X 10_7_4) AppleWebKit/537.4 (KHTML, like Gecko) Chrome/22.0.1229.94 Safari/537.4"
67.194.45.34 - scforb [24/Oct/2012:10:25:43 -0400] "GET /users/128/user_assignment_type_weights HTTP/1.1" 302 1636 "https://www.gradecraft.com/users/128/user_assignment_type_weights/new?assignment_type_id=10" "Mozilla/5.0 (Macintosh; Intel Mac OS X 10_7_4) AppleWebKit/537.4 (KHTML, like Gecko) Chrome/22.0.1229.94 Safari/537.4"
67.194.45.34 - scforb [24/Oct/2012:10:25:43 -0400] "GET /dashboard HTTP/1.1" 200 5204 "https://www.gradecraft.com/users/128/user_assignment_type_weights/new?assignment_type_id=10" "Mozilla/5.0 (Macintosh; Intel Mac OS X 10_7_4) AppleWebKit/537.4 (KHTML, like Gecko) Chrome/22.0.1229.94 Safari/537.4"
67.194.45.34 - scforb [24/Oct/2012:10:25:45 -0400] "GET /users/predictor.json?user_id=128 HTTP/1.1" 304 1014 "https://www.gradecraft.com/dashboard" "Mozilla/5.0 (Macintosh; Intel Mac OS X 10_7_4) AppleWebKit/537.4 (KHTML, like Gecko) Chrome/22.0.1229.94 Safari/537.4"
67.194.45.34 - scforb [24/Oct/2012:10:25:45 -0400] "GET /users/predictor.json?in_progress=true&user_id=128 HTTP/1.1" 304 869 "https://www.gradecraft.com/dashboard" "Mozilla/5.0 (Macintosh; Intel Mac OS X 10_7_4) AppleWebKit/537.4 (KHTML, like Gecko) Chrome/22.0.1229.94 Safari/537.4"
67.194.13.108 - - [24/Oct/2012:10:26:38 -0400] "GET / HTTP/1.1" 302 3254 "-" "Mozilla/5.0 (Macintosh; U; Intel Mac OS X 10_6_7; en-us) AppleWebKit/533.21.1 (KHTML, like Gecko) Version/5.0.5 Safari/533.21.1"
67.194.45.34 - scforb [24/Oct/2012:10:28:43 -0400] "GET /users/predictor?user_id=128 HTTP/1.1" 200 5637 "https://www.gradecraft.com/dashboard" "Mozilla/5.0 (Macintosh; Intel Mac OS X 10_7_4) AppleWebKit/537.4 (KHTML, like Gecko) Chrome/22.0.1229.94 Safari/537.4"
67.194.45.34 - scforb [24/Oct/2012:10:28:46 -0400] "GET /assets/jquery-ui/ui-bg_flat_75_ffffff_40x100-841636c8f8d33987bb8d2f31e8ef92ca.png HTTP/1.1" 200 538 "https://www.gradecraft.com/users/predictor?user_id=128" "Mozilla/5.0 (Macintosh; Intel Mac OS X 10_7_4) AppleWebKit/537.4 (KHTML, like Gecko) Chrome/22.0.1229.94 Safari/537.4"
67.194.45.34 - scforb [24/Oct/2012:10:28:46 -0400] "GET /assets/jquery-ui/ui-bg_glass_75_e6e6e6_1x400-3e20bce1b7b2f5dd47ca6ac361805162.png HTTP/1.1" 200 474 "https://www.gradecraft.com/users/predictor?user_id=128" "Mozilla/5.0 (Macintosh; Intel Mac OS X 10_7_4) AppleWebKit/537.4 (KHTML, like Gecko) Chrome/22.0.1229.94 Safari/537.4"
67.194.45.34 - scforb [24/Oct/2012:10:28:49 -0400] "GET /assets/jquery-ui/ui-bg_glass_75_dadada_1x400-38ed9f33e066d6bee977c567d4b03650.png HTTP/1.1" 200 474 "https://www.gradecraft.com/users/predictor?user_id=128" "Mozilla/5.0 (Macintosh; Intel Mac OS X 10_7_4) AppleWebKit/537.4 (KHTML, like Gecko) Chrome/22.0.1229.94 Safari/537.4"
67.194.45.34 - scforb [24/Oct/2012:10:28:51 -0400] "GET /assets/jquery-ui/ui-bg_glass_65_ffffff_1x400-a30aa544902182c133dbb46ac40a08d2.png HTTP/1.1" 200 458 "https://www.gradecraft.com/users/predictor?user_id=128" "Mozilla/5.0 (Macintosh; Intel Mac OS X 10_7_4) AppleWebKit/537.4 (KHTML, like Gecko) Chrome/22.0.1229.94 Safari/537.4"
130.91.58.76 - - [24/Oct/2012:10:29:10 -0400] "GET / HTTP/1.1" 302 3984 "-" "Mozilla/5.0 (Windows NT 6.1; WOW64) AppleWebKit/537.4 (KHTML, like Gecko) Chrome/22.0.1229.94 Safari/537.4"
130.91.58.76 - - [24/Oct/2012:10:29:22 -0400] "GET /cosign/valid?cosign-www.gradecraft.com=GBVCEEVQY7AsRpotaARwrecdYtyIQMOieK4X0LZYYkXVMYbQi3fXzwcAEvZzYEKrSkkUFJvSPdOcIeSm1GB+h+qrXIvsXNHgzze6JDh7yk7tHqi7e-VOc+vtx5ix&https://www.gradecraft.com/ HTTP/1.1" 301 868 "https://weblogin.umich.edu/?cosign-www.gradecraft.com&https://www.gradecraft.com/" "Mozilla/5.0 (Windows NT 6.1; WOW64) AppleWebKit/537.4 (KHTML, like Gecko) Chrome/22.0.1229.94 Safari/537.4"
130.91.58.76 - wadse@wharton.upenn.edu [24/Oct/2012:10:29:22 -0400] "GET / HTTP/1.1" 302 1348 "https://weblogin.umich.edu/?cosign-www.gradecraft.com&https://www.gradecraft.com/" "Mozilla/5.0 (Windows NT 6.1; WOW64) AppleWebKit/537.4 (KHTML, like Gecko) Chrome/22.0.1229.94 Safari/537.4"
130.91.58.76 - wadse@wharton.upenn.edu [24/Oct/2012:10:29:22 -0400] "GET /dashboard HTTP/1.1" 200 4212 "https://weblogin.umich.edu/?cosign-www.gradecraft.com&https://www.gradecraft.com/" "Mozilla/5.0 (Windows NT 6.1; WOW64) AppleWebKit/537.4 (KHTML, like Gecko) Chrome/22.0.1229.94 Safari/537.4"
130.91.58.76 - wadse@wharton.upenn.edu [24/Oct/2012:10:29:23 -0400] "GET /assets/stylesheets/superhero.min.css HTTP/1.1" 404 4288 "https://www.gradecraft.com/dashboard" "Mozilla/5.0 (Windows NT 6.1; WOW64) AppleWebKit/537.4 (KHTML, like Gecko) Chrome/22.0.1229.94 Safari/537.4"
130.91.58.76 - wadse@wharton.upenn.edu [24/Oct/2012:10:29:23 -0400] "GET /assets/application-75efbcdd2e483708b1922621823d8e20.css HTTP/1.1" 200 47181 "https://www.gradecraft.com/dashboard" "Mozilla/5.0 (Windows NT 6.1; WOW64) AppleWebKit/537.4 (KHTML, like Gecko) Chrome/22.0.1229.94 Safari/537.4"
130.91.58.76 - wadse@wharton.upenn.edu [24/Oct/2012:10:29:23 -0400] "GET /assets/application-8ce02592fd93cf8f056fcba13d4bd5fc.js HTTP/1.1" 200 205028 "https://www.gradecraft.com/dashboard" "Mozilla/5.0 (Windows NT 6.1; WOW64) AppleWebKit/537.4 (KHTML, like Gecko) Chrome/22.0.1229.94 Safari/537.4"
130.91.58.76 - wadse@wharton.upenn.edu [24/Oct/2012:10:29:24 -0400] "GET /badges/wharton/image01.png HTTP/1.1" 200 6842 "https://www.gradecraft.com/dashboard" "Mozilla/5.0 (Windows NT 6.1; WOW64) AppleWebKit/537.4 (KHTML, like Gecko) Chrome/22.0.1229.94 Safari/537.4"
130.91.58.76 - wadse@wharton.upenn.edu [24/Oct/2012:10:29:24 -0400] "GET /badges/wharton/image03.png HTTP/1.1" 200 13926 "https://www.gradecraft.com/dashboard" "Mozilla/5.0 (Windows NT 6.1; WOW64) AppleWebKit/537.4 (KHTML, like Gecko) Chrome/22.0.1229.94 Safari/537.4"
130.91.58.76 - wadse@wharton.upenn.edu [24/Oct/2012:10:29:24 -0400] "GET /badges/wharton/image02.png HTTP/1.1" 200 12982 "https://www.gradecraft.com/dashboard" "Mozilla/5.0 (Windows NT 6.1; WOW64) AppleWebKit/537.4 (KHTML, like Gecko) Chrome/22.0.1229.94 Safari/537.4"
130.91.58.76 - wadse@wharton.upenn.edu [24/Oct/2012:10:29:24 -0400] "GET /badges/wharton/image04.png HTTP/1.1" 200 10918 "https://www.gradecraft.com/dashboard" "Mozilla/5.0 (Windows NT 6.1; WOW64) AppleWebKit/537.4 (KHTML, like Gecko) Chrome/22.0.1229.94 Safari/537.4"
130.91.58.76 - wadse@wharton.upenn.edu [24/Oct/2012:10:29:24 -0400] "GET /badges/wharton/image05.png HTTP/1.1" 200 7866 "https://www.gradecraft.com/dashboard" "Mozilla/5.0 (Windows NT 6.1; WOW64) AppleWebKit/537.4 (KHTML, like Gecko) Chrome/22.0.1229.94 Safari/537.4"
130.91.58.76 - wadse@wharton.upenn.edu [24/Oct/2012:10:29:24 -0400] "GET /badges/wharton/image06.png HTTP/1.1" 200 8042 "https://www.gradecraft.com/dashboard" "Mozilla/5.0 (Windows NT 6.1; WOW64) AppleWebKit/537.4 (KHTML, like Gecko) Chrome/22.0.1229.94 Safari/537.4"
130.91.58.76 - wadse@wharton.upenn.edu [24/Oct/2012:10:29:24 -0400] "GET /badges/wharton/image07.png HTTP/1.1" 200 7946 "https://www.gradecraft.com/dashboard" "Mozilla/5.0 (Windows NT 6.1; WOW64) AppleWebKit/537.4 (KHTML, like Gecko) Chrome/22.0.1229.94 Safari/537.4"
130.91.58.76 - wadse@wharton.upenn.edu [24/Oct/2012:10:29:24 -0400] "GET /badges/wharton/image08.png HTTP/1.1" 200 11146 "https://www.gradecraft.com/dashboard" "Mozilla/5.0 (Windows NT 6.1; WOW64) AppleWebKit/537.4 (KHTML, like Gecko) Chrome/22.0.1229.94 Safari/537.4"
130.91.58.76 - wadse@wharton.upenn.edu [24/Oct/2012:10:29:24 -0400] "GET /badges/wharton/image09.png HTTP/1.1" 200 11818 "https://www.gradecraft.com/dashboard" "Mozilla/5.0 (Windows NT 6.1; WOW64) AppleWebKit/537.4 (KHTML, like Gecko) Chrome/22.0.1229.94 Safari/537.4"
130.91.58.76 - wadse@wharton.upenn.edu [24/Oct/2012:10:29:24 -0400] "GET /badges/wharton/image00.png HTTP/1.1" 200 8362 "https://www.gradecraft.com/dashboard" "Mozilla/5.0 (Windows NT 6.1; WOW64) AppleWebKit/537.4 (KHTML, like Gecko) Chrome/22.0.1229.94 Safari/537.4"
130.91.58.76 - wadse@wharton.upenn.edu [24/Oct/2012:10:29:24 -0400] "GET /badges/wharton/Game-Master-Badge.png HTTP/1.1" 200 11946 "https://www.gradecraft.com/dashboard" "Mozilla/5.0 (Windows NT 6.1; WOW64) AppleWebKit/537.4 (KHTML, like Gecko) Chrome/22.0.1229.94 Safari/537.4"
130.91.58.76 - wadse@wharton.upenn.edu [24/Oct/2012:10:29:24 -0400] "GET /badges/wharton/Corporate-Lackey-Badge.png HTTP/1.1" 200 9914 "https://www.gradecraft.com/dashboard" "Mozilla/5.0 (Windows NT 6.1; WOW64) AppleWebKit/537.4 (KHTML, like Gecko) Chrome/22.0.1229.94 Safari/537.4"
130.91.58.76 - wadse@wharton.upenn.edu [24/Oct/2012:10:29:24 -0400] "GET /badges/wharton/Globe-Trotter-Badge.png HTTP/1.1" 200 10490 "https://www.gradecraft.com/dashboard" "Mozilla/5.0 (Windows NT 6.1; WOW64) AppleWebKit/537.4 (KHTML, like Gecko) Chrome/22.0.1229.94 Safari/537.4"
130.91.58.76 - wadse@wharton.upenn.edu [24/Oct/2012:10:29:23 -0400] "GET /users/predictor.json?in_progress=true&user_id=34 HTTP/1.1" 200 1674 "https://www.gradecraft.com/dashboard" "Mozilla/5.0 (Windows NT 6.1; WOW64) AppleWebKit/537.4 (KHTML, like Gecko) Chrome/22.0.1229.94 Safari/537.4"
130.91.58.76 - wadse@wharton.upenn.edu [24/Oct/2012:10:29:23 -0400] "GET /users/predictor.json?user_id=34 HTTP/1.1" 200 1674 "https://www.gradecraft.com/dashboard" "Mozilla/5.0 (Windows NT 6.1; WOW64) AppleWebKit/537.4 (KHTML, like Gecko) Chrome/22.0.1229.94 Safari/537.4"
130.91.58.164 - - [24/Oct/2012:10:29:31 -0400] "GET /dashboard HTTP/1.1" 302 3984 "https://wharton.instructure.com/courses/755358" "Mozilla/5.0 (Macintosh; Intel Mac OS X 10_7_5) AppleWebKit/537.4 (KHTML, like Gecko) Chrome/22.0.1229.94 Safari/537.4"
130.91.57.223 - - [24/Oct/2012:10:29:39 -0400] "GET / HTTP/1.1" 302 3984 "-" "Mozilla/5.0 (Macintosh; Intel Mac OS X 10_6_8) AppleWebKit/537.4 (KHTML, like Gecko) Chrome/22.0.1229.94 Safari/537.4"
216.106.154.23 - - [24/Oct/2012:10:30:00 -0400] "GET /dashboard HTTP/1.1" 302 3259 "-" "Mozilla/5.0 (Macintosh; Intel Mac OS X 10_8_2) AppleWebKit/536.26.14 (KHTML, like Gecko) Version/6.0.1 Safari/536.26.14"
130.91.56.98 - - [24/Oct/2012:10:30:02 -0400] "GET /dashboard HTTP/1.1" 302 3254 "-" "Mozilla/5.0 (Macintosh; Intel Mac OS X 10_6_8) AppleWebKit/534.57.2 (KHTML, like Gecko) Version/5.1.7 Safari/534.57.2"
130.91.56.98 - - [24/Oct/2012:10:30:10 -0400] "GET /cosign/valid?cosign-www.gradecraft.com=uZtvzmaXbcisFpAlQRgKD7TXjcXhQVXn7N9MVFO0czxGdThOm5hxVKrzh+9WITim1r8i8RFs1kMhcqlNXlPhx6wzhAaOiqJEjHiRavCTSv6km6e-Re3KguBaneHR&https://www.gradecraft.com/dashboard HTTP/1.1" 301 900 "https://weblogin.umich.edu/?cosign-www.gradecraft.com&https://www.gradecraft.com/dashboard" "Mozilla/5.0 (Macintosh; Intel Mac OS X 10_6_8) AppleWebKit/534.57.2 (KHTML, like Gecko) Version/5.1.7 Safari/534.57.2"
130.91.56.98 - hougies@wharton.upenn.edu [24/Oct/2012:10:30:10 -0400] "GET /dashboard HTTP/1.1" 302 1348 "https://weblogin.umich.edu/?cosign-www.gradecraft.com&https://www.gradecraft.com/dashboard" "Mozilla/5.0 (Macintosh; Intel Mac OS X 10_6_8) AppleWebKit/534.57.2 (KHTML, like Gecko) Version/5.1.7 Safari/534.57.2"
130.91.56.98 - hougies@wharton.upenn.edu [24/Oct/2012:10:30:10 -0400] "GET /dashboard HTTP/1.1" 200 4308 "https://weblogin.umich.edu/?cosign-www.gradecraft.com&https://www.gradecraft.com/dashboard" "Mozilla/5.0 (Macintosh; Intel Mac OS X 10_6_8) AppleWebKit/534.57.2 (KHTML, like Gecko) Version/5.1.7 Safari/534.57.2"
130.91.56.98 - hougies@wharton.upenn.edu [24/Oct/2012:10:30:11 -0400] "GET /assets/application-75efbcdd2e483708b1922621823d8e20.css HTTP/1.1" 200 47319 "https://www.gradecraft.com/dashboard" "Mozilla/5.0 (Macintosh; Intel Mac OS X 10_6_8) AppleWebKit/534.57.2 (KHTML, like Gecko) Version/5.1.7 Safari/534.57.2"
130.91.56.98 - hougies@wharton.upenn.edu [24/Oct/2012:10:30:11 -0400] "GET /assets/stylesheets/superhero.min.css HTTP/1.1" 404 1198 "https://www.gradecraft.com/dashboard" "Mozilla/5.0 (Macintosh; Intel Mac OS X 10_6_8) AppleWebKit/534.57.2 (KHTML, like Gecko) Version/5.1.7 Safari/534.57.2"
130.91.56.98 - hougies@wharton.upenn.edu [24/Oct/2012:10:30:11 -0400] "GET /assets/application-8ce02592fd93cf8f056fcba13d4bd5fc.js HTTP/1.1" 200 201800 "https://www.gradecraft.com/dashboard" "Mozilla/5.0 (Macintosh; Intel Mac OS X 10_6_8) AppleWebKit/534.57.2 (KHTML, like Gecko) Version/5.1.7 Safari/534.57.2"
130.91.58.164 - - [24/Oct/2012:10:30:11 -0400] "GET /cosign/valid?cosign-www.gradecraft.com=eH5AAQnGlwop6XOF58L7BMYxWo0cQ5435ZwaB8CQG4Kuz1jsqS40VASp6ywREcnKiZ1TDKtHnq9cTgFwqQEUrlwbriBhzLlpxsZid75cu2XGP10UNw60FQAtgRO6&https://www.gradecraft.com/dashboard HTTP/1.1" 301 1045 "https://weblogin.umich.edu/?cosign-www.gradecraft.com&https://www.gradecraft.com/dashboard" "Mozilla/5.0 (Macintosh; Intel Mac OS X 10_7_5) AppleWebKit/537.4 (KHTML, like Gecko) Chrome/22.0.1229.94 Safari/537.4"
130.91.56.98 - hougies@wharton.upenn.edu [24/Oct/2012:10:30:11 -0400] "GET /badges/wharton/image02.png HTTP/1.1" 200 9754 "https://www.gradecraft.com/dashboard" "Mozilla/5.0 (Macintosh; Intel Mac OS X 10_6_8) AppleWebKit/534.57.2 (KHTML, like Gecko) Version/5.1.7 Safari/534.57.2"
130.91.56.98 - hougies@wharton.upenn.edu [24/Oct/2012:10:30:11 -0400] "GET /badges/wharton/image01.png HTTP/1.1" 200 6842 "https://www.gradecraft.com/dashboard" "Mozilla/5.0 (Macintosh; Intel Mac OS X 10_6_8) AppleWebKit/534.57.2 (KHTML, like Gecko) Version/5.1.7 Safari/534.57.2"
130.91.56.98 - hougies@wharton.upenn.edu [24/Oct/2012:10:30:11 -0400] "GET /badges/wharton/image05.png HTTP/1.1" 200 7866 "https://www.gradecraft.com/dashboard" "Mozilla/5.0 (Macintosh; Intel Mac OS X 10_6_8) AppleWebKit/534.57.2 (KHTML, like Gecko) Version/5.1.7 Safari/534.57.2"
130.91.56.98 - hougies@wharton.upenn.edu [24/Oct/2012:10:30:11 -0400] "GET /badges/wharton/image06.png HTTP/1.1" 200 8042 "https://www.gradecraft.com/dashboard" "Mozilla/5.0 (Macintosh; Intel Mac OS X 10_6_8) AppleWebKit/534.57.2 (KHTML, like Gecko) Version/5.1.7 Safari/534.57.2"
130.91.56.98 - hougies@wharton.upenn.edu [24/Oct/2012:10:30:11 -0400] "GET /badges/wharton/image04.png HTTP/1.1" 200 7828 "https://www.gradecraft.com/dashboard" "Mozilla/5.0 (Macintosh; Intel Mac OS X 10_6_8) AppleWebKit/534.57.2 (KHTML, like Gecko) Version/5.1.7 Safari/534.57.2"
130.91.56.98 - hougies@wharton.upenn.edu [24/Oct/2012:10:30:11 -0400] "GET /badges/wharton/image03.png HTTP/1.1" 200 10836 "https://www.gradecraft.com/dashboard" "Mozilla/5.0 (Macintosh; Intel Mac OS X 10_6_8) AppleWebKit/534.57.2 (KHTML, like Gecko) Version/5.1.7 Safari/534.57.2"
130.91.56.98 - hougies@wharton.upenn.edu [24/Oct/2012:10:30:12 -0400] "GET /badges/wharton/image07.png HTTP/1.1" 200 7946 "https://www.gradecraft.com/dashboard" "Mozilla/5.0 (Macintosh; Intel Mac OS X 10_6_8) AppleWebKit/534.57.2 (KHTML, like Gecko) Version/5.1.7 Safari/534.57.2"
130.91.56.98 - hougies@wharton.upenn.edu [24/Oct/2012:10:30:12 -0400] "GET /badges/wharton/image08.png HTTP/1.1" 200 11146 "https://www.gradecraft.com/dashboard" "Mozilla/5.0 (Macintosh; Intel Mac OS X 10_6_8) AppleWebKit/534.57.2 (KHTML, like Gecko) Version/5.1.7 Safari/534.57.2"
130.91.56.98 - hougies@wharton.upenn.edu [24/Oct/2012:10:30:12 -0400] "GET /badges/wharton/image09.png HTTP/1.1" 200 11818 "https://www.gradecraft.com/dashboard" "Mozilla/5.0 (Macintosh; Intel Mac OS X 10_6_8) AppleWebKit/534.57.2 (KHTML, like Gecko) Version/5.1.7 Safari/534.57.2"
130.91.56.98 - hougies@wharton.upenn.edu [24/Oct/2012:10:30:12 -0400] "GET /badges/wharton/image00.png HTTP/1.1" 200 8362 "https://www.gradecraft.com/dashboard" "Mozilla/5.0 (Macintosh; Intel Mac OS X 10_6_8) AppleWebKit/534.57.2 (KHTML, like Gecko) Version/5.1.7 Safari/534.57.2"
130.91.56.98 - hougies@wharton.upenn.edu [24/Oct/2012:10:30:12 -0400] "GET /badges/wharton/Game-Master-Badge.png HTTP/1.1" 200 11946 "https://www.gradecraft.com/dashboard" "Mozilla/5.0 (Macintosh; Intel Mac OS X 10_6_8) AppleWebKit/534.57.2 (KHTML, like Gecko) Version/5.1.7 Safari/534.57.2"
130.91.56.98 - hougies@wharton.upenn.edu [24/Oct/2012:10:30:12 -0400] "GET /badges/wharton/Corporate-Lackey-Badge.png HTTP/1.1" 200 9914 "https://www.gradecraft.com/dashboard" "Mozilla/5.0 (Macintosh; Intel Mac OS X 10_6_8) AppleWebKit/534.57.2 (KHTML, like Gecko) Version/5.1.7 Safari/534.57.2"
130.91.56.98 - hougies@wharton.upenn.edu [24/Oct/2012:10:30:12 -0400] "GET /badges/wharton/Globe-Trotter-Badge.png HTTP/1.1" 200 10490 "https://www.gradecraft.com/dashboard" "Mozilla/5.0 (Macintosh; Intel Mac OS X 10_6_8) AppleWebKit/534.57.2 (KHTML, like Gecko) Version/5.1.7 Safari/534.57.2"
130.91.58.164 - tichen@sas.upenn.edu [24/Oct/2012:10:30:11 -0400] "GET /dashboard HTTP/1.1" 200 4308 "https://weblogin.umich.edu/?cosign-www.gradecraft.com&https://www.gradecraft.com/dashboard" "Mozilla/5.0 (Macintosh; Intel Mac OS X 10_7_5) AppleWebKit/537.4 (KHTML, like Gecko) Chrome/22.0.1229.94 Safari/537.4"
130.91.56.98 - hougies@wharton.upenn.edu [24/Oct/2012:10:30:11 -0400] "GET /users/predictor.json?in_progress=true&user_id=55 HTTP/1.1" 200 1690 "https://www.gradecraft.com/dashboard" "Mozilla/5.0 (Macintosh; Intel Mac OS X 10_6_8) AppleWebKit/534.57.2 (KHTML, like Gecko) Version/5.1.7 Safari/534.57.2"
130.91.58.164 - tichen@sas.upenn.edu [24/Oct/2012:10:30:12 -0400] "GET /assets/application-75efbcdd2e483708b1922621823d8e20.css HTTP/1.1" 200 47181 "https://www.gradecraft.com/dashboard" "Mozilla/5.0 (Macintosh; Intel Mac OS X 10_7_5) AppleWebKit/537.4 (KHTML, like Gecko) Chrome/22.0.1229.94 Safari/537.4"
130.91.58.164 - tichen@sas.upenn.edu [24/Oct/2012:10:30:12 -0400] "GET /assets/stylesheets/superhero.min.css HTTP/1.1" 404 1205 "https://www.gradecraft.com/dashboard" "Mozilla/5.0 (Macintosh; Intel Mac OS X 10_7_5) AppleWebKit/537.4 (KHTML, like Gecko) Chrome/22.0.1229.94 Safari/537.4"
130.91.56.98 - hougies@wharton.upenn.edu [24/Oct/2012:10:30:11 -0400] "GET /users/predictor.json?user_id=55 HTTP/1.1" 200 1828 "https://www.gradecraft.com/dashboard" "Mozilla/5.0 (Macintosh; Intel Mac OS X 10_6_8) AppleWebKit/534.57.2 (KHTML, like Gecko) Version/5.1.7 Safari/534.57.2"
130.91.58.164 - tichen@sas.upenn.edu [24/Oct/2012:10:30:12 -0400] "GET /assets/application-8ce02592fd93cf8f056fcba13d4bd5fc.js HTTP/1.1" 200 201945 "https://www.gradecraft.com/dashboard" "Mozilla/5.0 (Macintosh; Intel Mac OS X 10_7_5) AppleWebKit/537.4 (KHTML, like Gecko) Chrome/22.0.1229.94 Safari/537.4"
130.91.58.164 - tichen@sas.upenn.edu [24/Oct/2012:10:30:13 -0400] "GET /badges/wharton/image01.png HTTP/1.1" 200 6842 "https://www.gradecraft.com/dashboard" "Mozilla/5.0 (Macintosh; Intel Mac OS X 10_7_5) AppleWebKit/537.4 (KHTML, like Gecko) Chrome/22.0.1229.94 Safari/537.4"
130.91.58.164 - tichen@sas.upenn.edu [24/Oct/2012:10:30:13 -0400] "GET /badges/wharton/image02.png HTTP/1.1" 200 9899 "https://www.gradecraft.com/dashboard" "Mozilla/5.0 (Macintosh; Intel Mac OS X 10_7_5) AppleWebKit/537.4 (KHTML, like Gecko) Chrome/22.0.1229.94 Safari/537.4"
130.91.58.164 - tichen@sas.upenn.edu [24/Oct/2012:10:30:13 -0400] "GET /badges/wharton/image03.png HTTP/1.1" 200 10843 "https://www.gradecraft.com/dashboard" "Mozilla/5.0 (Macintosh; Intel Mac OS X 10_7_5) AppleWebKit/537.4 (KHTML, like Gecko) Chrome/22.0.1229.94 Safari/537.4"
130.91.58.164 - tichen@sas.upenn.edu [24/Oct/2012:10:30:13 -0400] "GET /badges/wharton/image04.png HTTP/1.1" 200 7835 "https://www.gradecraft.com/dashboard" "Mozilla/5.0 (Macintosh; Intel Mac OS X 10_7_5) AppleWebKit/537.4 (KHTML, like Gecko) Chrome/22.0.1229.94 Safari/537.4"
130.91.58.164 - tichen@sas.upenn.edu [24/Oct/2012:10:30:13 -0400] "GET /badges/wharton/image05.png HTTP/1.1" 200 7866 "https://www.gradecraft.com/dashboard" "Mozilla/5.0 (Macintosh; Intel Mac OS X 10_7_5) AppleWebKit/537.4 (KHTML, like Gecko) Chrome/22.0.1229.94 Safari/537.4"
130.91.58.164 - tichen@sas.upenn.edu [24/Oct/2012:10:30:13 -0400] "GET /badges/wharton/image06.png HTTP/1.1" 200 8042 "https://www.gradecraft.com/dashboard" "Mozilla/5.0 (Macintosh; Intel Mac OS X 10_7_5) AppleWebKit/537.4 (KHTML, like Gecko) Chrome/22.0.1229.94 Safari/537.4"
130.91.58.164 - tichen@sas.upenn.edu [24/Oct/2012:10:30:13 -0400] "GET /badges/wharton/image07.png HTTP/1.1" 200 7946 "https://www.gradecraft.com/dashboard" "Mozilla/5.0 (Macintosh; Intel Mac OS X 10_7_5) AppleWebKit/537.4 (KHTML, like Gecko) Chrome/22.0.1229.94 Safari/537.4"
130.91.58.164 - tichen@sas.upenn.edu [24/Oct/2012:10:30:13 -0400] "GET /badges/wharton/image08.png HTTP/1.1" 200 11146 "https://www.gradecraft.com/dashboard" "Mozilla/5.0 (Macintosh; Intel Mac OS X 10_7_5) AppleWebKit/537.4 (KHTML, like Gecko) Chrome/22.0.1229.94 Safari/537.4"
130.91.58.164 - tichen@sas.upenn.edu [24/Oct/2012:10:30:13 -0400] "GET /badges/wharton/image09.png HTTP/1.1" 200 11818 "https://www.gradecraft.com/dashboard" "Mozilla/5.0 (Macintosh; Intel Mac OS X 10_7_5) AppleWebKit/537.4 (KHTML, like Gecko) Chrome/22.0.1229.94 Safari/537.4"
130.91.58.164 - tichen@sas.upenn.edu [24/Oct/2012:10:30:13 -0400] "GET /badges/wharton/image00.png HTTP/1.1" 200 8362 "https://www.gradecraft.com/dashboard" "Mozilla/5.0 (Macintosh; Intel Mac OS X 10_7_5) AppleWebKit/537.4 (KHTML, like Gecko) Chrome/22.0.1229.94 Safari/537.4"
130.91.58.164 - tichen@sas.upenn.edu [24/Oct/2012:10:30:13 -0400] "GET /badges/wharton/Corporate-Lackey-Badge.png HTTP/1.1" 200 9914 "https://www.gradecraft.com/dashboard" "Mozilla/5.0 (Macintosh; Intel Mac OS X 10_7_5) AppleWebKit/537.4 (KHTML, like Gecko) Chrome/22.0.1229.94 Safari/537.4"
130.91.58.164 - tichen@sas.upenn.edu [24/Oct/2012:10:30:13 -0400] "GET /badges/wharton/Game-Master-Badge.png HTTP/1.1" 200 11946 "https://www.gradecraft.com/dashboard" "Mozilla/5.0 (Macintosh; Intel Mac OS X 10_7_5) AppleWebKit/537.4 (KHTML, like Gecko) Chrome/22.0.1229.94 Safari/537.4"
130.91.58.164 - tichen@sas.upenn.edu [24/Oct/2012:10:30:13 -0400] "GET /badges/wharton/Globe-Trotter-Badge.png HTTP/1.1" 200 10490 "https://www.gradecraft.com/dashboard" "Mozilla/5.0 (Macintosh; Intel Mac OS X 10_7_5) AppleWebKit/537.4 (KHTML, like Gecko) Chrome/22.0.1229.94 Safari/537.4"
130.91.58.164 - tichen@sas.upenn.edu [24/Oct/2012:10:30:13 -0400] "GET /users/predictor.json?user_id=47 HTTP/1.1" 200 1674 "https://www.gradecraft.com/dashboard" "Mozilla/5.0 (Macintosh; Intel Mac OS X 10_7_5) AppleWebKit/537.4 (KHTML, like Gecko) Chrome/22.0.1229.94 Safari/537.4"
130.91.58.164 - tichen@sas.upenn.edu [24/Oct/2012:10:30:13 -0400] "GET /users/predictor.json?in_progress=true&user_id=47 HTTP/1.1" 200 1674 "https://www.gradecraft.com/dashboard" "Mozilla/5.0 (Macintosh; Intel Mac OS X 10_7_5) AppleWebKit/537.4 (KHTML, like Gecko) Chrome/22.0.1229.94 Safari/537.4"
68.42.215.25 - - [24/Oct/2012:10:30:14 -0400] "GET /dashboard HTTP/1.1" 302 3254 "-" "Mozilla/5.0 (Macintosh; U; Intel Mac OS X 10_6_8; en-us) AppleWebKit/533.21.1 (KHTML, like Gecko) Version/5.0.5 Safari/533.21.1"
130.91.58.164 - tichen@sas.upenn.edu [24/Oct/2012:10:30:21 -0400] "GET /assignments/13/grades/self_log?gradeable_id=47&gradeable_type=User HTTP/1.1" 200 2676 "https://www.gradecraft.com/dashboard" "Mozilla/5.0 (Macintosh; Intel Mac OS X 10_7_5) AppleWebKit/537.4 (KHTML, like Gecko) Chrome/22.0.1229.94 Safari/537.4"
130.91.58.164 - tichen@sas.upenn.edu [24/Oct/2012:10:30:21 -0400] "GET /assets/stylesheets/superhero.min.css HTTP/1.1" 404 1044 "https://www.gradecraft.com/assignments/13/grades/self_log?gradeable_id=47&gradeable_type=User" "Mozilla/5.0 (Macintosh; Intel Mac OS X 10_7_5) AppleWebKit/537.4 (KHTML, like Gecko) Chrome/22.0.1229.94 Safari/537.4"
130.91.56.98 - hougies@wharton.upenn.edu [24/Oct/2012:10:30:22 -0400] "GET /assignments/13/grades/self_log?gradeable_id=55&gradeable_type=User HTTP/1.1" 200 2676 "https://www.gradecraft.com/dashboard" "Mozilla/5.0 (Macintosh; Intel Mac OS X 10_6_8) AppleWebKit/534.57.2 (KHTML, like Gecko) Version/5.1.7 Safari/534.57.2"
130.91.58.164 - tichen@sas.upenn.edu [24/Oct/2012:10:30:24 -0400] "POST /assignments/13/grades/self_log_create HTTP/1.1" 302 1652 "https://www.gradecraft.com/assignments/13/grades/self_log?gradeable_id=47&gradeable_type=User" "Mozilla/5.0 (Macintosh; Intel Mac OS X 10_7_5) AppleWebKit/537.4 (KHTML, like Gecko) Chrome/22.0.1229.94 Safari/537.4"
130.91.56.98 - hougies@wharton.upenn.edu [24/Oct/2012:10:30:25 -0400] "GET /assets/stylesheets/superhero.min.css HTTP/1.1" 404 1044 "https://www.gradecraft.com/assignments/13/grades/self_log?gradeable_id=55&gradeable_type=User" "Mozilla/5.0 (Macintosh; Intel Mac OS X 10_6_8) AppleWebKit/534.57.2 (KHTML, like Gecko) Version/5.1.7 Safari/534.57.2"
130.91.58.164 - tichen@sas.upenn.edu [24/Oct/2012:10:30:25 -0400] "GET /dashboard HTTP/1.1" 200 4452 "https://www.gradecraft.com/assignments/13/grades/self_log?gradeable_id=47&gradeable_type=User" "Mozilla/5.0 (Macintosh; Intel Mac OS X 10_7_5) AppleWebKit/537.4 (KHTML, like Gecko) Chrome/22.0.1229.94 Safari/537.4"
130.91.58.164 - tichen@sas.upenn.edu [24/Oct/2012:10:30:25 -0400] "GET /assets/stylesheets/superhero.min.css HTTP/1.1" 404 1044 "https://www.gradecraft.com/dashboard" "Mozilla/5.0 (Macintosh; Intel Mac OS X 10_7_5) AppleWebKit/537.4 (KHTML, like Gecko) Chrome/22.0.1229.94 Safari/537.4"
130.91.58.164 - tichen@sas.upenn.edu [24/Oct/2012:10:30:25 -0400] "GET /users/predictor.json?in_progress=true&user_id=47 HTTP/1.1" 304 885 "https://www.gradecraft.com/dashboard" "Mozilla/5.0 (Macintosh; Intel Mac OS X 10_7_5) AppleWebKit/537.4 (KHTML, like Gecko) Chrome/22.0.1229.94 Safari/537.4"
130.91.58.164 - tichen@sas.upenn.edu [24/Oct/2012:10:30:25 -0400] "GET /users/predictor.json?user_id=47 HTTP/1.1" 304 885 "https://www.gradecraft.com/dashboard" "Mozilla/5.0 (Macintosh; Intel Mac OS X 10_7_5) AppleWebKit/537.4 (KHTML, like Gecko) Chrome/22.0.1229.94 Safari/537.4"
130.91.56.98 - hougies@wharton.upenn.edu [24/Oct/2012:10:30:28 -0400] "POST /assignments/13/grades/self_log_create HTTP/1.1" 302 1652 "https://www.gradecraft.com/assignments/13/grades/self_log?gradeable_id=55&gradeable_type=User" "Mozilla/5.0 (Macintosh; Intel Mac OS X 10_6_8) AppleWebKit/534.57.2 (KHTML, like Gecko) Version/5.1.7 Safari/534.57.2"
130.91.56.98 - hougies@wharton.upenn.edu [24/Oct/2012:10:30:28 -0400] "GET /dashboard HTTP/1.1" 200 4452 "https://www.gradecraft.com/assignments/13/grades/self_log?gradeable_id=55&gradeable_type=User" "Mozilla/5.0 (Macintosh; Intel Mac OS X 10_6_8) AppleWebKit/534.57.2 (KHTML, like Gecko) Version/5.1.7 Safari/534.57.2"
130.91.56.98 - hougies@wharton.upenn.edu [24/Oct/2012:10:30:29 -0400] "GET /assets/stylesheets/superhero.min.css HTTP/1.1" 404 1198 "https://www.gradecraft.com/dashboard" "Mozilla/5.0 (Macintosh; Intel Mac OS X 10_6_8) AppleWebKit/534.57.2 (KHTML, like Gecko) Version/5.1.7 Safari/534.57.2"
130.91.58.76 - wadse@wharton.upenn.edu [24/Oct/2012:10:30:29 -0400] "GET /dashboard HTTP/1.1" 200 4437 "https://weblogin.umich.edu/?cosign-www.gradecraft.com&https://www.gradecraft.com/" "Mozilla/5.0 (Windows NT 6.1; WOW64) AppleWebKit/537.4 (KHTML, like Gecko) Chrome/22.0.1229.94 Safari/537.4"
130.91.56.98 - hougies@wharton.upenn.edu [24/Oct/2012:10:30:29 -0400] "GET /users/predictor.json?in_progress=true&user_id=55 HTTP/1.1" 304 885 "https://www.gradecraft.com/dashboard" "Mozilla/5.0 (Macintosh; Intel Mac OS X 10_6_8) AppleWebKit/534.57.2 (KHTML, like Gecko) Version/5.1.7 Safari/534.57.2"
130.91.56.98 - hougies@wharton.upenn.edu [24/Oct/2012:10:30:29 -0400] "GET /users/predictor.json?user_id=55 HTTP/1.1" 304 1023 "https://www.gradecraft.com/dashboard" "Mozilla/5.0 (Macintosh; Intel Mac OS X 10_6_8) AppleWebKit/534.57.2 (KHTML, like Gecko) Version/5.1.7 Safari/534.57.2"
130.91.58.76 - wadse@wharton.upenn.edu [24/Oct/2012:10:30:29 -0400] "GET /assets/application-75efbcdd2e483708b1922621823d8e20.css HTTP/1.1" 304 245 "https://www.gradecraft.com/dashboard" "Mozilla/5.0 (Windows NT 6.1; WOW64) AppleWebKit/537.4 (KHTML, like Gecko) Chrome/22.0.1229.94 Safari/537.4"
130.91.58.76 - wadse@wharton.upenn.edu [24/Oct/2012:10:30:29 -0400] "GET /assets/application-8ce02592fd93cf8f056fcba13d4bd5fc.js HTTP/1.1" 304 245 "https://www.gradecraft.com/dashboard" "Mozilla/5.0 (Windows NT 6.1; WOW64) AppleWebKit/537.4 (KHTML, like Gecko) Chrome/22.0.1229.94 Safari/537.4"
130.91.58.76 - wadse@wharton.upenn.edu [24/Oct/2012:10:30:30 -0400] "GET /assets/stylesheets/superhero.min.css HTTP/1.1" 404 1044 "https://www.gradecraft.com/dashboard" "Mozilla/5.0 (Windows NT 6.1; WOW64) AppleWebKit/537.4 (KHTML, like Gecko) Chrome/22.0.1229.94 Safari/537.4"
130.91.58.76 - wadse@wharton.upenn.edu [24/Oct/2012:10:30:30 -0400] "GET /users/predictor.json?in_progress=true&user_id=34 HTTP/1.1" 304 869 "https://www.gradecraft.com/dashboard" "Mozilla/5.0 (Windows NT 6.1; WOW64) AppleWebKit/537.4 (KHTML, like Gecko) Chrome/22.0.1229.94 Safari/537.4"
130.91.58.76 - wadse@wharton.upenn.edu [24/Oct/2012:10:30:30 -0400] "GET /users/predictor.json?user_id=34 HTTP/1.1" 304 869 "https://www.gradecraft.com/dashboard" "Mozilla/5.0 (Windows NT 6.1; WOW64) AppleWebKit/537.4 (KHTML, like Gecko) Chrome/22.0.1229.94 Safari/537.4"
130.91.58.76 - wadse@wharton.upenn.edu [24/Oct/2012:10:30:31 -0400] "GET /badges/wharton/image01.png HTTP/1.1" 304 213 "https://www.gradecraft.com/dashboard" "Mozilla/5.0 (Windows NT 6.1; WOW64) AppleWebKit/537.4 (KHTML, like Gecko) Chrome/22.0.1229.94 Safari/537.4"
130.91.58.76 - wadse@wharton.upenn.edu [24/Oct/2012:10:30:31 -0400] "GET /badges/wharton/image02.png HTTP/1.1" 304 213 "https://www.gradecraft.com/dashboard" "Mozilla/5.0 (Windows NT 6.1; WOW64) AppleWebKit/537.4 (KHTML, like Gecko) Chrome/22.0.1229.94 Safari/537.4"
130.91.58.76 - wadse@wharton.upenn.edu [24/Oct/2012:10:30:31 -0400] "GET /badges/wharton/image03.png HTTP/1.1" 304 213 "https://www.gradecraft.com/dashboard" "Mozilla/5.0 (Windows NT 6.1; WOW64) AppleWebKit/537.4 (KHTML, like Gecko) Chrome/22.0.1229.94 Safari/537.4"
130.91.58.76 - wadse@wharton.upenn.edu [24/Oct/2012:10:30:31 -0400] "GET /badges/wharton/image04.png HTTP/1.1" 304 213 "https://www.gradecraft.com/dashboard" "Mozilla/5.0 (Windows NT 6.1; WOW64) AppleWebKit/537.4 (KHTML, like Gecko) Chrome/22.0.1229.94 Safari/537.4"
130.91.58.76 - wadse@wharton.upenn.edu [24/Oct/2012:10:30:31 -0400] "GET /badges/wharton/image05.png HTTP/1.1" 304 213 "https://www.gradecraft.com/dashboard" "Mozilla/5.0 (Windows NT 6.1; WOW64) AppleWebKit/537.4 (KHTML, like Gecko) Chrome/22.0.1229.94 Safari/537.4"
130.91.58.76 - wadse@wharton.upenn.edu [24/Oct/2012:10:30:31 -0400] "GET /badges/wharton/image06.png HTTP/1.1" 304 213 "https://www.gradecraft.com/dashboard" "Mozilla/5.0 (Windows NT 6.1; WOW64) AppleWebKit/537.4 (KHTML, like Gecko) Chrome/22.0.1229.94 Safari/537.4"
130.91.58.76 - wadse@wharton.upenn.edu [24/Oct/2012:10:30:31 -0400] "GET /badges/wharton/image07.png HTTP/1.1" 304 213 "https://www.gradecraft.com/dashboard" "Mozilla/5.0 (Windows NT 6.1; WOW64) AppleWebKit/537.4 (KHTML, like Gecko) Chrome/22.0.1229.94 Safari/537.4"
130.91.58.76 - wadse@wharton.upenn.edu [24/Oct/2012:10:30:31 -0400] "GET /badges/wharton/image08.png HTTP/1.1" 304 213 "https://www.gradecraft.com/dashboard" "Mozilla/5.0 (Windows NT 6.1; WOW64) AppleWebKit/537.4 (KHTML, like Gecko) Chrome/22.0.1229.94 Safari/537.4"
130.91.58.76 - wadse@wharton.upenn.edu [24/Oct/2012:10:30:31 -0400] "GET /badges/wharton/image09.png HTTP/1.1" 304 213 "https://www.gradecraft.com/dashboard" "Mozilla/5.0 (Windows NT 6.1; WOW64) AppleWebKit/537.4 (KHTML, like Gecko) Chrome/22.0.1229.94 Safari/537.4"
130.91.58.76 - wadse@wharton.upenn.edu [24/Oct/2012:10:30:31 -0400] "GET /badges/wharton/image00.png HTTP/1.1" 304 213 "https://www.gradecraft.com/dashboard" "Mozilla/5.0 (Windows NT 6.1; WOW64) AppleWebKit/537.4 (KHTML, like Gecko) Chrome/22.0.1229.94 Safari/537.4"
130.91.58.76 - wadse@wharton.upenn.edu [24/Oct/2012:10:30:31 -0400] "GET /badges/wharton/Game-Master-Badge.png HTTP/1.1" 304 213 "https://www.gradecraft.com/dashboard" "Mozilla/5.0 (Windows NT 6.1; WOW64) AppleWebKit/537.4 (KHTML, like Gecko) Chrome/22.0.1229.94 Safari/537.4"
130.91.58.76 - wadse@wharton.upenn.edu [24/Oct/2012:10:30:31 -0400] "GET /badges/wharton/Corporate-Lackey-Badge.png HTTP/1.1" 304 213 "https://www.gradecraft.com/dashboard" "Mozilla/5.0 (Windows NT 6.1; WOW64) AppleWebKit/537.4 (KHTML, like Gecko) Chrome/22.0.1229.94 Safari/537.4"
130.91.58.76 - wadse@wharton.upenn.edu [24/Oct/2012:10:30:31 -0400] "GET /badges/wharton/Globe-Trotter-Badge.png HTTP/1.1" 304 213 "https://www.gradecraft.com/dashboard" "Mozilla/5.0 (Windows NT 6.1; WOW64) AppleWebKit/537.4 (KHTML, like Gecko) Chrome/22.0.1229.94 Safari/537.4"
130.91.58.76 - wadse@wharton.upenn.edu [24/Oct/2012:10:30:31 -0400] "GET /favicon.ico HTTP/1.1" 200 4650 "-" "Mozilla/5.0 (Windows NT 6.1; WOW64) AppleWebKit/537.4 (KHTML, like Gecko) Chrome/22.0.1229.94 Safari/537.4"
130.91.58.76 - wadse@wharton.upenn.edu [24/Oct/2012:10:30:38 -0400] "GET /assignments/13/grades/self_log?gradeable_id=34&gradeable_type=User HTTP/1.1" 200 2660 "https://www.gradecraft.com/dashboard" "Mozilla/5.0 (Windows NT 6.1; WOW64) AppleWebKit/537.4 (KHTML, like Gecko) Chrome/22.0.1229.94 Safari/537.4"
130.91.58.76 - wadse@wharton.upenn.edu [24/Oct/2012:10:30:38 -0400] "GET /assets/stylesheets/superhero.min.css HTTP/1.1" 404 1044 "https://www.gradecraft.com/assignments/13/grades/self_log?gradeable_id=34&gradeable_type=User" "Mozilla/5.0 (Windows NT 6.1; WOW64) AppleWebKit/537.4 (KHTML, like Gecko) Chrome/22.0.1229.94 Safari/537.4"
141.211.120.60 - zharner [24/Oct/2012:10:30:39 -0400] "GET /badges HTTP/1.1" 200 6957 "https://www.gradecraft.com/dashboard" "Mozilla/5.0 (Macintosh; Intel Mac OS X 10.6; rv:10.0.9) Gecko/20100101 Firefox/10.0.9"
130.91.58.76 - wadse@wharton.upenn.edu [24/Oct/2012:10:30:42 -0400] "POST /assignments/13/grades/self_log_create HTTP/1.1" 302 1636 "https://www.gradecraft.com/assignments/13/grades/self_log?gradeable_id=34&gradeable_type=User" "Mozilla/5.0 (Windows NT 6.1; WOW64) AppleWebKit/537.4 (KHTML, like Gecko) Chrome/22.0.1229.94 Safari/537.4"
130.91.58.76 - wadse@wharton.upenn.edu [24/Oct/2012:10:30:42 -0400] "GET /dashboard HTTP/1.1" 200 4452 "https://www.gradecraft.com/assignments/13/grades/self_log?gradeable_id=34&gradeable_type=User" "Mozilla/5.0 (Windows NT 6.1; WOW64) AppleWebKit/537.4 (KHTML, like Gecko) Chrome/22.0.1229.94 Safari/537.4"
130.91.58.76 - wadse@wharton.upenn.edu [24/Oct/2012:10:30:43 -0400] "GET /assets/stylesheets/superhero.min.css HTTP/1.1" 404 1044 "https://www.gradecraft.com/dashboard" "Mozilla/5.0 (Windows NT 6.1; WOW64) AppleWebKit/537.4 (KHTML, like Gecko) Chrome/22.0.1229.94 Safari/537.4"
130.91.58.76 - wadse@wharton.upenn.edu [24/Oct/2012:10:30:43 -0400] "GET /users/predictor.json?user_id=34 HTTP/1.1" 304 1014 "https://www.gradecraft.com/dashboard" "Mozilla/5.0 (Windows NT 6.1; WOW64) AppleWebKit/537.4 (KHTML, like Gecko) Chrome/22.0.1229.94 Safari/537.4"
130.91.58.76 - wadse@wharton.upenn.edu [24/Oct/2012:10:30:43 -0400] "GET /users/predictor.json?in_progress=true&user_id=34 HTTP/1.1" 304 1014 "https://www.gradecraft.com/dashboard" "Mozilla/5.0 (Windows NT 6.1; WOW64) AppleWebKit/537.4 (KHTML, like Gecko) Chrome/22.0.1229.94 Safari/537.4"
130.91.57.223 - - [24/Oct/2012:10:30:45 -0400] "GET /cosign/valid?cosign-www.gradecraft.com=z0f0LuRQOhU6xBKccwvFIQYvLcUAZZyN2cYifjHxreDYy-KysBD1Xp7BxsjLG6+6bgZpxLmt3yDfkn1GIa0ifg6LjTazqp6GOdKDBnNMrhZ-eCBb+qUhp25FLEWX&https://www.gradecraft.com/ HTTP/1.1" 301 1013 "https://weblogin.umich.edu/?cosign-www.gradecraft.com&https://www.gradecraft.com/" "Mozilla/5.0 (Macintosh; Intel Mac OS X 10_6_8) AppleWebKit/537.4 (KHTML, like Gecko) Chrome/22.0.1229.94 Safari/537.4"
130.91.57.223 - paynej@wharton.upenn.edu [24/Oct/2012:10:30:46 -0400] "GET / HTTP/1.1" 302 1348 "https://weblogin.umich.edu/?cosign-www.gradecraft.com&https://www.gradecraft.com/" "Mozilla/5.0 (Macintosh; Intel Mac OS X 10_6_8) AppleWebKit/537.4 (KHTML, like Gecko) Chrome/22.0.1229.94 Safari/537.4"
130.91.57.223 - paynej@wharton.upenn.edu [24/Oct/2012:10:30:46 -0400] "GET /dashboard HTTP/1.1" 200 4292 "https://weblogin.umich.edu/?cosign-www.gradecraft.com&https://www.gradecraft.com/" "Mozilla/5.0 (Macintosh; Intel Mac OS X 10_6_8) AppleWebKit/537.4 (KHTML, like Gecko) Chrome/22.0.1229.94 Safari/537.4"
130.91.57.223 - paynej@wharton.upenn.edu [24/Oct/2012:10:30:46 -0400] "GET /assets/application-75efbcdd2e483708b1922621823d8e20.css HTTP/1.1" 200 47181 "https://www.gradecraft.com/dashboard" "Mozilla/5.0 (Macintosh; Intel Mac OS X 10_6_8) AppleWebKit/537.4 (KHTML, like Gecko) Chrome/22.0.1229.94 Safari/537.4"
130.91.57.223 - paynej@wharton.upenn.edu [24/Oct/2012:10:30:46 -0400] "GET /assets/stylesheets/superhero.min.css HTTP/1.1" 404 1205 "https://www.gradecraft.com/dashboard" "Mozilla/5.0 (Macintosh; Intel Mac OS X 10_6_8) AppleWebKit/537.4 (KHTML, like Gecko) Chrome/22.0.1229.94 Safari/537.4"
130.91.57.223 - paynej@wharton.upenn.edu [24/Oct/2012:10:30:46 -0400] "GET /assets/application-8ce02592fd93cf8f056fcba13d4bd5fc.js HTTP/1.1" 200 201945 "https://www.gradecraft.com/dashboard" "Mozilla/5.0 (Macintosh; Intel Mac OS X 10_6_8) AppleWebKit/537.4 (KHTML, like Gecko) Chrome/22.0.1229.94 Safari/537.4"
130.91.57.223 - paynej@wharton.upenn.edu [24/Oct/2012:10:30:47 -0400] "GET /badges/wharton/image01.png HTTP/1.1" 200 6842 "https://www.gradecraft.com/dashboard" "Mozilla/5.0 (Macintosh; Intel Mac OS X 10_6_8) AppleWebKit/537.4 (KHTML, like Gecko) Chrome/22.0.1229.94 Safari/537.4"
130.91.57.223 - paynej@wharton.upenn.edu [24/Oct/2012:10:30:47 -0400] "GET /badges/wharton/image02.png HTTP/1.1" 200 9754 "https://www.gradecraft.com/dashboard" "Mozilla/5.0 (Macintosh; Intel Mac OS X 10_6_8) AppleWebKit/537.4 (KHTML, like Gecko) Chrome/22.0.1229.94 Safari/537.4"
130.91.57.223 - paynej@wharton.upenn.edu [24/Oct/2012:10:30:47 -0400] "GET /badges/wharton/image03.png HTTP/1.1" 200 10843 "https://www.gradecraft.com/dashboard" "Mozilla/5.0 (Macintosh; Intel Mac OS X 10_6_8) AppleWebKit/537.4 (KHTML, like Gecko) Chrome/22.0.1229.94 Safari/537.4"
130.91.57.223 - paynej@wharton.upenn.edu [24/Oct/2012:10:30:47 -0400] "GET /badges/wharton/image04.png HTTP/1.1" 200 7835 "https://www.gradecraft.com/dashboard" "Mozilla/5.0 (Macintosh; Intel Mac OS X 10_6_8) AppleWebKit/537.4 (KHTML, like Gecko) Chrome/22.0.1229.94 Safari/537.4"
130.91.57.223 - paynej@wharton.upenn.edu [24/Oct/2012:10:30:47 -0400] "GET /badges/wharton/image05.png HTTP/1.1" 200 8011 "https://www.gradecraft.com/dashboard" "Mozilla/5.0 (Macintosh; Intel Mac OS X 10_6_8) AppleWebKit/537.4 (KHTML, like Gecko) Chrome/22.0.1229.94 Safari/537.4"
130.91.57.223 - paynej@wharton.upenn.edu [24/Oct/2012:10:30:47 -0400] "GET /badges/wharton/image06.png HTTP/1.1" 200 8042 "https://www.gradecraft.com/dashboard" "Mozilla/5.0 (Macintosh; Intel Mac OS X 10_6_8) AppleWebKit/537.4 (KHTML, like Gecko) Chrome/22.0.1229.94 Safari/537.4"
130.91.57.223 - paynej@wharton.upenn.edu [24/Oct/2012:10:30:47 -0400] "GET /badges/wharton/image07.png HTTP/1.1" 200 7946 "https://www.gradecraft.com/dashboard" "Mozilla/5.0 (Macintosh; Intel Mac OS X 10_6_8) AppleWebKit/537.4 (KHTML, like Gecko) Chrome/22.0.1229.94 Safari/537.4"
130.91.57.223 - paynej@wharton.upenn.edu [24/Oct/2012:10:30:47 -0400] "GET /badges/wharton/image08.png HTTP/1.1" 200 11146 "https://www.gradecraft.com/dashboard" "Mozilla/5.0 (Macintosh; Intel Mac OS X 10_6_8) AppleWebKit/537.4 (KHTML, like Gecko) Chrome/22.0.1229.94 Safari/537.4"
130.91.57.223 - paynej@wharton.upenn.edu [24/Oct/2012:10:30:47 -0400] "GET /badges/wharton/image09.png HTTP/1.1" 200 11818 "https://www.gradecraft.com/dashboard" "Mozilla/5.0 (Macintosh; Intel Mac OS X 10_6_8) AppleWebKit/537.4 (KHTML, like Gecko) Chrome/22.0.1229.94 Safari/537.4"
130.91.57.223 - paynej@wharton.upenn.edu [24/Oct/2012:10:30:47 -0400] "GET /badges/wharton/image00.png HTTP/1.1" 200 8362 "https://www.gradecraft.com/dashboard" "Mozilla/5.0 (Macintosh; Intel Mac OS X 10_6_8) AppleWebKit/537.4 (KHTML, like Gecko) Chrome/22.0.1229.94 Safari/537.4"
130.91.57.223 - paynej@wharton.upenn.edu [24/Oct/2012:10:30:47 -0400] "GET /users/predictor.json?user_id=17 HTTP/1.1" 200 1674 "https://www.gradecraft.com/dashboard" "Mozilla/5.0 (Macintosh; Intel Mac OS X 10_6_8) AppleWebKit/537.4 (KHTML, like Gecko) Chrome/22.0.1229.94 Safari/537.4"
130.91.57.223 - paynej@wharton.upenn.edu [24/Oct/2012:10:30:47 -0400] "GET /badges/wharton/Game-Master-Badge.png HTTP/1.1" 200 11946 "https://www.gradecraft.com/dashboard" "Mozilla/5.0 (Macintosh; Intel Mac OS X 10_6_8) AppleWebKit/537.4 (KHTML, like Gecko) Chrome/22.0.1229.94 Safari/537.4"
130.91.57.223 - paynej@wharton.upenn.edu [24/Oct/2012:10:30:47 -0400] "GET /badges/wharton/Corporate-Lackey-Badge.png HTTP/1.1" 200 9914 "https://www.gradecraft.com/dashboard" "Mozilla/5.0 (Macintosh; Intel Mac OS X 10_6_8) AppleWebKit/537.4 (KHTML, like Gecko) Chrome/22.0.1229.94 Safari/537.4"
130.91.57.223 - paynej@wharton.upenn.edu [24/Oct/2012:10:30:47 -0400] "GET /badges/wharton/Globe-Trotter-Badge.png HTTP/1.1" 200 10490 "https://www.gradecraft.com/dashboard" "Mozilla/5.0 (Macintosh; Intel Mac OS X 10_6_8) AppleWebKit/537.4 (KHTML, like Gecko) Chrome/22.0.1229.94 Safari/537.4"
130.91.57.223 - paynej@wharton.upenn.edu [24/Oct/2012:10:30:47 -0400] "GET /users/predictor.json?in_progress=true&user_id=17 HTTP/1.1" 200 1674 "https://www.gradecraft.com/dashboard" "Mozilla/5.0 (Macintosh; Intel Mac OS X 10_6_8) AppleWebKit/537.4 (KHTML, like Gecko) Chrome/22.0.1229.94 Safari/537.4"
130.91.57.223 - paynej@wharton.upenn.edu [24/Oct/2012:10:30:48 -0400] "GET /favicon.ico HTTP/1.1" 200 4650 "-" "Mozilla/5.0 (Macintosh; Intel Mac OS X 10_6_8) AppleWebKit/537.4 (KHTML, like Gecko) Chrome/22.0.1229.94 Safari/537.4"
130.91.57.223 - paynej@wharton.upenn.edu [24/Oct/2012:10:31:14 -0400] "GET /assignments/13/grades/self_log?gradeable_id=17&gradeable_type=User HTTP/1.1" 200 2805 "https://www.gradecraft.com/dashboard" "Mozilla/5.0 (Macintosh; Intel Mac OS X 10_6_8) AppleWebKit/537.4 (KHTML, like Gecko) Chrome/22.0.1229.94 Safari/537.4"
130.91.57.223 - paynej@wharton.upenn.edu [24/Oct/2012:10:31:14 -0400] "GET /assets/stylesheets/superhero.min.css HTTP/1.1" 404 1044 "https://www.gradecraft.com/assignments/13/grades/self_log?gradeable_id=17&gradeable_type=User" "Mozilla/5.0 (Macintosh; Intel Mac OS X 10_6_8) AppleWebKit/537.4 (KHTML, like Gecko) Chrome/22.0.1229.94 Safari/537.4"
130.91.57.223 - paynej@wharton.upenn.edu [24/Oct/2012:10:31:20 -0400] "POST /assignments/13/grades/self_log_create HTTP/1.1" 302 1636 "https://www.gradecraft.com/assignments/13/grades/self_log?gradeable_id=17&gradeable_type=User" "Mozilla/5.0 (Macintosh; Intel Mac OS X 10_6_8) AppleWebKit/537.4 (KHTML, like Gecko) Chrome/22.0.1229.94 Safari/537.4"
130.91.58.38 - - [24/Oct/2012:10:31:19 -0400] "GET /dashboard HTTP/1.1" 302 3789 "https://wharton.instructure.com/courses/755358/wiki/front-page" "Mozilla/5.0 (Windows NT 6.1; WOW64) AppleWebKit/537.4 (KHTML, like Gecko) Chrome/22.0.1229.94 Safari/537.4"
130.91.57.223 - paynej@wharton.upenn.edu [24/Oct/2012:10:31:20 -0400] "GET /dashboard HTTP/1.1" 200 4452 "https://www.gradecraft.com/assignments/13/grades/self_log?gradeable_id=17&gradeable_type=User" "Mozilla/5.0 (Macintosh; Intel Mac OS X 10_6_8) AppleWebKit/537.4 (KHTML, like Gecko) Chrome/22.0.1229.94 Safari/537.4"
130.91.57.223 - paynej@wharton.upenn.edu [24/Oct/2012:10:31:20 -0400] "GET /assets/stylesheets/superhero.min.css HTTP/1.1" 404 1044 "https://www.gradecraft.com/dashboard" "Mozilla/5.0 (Macintosh; Intel Mac OS X 10_6_8) AppleWebKit/537.4 (KHTML, like Gecko) Chrome/22.0.1229.94 Safari/537.4"
130.91.57.223 - paynej@wharton.upenn.edu [24/Oct/2012:10:31:20 -0400] "GET /users/predictor.json?user_id=17 HTTP/1.1" 304 1014 "https://www.gradecraft.com/dashboard" "Mozilla/5.0 (Macintosh; Intel Mac OS X 10_6_8) AppleWebKit/537.4 (KHTML, like Gecko) Chrome/22.0.1229.94 Safari/537.4"
130.91.57.223 - paynej@wharton.upenn.edu [24/Oct/2012:10:31:20 -0400] "GET /users/predictor.json?in_progress=true&user_id=17 HTTP/1.1" 304 1014 "https://www.gradecraft.com/dashboard" "Mozilla/5.0 (Macintosh; Intel Mac OS X 10_6_8) AppleWebKit/537.4 (KHTML, like Gecko) Chrome/22.0.1229.94 Safari/537.4"
130.91.59.107 - - [24/Oct/2012:10:31:22 -0400] "GET /dashboard HTTP/1.1" 302 3984 "https://wharton.instructure.com/courses/755358" "Mozilla/5.0 (Windows NT 6.1; WOW64) AppleWebKit/537.4 (KHTML, like Gecko) Chrome/22.0.1229.94 Safari/537.4"
130.91.58.38 - - [24/Oct/2012:10:31:32 -0400] "GET /cosign/valid?cosign-www.gradecraft.com=tteAY21WwwtTHA4qOs5v1nj4R4bWgcdblfVIAGB3yhe6rkwwnN05ryZ+78Ul5FNOvxEmJdrvTI1gcZ7EK2wCw7Q7CO-BUl0QgqVgwuwULYK-Zd5YgHE7LFbZNszF&https://www.gradecraft.com/dashboard HTTP/1.1" 301 900 "https://weblogin.umich.edu/?cosign-www.gradecraft.com&https://www.gradecraft.com/dashboard" "Mozilla/5.0 (Windows NT 6.1; WOW64) AppleWebKit/537.4 (KHTML, like Gecko) Chrome/22.0.1229.94 Safari/537.4"
130.91.58.38 - markov@wharton.upenn.edu [24/Oct/2012:10:31:32 -0400] "GET /dashboard HTTP/1.1" 200 4324 "https://weblogin.umich.edu/?cosign-www.gradecraft.com&https://www.gradecraft.com/dashboard" "Mozilla/5.0 (Windows NT 6.1; WOW64) AppleWebKit/537.4 (KHTML, like Gecko) Chrome/22.0.1229.94 Safari/537.4"
130.91.58.38 - markov@wharton.upenn.edu [24/Oct/2012:10:31:33 -0400] "GET /assets/stylesheets/superhero.min.css HTTP/1.1" 404 4288 "https://www.gradecraft.com/dashboard" "Mozilla/5.0 (Windows NT 6.1; WOW64) AppleWebKit/537.4 (KHTML, like Gecko) Chrome/22.0.1229.94 Safari/537.4"
130.91.58.38 - markov@wharton.upenn.edu [24/Oct/2012:10:31:33 -0400] "GET /assets/application-75efbcdd2e483708b1922621823d8e20.css HTTP/1.1" 200 47181 "https://www.gradecraft.com/dashboard" "Mozilla/5.0 (Windows NT 6.1; WOW64) AppleWebKit/537.4 (KHTML, like Gecko) Chrome/22.0.1229.94 Safari/537.4"
130.91.59.107 - - [24/Oct/2012:10:31:34 -0400] "GET /cosign/valid?cosign-www.gradecraft.com=wdMQzfxsvWnWTCo4G+cpKqzK0ZzxCRKm-B7V7uz-UggY8-jVARz+fy99N7a1qRK1XFmalTq+wM4nosJOHtxzW13fZkf9ynWbOxtXHsHZbQ3jPbVzJUjzT+CXDtw7&https://www.gradecraft.com/dashboard HTTP/1.1" 301 900 "https://weblogin.umich.edu/?cosign-www.gradecraft.com&https://www.gradecraft.com/dashboard" "Mozilla/5.0 (Windows NT 6.1; WOW64) AppleWebKit/537.4 (KHTML, like Gecko) Chrome/22.0.1229.94 Safari/537.4"
130.91.59.107 - kmate@wharton.upenn.edu [24/Oct/2012:10:31:34 -0400] "GET /dashboard HTTP/1.1" 200 4324 "https://weblogin.umich.edu/?cosign-www.gradecraft.com&https://www.gradecraft.com/dashboard" "Mozilla/5.0 (Windows NT 6.1; WOW64) AppleWebKit/537.4 (KHTML, like Gecko) Chrome/22.0.1229.94 Safari/537.4"
130.91.59.107 - kmate@wharton.upenn.edu [24/Oct/2012:10:31:34 -0400] "GET /assets/application-75efbcdd2e483708b1922621823d8e20.css HTTP/1.1" 304 245 "https://www.gradecraft.com/dashboard" "Mozilla/5.0 (Windows NT 6.1; WOW64) AppleWebKit/537.4 (KHTML, like Gecko) Chrome/22.0.1229.94 Safari/537.4"
