70.88.92.130 - samsem [27/Nov/2012:10:37:19 -0500] "GET /badges/pos101/practice_makes_perfect.png HTTP/1.1" 200 6010 "https://www.gradecraft.com/dashboard" "Mozilla/5.0 (Macintosh; Intel Mac OS X 10_7_4) AppleWebKit/534.57.2 (KHTML, like Gecko) Version/5.1.7 Safari/534.57.2"
70.88.92.130 - samsem [27/Nov/2012:10:37:19 -0500] "GET /badges/pos101/public_speaker.png HTTP/1.1" 200 5482 "https://www.gradecraft.com/dashboard" "Mozilla/5.0 (Macintosh; Intel Mac OS X 10_7_4) AppleWebKit/534.57.2 (KHTML, like Gecko) Version/5.1.7 Safari/534.57.2"
70.88.92.130 - samsem [27/Nov/2012:10:37:19 -0500] "GET /badges/pos101/participatory_democrat.png HTTP/1.1" 200 5354 "https://www.gradecraft.com/dashboard" "Mozilla/5.0 (Macintosh; Intel Mac OS X 10_7_4) AppleWebKit/534.57.2 (KHTML, like Gecko) Version/5.1.7 Safari/534.57.2"
70.88.92.130 - samsem [27/Nov/2012:10:37:19 -0500] "GET /badges/pos101/scribe.png HTTP/1.1" 200 3002 "https://www.gradecraft.com/dashboard" "Mozilla/5.0 (Macintosh; Intel Mac OS X 10_7_4) AppleWebKit/534.57.2 (KHTML, like Gecko) Version/5.1.7 Safari/534.57.2"
70.88.92.130 - samsem [27/Nov/2012:10:37:19 -0500] "GET /badges/pos101/times_immemorial.png HTTP/1.1" 200 5722 "https://www.gradecraft.com/dashboard" "Mozilla/5.0 (Macintosh; Intel Mac OS X 10_7_4) AppleWebKit/534.57.2 (KHTML, like Gecko) Version/5.1.7 Safari/534.57.2"
70.88.92.130 - samsem [27/Nov/2012:10:37:19 -0500] "GET /badges/pos101/phoebe_badge.jpg HTTP/1.1" 404 1044 "https://www.gradecraft.com/dashboard" "Mozilla/5.0 (Macintosh; Intel Mac OS X 10_7_4) AppleWebKit/534.57.2 (KHTML, like Gecko) Version/5.1.7 Safari/534.57.2"
70.88.92.130 - samsem [27/Nov/2012:10:37:19 -0500] "GET /users/predictor.json?in_progress=true&user_id=270 HTTP/1.1" 200 1626 "https://www.gradecraft.com/dashboard" "Mozilla/5.0 (Macintosh; Intel Mac OS X 10_7_4) AppleWebKit/534.57.2 (KHTML, like Gecko) Version/5.1.7 Safari/534.57.2"
70.88.92.130 - samsem [27/Nov/2012:10:37:19 -0500] "GET /users/predictor.json?user_id=270 HTTP/1.1" 200 1626 "https://www.gradecraft.com/dashboard" "Mozilla/5.0 (Macintosh; Intel Mac OS X 10_7_4) AppleWebKit/534.57.2 (KHTML, like Gecko) Version/5.1.7 Safari/534.57.2"
67.194.108.196 - petersob [27/Nov/2012:10:37:23 -0500] "GET /assignments/98/grades/mass_edit?utf8=%E2%9C%93&assignment_id=98&team_id=2&commit=Filter HTTP/1.1" 200 3924 "https://www.gradecraft.com/assignments/98/grades/mass_edit" "Mozilla/5.0 (Windows NT 6.1; rv:16.0) Gecko/20100101 Firefox/16.0"
70.88.92.130 - samsem [27/Nov/2012:10:37:25 -0500] "GET /assignments/106/assignment_submissions/new?submittable_id=12&submittable_type=Team HTTP/1.1" 200 2804 "https://www.gradecraft.com/dashboard" "Mozilla/5.0 (Macintosh; Intel Mac OS X 10_7_4) AppleWebKit/534.57.2 (KHTML, like Gecko) Version/5.1.7 Safari/534.57.2"
70.88.92.130 - samsem [27/Nov/2012:10:37:25 -0500] "GET /assets/fontawesome-webfont.woff HTTP/1.1" 200 42180 "https://www.gradecraft.com/assignments/106/assignment_submissions/new?submittable_id=12&submittable_type=Team" "Mozilla/5.0 (Macintosh; Intel Mac OS X 10_7_4) AppleWebKit/534.57.2 (KHTML, like Gecko) Version/5.1.7 Safari/534.57.2"
70.88.92.130 - samsem [27/Nov/2012:10:37:25 -0500] "GET /assets/bootstrap-wysihtml5/wysiwyg-color.css HTTP/1.1" 404 1044 "-" "Mozilla/5.0 (Macintosh; Intel Mac OS X 10_7_4) AppleWebKit/534.57.2 (KHTML, like Gecko) Version/5.1.7 Safari/534.57.2"
70.88.92.130 - samsem [27/Nov/2012:10:37:25 -0500] "GET /assets/twitter/bootstrap/glyphicons-halflings-ab3144065a860d198f1d7d9a4882640c.png HTTP/1.1" 200 13162 "https://www.gradecraft.com/assignments/106/assignment_submissions/new?submittable_id=12&submittable_type=Team" "Mozilla/5.0 (Macintosh; Intel Mac OS X 10_7_4) AppleWebKit/534.57.2 (KHTML, like Gecko) Version/5.1.7 Safari/534.57.2"
70.88.92.130 - samsem [27/Nov/2012:10:37:29 -0500] "POST /assignments/106/assignment_submissions HTTP/1.1" 302 1652 "https://www.gradecraft.com/assignments/106/assignment_submissions/new?submittable_id=12&submittable_type=Team" "Mozilla/5.0 (Macintosh; Intel Mac OS X 10_7_4) AppleWebKit/534.57.2 (KHTML, like Gecko) Version/5.1.7 Safari/534.57.2"
70.88.92.130 - samsem [27/Nov/2012:10:37:29 -0500] "GET /dashboard HTTP/1.1" 200 5412 "https://www.gradecraft.com/assignments/106/assignment_submissions/new?submittable_id=12&submittable_type=Team" "Mozilla/5.0 (Macintosh; Intel Mac OS X 10_7_4) AppleWebKit/534.57.2 (KHTML, like Gecko) Version/5.1.7 Safari/534.57.2"
70.88.92.130 - samsem [27/Nov/2012:10:37:31 -0500] "GET /badges/pos101/phoebe_badge.jpg HTTP/1.1" 404 1044 "https://www.gradecraft.com/dashboard" "Mozilla/5.0 (Macintosh; Intel Mac OS X 10_7_4) AppleWebKit/534.57.2 (KHTML, like Gecko) Version/5.1.7 Safari/534.57.2"
70.88.92.130 - samsem [27/Nov/2012:10:37:31 -0500] "GET /users/predictor.json?in_progress=true&user_id=270 HTTP/1.1" 304 885 "https://www.gradecraft.com/dashboard" "Mozilla/5.0 (Macintosh; Intel Mac OS X 10_7_4) AppleWebKit/534.57.2 (KHTML, like Gecko) Version/5.1.7 Safari/534.57.2"
70.88.92.130 - samsem [27/Nov/2012:10:37:31 -0500] "GET /users/predictor.json?user_id=270 HTTP/1.1" 304 885 "https://www.gradecraft.com/dashboard" "Mozilla/5.0 (Macintosh; Intel Mac OS X 10_7_4) AppleWebKit/534.57.2 (KHTML, like Gecko) Version/5.1.7 Safari/534.57.2"
70.88.92.130 - samsem [27/Nov/2012:10:37:45 -0500] "GET /assignments/106/assignment_submissions/1591?gradeable_id=270&gradeable_type=User HTTP/1.1" 200 2484 "https://www.gradecraft.com/dashboard" "Mozilla/5.0 (Macintosh; Intel Mac OS X 10_7_4) AppleWebKit/534.57.2 (KHTML, like Gecko) Version/5.1.7 Safari/534.57.2"
67.194.41.152 - - [27/Nov/2012:10:38:50 -0500] "GET /dashboard HTTP/1.1" 302 3259 "-" "Mozilla/5.0 (Macintosh; Intel Mac OS X 10_8_2) AppleWebKit/536.26.17 (KHTML, like Gecko) Version/6.0.2 Safari/536.26.17"
67.194.108.196 - petersob [27/Nov/2012:10:39:26 -0500] "POST /assignments/98/grades/mass_update HTTP/1.1" 302 1605 "https://www.gradecraft.com/assignments/98/grades/mass_edit?utf8=%E2%9C%93&assignment_id=98&team_id=2&commit=Filter" "Mozilla/5.0 (Windows NT 6.1; rv:16.0) Gecko/20100101 Firefox/16.0"
67.194.108.196 - petersob [27/Nov/2012:10:39:32 -0500] "GET /assignments/98 HTTP/1.1" 200 13081 "https://www.gradecraft.com/assignments/98/grades/mass_edit?utf8=%E2%9C%93&assignment_id=98&team_id=2&commit=Filter" "Mozilla/5.0 (Windows NT 6.1; rv:16.0) Gecko/20100101 Firefox/16.0"
128.91.81.245 - - [27/Nov/2012:10:39:56 -0500] "GET /assignments HTTP/1.1" 302 4000 "https://www.gradecraft.com/assignments/139" "Mozilla/5.0 (Macintosh; Intel Mac OS X 10_8_2) AppleWebKit/537.11 (KHTML, like Gecko) Chrome/23.0.1271.64 Safari/537.11"
128.91.81.245 - - [27/Nov/2012:10:40:08 -0500] "GET /cosign/valid?cosign-www.gradecraft.com=zeuMWI1g0a9urBo3fArdjvwUVBUMV8NAaQM399KGjN4pYJh-hoWuMZBpAOAG9HPP6AxbP7N3sjy4ecvX+NokVnpoENqpGm3mR0BCEZkac-S+0mVrM7+cN4h-HNSm&https://www.gradecraft.com/assignments HTTP/1.1" 301 900 "https://weblogin.umich.edu/?cosign-www.gradecraft.com&https://www.gradecraft.com/assignments" "Mozilla/5.0 (Macintosh; Intel Mac OS X 10_8_2) AppleWebKit/537.11 (KHTML, like Gecko) Chrome/23.0.1271.64 Safari/537.11"
128.91.81.245 - megblack@sas.upenn.edu [27/Nov/2012:10:40:08 -0500] "GET /assignments HTTP/1.1" 200 4596 "https://weblogin.umich.edu/?cosign-www.gradecraft.com&https://www.gradecraft.com/assignments" "Mozilla/5.0 (Macintosh; Intel Mac OS X 10_8_2) AppleWebKit/537.11 (KHTML, like Gecko) Chrome/23.0.1271.64 Safari/537.11"
128.91.81.245 - megblack@sas.upenn.edu [27/Nov/2012:10:40:08 -0500] "GET /assets/application-eead062cf4bfb3cb3081a4c5cf6e0538.css HTTP/1.1" 304 245 "https://www.gradecraft.com/assignments" "Mozilla/5.0 (Macintosh; Intel Mac OS X 10_8_2) AppleWebKit/537.11 (KHTML, like Gecko) Chrome/23.0.1271.64 Safari/537.11"
128.91.81.245 - megblack@sas.upenn.edu [27/Nov/2012:10:40:08 -0500] "GET /assets/application-647ca25372cb08a414ef6110cc332f61.js HTTP/1.1" 304 3473 "https://www.gradecraft.com/assignments" "Mozilla/5.0 (Macintosh; Intel Mac OS X 10_8_2) AppleWebKit/537.11 (KHTML, like Gecko) Chrome/23.0.1271.64 Safari/537.11"
128.91.81.245 - megblack@sas.upenn.edu [27/Nov/2012:10:40:08 -0500] "GET /assets/stylesheets/superhero.min.css HTTP/1.1" 404 4288 "https://www.gradecraft.com/assignments" "Mozilla/5.0 (Macintosh; Intel Mac OS X 10_8_2) AppleWebKit/537.11 (KHTML, like Gecko) Chrome/23.0.1271.64 Safari/537.11"
141.211.195.63 - - [27/Nov/2012:10:40:09 -0500] "GET / HTTP/1.1" 302 3254 "-" "Mozilla/5.0 (Macintosh; Intel Mac OS X 10_7_5) AppleWebKit/536.26.17 (KHTML, like Gecko) Version/6.0.2 Safari/536.26.17"
141.211.195.63 - - [27/Nov/2012:10:40:09 -0500] "GET /cosign/valid?cosign-www.gradecraft.com=viVl0WYAOQjtxtLE2CnpLdStidqOm5Fetz1G1JEUneGi6f73GZYhquJEQfHLu7XVTKyCIh+ABf67fpV8f3mihON1gzTk0ONH8kxEPCjVuPxty5v5-Lvdj85asNv-&https://www.gradecraft.com/ HTTP/1.1" 301 868 "-" "Mozilla/5.0 (Macintosh; Intel Mac OS X 10_7_5) AppleWebKit/536.26.17 (KHTML, like Gecko) Version/6.0.2 Safari/536.26.17"
141.211.195.63 - ewags [27/Nov/2012:10:40:09 -0500] "GET / HTTP/1.1" 302 1348 "-" "Mozilla/5.0 (Macintosh; Intel Mac OS X 10_7_5) AppleWebKit/536.26.17 (KHTML, like Gecko) Version/6.0.2 Safari/536.26.17"
128.91.81.245 - megblack@sas.upenn.edu [27/Nov/2012:10:40:09 -0500] "GET /favicon.ico HTTP/1.1" 200 4650 "-" "Mozilla/5.0 (Macintosh; Intel Mac OS X 10_8_2) AppleWebKit/537.11 (KHTML, like Gecko) Chrome/23.0.1271.64 Safari/537.11"
141.211.195.63 - ewags [27/Nov/2012:10:40:09 -0500] "GET /dashboard HTTP/1.1" 200 5236 "-" "Mozilla/5.0 (Macintosh; Intel Mac OS X 10_7_5) AppleWebKit/536.26.17 (KHTML, like Gecko) Version/6.0.2 Safari/536.26.17"
141.211.195.63 - ewags [27/Nov/2012:10:40:11 -0500] "GET /assets/application-eead062cf4bfb3cb3081a4c5cf6e0538.css HTTP/1.1" 200 49197 "https://www.gradecraft.com/dashboard" "Mozilla/5.0 (Macintosh; Intel Mac OS X 10_7_5) AppleWebKit/536.26.17 (KHTML, like Gecko) Version/6.0.2 Safari/536.26.17"
141.211.195.63 - ewags [27/Nov/2012:10:40:11 -0500] "GET /assets/application-647ca25372cb08a414ef6110cc332f61.js HTTP/1.1" 200 221431 "https://www.gradecraft.com/dashboard" "Mozilla/5.0 (Macintosh; Intel Mac OS X 10_7_5) AppleWebKit/536.26.17 (KHTML, like Gecko) Version/6.0.2 Safari/536.26.17"
141.211.195.63 - ewags [27/Nov/2012:10:40:11 -0500] "GET /badges/pos101/awesome_aggregator.png HTTP/1.1" 200 5796 "https://www.gradecraft.com/dashboard" "Mozilla/5.0 (Macintosh; Intel Mac OS X 10_7_5) AppleWebKit/536.26.17 (KHTML, like Gecko) Version/6.0.2 Safari/536.26.17"
141.211.195.63 - ewags [27/Nov/2012:10:40:11 -0500] "GET /badges/pos101/always_learning.png HTTP/1.1" 200 3204 "https://www.gradecraft.com/dashboard" "Mozilla/5.0 (Macintosh; Intel Mac OS X 10_7_5) AppleWebKit/536.26.17 (KHTML, like Gecko) Version/6.0.2 Safari/536.26.17"
141.211.195.63 - ewags [27/Nov/2012:10:40:11 -0500] "GET /badges/pos101/above_and_beyond.png HTTP/1.1" 200 6372 "https://www.gradecraft.com/dashboard" "Mozilla/5.0 (Macintosh; Intel Mac OS X 10_7_5) AppleWebKit/536.26.17 (KHTML, like Gecko) Version/6.0.2 Safari/536.26.17"
141.211.195.63 - ewags [27/Nov/2012:10:40:11 -0500] "GET /badges/pos101/presentation_of_self.png HTTP/1.1" 200 5498 "https://www.gradecraft.com/dashboard" "Mozilla/5.0 (Macintosh; Intel Mac OS X 10_7_5) AppleWebKit/536.26.17 (KHTML, like Gecko) Version/6.0.2 Safari/536.26.17"
141.211.195.63 - ewags [27/Nov/2012:10:40:11 -0500] "GET /badges/pos101/great_critic.png HTTP/1.1" 200 5444 "https://www.gradecraft.com/dashboard" "Mozilla/5.0 (Macintosh; Intel Mac OS X 10_7_5) AppleWebKit/536.26.17 (KHTML, like Gecko) Version/6.0.2 Safari/536.26.17"
141.211.195.63 - ewags [27/Nov/2012:10:40:11 -0500] "GET /badges/pos101/teachers_pet.png HTTP/1.1" 200 3194 "https://www.gradecraft.com/dashboard" "Mozilla/5.0 (Macintosh; Intel Mac OS X 10_7_5) AppleWebKit/536.26.17 (KHTML, like Gecko) Version/6.0.2 Safari/536.26.17"
141.211.195.63 - ewags [27/Nov/2012:10:40:11 -0500] "GET /badges/pos101/concentrator.png HTTP/1.1" 200 3594 "https://www.gradecraft.com/dashboard" "Mozilla/5.0 (Macintosh; Intel Mac OS X 10_7_5) AppleWebKit/536.26.17 (KHTML, like Gecko) Version/6.0.2 Safari/536.26.17"
141.211.195.63 - ewags [27/Nov/2012:10:40:11 -0500] "GET /badges/pos101/courageous_failure.png HTTP/1.1" 200 8410 "https://www.gradecraft.com/dashboard" "Mozilla/5.0 (Macintosh; Intel Mac OS X 10_7_5) AppleWebKit/536.26.17 (KHTML, like Gecko) Version/6.0.2 Safari/536.26.17"
141.211.195.63 - ewags [27/Nov/2012:10:40:11 -0500] "GET /badges/pos101/examination_expert.png HTTP/1.1" 200 4042 "https://www.gradecraft.com/dashboard" "Mozilla/5.0 (Macintosh; Intel Mac OS X 10_7_5) AppleWebKit/536.26.17 (KHTML, like Gecko) Version/6.0.2 Safari/536.26.17"
141.211.195.63 - ewags [27/Nov/2012:10:40:11 -0500] "GET /badges/pos101/early_bird_special.png HTTP/1.1" 200 4602 "https://www.gradecraft.com/dashboard" "Mozilla/5.0 (Macintosh; Intel Mac OS X 10_7_5) AppleWebKit/536.26.17 (KHTML, like Gecko) Version/6.0.2 Safari/536.26.17"
141.211.195.63 - ewags [27/Nov/2012:10:40:11 -0500] "GET /badges/pos101/gamer.png HTTP/1.1" 200 4378 "https://www.gradecraft.com/dashboard" "Mozilla/5.0 (Macintosh; Intel Mac OS X 10_7_5) AppleWebKit/536.26.17 (KHTML, like Gecko) Version/6.0.2 Safari/536.26.17"
141.211.195.63 - ewags [27/Nov/2012:10:40:11 -0500] "GET /badges/pos101/gaining_experience.png HTTP/1.1" 200 8458 "https://www.gradecraft.com/dashboard" "Mozilla/5.0 (Macintosh; Intel Mac OS X 10_7_5) AppleWebKit/536.26.17 (KHTML, like Gecko) Version/6.0.2 Safari/536.26.17"
141.211.195.63 - ewags [27/Nov/2012:10:40:11 -0500] "GET /badges/pos101/learning_from_mistakes.png HTTP/1.1" 200 8362 "https://www.gradecraft.com/dashboard" "Mozilla/5.0 (Macintosh; Intel Mac OS X 10_7_5) AppleWebKit/536.26.17 (KHTML, like Gecko) Version/6.0.2 Safari/536.26.17"
141.211.195.63 - ewags [27/Nov/2012:10:40:11 -0500] "GET /badges/pos101/level_one.png HTTP/1.1" 200 4458 "https://www.gradecraft.com/dashboard" "Mozilla/5.0 (Macintosh; Intel Mac OS X 10_7_5) AppleWebKit/536.26.17 (KHTML, like Gecko) Version/6.0.2 Safari/536.26.17"
141.211.195.63 - ewags [27/Nov/2012:10:40:11 -0500] "GET /badges/pos101/personal.png HTTP/1.1" 200 4474 "https://www.gradecraft.com/dashboard" "Mozilla/5.0 (Macintosh; Intel Mac OS X 10_7_5) AppleWebKit/536.26.17 (KHTML, like Gecko) Version/6.0.2 Safari/536.26.17"
141.211.195.63 - ewags [27/Nov/2012:10:40:11 -0500] "GET /badges/pos101/participatory_democrat.png HTTP/1.1" 200 5354 "https://www.gradecraft.com/dashboard" "Mozilla/5.0 (Macintosh; Intel Mac OS X 10_7_5) AppleWebKit/536.26.17 (KHTML, like Gecko) Version/6.0.2 Safari/536.26.17"
141.211.195.63 - ewags [27/Nov/2012:10:40:11 -0500] "GET /badges/pos101/practice_makes_perfect.png HTTP/1.1" 200 6010 "https://www.gradecraft.com/dashboard" "Mozilla/5.0 (Macintosh; Intel Mac OS X 10_7_5) AppleWebKit/536.26.17 (KHTML, like Gecko) Version/6.0.2 Safari/536.26.17"
141.211.195.63 - ewags [27/Nov/2012:10:40:11 -0500] "GET /badges/pos101/public_speaker.png HTTP/1.1" 200 5482 "https://www.gradecraft.com/dashboard" "Mozilla/5.0 (Macintosh; Intel Mac OS X 10_7_5) AppleWebKit/536.26.17 (KHTML, like Gecko) Version/6.0.2 Safari/536.26.17"
141.211.195.63 - ewags [27/Nov/2012:10:40:11 -0500] "GET /badges/pos101/scribe.png HTTP/1.1" 200 3002 "https://www.gradecraft.com/dashboard" "Mozilla/5.0 (Macintosh; Intel Mac OS X 10_7_5) AppleWebKit/536.26.17 (KHTML, like Gecko) Version/6.0.2 Safari/536.26.17"
141.211.195.63 - ewags [27/Nov/2012:10:40:11 -0500] "GET /badges/pos101/times_immemorial.png HTTP/1.1" 200 5722 "https://www.gradecraft.com/dashboard" "Mozilla/5.0 (Macintosh; Intel Mac OS X 10_7_5) AppleWebKit/536.26.17 (KHTML, like Gecko) Version/6.0.2 Safari/536.26.17"
141.211.195.63 - ewags [27/Nov/2012:10:40:11 -0500] "GET /badges/pos101/phoebe_badge.jpg HTTP/1.1" 404 1044 "https://www.gradecraft.com/dashboard" "Mozilla/5.0 (Macintosh; Intel Mac OS X 10_7_5) AppleWebKit/536.26.17 (KHTML, like Gecko) Version/6.0.2 Safari/536.26.17"
141.211.195.63 - ewags [27/Nov/2012:10:40:12 -0500] "GET /favicon.ico HTTP/1.1" 200 4788 "https://www.gradecraft.com/dashboard" "Mozilla/5.0 (Macintosh; Intel Mac OS X 10_7_5) AppleWebKit/536.26.17 (KHTML, like Gecko) Version/6.0.2 Safari/536.26.17"
141.211.195.63 - ewags [27/Nov/2012:10:40:11 -0500] "GET /users/predictor.json?user_id=78 HTTP/1.1" 200 1594 "https://www.gradecraft.com/dashboard" "Mozilla/5.0 (Macintosh; Intel Mac OS X 10_7_5) AppleWebKit/536.26.17 (KHTML, like Gecko) Version/6.0.2 Safari/536.26.17"
141.211.195.63 - ewags [27/Nov/2012:10:40:11 -0500] "GET /users/predictor.json?in_progress=true&user_id=78 HTTP/1.1" 200 1594 "https://www.gradecraft.com/dashboard" "Mozilla/5.0 (Macintosh; Intel Mac OS X 10_7_5) AppleWebKit/536.26.17 (KHTML, like Gecko) Version/6.0.2 Safari/536.26.17"
67.194.108.196 - petersob [27/Nov/2012:10:40:27 -0500] "GET /assignments/98/grades/mass_edit HTTP/1.1" 200 13962 "https://www.gradecraft.com/assignments/98" "Mozilla/5.0 (Windows NT 6.1; rv:16.0) Gecko/20100101 Firefox/16.0"
128.91.81.245 - megblack@sas.upenn.edu [27/Nov/2012:10:40:35 -0500] "GET /assignments/130 HTTP/1.1" 200 4613 "https://www.gradecraft.com/assignments" "Mozilla/5.0 (Macintosh; Intel Mac OS X 10_8_2) AppleWebKit/537.11 (KHTML, like Gecko) Chrome/23.0.1271.64 Safari/537.11"
128.91.81.245 - megblack@sas.upenn.edu [27/Nov/2012:10:40:36 -0500] "GET /assets/stylesheets/superhero.min.css HTTP/1.1" 404 1044 "https://www.gradecraft.com/assignments/130" "Mozilla/5.0 (Macintosh; Intel Mac OS X 10_8_2) AppleWebKit/537.11 (KHTML, like Gecko) Chrome/23.0.1271.64 Safari/537.11"
67.194.209.66 - jtfletch [27/Nov/2012:10:40:37 -0500] "GET / HTTP/1.1" 200 5605 "https://sites.google.com/a/umich.edu/polsci101f2012/" "Mozilla/5.0 (Windows NT 6.1; WOW64) AppleWebKit/537.11 (KHTML, like Gecko) Chrome/23.0.1271.64 Safari/537.11"
67.194.209.66 - jtfletch [27/Nov/2012:10:40:40 -0500] "GET /badges/pos101/phoebe_badge.jpg HTTP/1.1" 404 1205 "https://www.gradecraft.com/" "Mozilla/5.0 (Windows NT 6.1; WOW64) AppleWebKit/537.11 (KHTML, like Gecko) Chrome/23.0.1271.64 Safari/537.11"
67.194.209.66 - jtfletch [27/Nov/2012:10:40:40 -0500] "GET /users/predictor.json?user_id=147 HTTP/1.1" 304 1014 "https://www.gradecraft.com/" "Mozilla/5.0 (Windows NT 6.1; WOW64) AppleWebKit/537.11 (KHTML, like Gecko) Chrome/23.0.1271.64 Safari/537.11"
67.194.209.66 - jtfletch [27/Nov/2012:10:40:40 -0500] "GET /users/predictor.json?in_progress=true&user_id=147 HTTP/1.1" 304 869 "https://www.gradecraft.com/" "Mozilla/5.0 (Windows NT 6.1; WOW64) AppleWebKit/537.11 (KHTML, like Gecko) Chrome/23.0.1271.64 Safari/537.11"
128.91.81.245 - megblack@sas.upenn.edu [27/Nov/2012:10:40:42 -0500] "GET /assignments/130/grades/new?gradeable_id=49&gradeable_type=User HTTP/1.1" 200 3732 "https://www.gradecraft.com/assignments/130" "Mozilla/5.0 (Macintosh; Intel Mac OS X 10_8_2) AppleWebKit/537.11 (KHTML, like Gecko) Chrome/23.0.1271.64 Safari/537.11"
128.91.81.245 - megblack@sas.upenn.edu [27/Nov/2012:10:40:43 -0500] "GET /assets/stylesheets/superhero.min.css HTTP/1.1" 404 1044 "https://www.gradecraft.com/assignments/130/grades/new?gradeable_id=49&gradeable_type=User" "Mozilla/5.0 (Macintosh; Intel Mac OS X 10_8_2) AppleWebKit/537.11 (KHTML, like Gecko) Chrome/23.0.1271.64 Safari/537.11"
128.91.81.245 - megblack@sas.upenn.edu [27/Nov/2012:10:40:43 -0500] "GET /assets/bootstrap-wysihtml5/wysiwyg-color.css HTTP/1.1" 404 1044 "-" "Mozilla/5.0 (Macintosh; Intel Mac OS X 10_8_2) AppleWebKit/537.11 (KHTML, like Gecko) Chrome/23.0.1271.64 Safari/537.11"
128.91.81.245 - megblack@sas.upenn.edu [27/Nov/2012:10:40:47 -0500] "POST /assignments/130/grades HTTP/1.1" 302 1652 "https://www.gradecraft.com/assignments/130/grades/new?gradeable_id=49&gradeable_type=User" "Mozilla/5.0 (Macintosh; Intel Mac OS X 10_8_2) AppleWebKit/537.11 (KHTML, like Gecko) Chrome/23.0.1271.64 Safari/537.11"
128.91.81.245 - megblack@sas.upenn.edu [27/Nov/2012:10:40:47 -0500] "GET /assignments/130 HTTP/1.1" 200 4740 "https://www.gradecraft.com/assignments/130/grades/new?gradeable_id=49&gradeable_type=User" "Mozilla/5.0 (Macintosh; Intel Mac OS X 10_8_2) AppleWebKit/537.11 (KHTML, like Gecko) Chrome/23.0.1271.64 Safari/537.11"
128.91.81.245 - megblack@sas.upenn.edu [27/Nov/2012:10:40:48 -0500] "GET /assets/stylesheets/superhero.min.css HTTP/1.1" 404 1044 "https://www.gradecraft.com/assignments/130" "Mozilla/5.0 (Macintosh; Intel Mac OS X 10_8_2) AppleWebKit/537.11 (KHTML, like Gecko) Chrome/23.0.1271.64 Safari/537.11"
141.211.195.63 - ewags [27/Nov/2012:10:40:59 -0500] "GET /users/predictor?user_id=78 HTTP/1.1" 200 5726 "https://www.gradecraft.com/dashboard" "Mozilla/5.0 (Macintosh; Intel Mac OS X 10_7_5) AppleWebKit/536.26.17 (KHTML, like Gecko) Version/6.0.2 Safari/536.26.17"
141.211.195.63 - ewags [27/Nov/2012:10:41:02 -0500] "GET /assets/images/bg_direction_nav.png HTTP/1.1" 200 2916 "https://www.gradecraft.com/users/predictor?user_id=78" "Mozilla/5.0 (Macintosh; Intel Mac OS X 10_7_5) AppleWebKit/536.26.17 (KHTML, like Gecko) Version/6.0.2 Safari/536.26.17"
141.211.195.63 - ewags [27/Nov/2012:10:41:02 -0500] "GET /badges/pos101/phoebe_badge.jpg HTTP/1.1" 404 1044 "https://www.gradecraft.com/users/predictor?user_id=78" "Mozilla/5.0 (Macintosh; Intel Mac OS X 10_7_5) AppleWebKit/536.26.17 (KHTML, like Gecko) Version/6.0.2 Safari/536.26.17"
141.211.195.63 - ewags [27/Nov/2012:10:41:02 -0500] "GET /assets/jquery-ui/ui-bg_flat_75_ffffff_40x100-841636c8f8d33987bb8d2f31e8ef92ca.png HTTP/1.1" 200 538 "https://www.gradecraft.com/users/predictor?user_id=78" "Mozilla/5.0 (Macintosh; Intel Mac OS X 10_7_5) AppleWebKit/536.26.17 (KHTML, like Gecko) Version/6.0.2 Safari/536.26.17"
67.194.108.196 - petersob [27/Nov/2012:10:41:02 -0500] "GET /assignments/98/grades/mass_edit?utf8=%E2%9C%93&assignment_id=98&team_id=9&commit=Filter HTTP/1.1" 200 4021 "https://www.gradecraft.com/assignments/98/grades/mass_edit" "Mozilla/5.0 (Windows NT 6.1; rv:16.0) Gecko/20100101 Firefox/16.0"
141.211.195.63 - ewags [27/Nov/2012:10:41:02 -0500] "GET /assets/jquery-ui/ui-bg_glass_75_e6e6e6_1x400-3e20bce1b7b2f5dd47ca6ac361805162.png HTTP/1.1" 200 474 "https://www.gradecraft.com/users/predictor?user_id=78" "Mozilla/5.0 (Macintosh; Intel Mac OS X 10_7_5) AppleWebKit/536.26.17 (KHTML, like Gecko) Version/6.0.2 Safari/536.26.17"
128.91.81.245 - megblack@sas.upenn.edu [27/Nov/2012:10:41:07 -0500] "GET /assignments/130/grades/new?gradeable_id=31&gradeable_type=User HTTP/1.1" 200 3877 "https://www.gradecraft.com/assignments/130" "Mozilla/5.0 (Macintosh; Intel Mac OS X 10_8_2) AppleWebKit/537.11 (KHTML, like Gecko) Chrome/23.0.1271.64 Safari/537.11"
128.91.81.245 - megblack@sas.upenn.edu [27/Nov/2012:10:41:08 -0500] "GET /assets/stylesheets/superhero.min.css HTTP/1.1" 404 1044 "https://www.gradecraft.com/assignments/130/grades/new?gradeable_id=31&gradeable_type=User" "Mozilla/5.0 (Macintosh; Intel Mac OS X 10_8_2) AppleWebKit/537.11 (KHTML, like Gecko) Chrome/23.0.1271.64 Safari/537.11"
128.91.81.245 - megblack@sas.upenn.edu [27/Nov/2012:10:41:08 -0500] "GET /assets/bootstrap-wysihtml5/wysiwyg-color.css HTTP/1.1" 404 1044 "-" "Mozilla/5.0 (Macintosh; Intel Mac OS X 10_8_2) AppleWebKit/537.11 (KHTML, like Gecko) Chrome/23.0.1271.64 Safari/537.11"
67.194.212.241 - - [27/Nov/2012:10:41:08 -0500] "GET /dashboard HTTP/1.1" 302 3259 "-" "Mozilla/5.0 (Macintosh; Intel Mac OS X 10_8_2) AppleWebKit/536.26.14 (KHTML, like Gecko) Version/6.0.1 Safari/536.26.14"
67.194.209.66 - jtfletch [27/Nov/2012:10:41:11 -0500] "GET /assignments/112/assignment_submissions/new?submittable_id=6&submittable_type=Team HTTP/1.1" 304 1062 "https://www.gradecraft.com/" "Mozilla/5.0 (Windows NT 6.1; WOW64) AppleWebKit/537.11 (KHTML, like Gecko) Chrome/23.0.1271.64 Safari/537.11"
67.194.209.66 - jtfletch [27/Nov/2012:10:41:11 -0500] "GET /assets/bootstrap-wysihtml5/wysiwyg-color.css HTTP/1.1" 404 1044 "-" "Mozilla/5.0 (Windows NT 6.1; WOW64) AppleWebKit/537.11 (KHTML, like Gecko) Chrome/23.0.1271.64 Safari/537.11"
128.91.81.245 - megblack@sas.upenn.edu [27/Nov/2012:10:41:11 -0500] "POST /assignments/130/grades HTTP/1.1" 302 1668 "https://www.gradecraft.com/assignments/130/grades/new?gradeable_id=31&gradeable_type=User" "Mozilla/5.0 (Macintosh; Intel Mac OS X 10_8_2) AppleWebKit/537.11 (KHTML, like Gecko) Chrome/23.0.1271.64 Safari/537.11"
128.91.81.245 - megblack@sas.upenn.edu [27/Nov/2012:10:41:12 -0500] "GET /assignments/130 HTTP/1.1" 200 4756 "https://www.gradecraft.com/assignments/130/grades/new?gradeable_id=31&gradeable_type=User" "Mozilla/5.0 (Macintosh; Intel Mac OS X 10_8_2) AppleWebKit/537.11 (KHTML, like Gecko) Chrome/23.0.1271.64 Safari/537.11"
128.91.81.245 - megblack@sas.upenn.edu [27/Nov/2012:10:41:12 -0500] "GET /assets/stylesheets/superhero.min.css HTTP/1.1" 404 1044 "https://www.gradecraft.com/assignments/130" "Mozilla/5.0 (Macintosh; Intel Mac OS X 10_8_2) AppleWebKit/537.11 (KHTML, like Gecko) Chrome/23.0.1271.64 Safari/537.11"
67.194.212.241 - - [27/Nov/2012:10:41:14 -0500] "GET /cosign/valid?cosign-www.gradecraft.com=bRvXq3lFTmnHo3mhSPTOC3IK7z5nArSax0vvuXiSvCGqr+7z2lpv2TH07I8ac92F2q+82jCyNllVF9NgRIL2oEAimenMPNCuRveDXxOJhAIIPIezYn2PdrCggmen&https://www.gradecraft.com/dashboard HTTP/1.1" 301 900 "https://weblogin.umich.edu/?cosign-www.gradecraft.com&https://www.gradecraft.com/dashboard" "Mozilla/5.0 (Macintosh; Intel Mac OS X 10_8_2) AppleWebKit/536.26.14 (KHTML, like Gecko) Version/6.0.1 Safari/536.26.14"
67.194.212.241 - japete [27/Nov/2012:10:41:14 -0500] "GET /dashboard HTTP/1.1" 302 1348 "https://weblogin.umich.edu/?cosign-www.gradecraft.com&https://www.gradecraft.com/dashboard" "Mozilla/5.0 (Macintosh; Intel Mac OS X 10_8_2) AppleWebKit/536.26.14 (KHTML, like Gecko) Version/6.0.1 Safari/536.26.14"
67.194.212.241 - japete [27/Nov/2012:10:41:14 -0500] "GET /dashboard HTTP/1.1" 200 5124 "https://weblogin.umich.edu/?cosign-www.gradecraft.com&https://www.gradecraft.com/dashboard" "Mozilla/5.0 (Macintosh; Intel Mac OS X 10_8_2) AppleWebKit/536.26.14 (KHTML, like Gecko) Version/6.0.1 Safari/536.26.14"
67.194.212.241 - japete [27/Nov/2012:10:41:16 -0500] "GET /assets/application-eead062cf4bfb3cb3081a4c5cf6e0538.css HTTP/1.1" 200 49197 "https://www.gradecraft.com/dashboard" "Mozilla/5.0 (Macintosh; Intel Mac OS X 10_8_2) AppleWebKit/536.26.14 (KHTML, like Gecko) Version/6.0.1 Safari/536.26.14"
67.194.212.241 - japete [27/Nov/2012:10:41:16 -0500] "GET /assets/application-647ca25372cb08a414ef6110cc332f61.js HTTP/1.1" 200 221438 "https://www.gradecraft.com/dashboard" "Mozilla/5.0 (Macintosh; Intel Mac OS X 10_8_2) AppleWebKit/536.26.14 (KHTML, like Gecko) Version/6.0.1 Safari/536.26.14"
67.194.212.241 - japete [27/Nov/2012:10:41:16 -0500] "GET /badges/pos101/always_learning.png HTTP/1.1" 200 3211 "https://www.gradecraft.com/dashboard" "Mozilla/5.0 (Macintosh; Intel Mac OS X 10_8_2) AppleWebKit/536.26.14 (KHTML, like Gecko) Version/6.0.1 Safari/536.26.14"
67.194.212.241 - japete [27/Nov/2012:10:41:16 -0500] "GET /badges/pos101/above_and_beyond.png HTTP/1.1" 200 6379 "https://www.gradecraft.com/dashboard" "Mozilla/5.0 (Macintosh; Intel Mac OS X 10_8_2) AppleWebKit/536.26.14 (KHTML, like Gecko) Version/6.0.1 Safari/536.26.14"
67.194.212.241 - japete [27/Nov/2012:10:41:16 -0500] "GET /badges/pos101/great_critic.png HTTP/1.1" 200 5451 "https://www.gradecraft.com/dashboard" "Mozilla/5.0 (Macintosh; Intel Mac OS X 10_8_2) AppleWebKit/536.26.14 (KHTML, like Gecko) Version/6.0.1 Safari/536.26.14"
67.194.212.241 - japete [27/Nov/2012:10:41:16 -0500] "GET /badges/pos101/awesome_aggregator.png HTTP/1.1" 200 5803 "https://www.gradecraft.com/dashboard" "Mozilla/5.0 (Macintosh; Intel Mac OS X 10_8_2) AppleWebKit/536.26.14 (KHTML, like Gecko) Version/6.0.1 Safari/536.26.14"
67.194.212.241 - japete [27/Nov/2012:10:41:16 -0500] "GET /badges/pos101/presentation_of_self.png HTTP/1.1" 200 5498 "https://www.gradecraft.com/dashboard" "Mozilla/5.0 (Macintosh; Intel Mac OS X 10_8_2) AppleWebKit/536.26.14 (KHTML, like Gecko) Version/6.0.1 Safari/536.26.14"
67.194.212.241 - japete [27/Nov/2012:10:41:16 -0500] "GET /badges/pos101/teachers_pet.png HTTP/1.1" 200 3194 "https://www.gradecraft.com/dashboard" "Mozilla/5.0 (Macintosh; Intel Mac OS X 10_8_2) AppleWebKit/536.26.14 (KHTML, like Gecko) Version/6.0.1 Safari/536.26.14"
67.194.212.241 - japete [27/Nov/2012:10:41:16 -0500] "GET /badges/pos101/concentrator.png HTTP/1.1" 200 3594 "https://www.gradecraft.com/dashboard" "Mozilla/5.0 (Macintosh; Intel Mac OS X 10_8_2) AppleWebKit/536.26.14 (KHTML, like Gecko) Version/6.0.1 Safari/536.26.14"
67.194.212.241 - japete [27/Nov/2012:10:41:16 -0500] "GET /badges/pos101/courageous_failure.png HTTP/1.1" 200 8410 "https://www.gradecraft.com/dashboard" "Mozilla/5.0 (Macintosh; Intel Mac OS X 10_8_2) AppleWebKit/536.26.14 (KHTML, like Gecko) Version/6.0.1 Safari/536.26.14"
67.194.212.241 - japete [27/Nov/2012:10:41:16 -0500] "GET /badges/pos101/early_bird_special.png HTTP/1.1" 200 4602 "https://www.gradecraft.com/dashboard" "Mozilla/5.0 (Macintosh; Intel Mac OS X 10_8_2) AppleWebKit/536.26.14 (KHTML, like Gecko) Version/6.0.1 Safari/536.26.14"
67.194.212.241 - japete [27/Nov/2012:10:41:16 -0500] "GET /badges/pos101/examination_expert.png HTTP/1.1" 200 4042 "https://www.gradecraft.com/dashboard" "Mozilla/5.0 (Macintosh; Intel Mac OS X 10_8_2) AppleWebKit/536.26.14 (KHTML, like Gecko) Version/6.0.1 Safari/536.26.14"
67.194.212.241 - japete [27/Nov/2012:10:41:16 -0500] "GET /badges/pos101/gamer.png HTTP/1.1" 200 4378 "https://www.gradecraft.com/dashboard" "Mozilla/5.0 (Macintosh; Intel Mac OS X 10_8_2) AppleWebKit/536.26.14 (KHTML, like Gecko) Version/6.0.1 Safari/536.26.14"
67.194.212.241 - japete [27/Nov/2012:10:41:16 -0500] "GET /badges/pos101/gaining_experience.png HTTP/1.1" 200 8458 "https://www.gradecraft.com/dashboard" "Mozilla/5.0 (Macintosh; Intel Mac OS X 10_8_2) AppleWebKit/536.26.14 (KHTML, like Gecko) Version/6.0.1 Safari/536.26.14"
67.194.212.241 - japete [27/Nov/2012:10:41:16 -0500] "GET /badges/pos101/learning_from_mistakes.png HTTP/1.1" 200 8362 "https://www.gradecraft.com/dashboard" "Mozilla/5.0 (Macintosh; Intel Mac OS X 10_8_2) AppleWebKit/536.26.14 (KHTML, like Gecko) Version/6.0.1 Safari/536.26.14"
67.194.212.241 - japete [27/Nov/2012:10:41:16 -0500] "GET /badges/pos101/level_one.png HTTP/1.1" 200 4458 "https://www.gradecraft.com/dashboard" "Mozilla/5.0 (Macintosh; Intel Mac OS X 10_8_2) AppleWebKit/536.26.14 (KHTML, like Gecko) Version/6.0.1 Safari/536.26.14"
67.194.212.241 - japete [27/Nov/2012:10:41:16 -0500] "GET /badges/pos101/personal.png HTTP/1.1" 200 4474 "https://www.gradecraft.com/dashboard" "Mozilla/5.0 (Macintosh; Intel Mac OS X 10_8_2) AppleWebKit/536.26.14 (KHTML, like Gecko) Version/6.0.1 Safari/536.26.14"
67.194.212.241 - japete [27/Nov/2012:10:41:16 -0500] "GET /badges/pos101/participatory_democrat.png HTTP/1.1" 200 5354 "https://www.gradecraft.com/dashboard" "Mozilla/5.0 (Macintosh; Intel Mac OS X 10_8_2) AppleWebKit/536.26.14 (KHTML, like Gecko) Version/6.0.1 Safari/536.26.14"
67.194.212.241 - japete [27/Nov/2012:10:41:17 -0500] "GET /badges/pos101/practice_makes_perfect.png HTTP/1.1" 200 6010 "https://www.gradecraft.com/dashboard" "Mozilla/5.0 (Macintosh; Intel Mac OS X 10_8_2) AppleWebKit/536.26.14 (KHTML, like Gecko) Version/6.0.1 Safari/536.26.14"
67.194.212.241 - japete [27/Nov/2012:10:41:17 -0500] "GET /badges/pos101/scribe.png HTTP/1.1" 200 3002 "https://www.gradecraft.com/dashboard" "Mozilla/5.0 (Macintosh; Intel Mac OS X 10_8_2) AppleWebKit/536.26.14 (KHTML, like Gecko) Version/6.0.1 Safari/536.26.14"
67.194.212.241 - japete [27/Nov/2012:10:41:17 -0500] "GET /badges/pos101/public_speaker.png HTTP/1.1" 200 5482 "https://www.gradecraft.com/dashboard" "Mozilla/5.0 (Macintosh; Intel Mac OS X 10_8_2) AppleWebKit/536.26.14 (KHTML, like Gecko) Version/6.0.1 Safari/536.26.14"
67.194.212.241 - japete [27/Nov/2012:10:41:17 -0500] "GET /badges/pos101/times_immemorial.png HTTP/1.1" 200 5722 "https://www.gradecraft.com/dashboard" "Mozilla/5.0 (Macintosh; Intel Mac OS X 10_8_2) AppleWebKit/536.26.14 (KHTML, like Gecko) Version/6.0.1 Safari/536.26.14"
67.194.212.241 - japete [27/Nov/2012:10:41:17 -0500] "GET /badges/pos101/phoebe_badge.jpg HTTP/1.1" 404 1044 "https://www.gradecraft.com/dashboard" "Mozilla/5.0 (Macintosh; Intel Mac OS X 10_8_2) AppleWebKit/536.26.14 (KHTML, like Gecko) Version/6.0.1 Safari/536.26.14"
67.194.212.241 - japete [27/Nov/2012:10:41:16 -0500] "GET /users/predictor.json?user_id=157 HTTP/1.1" 200 1626 "https://www.gradecraft.com/dashboard" "Mozilla/5.0 (Macintosh; Intel Mac OS X 10_8_2) AppleWebKit/536.26.14 (KHTML, like Gecko) Version/6.0.1 Safari/536.26.14"
67.194.212.241 - japete [27/Nov/2012:10:41:16 -0500] "GET /users/predictor.json?in_progress=true&user_id=157 HTTP/1.1" 200 1610 "https://www.gradecraft.com/dashboard" "Mozilla/5.0 (Macintosh; Intel Mac OS X 10_8_2) AppleWebKit/536.26.14 (KHTML, like Gecko) Version/6.0.1 Safari/536.26.14"
67.194.122.3 - ilesjef [27/Nov/2012:10:41:20 -0500] "GET /dashboard HTTP/1.1" 304 3966 "-" "Mozilla/5.0 (Macintosh; Intel Mac OS X 10_8_2) AppleWebKit/537.11 (KHTML, like Gecko) Chrome/23.0.1271.64 Safari/537.11"
67.194.122.3 - ilesjef [27/Nov/2012:10:41:22 -0500] "GET /badges/pos101/phoebe_badge.jpg HTTP/1.1" 404 4093 "https://www.gradecraft.com/dashboard" "Mozilla/5.0 (Macintosh; Intel Mac OS X 10_8_2) AppleWebKit/537.11 (KHTML, like Gecko) Chrome/23.0.1271.64 Safari/537.11"
67.194.122.3 - ilesjef [27/Nov/2012:10:41:22 -0500] "GET /users/predictor.json?user_id=150 HTTP/1.1" 304 3918 "https://www.gradecraft.com/dashboard" "Mozilla/5.0 (Macintosh; Intel Mac OS X 10_8_2) AppleWebKit/537.11 (KHTML, like Gecko) Chrome/23.0.1271.64 Safari/537.11"
67.194.122.3 - ilesjef [27/Nov/2012:10:41:22 -0500] "GET /users/predictor.json?in_progress=true&user_id=150 HTTP/1.1" 304 885 "https://www.gradecraft.com/dashboard" "Mozilla/5.0 (Macintosh; Intel Mac OS X 10_8_2) AppleWebKit/537.11 (KHTML, like Gecko) Chrome/23.0.1271.64 Safari/537.11"
141.211.195.63 - ewags [27/Nov/2012:10:41:33 -0500] "GET /assets/jquery-ui/ui-bg_glass_75_dadada_1x400-38ed9f33e066d6bee977c567d4b03650.png HTTP/1.1" 200 612 "https://www.gradecraft.com/users/predictor?user_id=78" "Mozilla/5.0 (Macintosh; Intel Mac OS X 10_7_5) AppleWebKit/536.26.17 (KHTML, like Gecko) Version/6.0.2 Safari/536.26.17"
141.211.195.63 - ewags [27/Nov/2012:10:41:33 -0500] "GET /assets/jquery-ui/ui-bg_glass_65_ffffff_1x400-a30aa544902182c133dbb46ac40a08d2.png HTTP/1.1" 200 458 "https://www.gradecraft.com/users/predictor?user_id=78" "Mozilla/5.0 (Macintosh; Intel Mac OS X 10_7_5) AppleWebKit/536.26.17 (KHTML, like Gecko) Version/6.0.2 Safari/536.26.17"
67.194.122.3 - ilesjef [27/Nov/2012:10:41:43 -0500] "GET /assignments/110/assignment_submissions/988?grade_id=17053&gradeable_id=150&gradeable_type=User HTTP/1.1" 200 5680 "https://www.gradecraft.com/dashboard" "Mozilla/5.0 (Macintosh; Intel Mac OS X 10_8_2) AppleWebKit/537.11 (KHTML, like Gecko) Chrome/23.0.1271.64 Safari/537.11"
67.194.108.196 - petersob [27/Nov/2012:10:41:49 -0500] "POST /assignments/98/grades/mass_update HTTP/1.1" 302 4493 "https://www.gradecraft.com/assignments/98/grades/mass_edit?utf8=%E2%9C%93&assignment_id=98&team_id=9&commit=Filter" "Mozilla/5.0 (Windows NT 6.1; rv:16.0) Gecko/20100101 Firefox/16.0"
67.194.108.196 - petersob [27/Nov/2012:10:41:54 -0500] "GET /assignments/98 HTTP/1.1" 200 13369 "https://www.gradecraft.com/assignments/98/grades/mass_edit?utf8=%E2%9C%93&assignment_id=98&team_id=9&commit=Filter" "Mozilla/5.0 (Windows NT 6.1; rv:16.0) Gecko/20100101 Firefox/16.0"
128.91.81.245 - megblack@sas.upenn.edu [27/Nov/2012:10:42:01 -0500] "GET /assignments HTTP/1.1" 304 1046 "https://www.gradecraft.com/assignments/130" "Mozilla/5.0 (Macintosh; Intel Mac OS X 10_8_2) AppleWebKit/537.11 (KHTML, like Gecko) Chrome/23.0.1271.64 Safari/537.11"
128.91.81.245 - megblack@sas.upenn.edu [27/Nov/2012:10:42:02 -0500] "GET /assets/stylesheets/superhero.min.css HTTP/1.1" 404 1044 "https://www.gradecraft.com/assignments" "Mozilla/5.0 (Macintosh; Intel Mac OS X 10_8_2) AppleWebKit/537.11 (KHTML, like Gecko) Chrome/23.0.1271.64 Safari/537.11"
128.91.81.245 - megblack@sas.upenn.edu [27/Nov/2012:10:42:07 -0500] "GET /assignments/129 HTTP/1.1" 200 4388 "https://www.gradecraft.com/assignments" "Mozilla/5.0 (Macintosh; Intel Mac OS X 10_8_2) AppleWebKit/537.11 (KHTML, like Gecko) Chrome/23.0.1271.64 Safari/537.11"
128.91.81.245 - megblack@sas.upenn.edu [27/Nov/2012:10:42:08 -0500] "GET /assets/stylesheets/superhero.min.css HTTP/1.1" 404 1044 "https://www.gradecraft.com/assignments/129" "Mozilla/5.0 (Macintosh; Intel Mac OS X 10_8_2) AppleWebKit/537.11 (KHTML, like Gecko) Chrome/23.0.1271.64 Safari/537.11"
128.91.81.245 - megblack@sas.upenn.edu [27/Nov/2012:10:42:17 -0500] "GET /assignments/129/grades/new?gradeable_id=36&gradeable_type=User HTTP/1.1" 200 3732 "https://www.gradecraft.com/assignments/129" "Mozilla/5.0 (Macintosh; Intel Mac OS X 10_8_2) AppleWebKit/537.11 (KHTML, like Gecko) Chrome/23.0.1271.64 Safari/537.11"
128.91.81.245 - megblack@sas.upenn.edu [27/Nov/2012:10:42:17 -0500] "GET /assets/stylesheets/superhero.min.css HTTP/1.1" 404 1044 "https://www.gradecraft.com/assignments/129/grades/new?gradeable_id=36&gradeable_type=User" "Mozilla/5.0 (Macintosh; Intel Mac OS X 10_8_2) AppleWebKit/537.11 (KHTML, like Gecko) Chrome/23.0.1271.64 Safari/537.11"
128.91.81.245 - megblack@sas.upenn.edu [27/Nov/2012:10:42:17 -0500] "GET /assets/bootstrap-wysihtml5/wysiwyg-color.css HTTP/1.1" 404 1044 "-" "Mozilla/5.0 (Macintosh; Intel Mac OS X 10_8_2) AppleWebKit/537.11 (KHTML, like Gecko) Chrome/23.0.1271.64 Safari/537.11"
128.91.81.245 - megblack@sas.upenn.edu [27/Nov/2012:10:42:21 -0500] "POST /assignments/129/grades HTTP/1.1" 302 1652 "https://www.gradecraft.com/assignments/129/grades/new?gradeable_id=36&gradeable_type=User" "Mozilla/5.0 (Macintosh; Intel Mac OS X 10_8_2) AppleWebKit/537.11 (KHTML, like Gecko) Chrome/23.0.1271.64 Safari/537.11"
128.91.81.245 - megblack@sas.upenn.edu [27/Nov/2012:10:42:21 -0500] "GET /assignments/129 HTTP/1.1" 200 4628 "https://www.gradecraft.com/assignments/129/grades/new?gradeable_id=36&gradeable_type=User" "Mozilla/5.0 (Macintosh; Intel Mac OS X 10_8_2) AppleWebKit/537.11 (KHTML, like Gecko) Chrome/23.0.1271.64 Safari/537.11"
128.91.81.245 - megblack@sas.upenn.edu [27/Nov/2012:10:42:22 -0500] "GET /assets/stylesheets/superhero.min.css HTTP/1.1" 404 1044 "https://www.gradecraft.com/assignments/129" "Mozilla/5.0 (Macintosh; Intel Mac OS X 10_8_2) AppleWebKit/537.11 (KHTML, like Gecko) Chrome/23.0.1271.64 Safari/537.11"
67.194.108.196 - petersob [27/Nov/2012:10:42:31 -0500] "GET /assignments/98/grades/mass_edit HTTP/1.1" 200 13866 "https://www.gradecraft.com/assignments/98" "Mozilla/5.0 (Windows NT 6.1; rv:16.0) Gecko/20100101 Firefox/16.0"
67.194.108.196 - petersob [27/Nov/2012:10:42:38 -0500] "GET /assignments/98/grades/mass_edit?utf8=%E2%9C%93&assignment_id=98&team_id=13&commit=Filter HTTP/1.1" 200 3748 "https://www.gradecraft.com/assignments/98/grades/mass_edit" "Mozilla/5.0 (Windows NT 6.1; rv:16.0) Gecko/20100101 Firefox/16.0"
67.194.108.196 - petersob [27/Nov/2012:10:43:32 -0500] "POST /assignments/98/grades/mass_update HTTP/1.1" 302 1605 "https://www.gradecraft.com/assignments/98/grades/mass_edit?utf8=%E2%9C%93&assignment_id=98&team_id=13&commit=Filter" "Mozilla/5.0 (Windows NT 6.1; rv:16.0) Gecko/20100101 Firefox/16.0"
67.194.108.196 - petersob [27/Nov/2012:10:43:36 -0500] "GET /assignments/98 HTTP/1.1" 200 13625 "https://www.gradecraft.com/assignments/98/grades/mass_edit?utf8=%E2%9C%93&assignment_id=98&team_id=13&commit=Filter" "Mozilla/5.0 (Windows NT 6.1; rv:16.0) Gecko/20100101 Firefox/16.0"
67.194.122.3 - ilesjef [27/Nov/2012:10:43:48 -0500] "GET /dashboard HTTP/1.1" 304 1062 "-" "Mozilla/5.0 (Macintosh; Intel Mac OS X 10_8_2) AppleWebKit/537.11 (KHTML, like Gecko) Chrome/23.0.1271.64 Safari/537.11"
67.194.122.3 - ilesjef [27/Nov/2012:10:43:51 -0500] "GET /badges/pos101/phoebe_badge.jpg HTTP/1.1" 404 1205 "https://www.gradecraft.com/dashboard" "Mozilla/5.0 (Macintosh; Intel Mac OS X 10_8_2) AppleWebKit/537.11 (KHTML, like Gecko) Chrome/23.0.1271.64 Safari/537.11"
67.194.122.3 - ilesjef [27/Nov/2012:10:43:51 -0500] "GET /users/predictor.json?user_id=150 HTTP/1.1" 304 1030 "https://www.gradecraft.com/dashboard" "Mozilla/5.0 (Macintosh; Intel Mac OS X 10_8_2) AppleWebKit/537.11 (KHTML, like Gecko) Chrome/23.0.1271.64 Safari/537.11"
67.194.122.3 - ilesjef [27/Nov/2012:10:43:51 -0500] "GET /users/predictor.json?in_progress=true&user_id=150 HTTP/1.1" 304 885 "https://www.gradecraft.com/dashboard" "Mozilla/5.0 (Macintosh; Intel Mac OS X 10_8_2) AppleWebKit/537.11 (KHTML, like Gecko) Chrome/23.0.1271.64 Safari/537.11"
67.194.209.66 - jtfletch [27/Nov/2012:10:44:26 -0500] "POST /assignments/112/assignment_submissions HTTP/1.1" 500 917 "https://www.gradecraft.com/assignments/112/assignment_submissions/new?submittable_id=6&submittable_type=Team" "Mozilla/5.0 (Windows NT 6.1; WOW64) AppleWebKit/537.11 (KHTML, like Gecko) Chrome/23.0.1271.64 Safari/537.11"
70.88.105.94 - - [27/Nov/2012:10:44:44 -0500] "GET / HTTP/1.1" 302 3254 "https://sites.google.com/a/umich.edu/polsci101f2012/" "Mozilla/5.0 (Macintosh; Intel Mac OS X 10_7_4) AppleWebKit/536.25 (KHTML, like Gecko) Version/6.0 Safari/536.25"
70.88.105.94 - - [27/Nov/2012:10:44:44 -0500] "GET /cosign/valid?cosign-www.gradecraft.com=Cw8c2Xt2YXGsKsnmkzSVlGDvk1kMDSgiBeDCIx6qKb41u-HJn-lTwNb3uX7ZQeN0oyGtd5WCfBG2RAGeeWDMS-j8tynYAKZ0uTlXuFDMBeB+4HAZK5RuPQw3gsV9&https://www.gradecraft.com/ HTTP/1.1" 301 868 "https://sites.google.com/a/umich.edu/polsci101f2012/" "Mozilla/5.0 (Macintosh; Intel Mac OS X 10_7_4) AppleWebKit/536.25 (KHTML, like Gecko) Version/6.0 Safari/536.25"
70.88.105.94 - mbsoren [27/Nov/2012:10:44:44 -0500] "GET / HTTP/1.1" 302 1348 "https://sites.google.com/a/umich.edu/polsci101f2012/" "Mozilla/5.0 (Macintosh; Intel Mac OS X 10_7_4) AppleWebKit/536.25 (KHTML, like Gecko) Version/6.0 Safari/536.25"
70.88.105.94 - mbsoren [27/Nov/2012:10:44:44 -0500] "GET /dashboard HTTP/1.1" 200 5188 "https://sites.google.com/a/umich.edu/polsci101f2012/" "Mozilla/5.0 (Macintosh; Intel Mac OS X 10_7_4) AppleWebKit/536.25 (KHTML, like Gecko) Version/6.0 Safari/536.25"
70.88.105.94 - mbsoren [27/Nov/2012:10:44:47 -0500] "GET /assets/application-eead062cf4bfb3cb3081a4c5cf6e0538.css HTTP/1.1" 200 49197 "https://www.gradecraft.com/dashboard" "Mozilla/5.0 (Macintosh; Intel Mac OS X 10_7_4) AppleWebKit/536.25 (KHTML, like Gecko) Version/6.0 Safari/536.25"
70.88.105.94 - mbsoren [27/Nov/2012:10:44:47 -0500] "GET /assets/application-647ca25372cb08a414ef6110cc332f61.js HTTP/1.1" 200 221431 "https://www.gradecraft.com/dashboard" "Mozilla/5.0 (Macintosh; Intel Mac OS X 10_7_4) AppleWebKit/536.25 (KHTML, like Gecko) Version/6.0 Safari/536.25"
70.88.105.94 - mbsoren [27/Nov/2012:10:44:47 -0500] "GET /badges/pos101/always_learning.png HTTP/1.1" 200 3204 "https://www.gradecraft.com/dashboard" "Mozilla/5.0 (Macintosh; Intel Mac OS X 10_7_4) AppleWebKit/536.25 (KHTML, like Gecko) Version/6.0 Safari/536.25"
70.88.105.94 - mbsoren [27/Nov/2012:10:44:47 -0500] "GET /badges/pos101/above_and_beyond.png HTTP/1.1" 200 6372 "https://www.gradecraft.com/dashboard" "Mozilla/5.0 (Macintosh; Intel Mac OS X 10_7_4) AppleWebKit/536.25 (KHTML, like Gecko) Version/6.0 Safari/536.25"
70.88.105.94 - mbsoren [27/Nov/2012:10:44:47 -0500] "GET /badges/pos101/awesome_aggregator.png HTTP/1.1" 200 5796 "https://www.gradecraft.com/dashboard" "Mozilla/5.0 (Macintosh; Intel Mac OS X 10_7_4) AppleWebKit/536.25 (KHTML, like Gecko) Version/6.0 Safari/536.25"
70.88.105.94 - mbsoren [27/Nov/2012:10:44:47 -0500] "GET /badges/pos101/great_critic.png HTTP/1.1" 200 5444 "https://www.gradecraft.com/dashboard" "Mozilla/5.0 (Macintosh; Intel Mac OS X 10_7_4) AppleWebKit/536.25 (KHTML, like Gecko) Version/6.0 Safari/536.25"
70.88.105.94 - mbsoren [27/Nov/2012:10:44:47 -0500] "GET /badges/pos101/presentation_of_self.png HTTP/1.1" 200 5498 "https://www.gradecraft.com/dashboard" "Mozilla/5.0 (Macintosh; Intel Mac OS X 10_7_4) AppleWebKit/536.25 (KHTML, like Gecko) Version/6.0 Safari/536.25"
70.88.105.94 - mbsoren [27/Nov/2012:10:44:47 -0500] "GET /badges/pos101/teachers_pet.png HTTP/1.1" 200 3194 "https://www.gradecraft.com/dashboard" "Mozilla/5.0 (Macintosh; Intel Mac OS X 10_7_4) AppleWebKit/536.25 (KHTML, like Gecko) Version/6.0 Safari/536.25"
70.88.105.94 - mbsoren [27/Nov/2012:10:44:47 -0500] "GET /badges/pos101/concentrator.png HTTP/1.1" 200 3594 "https://www.gradecraft.com/dashboard" "Mozilla/5.0 (Macintosh; Intel Mac OS X 10_7_4) AppleWebKit/536.25 (KHTML, like Gecko) Version/6.0 Safari/536.25"
70.88.105.94 - mbsoren [27/Nov/2012:10:44:47 -0500] "GET /badges/pos101/courageous_failure.png HTTP/1.1" 200 8410 "https://www.gradecraft.com/dashboard" "Mozilla/5.0 (Macintosh; Intel Mac OS X 10_7_4) AppleWebKit/536.25 (KHTML, like Gecko) Version/6.0 Safari/536.25"
70.88.105.94 - mbsoren [27/Nov/2012:10:44:47 -0500] "GET /badges/pos101/early_bird_special.png HTTP/1.1" 200 4602 "https://www.gradecraft.com/dashboard" "Mozilla/5.0 (Macintosh; Intel Mac OS X 10_7_4) AppleWebKit/536.25 (KHTML, like Gecko) Version/6.0 Safari/536.25"
70.88.105.94 - mbsoren [27/Nov/2012:10:44:47 -0500] "GET /badges/pos101/examination_expert.png HTTP/1.1" 200 4042 "https://www.gradecraft.com/dashboard" "Mozilla/5.0 (Macintosh; Intel Mac OS X 10_7_4) AppleWebKit/536.25 (KHTML, like Gecko) Version/6.0 Safari/536.25"
70.88.105.94 - mbsoren [27/Nov/2012:10:44:47 -0500] "GET /badges/pos101/gaining_experience.png HTTP/1.1" 200 8458 "https://www.gradecraft.com/dashboard" "Mozilla/5.0 (Macintosh; Intel Mac OS X 10_7_4) AppleWebKit/536.25 (KHTML, like Gecko) Version/6.0 Safari/536.25"
70.88.105.94 - mbsoren [27/Nov/2012:10:44:47 -0500] "GET /badges/pos101/gamer.png HTTP/1.1" 200 4378 "https://www.gradecraft.com/dashboard" "Mozilla/5.0 (Macintosh; Intel Mac OS X 10_7_4) AppleWebKit/536.25 (KHTML, like Gecko) Version/6.0 Safari/536.25"
70.88.105.94 - mbsoren [27/Nov/2012:10:44:47 -0500] "GET /badges/pos101/learning_from_mistakes.png HTTP/1.1" 200 8362 "https://www.gradecraft.com/dashboard" "Mozilla/5.0 (Macintosh; Intel Mac OS X 10_7_4) AppleWebKit/536.25 (KHTML, like Gecko) Version/6.0 Safari/536.25"
70.88.105.94 - mbsoren [27/Nov/2012:10:44:47 -0500] "GET /badges/pos101/level_one.png HTTP/1.1" 200 4458 "https://www.gradecraft.com/dashboard" "Mozilla/5.0 (Macintosh; Intel Mac OS X 10_7_4) AppleWebKit/536.25 (KHTML, like Gecko) Version/6.0 Safari/536.25"
70.88.105.94 - mbsoren [27/Nov/2012:10:44:47 -0500] "GET /badges/pos101/personal.png HTTP/1.1" 200 4474 "https://www.gradecraft.com/dashboard" "Mozilla/5.0 (Macintosh; Intel Mac OS X 10_7_4) AppleWebKit/536.25 (KHTML, like Gecko) Version/6.0 Safari/536.25"
70.88.105.94 - mbsoren [27/Nov/2012:10:44:47 -0500] "GET /badges/pos101/participatory_democrat.png HTTP/1.1" 200 5354 "https://www.gradecraft.com/dashboard" "Mozilla/5.0 (Macintosh; Intel Mac OS X 10_7_4) AppleWebKit/536.25 (KHTML, like Gecko) Version/6.0 Safari/536.25"
70.88.105.94 - mbsoren [27/Nov/2012:10:44:47 -0500] "GET /badges/pos101/practice_makes_perfect.png HTTP/1.1" 200 6010 "https://www.gradecraft.com/dashboard" "Mozilla/5.0 (Macintosh; Intel Mac OS X 10_7_4) AppleWebKit/536.25 (KHTML, like Gecko) Version/6.0 Safari/536.25"
70.88.105.94 - mbsoren [27/Nov/2012:10:44:47 -0500] "GET /badges/pos101/public_speaker.png HTTP/1.1" 200 5482 "https://www.gradecraft.com/dashboard" "Mozilla/5.0 (Macintosh; Intel Mac OS X 10_7_4) AppleWebKit/536.25 (KHTML, like Gecko) Version/6.0 Safari/536.25"
70.88.105.94 - mbsoren [27/Nov/2012:10:44:47 -0500] "GET /badges/pos101/scribe.png HTTP/1.1" 200 3002 "https://www.gradecraft.com/dashboard" "Mozilla/5.0 (Macintosh; Intel Mac OS X 10_7_4) AppleWebKit/536.25 (KHTML, like Gecko) Version/6.0 Safari/536.25"
70.88.105.94 - mbsoren [27/Nov/2012:10:44:48 -0500] "GET /badges/pos101/times_immemorial.png HTTP/1.1" 200 5722 "https://www.gradecraft.com/dashboard" "Mozilla/5.0 (Macintosh; Intel Mac OS X 10_7_4) AppleWebKit/536.25 (KHTML, like Gecko) Version/6.0 Safari/536.25"
70.88.105.94 - mbsoren [27/Nov/2012:10:44:48 -0500] "GET /badges/pos101/phoebe_badge.jpg HTTP/1.1" 404 1044 "https://www.gradecraft.com/dashboard" "Mozilla/5.0 (Macintosh; Intel Mac OS X 10_7_4) AppleWebKit/536.25 (KHTML, like Gecko) Version/6.0 Safari/536.25"
70.88.105.94 - mbsoren [27/Nov/2012:10:44:47 -0500] "GET /users/predictor.json?user_id=360 HTTP/1.1" 200 1610 "https://www.gradecraft.com/dashboard" "Mozilla/5.0 (Macintosh; Intel Mac OS X 10_7_4) AppleWebKit/536.25 (KHTML, like Gecko) Version/6.0 Safari/536.25"
70.88.105.94 - mbsoren [27/Nov/2012:10:44:47 -0500] "GET /users/predictor.json?in_progress=true&user_id=360 HTTP/1.1" 200 1610 "https://www.gradecraft.com/dashboard" "Mozilla/5.0 (Macintosh; Intel Mac OS X 10_7_4) AppleWebKit/536.25 (KHTML, like Gecko) Version/6.0 Safari/536.25"
24.11.171.92 - - [27/Nov/2012:10:45:41 -0500] "GET / HTTP/1.1" 302 3984 "-" "Mozilla/5.0 (Windows NT 6.1; WOW64) AppleWebKit/537.11 (KHTML, like Gecko) Chrome/23.0.1271.64 Safari/537.11"
24.11.171.92 - - [27/Nov/2012:10:45:42 -0500] "GET /cosign/valid?cosign-www.gradecraft.com=ynBtT3v9bhRT7+usbt-RuICW5vzbW611BI5-M-gWLhHN-3Qv3qjcqW0VPFPh-L0Uikr1Uh1Df-BTqcyOwqHpr-Eg6JflscRwa+dT2xX24E0jLvKQOg0WlTizl5Ud&https://www.gradecraft.com/ HTTP/1.1" 301 868 "-" "Mozilla/5.0 (Windows NT 6.1; WOW64) AppleWebKit/537.11 (KHTML, like Gecko) Chrome/23.0.1271.64 Safari/537.11"
24.11.171.92 - zpaiva [27/Nov/2012:10:45:42 -0500] "GET / HTTP/1.1" 200 5124 "-" "Mozilla/5.0 (Windows NT 6.1; WOW64) AppleWebKit/537.11 (KHTML, like Gecko) Chrome/23.0.1271.64 Safari/537.11"
24.11.171.92 - zpaiva [27/Nov/2012:10:45:45 -0500] "GET /badges/pos101/phoebe_badge.jpg HTTP/1.1" 404 4288 "https://www.gradecraft.com/" "Mozilla/5.0 (Windows NT 6.1; WOW64) AppleWebKit/537.11 (KHTML, like Gecko) Chrome/23.0.1271.64 Safari/537.11"
