67.194.179.250 - - [24/Oct/2012:00:00:03 -0400] "GET / HTTP/1.1" 302 3254 "-" "Mozilla/5.0 (Macintosh; U; Intel Mac OS X 10_6_8; en-us) AppleWebKit/533.21.1 (KHTML, like Gecko) Version/5.0.5 Safari/533.21.1"
208.75.22.157 - nickkuo [24/Oct/2012:00:00:16 -0400] "GET /users/266/user_assignment_type_weights/new?assignment_type_id=10 HTTP/1.1" 304 1078 "https://www.gradecraft.com/dashboard" "Mozilla/5.0 (Windows NT 6.1; WOW64) AppleWebKit/537.4 (KHTML, like Gecko) Chrome/22.0.1229.94 Safari/537.4"
208.75.22.157 - nickkuo [24/Oct/2012:00:00:20 -0400] "POST /users/266/user_assignment_type_weights HTTP/1.1" 302 1700 "https://www.gradecraft.com/users/266/user_assignment_type_weights/new?assignment_type_id=10" "Mozilla/5.0 (Windows NT 6.1; WOW64) AppleWebKit/537.4 (KHTML, like Gecko) Chrome/22.0.1229.94 Safari/537.4"
208.75.22.157 - nickkuo [24/Oct/2012:00:00:20 -0400] "GET /users/266/user_assignment_type_weights HTTP/1.1" 302 1652 "https://www.gradecraft.com/users/266/user_assignment_type_weights/new?assignment_type_id=10" "Mozilla/5.0 (Windows NT 6.1; WOW64) AppleWebKit/537.4 (KHTML, like Gecko) Chrome/22.0.1229.94 Safari/537.4"
208.75.22.157 - nickkuo [24/Oct/2012:00:00:20 -0400] "GET /dashboard HTTP/1.1" 200 5140 "https://www.gradecraft.com/users/266/user_assignment_type_weights/new?assignment_type_id=10" "Mozilla/5.0 (Windows NT 6.1; WOW64) AppleWebKit/537.4 (KHTML, like Gecko) Chrome/22.0.1229.94 Safari/537.4"
208.75.22.157 - nickkuo [24/Oct/2012:00:00:22 -0400] "GET /users/predictor.json?user_id=266 HTTP/1.1" 304 1030 "https://www.gradecraft.com/dashboard" "Mozilla/5.0 (Windows NT 6.1; WOW64) AppleWebKit/537.4 (KHTML, like Gecko) Chrome/22.0.1229.94 Safari/537.4"
208.75.22.157 - nickkuo [24/Oct/2012:00:00:22 -0400] "GET /users/predictor.json?in_progress=true&user_id=266 HTTP/1.1" 304 885 "https://www.gradecraft.com/dashboard" "Mozilla/5.0 (Windows NT 6.1; WOW64) AppleWebKit/537.4 (KHTML, like Gecko) Chrome/22.0.1229.94 Safari/537.4"
208.75.22.157 - nickkuo [24/Oct/2012:00:00:27 -0400] "GET /users/266/user_assignment_type_weights/new?assignment_type_id=8 HTTP/1.1" 200 2708 "https://www.gradecraft.com/dashboard" "Mozilla/5.0 (Windows NT 6.1; WOW64) AppleWebKit/537.4 (KHTML, like Gecko) Chrome/22.0.1229.94 Safari/537.4"
208.75.22.157 - nickkuo [24/Oct/2012:00:00:29 -0400] "POST /users/266/user_assignment_type_weights HTTP/1.1" 302 1716 "https://www.gradecraft.com/users/266/user_assignment_type_weights/new?assignment_type_id=8" "Mozilla/5.0 (Windows NT 6.1; WOW64) AppleWebKit/537.4 (KHTML, like Gecko) Chrome/22.0.1229.94 Safari/537.4"
208.75.22.157 - nickkuo [24/Oct/2012:00:00:29 -0400] "GET /users/266/user_assignment_type_weights HTTP/1.1" 302 1652 "https://www.gradecraft.com/users/266/user_assignment_type_weights/new?assignment_type_id=8" "Mozilla/5.0 (Windows NT 6.1; WOW64) AppleWebKit/537.4 (KHTML, like Gecko) Chrome/22.0.1229.94 Safari/537.4"
208.75.22.157 - nickkuo [24/Oct/2012:00:00:29 -0400] "GET /dashboard HTTP/1.1" 200 5172 "https://www.gradecraft.com/users/266/user_assignment_type_weights/new?assignment_type_id=8" "Mozilla/5.0 (Windows NT 6.1; WOW64) AppleWebKit/537.4 (KHTML, like Gecko) Chrome/22.0.1229.94 Safari/537.4"
208.75.22.157 - nickkuo [24/Oct/2012:00:00:31 -0400] "GET /users/predictor.json?user_id=266 HTTP/1.1" 304 885 "https://www.gradecraft.com/dashboard" "Mozilla/5.0 (Windows NT 6.1; WOW64) AppleWebKit/537.4 (KHTML, like Gecko) Chrome/22.0.1229.94 Safari/537.4"
208.75.22.157 - nickkuo [24/Oct/2012:00:00:31 -0400] "GET /users/predictor.json?in_progress=true&user_id=266 HTTP/1.1" 304 885 "https://www.gradecraft.com/dashboard" "Mozilla/5.0 (Windows NT 6.1; WOW64) AppleWebKit/537.4 (KHTML, like Gecko) Chrome/22.0.1229.94 Safari/537.4"
208.75.22.157 - nickkuo [24/Oct/2012:00:00:33 -0400] "GET /users/266/user_assignment_type_weights/428/edit?assignment_type_id=10 HTTP/1.1" 200 2724 "https://www.gradecraft.com/dashboard" "Mozilla/5.0 (Windows NT 6.1; WOW64) AppleWebKit/537.4 (KHTML, like Gecko) Chrome/22.0.1229.94 Safari/537.4"
208.75.22.157 - nickkuo [24/Oct/2012:00:00:35 -0400] "POST /users/266/user_assignment_type_weights/428 HTTP/1.1" 302 1460 "https://www.gradecraft.com/users/266/user_assignment_type_weights/428/edit?assignment_type_id=10" "Mozilla/5.0 (Windows NT 6.1; WOW64) AppleWebKit/537.4 (KHTML, like Gecko) Chrome/22.0.1229.94 Safari/537.4"
208.75.22.157 - nickkuo [24/Oct/2012:00:00:35 -0400] "GET /dashboard HTTP/1.1" 200 5172 "https://www.gradecraft.com/users/266/user_assignment_type_weights/428/edit?assignment_type_id=10" "Mozilla/5.0 (Windows NT 6.1; WOW64) AppleWebKit/537.4 (KHTML, like Gecko) Chrome/22.0.1229.94 Safari/537.4"
208.75.22.157 - nickkuo [24/Oct/2012:00:00:37 -0400] "GET /users/predictor.json?user_id=266 HTTP/1.1" 304 885 "https://www.gradecraft.com/dashboard" "Mozilla/5.0 (Windows NT 6.1; WOW64) AppleWebKit/537.4 (KHTML, like Gecko) Chrome/22.0.1229.94 Safari/537.4"
208.75.22.157 - nickkuo [24/Oct/2012:00:00:37 -0400] "GET /users/predictor.json?in_progress=true&user_id=266 HTTP/1.1" 304 885 "https://www.gradecraft.com/dashboard" "Mozilla/5.0 (Windows NT 6.1; WOW64) AppleWebKit/537.4 (KHTML, like Gecko) Chrome/22.0.1229.94 Safari/537.4"
208.75.22.157 - nickkuo [24/Oct/2012:00:00:39 -0400] "GET /users/266/user_assignment_type_weights/429/edit?assignment_type_id=8 HTTP/1.1" 200 2724 "https://www.gradecraft.com/dashboard" "Mozilla/5.0 (Windows NT 6.1; WOW64) AppleWebKit/537.4 (KHTML, like Gecko) Chrome/22.0.1229.94 Safari/537.4"
208.75.22.157 - nickkuo [24/Oct/2012:00:00:41 -0400] "POST /users/266/user_assignment_type_weights/429 HTTP/1.1" 302 1460 "https://www.gradecraft.com/users/266/user_assignment_type_weights/429/edit?assignment_type_id=8" "Mozilla/5.0 (Windows NT 6.1; WOW64) AppleWebKit/537.4 (KHTML, like Gecko) Chrome/22.0.1229.94 Safari/537.4"
208.75.22.157 - nickkuo [24/Oct/2012:00:00:41 -0400] "GET /dashboard HTTP/1.1" 200 5172 "https://www.gradecraft.com/users/266/user_assignment_type_weights/429/edit?assignment_type_id=8" "Mozilla/5.0 (Windows NT 6.1; WOW64) AppleWebKit/537.4 (KHTML, like Gecko) Chrome/22.0.1229.94 Safari/537.4"
208.75.22.157 - nickkuo [24/Oct/2012:00:00:42 -0400] "GET /users/predictor.json?user_id=266 HTTP/1.1" 304 885 "https://www.gradecraft.com/dashboard" "Mozilla/5.0 (Windows NT 6.1; WOW64) AppleWebKit/537.4 (KHTML, like Gecko) Chrome/22.0.1229.94 Safari/537.4"
208.75.22.157 - nickkuo [24/Oct/2012:00:00:42 -0400] "GET /users/predictor.json?in_progress=true&user_id=266 HTTP/1.1" 304 885 "https://www.gradecraft.com/dashboard" "Mozilla/5.0 (Windows NT 6.1; WOW64) AppleWebKit/537.4 (KHTML, like Gecko) Chrome/22.0.1229.94 Safari/537.4"
208.75.22.157 - nickkuo [24/Oct/2012:00:00:59 -0400] "GET /users/266/user_assignment_type_weights/429/edit?assignment_type_id=8 HTTP/1.1" 200 2885 "https://www.gradecraft.com/dashboard" "Mozilla/5.0 (Windows NT 6.1; WOW64) AppleWebKit/537.4 (KHTML, like Gecko) Chrome/22.0.1229.94 Safari/537.4"
208.75.22.157 - nickkuo [24/Oct/2012:00:01:01 -0400] "POST /users/266/user_assignment_type_weights/429 HTTP/1.1" 302 1444 "https://www.gradecraft.com/users/266/user_assignment_type_weights/429/edit?assignment_type_id=8" "Mozilla/5.0 (Windows NT 6.1; WOW64) AppleWebKit/537.4 (KHTML, like Gecko) Chrome/22.0.1229.94 Safari/537.4"
208.75.22.157 - nickkuo [24/Oct/2012:00:01:01 -0400] "GET /dashboard HTTP/1.1" 200 5172 "https://www.gradecraft.com/users/266/user_assignment_type_weights/429/edit?assignment_type_id=8" "Mozilla/5.0 (Windows NT 6.1; WOW64) AppleWebKit/537.4 (KHTML, like Gecko) Chrome/22.0.1229.94 Safari/537.4"
208.75.22.157 - nickkuo [24/Oct/2012:00:01:03 -0400] "GET /users/predictor.json?user_id=266 HTTP/1.1" 304 1030 "https://www.gradecraft.com/dashboard" "Mozilla/5.0 (Windows NT 6.1; WOW64) AppleWebKit/537.4 (KHTML, like Gecko) Chrome/22.0.1229.94 Safari/537.4"
208.75.22.157 - nickkuo [24/Oct/2012:00:01:03 -0400] "GET /users/predictor.json?in_progress=true&user_id=266 HTTP/1.1" 304 885 "https://www.gradecraft.com/dashboard" "Mozilla/5.0 (Windows NT 6.1; WOW64) AppleWebKit/537.4 (KHTML, like Gecko) Chrome/22.0.1229.94 Safari/537.4"
68.40.63.170 - xiaoqiz [24/Oct/2012:00:01:06 -0400] "GET /dashboard HTTP/1.1" 304 3950 "-" "Mozilla/5.0 (Macintosh; Intel Mac OS X 10_8_2) AppleWebKit/537.4 (KHTML, like Gecko) Chrome/22.0.1229.94 Safari/537.4"
68.40.63.170 - xiaoqiz [24/Oct/2012:00:01:08 -0400] "GET /users/predictor.json?user_id=199 HTTP/1.1" 304 3902 "https://www.gradecraft.com/dashboard" "Mozilla/5.0 (Macintosh; Intel Mac OS X 10_8_2) AppleWebKit/537.4 (KHTML, like Gecko) Chrome/22.0.1229.94 Safari/537.4"
68.40.63.170 - xiaoqiz [24/Oct/2012:00:01:08 -0400] "GET /users/predictor.json?in_progress=true&user_id=199 HTTP/1.1" 304 869 "https://www.gradecraft.com/dashboard" "Mozilla/5.0 (Macintosh; Intel Mac OS X 10_8_2) AppleWebKit/537.4 (KHTML, like Gecko) Chrome/22.0.1229.94 Safari/537.4"
208.75.22.157 - nickkuo [24/Oct/2012:00:01:31 -0400] "GET /users/266/user_assignment_type_weights/429/edit?assignment_type_id=8 HTTP/1.1" 200 2869 "https://www.gradecraft.com/dashboard" "Mozilla/5.0 (Windows NT 6.1; WOW64) AppleWebKit/537.4 (KHTML, like Gecko) Chrome/22.0.1229.94 Safari/537.4"
208.75.22.157 - nickkuo [24/Oct/2012:00:01:33 -0400] "POST /users/266/user_assignment_type_weights/429 HTTP/1.1" 302 1460 "https://www.gradecraft.com/users/266/user_assignment_type_weights/429/edit?assignment_type_id=8" "Mozilla/5.0 (Windows NT 6.1; WOW64) AppleWebKit/537.4 (KHTML, like Gecko) Chrome/22.0.1229.94 Safari/537.4"
208.75.22.157 - nickkuo [24/Oct/2012:00:01:33 -0400] "GET /dashboard HTTP/1.1" 200 5172 "https://www.gradecraft.com/users/266/user_assignment_type_weights/429/edit?assignment_type_id=8" "Mozilla/5.0 (Windows NT 6.1; WOW64) AppleWebKit/537.4 (KHTML, like Gecko) Chrome/22.0.1229.94 Safari/537.4"
208.75.22.157 - nickkuo [24/Oct/2012:00:01:35 -0400] "GET /users/predictor.json?user_id=266 HTTP/1.1" 304 1030 "https://www.gradecraft.com/dashboard" "Mozilla/5.0 (Windows NT 6.1; WOW64) AppleWebKit/537.4 (KHTML, like Gecko) Chrome/22.0.1229.94 Safari/537.4"
208.75.22.157 - nickkuo [24/Oct/2012:00:01:35 -0400] "GET /users/predictor.json?in_progress=true&user_id=266 HTTP/1.1" 304 885 "https://www.gradecraft.com/dashboard" "Mozilla/5.0 (Windows NT 6.1; WOW64) AppleWebKit/537.4 (KHTML, like Gecko) Chrome/22.0.1229.94 Safari/537.4"
208.75.22.157 - nickkuo [24/Oct/2012:00:01:38 -0400] "GET /users/predictor?user_id=266 HTTP/1.1" 200 5508 "https://www.gradecraft.com/dashboard" "Mozilla/5.0 (Windows NT 6.1; WOW64) AppleWebKit/537.4 (KHTML, like Gecko) Chrome/22.0.1229.94 Safari/537.4"
67.194.84.216 - - [24/Oct/2012:00:02:55 -0400] "GET /dashboard HTTP/1.1" 302 3254 "https://www.gradecraft.com/users/predictor?user_id=126" "Mozilla/5.0 (Macintosh; Intel Mac OS X 10_7_3) AppleWebKit/534.54.16 (KHTML, like Gecko) Version/5.1.4 Safari/534.54.16"
67.194.84.216 - - [24/Oct/2012:00:02:55 -0400] "GET /cosign/valid?cosign-www.gradecraft.com=FeC+2vxZTFaXLMtwPQY5YXGK5JBhtQGA2ArKUk5iZAHlVaeHNoLBCGqg3F2+zCYVdIEz1RZdGjLk6rDRfLAagCSKocjN80Qb25xOrHLTjdQU3YNQV378Lyc2czpc&https://www.gradecraft.com/dashboard HTTP/1.1" 301 900 "https://www.gradecraft.com/users/predictor?user_id=126" "Mozilla/5.0 (Macintosh; Intel Mac OS X 10_7_3) AppleWebKit/534.54.16 (KHTML, like Gecko) Version/5.1.4 Safari/534.54.16"
67.194.84.216 - malinid [24/Oct/2012:00:02:55 -0400] "GET /dashboard HTTP/1.1" 200 5140 "https://www.gradecraft.com/users/predictor?user_id=126" "Mozilla/5.0 (Macintosh; Intel Mac OS X 10_7_3) AppleWebKit/534.54.16 (KHTML, like Gecko) Version/5.1.4 Safari/534.54.16"
67.194.84.216 - malinid [24/Oct/2012:00:02:57 -0400] "GET /users/predictor.json?user_id=126 HTTP/1.1" 200 1748 "https://www.gradecraft.com/dashboard" "Mozilla/5.0 (Macintosh; Intel Mac OS X 10_7_3) AppleWebKit/534.54.16 (KHTML, like Gecko) Version/5.1.4 Safari/534.54.16"
67.194.84.216 - malinid [24/Oct/2012:00:02:57 -0400] "GET /users/predictor.json?in_progress=true&user_id=126 HTTP/1.1" 200 1610 "https://www.gradecraft.com/dashboard" "Mozilla/5.0 (Macintosh; Intel Mac OS X 10_7_3) AppleWebKit/534.54.16 (KHTML, like Gecko) Version/5.1.4 Safari/534.54.16"
98.224.223.159 - - [24/Oct/2012:00:04:34 -0400] "GET /dashboard HTTP/1.1" 302 3254 "-" "Mozilla/5.0 (Macintosh; Intel Mac OS X 10_6_8) AppleWebKit/534.57.2 (KHTML, like Gecko) Version/5.1.7 Safari/534.57.2"
98.224.223.159 - - [24/Oct/2012:00:04:42 -0400] "GET /cosign/valid?cosign-www.gradecraft.com=bMCaG-Y-640AxsF2G1ts9QVM9mOJdvK6HVDmceizIfNFSg7vEQXXCQZAkRaxdXUjMLaiea6Vrafv0ZfliQC7ORpQ7ztHdj1KM2euFNpW+amJPj4ZlLOq9r3rR6l-&https://www.gradecraft.com/dashboard HTTP/1.1" 301 900 "https://weblogin.umich.edu/?cosign-www.gradecraft.com&https://www.gradecraft.com/dashboard" "Mozilla/5.0 (Macintosh; Intel Mac OS X 10_6_8) AppleWebKit/534.57.2 (KHTML, like Gecko) Version/5.1.7 Safari/534.57.2"
98.224.223.159 - ebunin [24/Oct/2012:00:04:42 -0400] "GET /dashboard HTTP/1.1" 302 1364 "https://weblogin.umich.edu/?cosign-www.gradecraft.com&https://www.gradecraft.com/dashboard" "Mozilla/5.0 (Macintosh; Intel Mac OS X 10_6_8) AppleWebKit/534.57.2 (KHTML, like Gecko) Version/5.1.7 Safari/534.57.2"
208.75.22.157 - nickkuo [24/Oct/2012:00:04:42 -0400] "GET /users/266/user_assignment_type_weights/429/edit?assignment_type_id=8 HTTP/1.1" 200 5757 "https://www.gradecraft.com/users/predictor?user_id=266" "Mozilla/5.0 (Windows NT 6.1; WOW64) AppleWebKit/537.4 (KHTML, like Gecko) Chrome/22.0.1229.94 Safari/537.4"
98.224.223.159 - ebunin [24/Oct/2012:00:04:42 -0400] "GET /dashboard HTTP/1.1" 200 5156 "https://weblogin.umich.edu/?cosign-www.gradecraft.com&https://www.gradecraft.com/dashboard" "Mozilla/5.0 (Macintosh; Intel Mac OS X 10_6_8) AppleWebKit/534.57.2 (KHTML, like Gecko) Version/5.1.7 Safari/534.57.2"
98.224.223.159 - ebunin [24/Oct/2012:00:04:44 -0400] "GET /assets/application-75efbcdd2e483708b1922621823d8e20.css HTTP/1.1" 200 47181 "https://www.gradecraft.com/dashboard" "Mozilla/5.0 (Macintosh; Intel Mac OS X 10_6_8) AppleWebKit/534.57.2 (KHTML, like Gecko) Version/5.1.7 Safari/534.57.2"
98.224.223.159 - ebunin [24/Oct/2012:00:04:44 -0400] "GET /assets/application-8ce02592fd93cf8f056fcba13d4bd5fc.js HTTP/1.1" 200 201938 "https://www.gradecraft.com/dashboard" "Mozilla/5.0 (Macintosh; Intel Mac OS X 10_6_8) AppleWebKit/534.57.2 (KHTML, like Gecko) Version/5.1.7 Safari/534.57.2"
208.75.22.157 - nickkuo [24/Oct/2012:00:04:44 -0400] "POST /users/266/user_assignment_type_weights/429 HTTP/1.1" 302 1444 "https://www.gradecraft.com/users/266/user_assignment_type_weights/429/edit?assignment_type_id=8" "Mozilla/5.0 (Windows NT 6.1; WOW64) AppleWebKit/537.4 (KHTML, like Gecko) Chrome/22.0.1229.94 Safari/537.4"
98.224.223.159 - ebunin [24/Oct/2012:00:04:45 -0400] "GET /badges/pos101/always_learning.png HTTP/1.1" 200 3066 "https://www.gradecraft.com/dashboard" "Mozilla/5.0 (Macintosh; Intel Mac OS X 10_6_8) AppleWebKit/534.57.2 (KHTML, like Gecko) Version/5.1.7 Safari/534.57.2"
98.224.223.159 - ebunin [24/Oct/2012:00:04:45 -0400] "GET /badges/pos101/presentation_of_self.png HTTP/1.1" 200 5498 "https://www.gradecraft.com/dashboard" "Mozilla/5.0 (Macintosh; Intel Mac OS X 10_6_8) AppleWebKit/534.57.2 (KHTML, like Gecko) Version/5.1.7 Safari/534.57.2"
98.224.223.159 - ebunin [24/Oct/2012:00:04:45 -0400] "GET /badges/pos101/teachers_pet.png HTTP/1.1" 200 3194 "https://www.gradecraft.com/dashboard" "Mozilla/5.0 (Macintosh; Intel Mac OS X 10_6_8) AppleWebKit/534.57.2 (KHTML, like Gecko) Version/5.1.7 Safari/534.57.2"
98.224.223.159 - ebunin [24/Oct/2012:00:04:45 -0400] "GET /badges/pos101/above_and_beyond.png HTTP/1.1" 200 6372 "https://www.gradecraft.com/dashboard" "Mozilla/5.0 (Macintosh; Intel Mac OS X 10_6_8) AppleWebKit/534.57.2 (KHTML, like Gecko) Version/5.1.7 Safari/534.57.2"
98.224.223.159 - ebunin [24/Oct/2012:00:04:45 -0400] "GET /badges/pos101/awesome_aggregator.png HTTP/1.1" 200 5796 "https://www.gradecraft.com/dashboard" "Mozilla/5.0 (Macintosh; Intel Mac OS X 10_6_8) AppleWebKit/534.57.2 (KHTML, like Gecko) Version/5.1.7 Safari/534.57.2"
98.224.223.159 - ebunin [24/Oct/2012:00:04:45 -0400] "GET /badges/pos101/great_critic.png HTTP/1.1" 200 5444 "https://www.gradecraft.com/dashboard" "Mozilla/5.0 (Macintosh; Intel Mac OS X 10_6_8) AppleWebKit/534.57.2 (KHTML, like Gecko) Version/5.1.7 Safari/534.57.2"
98.224.223.159 - ebunin [24/Oct/2012:00:04:45 -0400] "GET /badges/pos101/concentrator.png HTTP/1.1" 200 3594 "https://www.gradecraft.com/dashboard" "Mozilla/5.0 (Macintosh; Intel Mac OS X 10_6_8) AppleWebKit/534.57.2 (KHTML, like Gecko) Version/5.1.7 Safari/534.57.2"
98.224.223.159 - ebunin [24/Oct/2012:00:04:45 -0400] "GET /badges/pos101/courageous_failure.png HTTP/1.1" 200 8410 "https://www.gradecraft.com/dashboard" "Mozilla/5.0 (Macintosh; Intel Mac OS X 10_6_8) AppleWebKit/534.57.2 (KHTML, like Gecko) Version/5.1.7 Safari/534.57.2"
98.224.223.159 - ebunin [24/Oct/2012:00:04:45 -0400] "GET /badges/pos101/early_bird_special.png HTTP/1.1" 200 4602 "https://www.gradecraft.com/dashboard" "Mozilla/5.0 (Macintosh; Intel Mac OS X 10_6_8) AppleWebKit/534.57.2 (KHTML, like Gecko) Version/5.1.7 Safari/534.57.2"
98.224.223.159 - ebunin [24/Oct/2012:00:04:45 -0400] "GET /badges/pos101/examination_expert.png HTTP/1.1" 200 4042 "https://www.gradecraft.com/dashboard" "Mozilla/5.0 (Macintosh; Intel Mac OS X 10_6_8) AppleWebKit/534.57.2 (KHTML, like Gecko) Version/5.1.7 Safari/534.57.2"
98.224.223.159 - ebunin [24/Oct/2012:00:04:45 -0400] "GET /badges/pos101/gaining_experience.png HTTP/1.1" 200 8458 "https://www.gradecraft.com/dashboard" "Mozilla/5.0 (Macintosh; Intel Mac OS X 10_6_8) AppleWebKit/534.57.2 (KHTML, like Gecko) Version/5.1.7 Safari/534.57.2"
98.224.223.159 - ebunin [24/Oct/2012:00:04:45 -0400] "GET /badges/pos101/gamer.png HTTP/1.1" 200 4378 "https://www.gradecraft.com/dashboard" "Mozilla/5.0 (Macintosh; Intel Mac OS X 10_6_8) AppleWebKit/534.57.2 (KHTML, like Gecko) Version/5.1.7 Safari/534.57.2"
98.224.223.159 - ebunin [24/Oct/2012:00:04:45 -0400] "GET /badges/pos101/learning_from_mistakes.png HTTP/1.1" 200 8362 "https://www.gradecraft.com/dashboard" "Mozilla/5.0 (Macintosh; Intel Mac OS X 10_6_8) AppleWebKit/534.57.2 (KHTML, like Gecko) Version/5.1.7 Safari/534.57.2"
98.224.223.159 - ebunin [24/Oct/2012:00:04:45 -0400] "GET /badges/pos101/level_one.png HTTP/1.1" 200 4458 "https://www.gradecraft.com/dashboard" "Mozilla/5.0 (Macintosh; Intel Mac OS X 10_6_8) AppleWebKit/534.57.2 (KHTML, like Gecko) Version/5.1.7 Safari/534.57.2"
98.224.223.159 - ebunin [24/Oct/2012:00:04:45 -0400] "GET /badges/pos101/personal.png HTTP/1.1" 200 4474 "https://www.gradecraft.com/dashboard" "Mozilla/5.0 (Macintosh; Intel Mac OS X 10_6_8) AppleWebKit/534.57.2 (KHTML, like Gecko) Version/5.1.7 Safari/534.57.2"
98.224.223.159 - ebunin [24/Oct/2012:00:04:45 -0400] "GET /badges/pos101/participatory_democrat.png HTTP/1.1" 200 5354 "https://www.gradecraft.com/dashboard" "Mozilla/5.0 (Macintosh; Intel Mac OS X 10_6_8) AppleWebKit/534.57.2 (KHTML, like Gecko) Version/5.1.7 Safari/534.57.2"
98.224.223.159 - ebunin [24/Oct/2012:00:04:45 -0400] "GET /badges/pos101/practice_makes_perfect.png HTTP/1.1" 200 6010 "https://www.gradecraft.com/dashboard" "Mozilla/5.0 (Macintosh; Intel Mac OS X 10_6_8) AppleWebKit/534.57.2 (KHTML, like Gecko) Version/5.1.7 Safari/534.57.2"
98.224.223.159 - ebunin [24/Oct/2012:00:04:45 -0400] "GET /badges/pos101/scribe.png HTTP/1.1" 200 3002 "https://www.gradecraft.com/dashboard" "Mozilla/5.0 (Macintosh; Intel Mac OS X 10_6_8) AppleWebKit/534.57.2 (KHTML, like Gecko) Version/5.1.7 Safari/534.57.2"
98.224.223.159 - ebunin [24/Oct/2012:00:04:45 -0400] "GET /badges/pos101/public_speaker.png HTTP/1.1" 200 5482 "https://www.gradecraft.com/dashboard" "Mozilla/5.0 (Macintosh; Intel Mac OS X 10_6_8) AppleWebKit/534.57.2 (KHTML, like Gecko) Version/5.1.7 Safari/534.57.2"
98.224.223.159 - ebunin [24/Oct/2012:00:04:45 -0400] "GET /badges/pos101/times_immemorial.png HTTP/1.1" 200 5722 "https://www.gradecraft.com/dashboard" "Mozilla/5.0 (Macintosh; Intel Mac OS X 10_6_8) AppleWebKit/534.57.2 (KHTML, like Gecko) Version/5.1.7 Safari/534.57.2"
98.224.223.159 - ebunin [24/Oct/2012:00:04:45 -0400] "GET /badges/pos101/phoebe_badge.jpg HTTP/1.1" 200 5994 "https://www.gradecraft.com/dashboard" "Mozilla/5.0 (Macintosh; Intel Mac OS X 10_6_8) AppleWebKit/534.57.2 (KHTML, like Gecko) Version/5.1.7 Safari/534.57.2"
98.224.223.159 - ebunin [24/Oct/2012:00:04:45 -0400] "GET /users/predictor.json?in_progress=true&user_id=302 HTTP/1.1" 200 1626 "https://www.gradecraft.com/dashboard" "Mozilla/5.0 (Macintosh; Intel Mac OS X 10_6_8) AppleWebKit/534.57.2 (KHTML, like Gecko) Version/5.1.7 Safari/534.57.2"
208.75.22.157 - nickkuo [24/Oct/2012:00:04:44 -0400] "GET /dashboard HTTP/1.1" 200 5172 "https://www.gradecraft.com/users/266/user_assignment_type_weights/429/edit?assignment_type_id=8" "Mozilla/5.0 (Windows NT 6.1; WOW64) AppleWebKit/537.4 (KHTML, like Gecko) Chrome/22.0.1229.94 Safari/537.4"
98.224.223.159 - ebunin [24/Oct/2012:00:04:45 -0400] "GET /users/predictor.json?user_id=302 HTTP/1.1" 200 1764 "https://www.gradecraft.com/dashboard" "Mozilla/5.0 (Macintosh; Intel Mac OS X 10_6_8) AppleWebKit/534.57.2 (KHTML, like Gecko) Version/5.1.7 Safari/534.57.2"
208.75.22.157 - nickkuo [24/Oct/2012:00:04:46 -0400] "GET /users/predictor.json?user_id=266 HTTP/1.1" 304 4113 "https://www.gradecraft.com/dashboard" "Mozilla/5.0 (Windows NT 6.1; WOW64) AppleWebKit/537.4 (KHTML, like Gecko) Chrome/22.0.1229.94 Safari/537.4"
208.75.22.157 - nickkuo [24/Oct/2012:00:04:46 -0400] "GET /users/predictor.json?in_progress=true&user_id=266 HTTP/1.1" 304 885 "https://www.gradecraft.com/dashboard" "Mozilla/5.0 (Windows NT 6.1; WOW64) AppleWebKit/537.4 (KHTML, like Gecko) Chrome/22.0.1229.94 Safari/537.4"
208.75.22.157 - nickkuo [24/Oct/2012:00:04:48 -0400] "GET /users/predictor?user_id=266 HTTP/1.1" 200 5508 "https://www.gradecraft.com/dashboard" "Mozilla/5.0 (Windows NT 6.1; WOW64) AppleWebKit/537.4 (KHTML, like Gecko) Chrome/22.0.1229.94 Safari/537.4"
208.75.22.157 - nickkuo [24/Oct/2012:00:04:57 -0400] "GET /users/266/user_assignment_type_weights/428/edit?assignment_type_id=10 HTTP/1.1" 200 2724 "https://www.gradecraft.com/dashboard" "Mozilla/5.0 (Windows NT 6.1; WOW64) AppleWebKit/537.4 (KHTML, like Gecko) Chrome/22.0.1229.94 Safari/537.4"
98.224.223.159 - ebunin [24/Oct/2012:00:04:58 -0400] "GET /users/predictor?user_id=302 HTTP/1.1" 200 5460 "https://www.gradecraft.com/dashboard" "Mozilla/5.0 (Macintosh; Intel Mac OS X 10_6_8) AppleWebKit/534.57.2 (KHTML, like Gecko) Version/5.1.7 Safari/534.57.2"
98.224.223.159 - ebunin [24/Oct/2012:00:05:00 -0400] "GET /assets/images/bg_direction_nav.png HTTP/1.1" 200 2778 "https://www.gradecraft.com/users/predictor?user_id=302" "Mozilla/5.0 (Macintosh; Intel Mac OS X 10_6_8) AppleWebKit/534.57.2 (KHTML, like Gecko) Version/5.1.7 Safari/534.57.2"
98.224.223.159 - ebunin [24/Oct/2012:00:05:00 -0400] "GET /assets/jquery-ui/ui-bg_flat_75_ffffff_40x100-841636c8f8d33987bb8d2f31e8ef92ca.png HTTP/1.1" 200 538 "https://www.gradecraft.com/users/predictor?user_id=302" "Mozilla/5.0 (Macintosh; Intel Mac OS X 10_6_8) AppleWebKit/534.57.2 (KHTML, like Gecko) Version/5.1.7 Safari/534.57.2"
98.224.223.159 - ebunin [24/Oct/2012:00:05:00 -0400] "GET /assets/jquery-ui/ui-bg_glass_75_e6e6e6_1x400-3e20bce1b7b2f5dd47ca6ac361805162.png HTTP/1.1" 200 474 "https://www.gradecraft.com/users/predictor?user_id=302" "Mozilla/5.0 (Macintosh; Intel Mac OS X 10_6_8) AppleWebKit/534.57.2 (KHTML, like Gecko) Version/5.1.7 Safari/534.57.2"
208.75.22.157 - nickkuo [24/Oct/2012:00:05:01 -0400] "POST /users/266/user_assignment_type_weights/428 HTTP/1.1" 302 1460 "https://www.gradecraft.com/users/266/user_assignment_type_weights/428/edit?assignment_type_id=10" "Mozilla/5.0 (Windows NT 6.1; WOW64) AppleWebKit/537.4 (KHTML, like Gecko) Chrome/22.0.1229.94 Safari/537.4"
208.75.22.157 - nickkuo [24/Oct/2012:00:05:01 -0400] "GET /dashboard HTTP/1.1" 200 5172 "https://www.gradecraft.com/users/266/user_assignment_type_weights/428/edit?assignment_type_id=10" "Mozilla/5.0 (Windows NT 6.1; WOW64) AppleWebKit/537.4 (KHTML, like Gecko) Chrome/22.0.1229.94 Safari/537.4"
208.75.22.157 - nickkuo [24/Oct/2012:00:05:03 -0400] "GET /users/predictor.json?in_progress=true&user_id=266 HTTP/1.1" 304 885 "https://www.gradecraft.com/dashboard" "Mozilla/5.0 (Windows NT 6.1; WOW64) AppleWebKit/537.4 (KHTML, like Gecko) Chrome/22.0.1229.94 Safari/537.4"
208.75.22.157 - nickkuo [24/Oct/2012:00:05:03 -0400] "GET /users/predictor.json?user_id=266 HTTP/1.1" 304 1030 "https://www.gradecraft.com/dashboard" "Mozilla/5.0 (Windows NT 6.1; WOW64) AppleWebKit/537.4 (KHTML, like Gecko) Chrome/22.0.1229.94 Safari/537.4"
98.224.223.159 - ebunin [24/Oct/2012:00:05:05 -0400] "GET /dashboard HTTP/1.1" 304 933 "https://weblogin.umich.edu/?cosign-www.gradecraft.com&https://www.gradecraft.com/dashboard" "Mozilla/5.0 (Macintosh; Intel Mac OS X 10_6_8) AppleWebKit/534.57.2 (KHTML, like Gecko) Version/5.1.7 Safari/534.57.2"
98.224.223.159 - ebunin [24/Oct/2012:00:05:07 -0400] "GET /users/predictor.json?user_id=302 HTTP/1.1" 304 885 "https://www.gradecraft.com/dashboard" "Mozilla/5.0 (Macintosh; Intel Mac OS X 10_6_8) AppleWebKit/534.57.2 (KHTML, like Gecko) Version/5.1.7 Safari/534.57.2"
98.224.223.159 - ebunin [24/Oct/2012:00:05:07 -0400] "GET /users/predictor.json?in_progress=true&user_id=302 HTTP/1.1" 304 885 "https://www.gradecraft.com/dashboard" "Mozilla/5.0 (Macintosh; Intel Mac OS X 10_6_8) AppleWebKit/534.57.2 (KHTML, like Gecko) Version/5.1.7 Safari/534.57.2"
208.75.22.157 - nickkuo [24/Oct/2012:00:05:09 -0400] "GET /users/predictor?user_id=266 HTTP/1.1" 200 5492 "https://www.gradecraft.com/dashboard" "Mozilla/5.0 (Windows NT 6.1; WOW64) AppleWebKit/537.4 (KHTML, like Gecko) Chrome/22.0.1229.94 Safari/537.4"
216.106.154.23 - - [24/Oct/2012:00:06:21 -0400] "GET /dashboard HTTP/1.1" 302 3259 "-" "Mozilla/5.0 (Macintosh; Intel Mac OS X 10_8_2) AppleWebKit/536.26.14 (KHTML, like Gecko) Version/6.0.1 Safari/536.26.14"
216.106.154.23 - - [24/Oct/2012:00:06:22 -0400] "GET /cosign/valid?cosign-www.gradecraft.com=vreyeYKGGyJ94Mvj0oIhcEUU9K7NEamhLREpid6hRdplY3bvMlAwgrfGQmj4hR0RFdixGKxHPmANhx1NUR8CWH9pV5me5fipBLRlaoaxtFuW4KVt2JVgTMwTh6YN&https://www.gradecraft.com/dashboard HTTP/1.1" 301 900 "-" "Mozilla/5.0 (Macintosh; Intel Mac OS X 10_8_2) AppleWebKit/536.26.14 (KHTML, like Gecko) Version/6.0.1 Safari/536.26.14"
216.106.154.23 - frasheed [24/Oct/2012:00:06:22 -0400] "GET /dashboard HTTP/1.1" 200 5204 "-" "Mozilla/5.0 (Macintosh; Intel Mac OS X 10_8_2) AppleWebKit/536.26.14 (KHTML, like Gecko) Version/6.0.1 Safari/536.26.14"
216.106.154.23 - frasheed [24/Oct/2012:00:06:24 -0400] "GET /assets/application-75efbcdd2e483708b1922621823d8e20.css HTTP/1.1" 200 47326 "https://www.gradecraft.com/dashboard" "Mozilla/5.0 (Macintosh; Intel Mac OS X 10_8_2) AppleWebKit/536.26.14 (KHTML, like Gecko) Version/6.0.1 Safari/536.26.14"
216.106.154.23 - frasheed [24/Oct/2012:00:06:24 -0400] "GET /assets/application-8ce02592fd93cf8f056fcba13d4bd5fc.js HTTP/1.1" 200 201800 "https://www.gradecraft.com/dashboard" "Mozilla/5.0 (Macintosh; Intel Mac OS X 10_8_2) AppleWebKit/536.26.14 (KHTML, like Gecko) Version/6.0.1 Safari/536.26.14"
216.106.154.23 - frasheed [24/Oct/2012:00:06:28 -0400] "GET /badges/pos101/courageous_failure.png HTTP/1.1" 200 8410 "https://www.gradecraft.com/dashboard" "Mozilla/5.0 (Macintosh; Intel Mac OS X 10_8_2) AppleWebKit/536.26.14 (KHTML, like Gecko) Version/6.0.1 Safari/536.26.14"
216.106.154.23 - frasheed [24/Oct/2012:00:06:28 -0400] "GET /badges/pos101/learning_from_mistakes.png HTTP/1.1" 200 8507 "https://www.gradecraft.com/dashboard" "Mozilla/5.0 (Macintosh; Intel Mac OS X 10_8_2) AppleWebKit/536.26.14 (KHTML, like Gecko) Version/6.0.1 Safari/536.26.14"
216.106.154.23 - frasheed [24/Oct/2012:00:06:28 -0400] "GET /badges/pos101/gaining_experience.png HTTP/1.1" 200 8603 "https://www.gradecraft.com/dashboard" "Mozilla/5.0 (Macintosh; Intel Mac OS X 10_8_2) AppleWebKit/536.26.14 (KHTML, like Gecko) Version/6.0.1 Safari/536.26.14"
216.106.154.23 - frasheed [24/Oct/2012:00:06:28 -0400] "GET /favicon.ico HTTP/1.1" 200 4795 "https://www.gradecraft.com/dashboard" "Mozilla/5.0 (Macintosh; Intel Mac OS X 10_8_2) AppleWebKit/536.26.14 (KHTML, like Gecko) Version/6.0.1 Safari/536.26.14"
216.106.154.23 - frasheed [24/Oct/2012:00:06:28 -0400] "GET /users/predictor.json?in_progress=true&user_id=193 HTTP/1.1" 200 1771 "https://www.gradecraft.com/dashboard" "Mozilla/5.0 (Macintosh; Intel Mac OS X 10_8_2) AppleWebKit/536.26.14 (KHTML, like Gecko) Version/6.0.1 Safari/536.26.14"
216.106.154.23 - frasheed [24/Oct/2012:00:06:28 -0400] "GET /users/predictor.json?user_id=193 HTTP/1.1" 200 1610 "https://www.gradecraft.com/dashboard" "Mozilla/5.0 (Macintosh; Intel Mac OS X 10_8_2) AppleWebKit/536.26.14 (KHTML, like Gecko) Version/6.0.1 Safari/536.26.14"
67.194.11.170 - - [24/Oct/2012:00:07:07 -0400] "GET /dashboard HTTP/1.1" 302 3254 "-" "Mozilla/5.0 (Macintosh; U; Intel Mac OS X 10_6_6; en-us) AppleWebKit/533.19.4 (KHTML, like Gecko) Version/5.0.3 Safari/533.19.4"
208.75.22.157 - nickkuo [24/Oct/2012:00:07:08 -0400] "GET /dashboard HTTP/1.1" 304 1078 "https://www.gradecraft.com/users/predictor?user_id=266" "Mozilla/5.0 (Windows NT 6.1; WOW64) AppleWebKit/537.4 (KHTML, like Gecko) Chrome/22.0.1229.94 Safari/537.4"
208.75.22.157 - nickkuo [24/Oct/2012:00:07:09 -0400] "GET /users/predictor.json?user_id=266 HTTP/1.1" 304 1030 "https://www.gradecraft.com/dashboard" "Mozilla/5.0 (Windows NT 6.1; WOW64) AppleWebKit/537.4 (KHTML, like Gecko) Chrome/22.0.1229.94 Safari/537.4"
208.75.22.157 - nickkuo [24/Oct/2012:00:07:09 -0400] "GET /users/predictor.json?in_progress=true&user_id=266 HTTP/1.1" 304 885 "https://www.gradecraft.com/dashboard" "Mozilla/5.0 (Windows NT 6.1; WOW64) AppleWebKit/537.4 (KHTML, like Gecko) Chrome/22.0.1229.94 Safari/537.4"
208.75.22.157 - nickkuo [24/Oct/2012:00:07:16 -0400] "GET /users/266/user_assignment_type_weights/429/edit?assignment_type_id=8 HTTP/1.1" 200 2724 "https://www.gradecraft.com/dashboard" "Mozilla/5.0 (Windows NT 6.1; WOW64) AppleWebKit/537.4 (KHTML, like Gecko) Chrome/22.0.1229.94 Safari/537.4"
208.75.22.157 - nickkuo [24/Oct/2012:00:07:19 -0400] "POST /users/266/user_assignment_type_weights/429 HTTP/1.1" 302 1460 "https://www.gradecraft.com/users/266/user_assignment_type_weights/429/edit?assignment_type_id=8" "Mozilla/5.0 (Windows NT 6.1; WOW64) AppleWebKit/537.4 (KHTML, like Gecko) Chrome/22.0.1229.94 Safari/537.4"
208.75.22.157 - nickkuo [24/Oct/2012:00:07:19 -0400] "GET /dashboard HTTP/1.1" 200 5156 "https://www.gradecraft.com/users/266/user_assignment_type_weights/429/edit?assignment_type_id=8" "Mozilla/5.0 (Windows NT 6.1; WOW64) AppleWebKit/537.4 (KHTML, like Gecko) Chrome/22.0.1229.94 Safari/537.4"
208.75.22.157 - nickkuo [24/Oct/2012:00:07:21 -0400] "GET /users/predictor.json?user_id=266 HTTP/1.1" 304 885 "https://www.gradecraft.com/dashboard" "Mozilla/5.0 (Windows NT 6.1; WOW64) AppleWebKit/537.4 (KHTML, like Gecko) Chrome/22.0.1229.94 Safari/537.4"
208.75.22.157 - nickkuo [24/Oct/2012:00:07:21 -0400] "GET /users/predictor.json?in_progress=true&user_id=266 HTTP/1.1" 304 885 "https://www.gradecraft.com/dashboard" "Mozilla/5.0 (Windows NT 6.1; WOW64) AppleWebKit/537.4 (KHTML, like Gecko) Chrome/22.0.1229.94 Safari/537.4"
208.75.22.157 - nickkuo [24/Oct/2012:00:07:23 -0400] "GET /users/266/user_assignment_type_weights/428/edit?assignment_type_id=10 HTTP/1.1" 200 2724 "https://www.gradecraft.com/dashboard" "Mozilla/5.0 (Windows NT 6.1; WOW64) AppleWebKit/537.4 (KHTML, like Gecko) Chrome/22.0.1229.94 Safari/537.4"
69.89.105.69 - - [24/Oct/2012:00:07:24 -0400] "GET / HTTP/1.1" 302 3259 "-" "Mozilla/5.0 (Macintosh; Intel Mac OS X 10_8_2) AppleWebKit/536.26.14 (KHTML, like Gecko) Version/6.0.1 Safari/536.26.14"
208.75.22.157 - nickkuo [24/Oct/2012:00:07:25 -0400] "POST /users/266/user_assignment_type_weights/428 HTTP/1.1" 302 1460 "https://www.gradecraft.com/users/266/user_assignment_type_weights/428/edit?assignment_type_id=10" "Mozilla/5.0 (Windows NT 6.1; WOW64) AppleWebKit/537.4 (KHTML, like Gecko) Chrome/22.0.1229.94 Safari/537.4"
208.75.22.157 - nickkuo [24/Oct/2012:00:07:25 -0400] "GET /dashboard HTTP/1.1" 200 5172 "https://www.gradecraft.com/users/266/user_assignment_type_weights/428/edit?assignment_type_id=10" "Mozilla/5.0 (Windows NT 6.1; WOW64) AppleWebKit/537.4 (KHTML, like Gecko) Chrome/22.0.1229.94 Safari/537.4"
208.75.22.157 - nickkuo [24/Oct/2012:00:07:27 -0400] "GET /users/predictor.json?user_id=266 HTTP/1.1" 304 885 "https://www.gradecraft.com/dashboard" "Mozilla/5.0 (Windows NT 6.1; WOW64) AppleWebKit/537.4 (KHTML, like Gecko) Chrome/22.0.1229.94 Safari/537.4"
208.75.22.157 - nickkuo [24/Oct/2012:00:07:27 -0400] "GET /users/predictor.json?in_progress=true&user_id=266 HTTP/1.1" 304 885 "https://www.gradecraft.com/dashboard" "Mozilla/5.0 (Windows NT 6.1; WOW64) AppleWebKit/537.4 (KHTML, like Gecko) Chrome/22.0.1229.94 Safari/537.4"
208.75.22.157 - nickkuo [24/Oct/2012:00:07:43 -0400] "GET /users/266/user_assignment_type_weights/new?assignment_type_id=9 HTTP/1.1" 200 2837 "https://www.gradecraft.com/dashboard" "Mozilla/5.0 (Windows NT 6.1; WOW64) AppleWebKit/537.4 (KHTML, like Gecko) Chrome/22.0.1229.94 Safari/537.4"
208.75.22.157 - nickkuo [24/Oct/2012:00:07:46 -0400] "POST /users/266/user_assignment_type_weights HTTP/1.1" 302 1716 "https://www.gradecraft.com/users/266/user_assignment_type_weights/new?assignment_type_id=9" "Mozilla/5.0 (Windows NT 6.1; WOW64) AppleWebKit/537.4 (KHTML, like Gecko) Chrome/22.0.1229.94 Safari/537.4"
208.75.22.157 - nickkuo [24/Oct/2012:00:07:46 -0400] "GET /users/266/user_assignment_type_weights HTTP/1.1" 302 1652 "https://www.gradecraft.com/users/266/user_assignment_type_weights/new?assignment_type_id=9" "Mozilla/5.0 (Windows NT 6.1; WOW64) AppleWebKit/537.4 (KHTML, like Gecko) Chrome/22.0.1229.94 Safari/537.4"
208.75.22.157 - nickkuo [24/Oct/2012:00:07:46 -0400] "GET /dashboard HTTP/1.1" 200 5172 "https://www.gradecraft.com/users/266/user_assignment_type_weights/new?assignment_type_id=9" "Mozilla/5.0 (Windows NT 6.1; WOW64) AppleWebKit/537.4 (KHTML, like Gecko) Chrome/22.0.1229.94 Safari/537.4"
208.75.22.157 - nickkuo [24/Oct/2012:00:07:47 -0400] "GET /users/predictor.json?user_id=266 HTTP/1.1" 304 1046 "https://www.gradecraft.com/dashboard" "Mozilla/5.0 (Windows NT 6.1; WOW64) AppleWebKit/537.4 (KHTML, like Gecko) Chrome/22.0.1229.94 Safari/537.4"
208.75.22.157 - nickkuo [24/Oct/2012:00:07:47 -0400] "GET /users/predictor.json?in_progress=true&user_id=266 HTTP/1.1" 304 901 "https://www.gradecraft.com/dashboard" "Mozilla/5.0 (Windows NT 6.1; WOW64) AppleWebKit/537.4 (KHTML, like Gecko) Chrome/22.0.1229.94 Safari/537.4"
208.75.22.157 - nickkuo [24/Oct/2012:00:07:55 -0400] "GET /users/266/user_assignment_type_weights/new?assignment_type_id=11 HTTP/1.1" 200 2708 "https://www.gradecraft.com/dashboard" "Mozilla/5.0 (Windows NT 6.1; WOW64) AppleWebKit/537.4 (KHTML, like Gecko) Chrome/22.0.1229.94 Safari/537.4"
208.75.22.157 - nickkuo [24/Oct/2012:00:08:00 -0400] "POST /users/266/user_assignment_type_weights HTTP/1.1" 302 1716 "https://www.gradecraft.com/users/266/user_assignment_type_weights/new?assignment_type_id=11" "Mozilla/5.0 (Windows NT 6.1; WOW64) AppleWebKit/537.4 (KHTML, like Gecko) Chrome/22.0.1229.94 Safari/537.4"
208.75.22.157 - nickkuo [24/Oct/2012:00:08:00 -0400] "GET /users/266/user_assignment_type_weights HTTP/1.1" 302 1652 "https://www.gradecraft.com/users/266/user_assignment_type_weights/new?assignment_type_id=11" "Mozilla/5.0 (Windows NT 6.1; WOW64) AppleWebKit/537.4 (KHTML, like Gecko) Chrome/22.0.1229.94 Safari/537.4"
208.75.22.157 - nickkuo [24/Oct/2012:00:08:00 -0400] "GET /dashboard HTTP/1.1" 200 5156 "https://www.gradecraft.com/users/266/user_assignment_type_weights/new?assignment_type_id=11" "Mozilla/5.0 (Windows NT 6.1; WOW64) AppleWebKit/537.4 (KHTML, like Gecko) Chrome/22.0.1229.94 Safari/537.4"
208.75.22.157 - nickkuo [24/Oct/2012:00:08:02 -0400] "GET /users/predictor.json?user_id=266 HTTP/1.1" 304 885 "https://www.gradecraft.com/dashboard" "Mozilla/5.0 (Windows NT 6.1; WOW64) AppleWebKit/537.4 (KHTML, like Gecko) Chrome/22.0.1229.94 Safari/537.4"
208.75.22.157 - nickkuo [24/Oct/2012:00:08:02 -0400] "GET /users/predictor.json?in_progress=true&user_id=266 HTTP/1.1" 304 885 "https://www.gradecraft.com/dashboard" "Mozilla/5.0 (Windows NT 6.1; WOW64) AppleWebKit/537.4 (KHTML, like Gecko) Chrome/22.0.1229.94 Safari/537.4"
208.75.22.157 - nickkuo [24/Oct/2012:00:09:00 -0400] "GET /dashboard HTTP/1.1" 304 1078 "-" "Mozilla/5.0 (Windows NT 6.1; WOW64) AppleWebKit/537.4 (KHTML, like Gecko) Chrome/22.0.1229.94 Safari/537.4"
208.75.22.157 - nickkuo [24/Oct/2012:00:09:02 -0400] "GET /users/predictor.json?user_id=266 HTTP/1.1" 304 1030 "https://www.gradecraft.com/dashboard" "Mozilla/5.0 (Windows NT 6.1; WOW64) AppleWebKit/537.4 (KHTML, like Gecko) Chrome/22.0.1229.94 Safari/537.4"
208.75.22.157 - nickkuo [24/Oct/2012:00:09:02 -0400] "GET /users/predictor.json?in_progress=true&user_id=266 HTTP/1.1" 304 885 "https://www.gradecraft.com/dashboard" "Mozilla/5.0 (Windows NT 6.1; WOW64) AppleWebKit/537.4 (KHTML, like Gecko) Chrome/22.0.1229.94 Safari/537.4"
67.194.38.141 - - [24/Oct/2012:00:10:49 -0400] "GET / HTTP/1.1" 302 3259 "-" "Mozilla/5.0 (Macintosh; Intel Mac OS X 10_8) AppleWebKit/536.25 (KHTML, like Gecko) Version/6.0 Safari/536.25"
67.194.33.146 - ekozak [24/Oct/2012:00:12:44 -0400] "GET /users/169/user_assignment_type_weights HTTP/1.1" 302 3942 "-" "Mozilla/5.0 (Macintosh; Intel Mac OS X 10_7_5) AppleWebKit/534.57.7 (KHTML, like Gecko) Version/5.1.7 Safari/534.57.7"
67.194.33.146 - ekozak [24/Oct/2012:00:12:45 -0400] "GET /dashboard HTTP/1.1" 200 5156 "-" "Mozilla/5.0 (Macintosh; Intel Mac OS X 10_7_5) AppleWebKit/534.57.7 (KHTML, like Gecko) Version/5.1.7 Safari/534.57.7"
67.194.33.146 - ekozak [24/Oct/2012:00:12:46 -0400] "GET /assets/application-75efbcdd2e483708b1922621823d8e20.css HTTP/1.1" 200 47181 "https://www.gradecraft.com/dashboard" "Mozilla/5.0 (Macintosh; Intel Mac OS X 10_7_5) AppleWebKit/534.57.7 (KHTML, like Gecko) Version/5.1.7 Safari/534.57.7"
67.194.33.146 - ekozak [24/Oct/2012:00:12:46 -0400] "GET /assets/application-8ce02592fd93cf8f056fcba13d4bd5fc.js HTTP/1.1" 200 201938 "https://www.gradecraft.com/dashboard" "Mozilla/5.0 (Macintosh; Intel Mac OS X 10_7_5) AppleWebKit/534.57.7 (KHTML, like Gecko) Version/5.1.7 Safari/534.57.7"
67.194.33.146 - ekozak [24/Oct/2012:00:12:46 -0400] "GET /users/predictor.json?user_id=169 HTTP/1.1" 200 1610 "https://www.gradecraft.com/dashboard" "Mozilla/5.0 (Macintosh; Intel Mac OS X 10_7_5) AppleWebKit/534.57.7 (KHTML, like Gecko) Version/5.1.7 Safari/534.57.7"
67.194.33.146 - ekozak [24/Oct/2012:00:12:46 -0400] "GET /users/predictor.json?in_progress=true&user_id=169 HTTP/1.1" 200 1610 "https://www.gradecraft.com/dashboard" "Mozilla/5.0 (Macintosh; Intel Mac OS X 10_7_5) AppleWebKit/534.57.7 (KHTML, like Gecko) Version/5.1.7 Safari/534.57.7"
67.194.133.74 - - [24/Oct/2012:00:14:25 -0400] "GET / HTTP/1.1" 302 3254 "-" "Mozilla/5.0 (Macintosh; Intel Mac OS X 10_5_8) AppleWebKit/534.50.2 (KHTML, like Gecko) Version/5.0.6 Safari/533.22.3"
67.194.18.16 - - [24/Oct/2012:00:14:28 -0400] "GET /dashboard HTTP/1.1" 302 3259 "-" "Mozilla/5.0 (Macintosh; Intel Mac OS X 10_8) AppleWebKit/536.25 (KHTML, like Gecko) Version/6.0 Safari/536.25"
67.194.18.16 - - [24/Oct/2012:00:14:30 -0400] "GET /cosign/valid?cosign-www.gradecraft.com=YKqg-1jga5ivNNiGy08Dugs8t7mBpNgwvBHcYSiuT71A2Ky0qgD7U8VoOH5+rpW+6QY1RzhKuFPkMJEAG+UoR4LbdTLZNxEE-dZR73hAq+vvO+Vm+KttXHdGzyXW&https://www.gradecraft.com/dashboard HTTP/1.1" 301 900 "-" "Mozilla/5.0 (Macintosh; Intel Mac OS X 10_8) AppleWebKit/536.25 (KHTML, like Gecko) Version/6.0 Safari/536.25"
67.194.18.16 - robimeht [24/Oct/2012:00:14:30 -0400] "GET /dashboard HTTP/1.1" 200 5204 "-" "Mozilla/5.0 (Macintosh; Intel Mac OS X 10_8) AppleWebKit/536.25 (KHTML, like Gecko) Version/6.0 Safari/536.25"
67.194.18.16 - robimeht [24/Oct/2012:00:14:32 -0400] "GET /assets/application-75efbcdd2e483708b1922621823d8e20.css HTTP/1.1" 200 47326 "https://www.gradecraft.com/dashboard" "Mozilla/5.0 (Macintosh; Intel Mac OS X 10_8) AppleWebKit/536.25 (KHTML, like Gecko) Version/6.0 Safari/536.25"
67.194.18.16 - robimeht [24/Oct/2012:00:14:32 -0400] "GET /assets/application-8ce02592fd93cf8f056fcba13d4bd5fc.js HTTP/1.1" 200 201800 "https://www.gradecraft.com/dashboard" "Mozilla/5.0 (Macintosh; Intel Mac OS X 10_8) AppleWebKit/536.25 (KHTML, like Gecko) Version/6.0 Safari/536.25"
67.194.18.16 - robimeht [24/Oct/2012:00:14:36 -0400] "GET /badges/pos101/above_and_beyond.png HTTP/1.1" 200 6379 "https://www.gradecraft.com/dashboard" "Mozilla/5.0 (Macintosh; Intel Mac OS X 10_8) AppleWebKit/536.25 (KHTML, like Gecko) Version/6.0 Safari/536.25"
67.194.18.16 - robimeht [24/Oct/2012:00:14:36 -0400] "GET /badges/pos101/always_learning.png HTTP/1.1" 200 3211 "https://www.gradecraft.com/dashboard" "Mozilla/5.0 (Macintosh; Intel Mac OS X 10_8) AppleWebKit/536.25 (KHTML, like Gecko) Version/6.0 Safari/536.25"
67.194.18.16 - robimeht [24/Oct/2012:00:14:36 -0400] "GET /badges/pos101/presentation_of_self.png HTTP/1.1" 200 5498 "https://www.gradecraft.com/dashboard" "Mozilla/5.0 (Macintosh; Intel Mac OS X 10_8) AppleWebKit/536.25 (KHTML, like Gecko) Version/6.0 Safari/536.25"
67.194.18.16 - robimeht [24/Oct/2012:00:14:36 -0400] "GET /badges/pos101/awesome_aggregator.png HTTP/1.1" 200 5803 "https://www.gradecraft.com/dashboard" "Mozilla/5.0 (Macintosh; Intel Mac OS X 10_8) AppleWebKit/536.25 (KHTML, like Gecko) Version/6.0 Safari/536.25"
67.194.18.16 - robimeht [24/Oct/2012:00:14:36 -0400] "GET /badges/pos101/great_critic.png HTTP/1.1" 200 5451 "https://www.gradecraft.com/dashboard" "Mozilla/5.0 (Macintosh; Intel Mac OS X 10_8) AppleWebKit/536.25 (KHTML, like Gecko) Version/6.0 Safari/536.25"
67.194.18.16 - robimeht [24/Oct/2012:00:14:36 -0400] "GET /badges/pos101/teachers_pet.png HTTP/1.1" 200 3194 "https://www.gradecraft.com/dashboard" "Mozilla/5.0 (Macintosh; Intel Mac OS X 10_8) AppleWebKit/536.25 (KHTML, like Gecko) Version/6.0 Safari/536.25"
67.194.18.16 - robimeht [24/Oct/2012:00:14:36 -0400] "GET /badges/pos101/courageous_failure.png HTTP/1.1" 200 8410 "https://www.gradecraft.com/dashboard" "Mozilla/5.0 (Macintosh; Intel Mac OS X 10_8) AppleWebKit/536.25 (KHTML, like Gecko) Version/6.0 Safari/536.25"
67.194.18.16 - robimeht [24/Oct/2012:00:14:36 -0400] "GET /badges/pos101/concentrator.png HTTP/1.1" 200 3594 "https://www.gradecraft.com/dashboard" "Mozilla/5.0 (Macintosh; Intel Mac OS X 10_8) AppleWebKit/536.25 (KHTML, like Gecko) Version/6.0 Safari/536.25"
67.194.18.16 - robimeht [24/Oct/2012:00:14:36 -0400] "GET /badges/pos101/early_bird_special.png HTTP/1.1" 200 4602 "https://www.gradecraft.com/dashboard" "Mozilla/5.0 (Macintosh; Intel Mac OS X 10_8) AppleWebKit/536.25 (KHTML, like Gecko) Version/6.0 Safari/536.25"
67.194.18.16 - robimeht [24/Oct/2012:00:14:36 -0400] "GET /badges/pos101/examination_expert.png HTTP/1.1" 200 4042 "https://www.gradecraft.com/dashboard" "Mozilla/5.0 (Macintosh; Intel Mac OS X 10_8) AppleWebKit/536.25 (KHTML, like Gecko) Version/6.0 Safari/536.25"
67.194.18.16 - robimeht [24/Oct/2012:00:14:36 -0400] "GET /badges/pos101/gaining_experience.png HTTP/1.1" 200 8458 "https://www.gradecraft.com/dashboard" "Mozilla/5.0 (Macintosh; Intel Mac OS X 10_8) AppleWebKit/536.25 (KHTML, like Gecko) Version/6.0 Safari/536.25"
67.194.18.16 - robimeht [24/Oct/2012:00:14:36 -0400] "GET /badges/pos101/gamer.png HTTP/1.1" 200 4378 "https://www.gradecraft.com/dashboard" "Mozilla/5.0 (Macintosh; Intel Mac OS X 10_8) AppleWebKit/536.25 (KHTML, like Gecko) Version/6.0 Safari/536.25"
67.194.18.16 - robimeht [24/Oct/2012:00:14:36 -0400] "GET /badges/pos101/learning_from_mistakes.png HTTP/1.1" 200 8362 "https://www.gradecraft.com/dashboard" "Mozilla/5.0 (Macintosh; Intel Mac OS X 10_8) AppleWebKit/536.25 (KHTML, like Gecko) Version/6.0 Safari/536.25"
67.194.18.16 - robimeht [24/Oct/2012:00:14:36 -0400] "GET /badges/pos101/personal.png HTTP/1.1" 200 4474 "https://www.gradecraft.com/dashboard" "Mozilla/5.0 (Macintosh; Intel Mac OS X 10_8) AppleWebKit/536.25 (KHTML, like Gecko) Version/6.0 Safari/536.25"
67.194.18.16 - robimeht [24/Oct/2012:00:14:36 -0400] "GET /badges/pos101/level_one.png HTTP/1.1" 200 4458 "https://www.gradecraft.com/dashboard" "Mozilla/5.0 (Macintosh; Intel Mac OS X 10_8) AppleWebKit/536.25 (KHTML, like Gecko) Version/6.0 Safari/536.25"
67.194.18.16 - robimeht [24/Oct/2012:00:14:36 -0400] "GET /badges/pos101/participatory_democrat.png HTTP/1.1" 200 5354 "https://www.gradecraft.com/dashboard" "Mozilla/5.0 (Macintosh; Intel Mac OS X 10_8) AppleWebKit/536.25 (KHTML, like Gecko) Version/6.0 Safari/536.25"
67.194.18.16 - robimeht [24/Oct/2012:00:14:36 -0400] "GET /badges/pos101/public_speaker.png HTTP/1.1" 200 5482 "https://www.gradecraft.com/dashboard" "Mozilla/5.0 (Macintosh; Intel Mac OS X 10_8) AppleWebKit/536.25 (KHTML, like Gecko) Version/6.0 Safari/536.25"
67.194.18.16 - robimeht [24/Oct/2012:00:14:36 -0400] "GET /badges/pos101/scribe.png HTTP/1.1" 200 3002 "https://www.gradecraft.com/dashboard" "Mozilla/5.0 (Macintosh; Intel Mac OS X 10_8) AppleWebKit/536.25 (KHTML, like Gecko) Version/6.0 Safari/536.25"
67.194.18.16 - robimeht [24/Oct/2012:00:14:36 -0400] "GET /badges/pos101/practice_makes_perfect.png HTTP/1.1" 200 6010 "https://www.gradecraft.com/dashboard" "Mozilla/5.0 (Macintosh; Intel Mac OS X 10_8) AppleWebKit/536.25 (KHTML, like Gecko) Version/6.0 Safari/536.25"
67.194.18.16 - robimeht [24/Oct/2012:00:14:36 -0400] "GET /badges/pos101/times_immemorial.png HTTP/1.1" 200 5722 "https://www.gradecraft.com/dashboard" "Mozilla/5.0 (Macintosh; Intel Mac OS X 10_8) AppleWebKit/536.25 (KHTML, like Gecko) Version/6.0 Safari/536.25"
67.194.18.16 - robimeht [24/Oct/2012:00:14:36 -0400] "GET /badges/pos101/phoebe_badge.jpg HTTP/1.1" 200 5994 "https://www.gradecraft.com/dashboard" "Mozilla/5.0 (Macintosh; Intel Mac OS X 10_8) AppleWebKit/536.25 (KHTML, like Gecko) Version/6.0 Safari/536.25"
67.194.18.16 - robimeht [24/Oct/2012:00:14:36 -0400] "GET /favicon.ico HTTP/1.1" 200 4795 "https://www.gradecraft.com/dashboard" "Mozilla/5.0 (Macintosh; Intel Mac OS X 10_8) AppleWebKit/536.25 (KHTML, like Gecko) Version/6.0 Safari/536.25"
67.194.18.16 - robimeht [24/Oct/2012:00:14:36 -0400] "GET /users/predictor.json?user_id=368 HTTP/1.1" 200 1626 "https://www.gradecraft.com/dashboard" "Mozilla/5.0 (Macintosh; Intel Mac OS X 10_8) AppleWebKit/536.25 (KHTML, like Gecko) Version/6.0 Safari/536.25"
67.194.18.16 - robimeht [24/Oct/2012:00:14:36 -0400] "GET /users/predictor.json?in_progress=true&user_id=368 HTTP/1.1" 200 1626 "https://www.gradecraft.com/dashboard" "Mozilla/5.0 (Macintosh; Intel Mac OS X 10_8) AppleWebKit/536.25 (KHTML, like Gecko) Version/6.0 Safari/536.25"
208.75.22.157 - nickkuo [24/Oct/2012:00:16:34 -0400] "GET /dashboard HTTP/1.1" 304 3966 "-" "Mozilla/5.0 (Windows NT 6.1; WOW64) AppleWebKit/537.4 (KHTML, like Gecko) Chrome/22.0.1229.94 Safari/537.4"
208.75.22.157 - nickkuo [24/Oct/2012:00:16:36 -0400] "GET /users/predictor.json?user_id=266 HTTP/1.1" 304 3918 "https://www.gradecraft.com/dashboard" "Mozilla/5.0 (Windows NT 6.1; WOW64) AppleWebKit/537.4 (KHTML, like Gecko) Chrome/22.0.1229.94 Safari/537.4"
208.75.22.157 - nickkuo [24/Oct/2012:00:16:36 -0400] "GET /users/predictor.json?in_progress=true&user_id=266 HTTP/1.1" 304 885 "https://www.gradecraft.com/dashboard" "Mozilla/5.0 (Windows NT 6.1; WOW64) AppleWebKit/537.4 (KHTML, like Gecko) Chrome/22.0.1229.94 Safari/537.4"
208.75.22.157 - nickkuo [24/Oct/2012:00:16:42 -0400] "GET /users/266/user_assignment_type_weights/429/edit?assignment_type_id=8 HTTP/1.1" 200 2724 "https://www.gradecraft.com/dashboard" "Mozilla/5.0 (Windows NT 6.1; WOW64) AppleWebKit/537.4 (KHTML, like Gecko) Chrome/22.0.1229.94 Safari/537.4"
208.75.22.157 - nickkuo [24/Oct/2012:00:16:46 -0400] "POST /users/266/user_assignment_type_weights/429 HTTP/1.1" 302 1460 "https://www.gradecraft.com/users/266/user_assignment_type_weights/429/edit?assignment_type_id=8" "Mozilla/5.0 (Windows NT 6.1; WOW64) AppleWebKit/537.4 (KHTML, like Gecko) Chrome/22.0.1229.94 Safari/537.4"
208.75.22.157 - nickkuo [24/Oct/2012:00:16:46 -0400] "GET /dashboard HTTP/1.1" 200 5156 "https://www.gradecraft.com/users/266/user_assignment_type_weights/429/edit?assignment_type_id=8" "Mozilla/5.0 (Windows NT 6.1; WOW64) AppleWebKit/537.4 (KHTML, like Gecko) Chrome/22.0.1229.94 Safari/537.4"
208.75.22.157 - nickkuo [24/Oct/2012:00:16:47 -0400] "GET /users/predictor.json?user_id=266 HTTP/1.1" 304 885 "https://www.gradecraft.com/dashboard" "Mozilla/5.0 (Windows NT 6.1; WOW64) AppleWebKit/537.4 (KHTML, like Gecko) Chrome/22.0.1229.94 Safari/537.4"
208.75.22.157 - nickkuo [24/Oct/2012:00:16:47 -0400] "GET /users/predictor.json?in_progress=true&user_id=266 HTTP/1.1" 304 901 "https://www.gradecraft.com/dashboard" "Mozilla/5.0 (Windows NT 6.1; WOW64) AppleWebKit/537.4 (KHTML, like Gecko) Chrome/22.0.1229.94 Safari/537.4"
208.75.22.157 - nickkuo [24/Oct/2012:00:16:52 -0400] "GET /users/266/user_assignment_type_weights/429/edit?assignment_type_id=8 HTTP/1.1" 200 2724 "https://www.gradecraft.com/dashboard" "Mozilla/5.0 (Windows NT 6.1; WOW64) AppleWebKit/537.4 (KHTML, like Gecko) Chrome/22.0.1229.94 Safari/537.4"
67.194.37.87 - - [24/Oct/2012:00:16:53 -0400] "GET / HTTP/1.1" 302 3254 "-" "Mozilla/5.0 (Macintosh; Intel Mac OS X 10_7_5) AppleWebKit/536.26.14 (KHTML, like Gecko) Version/6.0.1 Safari/536.26.14"
208.75.22.157 - nickkuo [24/Oct/2012:00:16:54 -0400] "POST /users/266/user_assignment_type_weights/429 HTTP/1.1" 302 1460 "https://www.gradecraft.com/users/266/user_assignment_type_weights/429/edit?assignment_type_id=8" "Mozilla/5.0 (Windows NT 6.1; WOW64) AppleWebKit/537.4 (KHTML, like Gecko) Chrome/22.0.1229.94 Safari/537.4"
