130.91.58.97 - brclark@wharton.upenn.edu [15/Oct/2012:10:43:07 -0400] "GET /dashboard HTTP/1.1" 302 1348 "https://weblogin.umich.edu/?cosign-www.gradecraft.com&https://www.gradecraft.com/dashboard" "Mozilla/5.0 (iPad; CPU OS 5_1_1 like Mac OS X) AppleWebKit/534.46 (KHTML, like Gecko) Version/5.1 Mobile/9B206 Safari/7534.48.3"
130.91.58.97 - brclark@wharton.upenn.edu [15/Oct/2012:10:43:07 -0400] "GET /dashboard HTTP/1.1" 200 4132 "https://weblogin.umich.edu/?cosign-www.gradecraft.com&https://www.gradecraft.com/dashboard" "Mozilla/5.0 (iPad; CPU OS 5_1_1 like Mac OS X) AppleWebKit/534.46 (KHTML, like Gecko) Version/5.1 Mobile/9B206 Safari/7534.48.3"
130.91.58.97 - brclark@wharton.upenn.edu [15/Oct/2012:10:43:08 -0400] "GET /assets/application-ecd494f92b13eff6c1f1042a0c2c0300.css HTTP/1.1" 200 46973 "https://www.gradecraft.com/dashboard" "Mozilla/5.0 (iPad; CPU OS 5_1_1 like Mac OS X) AppleWebKit/534.46 (KHTML, like Gecko) Version/5.1 Mobile/9B206 Safari/7534.48.3"
130.91.58.97 - brclark@wharton.upenn.edu [15/Oct/2012:10:43:08 -0400] "GET /assets/stylesheets/superhero.min.css HTTP/1.1" 404 1205 "https://www.gradecraft.com/dashboard" "Mozilla/5.0 (iPad; CPU OS 5_1_1 like Mac OS X) AppleWebKit/534.46 (KHTML, like Gecko) Version/5.1 Mobile/9B206 Safari/7534.48.3"
130.91.58.97 - brclark@wharton.upenn.edu [15/Oct/2012:10:43:08 -0400] "GET /assets/application-1c8a7386185fa79b964fbb3a368c2523.js HTTP/1.1" 200 204040 "https://www.gradecraft.com/dashboard" "Mozilla/5.0 (iPad; CPU OS 5_1_1 like Mac OS X) AppleWebKit/534.46 (KHTML, like Gecko) Version/5.1 Mobile/9B206 Safari/7534.48.3"
130.91.58.97 - brclark@wharton.upenn.edu [15/Oct/2012:10:43:09 -0400] "GET /badges/wharton/image01.png HTTP/1.1" 200 6842 "https://www.gradecraft.com/dashboard" "Mozilla/5.0 (iPad; CPU OS 5_1_1 like Mac OS X) AppleWebKit/534.46 (KHTML, like Gecko) Version/5.1 Mobile/9B206 Safari/7534.48.3"
130.91.58.97 - brclark@wharton.upenn.edu [15/Oct/2012:10:43:09 -0400] "GET /badges/wharton/image02.png HTTP/1.1" 200 9754 "https://www.gradecraft.com/dashboard" "Mozilla/5.0 (iPad; CPU OS 5_1_1 like Mac OS X) AppleWebKit/534.46 (KHTML, like Gecko) Version/5.1 Mobile/9B206 Safari/7534.48.3"
130.91.58.97 - brclark@wharton.upenn.edu [15/Oct/2012:10:43:09 -0400] "GET /badges/wharton/image07.png HTTP/1.1" 200 7946 "https://www.gradecraft.com/dashboard" "Mozilla/5.0 (iPad; CPU OS 5_1_1 like Mac OS X) AppleWebKit/534.46 (KHTML, like Gecko) Version/5.1 Mobile/9B206 Safari/7534.48.3"
130.91.58.97 - brclark@wharton.upenn.edu [15/Oct/2012:10:43:09 -0400] "GET /badges/wharton/image08.png HTTP/1.1" 200 11146 "https://www.gradecraft.com/dashboard" "Mozilla/5.0 (iPad; CPU OS 5_1_1 like Mac OS X) AppleWebKit/534.46 (KHTML, like Gecko) Version/5.1 Mobile/9B206 Safari/7534.48.3"
130.91.58.97 - brclark@wharton.upenn.edu [15/Oct/2012:10:43:09 -0400] "GET /badges/wharton/image09.png HTTP/1.1" 200 11818 "https://www.gradecraft.com/dashboard" "Mozilla/5.0 (iPad; CPU OS 5_1_1 like Mac OS X) AppleWebKit/534.46 (KHTML, like Gecko) Version/5.1 Mobile/9B206 Safari/7534.48.3"
130.91.58.97 - brclark@wharton.upenn.edu [15/Oct/2012:10:43:09 -0400] "GET /badges/wharton/image06.png HTTP/1.1" 200 8187 "https://www.gradecraft.com/dashboard" "Mozilla/5.0 (iPad; CPU OS 5_1_1 like Mac OS X) AppleWebKit/534.46 (KHTML, like Gecko) Version/5.1 Mobile/9B206 Safari/7534.48.3"
130.91.58.97 - brclark@wharton.upenn.edu [15/Oct/2012:10:43:09 -0400] "GET /badges/wharton/Game-Master-Badge.png HTTP/1.1" 200 11946 "https://www.gradecraft.com/dashboard" "Mozilla/5.0 (iPad; CPU OS 5_1_1 like Mac OS X) AppleWebKit/534.46 (KHTML, like Gecko) Version/5.1 Mobile/9B206 Safari/7534.48.3"
130.91.58.97 - brclark@wharton.upenn.edu [15/Oct/2012:10:43:09 -0400] "GET /badges/wharton/image00.png HTTP/1.1" 200 8362 "https://www.gradecraft.com/dashboard" "Mozilla/5.0 (iPad; CPU OS 5_1_1 like Mac OS X) AppleWebKit/534.46 (KHTML, like Gecko) Version/5.1 Mobile/9B206 Safari/7534.48.3"
130.91.58.97 - brclark@wharton.upenn.edu [15/Oct/2012:10:43:09 -0400] "GET /badges/wharton/Globe-Trotter-Badge.png HTTP/1.1" 200 10490 "https://www.gradecraft.com/dashboard" "Mozilla/5.0 (iPad; CPU OS 5_1_1 like Mac OS X) AppleWebKit/534.46 (KHTML, like Gecko) Version/5.1 Mobile/9B206 Safari/7534.48.3"
130.91.58.97 - brclark@wharton.upenn.edu [15/Oct/2012:10:43:09 -0400] "GET /badges/wharton/Corporate-Lackey-Badge.png HTTP/1.1" 200 9914 "https://www.gradecraft.com/dashboard" "Mozilla/5.0 (iPad; CPU OS 5_1_1 like Mac OS X) AppleWebKit/534.46 (KHTML, like Gecko) Version/5.1 Mobile/9B206 Safari/7534.48.3"
130.91.58.97 - brclark@wharton.upenn.edu [15/Oct/2012:10:43:09 -0400] "GET /badges/wharton/image03.png HTTP/1.1" 200 10843 "https://www.gradecraft.com/dashboard" "Mozilla/5.0 (iPad; CPU OS 5_1_1 like Mac OS X) AppleWebKit/534.46 (KHTML, like Gecko) Version/5.1 Mobile/9B206 Safari/7534.48.3"
130.91.58.97 - brclark@wharton.upenn.edu [15/Oct/2012:10:43:09 -0400] "GET /badges/wharton/image05.png HTTP/1.1" 200 8011 "https://www.gradecraft.com/dashboard" "Mozilla/5.0 (iPad; CPU OS 5_1_1 like Mac OS X) AppleWebKit/534.46 (KHTML, like Gecko) Version/5.1 Mobile/9B206 Safari/7534.48.3"
130.91.58.97 - brclark@wharton.upenn.edu [15/Oct/2012:10:43:09 -0400] "GET /badges/wharton/image04.png HTTP/1.1" 200 7835 "https://www.gradecraft.com/dashboard" "Mozilla/5.0 (iPad; CPU OS 5_1_1 like Mac OS X) AppleWebKit/534.46 (KHTML, like Gecko) Version/5.1 Mobile/9B206 Safari/7534.48.3"
130.91.58.97 - brclark@wharton.upenn.edu [15/Oct/2012:10:43:10 -0400] "GET /users/predictor.json?user_id=49 HTTP/1.1" 200 1626 "https://www.gradecraft.com/dashboard" "Mozilla/5.0 (iPad; CPU OS 5_1_1 like Mac OS X) AppleWebKit/534.46 (KHTML, like Gecko) Version/5.1 Mobile/9B206 Safari/7534.48.3"
130.91.58.97 - brclark@wharton.upenn.edu [15/Oct/2012:10:43:10 -0400] "GET /users/predictor.json?in_progress=true&user_id=49 HTTP/1.1" 200 1626 "https://www.gradecraft.com/dashboard" "Mozilla/5.0 (iPad; CPU OS 5_1_1 like Mac OS X) AppleWebKit/534.46 (KHTML, like Gecko) Version/5.1 Mobile/9B206 Safari/7534.48.3"
165.123.87.206 - - [15/Oct/2012:10:43:16 -0400] "GET /dashboard HTTP/1.1" 302 3789 "https://wharton.instructure.com/courses/755358" "Mozilla/5.0 (Windows NT 6.1; WOW64) AppleWebKit/537.4 (KHTML, like Gecko) Chrome/22.0.1229.94 Safari/537.4"
130.91.56.38 - - [15/Oct/2012:10:43:17 -0400] "GET /cosign/valid?cosign-www.gradecraft.com=6j0nXly4yclJnyQPGnHG-GsjFoTx98odDLfAzPWC63RDVmpwBZcbQa0qf1PnfrPDhbYvq-lAddEE4sG3HkQ5ZBiuPQHOjuo4O2YwhxXPG+Hp+iKMFElqsWrK4IIU&https://www.gradecraft.com/dashboard HTTP/1.1" 301 1045 "https://weblogin.umich.edu/?cosign-www.gradecraft.com&https://www.gradecraft.com/dashboard" "Mozilla/5.0 (Macintosh; Intel Mac OS X 10_5_8) AppleWebKit/537.1 (KHTML, like Gecko) Chrome/21.0.1180.90 Safari/537.1"
130.91.56.38 - briannam@wharton.upenn.edu [15/Oct/2012:10:43:18 -0400] "GET /dashboard HTTP/1.1" 200 4116 "https://weblogin.umich.edu/?cosign-www.gradecraft.com&https://www.gradecraft.com/dashboard" "Mozilla/5.0 (Macintosh; Intel Mac OS X 10_5_8) AppleWebKit/537.1 (KHTML, like Gecko) Chrome/21.0.1180.90 Safari/537.1"
130.91.56.38 - briannam@wharton.upenn.edu [15/Oct/2012:10:43:19 -0400] "GET /assets/stylesheets/superhero.min.css HTTP/1.1" 404 1044 "https://www.gradecraft.com/dashboard" "Mozilla/5.0 (Macintosh; Intel Mac OS X 10_5_8) AppleWebKit/537.1 (KHTML, like Gecko) Chrome/21.0.1180.90 Safari/537.1"
130.91.56.38 - briannam@wharton.upenn.edu [15/Oct/2012:10:43:20 -0400] "GET /users/predictor.json?in_progress=true&user_id=12 HTTP/1.1" 304 885 "https://www.gradecraft.com/dashboard" "Mozilla/5.0 (Macintosh; Intel Mac OS X 10_5_8) AppleWebKit/537.1 (KHTML, like Gecko) Chrome/21.0.1180.90 Safari/537.1"
130.91.56.38 - briannam@wharton.upenn.edu [15/Oct/2012:10:43:21 -0400] "GET /users/predictor.json?user_id=12 HTTP/1.1" 304 1030 "https://www.gradecraft.com/dashboard" "Mozilla/5.0 (Macintosh; Intel Mac OS X 10_5_8) AppleWebKit/537.1 (KHTML, like Gecko) Chrome/21.0.1180.90 Safari/537.1"
130.91.58.82 - - [15/Oct/2012:10:43:24 -0400] "GET /dashboard HTTP/1.1" 302 3984 "-" "Mozilla/5.0 (Windows NT 6.1; WOW64) AppleWebKit/537.4 (KHTML, like Gecko) Chrome/22.0.1229.94 Safari/537.4"
130.91.56.241 - - [15/Oct/2012:10:43:24 -0400] "GET /cosign/valid?cosign-www.gradecraft.com=GuRu6TDfuU-HSMSQUs4lDQW9yAn3+IECKunpmexRQyRT4tIBNjzLYbYwneVwRCI84KtZ6BVAdcTBcW9f2csYDih0fdg7VT6-PByOZeb-ofZKXLadp3xO1dyNKizE&https://www.gradecraft.com/dashboard HTTP/1.1" 301 1045 "https://weblogin.umich.edu/?cosign-www.gradecraft.com&https://www.gradecraft.com/dashboard" "Mozilla/5.0 (Linux; Android 4.1.1; Nexus 7 Build/JRO03D) AppleWebKit/535.19 (KHTML, like Gecko) Chrome/18.0.1025.166  Safari/535.19"
130.91.56.241 - pbau@wharton.upenn.edu [15/Oct/2012:10:43:24 -0400] "GET /dashboard HTTP/1.1" 302 1348 "https://weblogin.umich.edu/?cosign-www.gradecraft.com&https://www.gradecraft.com/dashboard" "Mozilla/5.0 (Linux; Android 4.1.1; Nexus 7 Build/JRO03D) AppleWebKit/535.19 (KHTML, like Gecko) Chrome/18.0.1025.166  Safari/535.19"
130.91.56.241 - pbau@wharton.upenn.edu [15/Oct/2012:10:43:24 -0400] "GET /dashboard HTTP/1.1" 200 4132 "https://weblogin.umich.edu/?cosign-www.gradecraft.com&https://www.gradecraft.com/dashboard" "Mozilla/5.0 (Linux; Android 4.1.1; Nexus 7 Build/JRO03D) AppleWebKit/535.19 (KHTML, like Gecko) Chrome/18.0.1025.166  Safari/535.19"
130.91.56.241 - pbau@wharton.upenn.edu [15/Oct/2012:10:43:25 -0400] "GET /assets/application-ecd494f92b13eff6c1f1042a0c2c0300.css HTTP/1.1" 200 46973 "https://www.gradecraft.com/dashboard" "Mozilla/5.0 (Linux; Android 4.1.1; Nexus 7 Build/JRO03D) AppleWebKit/535.19 (KHTML, like Gecko) Chrome/18.0.1025.166  Safari/535.19"
130.91.56.241 - pbau@wharton.upenn.edu [15/Oct/2012:10:43:25 -0400] "GET /assets/stylesheets/superhero.min.css HTTP/1.1" 404 1205 "https://www.gradecraft.com/dashboard" "Mozilla/5.0 (Linux; Android 4.1.1; Nexus 7 Build/JRO03D) AppleWebKit/535.19 (KHTML, like Gecko) Chrome/18.0.1025.166  Safari/535.19"
130.91.56.241 - pbau@wharton.upenn.edu [15/Oct/2012:10:43:25 -0400] "GET /assets/application-1c8a7386185fa79b964fbb3a368c2523.js HTTP/1.1" 200 204185 "https://www.gradecraft.com/dashboard" "Mozilla/5.0 (Linux; Android 4.1.1; Nexus 7 Build/JRO03D) AppleWebKit/535.19 (KHTML, like Gecko) Chrome/18.0.1025.166  Safari/535.19"
130.91.56.241 - pbau@wharton.upenn.edu [15/Oct/2012:10:43:27 -0400] "GET /badges/wharton/image01.png HTTP/1.1" 200 6842 "https://www.gradecraft.com/dashboard" "Mozilla/5.0 (Linux; Android 4.1.1; Nexus 7 Build/JRO03D) AppleWebKit/535.19 (KHTML, like Gecko) Chrome/18.0.1025.166  Safari/535.19"
130.91.56.241 - pbau@wharton.upenn.edu [15/Oct/2012:10:43:27 -0400] "GET /users/predictor.json?user_id=44 HTTP/1.1" 200 1626 "https://www.gradecraft.com/dashboard" "Mozilla/5.0 (Linux; Android 4.1.1; Nexus 7 Build/JRO03D) AppleWebKit/535.19 (KHTML, like Gecko) Chrome/18.0.1025.166  Safari/535.19"
130.91.56.241 - pbau@wharton.upenn.edu [15/Oct/2012:10:43:27 -0400] "GET /badges/wharton/image02.png HTTP/1.1" 200 9754 "https://www.gradecraft.com/dashboard" "Mozilla/5.0 (Linux; Android 4.1.1; Nexus 7 Build/JRO03D) AppleWebKit/535.19 (KHTML, like Gecko) Chrome/18.0.1025.166  Safari/535.19"
130.91.56.241 - pbau@wharton.upenn.edu [15/Oct/2012:10:43:27 -0400] "GET /users/predictor.json?in_progress=true&user_id=44 HTTP/1.1" 200 1642 "https://www.gradecraft.com/dashboard" "Mozilla/5.0 (Linux; Android 4.1.1; Nexus 7 Build/JRO03D) AppleWebKit/535.19 (KHTML, like Gecko) Chrome/18.0.1025.166  Safari/535.19"
130.91.56.241 - pbau@wharton.upenn.edu [15/Oct/2012:10:43:27 -0400] "GET /badges/wharton/image03.png HTTP/1.1" 200 10843 "https://www.gradecraft.com/dashboard" "Mozilla/5.0 (Linux; Android 4.1.1; Nexus 7 Build/JRO03D) AppleWebKit/535.19 (KHTML, like Gecko) Chrome/18.0.1025.166  Safari/535.19"
130.91.56.241 - pbau@wharton.upenn.edu [15/Oct/2012:10:43:27 -0400] "GET /badges/wharton/image04.png HTTP/1.1" 200 7835 "https://www.gradecraft.com/dashboard" "Mozilla/5.0 (Linux; Android 4.1.1; Nexus 7 Build/JRO03D) AppleWebKit/535.19 (KHTML, like Gecko) Chrome/18.0.1025.166  Safari/535.19"
130.91.56.241 - pbau@wharton.upenn.edu [15/Oct/2012:10:43:27 -0400] "GET /badges/wharton/image06.png HTTP/1.1" 200 8042 "https://www.gradecraft.com/dashboard" "Mozilla/5.0 (Linux; Android 4.1.1; Nexus 7 Build/JRO03D) AppleWebKit/535.19 (KHTML, like Gecko) Chrome/18.0.1025.166  Safari/535.19"
130.91.56.241 - pbau@wharton.upenn.edu [15/Oct/2012:10:43:27 -0400] "GET /badges/wharton/image05.png HTTP/1.1" 200 8011 "https://www.gradecraft.com/dashboard" "Mozilla/5.0 (Linux; Android 4.1.1; Nexus 7 Build/JRO03D) AppleWebKit/535.19 (KHTML, like Gecko) Chrome/18.0.1025.166  Safari/535.19"
130.91.56.241 - pbau@wharton.upenn.edu [15/Oct/2012:10:43:27 -0400] "GET /badges/wharton/image07.png HTTP/1.1" 200 7946 "https://www.gradecraft.com/dashboard" "Mozilla/5.0 (Linux; Android 4.1.1; Nexus 7 Build/JRO03D) AppleWebKit/535.19 (KHTML, like Gecko) Chrome/18.0.1025.166  Safari/535.19"
130.91.56.241 - pbau@wharton.upenn.edu [15/Oct/2012:10:43:27 -0400] "GET /badges/wharton/image08.png HTTP/1.1" 200 11146 "https://www.gradecraft.com/dashboard" "Mozilla/5.0 (Linux; Android 4.1.1; Nexus 7 Build/JRO03D) AppleWebKit/535.19 (KHTML, like Gecko) Chrome/18.0.1025.166  Safari/535.19"
130.91.56.241 - pbau@wharton.upenn.edu [15/Oct/2012:10:43:27 -0400] "GET /badges/wharton/image09.png HTTP/1.1" 200 11818 "https://www.gradecraft.com/dashboard" "Mozilla/5.0 (Linux; Android 4.1.1; Nexus 7 Build/JRO03D) AppleWebKit/535.19 (KHTML, like Gecko) Chrome/18.0.1025.166  Safari/535.19"
130.91.56.241 - pbau@wharton.upenn.edu [15/Oct/2012:10:43:27 -0400] "GET /badges/wharton/image00.png HTTP/1.1" 200 8362 "https://www.gradecraft.com/dashboard" "Mozilla/5.0 (Linux; Android 4.1.1; Nexus 7 Build/JRO03D) AppleWebKit/535.19 (KHTML, like Gecko) Chrome/18.0.1025.166  Safari/535.19"
130.91.56.241 - pbau@wharton.upenn.edu [15/Oct/2012:10:43:27 -0400] "GET /badges/wharton/Game-Master-Badge.png HTTP/1.1" 200 11946 "https://www.gradecraft.com/dashboard" "Mozilla/5.0 (Linux; Android 4.1.1; Nexus 7 Build/JRO03D) AppleWebKit/535.19 (KHTML, like Gecko) Chrome/18.0.1025.166  Safari/535.19"
130.91.56.241 - pbau@wharton.upenn.edu [15/Oct/2012:10:43:27 -0400] "GET /badges/wharton/Corporate-Lackey-Badge.png HTTP/1.1" 200 9914 "https://www.gradecraft.com/dashboard" "Mozilla/5.0 (Linux; Android 4.1.1; Nexus 7 Build/JRO03D) AppleWebKit/535.19 (KHTML, like Gecko) Chrome/18.0.1025.166  Safari/535.19"
130.91.56.241 - pbau@wharton.upenn.edu [15/Oct/2012:10:43:27 -0400] "GET /badges/wharton/Globe-Trotter-Badge.png HTTP/1.1" 200 10490 "https://www.gradecraft.com/dashboard" "Mozilla/5.0 (Linux; Android 4.1.1; Nexus 7 Build/JRO03D) AppleWebKit/535.19 (KHTML, like Gecko) Chrome/18.0.1025.166  Safari/535.19"
130.91.58.97 - brclark@wharton.upenn.edu [15/Oct/2012:10:43:27 -0400] "GET /assignments/11/grades/self_log?gradeable_id=49&gradeable_type=User HTTP/1.1" 200 2885 "https://www.gradecraft.com/dashboard" "Mozilla/5.0 (iPad; CPU OS 5_1_1 like Mac OS X) AppleWebKit/534.46 (KHTML, like Gecko) Version/5.1 Mobile/9B206 Safari/7534.48.3"
130.91.56.241 - pbau@wharton.upenn.edu [15/Oct/2012:10:43:28 -0400] "GET /favicon.ico HTTP/1.1" 200 4650 "-" "Mozilla/5.0 (Linux; Android 4.1.1; Nexus 7 Build/JRO03D) AppleWebKit/535.19 (KHTML, like Gecko) Chrome/18.0.1025.166  Safari/535.19"
130.91.56.241 - pbau@wharton.upenn.edu [15/Oct/2012:10:43:28 -0400] "GET /apple-touch-icon-precomposed.png HTTP/1.1" 404 1044 "-" "Mozilla/5.0 (Linux; Android 4.1.1; Nexus 7 Build/JRO03D) AppleWebKit/535.19 (KHTML, like Gecko) Chrome/18.0.1025.166  Safari/535.19"
130.91.56.241 - pbau@wharton.upenn.edu [15/Oct/2012:10:43:28 -0400] "GET /apple-touch-icon.png HTTP/1.1" 404 1044 "-" "Mozilla/5.0 (Linux; Android 4.1.1; Nexus 7 Build/JRO03D) AppleWebKit/535.19 (KHTML, like Gecko) Chrome/18.0.1025.166  Safari/535.19"
130.91.58.97 - brclark@wharton.upenn.edu [15/Oct/2012:10:43:29 -0400] "GET /assets/stylesheets/superhero.min.css HTTP/1.1" 404 1044 "https://www.gradecraft.com/assignments/11/grades/self_log?gradeable_id=49&gradeable_type=User" "Mozilla/5.0 (iPad; CPU OS 5_1_1 like Mac OS X) AppleWebKit/534.46 (KHTML, like Gecko) Version/5.1 Mobile/9B206 Safari/7534.48.3"
165.123.87.245 - - [15/Oct/2012:10:43:33 -0400] "GET /cosign/valid?cosign-www.gradecraft.com=FmRxsjr5iZvU7m+BlY-6QyOMXfCHhlWsfuY6WdBP30i6O3oXUx5jM6mHFjIIXOe1JdCo6MglCGat-03tNz4FSiCqWzA--o-h4Z2T9dZ6q5aar3aHGtBIeNUrxUKL&https://www.gradecraft.com/ HTTP/1.1" 301 3371 "https://weblogin.umich.edu/?cosign-www.gradecraft.com&https://www.gradecraft.com/" "Mozilla/5.0 (iPad; CPU OS 5_1_1 like Mac OS X) AppleWebKit/534.46 (KHTML, like Gecko) Version/5.1 Mobile/9B206 Safari/7534.48.3"
130.91.58.97 - brclark@wharton.upenn.edu [15/Oct/2012:10:43:33 -0400] "POST /assignments/11/grades/self_log_create HTTP/1.1" 302 1652 "https://www.gradecraft.com/assignments/11/grades/self_log?gradeable_id=49&gradeable_type=User" "Mozilla/5.0 (iPad; CPU OS 5_1_1 like Mac OS X) AppleWebKit/534.46 (KHTML, like Gecko) Version/5.1 Mobile/9B206 Safari/7534.48.3"
165.123.87.245 - hweiss@wharton.upenn.edu [15/Oct/2012:10:43:33 -0400] "GET / HTTP/1.1" 302 1348 "https://weblogin.umich.edu/?cosign-www.gradecraft.com&https://www.gradecraft.com/" "Mozilla/5.0 (iPad; CPU OS 5_1_1 like Mac OS X) AppleWebKit/534.46 (KHTML, like Gecko) Version/5.1 Mobile/9B206 Safari/7534.48.3"
130.91.58.97 - brclark@wharton.upenn.edu [15/Oct/2012:10:43:33 -0400] "GET /dashboard HTTP/1.1" 200 4356 "https://www.gradecraft.com/assignments/11/grades/self_log?gradeable_id=49&gradeable_type=User" "Mozilla/5.0 (iPad; CPU OS 5_1_1 like Mac OS X) AppleWebKit/534.46 (KHTML, like Gecko) Version/5.1 Mobile/9B206 Safari/7534.48.3"
165.123.87.245 - hweiss@wharton.upenn.edu [15/Oct/2012:10:43:33 -0400] "GET /dashboard HTTP/1.1" 200 4100 "https://weblogin.umich.edu/?cosign-www.gradecraft.com&https://www.gradecraft.com/" "Mozilla/5.0 (iPad; CPU OS 5_1_1 like Mac OS X) AppleWebKit/534.46 (KHTML, like Gecko) Version/5.1 Mobile/9B206 Safari/7534.48.3"
165.123.87.245 - hweiss@wharton.upenn.edu [15/Oct/2012:10:43:34 -0400] "GET /assets/application-ecd494f92b13eff6c1f1042a0c2c0300.css HTTP/1.1" 200 46973 "https://www.gradecraft.com/dashboard" "Mozilla/5.0 (iPad; CPU OS 5_1_1 like Mac OS X) AppleWebKit/534.46 (KHTML, like Gecko) Version/5.1 Mobile/9B206 Safari/7534.48.3"
165.123.87.245 - hweiss@wharton.upenn.edu [15/Oct/2012:10:43:34 -0400] "GET /assets/stylesheets/superhero.min.css HTTP/1.1" 404 1205 "https://www.gradecraft.com/dashboard" "Mozilla/5.0 (iPad; CPU OS 5_1_1 like Mac OS X) AppleWebKit/534.46 (KHTML, like Gecko) Version/5.1 Mobile/9B206 Safari/7534.48.3"
165.123.87.206 - - [15/Oct/2012:10:43:34 -0400] "GET /cosign/valid?cosign-www.gradecraft.com=5eM6-pmVYyYma0Qta6Cu2UmtAr+BjMrZerK-Grn2onBqRkRMzG77iVz0Q17g-5ADw5cvJUGsVXI7o-RUSB4KiYFA3NNCO64NWtcKIhZUw1LLx5UL-YQK5QmltkF8&https://www.gradecraft.com/dashboard HTTP/1.1" 301 4128 "https://weblogin.umich.edu/?cosign-www.gradecraft.com&https://www.gradecraft.com/dashboard" "Mozilla/5.0 (Windows NT 6.1; WOW64) AppleWebKit/537.4 (KHTML, like Gecko) Chrome/22.0.1229.94 Safari/537.4"
165.123.87.245 - hweiss@wharton.upenn.edu [15/Oct/2012:10:43:34 -0400] "GET /assets/application-1c8a7386185fa79b964fbb3a368c2523.js HTTP/1.1" 200 204040 "https://www.gradecraft.com/dashboard" "Mozilla/5.0 (iPad; CPU OS 5_1_1 like Mac OS X) AppleWebKit/534.46 (KHTML, like Gecko) Version/5.1 Mobile/9B206 Safari/7534.48.3"
165.123.87.245 - hweiss@wharton.upenn.edu [15/Oct/2012:10:43:34 -0400] "GET /badges/wharton/image01.png HTTP/1.1" 200 6842 "https://www.gradecraft.com/dashboard" "Mozilla/5.0 (iPad; CPU OS 5_1_1 like Mac OS X) AppleWebKit/534.46 (KHTML, like Gecko) Version/5.1 Mobile/9B206 Safari/7534.48.3"
165.123.87.245 - hweiss@wharton.upenn.edu [15/Oct/2012:10:43:34 -0400] "GET /badges/wharton/image02.png HTTP/1.1" 200 9754 "https://www.gradecraft.com/dashboard" "Mozilla/5.0 (iPad; CPU OS 5_1_1 like Mac OS X) AppleWebKit/534.46 (KHTML, like Gecko) Version/5.1 Mobile/9B206 Safari/7534.48.3"
165.123.87.245 - hweiss@wharton.upenn.edu [15/Oct/2012:10:43:34 -0400] "GET /badges/wharton/image07.png HTTP/1.1" 200 7946 "https://www.gradecraft.com/dashboard" "Mozilla/5.0 (iPad; CPU OS 5_1_1 like Mac OS X) AppleWebKit/534.46 (KHTML, like Gecko) Version/5.1 Mobile/9B206 Safari/7534.48.3"
165.123.87.245 - hweiss@wharton.upenn.edu [15/Oct/2012:10:43:34 -0400] "GET /badges/wharton/image08.png HTTP/1.1" 200 11146 "https://www.gradecraft.com/dashboard" "Mozilla/5.0 (iPad; CPU OS 5_1_1 like Mac OS X) AppleWebKit/534.46 (KHTML, like Gecko) Version/5.1 Mobile/9B206 Safari/7534.48.3"
165.123.87.245 - hweiss@wharton.upenn.edu [15/Oct/2012:10:43:34 -0400] "GET /badges/wharton/image09.png HTTP/1.1" 200 11818 "https://www.gradecraft.com/dashboard" "Mozilla/5.0 (iPad; CPU OS 5_1_1 like Mac OS X) AppleWebKit/534.46 (KHTML, like Gecko) Version/5.1 Mobile/9B206 Safari/7534.48.3"
165.123.87.245 - hweiss@wharton.upenn.edu [15/Oct/2012:10:43:34 -0400] "GET /badges/wharton/image00.png HTTP/1.1" 200 8362 "https://www.gradecraft.com/dashboard" "Mozilla/5.0 (iPad; CPU OS 5_1_1 like Mac OS X) AppleWebKit/534.46 (KHTML, like Gecko) Version/5.1 Mobile/9B206 Safari/7534.48.3"
165.123.87.245 - hweiss@wharton.upenn.edu [15/Oct/2012:10:43:34 -0400] "GET /badges/wharton/Game-Master-Badge.png HTTP/1.1" 200 11946 "https://www.gradecraft.com/dashboard" "Mozilla/5.0 (iPad; CPU OS 5_1_1 like Mac OS X) AppleWebKit/534.46 (KHTML, like Gecko) Version/5.1 Mobile/9B206 Safari/7534.48.3"
165.123.87.245 - hweiss@wharton.upenn.edu [15/Oct/2012:10:43:34 -0400] "GET /badges/wharton/Globe-Trotter-Badge.png HTTP/1.1" 200 10490 "https://www.gradecraft.com/dashboard" "Mozilla/5.0 (iPad; CPU OS 5_1_1 like Mac OS X) AppleWebKit/534.46 (KHTML, like Gecko) Version/5.1 Mobile/9B206 Safari/7534.48.3"
165.123.87.245 - hweiss@wharton.upenn.edu [15/Oct/2012:10:43:34 -0400] "GET /badges/wharton/image06.png HTTP/1.1" 200 8187 "https://www.gradecraft.com/dashboard" "Mozilla/5.0 (iPad; CPU OS 5_1_1 like Mac OS X) AppleWebKit/534.46 (KHTML, like Gecko) Version/5.1 Mobile/9B206 Safari/7534.48.3"
165.123.87.245 - hweiss@wharton.upenn.edu [15/Oct/2012:10:43:34 -0400] "GET /badges/wharton/Corporate-Lackey-Badge.png HTTP/1.1" 200 9914 "https://www.gradecraft.com/dashboard" "Mozilla/5.0 (iPad; CPU OS 5_1_1 like Mac OS X) AppleWebKit/534.46 (KHTML, like Gecko) Version/5.1 Mobile/9B206 Safari/7534.48.3"
165.123.87.245 - hweiss@wharton.upenn.edu [15/Oct/2012:10:43:34 -0400] "GET /badges/wharton/image04.png HTTP/1.1" 200 7835 "https://www.gradecraft.com/dashboard" "Mozilla/5.0 (iPad; CPU OS 5_1_1 like Mac OS X) AppleWebKit/534.46 (KHTML, like Gecko) Version/5.1 Mobile/9B206 Safari/7534.48.3"
165.123.87.245 - hweiss@wharton.upenn.edu [15/Oct/2012:10:43:34 -0400] "GET /badges/wharton/image03.png HTTP/1.1" 200 10843 "https://www.gradecraft.com/dashboard" "Mozilla/5.0 (iPad; CPU OS 5_1_1 like Mac OS X) AppleWebKit/534.46 (KHTML, like Gecko) Version/5.1 Mobile/9B206 Safari/7534.48.3"
165.123.87.206 - kmate@wharton.upenn.edu [15/Oct/2012:10:43:34 -0400] "GET /dashboard HTTP/1.1" 200 4132 "https://weblogin.umich.edu/?cosign-www.gradecraft.com&https://www.gradecraft.com/dashboard" "Mozilla/5.0 (Windows NT 6.1; WOW64) AppleWebKit/537.4 (KHTML, like Gecko) Chrome/22.0.1229.94 Safari/537.4"
165.123.87.245 - hweiss@wharton.upenn.edu [15/Oct/2012:10:43:34 -0400] "GET /badges/wharton/image05.png HTTP/1.1" 200 8011 "https://www.gradecraft.com/dashboard" "Mozilla/5.0 (iPad; CPU OS 5_1_1 like Mac OS X) AppleWebKit/534.46 (KHTML, like Gecko) Version/5.1 Mobile/9B206 Safari/7534.48.3"
130.91.58.97 - brclark@wharton.upenn.edu [15/Oct/2012:10:43:34 -0400] "GET /assets/stylesheets/superhero.min.css HTTP/1.1" 404 1044 "https://www.gradecraft.com/dashboard" "Mozilla/5.0 (iPad; CPU OS 5_1_1 like Mac OS X) AppleWebKit/534.46 (KHTML, like Gecko) Version/5.1 Mobile/9B206 Safari/7534.48.3"
130.91.58.97 - brclark@wharton.upenn.edu [15/Oct/2012:10:43:34 -0400] "GET /badges/wharton/image01.png HTTP/1.1" 200 6842 "https://www.gradecraft.com/dashboard" "Mozilla/5.0 (iPad; CPU OS 5_1_1 like Mac OS X) AppleWebKit/534.46 (KHTML, like Gecko) Version/5.1 Mobile/9B206 Safari/7534.48.3"
130.91.56.241 - pbau@wharton.upenn.edu [15/Oct/2012:10:43:34 -0400] "GET /assignments/11/grades/self_log?gradeable_id=44&gradeable_type=User HTTP/1.1" 200 2740 "https://www.gradecraft.com/dashboard" "Mozilla/5.0 (Linux; Android 4.1.1; Nexus 7 Build/JRO03D) AppleWebKit/535.19 (KHTML, like Gecko) Chrome/18.0.1025.166  Safari/535.19"
165.123.87.206 - kmate@wharton.upenn.edu [15/Oct/2012:10:43:34 -0400] "GET /assets/stylesheets/superhero.min.css HTTP/1.1" 404 1044 "https://www.gradecraft.com/dashboard" "Mozilla/5.0 (Windows NT 6.1; WOW64) AppleWebKit/537.4 (KHTML, like Gecko) Chrome/22.0.1229.94 Safari/537.4"
130.91.58.97 - brclark@wharton.upenn.edu [15/Oct/2012:10:43:34 -0400] "GET /badges/wharton/image06.png HTTP/1.1" 200 8042 "https://www.gradecraft.com/dashboard" "Mozilla/5.0 (iPad; CPU OS 5_1_1 like Mac OS X) AppleWebKit/534.46 (KHTML, like Gecko) Version/5.1 Mobile/9B206 Safari/7534.48.3"
130.91.58.97 - brclark@wharton.upenn.edu [15/Oct/2012:10:43:34 -0400] "GET /badges/wharton/image08.png HTTP/1.1" 200 11146 "https://www.gradecraft.com/dashboard" "Mozilla/5.0 (iPad; CPU OS 5_1_1 like Mac OS X) AppleWebKit/534.46 (KHTML, like Gecko) Version/5.1 Mobile/9B206 Safari/7534.48.3"
130.91.58.97 - brclark@wharton.upenn.edu [15/Oct/2012:10:43:34 -0400] "GET /badges/wharton/image02.png HTTP/1.1" 200 9899 "https://www.gradecraft.com/dashboard" "Mozilla/5.0 (iPad; CPU OS 5_1_1 like Mac OS X) AppleWebKit/534.46 (KHTML, like Gecko) Version/5.1 Mobile/9B206 Safari/7534.48.3"
130.91.58.97 - brclark@wharton.upenn.edu [15/Oct/2012:10:43:35 -0400] "GET /badges/wharton/image09.png HTTP/1.1" 200 11818 "https://www.gradecraft.com/dashboard" "Mozilla/5.0 (iPad; CPU OS 5_1_1 like Mac OS X) AppleWebKit/534.46 (KHTML, like Gecko) Version/5.1 Mobile/9B206 Safari/7534.48.3"
130.91.58.97 - brclark@wharton.upenn.edu [15/Oct/2012:10:43:35 -0400] "GET /badges/wharton/image00.png HTTP/1.1" 200 8362 "https://www.gradecraft.com/dashboard" "Mozilla/5.0 (iPad; CPU OS 5_1_1 like Mac OS X) AppleWebKit/534.46 (KHTML, like Gecko) Version/5.1 Mobile/9B206 Safari/7534.48.3"
130.91.58.97 - brclark@wharton.upenn.edu [15/Oct/2012:10:43:35 -0400] "GET /badges/wharton/Game-Master-Badge.png HTTP/1.1" 200 11946 "https://www.gradecraft.com/dashboard" "Mozilla/5.0 (iPad; CPU OS 5_1_1 like Mac OS X) AppleWebKit/534.46 (KHTML, like Gecko) Version/5.1 Mobile/9B206 Safari/7534.48.3"
130.91.58.97 - brclark@wharton.upenn.edu [15/Oct/2012:10:43:35 -0400] "GET /badges/wharton/Globe-Trotter-Badge.png HTTP/1.1" 200 10490 "https://www.gradecraft.com/dashboard" "Mozilla/5.0 (iPad; CPU OS 5_1_1 like Mac OS X) AppleWebKit/534.46 (KHTML, like Gecko) Version/5.1 Mobile/9B206 Safari/7534.48.3"
130.91.58.97 - brclark@wharton.upenn.edu [15/Oct/2012:10:43:35 -0400] "GET /badges/wharton/Corporate-Lackey-Badge.png HTTP/1.1" 200 9914 "https://www.gradecraft.com/dashboard" "Mozilla/5.0 (iPad; CPU OS 5_1_1 like Mac OS X) AppleWebKit/534.46 (KHTML, like Gecko) Version/5.1 Mobile/9B206 Safari/7534.48.3"
130.91.58.97 - brclark@wharton.upenn.edu [15/Oct/2012:10:43:35 -0400] "GET /users/predictor.json?user_id=49 HTTP/1.1" 200 1642 "https://www.gradecraft.com/dashboard" "Mozilla/5.0 (iPad; CPU OS 5_1_1 like Mac OS X) AppleWebKit/534.46 (KHTML, like Gecko) Version/5.1 Mobile/9B206 Safari/7534.48.3"
130.91.56.241 - pbau@wharton.upenn.edu [15/Oct/2012:10:43:35 -0400] "GET /assets/stylesheets/superhero.min.css HTTP/1.1" 404 1044 "https://www.gradecraft.com/assignments/11/grades/self_log?gradeable_id=44&gradeable_type=User" "Mozilla/5.0 (Linux; Android 4.1.1; Nexus 7 Build/JRO03D) AppleWebKit/535.19 (KHTML, like Gecko) Chrome/18.0.1025.166  Safari/535.19"
130.91.58.97 - brclark@wharton.upenn.edu [15/Oct/2012:10:43:35 -0400] "GET /users/predictor.json?in_progress=true&user_id=49 HTTP/1.1" 200 1642 "https://www.gradecraft.com/dashboard" "Mozilla/5.0 (iPad; CPU OS 5_1_1 like Mac OS X) AppleWebKit/534.46 (KHTML, like Gecko) Version/5.1 Mobile/9B206 Safari/7534.48.3"
130.91.56.241 - pbau@wharton.upenn.edu [15/Oct/2012:10:43:35 -0400] "GET /apple-touch-icon-precomposed.png HTTP/1.1" 404 1044 "-" "Mozilla/5.0 (Linux; Android 4.1.1; Nexus 7 Build/JRO03D) AppleWebKit/535.19 (KHTML, like Gecko) Chrome/18.0.1025.166  Safari/535.19"
165.123.87.206 - kmate@wharton.upenn.edu [15/Oct/2012:10:43:35 -0400] "GET /users/predictor.json?in_progress=true&user_id=58 HTTP/1.1" 304 885 "https://www.gradecraft.com/dashboard" "Mozilla/5.0 (Windows NT 6.1; WOW64) AppleWebKit/537.4 (KHTML, like Gecko) Chrome/22.0.1229.94 Safari/537.4"
130.91.56.241 - pbau@wharton.upenn.edu [15/Oct/2012:10:43:35 -0400] "GET /apple-touch-icon.png HTTP/1.1" 404 1044 "-" "Mozilla/5.0 (Linux; Android 4.1.1; Nexus 7 Build/JRO03D) AppleWebKit/535.19 (KHTML, like Gecko) Chrome/18.0.1025.166  Safari/535.19"
130.91.58.97 - brclark@wharton.upenn.edu [15/Oct/2012:10:43:35 -0400] "GET /badges/wharton/image04.png HTTP/1.1" 200 7835 "https://www.gradecraft.com/dashboard" "Mozilla/5.0 (iPad; CPU OS 5_1_1 like Mac OS X) AppleWebKit/534.46 (KHTML, like Gecko) Version/5.1 Mobile/9B206 Safari/7534.48.3"
130.91.58.97 - brclark@wharton.upenn.edu [15/Oct/2012:10:43:35 -0400] "GET /badges/wharton/image05.png HTTP/1.1" 200 8011 "https://www.gradecraft.com/dashboard" "Mozilla/5.0 (iPad; CPU OS 5_1_1 like Mac OS X) AppleWebKit/534.46 (KHTML, like Gecko) Version/5.1 Mobile/9B206 Safari/7534.48.3"
165.123.87.206 - kmate@wharton.upenn.edu [15/Oct/2012:10:43:36 -0400] "GET /users/predictor.json?user_id=58 HTTP/1.1" 304 885 "https://www.gradecraft.com/dashboard" "Mozilla/5.0 (Windows NT 6.1; WOW64) AppleWebKit/537.4 (KHTML, like Gecko) Chrome/22.0.1229.94 Safari/537.4"
130.91.58.97 - brclark@wharton.upenn.edu [15/Oct/2012:10:43:36 -0400] "GET /badges/wharton/image03.png HTTP/1.1" 200 10843 "https://www.gradecraft.com/dashboard" "Mozilla/5.0 (iPad; CPU OS 5_1_1 like Mac OS X) AppleWebKit/534.46 (KHTML, like Gecko) Version/5.1 Mobile/9B206 Safari/7534.48.3"
130.91.58.97 - brclark@wharton.upenn.edu [15/Oct/2012:10:43:36 -0400] "GET /badges/wharton/image07.png HTTP/1.1" 200 8091 "https://www.gradecraft.com/dashboard" "Mozilla/5.0 (iPad; CPU OS 5_1_1 like Mac OS X) AppleWebKit/534.46 (KHTML, like Gecko) Version/5.1 Mobile/9B206 Safari/7534.48.3"
165.123.87.245 - hweiss@wharton.upenn.edu [15/Oct/2012:10:43:37 -0400] "GET /users/predictor.json?user_id=36 HTTP/1.1" 200 1626 "https://www.gradecraft.com/dashboard" "Mozilla/5.0 (iPad; CPU OS 5_1_1 like Mac OS X) AppleWebKit/534.46 (KHTML, like Gecko) Version/5.1 Mobile/9B206 Safari/7534.48.3"
130.91.56.38 - briannam@wharton.upenn.edu [15/Oct/2012:10:43:37 -0400] "GET /assignments/11/grades/self_log?gradeable_id=12&gradeable_type=User HTTP/1.1" 200 2885 "https://www.gradecraft.com/dashboard" "Mozilla/5.0 (Macintosh; Intel Mac OS X 10_5_8) AppleWebKit/537.1 (KHTML, like Gecko) Chrome/21.0.1180.90 Safari/537.1"
165.123.87.245 - hweiss@wharton.upenn.edu [15/Oct/2012:10:43:37 -0400] "GET /users/predictor.json?in_progress=true&user_id=36 HTTP/1.1" 200 1626 "https://www.gradecraft.com/dashboard" "Mozilla/5.0 (iPad; CPU OS 5_1_1 like Mac OS X) AppleWebKit/534.46 (KHTML, like Gecko) Version/5.1 Mobile/9B206 Safari/7534.48.3"
130.91.56.38 - briannam@wharton.upenn.edu [15/Oct/2012:10:43:37 -0400] "GET /assets/stylesheets/superhero.min.css HTTP/1.1" 404 1044 "https://www.gradecraft.com/assignments/11/grades/self_log?gradeable_id=12&gradeable_type=User" "Mozilla/5.0 (Macintosh; Intel Mac OS X 10_5_8) AppleWebKit/537.1 (KHTML, like Gecko) Chrome/21.0.1180.90 Safari/537.1"
130.91.56.241 - pbau@wharton.upenn.edu [15/Oct/2012:10:43:39 -0400] "POST /assignments/11/grades/self_log_create HTTP/1.1" 302 1652 "https://www.gradecraft.com/assignments/11/grades/self_log?gradeable_id=44&gradeable_type=User" "Mozilla/5.0 (Linux; Android 4.1.1; Nexus 7 Build/JRO03D) AppleWebKit/535.19 (KHTML, like Gecko) Chrome/18.0.1025.166  Safari/535.19"
130.91.56.241 - pbau@wharton.upenn.edu [15/Oct/2012:10:43:39 -0400] "GET /dashboard HTTP/1.1" 200 4356 "https://www.gradecraft.com/assignments/11/grades/self_log?gradeable_id=44&gradeable_type=User" "Mozilla/5.0 (Linux; Android 4.1.1; Nexus 7 Build/JRO03D) AppleWebKit/535.19 (KHTML, like Gecko) Chrome/18.0.1025.166  Safari/535.19"
165.123.85.172 - - [15/Oct/2012:10:43:39 -0400] "GET /dashboard HTTP/1.1" 302 3254 "-" "Mozilla/5.0 (Macintosh; Intel Mac OS X 10_6_8) AppleWebKit/534.52.7 (KHTML, like Gecko) Version/5.1.2 Safari/534.52.7"
130.91.56.241 - pbau@wharton.upenn.edu [15/Oct/2012:10:43:40 -0400] "GET /assets/stylesheets/superhero.min.css HTTP/1.1" 404 1044 "https://www.gradecraft.com/dashboard" "Mozilla/5.0 (Linux; Android 4.1.1; Nexus 7 Build/JRO03D) AppleWebKit/535.19 (KHTML, like Gecko) Chrome/18.0.1025.166  Safari/535.19"
130.91.56.241 - pbau@wharton.upenn.edu [15/Oct/2012:10:43:40 -0400] "GET /users/predictor.json?user_id=44 HTTP/1.1" 200 1626 "https://www.gradecraft.com/dashboard" "Mozilla/5.0 (Linux; Android 4.1.1; Nexus 7 Build/JRO03D) AppleWebKit/535.19 (KHTML, like Gecko) Chrome/18.0.1025.166  Safari/535.19"
130.91.56.241 - pbau@wharton.upenn.edu [15/Oct/2012:10:43:40 -0400] "GET /users/predictor.json?in_progress=true&user_id=44 HTTP/1.1" 200 1642 "https://www.gradecraft.com/dashboard" "Mozilla/5.0 (Linux; Android 4.1.1; Nexus 7 Build/JRO03D) AppleWebKit/535.19 (KHTML, like Gecko) Chrome/18.0.1025.166  Safari/535.19"
130.91.56.38 - briannam@wharton.upenn.edu [15/Oct/2012:10:43:41 -0400] "POST /assignments/11/grades/self_log_create HTTP/1.1" 302 1652 "https://www.gradecraft.com/assignments/11/grades/self_log?gradeable_id=12&gradeable_type=User" "Mozilla/5.0 (Macintosh; Intel Mac OS X 10_5_8) AppleWebKit/537.1 (KHTML, like Gecko) Chrome/21.0.1180.90 Safari/537.1"
130.91.56.241 - pbau@wharton.upenn.edu [15/Oct/2012:10:43:41 -0400] "GET /apple-touch-icon-precomposed.png HTTP/1.1" 404 1044 "-" "Mozilla/5.0 (Linux; Android 4.1.1; Nexus 7 Build/JRO03D) AppleWebKit/535.19 (KHTML, like Gecko) Chrome/18.0.1025.166  Safari/535.19"
130.91.56.241 - pbau@wharton.upenn.edu [15/Oct/2012:10:43:42 -0400] "GET /apple-touch-icon.png HTTP/1.1" 404 1044 "-" "Mozilla/5.0 (Linux; Android 4.1.1; Nexus 7 Build/JRO03D) AppleWebKit/535.19 (KHTML, like Gecko) Chrome/18.0.1025.166  Safari/535.19"
130.91.56.38 - briannam@wharton.upenn.edu [15/Oct/2012:10:43:41 -0400] "GET /dashboard HTTP/1.1" 200 4340 "https://www.gradecraft.com/assignments/11/grades/self_log?gradeable_id=12&gradeable_type=User" "Mozilla/5.0 (Macintosh; Intel Mac OS X 10_5_8) AppleWebKit/537.1 (KHTML, like Gecko) Chrome/21.0.1180.90 Safari/537.1"
130.91.56.38 - briannam@wharton.upenn.edu [15/Oct/2012:10:43:42 -0400] "GET /assets/stylesheets/superhero.min.css HTTP/1.1" 404 1044 "https://www.gradecraft.com/dashboard" "Mozilla/5.0 (Macintosh; Intel Mac OS X 10_5_8) AppleWebKit/537.1 (KHTML, like Gecko) Chrome/21.0.1180.90 Safari/537.1"
130.91.56.38 - briannam@wharton.upenn.edu [15/Oct/2012:10:43:42 -0400] "GET /users/predictor.json?in_progress=true&user_id=12 HTTP/1.1" 200 1642 "https://www.gradecraft.com/dashboard" "Mozilla/5.0 (Macintosh; Intel Mac OS X 10_5_8) AppleWebKit/537.1 (KHTML, like Gecko) Chrome/21.0.1180.90 Safari/537.1"
130.91.56.38 - briannam@wharton.upenn.edu [15/Oct/2012:10:43:42 -0400] "GET /users/predictor.json?user_id=12 HTTP/1.1" 200 1787 "https://www.gradecraft.com/dashboard" "Mozilla/5.0 (Macintosh; Intel Mac OS X 10_5_8) AppleWebKit/537.1 (KHTML, like Gecko) Chrome/21.0.1180.90 Safari/537.1"
165.123.85.172 - - [15/Oct/2012:10:43:45 -0400] "GET /dashboard HTTP/1.1" 302 3254 "-" "Mozilla/5.0 (Macintosh; Intel Mac OS X 10_6_8) AppleWebKit/534.52.7 (KHTML, like Gecko) Version/5.1.2 Safari/534.52.7"
165.123.87.245 - hweiss@wharton.upenn.edu [15/Oct/2012:10:43:50 -0400] "GET /assignments/11/grades/self_log?gradeable_id=36&gradeable_type=User HTTP/1.1" 200 2869 "https://www.gradecraft.com/dashboard" "Mozilla/5.0 (iPad; CPU OS 5_1_1 like Mac OS X) AppleWebKit/534.46 (KHTML, like Gecko) Version/5.1 Mobile/9B206 Safari/7534.48.3"
165.123.86.115 - - [15/Oct/2012:10:43:51 -0400] "GET /dashboard HTTP/1.1" 302 3984 "https://wharton.instructure.com/courses/755358" "Mozilla/5.0 (Windows NT 6.1; WOW64) AppleWebKit/537.4 (KHTML, like Gecko) Chrome/22.0.1229.94 Safari/537.4"
165.123.87.245 - hweiss@wharton.upenn.edu [15/Oct/2012:10:43:51 -0400] "GET /assets/stylesheets/superhero.min.css HTTP/1.1" 404 1044 "https://www.gradecraft.com/assignments/11/grades/self_log?gradeable_id=36&gradeable_type=User" "Mozilla/5.0 (iPad; CPU OS 5_1_1 like Mac OS X) AppleWebKit/534.46 (KHTML, like Gecko) Version/5.1 Mobile/9B206 Safari/7534.48.3"
130.91.58.82 - - [15/Oct/2012:10:43:55 -0400] "GET /dashboard HTTP/1.1" 302 901 "-" "Mozilla/5.0 (Windows NT 6.1; WOW64) AppleWebKit/537.4 (KHTML, like Gecko) Chrome/22.0.1229.94 Safari/537.4"
130.91.58.82 - - [15/Oct/2012:10:43:55 -0400] "GET /cosign/valid?cosign-www.gradecraft.com=v1ikzznYV9bQ2LHfpZin0MPxAqkLLXwMBbt-Oevc1YpajtZwpnsNU3lyfOalvfrz7qzar2qSP+NKwKdhxTGkmgcT+ywR-czZdnnt9ON16Y3UTL-IS4K6I76CVkoi&https://www.gradecraft.com/dashboard HTTP/1.1" 301 900 "-" "Mozilla/5.0 (Windows NT 6.1; WOW64) AppleWebKit/537.4 (KHTML, like Gecko) Chrome/22.0.1229.94 Safari/537.4"
130.91.58.82 - barbora@wharton.upenn.edu [15/Oct/2012:10:43:55 -0400] "GET /dashboard HTTP/1.1" 200 4148 "-" "Mozilla/5.0 (Windows NT 6.1; WOW64) AppleWebKit/537.4 (KHTML, like Gecko) Chrome/22.0.1229.94 Safari/537.4"
130.91.58.82 - barbora@wharton.upenn.edu [15/Oct/2012:10:43:55 -0400] "GET /assets/application-ecd494f92b13eff6c1f1042a0c2c0300.css HTTP/1.1" 304 245 "https://www.gradecraft.com/dashboard" "Mozilla/5.0 (Windows NT 6.1; WOW64) AppleWebKit/537.4 (KHTML, like Gecko) Chrome/22.0.1229.94 Safari/537.4"
130.91.58.82 - barbora@wharton.upenn.edu [15/Oct/2012:10:43:55 -0400] "GET /assets/application-1c8a7386185fa79b964fbb3a368c2523.js HTTP/1.1" 304 390 "https://www.gradecraft.com/dashboard" "Mozilla/5.0 (Windows NT 6.1; WOW64) AppleWebKit/537.4 (KHTML, like Gecko) Chrome/22.0.1229.94 Safari/537.4"
130.91.58.82 - barbora@wharton.upenn.edu [15/Oct/2012:10:43:55 -0400] "GET /assets/stylesheets/superhero.min.css HTTP/1.1" 404 1205 "https://www.gradecraft.com/dashboard" "Mozilla/5.0 (Windows NT 6.1; WOW64) AppleWebKit/537.4 (KHTML, like Gecko) Chrome/22.0.1229.94 Safari/537.4"
130.91.58.82 - barbora@wharton.upenn.edu [15/Oct/2012:10:43:56 -0400] "GET /badges/wharton/image01.png HTTP/1.1" 304 213 "https://www.gradecraft.com/dashboard" "Mozilla/5.0 (Windows NT 6.1; WOW64) AppleWebKit/537.4 (KHTML, like Gecko) Chrome/22.0.1229.94 Safari/537.4"
130.91.58.82 - barbora@wharton.upenn.edu [15/Oct/2012:10:43:56 -0400] "GET /badges/wharton/image02.png HTTP/1.1" 304 374 "https://www.gradecraft.com/dashboard" "Mozilla/5.0 (Windows NT 6.1; WOW64) AppleWebKit/537.4 (KHTML, like Gecko) Chrome/22.0.1229.94 Safari/537.4"
130.91.58.82 - barbora@wharton.upenn.edu [15/Oct/2012:10:43:56 -0400] "GET /badges/wharton/image03.png HTTP/1.1" 304 374 "https://www.gradecraft.com/dashboard" "Mozilla/5.0 (Windows NT 6.1; WOW64) AppleWebKit/537.4 (KHTML, like Gecko) Chrome/22.0.1229.94 Safari/537.4"
130.91.58.82 - barbora@wharton.upenn.edu [15/Oct/2012:10:43:56 -0400] "GET /users/predictor.json?user_id=20 HTTP/1.1" 200 1626 "https://www.gradecraft.com/dashboard" "Mozilla/5.0 (Windows NT 6.1; WOW64) AppleWebKit/537.4 (KHTML, like Gecko) Chrome/22.0.1229.94 Safari/537.4"
130.91.58.82 - barbora@wharton.upenn.edu [15/Oct/2012:10:43:56 -0400] "GET /badges/wharton/image05.png HTTP/1.1" 304 213 "https://www.gradecraft.com/dashboard" "Mozilla/5.0 (Windows NT 6.1; WOW64) AppleWebKit/537.4 (KHTML, like Gecko) Chrome/22.0.1229.94 Safari/537.4"
130.91.58.82 - barbora@wharton.upenn.edu [15/Oct/2012:10:43:56 -0400] "GET /badges/wharton/image06.png HTTP/1.1" 304 213 "https://www.gradecraft.com/dashboard" "Mozilla/5.0 (Windows NT 6.1; WOW64) AppleWebKit/537.4 (KHTML, like Gecko) Chrome/22.0.1229.94 Safari/537.4"
130.91.58.82 - barbora@wharton.upenn.edu [15/Oct/2012:10:43:56 -0400] "GET /badges/wharton/image04.png HTTP/1.1" 304 213 "https://www.gradecraft.com/dashboard" "Mozilla/5.0 (Windows NT 6.1; WOW64) AppleWebKit/537.4 (KHTML, like Gecko) Chrome/22.0.1229.94 Safari/537.4"
130.91.58.82 - barbora@wharton.upenn.edu [15/Oct/2012:10:43:56 -0400] "GET /badges/wharton/image07.png HTTP/1.1" 304 374 "https://www.gradecraft.com/dashboard" "Mozilla/5.0 (Windows NT 6.1; WOW64) AppleWebKit/537.4 (KHTML, like Gecko) Chrome/22.0.1229.94 Safari/537.4"
130.91.58.82 - barbora@wharton.upenn.edu [15/Oct/2012:10:43:56 -0400] "GET /badges/wharton/image08.png HTTP/1.1" 304 213 "https://www.gradecraft.com/dashboard" "Mozilla/5.0 (Windows NT 6.1; WOW64) AppleWebKit/537.4 (KHTML, like Gecko) Chrome/22.0.1229.94 Safari/537.4"
130.91.58.82 - barbora@wharton.upenn.edu [15/Oct/2012:10:43:56 -0400] "GET /badges/wharton/image09.png HTTP/1.1" 304 213 "https://www.gradecraft.com/dashboard" "Mozilla/5.0 (Windows NT 6.1; WOW64) AppleWebKit/537.4 (KHTML, like Gecko) Chrome/22.0.1229.94 Safari/537.4"
130.91.58.82 - barbora@wharton.upenn.edu [15/Oct/2012:10:43:56 -0400] "GET /badges/wharton/image00.png HTTP/1.1" 304 213 "https://www.gradecraft.com/dashboard" "Mozilla/5.0 (Windows NT 6.1; WOW64) AppleWebKit/537.4 (KHTML, like Gecko) Chrome/22.0.1229.94 Safari/537.4"
130.91.58.82 - barbora@wharton.upenn.edu [15/Oct/2012:10:43:56 -0400] "GET /badges/wharton/Game-Master-Badge.png HTTP/1.1" 304 213 "https://www.gradecraft.com/dashboard" "Mozilla/5.0 (Windows NT 6.1; WOW64) AppleWebKit/537.4 (KHTML, like Gecko) Chrome/22.0.1229.94 Safari/537.4"
130.91.58.82 - barbora@wharton.upenn.edu [15/Oct/2012:10:43:56 -0400] "GET /badges/wharton/Corporate-Lackey-Badge.png HTTP/1.1" 304 213 "https://www.gradecraft.com/dashboard" "Mozilla/5.0 (Windows NT 6.1; WOW64) AppleWebKit/537.4 (KHTML, like Gecko) Chrome/22.0.1229.94 Safari/537.4"
130.91.58.82 - barbora@wharton.upenn.edu [15/Oct/2012:10:43:56 -0400] "GET /badges/wharton/Globe-Trotter-Badge.png HTTP/1.1" 304 213 "https://www.gradecraft.com/dashboard" "Mozilla/5.0 (Windows NT 6.1; WOW64) AppleWebKit/537.4 (KHTML, like Gecko) Chrome/22.0.1229.94 Safari/537.4"
130.91.58.82 - barbora@wharton.upenn.edu [15/Oct/2012:10:43:56 -0400] "GET /users/predictor.json?in_progress=true&user_id=20 HTTP/1.1" 200 1642 "https://www.gradecraft.com/dashboard" "Mozilla/5.0 (Windows NT 6.1; WOW64) AppleWebKit/537.4 (KHTML, like Gecko) Chrome/22.0.1229.94 Safari/537.4"
130.91.58.82 - barbora@wharton.upenn.edu [15/Oct/2012:10:43:56 -0400] "GET /favicon.ico HTTP/1.1" 200 4650 "-" "Mozilla/5.0 (Windows NT 6.1; WOW64) AppleWebKit/537.4 (KHTML, like Gecko) Chrome/22.0.1229.94 Safari/537.4"
165.123.87.245 - hweiss@wharton.upenn.edu [15/Oct/2012:10:43:56 -0400] "POST /assignments/11/grades/self_log_create HTTP/1.1" 302 1636 "https://www.gradecraft.com/assignments/11/grades/self_log?gradeable_id=36&gradeable_type=User" "Mozilla/5.0 (iPad; CPU OS 5_1_1 like Mac OS X) AppleWebKit/534.46 (KHTML, like Gecko) Version/5.1 Mobile/9B206 Safari/7534.48.3"
165.123.87.245 - hweiss@wharton.upenn.edu [15/Oct/2012:10:43:56 -0400] "GET /dashboard HTTP/1.1" 200 4340 "https://www.gradecraft.com/assignments/11/grades/self_log?gradeable_id=36&gradeable_type=User" "Mozilla/5.0 (iPad; CPU OS 5_1_1 like Mac OS X) AppleWebKit/534.46 (KHTML, like Gecko) Version/5.1 Mobile/9B206 Safari/7534.48.3"
165.123.85.172 - - [15/Oct/2012:10:43:57 -0400] "GET /cosign/valid?cosign-www.gradecraft.com=+svJqo9BcuwnWJ95T8jbiF6adI1XDKpTAnkDUqGjRj4fE-qykjlCFS7BzB8TiWGfeZdnLeFycFFKGz0wNgXWW-Gq2qAdQGa7G80j5ODAYPsKQLpVxyjKNP9A36Nz&https://www.gradecraft.com/dashboard HTTP/1.1" 301 1038 "https://weblogin.umich.edu/?cosign-www.gradecraft.com&https://www.gradecraft.com/dashboard" "Mozilla/5.0 (Macintosh; Intel Mac OS X 10_6_8) AppleWebKit/534.52.7 (KHTML, like Gecko) Version/5.1.2 Safari/534.52.7"
165.123.85.172 - emchenry@wharton.upenn.edu [15/Oct/2012:10:43:57 -0400] "GET /dashboard HTTP/1.1" 302 1364 "https://weblogin.umich.edu/?cosign-www.gradecraft.com&https://www.gradecraft.com/dashboard" "Mozilla/5.0 (Macintosh; Intel Mac OS X 10_6_8) AppleWebKit/534.52.7 (KHTML, like Gecko) Version/5.1.2 Safari/534.52.7"
165.123.87.245 - hweiss@wharton.upenn.edu [15/Oct/2012:10:43:58 -0400] "GET /assets/stylesheets/superhero.min.css HTTP/1.1" 404 1044 "https://www.gradecraft.com/dashboard" "Mozilla/5.0 (iPad; CPU OS 5_1_1 like Mac OS X) AppleWebKit/534.46 (KHTML, like Gecko) Version/5.1 Mobile/9B206 Safari/7534.48.3"
165.123.85.172 - emchenry@wharton.upenn.edu [15/Oct/2012:10:43:57 -0400] "GET /dashboard HTTP/1.1" 200 4132 "https://weblogin.umich.edu/?cosign-www.gradecraft.com&https://www.gradecraft.com/dashboard" "Mozilla/5.0 (Macintosh; Intel Mac OS X 10_6_8) AppleWebKit/534.52.7 (KHTML, like Gecko) Version/5.1.2 Safari/534.52.7"
165.123.85.172 - emchenry@wharton.upenn.edu [15/Oct/2012:10:43:58 -0400] "GET /assets/stylesheets/superhero.min.css HTTP/1.1" 404 1198 "https://www.gradecraft.com/dashboard" "Mozilla/5.0 (Macintosh; Intel Mac OS X 10_6_8) AppleWebKit/534.52.7 (KHTML, like Gecko) Version/5.1.2 Safari/534.52.7"
165.123.85.172 - emchenry@wharton.upenn.edu [15/Oct/2012:10:43:58 -0400] "GET /assets/application-ecd494f92b13eff6c1f1042a0c2c0300.css HTTP/1.1" 200 47111 "https://www.gradecraft.com/dashboard" "Mozilla/5.0 (Macintosh; Intel Mac OS X 10_6_8) AppleWebKit/534.52.7 (KHTML, like Gecko) Version/5.1.2 Safari/534.52.7"
165.123.87.245 - hweiss@wharton.upenn.edu [15/Oct/2012:10:43:58 -0400] "GET /users/predictor.json?in_progress=true&user_id=36 HTTP/1.1" 200 1626 "https://www.gradecraft.com/dashboard" "Mozilla/5.0 (iPad; CPU OS 5_1_1 like Mac OS X) AppleWebKit/534.46 (KHTML, like Gecko) Version/5.1 Mobile/9B206 Safari/7534.48.3"
165.123.87.245 - hweiss@wharton.upenn.edu [15/Oct/2012:10:43:58 -0400] "GET /users/predictor.json?user_id=36 HTTP/1.1" 200 1771 "https://www.gradecraft.com/dashboard" "Mozilla/5.0 (iPad; CPU OS 5_1_1 like Mac OS X) AppleWebKit/534.46 (KHTML, like Gecko) Version/5.1 Mobile/9B206 Safari/7534.48.3"
165.123.85.172 - emchenry@wharton.upenn.edu [15/Oct/2012:10:43:58 -0400] "GET /assets/application-1c8a7386185fa79b964fbb3a368c2523.js HTTP/1.1" 200 204178 "https://www.gradecraft.com/dashboard" "Mozilla/5.0 (Macintosh; Intel Mac OS X 10_6_8) AppleWebKit/534.52.7 (KHTML, like Gecko) Version/5.1.2 Safari/534.52.7"
165.123.85.172 - emchenry@wharton.upenn.edu [15/Oct/2012:10:43:59 -0400] "GET /badges/wharton/image04.png HTTP/1.1" 200 7690 "https://www.gradecraft.com/dashboard" "Mozilla/5.0 (Macintosh; Intel Mac OS X 10_6_8) AppleWebKit/534.52.7 (KHTML, like Gecko) Version/5.1.2 Safari/534.52.7"
165.123.85.172 - emchenry@wharton.upenn.edu [15/Oct/2012:10:43:59 -0400] "GET /badges/wharton/image03.png HTTP/1.1" 200 10698 "https://www.gradecraft.com/dashboard" "Mozilla/5.0 (Macintosh; Intel Mac OS X 10_6_8) AppleWebKit/534.52.7 (KHTML, like Gecko) Version/5.1.2 Safari/534.52.7"
165.123.85.172 - emchenry@wharton.upenn.edu [15/Oct/2012:10:43:59 -0400] "GET /badges/wharton/image01.png HTTP/1.1" 200 6842 "https://www.gradecraft.com/dashboard" "Mozilla/5.0 (Macintosh; Intel Mac OS X 10_6_8) AppleWebKit/534.52.7 (KHTML, like Gecko) Version/5.1.2 Safari/534.52.7"
165.123.85.172 - emchenry@wharton.upenn.edu [15/Oct/2012:10:43:59 -0400] "GET /badges/wharton/image05.png HTTP/1.1" 200 7866 "https://www.gradecraft.com/dashboard" "Mozilla/5.0 (Macintosh; Intel Mac OS X 10_6_8) AppleWebKit/534.52.7 (KHTML, like Gecko) Version/5.1.2 Safari/534.52.7"
165.123.85.172 - emchenry@wharton.upenn.edu [15/Oct/2012:10:43:59 -0400] "GET /badges/wharton/image06.png HTTP/1.1" 200 8042 "https://www.gradecraft.com/dashboard" "Mozilla/5.0 (Macintosh; Intel Mac OS X 10_6_8) AppleWebKit/534.52.7 (KHTML, like Gecko) Version/5.1.2 Safari/534.52.7"
165.123.85.172 - emchenry@wharton.upenn.edu [15/Oct/2012:10:43:59 -0400] "GET /badges/wharton/image07.png HTTP/1.1" 200 7946 "https://www.gradecraft.com/dashboard" "Mozilla/5.0 (Macintosh; Intel Mac OS X 10_6_8) AppleWebKit/534.52.7 (KHTML, like Gecko) Version/5.1.2 Safari/534.52.7"
165.123.85.172 - emchenry@wharton.upenn.edu [15/Oct/2012:10:43:59 -0400] "GET /badges/wharton/image02.png HTTP/1.1" 200 9892 "https://www.gradecraft.com/dashboard" "Mozilla/5.0 (Macintosh; Intel Mac OS X 10_6_8) AppleWebKit/534.52.7 (KHTML, like Gecko) Version/5.1.2 Safari/534.52.7"
165.123.85.172 - emchenry@wharton.upenn.edu [15/Oct/2012:10:43:59 -0400] "GET /badges/wharton/image08.png HTTP/1.1" 200 11146 "https://www.gradecraft.com/dashboard" "Mozilla/5.0 (Macintosh; Intel Mac OS X 10_6_8) AppleWebKit/534.52.7 (KHTML, like Gecko) Version/5.1.2 Safari/534.52.7"
165.123.85.172 - emchenry@wharton.upenn.edu [15/Oct/2012:10:43:59 -0400] "GET /badges/wharton/image09.png HTTP/1.1" 200 11818 "https://www.gradecraft.com/dashboard" "Mozilla/5.0 (Macintosh; Intel Mac OS X 10_6_8) AppleWebKit/534.52.7 (KHTML, like Gecko) Version/5.1.2 Safari/534.52.7"
165.123.85.172 - emchenry@wharton.upenn.edu [15/Oct/2012:10:43:59 -0400] "GET /badges/wharton/image00.png HTTP/1.1" 200 8362 "https://www.gradecraft.com/dashboard" "Mozilla/5.0 (Macintosh; Intel Mac OS X 10_6_8) AppleWebKit/534.52.7 (KHTML, like Gecko) Version/5.1.2 Safari/534.52.7"
165.123.85.172 - emchenry@wharton.upenn.edu [15/Oct/2012:10:43:59 -0400] "GET /users/predictor.json?user_id=13 HTTP/1.1" 200 1642 "https://www.gradecraft.com/dashboard" "Mozilla/5.0 (Macintosh; Intel Mac OS X 10_6_8) AppleWebKit/534.52.7 (KHTML, like Gecko) Version/5.1.2 Safari/534.52.7"
165.123.85.172 - emchenry@wharton.upenn.edu [15/Oct/2012:10:43:59 -0400] "GET /badges/wharton/Game-Master-Badge.png HTTP/1.1" 200 11946 "https://www.gradecraft.com/dashboard" "Mozilla/5.0 (Macintosh; Intel Mac OS X 10_6_8) AppleWebKit/534.52.7 (KHTML, like Gecko) Version/5.1.2 Safari/534.52.7"
