35.0.82.46 - - [18/Sep/2012:10:15:32 -0400] "GET / HTTP/1.1" 302 756 "https://sites.google.com/a/umich.edu/polsci101f2012/" "Mozilla/5.0 (Macintosh; Intel Mac OS X 10_7_4) AppleWebKit/536.25 (KHTML, like Gecko) Version/6.0 Safari/536.25"
35.0.82.46 - - [18/Sep/2012:10:15:33 -0400] "GET /cosign/valid?cosign-www.gradecraft.com=hdKA2UJoaJAOIb+mZazpL6VjO-HvJ1p5ZBv0c3Xn9-QZ-0AKhR-KsxMViqyzjMaijrQOZ3S8vLexW8TSWZTeom2x72atOOZi8fYjEWeWQU-cIY8qvO5sJ3TLjRWF&https://www.gradecraft.com/ HTTP/1.1" 301 868 "https://sites.google.com/a/umich.edu/polsci101f2012/" "Mozilla/5.0 (Macintosh; Intel Mac OS X 10_7_4) AppleWebKit/536.25 (KHTML, like Gecko) Version/6.0 Safari/536.25"
35.0.82.46 - - [18/Sep/2012:10:15:33 -0400] "GET / HTTP/1.1" 302 756 "https://sites.google.com/a/umich.edu/polsci101f2012/" "Mozilla/5.0 (Macintosh; Intel Mac OS X 10_7_4) AppleWebKit/536.25 (KHTML, like Gecko) Version/6.0 Safari/536.25"
35.0.82.46 - - [18/Sep/2012:10:15:33 -0400] "GET /cosign/valid?cosign-www.gradecraft.com=F6iD6TlhFKh7hdu45D+iAAhoabQFsounJS-pF+zsJBPEtbFMnAx492W4795gRgKCpCLgexRNYGoqHuS4rbZmsWdfARnvxtzAZbbWy+L2ydLLQRIc25jjPXDChbbX&https://www.gradecraft.com/ HTTP/1.1" 301 868 "https://sites.google.com/a/umich.edu/polsci101f2012/" "Mozilla/5.0 (Macintosh; Intel Mac OS X 10_7_4) AppleWebKit/536.25 (KHTML, like Gecko) Version/6.0 Safari/536.25"
35.0.82.46 - - [18/Sep/2012:10:15:33 -0400] "GET / HTTP/1.1" 302 756 "https://sites.google.com/a/umich.edu/polsci101f2012/" "Mozilla/5.0 (Macintosh; Intel Mac OS X 10_7_4) AppleWebKit/536.25 (KHTML, like Gecko) Version/6.0 Safari/536.25"
67.194.108.98 - ilesjef [18/Sep/2012:10:15:38 -0400] "GET /user_assignment_type_weights HTTP/1.1" 500 1028 "https://www.gradecraft.com/user_assignment_type_weights/new?assignment_type_id=8" "Mozilla/5.0 (Macintosh; Intel Mac OS X 10_8_1) AppleWebKit/537.1 (KHTML, like Gecko) Chrome/21.0.1180.89 Safari/537.1"
67.194.212.19 - doksuz [18/Sep/2012:10:15:38 -0400] "GET /dashboard HTTP/1.1" 302 1589 "-" "Mozilla/5.0 (Windows NT 6.1; WOW64) AppleWebKit/537.1 (KHTML, like Gecko) Chrome/21.0.1180.89 Safari/537.1"
67.194.212.19 - doksuz [18/Sep/2012:10:15:39 -0400] "GET /dashboard HTTP/1.1" 200 4564 "-" "Mozilla/5.0 (Windows NT 6.1; WOW64) AppleWebKit/537.1 (KHTML, like Gecko) Chrome/21.0.1180.89 Safari/537.1"
67.194.212.19 - doksuz [18/Sep/2012:10:15:39 -0400] "GET /users/predictor.json?user_id=156 HTTP/1.1" 304 1030 "https://www.gradecraft.com/dashboard" "Mozilla/5.0 (Windows NT 6.1; WOW64) AppleWebKit/537.1 (KHTML, like Gecko) Chrome/21.0.1180.89 Safari/537.1"
67.194.212.19 - doksuz [18/Sep/2012:10:15:39 -0400] "GET /users/predictor.json?in_progress=true&user_id=156 HTTP/1.1" 304 885 "https://www.gradecraft.com/dashboard" "Mozilla/5.0 (Windows NT 6.1; WOW64) AppleWebKit/537.1 (KHTML, like Gecko) Chrome/21.0.1180.89 Safari/537.1"
67.194.108.98 - ilesjef [18/Sep/2012:10:15:40 -0400] "GET /dashboard HTTP/1.1" 304 1078 "-" "Mozilla/5.0 (Macintosh; Intel Mac OS X 10_8_1) AppleWebKit/537.1 (KHTML, like Gecko) Chrome/21.0.1180.89 Safari/537.1"
67.194.108.98 - ilesjef [18/Sep/2012:10:15:41 -0400] "GET /users/predictor.json?in_progress=true&user_id=150 HTTP/1.1" 304 885 "https://www.gradecraft.com/dashboard" "Mozilla/5.0 (Macintosh; Intel Mac OS X 10_8_1) AppleWebKit/537.1 (KHTML, like Gecko) Chrome/21.0.1180.89 Safari/537.1"
67.194.108.98 - ilesjef [18/Sep/2012:10:15:41 -0400] "GET /users/predictor.json?user_id=150 HTTP/1.1" 304 1030 "https://www.gradecraft.com/dashboard" "Mozilla/5.0 (Macintosh; Intel Mac OS X 10_8_1) AppleWebKit/537.1 (KHTML, like Gecko) Chrome/21.0.1180.89 Safari/537.1"
67.194.223.228 - ebander [18/Sep/2012:10:15:53 -0400] "GET /badges HTTP/1.1" 200 7168 "https://www.gradecraft.com/dashboard" "Mozilla/5.0 (Macintosh; Intel Mac OS X 10_6_8) AppleWebKit/537.1 (KHTML, like Gecko) Chrome/21.0.1180.89 Safari/537.1"
67.194.223.228 - ebander [18/Sep/2012:10:15:53 -0400] "GET /badges/pos101/always_learning.png HTTP/1.1" 200 3066 "https://www.gradecraft.com/badges" "Mozilla/5.0 (Macintosh; Intel Mac OS X 10_6_8) AppleWebKit/537.1 (KHTML, like Gecko) Chrome/21.0.1180.89 Safari/537.1"
67.194.223.228 - ebander [18/Sep/2012:10:15:53 -0400] "GET /badges/pos101/above_and_beyond.png HTTP/1.1" 200 6234 "https://www.gradecraft.com/badges" "Mozilla/5.0 (Macintosh; Intel Mac OS X 10_6_8) AppleWebKit/537.1 (KHTML, like Gecko) Chrome/21.0.1180.89 Safari/537.1"
67.194.223.228 - ebander [18/Sep/2012:10:15:53 -0400] "GET /badges/pos101/awesome_aggregator.png HTTP/1.1" 200 5803 "https://www.gradecraft.com/badges" "Mozilla/5.0 (Macintosh; Intel Mac OS X 10_6_8) AppleWebKit/537.1 (KHTML, like Gecko) Chrome/21.0.1180.89 Safari/537.1"
67.194.223.228 - ebander [18/Sep/2012:10:15:53 -0400] "GET /badges/pos101/great_critic.png HTTP/1.1" 200 5451 "https://www.gradecraft.com/badges" "Mozilla/5.0 (Macintosh; Intel Mac OS X 10_6_8) AppleWebKit/537.1 (KHTML, like Gecko) Chrome/21.0.1180.89 Safari/537.1"
67.194.223.228 - ebander [18/Sep/2012:10:15:53 -0400] "GET /badges/pos101/presentation_of_self.png HTTP/1.1" 200 5643 "https://www.gradecraft.com/badges" "Mozilla/5.0 (Macintosh; Intel Mac OS X 10_6_8) AppleWebKit/537.1 (KHTML, like Gecko) Chrome/21.0.1180.89 Safari/537.1"
67.194.223.228 - ebander [18/Sep/2012:10:15:53 -0400] "GET /badges/pos101/teachers_pet.png HTTP/1.1" 200 3339 "https://www.gradecraft.com/badges" "Mozilla/5.0 (Macintosh; Intel Mac OS X 10_6_8) AppleWebKit/537.1 (KHTML, like Gecko) Chrome/21.0.1180.89 Safari/537.1"
67.194.223.228 - ebander [18/Sep/2012:10:15:53 -0400] "GET /badges/pos101/courageous_failure.png HTTP/1.1" 200 8410 "https://www.gradecraft.com/badges" "Mozilla/5.0 (Macintosh; Intel Mac OS X 10_6_8) AppleWebKit/537.1 (KHTML, like Gecko) Chrome/21.0.1180.89 Safari/537.1"
67.194.223.228 - ebander [18/Sep/2012:10:15:53 -0400] "GET /badges/pos101/concentrator.png HTTP/1.1" 200 3739 "https://www.gradecraft.com/badges" "Mozilla/5.0 (Macintosh; Intel Mac OS X 10_6_8) AppleWebKit/537.1 (KHTML, like Gecko) Chrome/21.0.1180.89 Safari/537.1"
67.194.223.228 - ebander [18/Sep/2012:10:15:53 -0400] "GET /badges/pos101/early_bird_special.png HTTP/1.1" 200 4602 "https://www.gradecraft.com/badges" "Mozilla/5.0 (Macintosh; Intel Mac OS X 10_6_8) AppleWebKit/537.1 (KHTML, like Gecko) Chrome/21.0.1180.89 Safari/537.1"
67.194.223.228 - ebander [18/Sep/2012:10:15:53 -0400] "GET /badges/pos101/examination_expert.png HTTP/1.1" 200 4042 "https://www.gradecraft.com/badges" "Mozilla/5.0 (Macintosh; Intel Mac OS X 10_6_8) AppleWebKit/537.1 (KHTML, like Gecko) Chrome/21.0.1180.89 Safari/537.1"
67.194.223.228 - ebander [18/Sep/2012:10:15:53 -0400] "GET /badges/pos101/gaining_experience.png HTTP/1.1" 200 8458 "https://www.gradecraft.com/badges" "Mozilla/5.0 (Macintosh; Intel Mac OS X 10_6_8) AppleWebKit/537.1 (KHTML, like Gecko) Chrome/21.0.1180.89 Safari/537.1"
67.194.223.228 - ebander [18/Sep/2012:10:15:53 -0400] "GET /badges/pos101/gamer.png HTTP/1.1" 200 4378 "https://www.gradecraft.com/badges" "Mozilla/5.0 (Macintosh; Intel Mac OS X 10_6_8) AppleWebKit/537.1 (KHTML, like Gecko) Chrome/21.0.1180.89 Safari/537.1"
67.194.223.228 - ebander [18/Sep/2012:10:15:53 -0400] "GET /badges/pos101/level_one.png HTTP/1.1" 200 4458 "https://www.gradecraft.com/badges" "Mozilla/5.0 (Macintosh; Intel Mac OS X 10_6_8) AppleWebKit/537.1 (KHTML, like Gecko) Chrome/21.0.1180.89 Safari/537.1"
67.194.223.228 - ebander [18/Sep/2012:10:15:53 -0400] "GET /badges/pos101/personal.png HTTP/1.1" 200 4474 "https://www.gradecraft.com/badges" "Mozilla/5.0 (Macintosh; Intel Mac OS X 10_6_8) AppleWebKit/537.1 (KHTML, like Gecko) Chrome/21.0.1180.89 Safari/537.1"
67.194.223.228 - ebander [18/Sep/2012:10:15:53 -0400] "GET /badges/pos101/participatory_democrat.png HTTP/1.1" 200 5354 "https://www.gradecraft.com/badges" "Mozilla/5.0 (Macintosh; Intel Mac OS X 10_6_8) AppleWebKit/537.1 (KHTML, like Gecko) Chrome/21.0.1180.89 Safari/537.1"
67.194.223.228 - ebander [18/Sep/2012:10:15:53 -0400] "GET /badges/pos101/practice_makes_perfect.png HTTP/1.1" 200 6010 "https://www.gradecraft.com/badges" "Mozilla/5.0 (Macintosh; Intel Mac OS X 10_6_8) AppleWebKit/537.1 (KHTML, like Gecko) Chrome/21.0.1180.89 Safari/537.1"
67.194.223.228 - ebander [18/Sep/2012:10:15:53 -0400] "GET /badges/pos101/public_speaker.png HTTP/1.1" 200 5482 "https://www.gradecraft.com/badges" "Mozilla/5.0 (Macintosh; Intel Mac OS X 10_6_8) AppleWebKit/537.1 (KHTML, like Gecko) Chrome/21.0.1180.89 Safari/537.1"
67.194.223.228 - ebander [18/Sep/2012:10:15:53 -0400] "GET /badges/pos101/scribe.png HTTP/1.1" 200 3002 "https://www.gradecraft.com/badges" "Mozilla/5.0 (Macintosh; Intel Mac OS X 10_6_8) AppleWebKit/537.1 (KHTML, like Gecko) Chrome/21.0.1180.89 Safari/537.1"
67.194.223.228 - ebander [18/Sep/2012:10:15:53 -0400] "GET /badges/pos101/times_immemorial.png HTTP/1.1" 200 5722 "https://www.gradecraft.com/badges" "Mozilla/5.0 (Macintosh; Intel Mac OS X 10_6_8) AppleWebKit/537.1 (KHTML, like Gecko) Chrome/21.0.1180.89 Safari/537.1"
67.194.223.228 - ebander [18/Sep/2012:10:15:53 -0400] "GET /uploads/badge/icon/23/learning_from_mistakes.png HTTP/1.1" 404 1044 "https://www.gradecraft.com/badges" "Mozilla/5.0 (Macintosh; Intel Mac OS X 10_6_8) AppleWebKit/537.1 (KHTML, like Gecko) Chrome/21.0.1180.89 Safari/537.1"
67.194.97.214 - - [18/Sep/2012:10:18:59 -0400] "GET / HTTP/1.1" 302 3254 "https://sites.google.com/a/umich.edu/polsci101f2012/" "Mozilla/5.0 (Macintosh; U; Intel Mac OS X 10_5_7; en-us) AppleWebKit/530.19.2 (KHTML, like Gecko) Version/4.0.2 Safari/530.19"
67.194.97.214 - - [18/Sep/2012:10:19:00 -0400] "GET /cosign/valid?cosign-www.gradecraft.com=UI1YnH6nvjJaj3AoS2+a+9LrUsXv-FDOk1T7qhMLa6x+fi3+FW4Q+XuoJ4iTXdp0d9oEYT-lb1azb5qJC2f2wQ5muMxSmDeONYXMCADvDu2t7-yq+q1uPN+hXCez&https://www.gradecraft.com/ HTTP/1.1" 301 1006 "https://sites.google.com/a/umich.edu/polsci101f2012/" "Mozilla/5.0 (Macintosh; U; Intel Mac OS X 10_5_7; en-us) AppleWebKit/530.19.2 (KHTML, like Gecko) Version/4.0.2 Safari/530.19"
67.194.97.214 - jmruiz [18/Sep/2012:10:19:00 -0400] "GET / HTTP/1.1" 500 1166 "https://sites.google.com/a/umich.edu/polsci101f2012/" "Mozilla/5.0 (Macintosh; U; Intel Mac OS X 10_5_7; en-us) AppleWebKit/530.19.2 (KHTML, like Gecko) Version/4.0.2 Safari/530.19"
67.194.28.164 - dajomc [18/Sep/2012:10:24:29 -0400] "GET / HTTP/1.1" 500 4061 "-" "Mozilla/5.0 (Macintosh; Intel Mac OS X 10.7; rv:15.0) Gecko/20100101 Firefox/15.0"
67.194.104.210 - - [18/Sep/2012:10:25:38 -0400] "GET /dashboard HTTP/1.1" 302 3259 "-" "Mozilla/5.0 (Macintosh; Intel Mac OS X 10_8_1) AppleWebKit/536.25 (KHTML, like Gecko) Version/6.0 Safari/536.25"
67.194.126.154 - - [18/Sep/2012:10:28:04 -0400] "GET /assignments HTTP/1.1" 302 3805 "https://www.gradecraft.com/assignments/28" "Mozilla/5.0 (Windows NT 6.1; rv:14.0) Gecko/20100101 Firefox/14.0.1"
67.194.126.154 - - [18/Sep/2012:10:28:10 -0400] "GET /cosign/valid?cosign-www.gradecraft.com=jEtUgDFhMUHUSKTlMpsEG4wwRIgIPUUse2spSmdfBd56h5bmyK0LvRqYJYHN9DbrQRN6WRYVftLwBO9Dr7NZiYm4TbWjxo0ToT9lOj-rxDz6T7dszRK5uCkTDIxW&https://www.gradecraft.com/assignments HTTP/1.1" 301 900 "https://weblogin.umich.edu/?cosign-www.gradecraft.com&https://www.gradecraft.com/assignments" "Mozilla/5.0 (Windows NT 6.1; rv:14.0) Gecko/20100101 Firefox/14.0.1"
67.194.126.154 - petersob [18/Sep/2012:10:28:10 -0400] "GET /assignments HTTP/1.1" 200 5460 "https://weblogin.umich.edu/?cosign-www.gradecraft.com&https://www.gradecraft.com/assignments" "Mozilla/5.0 (Windows NT 6.1; rv:14.0) Gecko/20100101 Firefox/14.0.1"
67.194.126.154 - petersob [18/Sep/2012:10:28:11 -0400] "GET /assets/application-ae9afcefede0db68672464a1f0f30f59.css HTTP/1.1" 200 45133 "https://www.gradecraft.com/assignments" "Mozilla/5.0 (Windows NT 6.1; rv:14.0) Gecko/20100101 Firefox/14.0.1"
67.194.126.154 - petersob [18/Sep/2012:10:28:11 -0400] "GET /assets/stylesheets/cyborg.min.css HTTP/1.1" 200 16393 "https://www.gradecraft.com/assignments" "Mozilla/5.0 (Windows NT 6.1; rv:14.0) Gecko/20100101 Firefox/14.0.1"
67.194.126.154 - petersob [18/Sep/2012:10:28:12 -0400] "GET /assets/application-542000ad953fb19fdb62cdd04228c4b9.js HTTP/1.1" 200 202564 "https://www.gradecraft.com/assignments" "Mozilla/5.0 (Windows NT 6.1; rv:14.0) Gecko/20100101 Firefox/14.0.1"
67.194.126.154 - petersob [18/Sep/2012:10:28:25 -0400] "GET /assignments/28 HTTP/1.1" 200 13353 "https://www.gradecraft.com/assignments" "Mozilla/5.0 (Windows NT 6.1; rv:14.0) Gecko/20100101 Firefox/14.0.1"
67.194.126.154 - petersob [18/Sep/2012:10:30:50 -0400] "GET /assignments/28/grades/new?gradeable_id=205&gradeable_type=User HTTP/1.1" 200 7573 "https://www.gradecraft.com/assignments/28" "Mozilla/5.0 (Windows NT 6.1; rv:14.0) Gecko/20100101 Firefox/14.0.1"
67.194.126.154 - petersob [18/Sep/2012:10:30:59 -0400] "POST /assignments/28/grades HTTP/1.1" 302 1652 "https://www.gradecraft.com/assignments/28/grades/new?gradeable_id=205&gradeable_type=User" "Mozilla/5.0 (Windows NT 6.1; rv:14.0) Gecko/20100101 Firefox/14.0.1"
67.194.126.154 - petersob [18/Sep/2012:10:30:59 -0400] "GET /assignments/28 HTTP/1.1" 200 13593 "https://www.gradecraft.com/assignments/28/grades/new?gradeable_id=205&gradeable_type=User" "Mozilla/5.0 (Windows NT 6.1; rv:14.0) Gecko/20100101 Firefox/14.0.1"
67.194.126.154 - petersob [18/Sep/2012:10:32:58 -0400] "GET /assignments/28/grades/1231/edit HTTP/1.1" 200 7589 "https://www.gradecraft.com/assignments/28" "Mozilla/5.0 (Windows NT 6.1; rv:14.0) Gecko/20100101 Firefox/14.0.1"
67.194.126.154 - petersob [18/Sep/2012:10:33:05 -0400] "POST /assignments/28/grades/1231 HTTP/1.1" 302 1652 "https://www.gradecraft.com/assignments/28/grades/1231/edit" "Mozilla/5.0 (Windows NT 6.1; rv:14.0) Gecko/20100101 Firefox/14.0.1"
67.194.126.154 - petersob [18/Sep/2012:10:33:05 -0400] "GET /assignments/28 HTTP/1.1" 200 13593 "https://www.gradecraft.com/assignments/28/grades/1231/edit" "Mozilla/5.0 (Windows NT 6.1; rv:14.0) Gecko/20100101 Firefox/14.0.1"
67.194.90.231 - - [18/Sep/2012:10:36:32 -0400] "GET /dashboard HTTP/1.1" 302 3259 "-" "Mozilla/5.0 (Macintosh; Intel Mac OS X 10_8) AppleWebKit/536.25 (KHTML, like Gecko) Version/6.0 Safari/536.25"
67.194.90.231 - - [18/Sep/2012:10:36:32 -0400] "GET /cosign/valid?cosign-www.gradecraft.com=pMWbNU9MFDqXS+TnyViMgTK5aJyouBDfsYDFCXxi9P3c8XW2SDZ54+CjJPNG6i7h03sUFZNrzQJO0+RJgXHpb692J5KaIvTwK1LWKJ2mOjGcE4CCEoTBmhpL6iGH&https://www.gradecraft.com/dashboard HTTP/1.1" 301 900 "-" "Mozilla/5.0 (Macintosh; Intel Mac OS X 10_8) AppleWebKit/536.25 (KHTML, like Gecko) Version/6.0 Safari/536.25"
67.194.90.231 - jjsinger [18/Sep/2012:10:36:32 -0400] "GET /dashboard HTTP/1.1" 302 1364 "-" "Mozilla/5.0 (Macintosh; Intel Mac OS X 10_8) AppleWebKit/536.25 (KHTML, like Gecko) Version/6.0 Safari/536.25"
67.194.90.231 - jjsinger [18/Sep/2012:10:36:32 -0400] "GET /dashboard HTTP/1.1" 200 4532 "-" "Mozilla/5.0 (Macintosh; Intel Mac OS X 10_8) AppleWebKit/536.25 (KHTML, like Gecko) Version/6.0 Safari/536.25"
67.194.90.231 - jjsinger [18/Sep/2012:10:36:32 -0400] "GET /assets/stylesheets/cyborg.min.css HTTP/1.1" 200 16393 "https://www.gradecraft.com/dashboard" "Mozilla/5.0 (Macintosh; Intel Mac OS X 10_8) AppleWebKit/536.25 (KHTML, like Gecko) Version/6.0 Safari/536.25"
67.194.90.231 - jjsinger [18/Sep/2012:10:36:32 -0400] "GET /assets/application-ae9afcefede0db68672464a1f0f30f59.css HTTP/1.1" 200 45278 "https://www.gradecraft.com/dashboard" "Mozilla/5.0 (Macintosh; Intel Mac OS X 10_8) AppleWebKit/536.25 (KHTML, like Gecko) Version/6.0 Safari/536.25"
67.194.90.231 - jjsinger [18/Sep/2012:10:36:32 -0400] "GET /assets/application-542000ad953fb19fdb62cdd04228c4b9.js HTTP/1.1" 200 199481 "https://www.gradecraft.com/dashboard" "Mozilla/5.0 (Macintosh; Intel Mac OS X 10_8) AppleWebKit/536.25 (KHTML, like Gecko) Version/6.0 Safari/536.25"
67.194.90.231 - jjsinger [18/Sep/2012:10:36:32 -0400] "GET /users/predictor.json?user_id=356 HTTP/1.1" 200 1594 "https://www.gradecraft.com/dashboard" "Mozilla/5.0 (Macintosh; Intel Mac OS X 10_8) AppleWebKit/536.25 (KHTML, like Gecko) Version/6.0 Safari/536.25"
67.194.90.231 - jjsinger [18/Sep/2012:10:36:32 -0400] "GET /users/predictor.json?in_progress=true&user_id=356 HTTP/1.1" 200 1594 "https://www.gradecraft.com/dashboard" "Mozilla/5.0 (Macintosh; Intel Mac OS X 10_8) AppleWebKit/536.25 (KHTML, like Gecko) Version/6.0 Safari/536.25"
67.194.126.154 - petersob [18/Sep/2012:10:39:10 -0400] "GET / HTTP/1.1" 200 6733 "-" "Mozilla/5.0 (Windows NT 6.1; rv:14.0) Gecko/20100101 Firefox/14.0.1"
67.194.94.24 - - [18/Sep/2012:10:43:26 -0400] "GET / HTTP/1.1" 302 3254 "-" "Mozilla/5.0 (Macintosh; Intel Mac OS X 10_7_4) AppleWebKit/536.25 (KHTML, like Gecko) Version/6.0 Safari/536.25"
67.194.94.24 - - [18/Sep/2012:10:43:26 -0400] "GET /cosign/valid?cosign-www.gradecraft.com=eqvEWySBVF+33yOsXFRIrz+b4RAHPEI4tU8wTg3O0jThTMksyEy8hJ3+s37RAXUBlepNzCvvpZGgwfH+Yp5qOho4OmC4r8CRclYLPlkFrEAhv32e6WRvMq4MifuX&https://www.gradecraft.com/ HTTP/1.1" 301 868 "-" "Mozilla/5.0 (Macintosh; Intel Mac OS X 10_7_4) AppleWebKit/536.25 (KHTML, like Gecko) Version/6.0 Safari/536.25"
67.194.94.24 - rusnellb [18/Sep/2012:10:43:26 -0400] "GET / HTTP/1.1" 200 2484 "-" "Mozilla/5.0 (Macintosh; Intel Mac OS X 10_7_4) AppleWebKit/536.25 (KHTML, like Gecko) Version/6.0 Safari/536.25"
67.194.94.24 - rusnellb [18/Sep/2012:10:43:27 -0400] "GET /assets/application-ae9afcefede0db68672464a1f0f30f59.css HTTP/1.1" 200 45133 "https://www.gradecraft.com/" "Mozilla/5.0 (Macintosh; Intel Mac OS X 10_7_4) AppleWebKit/536.25 (KHTML, like Gecko) Version/6.0 Safari/536.25"
67.194.94.24 - rusnellb [18/Sep/2012:10:43:27 -0400] "GET /assets/application-542000ad953fb19fdb62cdd04228c4b9.js HTTP/1.1" 200 199474 "https://www.gradecraft.com/" "Mozilla/5.0 (Macintosh; Intel Mac OS X 10_7_4) AppleWebKit/536.25 (KHTML, like Gecko) Version/6.0 Safari/536.25"
67.194.94.24 - rusnellb [18/Sep/2012:10:43:43 -0400] "POST /user_sessions HTTP/1.1" 200 3150 "https://www.gradecraft.com/" "Mozilla/5.0 (Macintosh; Intel Mac OS X 10_7_4) AppleWebKit/536.25 (KHTML, like Gecko) Version/6.0 Safari/536.25"
67.194.94.24 - rusnellb [18/Sep/2012:10:44:01 -0400] "GET / HTTP/1.1" 304 959 "https://sites.google.com/a/umich.edu/polsci101f2012/readings?pli=1" "Mozilla/5.0 (Macintosh; Intel Mac OS X 10_7_4) AppleWebKit/536.25 (KHTML, like Gecko) Version/6.0 Safari/536.25"
67.194.94.24 - rusnellb [18/Sep/2012:10:44:13 -0400] "GET / HTTP/1.1" 304 959 "-" "Mozilla/5.0 (Macintosh; Intel Mac OS X 10_7_4) AppleWebKit/536.25 (KHTML, like Gecko) Version/6.0 Safari/536.25"
67.194.94.24 - rusnellb [18/Sep/2012:10:44:26 -0400] "POST /user_sessions HTTP/1.1" 200 3150 "https://www.gradecraft.com/" "Mozilla/5.0 (Macintosh; Intel Mac OS X 10_7_4) AppleWebKit/536.25 (KHTML, like Gecko) Version/6.0 Safari/536.25"
67.194.216.247 - - [18/Sep/2012:10:45:33 -0400] "GET / HTTP/1.1" 302 3254 "https://sites.google.com/a/umich.edu/polsci101f2012/course-structure/essays/essay1" "Mozilla/5.0 (Macintosh; Intel Mac OS X 10_7_2) AppleWebKit/534.51.22 (KHTML, like Gecko) Version/5.1.1 Safari/534.51.22"
67.194.216.247 - - [18/Sep/2012:10:45:33 -0400] "GET /cosign/valid?cosign-www.gradecraft.com=YvvSbGxCSGvgaMczh5+0MAzfs+p5owMYAuW7WOgzIh+aUjWCYCTcVfIzswbvcwGpMJzii0dJ2m3X3et2WTFnleox16gZp4hqo-58PISeVFgvXUqWipPQVP4OC2F2&https://www.gradecraft.com/ HTTP/1.1" 301 868 "https://sites.google.com/a/umich.edu/polsci101f2012/course-structure/essays/essay1" "Mozilla/5.0 (Macintosh; Intel Mac OS X 10_7_2) AppleWebKit/534.51.22 (KHTML, like Gecko) Version/5.1.1 Safari/534.51.22"
67.194.216.247 - bsgoldma [18/Sep/2012:10:45:33 -0400] "GET / HTTP/1.1" 200 2468 "https://sites.google.com/a/umich.edu/polsci101f2012/course-structure/essays/essay1" "Mozilla/5.0 (Macintosh; Intel Mac OS X 10_7_2) AppleWebKit/534.51.22 (KHTML, like Gecko) Version/5.1.1 Safari/534.51.22"
67.194.216.247 - bsgoldma [18/Sep/2012:10:45:33 -0400] "GET /assets/application-ae9afcefede0db68672464a1f0f30f59.css HTTP/1.1" 200 45133 "https://www.gradecraft.com/" "Mozilla/5.0 (Macintosh; Intel Mac OS X 10_7_2) AppleWebKit/534.51.22 (KHTML, like Gecko) Version/5.1.1 Safari/534.51.22"
67.194.216.247 - bsgoldma [18/Sep/2012:10:45:33 -0400] "GET /assets/application-542000ad953fb19fdb62cdd04228c4b9.js HTTP/1.1" 200 199474 "https://www.gradecraft.com/" "Mozilla/5.0 (Macintosh; Intel Mac OS X 10_7_2) AppleWebKit/534.51.22 (KHTML, like Gecko) Version/5.1.1 Safari/534.51.22"
67.194.33.122 - - [18/Sep/2012:10:45:40 -0400] "GET / HTTP/1.1" 302 3259 "-" "Mozilla/5.0 (Macintosh; Intel Mac OS X 10_8_1) AppleWebKit/536.25 (KHTML, like Gecko) Version/6.0 Safari/536.25"
67.194.216.247 - bsgoldma [18/Sep/2012:10:45:48 -0400] "POST /user_sessions HTTP/1.1" 200 3012 "https://www.gradecraft.com/" "Mozilla/5.0 (Macintosh; Intel Mac OS X 10_7_2) AppleWebKit/534.51.22 (KHTML, like Gecko) Version/5.1.1 Safari/534.51.22"
67.194.216.247 - bsgoldma [18/Sep/2012:10:46:00 -0400] "POST /user_sessions HTTP/1.1" 200 3012 "https://www.gradecraft.com/user_sessions" "Mozilla/5.0 (Macintosh; Intel Mac OS X 10_7_2) AppleWebKit/534.51.22 (KHTML, like Gecko) Version/5.1.1 Safari/534.51.22"
67.194.216.247 - bsgoldma [18/Sep/2012:10:46:20 -0400] "POST /user_sessions HTTP/1.1" 200 3150 "https://www.gradecraft.com/user_sessions" "Mozilla/5.0 (Macintosh; Intel Mac OS X 10_7_2) AppleWebKit/534.51.22 (KHTML, like Gecko) Version/5.1.1 Safari/534.51.22"
67.194.216.247 - bsgoldma [18/Sep/2012:10:46:29 -0400] "POST /user_sessions HTTP/1.1" 200 3012 "https://www.gradecraft.com/user_sessions" "Mozilla/5.0 (Macintosh; Intel Mac OS X 10_7_2) AppleWebKit/534.51.22 (KHTML, like Gecko) Version/5.1.1 Safari/534.51.22"
67.194.216.247 - bsgoldma [18/Sep/2012:10:46:37 -0400] "GET /user_sessions?utf8=%E2%9C%93&authenticity_token=howPPxmH6Tz0JlXrH%2FqHzGfQ4%2FGOUQ20oFF%2F6j9OHoA%3D&commit=Create+a+New+Password HTTP/1.1" 404 1044 "https://www.gradecraft.com/user_sessions" "Mozilla/5.0 (Macintosh; Intel Mac OS X 10_7_2) AppleWebKit/534.51.22 (KHTML, like Gecko) Version/5.1.1 Safari/534.51.22"
67.194.94.24 - rusnellb [18/Sep/2012:10:49:03 -0400] "GET /user_sessions?utf8=%E2%9C%93&authenticity_token=1h%2Ban6gBMTZZiRe9p%2BWYZqAXCiWQt26PxxBlBF2lDjI%3D&commit=Create+a+New+Password HTTP/1.1" 404 3558 "https://www.gradecraft.com/user_sessions" "Mozilla/5.0 (Macintosh; Intel Mac OS X 10_7_4) AppleWebKit/536.25 (KHTML, like Gecko) Version/6.0 Safari/536.25"
67.194.94.24 - rusnellb [18/Sep/2012:10:49:09 -0400] "GET /user_sessions?utf8=%E2%9C%93&authenticity_token=1h%2Ban6gBMTZZiRe9p%2BWYZqAXCiWQt26PxxBlBF2lDjI%3D&commit=Create+a+New+Password HTTP/1.1" 404 1044 "https://www.gradecraft.com/user_sessions" "Mozilla/5.0 (Macintosh; Intel Mac OS X 10_7_4) AppleWebKit/536.25 (KHTML, like Gecko) Version/6.0 Safari/536.25"
67.194.94.24 - rusnellb [18/Sep/2012:10:49:15 -0400] "GET /dashboard HTTP/1.1" 302 1444 "-" "Mozilla/5.0 (Macintosh; Intel Mac OS X 10_7_4) AppleWebKit/536.25 (KHTML, like Gecko) Version/6.0 Safari/536.25"
67.194.94.24 - rusnellb [18/Sep/2012:10:49:15 -0400] "GET /dashboard HTTP/1.1" 200 4548 "-" "Mozilla/5.0 (Macintosh; Intel Mac OS X 10_7_4) AppleWebKit/536.25 (KHTML, like Gecko) Version/6.0 Safari/536.25"
67.194.94.24 - rusnellb [18/Sep/2012:10:49:16 -0400] "GET /assets/stylesheets/cyborg.min.css HTTP/1.1" 200 16393 "https://www.gradecraft.com/dashboard" "Mozilla/5.0 (Macintosh; Intel Mac OS X 10_7_4) AppleWebKit/536.25 (KHTML, like Gecko) Version/6.0 Safari/536.25"
67.194.94.24 - rusnellb [18/Sep/2012:10:49:16 -0400] "GET /users/predictor.json?in_progress=true&user_id=195 HTTP/1.1" 200 1578 "https://www.gradecraft.com/dashboard" "Mozilla/5.0 (Macintosh; Intel Mac OS X 10_7_4) AppleWebKit/536.25 (KHTML, like Gecko) Version/6.0 Safari/536.25"
67.194.94.24 - rusnellb [18/Sep/2012:10:49:16 -0400] "GET /users/predictor.json?user_id=195 HTTP/1.1" 200 1732 "https://www.gradecraft.com/dashboard" "Mozilla/5.0 (Macintosh; Intel Mac OS X 10_7_4) AppleWebKit/536.25 (KHTML, like Gecko) Version/6.0 Safari/536.25"
67.194.94.24 - rusnellb [18/Sep/2012:10:49:36 -0400] "GET /dashboard HTTP/1.1" 304 1071 "https://www.gradecraft.com/dashboard" "Mozilla/5.0 (Macintosh; Intel Mac OS X 10_7_4) AppleWebKit/536.25 (KHTML, like Gecko) Version/6.0 Safari/536.25"
67.194.94.24 - rusnellb [18/Sep/2012:10:49:38 -0400] "GET /users/predictor.json?user_id=195 HTTP/1.1" 304 1023 "https://www.gradecraft.com/dashboard" "Mozilla/5.0 (Macintosh; Intel Mac OS X 10_7_4) AppleWebKit/536.25 (KHTML, like Gecko) Version/6.0 Safari/536.25"
67.194.94.24 - rusnellb [18/Sep/2012:10:49:38 -0400] "GET /users/predictor.json?in_progress=true&user_id=195 HTTP/1.1" 304 1023 "https://www.gradecraft.com/dashboard" "Mozilla/5.0 (Macintosh; Intel Mac OS X 10_7_4) AppleWebKit/536.25 (KHTML, like Gecko) Version/6.0 Safari/536.25"
67.194.94.24 - - [18/Sep/2012:10:53:57 -0400] "GET / HTTP/1.1" 302 3254 "-" "Mozilla/5.0 (Macintosh; Intel Mac OS X 10_7_4) AppleWebKit/536.25 (KHTML, like Gecko) Version/6.0 Safari/536.25"
67.194.83.228 - - [18/Sep/2012:10:54:16 -0400] "GET / HTTP/1.1" 302 3254 "-" "Mozilla/5.0 (Macintosh; Intel Mac OS X 10_7_4) AppleWebKit/536.25 (KHTML, like Gecko) Version/6.0 Safari/536.25"
67.194.83.228 - - [18/Sep/2012:10:54:20 -0400] "GET /cosign/valid?cosign-www.gradecraft.com=6GcZmiYzC1Ge4uH+k9mjymrrgPtdvwDnbVhp3U400cSefJRkyJsTN7ITS1EAAOY8mrfyXOwROs8v356n9xxAAZTxSZkbSLmVMs0bc3oHr1HztjY-tlN7gBDXsKOt&https://gradecraft.com/ HTTP/1.1" 301 3238 "https://weblogin.umich.edu/?cosign-www.gradecraft.com&https://gradecraft.com/" "Mozilla/5.0 (Macintosh; Intel Mac OS X 10_7_4) AppleWebKit/536.25 (KHTML, like Gecko) Version/6.0 Safari/536.25"
67.194.127.244 - - [18/Sep/2012:11:03:00 -0400] "GET /assignments/28/grades/self_log?gradeable_id=155&gradeable_type=User HTTP/1.1" 302 3355 "-" "Mozilla/5.0 (iPad; CPU OS 5_1_1 like Mac OS X) AppleWebKit/534.46 (KHTML, like Gecko) Version/5.1 Mobile/9B206 Safari/7534.48.3"
67.194.108.165 - - [18/Sep/2012:11:06:44 -0400] "GET /dashboard HTTP/1.1" 302 3201 "-" "VB Project"
67.194.108.165 - - [18/Sep/2012:11:06:46 -0400] "GET /dashboard HTTP/1.1" 302 3789 "https://www.gradecraft.com/assignments/28/grades/self_log?gradeable_id=161&gradeable_type=User" "Mozilla/5.0 (Windows NT 6.1; WOW64) AppleWebKit/537.1 (KHTML, like Gecko) Chrome/21.0.1180.89 Safari/537.1"
67.194.108.165 - - [18/Sep/2012:11:06:53 -0400] "GET /cosign/valid?cosign-www.gradecraft.com=2igEJFQ86T9K+lVemWNtsOOcWAaNuBUbrKyzx2XCn2rV0gBZiFWpBJldKKND6Lk7rFG-pNjbETgCPTCl9PiEn4GbIflt4xO7wUEfGmXXWKSJGOh1+Qwk4m92euTq&https://www.gradecraft.com/dashboard HTTP/1.1" 301 900 "https://weblogin.umich.edu/?cosign-www.gradecraft.com&https://www.gradecraft.com/dashboard" "Mozilla/5.0 (Windows NT 6.1; WOW64) AppleWebKit/537.1 (KHTML, like Gecko) Chrome/21.0.1180.89 Safari/537.1"
67.194.108.165 - allportk [18/Sep/2012:11:06:53 -0400] "GET /dashboard HTTP/1.1" 200 4548 "https://weblogin.umich.edu/?cosign-www.gradecraft.com&https://www.gradecraft.com/dashboard" "Mozilla/5.0 (Windows NT 6.1; WOW64) AppleWebKit/537.1 (KHTML, like Gecko) Chrome/21.0.1180.89 Safari/537.1"
67.194.108.165 - allportk [18/Sep/2012:11:06:53 -0400] "GET /assets/stylesheets/cyborg.min.css HTTP/1.1" 200 19426 "https://www.gradecraft.com/dashboard" "Mozilla/5.0 (Windows NT 6.1; WOW64) AppleWebKit/537.1 (KHTML, like Gecko) Chrome/21.0.1180.89 Safari/537.1"
67.194.108.165 - allportk [18/Sep/2012:11:06:53 -0400] "GET /assets/application-ae9afcefede0db68672464a1f0f30f59.css HTTP/1.1" 200 45133 "https://www.gradecraft.com/dashboard" "Mozilla/5.0 (Windows NT 6.1; WOW64) AppleWebKit/537.1 (KHTML, like Gecko) Chrome/21.0.1180.89 Safari/537.1"
67.194.108.165 - allportk [18/Sep/2012:11:06:53 -0400] "GET /assets/application-542000ad953fb19fdb62cdd04228c4b9.js HTTP/1.1" 200 202369 "https://www.gradecraft.com/dashboard" "Mozilla/5.0 (Windows NT 6.1; WOW64) AppleWebKit/537.1 (KHTML, like Gecko) Chrome/21.0.1180.89 Safari/537.1"
67.194.108.165 - allportk [18/Sep/2012:11:06:54 -0400] "GET /users/predictor.json?user_id=161 HTTP/1.1" 304 869 "https://www.gradecraft.com/dashboard" "Mozilla/5.0 (Windows NT 6.1; WOW64) AppleWebKit/537.1 (KHTML, like Gecko) Chrome/21.0.1180.89 Safari/537.1"
67.194.108.165 - allportk [18/Sep/2012:11:06:54 -0400] "GET /users/predictor.json?in_progress=true&user_id=161 HTTP/1.1" 304 869 "https://www.gradecraft.com/dashboard" "Mozilla/5.0 (Windows NT 6.1; WOW64) AppleWebKit/537.1 (KHTML, like Gecko) Chrome/21.0.1180.89 Safari/537.1"
67.194.219.16 - - [18/Sep/2012:11:07:34 -0400] "GET /dashboard HTTP/1.1" 302 3254 "-" "Mozilla/5.0 (Macintosh; Intel Mac OS X 10_7_4) AppleWebKit/536.25 (KHTML, like Gecko) Version/6.0 Safari/536.25"
67.194.219.16 - - [18/Sep/2012:11:07:44 -0400] "GET /cosign/valid?cosign-www.gradecraft.com=PJlWEsB7dUnwlX0zU6PiELW4Eo3xiH3VMXYB08ErgxO3ahnDlHW6fxhP4LKumBuzkZ0lOfEaOKa-FJ05-tjQfHEIFXrA2qUwiMvK4YsSjsYE2PN2ryvFAjSUHPXW&https://www.gradecraft.com/dashboard HTTP/1.1" 301 900 "https://weblogin.umich.edu/?cosign-www.gradecraft.com&https://www.gradecraft.com/dashboard" "Mozilla/5.0 (Macintosh; Intel Mac OS X 10_7_4) AppleWebKit/536.25 (KHTML, like Gecko) Version/6.0 Safari/536.25"
67.194.219.16 - barnesbr [18/Sep/2012:11:07:44 -0400] "GET /dashboard HTTP/1.1" 200 4548 "https://weblogin.umich.edu/?cosign-www.gradecraft.com&https://www.gradecraft.com/dashboard" "Mozilla/5.0 (Macintosh; Intel Mac OS X 10_7_4) AppleWebKit/536.25 (KHTML, like Gecko) Version/6.0 Safari/536.25"
67.194.219.16 - barnesbr [18/Sep/2012:11:07:47 -0400] "GET /assets/application-ae9afcefede0db68672464a1f0f30f59.css HTTP/1.1" 200 45133 "https://www.gradecraft.com/dashboard" "Mozilla/5.0 (Macintosh; Intel Mac OS X 10_7_4) AppleWebKit/536.25 (KHTML, like Gecko) Version/6.0 Safari/536.25"
67.194.219.16 - barnesbr [18/Sep/2012:11:07:47 -0400] "GET /assets/stylesheets/cyborg.min.css HTTP/1.1" 200 16531 "https://www.gradecraft.com/dashboard" "Mozilla/5.0 (Macintosh; Intel Mac OS X 10_7_4) AppleWebKit/536.25 (KHTML, like Gecko) Version/6.0 Safari/536.25"
67.194.219.16 - barnesbr [18/Sep/2012:11:07:47 -0400] "GET /assets/application-542000ad953fb19fdb62cdd04228c4b9.js HTTP/1.1" 200 199474 "https://www.gradecraft.com/dashboard" "Mozilla/5.0 (Macintosh; Intel Mac OS X 10_7_4) AppleWebKit/536.25 (KHTML, like Gecko) Version/6.0 Safari/536.25"
67.194.219.16 - barnesbr [18/Sep/2012:11:07:47 -0400] "GET /users/predictor.json?user_id=162 HTTP/1.1" 200 1578 "https://www.gradecraft.com/dashboard" "Mozilla/5.0 (Macintosh; Intel Mac OS X 10_7_4) AppleWebKit/536.25 (KHTML, like Gecko) Version/6.0 Safari/536.25"
67.194.219.16 - barnesbr [18/Sep/2012:11:07:47 -0400] "GET /users/predictor.json?in_progress=true&user_id=162 HTTP/1.1" 200 1578 "https://www.gradecraft.com/dashboard" "Mozilla/5.0 (Macintosh; Intel Mac OS X 10_7_4) AppleWebKit/536.25 (KHTML, like Gecko) Version/6.0 Safari/536.25"
67.194.219.16 - - [18/Sep/2012:11:08:28 -0400] "GET / HTTP/1.1" 302 3254 "-" "Mozilla/5.0 (Macintosh; Intel Mac OS X 10_7_4) AppleWebKit/536.25 (KHTML, like Gecko) Version/6.0 Safari/536.25"
67.194.222.218 - - [18/Sep/2012:11:08:46 -0400] "GET / HTTP/1.1" 302 3259 "https://sites.google.com/a/umich.edu/polsci101f2012/readings" "Mozilla/5.0 (Macintosh; Intel Mac OS X 10_8_1) AppleWebKit/536.25 (KHTML, like Gecko) Version/6.0 Safari/536.25"
67.194.222.218 - - [18/Sep/2012:11:08:47 -0400] "GET /cosign/valid?cosign-www.gradecraft.com=RGSPlKTMpVqz94EIP9BsEpgLWPOwXr7lrLBIYx9YiQDNT1kOH4BlXS9vDG5hv1DUntFuDnoroAxUV9R+Qoy92-IEC5M2CIzsC37nKk3A7Vxc8M5yIKlMR8UVFLZ8&https://www.gradecraft.com/ HTTP/1.1" 301 868 "https://sites.google.com/a/umich.edu/polsci101f2012/readings" "Mozilla/5.0 (Macintosh; Intel Mac OS X 10_8_1) AppleWebKit/536.25 (KHTML, like Gecko) Version/6.0 Safari/536.25"
67.194.222.218 - scfinkel [18/Sep/2012:11:08:47 -0400] "GET / HTTP/1.1" 200 2484 "https://sites.google.com/a/umich.edu/polsci101f2012/readings" "Mozilla/5.0 (Macintosh; Intel Mac OS X 10_8_1) AppleWebKit/536.25 (KHTML, like Gecko) Version/6.0 Safari/536.25"
67.194.222.218 - scfinkel [18/Sep/2012:11:08:47 -0400] "GET /assets/application-ae9afcefede0db68672464a1f0f30f59.css HTTP/1.1" 200 45278 "https://www.gradecraft.com/" "Mozilla/5.0 (Macintosh; Intel Mac OS X 10_8_1) AppleWebKit/536.25 (KHTML, like Gecko) Version/6.0 Safari/536.25"
67.194.222.218 - scfinkel [18/Sep/2012:11:08:47 -0400] "GET /assets/application-542000ad953fb19fdb62cdd04228c4b9.js HTTP/1.1" 200 199336 "https://www.gradecraft.com/" "Mozilla/5.0 (Macintosh; Intel Mac OS X 10_8_1) AppleWebKit/536.25 (KHTML, like Gecko) Version/6.0 Safari/536.25"
67.194.222.218 - scfinkel [18/Sep/2012:11:08:47 -0400] "GET /favicon.ico HTTP/1.1" 200 4795 "https://www.gradecraft.com/" "Mozilla/5.0 (Macintosh; Intel Mac OS X 10_8_1) AppleWebKit/536.25 (KHTML, like Gecko) Version/6.0 Safari/536.25"
67.194.12.84 - - [18/Sep/2012:11:08:52 -0400] "GET / HTTP/1.1" 302 3984 "-" "Mozilla/5.0 (Windows NT 6.1; WOW64) AppleWebKit/537.1 (KHTML, like Gecko) Chrome/21.0.1180.89 Safari/537.1"
67.194.12.84 - - [18/Sep/2012:11:08:52 -0400] "GET /cosign/valid?cosign-www.gradecraft.com=e1yu-6xRB9qJSI64LTHZlaJ4xgKgPoTgh+oXnZboRzeHQV27mmzg7sE-mtrwgypTUUqxcMd4JUBsC1UHv4kgLjMcfOKJiMNkixYf6CeF0QniKlKMZf+SZ2LLUpHL&https://www.gradecraft.com/ HTTP/1.1" 301 868 "-" "Mozilla/5.0 (Windows NT 6.1; WOW64) AppleWebKit/537.1 (KHTML, like Gecko) Chrome/21.0.1180.89 Safari/537.1"
67.194.12.84 - bethomp [18/Sep/2012:11:08:53 -0400] "GET / HTTP/1.1" 200 2484 "-" "Mozilla/5.0 (Windows NT 6.1; WOW64) AppleWebKit/537.1 (KHTML, like Gecko) Chrome/21.0.1180.89 Safari/537.1"
67.194.12.84 - bethomp [18/Sep/2012:11:08:53 -0400] "GET /assets/application-ae9afcefede0db68672464a1f0f30f59.css HTTP/1.1" 200 45133 "https://www.gradecraft.com/" "Mozilla/5.0 (Windows NT 6.1; WOW64) AppleWebKit/537.1 (KHTML, like Gecko) Chrome/21.0.1180.89 Safari/537.1"
67.194.12.84 - bethomp [18/Sep/2012:11:08:53 -0400] "GET /assets/application-542000ad953fb19fdb62cdd04228c4b9.js HTTP/1.1" 200 202564 "https://www.gradecraft.com/" "Mozilla/5.0 (Windows NT 6.1; WOW64) AppleWebKit/537.1 (KHTML, like Gecko) Chrome/21.0.1180.89 Safari/537.1"
67.194.22.206 - - [18/Sep/2012:11:08:59 -0400] "GET / HTTP/1.1" 302 3789 "-" "Mozilla/5.0 (Macintosh; Intel Mac OS X 10_7_4) AppleWebKit/537.1 (KHTML, like Gecko) Chrome/21.0.1180.89 Safari/537.1"
67.194.222.218 - scfinkel [18/Sep/2012:11:09:05 -0400] "POST /user_sessions HTTP/1.1" 200 3157 "https://www.gradecraft.com/" "Mozilla/5.0 (Macintosh; Intel Mac OS X 10_8_1) AppleWebKit/536.25 (KHTML, like Gecko) Version/6.0 Safari/536.25"
67.194.22.206 - - [18/Sep/2012:11:09:10 -0400] "GET /cosign/valid?cosign-www.gradecraft.com=QCYPfxvFxU6nPQty3elSWOStqiYYNmOSAet2DHQDBtLppmnosWIiezbPqaBKvnZ5AK-JSfzFwZ5YZxdkbswTIj+QnAWnjA529k3EC4xch7OxaoQQeBeVrwx631MG&https://www.gradecraft.com/ HTTP/1.1" 301 868 "https://weblogin.umich.edu/?cosign-www.gradecraft.com&https://www.gradecraft.com/" "Mozilla/5.0 (Macintosh; Intel Mac OS X 10_7_4) AppleWebKit/537.1 (KHTML, like Gecko) Chrome/21.0.1180.89 Safari/537.1"
67.194.22.206 - smithlu [18/Sep/2012:11:09:10 -0400] "GET / HTTP/1.1" 500 1028 "https://weblogin.umich.edu/?cosign-www.gradecraft.com&https://www.gradecraft.com/" "Mozilla/5.0 (Macintosh; Intel Mac OS X 10_7_4) AppleWebKit/537.1 (KHTML, like Gecko) Chrome/21.0.1180.89 Safari/537.1"
67.194.22.206 - smithlu [18/Sep/2012:11:09:13 -0400] "GET / HTTP/1.1" 500 4061 "https://weblogin.umich.edu/?cosign-www.gradecraft.com&https://www.gradecraft.com/" "Mozilla/5.0 (Macintosh; Intel Mac OS X 10_7_4) AppleWebKit/537.1 (KHTML, like Gecko) Chrome/21.0.1180.89 Safari/537.1"
67.194.12.84 - bethomp [18/Sep/2012:11:09:16 -0400] "GET / HTTP/1.1" 304 966 "-" "Mozilla/5.0 (Windows NT 6.1; WOW64) AppleWebKit/537.1 (KHTML, like Gecko) Chrome/21.0.1180.89 Safari/537.1"
67.194.222.218 - scfinkel [18/Sep/2012:11:09:16 -0400] "GET / HTTP/1.1" 304 821 "https://sites.google.com/a/umich.edu/polsci101f2012/home" "Mozilla/5.0 (Macintosh; Intel Mac OS X 10_8_1) AppleWebKit/536.25 (KHTML, like Gecko) Version/6.0 Safari/536.25"
67.194.22.206 - - [18/Sep/2012:11:09:18 -0400] "GET /cosign/valid?cosign-www.gradecraft.com=9IwJW8CYHLBnpLUOew51n1pxP31h8RGwgqSmqxUouVwKUv9OYI1qi+ZLmg9jORgXnmh+YPVHAPBoVEpeQIqxuuq-dcUHqRdjmX-ZMUe2KxS8Ig2rcuNTy1Gr4Brb&https://www.gradecraft.com/ HTTP/1.1" 301 3901 "-" "Mozilla/5.0 (Macintosh; Intel Mac OS X 10_7_4) AppleWebKit/537.1 (KHTML, like Gecko) Chrome/21.0.1180.89 Safari/537.1"
67.194.222.218 - scfinkel [18/Sep/2012:11:09:23 -0400] "POST /user_sessions HTTP/1.1" 200 2996 "https://www.gradecraft.com/" "Mozilla/5.0 (Macintosh; Intel Mac OS X 10_8_1) AppleWebKit/536.25 (KHTML, like Gecko) Version/6.0 Safari/536.25"
67.194.222.218 - scfinkel [18/Sep/2012:11:09:30 -0400] "POST /user_sessions HTTP/1.1" 200 2996 "https://www.gradecraft.com/user_sessions" "Mozilla/5.0 (Macintosh; Intel Mac OS X 10_8_1) AppleWebKit/536.25 (KHTML, like Gecko) Version/6.0 Safari/536.25"
67.194.12.84 - bethomp [18/Sep/2012:11:09:41 -0400] "GET / HTTP/1.1" 304 966 "-" "Mozilla/5.0 (Windows NT 6.1; WOW64) AppleWebKit/537.1 (KHTML, like Gecko) Chrome/21.0.1180.89 Safari/537.1"
67.194.222.218 - scfinkel [18/Sep/2012:11:09:46 -0400] "GET /dashboard HTTP/1.1" 302 1589 "-" "Mozilla/5.0 (Macintosh; Intel Mac OS X 10_8_1) AppleWebKit/536.25 (KHTML, like Gecko) Version/6.0 Safari/536.25"
67.194.222.218 - scfinkel [18/Sep/2012:11:09:46 -0400] "GET /dashboard HTTP/1.1" 200 4564 "-" "Mozilla/5.0 (Macintosh; Intel Mac OS X 10_8_1) AppleWebKit/536.25 (KHTML, like Gecko) Version/6.0 Safari/536.25"
67.194.222.218 - scfinkel [18/Sep/2012:11:09:46 -0400] "GET /assets/stylesheets/cyborg.min.css HTTP/1.1" 200 16393 "https://www.gradecraft.com/dashboard" "Mozilla/5.0 (Macintosh; Intel Mac OS X 10_8_1) AppleWebKit/536.25 (KHTML, like Gecko) Version/6.0 Safari/536.25"
67.194.222.218 - scfinkel [18/Sep/2012:11:09:47 -0400] "GET /users/predictor.json?in_progress=true&user_id=167 HTTP/1.1" 200 1739 "https://www.gradecraft.com/dashboard" "Mozilla/5.0 (Macintosh; Intel Mac OS X 10_8_1) AppleWebKit/536.25 (KHTML, like Gecko) Version/6.0 Safari/536.25"
67.194.222.218 - scfinkel [18/Sep/2012:11:09:47 -0400] "GET /users/predictor.json?user_id=167 HTTP/1.1" 200 1594 "https://www.gradecraft.com/dashboard" "Mozilla/5.0 (Macintosh; Intel Mac OS X 10_8_1) AppleWebKit/536.25 (KHTML, like Gecko) Version/6.0 Safari/536.25"
67.194.12.84 - bethomp [18/Sep/2012:11:09:54 -0400] "POST /user_sessions HTTP/1.1" 200 3012 "https://www.gradecraft.com/" "Mozilla/5.0 (Windows NT 6.1; WOW64) AppleWebKit/537.1 (KHTML, like Gecko) Chrome/21.0.1180.89 Safari/537.1"
67.194.103.109 - - [18/Sep/2012:11:10:01 -0400] "GET /dashboard HTTP/1.1" 302 3984 "-" "Mozilla/5.0 (Windows NT 6.1; WOW64) AppleWebKit/537.1 (KHTML, like Gecko) Chrome/21.0.1180.89 Safari/537.1"
67.194.103.109 - - [18/Sep/2012:11:10:08 -0400] "GET /cosign/valid?cosign-www.gradecraft.com=eFFsg+CJ9CGJCJ+768gX9cTErj-RW-Msj8sa8bezoPFuCmI4CZA5RXRym3OEpPbGPvfPcW2iMDkrvO6voEBXeQDYmocAJ9lNdxm-J5tBGtJ+ckgXo9CtgnbV1Wki&https://www.gradecraft.com/dashboard HTTP/1.1" 301 900 "https://weblogin.umich.edu/?cosign-www.gradecraft.com&https://www.gradecraft.com/dashboard" "Mozilla/5.0 (Windows NT 6.1; WOW64) AppleWebKit/537.1 (KHTML, like Gecko) Chrome/21.0.1180.89 Safari/537.1"
67.194.103.109 - hjsim [18/Sep/2012:11:10:08 -0400] "GET /dashboard HTTP/1.1" 200 4548 "https://weblogin.umich.edu/?cosign-www.gradecraft.com&https://www.gradecraft.com/dashboard" "Mozilla/5.0 (Windows NT 6.1; WOW64) AppleWebKit/537.1 (KHTML, like Gecko) Chrome/21.0.1180.89 Safari/537.1"
67.194.103.109 - hjsim [18/Sep/2012:11:10:08 -0400] "GET /assets/stylesheets/cyborg.min.css HTTP/1.1" 200 19621 "https://www.gradecraft.com/dashboard" "Mozilla/5.0 (Windows NT 6.1; WOW64) AppleWebKit/537.1 (KHTML, like Gecko) Chrome/21.0.1180.89 Safari/537.1"
67.194.103.109 - hjsim [18/Sep/2012:11:10:08 -0400] "GET /assets/application-ae9afcefede0db68672464a1f0f30f59.css HTTP/1.1" 200 45133 "https://www.gradecraft.com/dashboard" "Mozilla/5.0 (Windows NT 6.1; WOW64) AppleWebKit/537.1 (KHTML, like Gecko) Chrome/21.0.1180.89 Safari/537.1"
67.194.103.109 - hjsim [18/Sep/2012:11:10:08 -0400] "GET /assets/application-542000ad953fb19fdb62cdd04228c4b9.js HTTP/1.1" 200 202564 "https://www.gradecraft.com/dashboard" "Mozilla/5.0 (Windows NT 6.1; WOW64) AppleWebKit/537.1 (KHTML, like Gecko) Chrome/21.0.1180.89 Safari/537.1"
67.194.103.109 - hjsim [18/Sep/2012:11:10:09 -0400] "GET /users/predictor.json?user_id=334 HTTP/1.1" 304 885 "https://www.gradecraft.com/dashboard" "Mozilla/5.0 (Windows NT 6.1; WOW64) AppleWebKit/537.1 (KHTML, like Gecko) Chrome/21.0.1180.89 Safari/537.1"
67.194.103.109 - hjsim [18/Sep/2012:11:10:09 -0400] "GET /users/predictor.json?in_progress=true&user_id=334 HTTP/1.1" 304 885 "https://www.gradecraft.com/dashboard" "Mozilla/5.0 (Windows NT 6.1; WOW64) AppleWebKit/537.1 (KHTML, like Gecko) Chrome/21.0.1180.89 Safari/537.1"
67.194.12.84 - bethomp [18/Sep/2012:11:10:20 -0400] "POST /user_sessions HTTP/1.1" 200 3141 "https://www.gradecraft.com/user_sessions" "Mozilla/5.0 (Windows NT 6.1; WOW64) AppleWebKit/537.1 (KHTML, like Gecko) Chrome/21.0.1180.89 Safari/537.1"
67.194.12.84 - bethomp [18/Sep/2012:11:10:35 -0400] "GET /favicon.ico HTTP/1.1" 200 4650 "-" "Mozilla/5.0 (Windows NT 6.1; WOW64) AppleWebKit/537.1 (KHTML, like Gecko) Chrome/21.0.1180.89 Safari/537.1"
67.194.12.84 - bethomp [18/Sep/2012:11:10:41 -0400] "GET / HTTP/1.1" 304 966 "-" "Mozilla/5.0 (Windows NT 6.1; WOW64) AppleWebKit/537.1 (KHTML, like Gecko) Chrome/21.0.1180.89 Safari/537.1"
67.194.12.84 - bethomp [18/Sep/2012:11:12:13 -0400] "GET / HTTP/1.1" 304 966 "https://sites.google.com/a/umich.edu/polsci101f2012/readings/blogs" "Mozilla/5.0 (Windows NT 6.1; WOW64) AppleWebKit/537.1 (KHTML, like Gecko) Chrome/21.0.1180.89 Safari/537.1"
67.194.22.206 - smithlu [18/Sep/2012:11:12:26 -0400] "GET / HTTP/1.1" 500 4256 "-" "Mozilla/5.0 (Macintosh; Intel Mac OS X 10_7_4) AppleWebKit/537.1 (KHTML, like Gecko) Chrome/21.0.1180.89 Safari/537.1"
67.194.23.116 - ewags [18/Sep/2012:11:13:07 -0400] "GET / HTTP/1.1" 500 3526 "-" "Mozilla/5.0 (Macintosh; Intel Mac OS X 10_7_4) AppleWebKit/536.25 (KHTML, like Gecko) Version/6.0 Safari/536.25"
67.194.23.116 - ewags [18/Sep/2012:11:13:23 -0400] "GET / HTTP/1.1" 500 1166 "-" "Mozilla/5.0 (Macintosh; Intel Mac OS X 10_7_4) AppleWebKit/536.25 (KHTML, like Gecko) Version/6.0 Safari/536.25"
67.194.24.55 - - [18/Sep/2012:11:13:58 -0400] "GET / HTTP/1.1" 302 3254 "-" "Mozilla/5.0 (Macintosh; Intel Mac OS X 10_7_4) AppleWebKit/536.25 (KHTML, like Gecko) Version/6.0 Safari/536.25"
67.194.24.55 - - [18/Sep/2012:11:13:58 -0400] "GET /cosign/valid?cosign-www.gradecraft.com=2SYTmy7s8QQvEIaM20fV6A5dV4d8uU25ei0YInYOq0hjB7IOsDP+Y7X1mO0pA8eMbrVfOP0QPKlvQFWgh8IgYrgq6g798qUslgY-7pSTMIuwSZwCvLiUS5s0wxo5&https://www.gradecraft.com/ HTTP/1.1" 301 868 "-" "Mozilla/5.0 (Macintosh; Intel Mac OS X 10_7_4) AppleWebKit/536.25 (KHTML, like Gecko) Version/6.0 Safari/536.25"
67.194.24.55 - kleingck [18/Sep/2012:11:13:58 -0400] "GET / HTTP/1.1" 200 2468 "-" "Mozilla/5.0 (Macintosh; Intel Mac OS X 10_7_4) AppleWebKit/536.25 (KHTML, like Gecko) Version/6.0 Safari/536.25"
67.194.24.55 - kleingck [18/Sep/2012:11:13:58 -0400] "GET /assets/application-ae9afcefede0db68672464a1f0f30f59.css HTTP/1.1" 200 45133 "https://www.gradecraft.com/" "Mozilla/5.0 (Macintosh; Intel Mac OS X 10_7_4) AppleWebKit/536.25 (KHTML, like Gecko) Version/6.0 Safari/536.25"
67.194.24.55 - kleingck [18/Sep/2012:11:13:58 -0400] "GET /assets/application-542000ad953fb19fdb62cdd04228c4b9.js HTTP/1.1" 200 199474 "https://www.gradecraft.com/" "Mozilla/5.0 (Macintosh; Intel Mac OS X 10_7_4) AppleWebKit/536.25 (KHTML, like Gecko) Version/6.0 Safari/536.25"
67.194.24.55 - kleingck [18/Sep/2012:11:14:14 -0400] "POST /user_sessions HTTP/1.1" 200 3150 "https://www.gradecraft.com/" "Mozilla/5.0 (Macintosh; Intel Mac OS X 10_7_4) AppleWebKit/536.25 (KHTML, like Gecko) Version/6.0 Safari/536.25"
67.194.108.165 - - [18/Sep/2012:11:14:22 -0400] "GET /dashboard HTTP/1.1" 302 3201 "-" "VB Project"
67.194.22.206 - smithlu [18/Sep/2012:11:14:32 -0400] "GET / HTTP/1.1" 500 1173 "-" "Mozilla/5.0 (Macintosh; Intel Mac OS X 10_7_4) AppleWebKit/537.1 (KHTML, like Gecko) Chrome/21.0.1180.89 Safari/537.1"
67.194.24.55 - kleingck [18/Sep/2012:11:14:33 -0400] "POST /user_sessions HTTP/1.1" 200 3150 "https://www.gradecraft.com/user_sessions" "Mozilla/5.0 (Macintosh; Intel Mac OS X 10_7_4) AppleWebKit/536.25 (KHTML, like Gecko) Version/6.0 Safari/536.25"
67.194.109.81 - - [18/Sep/2012:11:14:34 -0400] "GET / HTTP/1.1" 302 3789 "-" "Mozilla/5.0 (Macintosh; Intel Mac OS X 10_8_0) AppleWebKit/537.1 (KHTML, like Gecko) Chrome/21.0.1180.89 Safari/537.1"
35.0.85.75 - - [18/Sep/2012:11:14:40 -0400] "GET / HTTP/1.1" 302 3259 "-" "Mozilla/5.0 (Macintosh; Intel Mac OS X 10_8) AppleWebKit/536.25 (KHTML, like Gecko) Version/6.0 Safari/536.25"
67.194.109.81 - - [18/Sep/2012:11:14:41 -0400] "GET /cosign/valid?cosign-www.gradecraft.com=hrvxc1NGtdPN4mjkR4uM9VPZL3jyqGTCx5iia2ZYVkMcgHq2tWaIjKc9u3Acddfmvz8TGIvUPRCn9tz5dCEYmxPq0dpvVtZSlZmkY8XnVD40e61GHLt4iNgGntr7&https://gradecraft.com/ HTTP/1.1" 301 3968 "https://weblogin.umich.edu/?cosign-www.gradecraft.com&https://gradecraft.com/" "Mozilla/5.0 (Macintosh; Intel Mac OS X 10_8_0) AppleWebKit/537.1 (KHTML, like Gecko) Chrome/21.0.1180.89 Safari/537.1"
35.0.85.75 - - [18/Sep/2012:11:14:41 -0400] "GET /cosign/valid?cosign-www.gradecraft.com=70q-WEqlkycWU6XYOzxmsT6E5AbDcrLRN4wMI9aPBjvVxRZfEIMvdBx2X-2XyVhBjNAZWVM1OYTurr+zCZC3ZzKPlGTawhAc05xEgVW0FsZRFXFMeHRJi2pI8FI2&https://gradecraft.com/ HTTP/1.1" 301 3243 "-" "Mozilla/5.0 (Macintosh; Intel Mac OS X 10_8) AppleWebKit/536.25 (KHTML, like Gecko) Version/6.0 Safari/536.25"
67.194.24.55 - kleingck [18/Sep/2012:11:14:42 -0400] "POST /user_sessions HTTP/1.1" 200 3012 "https://www.gradecraft.com/user_sessions" "Mozilla/5.0 (Macintosh; Intel Mac OS X 10_7_4) AppleWebKit/536.25 (KHTML, like Gecko) Version/6.0 Safari/536.25"
35.0.85.75 - - [18/Sep/2012:11:14:46 -0400] "GET / HTTP/1.1" 302 756 "-" "Mozilla/5.0 (Macintosh; Intel Mac OS X 10_8) AppleWebKit/536.25 (KHTML, like Gecko) Version/6.0 Safari/536.25"
35.0.85.75 - - [18/Sep/2012:11:14:46 -0400] "GET /cosign/valid?cosign-www.gradecraft.com=Ndhvsgyt2ceqJUCIlXm3e4Vm+pOj9SwtUlLCyyjTDTAKV61xMrrHR74gFReElvCL55u6SBRxkgZ1S58NawRw6QsvuVVENBYPZRoZ+zjDh0kueUzZ0yJyvwdVN4x2&https://www.gradecraft.com/ HTTP/1.1" 301 868 "-" "Mozilla/5.0 (Macintosh; Intel Mac OS X 10_8) AppleWebKit/536.25 (KHTML, like Gecko) Version/6.0 Safari/536.25"
35.0.85.75 - meltjen [18/Sep/2012:11:14:46 -0400] "GET / HTTP/1.1" 200 2468 "-" "Mozilla/5.0 (Macintosh; Intel Mac OS X 10_8) AppleWebKit/536.25 (KHTML, like Gecko) Version/6.0 Safari/536.25"
35.0.85.75 - meltjen [18/Sep/2012:11:14:46 -0400] "GET /assets/application-ae9afcefede0db68672464a1f0f30f59.css HTTP/1.1" 200 45133 "https://www.gradecraft.com/" "Mozilla/5.0 (Macintosh; Intel Mac OS X 10_8) AppleWebKit/536.25 (KHTML, like Gecko) Version/6.0 Safari/536.25"
35.0.80.210 - - [18/Sep/2012:11:14:51 -0400] "GET / HTTP/1.1" 302 3259 "-" "Mozilla/5.0 (Macintosh; Intel Mac OS X 10_8) AppleWebKit/536.25 (KHTML, like Gecko) Version/6.0 Safari/536.25"
35.0.85.75 - meltjen [18/Sep/2012:11:14:46 -0400] "GET /assets/application-542000ad953fb19fdb62cdd04228c4b9.js HTTP/1.1" 200 199481 "https://www.gradecraft.com/" "Mozilla/5.0 (Macintosh; Intel Mac OS X 10_8) AppleWebKit/536.25 (KHTML, like Gecko) Version/6.0 Safari/536.25"
67.194.109.81 - - [18/Sep/2012:11:15:01 -0400] "GET / HTTP/1.1" 302 3984 "-" "Mozilla/5.0 (Macintosh; Intel Mac OS X 10_8_0) AppleWebKit/537.1 (KHTML, like Gecko) Chrome/21.0.1180.89 Safari/537.1"
67.194.109.81 - - [18/Sep/2012:11:15:01 -0400] "GET /cosign/valid?cosign-www.gradecraft.com=vvmcKxSzBD4hHNEW7S8h3o7L+fA0PEDGKPGFvZDnjPAuMlBfH9yU2bE6tFYRTbHNGHNsPHtu0XjONIiju3jrkTGzqwxu0BIwCGoxwQjrbAeCKAL80JhADRdHR589&https://gradecraft.com/ HTTP/1.1" 301 885 "-" "Mozilla/5.0 (Macintosh; Intel Mac OS X 10_8_0) AppleWebKit/537.1 (KHTML, like Gecko) Chrome/21.0.1180.89 Safari/537.1"
67.194.100.92 - - [18/Sep/2012:11:15:20 -0400] "GET / HTTP/1.1" 302 3984 "https://sites.google.com/a/umich.edu/polsci101f2012/readings/blogs?pli=1" "Mozilla/5.0 (Windows NT 6.1; WOW64; rv:15.0) Gecko/20100101 Firefox/15.0.1"
67.194.100.92 - - [18/Sep/2012:11:15:20 -0400] "GET /cosign/valid?cosign-www.gradecraft.com=JmPCpf6Y0R2xzK81e077nuzhzK+-FD6gmCy76rNvEz-Zf9Gi-JVSywJyXjJd++aIYd4La+wDuVVMzzPy1+EEp7+B6CtCT3aFDJ4uss6lSPS2YMgz--yluWuipG3w&https://www.gradecraft.com/ HTTP/1.1" 301 868 "https://sites.google.com/a/umich.edu/polsci101f2012/readings/blogs?pli=1" "Mozilla/5.0 (Windows NT 6.1; WOW64; rv:15.0) Gecko/20100101 Firefox/15.0.1"
67.194.100.92 - ekumar [18/Sep/2012:11:15:20 -0400] "GET / HTTP/1.1" 200 2484 "https://sites.google.com/a/umich.edu/polsci101f2012/readings/blogs?pli=1" "Mozilla/5.0 (Windows NT 6.1; WOW64; rv:15.0) Gecko/20100101 Firefox/15.0.1"
67.194.100.92 - ekumar [18/Sep/2012:11:15:20 -0400] "GET /assets/application-ae9afcefede0db68672464a1f0f30f59.css HTTP/1.1" 200 45133 "https://www.gradecraft.com/" "Mozilla/5.0 (Windows NT 6.1; WOW64; rv:15.0) Gecko/20100101 Firefox/15.0.1"
67.194.100.92 - ekumar [18/Sep/2012:11:15:20 -0400] "GET /assets/application-542000ad953fb19fdb62cdd04228c4b9.js HTTP/1.1" 200 199481 "https://www.gradecraft.com/" "Mozilla/5.0 (Windows NT 6.1; WOW64; rv:15.0) Gecko/20100101 Firefox/15.0.1"
67.194.100.92 - ekumar [18/Sep/2012:11:15:21 -0400] "GET /favicon.ico HTTP/1.1" 200 4650 "-" "Mozilla/5.0 (Windows NT 6.1; WOW64; rv:15.0) Gecko/20100101 Firefox/15.0.1"
35.0.85.75 - - [18/Sep/2012:11:16:43 -0400] "GET / HTTP/1.1" 302 3259 "-" "Mozilla/5.0 (Macintosh; Intel Mac OS X 10_8) AppleWebKit/536.25 (KHTML, like Gecko) Version/6.0 Safari/536.25"
68.40.169.122 - - [18/Sep/2012:11:16:56 -0400] "GET /dashboard HTTP/1.1" 302 3254 "-" "Mozilla/5.0 (Macintosh; Intel Mac OS X 10_6_8) AppleWebKit/534.57.2 (KHTML, like Gecko) Version/5.1.7 Safari/534.57.2"
