67.194.3.33 - - [17/Sep/2012:11:34:52 -0400] "GET / HTTP/1.1" 302 894 "-" "Mozilla/5.0 (Macintosh; Intel Mac OS X 10_7_2) AppleWebKit/534.52.7 (KHTML, like Gecko) Version/5.1.2 Safari/534.52.7"
67.194.89.17 - - [17/Sep/2012:11:34:53 -0400] "GET / HTTP/1.1" 302 901 "-" "Mozilla/5.0 (iPhone; CPU iPhone OS 5_1_1 like Mac OS X) AppleWebKit/534.46 (KHTML, like Gecko) Version/5.1 Mobile/9B206 Safari/7534.48.3"
67.194.5.144 - abigailt [17/Sep/2012:11:34:53 -0400] "GET /assignments/28/grades/self_log_create HTTP/1.1" 302 1573 "-" "Mozilla/5.0 (Macintosh; Intel Mac OS X 10_6_8) AppleWebKit/537.1 (KHTML, like Gecko) Chrome/21.0.1180.89 Safari/537.1"
67.194.5.144 - abigailt [17/Sep/2012:11:34:53 -0400] "GET /dashboard HTTP/1.1" 200 3892 "-" "Mozilla/5.0 (Macintosh; Intel Mac OS X 10_6_8) AppleWebKit/537.1 (KHTML, like Gecko) Chrome/21.0.1180.89 Safari/537.1"
67.194.5.144 - abigailt [17/Sep/2012:11:34:54 -0400] "GET /users/predictor.json?user_id=137 HTTP/1.1" 304 1014 "https://www.gradecraft.com/dashboard" "Mozilla/5.0 (Macintosh; Intel Mac OS X 10_6_8) AppleWebKit/537.1 (KHTML, like Gecko) Chrome/21.0.1180.89 Safari/537.1"
67.194.5.144 - abigailt [17/Sep/2012:11:34:54 -0400] "GET /users/predictor.json?in_progress=true&user_id=137 HTTP/1.1" 304 869 "https://www.gradecraft.com/dashboard" "Mozilla/5.0 (Macintosh; Intel Mac OS X 10_6_8) AppleWebKit/537.1 (KHTML, like Gecko) Chrome/21.0.1180.89 Safari/537.1"
67.194.69.173 - swsmth [17/Sep/2012:11:34:55 -0400] "GET /dashboard HTTP/1.1" 304 1062 "https://www.gradecraft.com/dashboard" "Mozilla/5.0 (Windows NT 6.1; WOW64) AppleWebKit/537.1 (KHTML, like Gecko) Chrome/21.0.1180.89 Safari/537.1"
67.194.69.173 - swsmth [17/Sep/2012:11:34:55 -0400] "GET /users/predictor.json?in_progress=true&user_id=136 HTTP/1.1" 304 869 "https://www.gradecraft.com/dashboard" "Mozilla/5.0 (Windows NT 6.1; WOW64) AppleWebKit/537.1 (KHTML, like Gecko) Chrome/21.0.1180.89 Safari/537.1"
67.194.69.173 - swsmth [17/Sep/2012:11:34:55 -0400] "GET /users/predictor.json?user_id=136 HTTP/1.1" 304 1014 "https://www.gradecraft.com/dashboard" "Mozilla/5.0 (Windows NT 6.1; WOW64) AppleWebKit/537.1 (KHTML, like Gecko) Chrome/21.0.1180.89 Safari/537.1"
67.194.3.33 - - [17/Sep/2012:11:35:00 -0400] "GET /cosign/valid?cosign-www.gradecraft.com=tRgoIXfTTT9rUOtMqUJA90m9IHLeessrWNfuiCB8TY8CLqbXusqWdMezT2E7JHwcTcCcdHPfmK3r4CL7L-CdV-Q9MfVTZ+qX0UVS57WVpSAm6PoDFH+2eOAHvn1H&https://www.gradecraft.com/ HTTP/1.1" 301 868 "https://weblogin.umich.edu/?cosign-www.gradecraft.com&https://www.gradecraft.com/" "Mozilla/5.0 (Macintosh; Intel Mac OS X 10_7_2) AppleWebKit/534.52.7 (KHTML, like Gecko) Version/5.1.2 Safari/534.52.7"
67.194.3.33 - lschlos [17/Sep/2012:11:35:00 -0400] "GET / HTTP/1.1" 302 1524 "https://weblogin.umich.edu/?cosign-www.gradecraft.com&https://www.gradecraft.com/" "Mozilla/5.0 (Macintosh; Intel Mac OS X 10_7_2) AppleWebKit/534.52.7 (KHTML, like Gecko) Version/5.1.2 Safari/534.52.7"
67.194.3.33 - lschlos [17/Sep/2012:11:35:00 -0400] "GET /dashboard HTTP/1.1" 200 3924 "https://weblogin.umich.edu/?cosign-www.gradecraft.com&https://www.gradecraft.com/" "Mozilla/5.0 (Macintosh; Intel Mac OS X 10_7_2) AppleWebKit/534.52.7 (KHTML, like Gecko) Version/5.1.2 Safari/534.52.7"
67.194.3.33 - lschlos [17/Sep/2012:11:35:00 -0400] "GET /users/predictor.json?user_id=175 HTTP/1.1" 200 1716 "https://www.gradecraft.com/dashboard" "Mozilla/5.0 (Macintosh; Intel Mac OS X 10_7_2) AppleWebKit/534.52.7 (KHTML, like Gecko) Version/5.1.2 Safari/534.52.7"
67.194.3.33 - lschlos [17/Sep/2012:11:35:00 -0400] "GET /users/predictor.json?in_progress=true&user_id=175 HTTP/1.1" 200 1578 "https://www.gradecraft.com/dashboard" "Mozilla/5.0 (Macintosh; Intel Mac OS X 10_7_2) AppleWebKit/534.52.7 (KHTML, like Gecko) Version/5.1.2 Safari/534.52.7"
67.194.89.17 - - [17/Sep/2012:11:35:01 -0400] "GET /cosign/valid?cosign-www.gradecraft.com=BsneV3g7yimgVi3zohlkal2Bwr0y+R6XQhnxX+Foa8phUaYQHLvAigPbS2p8Jzfb6yvEfUWomAV1exnGKDEyeRmuya-Ik3jNFkZZ6JshfoFmof8Dow6ql3lg1iqI&https://gradecraft.com/ HTTP/1.1" 301 885 "-" "Mozilla/5.0 (iPhone; CPU iPhone OS 5_1_1 like Mac OS X) AppleWebKit/534.46 (KHTML, like Gecko) Version/5.1 Mobile/9B206 Safari/7534.48.3"
35.0.91.59 - - [17/Sep/2012:11:35:02 -0400] "GET / HTTP/1.1" 302 901 "-" "Mozilla/5.0 (Macintosh; Intel Mac OS X 10_7_4) AppleWebKit/537.1 (KHTML, like Gecko) Chrome/21.0.1180.89 Safari/537.1"
35.0.91.59 - - [17/Sep/2012:11:35:02 -0400] "GET /cosign/valid?cosign-www.gradecraft.com=DRuLSq1G9OrsAjAP-lnCPuHK-KgVkOnoRKfETmY24o8wmVb8GFjh7b-Xm7fdFq2DQ0oedFBEJX+u9Jzout268IuHiJXXgfd-33NNMmtNVtf9DVbG1UqOH5mf+XqL&https://gradecraft.com/ HTTP/1.1" 301 885 "-" "Mozilla/5.0 (Macintosh; Intel Mac OS X 10_7_4) AppleWebKit/537.1 (KHTML, like Gecko) Chrome/21.0.1180.89 Safari/537.1"
67.194.69.173 - swsmth [17/Sep/2012:11:35:04 -0400] "GET /assignments/28/grades/self_log?gradeable_id=136&gradeable_type=User HTTP/1.1" 200 2740 "https://www.gradecraft.com/dashboard" "Mozilla/5.0 (Windows NT 6.1; WOW64) AppleWebKit/537.1 (KHTML, like Gecko) Chrome/21.0.1180.89 Safari/537.1"
67.194.31.50 - doksuz [17/Sep/2012:11:35:07 -0400] "POST /user_assignment_type_weights HTTP/1.1" 302 1909 "https://www.gradecraft.com/user_assignment_type_weights/new?assignment_type_id=8" "Mozilla/5.0 (Windows NT 6.1; WOW64) AppleWebKit/537.1 (KHTML, like Gecko) Chrome/21.0.1180.89 Safari/537.1"
67.194.31.50 - doksuz [17/Sep/2012:11:35:07 -0400] "GET /user_assignment_type_weights/3 HTTP/1.1" 200 2756 "https://www.gradecraft.com/user_assignment_type_weights/new?assignment_type_id=8" "Mozilla/5.0 (Windows NT 6.1; WOW64) AppleWebKit/537.1 (KHTML, like Gecko) Chrome/21.0.1180.89 Safari/537.1"
67.194.69.173 - swsmth [17/Sep/2012:11:35:09 -0400] "POST /assignments/28/grades/self_log_create HTTP/1.1" 302 1636 "https://www.gradecraft.com/assignments/28/grades/self_log?gradeable_id=136&gradeable_type=User" "Mozilla/5.0 (Windows NT 6.1; WOW64) AppleWebKit/537.1 (KHTML, like Gecko) Chrome/21.0.1180.89 Safari/537.1"
67.194.69.173 - swsmth [17/Sep/2012:11:35:09 -0400] "GET /dashboard HTTP/1.1" 200 4148 "https://www.gradecraft.com/assignments/28/grades/self_log?gradeable_id=136&gradeable_type=User" "Mozilla/5.0 (Windows NT 6.1; WOW64) AppleWebKit/537.1 (KHTML, like Gecko) Chrome/21.0.1180.89 Safari/537.1"
67.194.69.173 - swsmth [17/Sep/2012:11:35:09 -0400] "GET /users/predictor.json?user_id=136 HTTP/1.1" 200 1578 "https://www.gradecraft.com/dashboard" "Mozilla/5.0 (Windows NT 6.1; WOW64) AppleWebKit/537.1 (KHTML, like Gecko) Chrome/21.0.1180.89 Safari/537.1"
67.194.69.173 - swsmth [17/Sep/2012:11:35:09 -0400] "GET /users/predictor.json?in_progress=true&user_id=136 HTTP/1.1" 200 1578 "https://www.gradecraft.com/dashboard" "Mozilla/5.0 (Windows NT 6.1; WOW64) AppleWebKit/537.1 (KHTML, like Gecko) Chrome/21.0.1180.89 Safari/537.1"
67.194.31.50 - doksuz [17/Sep/2012:11:35:09 -0400] "GET /user_assignment_type_weights HTTP/1.1" 500 1028 "https://www.gradecraft.com/user_assignment_type_weights/3" "Mozilla/5.0 (Windows NT 6.1; WOW64) AppleWebKit/537.1 (KHTML, like Gecko) Chrome/21.0.1180.89 Safari/537.1"
67.194.14.64 - - [17/Sep/2012:11:35:17 -0400] "GET /dashboard HTTP/1.1" 302 3984 "-" "Mozilla/5.0 (Macintosh; Intel Mac OS X 10_6_8) AppleWebKit/537.1 (KHTML, like Gecko) Chrome/21.0.1180.89 Safari/537.1"
67.194.14.64 - - [17/Sep/2012:11:35:17 -0400] "GET /cosign/valid?cosign-www.gradecraft.com=n+tjkwE5Ch00y68GPrYXBjroxwXm2M3PGzi7LFg1hg4msNUZibuxRFeoT79qe89orvvQBGA5s-rrPNtwOMxyA1w0hmYOnpNZSBV-fnMPISBbsqXQc3Xh9NB1DAT-&https://www.gradecraft.com/dashboard HTTP/1.1" 301 900 "-" "Mozilla/5.0 (Macintosh; Intel Mac OS X 10_6_8) AppleWebKit/537.1 (KHTML, like Gecko) Chrome/21.0.1180.89 Safari/537.1"
67.194.14.64 - oszust [17/Sep/2012:11:35:17 -0400] "GET /dashboard HTTP/1.1" 302 1364 "-" "Mozilla/5.0 (Macintosh; Intel Mac OS X 10_6_8) AppleWebKit/537.1 (KHTML, like Gecko) Chrome/21.0.1180.89 Safari/537.1"
67.194.14.64 - oszust [17/Sep/2012:11:35:17 -0400] "GET /dashboard HTTP/1.1" 200 3956 "-" "Mozilla/5.0 (Macintosh; Intel Mac OS X 10_6_8) AppleWebKit/537.1 (KHTML, like Gecko) Chrome/21.0.1180.89 Safari/537.1"
67.194.14.64 - oszust [17/Sep/2012:11:35:18 -0400] "GET /uploads/theme/filename/3/cyborg.min.css HTTP/1.1" 200 19621 "https://www.gradecraft.com/dashboard" "Mozilla/5.0 (Macintosh; Intel Mac OS X 10_6_8) AppleWebKit/537.1 (KHTML, like Gecko) Chrome/21.0.1180.89 Safari/537.1"
67.194.14.64 - oszust [17/Sep/2012:11:35:18 -0400] "GET /assets/application-00253241250260a29e421ba336543d92.css HTTP/1.1" 200 46253 "https://www.gradecraft.com/dashboard" "Mozilla/5.0 (Macintosh; Intel Mac OS X 10_6_8) AppleWebKit/537.1 (KHTML, like Gecko) Chrome/21.0.1180.89 Safari/537.1"
67.194.14.64 - oszust [17/Sep/2012:11:35:18 -0400] "GET /assets/application-4ce0ae23744168912769066ef11545d8.js HTTP/1.1" 200 138998 "https://www.gradecraft.com/dashboard" "Mozilla/5.0 (Macintosh; Intel Mac OS X 10_6_8) AppleWebKit/537.1 (KHTML, like Gecko) Chrome/21.0.1180.89 Safari/537.1"
67.194.31.50 - doksuz [17/Sep/2012:11:35:18 -0400] "GET /user_assignment_type_weights HTTP/1.1" 500 1173 "-" "Mozilla/5.0 (Windows NT 6.1; WOW64) AppleWebKit/537.1 (KHTML, like Gecko) Chrome/21.0.1180.89 Safari/537.1"
67.194.14.64 - oszust [17/Sep/2012:11:35:18 -0400] "GET /users/predictor.json?user_id=312 HTTP/1.1" 200 1594 "https://www.gradecraft.com/dashboard" "Mozilla/5.0 (Macintosh; Intel Mac OS X 10_6_8) AppleWebKit/537.1 (KHTML, like Gecko) Chrome/21.0.1180.89 Safari/537.1"
67.194.14.64 - oszust [17/Sep/2012:11:35:18 -0400] "GET /users/predictor.json?in_progress=true&user_id=312 HTTP/1.1" 200 1594 "https://www.gradecraft.com/dashboard" "Mozilla/5.0 (Macintosh; Intel Mac OS X 10_6_8) AppleWebKit/537.1 (KHTML, like Gecko) Chrome/21.0.1180.89 Safari/537.1"
67.194.31.50 - doksuz [17/Sep/2012:11:35:21 -0400] "GET / HTTP/1.1" 200 4085 "-" "Mozilla/5.0 (Windows NT 6.1; WOW64) AppleWebKit/537.1 (KHTML, like Gecko) Chrome/21.0.1180.89 Safari/537.1"
67.194.31.50 - doksuz [17/Sep/2012:11:35:22 -0400] "GET /users/predictor.json?user_id=156 HTTP/1.1" 304 1014 "https://www.gradecraft.com/" "Mozilla/5.0 (Windows NT 6.1; WOW64) AppleWebKit/537.1 (KHTML, like Gecko) Chrome/21.0.1180.89 Safari/537.1"
67.194.31.50 - doksuz [17/Sep/2012:11:35:22 -0400] "GET /users/predictor.json?in_progress=true&user_id=156 HTTP/1.1" 304 869 "https://www.gradecraft.com/" "Mozilla/5.0 (Windows NT 6.1; WOW64) AppleWebKit/537.1 (KHTML, like Gecko) Chrome/21.0.1180.89 Safari/537.1"
67.194.3.33 - lschlos [17/Sep/2012:11:35:24 -0400] "GET /assignments/28/grades/self_log?gradeable_id=175&gradeable_type=User HTTP/1.1" 200 2878 "https://www.gradecraft.com/dashboard" "Mozilla/5.0 (Macintosh; Intel Mac OS X 10_7_2) AppleWebKit/534.52.7 (KHTML, like Gecko) Version/5.1.2 Safari/534.52.7"
67.194.3.33 - lschlos [17/Sep/2012:11:35:27 -0400] "POST /assignments/28/grades/self_log_create HTTP/1.1" 302 1636 "https://www.gradecraft.com/assignments/28/grades/self_log?gradeable_id=175&gradeable_type=User" "Mozilla/5.0 (Macintosh; Intel Mac OS X 10_7_2) AppleWebKit/534.52.7 (KHTML, like Gecko) Version/5.1.2 Safari/534.52.7"
67.194.1.254 - - [17/Sep/2012:11:35:27 -0400] "GET /assignments/27/grades/self_log?gradeable_id=304&gradeable_type=User HTTP/1.1" 302 997 "-" "Mozilla/5.0 (iPhone; CPU iPhone OS 5_1_1 like Mac OS X) AppleWebKit/534.46 (KHTML, like Gecko) Version/5.1 Mobile/9B206 Safari/7534.48.3"
67.194.3.33 - lschlos [17/Sep/2012:11:35:27 -0400] "GET /dashboard HTTP/1.1" 200 4180 "https://www.gradecraft.com/assignments/28/grades/self_log?gradeable_id=175&gradeable_type=User" "Mozilla/5.0 (Macintosh; Intel Mac OS X 10_7_2) AppleWebKit/534.52.7 (KHTML, like Gecko) Version/5.1.2 Safari/534.52.7"
67.194.3.33 - lschlos [17/Sep/2012:11:35:27 -0400] "GET /users/predictor.json?user_id=175 HTTP/1.1" 200 1716 "https://www.gradecraft.com/dashboard" "Mozilla/5.0 (Macintosh; Intel Mac OS X 10_7_2) AppleWebKit/534.52.7 (KHTML, like Gecko) Version/5.1.2 Safari/534.52.7"
67.194.3.33 - lschlos [17/Sep/2012:11:35:27 -0400] "GET /users/predictor.json?in_progress=true&user_id=175 HTTP/1.1" 200 1578 "https://www.gradecraft.com/dashboard" "Mozilla/5.0 (Macintosh; Intel Mac OS X 10_7_2) AppleWebKit/534.52.7 (KHTML, like Gecko) Version/5.1.2 Safari/534.52.7"
67.194.88.84 - - [17/Sep/2012:11:35:28 -0400] "GET /dashboard HTTP/1.1" 302 3259 "-" "Mozilla/5.0 (Macintosh; Intel Mac OS X 10_8_1) AppleWebKit/536.25 (KHTML, like Gecko) Version/6.0 Safari/536.25"
67.194.14.79 - rhwarner [17/Sep/2012:11:35:28 -0400] "GET /assignments/28/grades/self_log?gradeable_id=120&gradeable_type=User HTTP/1.1" 200 2885 "https://www.gradecraft.com/" "Mozilla/5.0 (Macintosh; Intel Mac OS X 10.6; rv:10.0) Gecko/20100101 Firefox/10.0"
67.194.65.156 - evanws [17/Sep/2012:11:35:30 -0400] "GET / HTTP/1.1" 200 6925 "-" "Mozilla/5.0 (Windows NT 6.1; WOW64) AppleWebKit/537.1 (KHTML, like Gecko) Chrome/21.0.1180.89 Safari/537.1"
67.194.65.156 - evanws [17/Sep/2012:11:35:31 -0400] "GET /assets/application-00253241250260a29e421ba336543d92.css HTTP/1.1" 304 245 "https://www.gradecraft.com/" "Mozilla/5.0 (Windows NT 6.1; WOW64) AppleWebKit/537.1 (KHTML, like Gecko) Chrome/21.0.1180.89 Safari/537.1"
67.194.65.156 - evanws [17/Sep/2012:11:35:31 -0400] "GET /uploads/theme/filename/3/cyborg.min.css HTTP/1.1" 304 3278 "https://www.gradecraft.com/" "Mozilla/5.0 (Windows NT 6.1; WOW64) AppleWebKit/537.1 (KHTML, like Gecko) Chrome/21.0.1180.89 Safari/537.1"
67.194.65.156 - evanws [17/Sep/2012:11:35:31 -0400] "GET /assets/application-4ce0ae23744168912769066ef11545d8.js HTTP/1.1" 304 3278 "https://www.gradecraft.com/" "Mozilla/5.0 (Windows NT 6.1; WOW64) AppleWebKit/537.1 (KHTML, like Gecko) Chrome/21.0.1180.89 Safari/537.1"
67.194.65.156 - evanws [17/Sep/2012:11:35:31 -0400] "GET /users/predictor.json?user_id=119 HTTP/1.1" 304 869 "https://www.gradecraft.com/" "Mozilla/5.0 (Windows NT 6.1; WOW64) AppleWebKit/537.1 (KHTML, like Gecko) Chrome/21.0.1180.89 Safari/537.1"
67.194.65.156 - evanws [17/Sep/2012:11:35:31 -0400] "GET /users/predictor.json?in_progress=true&user_id=119 HTTP/1.1" 304 869 "https://www.gradecraft.com/" "Mozilla/5.0 (Windows NT 6.1; WOW64) AppleWebKit/537.1 (KHTML, like Gecko) Chrome/21.0.1180.89 Safari/537.1"
67.194.31.50 - doksuz [17/Sep/2012:11:35:33 -0400] "GET /user_assignment_type_weights/new?assignment_type_id=8 HTTP/1.1" 304 917 "https://www.gradecraft.com/" "Mozilla/5.0 (Windows NT 6.1; WOW64) AppleWebKit/537.1 (KHTML, like Gecko) Chrome/21.0.1180.89 Safari/537.1"
67.194.14.79 - rhwarner [17/Sep/2012:11:35:34 -0400] "POST /assignments/28/grades/self_log_create HTTP/1.1" 302 1636 "https://www.gradecraft.com/assignments/28/grades/self_log?gradeable_id=120&gradeable_type=User" "Mozilla/5.0 (Macintosh; Intel Mac OS X 10.6; rv:10.0) Gecko/20100101 Firefox/10.0"
67.194.14.79 - rhwarner [17/Sep/2012:11:35:34 -0400] "GET /dashboard HTTP/1.1" 200 4148 "https://www.gradecraft.com/assignments/28/grades/self_log?gradeable_id=120&gradeable_type=User" "Mozilla/5.0 (Macintosh; Intel Mac OS X 10.6; rv:10.0) Gecko/20100101 Firefox/10.0"
67.194.14.79 - rhwarner [17/Sep/2012:11:35:35 -0400] "GET /users/predictor.json?in_progress=true&user_id=120 HTTP/1.1" 200 1578 "https://www.gradecraft.com/dashboard" "Mozilla/5.0 (Macintosh; Intel Mac OS X 10.6; rv:10.0) Gecko/20100101 Firefox/10.0"
67.194.14.79 - rhwarner [17/Sep/2012:11:35:35 -0400] "GET /users/predictor.json?user_id=120 HTTP/1.1" 200 1723 "https://www.gradecraft.com/dashboard" "Mozilla/5.0 (Macintosh; Intel Mac OS X 10.6; rv:10.0) Gecko/20100101 Firefox/10.0"
67.194.1.254 - - [17/Sep/2012:11:35:36 -0400] "GET /cosign/valid?cosign-www.gradecraft.com=lmRS53MY8w4g7aZ-gc8M1wdaBnl74e0DUJqsWiaELjAtuvrlcKOSGjo9NoGdQ2wQce5amgCe0NkkoW5uIrNUjl3J2exJstTsKxgsJdfjCtDATTEB7kiEL4Eb6wNc&https://www.gradecraft.com/assignments/27/grades/self_log?gradeable_id=304&gradeable_type=User HTTP/1.1" 301 1125 "https://weblogin.umich.edu/?cosign-www.gradecraft.com&https://www.gradecraft.com/assignments/27/grades/self_log?gradeable_id=304&gradeable_type=User" "Mozilla/5.0 (iPhone; CPU iPhone OS 5_1_1 like Mac OS X) AppleWebKit/534.46 (KHTML, like Gecko) Version/5.1 Mobile/9B206 Safari/7534.48.3"
67.194.1.254 - tdahbour [17/Sep/2012:11:35:36 -0400] "GET /assignments/27/grades/self_log?gradeable_id=304&gradeable_type=User HTTP/1.1" 302 1444 "https://weblogin.umich.edu/?cosign-www.gradecraft.com&https://www.gradecraft.com/assignments/27/grades/self_log?gradeable_id=304&gradeable_type=User" "Mozilla/5.0 (iPhone; CPU iPhone OS 5_1_1 like Mac OS X) AppleWebKit/534.46 (KHTML, like Gecko) Version/5.1 Mobile/9B206 Safari/7534.48.3"
67.194.1.254 - tdahbour [17/Sep/2012:11:35:36 -0400] "GET /dashboard HTTP/1.1" 200 4020 "https://weblogin.umich.edu/?cosign-www.gradecraft.com&https://www.gradecraft.com/assignments/27/grades/self_log?gradeable_id=304&gradeable_type=User" "Mozilla/5.0 (iPhone; CPU iPhone OS 5_1_1 like Mac OS X) AppleWebKit/534.46 (KHTML, like Gecko) Version/5.1 Mobile/9B206 Safari/7534.48.3"
67.194.1.254 - tdahbour [17/Sep/2012:11:35:37 -0400] "GET /assets/application-00253241250260a29e421ba336543d92.css HTTP/1.1" 200 46253 "https://www.gradecraft.com/dashboard" "Mozilla/5.0 (iPhone; CPU iPhone OS 5_1_1 like Mac OS X) AppleWebKit/534.46 (KHTML, like Gecko) Version/5.1 Mobile/9B206 Safari/7534.48.3"
67.194.1.254 - tdahbour [17/Sep/2012:11:35:37 -0400] "GET /uploads/theme/filename/3/cyborg.min.css HTTP/1.1" 200 16538 "https://www.gradecraft.com/dashboard" "Mozilla/5.0 (iPhone; CPU iPhone OS 5_1_1 like Mac OS X) AppleWebKit/534.46 (KHTML, like Gecko) Version/5.1 Mobile/9B206 Safari/7534.48.3"
67.194.1.254 - tdahbour [17/Sep/2012:11:35:37 -0400] "GET /assets/application-4ce0ae23744168912769066ef11545d8.js HTTP/1.1" 200 135770 "https://www.gradecraft.com/dashboard" "Mozilla/5.0 (iPhone; CPU iPhone OS 5_1_1 like Mac OS X) AppleWebKit/534.46 (KHTML, like Gecko) Version/5.1 Mobile/9B206 Safari/7534.48.3"
67.194.3.33 - lschlos [17/Sep/2012:11:35:37 -0400] "GET /logout HTTP/1.1" 302 1284 "https://www.gradecraft.com/dashboard" "Mozilla/5.0 (Macintosh; Intel Mac OS X 10_7_2) AppleWebKit/534.52.7 (KHTML, like Gecko) Version/5.1.2 Safari/534.52.7"
67.194.65.156 - evanws [17/Sep/2012:11:35:38 -0400] "GET /assignments/28/grades/self_log?gradeable_id=119&gradeable_type=User HTTP/1.1" 200 2740 "https://www.gradecraft.com/" "Mozilla/5.0 (Windows NT 6.1; WOW64) AppleWebKit/537.1 (KHTML, like Gecko) Chrome/21.0.1180.89 Safari/537.1"
67.194.1.254 - tdahbour [17/Sep/2012:11:35:39 -0400] "GET /users/predictor.json?user_id=304 HTTP/1.1" 200 1674 "https://www.gradecraft.com/dashboard" "Mozilla/5.0 (iPhone; CPU iPhone OS 5_1_1 like Mac OS X) AppleWebKit/534.46 (KHTML, like Gecko) Version/5.1 Mobile/9B206 Safari/7534.48.3"
67.194.1.254 - tdahbour [17/Sep/2012:11:35:39 -0400] "GET /users/predictor.json?in_progress=true&user_id=304 HTTP/1.1" 200 1674 "https://www.gradecraft.com/dashboard" "Mozilla/5.0 (iPhone; CPU iPhone OS 5_1_1 like Mac OS X) AppleWebKit/534.46 (KHTML, like Gecko) Version/5.1 Mobile/9B206 Safari/7534.48.3"
35.0.91.59 - - [17/Sep/2012:11:35:43 -0400] "GET / HTTP/1.1" 302 901 "-" "Mozilla/5.0 (Macintosh; Intel Mac OS X 10_7_4) AppleWebKit/537.1 (KHTML, like Gecko) Chrome/21.0.1180.89 Safari/537.1"
35.0.91.59 - - [17/Sep/2012:11:35:43 -0400] "GET /cosign/valid?cosign-www.gradecraft.com=dJ0Fa5rG1SETOw0V7gWcHgBziHFyU4boZAjdm+MnPPfqdljJ+OBRY3vlQdKDwANeigWneTMmCHF6c+vOvAuuYuCrYyILfuFOogGGKX2cZ+Pc2v5EM0NKGYAHRXzL&https://gradecraft.com/ HTTP/1.1" 301 885 "-" "Mozilla/5.0 (Macintosh; Intel Mac OS X 10_7_4) AppleWebKit/537.1 (KHTML, like Gecko) Chrome/21.0.1180.89 Safari/537.1"
67.194.65.156 - evanws [17/Sep/2012:11:35:43 -0400] "POST /assignments/28/grades/self_log_create HTTP/1.1" 302 1636 "https://www.gradecraft.com/assignments/28/grades/self_log?gradeable_id=119&gradeable_type=User" "Mozilla/5.0 (Windows NT 6.1; WOW64) AppleWebKit/537.1 (KHTML, like Gecko) Chrome/21.0.1180.89 Safari/537.1"
67.194.65.156 - evanws [17/Sep/2012:11:35:43 -0400] "GET /dashboard HTTP/1.1" 200 4132 "https://www.gradecraft.com/assignments/28/grades/self_log?gradeable_id=119&gradeable_type=User" "Mozilla/5.0 (Windows NT 6.1; WOW64) AppleWebKit/537.1 (KHTML, like Gecko) Chrome/21.0.1180.89 Safari/537.1"
67.194.65.156 - evanws [17/Sep/2012:11:35:44 -0400] "GET /users/predictor.json?user_id=119 HTTP/1.1" 200 1578 "https://www.gradecraft.com/dashboard" "Mozilla/5.0 (Windows NT 6.1; WOW64) AppleWebKit/537.1 (KHTML, like Gecko) Chrome/21.0.1180.89 Safari/537.1"
67.194.65.156 - evanws [17/Sep/2012:11:35:44 -0400] "GET /users/predictor.json?in_progress=true&user_id=119 HTTP/1.1" 200 1562 "https://www.gradecraft.com/dashboard" "Mozilla/5.0 (Windows NT 6.1; WOW64) AppleWebKit/537.1 (KHTML, like Gecko) Chrome/21.0.1180.89 Safari/537.1"
67.194.3.33 - lschlos [17/Sep/2012:11:35:44 -0400] "GET /dashboard HTTP/1.1" 302 1524 "-" "Mozilla/5.0 (Macintosh; Intel Mac OS X 10_7_2) AppleWebKit/534.52.7 (KHTML, like Gecko) Version/5.1.2 Safari/534.52.7"
67.194.3.33 - lschlos [17/Sep/2012:11:35:44 -0400] "GET /dashboard HTTP/1.1" 200 4078 "-" "Mozilla/5.0 (Macintosh; Intel Mac OS X 10_7_2) AppleWebKit/534.52.7 (KHTML, like Gecko) Version/5.1.2 Safari/534.52.7"
67.194.3.33 - lschlos [17/Sep/2012:11:35:45 -0400] "GET /users/predictor.json?in_progress=true&user_id=175 HTTP/1.1" 304 885 "https://www.gradecraft.com/dashboard" "Mozilla/5.0 (Macintosh; Intel Mac OS X 10_7_2) AppleWebKit/534.52.7 (KHTML, like Gecko) Version/5.1.2 Safari/534.52.7"
67.194.3.33 - lschlos [17/Sep/2012:11:35:45 -0400] "GET /users/predictor.json?user_id=175 HTTP/1.1" 304 1023 "https://www.gradecraft.com/dashboard" "Mozilla/5.0 (Macintosh; Intel Mac OS X 10_7_2) AppleWebKit/534.52.7 (KHTML, like Gecko) Version/5.1.2 Safari/534.52.7"
67.194.3.33 - lschlos [17/Sep/2012:11:35:47 -0400] "GET /logout HTTP/1.1" 302 1438 "https://www.gradecraft.com/dashboard" "Mozilla/5.0 (Macintosh; Intel Mac OS X 10_7_2) AppleWebKit/534.52.7 (KHTML, like Gecko) Version/5.1.2 Safari/534.52.7"
35.0.87.245 - aaabihai [17/Sep/2012:11:35:48 -0400] "GET /assignments/28/grades/self_log?gradeable_id=121&gradeable_type=User HTTP/1.1" 200 2878 "https://www.gradecraft.com/" "Mozilla/5.0 (Macintosh; U; Intel Mac OS X 10_6_8; en-us) AppleWebKit/533.21.1 (KHTML, like Gecko) Version/5.0.5 Safari/533.21.1"
67.194.89.17 - - [17/Sep/2012:11:35:50 -0400] "GET / HTTP/1.1" 302 901 "-" "Mozilla/5.0 (iPhone; CPU iPhone OS 5_1_1 like Mac OS X) AppleWebKit/534.46 (KHTML, like Gecko) Version/5.1 Mobile/9B206 Safari/7534.48.3"
67.194.89.17 - - [17/Sep/2012:11:35:51 -0400] "GET /cosign/valid?cosign-www.gradecraft.com=7yTJVHItHCPu97TOT6CQGXTcwT4bWl9NhrXDoXDXulDlnnpvXGMfBmhBDyocRXrtGMsBe0SDyqeFfx3qXDtG6c5XQmIo8ZrMkT-r3bL5tq5+nlUT+ZVkKAqpCrLh&https://www.gradecraft.com/ HTTP/1.1" 301 868 "-" "Mozilla/5.0 (iPhone; CPU iPhone OS 5_1_1 like Mac OS X) AppleWebKit/534.46 (KHTML, like Gecko) Version/5.1 Mobile/9B206 Safari/7534.48.3"
67.194.89.17 - akib [17/Sep/2012:11:35:51 -0400] "GET / HTTP/1.1" 302 1348 "-" "Mozilla/5.0 (iPhone; CPU iPhone OS 5_1_1 like Mac OS X) AppleWebKit/534.46 (KHTML, like Gecko) Version/5.1 Mobile/9B206 Safari/7534.48.3"
67.194.89.17 - akib [17/Sep/2012:11:35:51 -0400] "GET /dashboard HTTP/1.1" 200 3924 "-" "Mozilla/5.0 (iPhone; CPU iPhone OS 5_1_1 like Mac OS X) AppleWebKit/534.46 (KHTML, like Gecko) Version/5.1 Mobile/9B206 Safari/7534.48.3"
67.194.89.17 - akib [17/Sep/2012:11:35:51 -0400] "GET /assets/application-00253241250260a29e421ba336543d92.css HTTP/1.1" 200 46253 "https://www.gradecraft.com/dashboard" "Mozilla/5.0 (iPhone; CPU iPhone OS 5_1_1 like Mac OS X) AppleWebKit/534.46 (KHTML, like Gecko) Version/5.1 Mobile/9B206 Safari/7534.48.3"
67.194.89.17 - akib [17/Sep/2012:11:35:51 -0400] "GET /uploads/theme/filename/3/cyborg.min.css HTTP/1.1" 200 16538 "https://www.gradecraft.com/dashboard" "Mozilla/5.0 (iPhone; CPU iPhone OS 5_1_1 like Mac OS X) AppleWebKit/534.46 (KHTML, like Gecko) Version/5.1 Mobile/9B206 Safari/7534.48.3"
67.194.89.17 - akib [17/Sep/2012:11:35:51 -0400] "GET /assets/application-4ce0ae23744168912769066ef11545d8.js HTTP/1.1" 200 135770 "https://www.gradecraft.com/dashboard" "Mozilla/5.0 (iPhone; CPU iPhone OS 5_1_1 like Mac OS X) AppleWebKit/534.46 (KHTML, like Gecko) Version/5.1 Mobile/9B206 Safari/7534.48.3"
35.0.87.245 - aaabihai [17/Sep/2012:11:35:52 -0400] "POST /assignments/28/grades/self_log_create HTTP/1.1" 302 1636 "https://www.gradecraft.com/assignments/28/grades/self_log?gradeable_id=121&gradeable_type=User" "Mozilla/5.0 (Macintosh; U; Intel Mac OS X 10_6_8; en-us) AppleWebKit/533.21.1 (KHTML, like Gecko) Version/5.0.5 Safari/533.21.1"
67.194.3.33 - lschlos [17/Sep/2012:11:35:52 -0400] "GET /dashboard HTTP/1.1" 302 1524 "-" "Mozilla/5.0 (Macintosh; Intel Mac OS X 10_7_2) AppleWebKit/534.52.7 (KHTML, like Gecko) Version/5.1.2 Safari/534.52.7"
35.0.87.245 - aaabihai [17/Sep/2012:11:35:52 -0400] "GET /dashboard HTTP/1.1" 200 4116 "https://www.gradecraft.com/assignments/28/grades/self_log?gradeable_id=121&gradeable_type=User" "Mozilla/5.0 (Macintosh; U; Intel Mac OS X 10_6_8; en-us) AppleWebKit/533.21.1 (KHTML, like Gecko) Version/5.0.5 Safari/533.21.1"
35.0.87.245 - aaabihai [17/Sep/2012:11:35:52 -0400] "GET /uploads/theme/filename/3/cyborg.min.css HTTP/1.1" 304 245 "https://www.gradecraft.com/dashboard" "Mozilla/5.0 (Macintosh; U; Intel Mac OS X 10_6_8; en-us) AppleWebKit/533.21.1 (KHTML, like Gecko) Version/5.0.5 Safari/533.21.1"
35.0.87.245 - aaabihai [17/Sep/2012:11:35:52 -0400] "GET /assets/application-00253241250260a29e421ba336543d92.css HTTP/1.1" 304 383 "https://www.gradecraft.com/dashboard" "Mozilla/5.0 (Macintosh; U; Intel Mac OS X 10_6_8; en-us) AppleWebKit/533.21.1 (KHTML, like Gecko) Version/5.0.5 Safari/533.21.1"
35.0.87.245 - aaabihai [17/Sep/2012:11:35:52 -0400] "GET /assets/application-4ce0ae23744168912769066ef11545d8.js HTTP/1.1" 304 383 "https://www.gradecraft.com/dashboard" "Mozilla/5.0 (Macintosh; U; Intel Mac OS X 10_6_8; en-us) AppleWebKit/533.21.1 (KHTML, like Gecko) Version/5.0.5 Safari/533.21.1"
67.194.3.33 - lschlos [17/Sep/2012:11:35:52 -0400] "GET /dashboard HTTP/1.1" 200 3940 "-" "Mozilla/5.0 (Macintosh; Intel Mac OS X 10_7_2) AppleWebKit/534.52.7 (KHTML, like Gecko) Version/5.1.2 Safari/534.52.7"
67.194.3.33 - lschlos [17/Sep/2012:11:35:53 -0400] "GET /users/predictor.json?user_id=175 HTTP/1.1" 304 1023 "https://www.gradecraft.com/dashboard" "Mozilla/5.0 (Macintosh; Intel Mac OS X 10_7_2) AppleWebKit/534.52.7 (KHTML, like Gecko) Version/5.1.2 Safari/534.52.7"
67.194.3.33 - lschlos [17/Sep/2012:11:35:53 -0400] "GET /users/predictor.json?in_progress=true&user_id=175 HTTP/1.1" 304 885 "https://www.gradecraft.com/dashboard" "Mozilla/5.0 (Macintosh; Intel Mac OS X 10_7_2) AppleWebKit/534.52.7 (KHTML, like Gecko) Version/5.1.2 Safari/534.52.7"
35.0.87.245 - aaabihai [17/Sep/2012:11:35:53 -0400] "GET /users/predictor.json?in_progress=true&user_id=121 HTTP/1.1" 200 1578 "https://www.gradecraft.com/dashboard" "Mozilla/5.0 (Macintosh; U; Intel Mac OS X 10_6_8; en-us) AppleWebKit/533.21.1 (KHTML, like Gecko) Version/5.0.5 Safari/533.21.1"
67.194.89.17 - akib [17/Sep/2012:11:35:53 -0400] "GET /users/predictor.json?in_progress=true&user_id=283 HTTP/1.1" 200 1562 "https://www.gradecraft.com/dashboard" "Mozilla/5.0 (iPhone; CPU iPhone OS 5_1_1 like Mac OS X) AppleWebKit/534.46 (KHTML, like Gecko) Version/5.1 Mobile/9B206 Safari/7534.48.3"
67.194.89.17 - akib [17/Sep/2012:11:35:53 -0400] "GET /users/predictor.json?user_id=283 HTTP/1.1" 200 1562 "https://www.gradecraft.com/dashboard" "Mozilla/5.0 (iPhone; CPU iPhone OS 5_1_1 like Mac OS X) AppleWebKit/534.46 (KHTML, like Gecko) Version/5.1 Mobile/9B206 Safari/7534.48.3"
67.194.18.159 - - [17/Sep/2012:11:35:53 -0400] "GET / HTTP/1.1" 302 3259 "-" "Mozilla/5.0 (Macintosh; Intel Mac OS X 10_8_1) AppleWebKit/536.25 (KHTML, like Gecko) Version/6.0 Safari/536.25"
35.0.87.245 - aaabihai [17/Sep/2012:11:35:53 -0400] "GET /users/predictor.json?user_id=121 HTTP/1.1" 200 1578 "https://www.gradecraft.com/dashboard" "Mozilla/5.0 (Macintosh; U; Intel Mac OS X 10_6_8; en-us) AppleWebKit/533.21.1 (KHTML, like Gecko) Version/5.0.5 Safari/533.21.1"
67.194.23.224 - - [17/Sep/2012:11:35:55 -0400] "GET /dashboard HTTP/1.1" 302 3259 "-" "Mozilla/5.0 (compatible; MSIE 9.0; Windows NT 6.1; WOW64; Trident/5.0)"
67.194.3.33 - lschlos [17/Sep/2012:11:35:55 -0400] "GET /logout HTTP/1.1" 302 1438 "https://www.gradecraft.com/dashboard" "Mozilla/5.0 (Macintosh; Intel Mac OS X 10_7_2) AppleWebKit/534.52.7 (KHTML, like Gecko) Version/5.1.2 Safari/534.52.7"
67.194.104.200 - - [17/Sep/2012:11:35:57 -0400] "GET / HTTP/1.1" 302 3259 "-" "Mozilla/5.0 (iPhone; CPU iPhone OS 5_1_1 like Mac OS X) AppleWebKit/534.46 (KHTML, like Gecko) Version/5.1 Mobile/9B206 Safari/7534.48.3"
67.194.88.6 - - [17/Sep/2012:11:35:57 -0400] "GET / HTTP/1.1" 302 3259 "-" "Mozilla/5.0 (Macintosh; Intel Mac OS X 10_8_1) AppleWebKit/536.25 (KHTML, like Gecko) Version/6.0 Safari/536.25"
67.194.88.84 - - [17/Sep/2012:11:35:58 -0400] "GET /cosign/valid?cosign-www.gradecraft.com=Dz26+qGsitP-wf9dQM70CH0Bo3h3dtJ3piFMylOlnLtfMgCVEo18abPCEcnj9jAmhIiYD1SEkALz-icXyZ3bMAaakpbl9Uv3GOqSpagiRRdF-eQQyY+dTX8gNM7i&https://www.gradecraft.com/dashboard HTTP/1.1" 301 1045 "https://weblogin.umich.edu/cosign-bin/cosign.cgi" "Mozilla/5.0 (Macintosh; Intel Mac OS X 10_8_1) AppleWebKit/536.25 (KHTML, like Gecko) Version/6.0 Safari/536.25"
67.194.88.84 - gouryan [17/Sep/2012:11:35:58 -0400] "GET /dashboard HTTP/1.1" 302 1364 "https://weblogin.umich.edu/cosign-bin/cosign.cgi" "Mozilla/5.0 (Macintosh; Intel Mac OS X 10_8_1) AppleWebKit/536.25 (KHTML, like Gecko) Version/6.0 Safari/536.25"
67.194.18.159 - - [17/Sep/2012:11:35:58 -0400] "GET /cosign/valid?cosign-www.gradecraft.com=YyqTQsVzA7aOG1r+b0oLTdy-iMnQSQ+HprUfIG+thF0qow5Mxwxii2vwUWLjL4tj6cDCW06wQhTAQovGhw7DlnEVGTsHdFJLh-MjAYTex5KdY0o-I16AHQTjfTdu&https://gradecraft.com/ HTTP/1.1" 301 3243 "https://weblogin.umich.edu/?cosign-www.gradecraft.com&https://gradecraft.com/" "Mozilla/5.0 (Macintosh; Intel Mac OS X 10_8_1) AppleWebKit/536.25 (KHTML, like Gecko) Version/6.0 Safari/536.25"
67.194.21.153 - - [17/Sep/2012:11:35:58 -0400] "GET / HTTP/1.1" 302 3254 "https://sites.google.com/a/umich.edu/polsci101f2012/course-structure/essays/essay1" "Mozilla/5.0 (Macintosh; Intel Mac OS X 10_7_4) AppleWebKit/536.25 (KHTML, like Gecko) Version/6.0 Safari/536.25"
67.194.88.84 - gouryan [17/Sep/2012:11:35:58 -0400] "GET /dashboard HTTP/1.1" 200 3908 "https://weblogin.umich.edu/cosign-bin/cosign.cgi" "Mozilla/5.0 (Macintosh; Intel Mac OS X 10_8_1) AppleWebKit/536.25 (KHTML, like Gecko) Version/6.0 Safari/536.25"
67.194.88.84 - gouryan [17/Sep/2012:11:35:59 -0400] "GET /uploads/theme/filename/3/cyborg.min.css HTTP/1.1" 200 16393 "https://www.gradecraft.com/dashboard" "Mozilla/5.0 (Macintosh; Intel Mac OS X 10_8_1) AppleWebKit/536.25 (KHTML, like Gecko) Version/6.0 Safari/536.25"
67.194.88.84 - gouryan [17/Sep/2012:11:35:59 -0400] "GET /assets/application-00253241250260a29e421ba336543d92.css HTTP/1.1" 200 46398 "https://www.gradecraft.com/dashboard" "Mozilla/5.0 (Macintosh; Intel Mac OS X 10_8_1) AppleWebKit/536.25 (KHTML, like Gecko) Version/6.0 Safari/536.25"
67.194.88.84 - gouryan [17/Sep/2012:11:35:59 -0400] "GET /assets/application-4ce0ae23744168912769066ef11545d8.js HTTP/1.1" 200 135915 "https://www.gradecraft.com/dashboard" "Mozilla/5.0 (Macintosh; Intel Mac OS X 10_8_1) AppleWebKit/536.25 (KHTML, like Gecko) Version/6.0 Safari/536.25"
67.194.88.84 - gouryan [17/Sep/2012:11:35:59 -0400] "GET /users/predictor.json?user_id=264 HTTP/1.1" 200 1594 "https://www.gradecraft.com/dashboard" "Mozilla/5.0 (Macintosh; Intel Mac OS X 10_8_1) AppleWebKit/536.25 (KHTML, like Gecko) Version/6.0 Safari/536.25"
67.194.88.84 - gouryan [17/Sep/2012:11:35:59 -0400] "GET /users/predictor.json?in_progress=true&user_id=264 HTTP/1.1" 200 1594 "https://www.gradecraft.com/dashboard" "Mozilla/5.0 (Macintosh; Intel Mac OS X 10_8_1) AppleWebKit/536.25 (KHTML, like Gecko) Version/6.0 Safari/536.25"
67.194.88.84 - gouryan [17/Sep/2012:11:35:59 -0400] "GET /favicon.ico HTTP/1.1" 200 4795 "https://www.gradecraft.com/dashboard" "Mozilla/5.0 (Macintosh; Intel Mac OS X 10_8_1) AppleWebKit/536.25 (KHTML, like Gecko) Version/6.0 Safari/536.25"
67.194.18.159 - - [17/Sep/2012:11:36:02 -0400] "GET / HTTP/1.1" 302 756 "-" "Mozilla/5.0 (Macintosh; Intel Mac OS X 10_8_1) AppleWebKit/536.25 (KHTML, like Gecko) Version/6.0 Safari/536.25"
67.194.18.159 - - [17/Sep/2012:11:36:02 -0400] "GET /cosign/valid?cosign-www.gradecraft.com=Szm2S4qcogDqwSEexOTU355-h5-PSdJ5rZizeJtxjTE1gtCbTFkmSWqSCm611ljXQHWSLnM74daXK7gMzqRkZLUuYb8Do8iKiHVFO+D7y1p7mxaxN+PRxT3234Lq&https://gradecraft.com/ HTTP/1.1" 301 740 "-" "Mozilla/5.0 (Macintosh; Intel Mac OS X 10_8_1) AppleWebKit/536.25 (KHTML, like Gecko) Version/6.0 Safari/536.25"
67.194.23.224 - - [17/Sep/2012:11:36:03 -0400] "GET /cosign/valid?cosign-www.gradecraft.com=FZ2jOdNwF-L0S-O9azOVJ6n1OFXob+vax9XOqNwxHDYLMtI2dyA4zPvm8W6CjKD0HsU39afSyYohrTHhW6ew9MvN3aZu0Cocl1npYi++q90-DFWSGll16xM62rRw&https://www.gradecraft.com/dashboard HTTP/1.1" 301 3403 "https://weblogin.umich.edu/?cosign-www.gradecraft.com&https://www.gradecraft.com/dashboard" "Mozilla/5.0 (compatible; MSIE 9.0; Windows NT 6.1; WOW64; Trident/5.0)"
67.194.23.224 - brynabar [17/Sep/2012:11:36:03 -0400] "GET /dashboard HTTP/1.1" 302 1348 "https://weblogin.umich.edu/?cosign-www.gradecraft.com&https://www.gradecraft.com/dashboard" "Mozilla/5.0 (compatible; MSIE 9.0; Windows NT 6.1; WOW64; Trident/5.0)"
35.0.84.215 - - [17/Sep/2012:11:36:03 -0400] "GET / HTTP/1.1" 302 901 "-" "Mozilla/5.0 (iPhone; CPU iPhone OS 5_1 like Mac OS X) AppleWebKit/534.46 (KHTML, like Gecko) Version/5.1 Mobile/9B176 Safari/7534.48.3"
67.194.2.213 - - [17/Sep/2012:11:36:03 -0400] "GET / HTTP/1.1" 302 3984 "https://sites.google.com/a/umich.edu/polsci101f2012/home" "Mozilla/5.0 (Windows NT 6.1; WOW64; rv:15.0) Gecko/20100101 Firefox/15.0.1"
67.194.23.224 - brynabar [17/Sep/2012:11:36:03 -0400] "GET /dashboard HTTP/1.1" 200 3956 "https://weblogin.umich.edu/?cosign-www.gradecraft.com&https://www.gradecraft.com/dashboard" "Mozilla/5.0 (compatible; MSIE 9.0; Windows NT 6.1; WOW64; Trident/5.0)"
67.194.23.224 - brynabar [17/Sep/2012:11:36:03 -0400] "GET /uploads/theme/filename/3/cyborg.min.css HTTP/1.1" 200 16393 "https://www.gradecraft.com/dashboard" "Mozilla/5.0 (compatible; MSIE 9.0; Windows NT 6.1; WOW64; Trident/5.0)"
67.194.23.224 - brynabar [17/Sep/2012:11:36:03 -0400] "GET /assets/application-00253241250260a29e421ba336543d92.css HTTP/1.1" 200 46253 "https://www.gradecraft.com/dashboard" "Mozilla/5.0 (compatible; MSIE 9.0; Windows NT 6.1; WOW64; Trident/5.0)"
67.194.22.148 - - [17/Sep/2012:11:36:04 -0400] "GET / HTTP/1.1" 302 3254 "-" "Mozilla/5.0 (Macintosh; Intel Mac OS X 10_5_8) AppleWebKit/534.50.2 (KHTML, like Gecko) Version/5.0.6 Safari/533.22.3"
35.0.84.215 - - [17/Sep/2012:11:36:04 -0400] "GET /cosign/valid?cosign-www.gradecraft.com=ZrYAQey2QVldIIfZQ2CqBaMWrExxl1GUEzwOH2knsyiUA9wYvnN5Jey6eyVWStHLgw9VTIgIvjae4Ir96e7Pw8OLCqKBxEatjuwsM1-W7Dsdr3y3PUlGGbpH17qd&https://gradecraft.com/ HTTP/1.1" 301 885 "-" "Mozilla/5.0 (iPhone; CPU iPhone OS 5_1 like Mac OS X) AppleWebKit/534.46 (KHTML, like Gecko) Version/5.1 Mobile/9B176 Safari/7534.48.3"
67.194.23.224 - brynabar [17/Sep/2012:11:36:04 -0400] "GET /assets/application-4ce0ae23744168912769066ef11545d8.js HTTP/1.1" 200 135915 "https://www.gradecraft.com/dashboard" "Mozilla/5.0 (compatible; MSIE 9.0; Windows NT 6.1; WOW64; Trident/5.0)"
67.194.88.6 - - [17/Sep/2012:11:36:05 -0400] "GET /cosign/valid?cosign-www.gradecraft.com=T6pPlPS-CmHXksad8ZXuVnSV8jMXGMFeJrYfBZXp1VMZ6dQ0vZh1RyjXynVholk4DhIVq3utXqJFurq7821Vi7Xl1OZgM9-rVum5P83zY2D0qUG6GwWT+lz1lD4W&https://www.gradecraft.com/ HTTP/1.1" 301 868 "https://weblogin.umich.edu/?cosign-www.gradecraft.com&https://www.gradecraft.com/" "Mozilla/5.0 (Macintosh; Intel Mac OS X 10_8_1) AppleWebKit/536.25 (KHTML, like Gecko) Version/6.0 Safari/536.25"
67.194.88.6 - lidavid [17/Sep/2012:11:36:05 -0400] "GET / HTTP/1.1" 302 1348 "https://weblogin.umich.edu/?cosign-www.gradecraft.com&https://www.gradecraft.com/" "Mozilla/5.0 (Macintosh; Intel Mac OS X 10_8_1) AppleWebKit/536.25 (KHTML, like Gecko) Version/6.0 Safari/536.25"
67.194.88.6 - lidavid [17/Sep/2012:11:36:05 -0400] "GET /dashboard HTTP/1.1" 200 3908 "https://weblogin.umich.edu/?cosign-www.gradecraft.com&https://www.gradecraft.com/" "Mozilla/5.0 (Macintosh; Intel Mac OS X 10_8_1) AppleWebKit/536.25 (KHTML, like Gecko) Version/6.0 Safari/536.25"
67.194.88.6 - lidavid [17/Sep/2012:11:36:05 -0400] "GET /uploads/theme/filename/3/cyborg.min.css HTTP/1.1" 200 16393 "https://www.gradecraft.com/dashboard" "Mozilla/5.0 (Macintosh; Intel Mac OS X 10_8_1) AppleWebKit/536.25 (KHTML, like Gecko) Version/6.0 Safari/536.25"
67.194.88.6 - lidavid [17/Sep/2012:11:36:05 -0400] "GET /assets/application-00253241250260a29e421ba336543d92.css HTTP/1.1" 200 46398 "https://www.gradecraft.com/dashboard" "Mozilla/5.0 (Macintosh; Intel Mac OS X 10_8_1) AppleWebKit/536.25 (KHTML, like Gecko) Version/6.0 Safari/536.25"
67.194.88.6 - lidavid [17/Sep/2012:11:36:05 -0400] "GET /assets/application-4ce0ae23744168912769066ef11545d8.js HTTP/1.1" 200 135915 "https://www.gradecraft.com/dashboard" "Mozilla/5.0 (Macintosh; Intel Mac OS X 10_8_1) AppleWebKit/536.25 (KHTML, like Gecko) Version/6.0 Safari/536.25"
67.194.21.153 - - [17/Sep/2012:11:36:05 -0400] "GET /cosign/valid?cosign-www.gradecraft.com=nWCwlXykBFCQ0HqUS3B2VI9I3YpZ2wIiin+rRK-zGUiDVIIIk-53iTPe1AGY9emlTZLW0CDO0louQkTvAxAE4andXGzWQGnQdIOWOcywv223eC-bVCmMBUf868Xz&https://www.gradecraft.com/ HTTP/1.1" 301 868 "https://weblogin.umich.edu/?cosign-www.gradecraft.com&https://www.gradecraft.com/" "Mozilla/5.0 (Macintosh; Intel Mac OS X 10_7_4) AppleWebKit/536.25 (KHTML, like Gecko) Version/6.0 Safari/536.25"
67.194.88.6 - lidavid [17/Sep/2012:11:36:06 -0400] "GET /users/predictor.json?user_id=346 HTTP/1.1" 200 1562 "https://www.gradecraft.com/dashboard" "Mozilla/5.0 (Macintosh; Intel Mac OS X 10_8_1) AppleWebKit/536.25 (KHTML, like Gecko) Version/6.0 Safari/536.25"
67.194.88.6 - lidavid [17/Sep/2012:11:36:06 -0400] "GET /users/predictor.json?in_progress=true&user_id=346 HTTP/1.1" 200 1562 "https://www.gradecraft.com/dashboard" "Mozilla/5.0 (Macintosh; Intel Mac OS X 10_8_1) AppleWebKit/536.25 (KHTML, like Gecko) Version/6.0 Safari/536.25"
67.194.21.153 - allicope [17/Sep/2012:11:36:05 -0400] "GET / HTTP/1.1" 200 3892 "https://weblogin.umich.edu/?cosign-www.gradecraft.com&https://www.gradecraft.com/" "Mozilla/5.0 (Macintosh; Intel Mac OS X 10_7_4) AppleWebKit/536.25 (KHTML, like Gecko) Version/6.0 Safari/536.25"
67.194.23.224 - brynabar [17/Sep/2012:11:36:06 -0400] "GET /users/predictor.json?in_progress=true&user_id=220 HTTP/1.1" 200 1578 "https://www.gradecraft.com/dashboard" "Mozilla/5.0 (compatible; MSIE 9.0; Windows NT 6.1; WOW64; Trident/5.0)"
67.194.23.224 - brynabar [17/Sep/2012:11:36:06 -0400] "GET /users/predictor.json?user_id=220 HTTP/1.1" 200 1578 "https://www.gradecraft.com/dashboard" "Mozilla/5.0 (compatible; MSIE 9.0; Windows NT 6.1; WOW64; Trident/5.0)"
67.194.21.153 - allicope [17/Sep/2012:11:36:06 -0400] "GET /assets/application-00253241250260a29e421ba336543d92.css HTTP/1.1" 200 46253 "https://www.gradecraft.com/" "Mozilla/5.0 (Macintosh; Intel Mac OS X 10_7_4) AppleWebKit/536.25 (KHTML, like Gecko) Version/6.0 Safari/536.25"
67.194.21.153 - allicope [17/Sep/2012:11:36:06 -0400] "GET /uploads/theme/filename/3/cyborg.min.css HTTP/1.1" 200 16531 "https://www.gradecraft.com/" "Mozilla/5.0 (Macintosh; Intel Mac OS X 10_7_4) AppleWebKit/536.25 (KHTML, like Gecko) Version/6.0 Safari/536.25"
67.194.21.153 - allicope [17/Sep/2012:11:36:06 -0400] "GET /assets/application-4ce0ae23744168912769066ef11545d8.js HTTP/1.1" 200 135908 "https://www.gradecraft.com/" "Mozilla/5.0 (Macintosh; Intel Mac OS X 10_7_4) AppleWebKit/536.25 (KHTML, like Gecko) Version/6.0 Safari/536.25"
67.194.23.224 - - [17/Sep/2012:11:36:06 -0400] "GET /favicon.ico HTTP/1.1" 302 3275 "-" "Mozilla/5.0 (compatible; MSIE 9.0; Windows NT 6.1; WOW64; Trident/5.0)"
67.194.18.159 - - [17/Sep/2012:11:36:06 -0400] "GET / HTTP/1.1" 302 756 "-" "Mozilla/5.0 (Macintosh; Intel Mac OS X 10_8_1) AppleWebKit/536.25 (KHTML, like Gecko) Version/6.0 Safari/536.25"
67.194.18.159 - - [17/Sep/2012:11:36:07 -0400] "GET /cosign/valid?cosign-www.gradecraft.com=eNQJR-RyGl4PcTQnWDEnm0Uguv8qBObFxfix14+381zJVegG-JvBv99GeMbHnr0SqDcAzDyhg6DnM9ba4uJL8yz4xddSELsTBdthoqCgzFixdXEYx8cZIXpb3KP9&https://gradecraft.com/ HTTP/1.1" 301 740 "-" "Mozilla/5.0 (Macintosh; Intel Mac OS X 10_8_1) AppleWebKit/536.25 (KHTML, like Gecko) Version/6.0 Safari/536.25"
67.194.21.153 - allicope [17/Sep/2012:11:36:07 -0400] "GET /users/predictor.json?in_progress=true&user_id=124 HTTP/1.1" 200 1578 "https://www.gradecraft.com/" "Mozilla/5.0 (Macintosh; Intel Mac OS X 10_7_4) AppleWebKit/536.25 (KHTML, like Gecko) Version/6.0 Safari/536.25"
67.194.21.153 - allicope [17/Sep/2012:11:36:07 -0400] "GET /users/predictor.json?user_id=124 HTTP/1.1" 200 1578 "https://www.gradecraft.com/" "Mozilla/5.0 (Macintosh; Intel Mac OS X 10_7_4) AppleWebKit/536.25 (KHTML, like Gecko) Version/6.0 Safari/536.25"
67.194.21.153 - allicope [17/Sep/2012:11:36:07 -0400] "GET /favicon.ico HTTP/1.1" 200 4788 "https://www.gradecraft.com/" "Mozilla/5.0 (Macintosh; Intel Mac OS X 10_7_4) AppleWebKit/536.25 (KHTML, like Gecko) Version/6.0 Safari/536.25"
67.194.2.213 - - [17/Sep/2012:11:36:08 -0400] "GET /cosign/valid?cosign-www.gradecraft.com=k1fN8yWb84hD3Eic5ECR1Fmb7hq6aJWBXhniTgwyYeeyNjLr-VPgKUsTkRyPpGC9AC3BV0za3zjvdl5Kzf8ShPUccZENH0ERFZyBgjP+TGu1DPP+TMJcLBEdWNkM&https://www.gradecraft.com/ HTTP/1.1" 301 868 "https://weblogin.umich.edu/?cosign-www.gradecraft.com&https://www.gradecraft.com/" "Mozilla/5.0 (Windows NT 6.1; WOW64; rv:15.0) Gecko/20100101 Firefox/15.0.1"
67.194.2.213 - duncsmit [17/Sep/2012:11:36:08 -0400] "GET / HTTP/1.1" 302 1348 "https://weblogin.umich.edu/?cosign-www.gradecraft.com&https://www.gradecraft.com/" "Mozilla/5.0 (Windows NT 6.1; WOW64; rv:15.0) Gecko/20100101 Firefox/15.0.1"
67.194.2.213 - duncsmit [17/Sep/2012:11:36:08 -0400] "GET /dashboard HTTP/1.1" 200 3940 "https://weblogin.umich.edu/?cosign-www.gradecraft.com&https://www.gradecraft.com/" "Mozilla/5.0 (Windows NT 6.1; WOW64; rv:15.0) Gecko/20100101 Firefox/15.0.1"
67.194.2.213 - duncsmit [17/Sep/2012:11:36:08 -0400] "GET /assets/application-00253241250260a29e421ba336543d92.css HTTP/1.1" 200 46253 "https://www.gradecraft.com/dashboard" "Mozilla/5.0 (Windows NT 6.1; WOW64; rv:15.0) Gecko/20100101 Firefox/15.0.1"
67.194.2.213 - duncsmit [17/Sep/2012:11:36:08 -0400] "GET /uploads/theme/filename/3/cyborg.min.css HTTP/1.1" 200 16538 "https://www.gradecraft.com/dashboard" "Mozilla/5.0 (Windows NT 6.1; WOW64; rv:15.0) Gecko/20100101 Firefox/15.0.1"
67.194.2.213 - duncsmit [17/Sep/2012:11:36:08 -0400] "GET /assets/application-4ce0ae23744168912769066ef11545d8.js HTTP/1.1" 200 135915 "https://www.gradecraft.com/dashboard" "Mozilla/5.0 (Windows NT 6.1; WOW64; rv:15.0) Gecko/20100101 Firefox/15.0.1"
67.194.88.84 - gouryan [17/Sep/2012:11:36:10 -0400] "GET /assignments/28/grades/self_log?gradeable_id=264&gradeable_type=User HTTP/1.1" 200 2756 "https://www.gradecraft.com/dashboard" "Mozilla/5.0 (Macintosh; Intel Mac OS X 10_8_1) AppleWebKit/536.25 (KHTML, like Gecko) Version/6.0 Safari/536.25"
67.194.22.148 - - [17/Sep/2012:11:36:12 -0400] "GET /cosign/valid?cosign-www.gradecraft.com=Gppf0C9hOJ-2F0qMsb4naC2fq1QbW1-vymquOhcVhOnpkq-brKaYt6wYHnjSpyqTZlpUSlgb++7B7BtttisxM-ZrNEMwd3+OS7E89ec0J5alSPWsJXHRtg6HM3fx&https://gradecraft.com/ HTTP/1.1" 301 3238 "https://weblogin.umich.edu/?cosign-www.gradecraft.com&https://gradecraft.com/" "Mozilla/5.0 (Macintosh; Intel Mac OS X 10_5_8) AppleWebKit/534.50.2 (KHTML, like Gecko) Version/5.0.6 Safari/533.22.3"
67.194.2.213 - duncsmit [17/Sep/2012:11:36:12 -0400] "GET /users/predictor.json?user_id=237 HTTP/1.1" 200 1578 "https://www.gradecraft.com/dashboard" "Mozilla/5.0 (Windows NT 6.1; WOW64; rv:15.0) Gecko/20100101 Firefox/15.0.1"
67.194.2.213 - duncsmit [17/Sep/2012:11:36:12 -0400] "GET /users/predictor.json?in_progress=true&user_id=237 HTTP/1.1" 200 1578 "https://www.gradecraft.com/dashboard" "Mozilla/5.0 (Windows NT 6.1; WOW64; rv:15.0) Gecko/20100101 Firefox/15.0.1"
67.194.2.213 - duncsmit [17/Sep/2012:11:36:13 -0400] "GET /favicon.ico HTTP/1.1" 200 4650 "-" "Mozilla/5.0 (Windows NT 6.1; WOW64; rv:15.0) Gecko/20100101 Firefox/15.0.1"
67.194.90.200 - - [17/Sep/2012:11:36:13 -0400] "GET / HTTP/1.1" 302 3254 "-" "Mozilla/5.0 (Macintosh; Intel Mac OS X 10_7_4) AppleWebKit/536.25 (KHTML, like Gecko) Version/6.0 Safari/536.25"
67.194.88.84 - gouryan [17/Sep/2012:11:36:14 -0400] "POST /assignments/28/grades/self_log_create HTTP/1.1" 302 1652 "https://www.gradecraft.com/assignments/28/grades/self_log?gradeable_id=264&gradeable_type=User" "Mozilla/5.0 (Macintosh; Intel Mac OS X 10_8_1) AppleWebKit/536.25 (KHTML, like Gecko) Version/6.0 Safari/536.25"
67.194.90.200 - - [17/Sep/2012:11:36:14 -0400] "GET /cosign/valid?cosign-www.gradecraft.com=JoZJ3scTzXw4KFRugU0EnFgydn0K6qs6wscEidhsJmeRHnrVljM+wQV3sfDJSdZr1VL8LtbOEVQO85vEswwnvXlUh3uXzmnhMmW-abg8WrbF3d4UXeJzBWWktWMU&https://www.gradecraft.com/ HTTP/1.1" 301 868 "-" "Mozilla/5.0 (Macintosh; Intel Mac OS X 10_7_4) AppleWebKit/536.25 (KHTML, like Gecko) Version/6.0 Safari/536.25"
67.194.88.84 - gouryan [17/Sep/2012:11:36:14 -0400] "GET /dashboard HTTP/1.1" 200 4164 "https://www.gradecraft.com/assignments/28/grades/self_log?gradeable_id=264&gradeable_type=User" "Mozilla/5.0 (Macintosh; Intel Mac OS X 10_8_1) AppleWebKit/536.25 (KHTML, like Gecko) Version/6.0 Safari/536.25"
67.194.90.200 - cchegash [17/Sep/2012:11:36:14 -0400] "GET / HTTP/1.1" 302 1348 "-" "Mozilla/5.0 (Macintosh; Intel Mac OS X 10_7_4) AppleWebKit/536.25 (KHTML, like Gecko) Version/6.0 Safari/536.25"
67.194.88.84 - gouryan [17/Sep/2012:11:36:14 -0400] "GET /users/predictor.json?user_id=264 HTTP/1.1" 200 1739 "https://www.gradecraft.com/dashboard" "Mozilla/5.0 (Macintosh; Intel Mac OS X 10_8_1) AppleWebKit/536.25 (KHTML, like Gecko) Version/6.0 Safari/536.25"
67.194.88.84 - gouryan [17/Sep/2012:11:36:14 -0400] "GET /users/predictor.json?in_progress=true&user_id=264 HTTP/1.1" 200 1594 "https://www.gradecraft.com/dashboard" "Mozilla/5.0 (Macintosh; Intel Mac OS X 10_8_1) AppleWebKit/536.25 (KHTML, like Gecko) Version/6.0 Safari/536.25"
67.194.90.200 - cchegash [17/Sep/2012:11:36:14 -0400] "GET /dashboard HTTP/1.1" 200 3924 "-" "Mozilla/5.0 (Macintosh; Intel Mac OS X 10_7_4) AppleWebKit/536.25 (KHTML, like Gecko) Version/6.0 Safari/536.25"
67.194.90.200 - cchegash [17/Sep/2012:11:36:15 -0400] "GET /assets/application-00253241250260a29e421ba336543d92.css HTTP/1.1" 200 46253 "https://www.gradecraft.com/dashboard" "Mozilla/5.0 (Macintosh; Intel Mac OS X 10_7_4) AppleWebKit/536.25 (KHTML, like Gecko) Version/6.0 Safari/536.25"
67.194.90.200 - cchegash [17/Sep/2012:11:36:15 -0400] "GET /uploads/theme/filename/3/cyborg.min.css HTTP/1.1" 200 16531 "https://www.gradecraft.com/dashboard" "Mozilla/5.0 (Macintosh; Intel Mac OS X 10_7_4) AppleWebKit/536.25 (KHTML, like Gecko) Version/6.0 Safari/536.25"
67.194.90.200 - cchegash [17/Sep/2012:11:36:15 -0400] "GET /assets/application-4ce0ae23744168912769066ef11545d8.js HTTP/1.1" 200 135908 "https://www.gradecraft.com/dashboard" "Mozilla/5.0 (Macintosh; Intel Mac OS X 10_7_4) AppleWebKit/536.25 (KHTML, like Gecko) Version/6.0 Safari/536.25"
67.194.90.200 - cchegash [17/Sep/2012:11:36:17 -0400] "GET /users/predictor.json?in_progress=true&user_id=303 HTTP/1.1" 200 1578 "https://www.gradecraft.com/dashboard" "Mozilla/5.0 (Macintosh; Intel Mac OS X 10_7_4) AppleWebKit/536.25 (KHTML, like Gecko) Version/6.0 Safari/536.25"
67.194.90.200 - cchegash [17/Sep/2012:11:36:17 -0400] "GET /users/predictor.json?user_id=303 HTTP/1.1" 200 1578 "https://www.gradecraft.com/dashboard" "Mozilla/5.0 (Macintosh; Intel Mac OS X 10_7_4) AppleWebKit/536.25 (KHTML, like Gecko) Version/6.0 Safari/536.25"
67.194.88.6 - lidavid [17/Sep/2012:11:36:18 -0400] "GET /assignments/28/grades/self_log?gradeable_id=346&gradeable_type=User HTTP/1.1" 200 2756 "https://www.gradecraft.com/dashboard" "Mozilla/5.0 (Macintosh; Intel Mac OS X 10_8_1) AppleWebKit/536.25 (KHTML, like Gecko) Version/6.0 Safari/536.25"
67.194.90.200 - cchegash [17/Sep/2012:11:36:18 -0400] "GET /favicon.ico HTTP/1.1" 200 4788 "https://www.gradecraft.com/dashboard" "Mozilla/5.0 (Macintosh; Intel Mac OS X 10_7_4) AppleWebKit/536.25 (KHTML, like Gecko) Version/6.0 Safari/536.25"
67.194.31.50 - doksuz [17/Sep/2012:11:36:19 -0400] "GET /user_assignment_type_weights HTTP/1.1" 500 1173 "https://www.gradecraft.com/user_assignment_type_weights/new?assignment_type_id=8" "Mozilla/5.0 (Windows NT 6.1; WOW64) AppleWebKit/537.1 (KHTML, like Gecko) Chrome/21.0.1180.89 Safari/537.1"
35.0.84.215 - - [17/Sep/2012:11:36:20 -0400] "GET / HTTP/1.1" 302 901 "-" "Mozilla/5.0 (iPhone; CPU iPhone OS 5_1 like Mac OS X) AppleWebKit/534.46 (KHTML, like Gecko) Version/5.1 Mobile/9B176 Safari/7534.48.3"
67.194.18.159 - - [17/Sep/2012:11:36:20 -0400] "GET / HTTP/1.1" 302 756 "-" "Mozilla/5.0 (Macintosh; Intel Mac OS X 10_8_1) AppleWebKit/536.25 (KHTML, like Gecko) Version/6.0 Safari/536.25"
67.194.18.159 - - [17/Sep/2012:11:36:20 -0400] "GET /cosign/valid?cosign-www.gradecraft.com=pDv6v6y42h-xU6De6qWQ-Y8mpUj6s+AqG-G69E4f57VRMBG-y+0Nt8KwZkznJcYASk1XWIjuCU5poEykvNB8vzNFXHsgGTuozy9E7cB-IyKU9uIqBaoeJH4pZsPS&https://gradecraft.com/ HTTP/1.1" 301 740 "-" "Mozilla/5.0 (Macintosh; Intel Mac OS X 10_8_1) AppleWebKit/536.25 (KHTML, like Gecko) Version/6.0 Safari/536.25"
35.0.84.215 - - [17/Sep/2012:11:36:20 -0400] "GET /cosign/valid?cosign-www.gradecraft.com=qJLj1EKz1x+20oDAIA4ja7mf+6pZ0Fc9DnSM1loIcZphmM8RRnTSCBqpM57V62B45lZHvdI3QCZGgIh+THJpCxqmaYsWy67S5-AOJ1Lq6C7Z+nzJ6V5qw6wfufSn&https://gradecraft.com/ HTTP/1.1" 301 885 "-" "Mozilla/5.0 (iPhone; CPU iPhone OS 5_1 like Mac OS X) AppleWebKit/534.46 (KHTML, like Gecko) Version/5.1 Mobile/9B176 Safari/7534.48.3"
