67.194.9.55 - smithlu [25/Sep/2012:11:13:57 -0400] "GET /badges/pos101/above_and_beyond.png HTTP/1.1" 200 6234 "https://www.gradecraft.com/" "Mozilla/5.0 (Macintosh; Intel Mac OS X 10_7_4) AppleWebKit/537.1 (KHTML, like Gecko) Chrome/21.0.1180.89 Safari/537.1"
67.194.9.55 - smithlu [25/Sep/2012:11:13:57 -0400] "GET /badges/pos101/presentation_of_self.png HTTP/1.1" 200 5498 "https://www.gradecraft.com/" "Mozilla/5.0 (Macintosh; Intel Mac OS X 10_7_4) AppleWebKit/537.1 (KHTML, like Gecko) Chrome/21.0.1180.89 Safari/537.1"
67.194.9.55 - smithlu [25/Sep/2012:11:13:57 -0400] "GET /badges/pos101/awesome_aggregator.png HTTP/1.1" 200 8886 "https://www.gradecraft.com/" "Mozilla/5.0 (Macintosh; Intel Mac OS X 10_7_4) AppleWebKit/537.1 (KHTML, like Gecko) Chrome/21.0.1180.89 Safari/537.1"
67.194.9.55 - smithlu [25/Sep/2012:11:13:57 -0400] "GET /badges/pos101/great_critic.png HTTP/1.1" 200 8534 "https://www.gradecraft.com/" "Mozilla/5.0 (Macintosh; Intel Mac OS X 10_7_4) AppleWebKit/537.1 (KHTML, like Gecko) Chrome/21.0.1180.89 Safari/537.1"
67.194.9.55 - smithlu [25/Sep/2012:11:13:57 -0400] "GET /badges/pos101/teachers_pet.png HTTP/1.1" 200 6422 "https://www.gradecraft.com/" "Mozilla/5.0 (Macintosh; Intel Mac OS X 10_7_4) AppleWebKit/537.1 (KHTML, like Gecko) Chrome/21.0.1180.89 Safari/537.1"
67.194.9.55 - smithlu [25/Sep/2012:11:13:57 -0400] "GET /badges/pos101/concentrator.png HTTP/1.1" 200 3594 "https://www.gradecraft.com/" "Mozilla/5.0 (Macintosh; Intel Mac OS X 10_7_4) AppleWebKit/537.1 (KHTML, like Gecko) Chrome/21.0.1180.89 Safari/537.1"
67.194.9.55 - smithlu [25/Sep/2012:11:13:57 -0400] "GET /badges/pos101/courageous_failure.png HTTP/1.1" 200 8410 "https://www.gradecraft.com/" "Mozilla/5.0 (Macintosh; Intel Mac OS X 10_7_4) AppleWebKit/537.1 (KHTML, like Gecko) Chrome/21.0.1180.89 Safari/537.1"
67.194.9.55 - smithlu [25/Sep/2012:11:13:57 -0400] "GET /badges/pos101/early_bird_special.png HTTP/1.1" 200 4602 "https://www.gradecraft.com/" "Mozilla/5.0 (Macintosh; Intel Mac OS X 10_7_4) AppleWebKit/537.1 (KHTML, like Gecko) Chrome/21.0.1180.89 Safari/537.1"
67.194.9.55 - smithlu [25/Sep/2012:11:13:57 -0400] "GET /badges/pos101/gaining_experience.png HTTP/1.1" 200 8458 "https://www.gradecraft.com/" "Mozilla/5.0 (Macintosh; Intel Mac OS X 10_7_4) AppleWebKit/537.1 (KHTML, like Gecko) Chrome/21.0.1180.89 Safari/537.1"
67.194.9.55 - smithlu [25/Sep/2012:11:13:57 -0400] "GET /badges/pos101/examination_expert.png HTTP/1.1" 200 4042 "https://www.gradecraft.com/" "Mozilla/5.0 (Macintosh; Intel Mac OS X 10_7_4) AppleWebKit/537.1 (KHTML, like Gecko) Chrome/21.0.1180.89 Safari/537.1"
67.194.9.55 - smithlu [25/Sep/2012:11:13:57 -0400] "GET /badges/pos101/gamer.png HTTP/1.1" 200 4378 "https://www.gradecraft.com/" "Mozilla/5.0 (Macintosh; Intel Mac OS X 10_7_4) AppleWebKit/537.1 (KHTML, like Gecko) Chrome/21.0.1180.89 Safari/537.1"
67.194.9.55 - smithlu [25/Sep/2012:11:13:57 -0400] "GET /badges/pos101/level_one.png HTTP/1.1" 200 4458 "https://www.gradecraft.com/" "Mozilla/5.0 (Macintosh; Intel Mac OS X 10_7_4) AppleWebKit/537.1 (KHTML, like Gecko) Chrome/21.0.1180.89 Safari/537.1"
67.194.9.55 - smithlu [25/Sep/2012:11:13:57 -0400] "GET /badges/pos101/personal.png HTTP/1.1" 200 4474 "https://www.gradecraft.com/" "Mozilla/5.0 (Macintosh; Intel Mac OS X 10_7_4) AppleWebKit/537.1 (KHTML, like Gecko) Chrome/21.0.1180.89 Safari/537.1"
67.194.9.55 - smithlu [25/Sep/2012:11:13:57 -0400] "GET /badges/pos101/participatory_democrat.png HTTP/1.1" 200 5354 "https://www.gradecraft.com/" "Mozilla/5.0 (Macintosh; Intel Mac OS X 10_7_4) AppleWebKit/537.1 (KHTML, like Gecko) Chrome/21.0.1180.89 Safari/537.1"
67.194.9.55 - smithlu [25/Sep/2012:11:13:57 -0400] "GET /users/predictor.json?user_id=335 HTTP/1.1" 304 869 "https://www.gradecraft.com/" "Mozilla/5.0 (Macintosh; Intel Mac OS X 10_7_4) AppleWebKit/537.1 (KHTML, like Gecko) Chrome/21.0.1180.89 Safari/537.1"
67.194.9.55 - smithlu [25/Sep/2012:11:13:57 -0400] "GET /badges/pos101/public_speaker.png HTTP/1.1" 200 5482 "https://www.gradecraft.com/" "Mozilla/5.0 (Macintosh; Intel Mac OS X 10_7_4) AppleWebKit/537.1 (KHTML, like Gecko) Chrome/21.0.1180.89 Safari/537.1"
67.194.9.55 - smithlu [25/Sep/2012:11:13:57 -0400] "GET /badges/pos101/practice_makes_perfect.png HTTP/1.1" 200 6010 "https://www.gradecraft.com/" "Mozilla/5.0 (Macintosh; Intel Mac OS X 10_7_4) AppleWebKit/537.1 (KHTML, like Gecko) Chrome/21.0.1180.89 Safari/537.1"
67.194.9.55 - smithlu [25/Sep/2012:11:13:57 -0400] "GET /badges/pos101/scribe.png HTTP/1.1" 200 3002 "https://www.gradecraft.com/" "Mozilla/5.0 (Macintosh; Intel Mac OS X 10_7_4) AppleWebKit/537.1 (KHTML, like Gecko) Chrome/21.0.1180.89 Safari/537.1"
67.194.9.55 - smithlu [25/Sep/2012:11:13:57 -0400] "GET /badges/pos101/times_immemorial.png HTTP/1.1" 200 5722 "https://www.gradecraft.com/" "Mozilla/5.0 (Macintosh; Intel Mac OS X 10_7_4) AppleWebKit/537.1 (KHTML, like Gecko) Chrome/21.0.1180.89 Safari/537.1"
67.194.9.55 - smithlu [25/Sep/2012:11:13:57 -0400] "GET /uploads/badge/icon/23/learning_from_mistakes.png HTTP/1.1" 404 1044 "https://www.gradecraft.com/" "Mozilla/5.0 (Macintosh; Intel Mac OS X 10_7_4) AppleWebKit/537.1 (KHTML, like Gecko) Chrome/21.0.1180.89 Safari/537.1"
67.194.9.55 - smithlu [25/Sep/2012:11:13:57 -0400] "GET /users/predictor.json?in_progress=true&user_id=335 HTTP/1.1" 304 869 "https://www.gradecraft.com/" "Mozilla/5.0 (Macintosh; Intel Mac OS X 10_7_4) AppleWebKit/537.1 (KHTML, like Gecko) Chrome/21.0.1180.89 Safari/537.1"
67.194.97.4 - sjspark [25/Sep/2012:11:13:58 -0400] "GET /users/predictor.json?user_id=331 HTTP/1.1" 304 885 "https://www.gradecraft.com/" "Mozilla/5.0 (Windows NT 6.1; WOW64) AppleWebKit/537.1 (KHTML, like Gecko) Chrome/21.0.1180.89 Safari/537.1"
67.194.97.4 - sjspark [25/Sep/2012:11:13:58 -0400] "GET /uploads/badge/icon/23/learning_from_mistakes.png HTTP/1.1" 404 4288 "https://www.gradecraft.com/" "Mozilla/5.0 (Windows NT 6.1; WOW64) AppleWebKit/537.1 (KHTML, like Gecko) Chrome/21.0.1180.89 Safari/537.1"
67.194.97.4 - sjspark [25/Sep/2012:11:13:58 -0400] "GET /users/predictor.json?in_progress=true&user_id=331 HTTP/1.1" 304 885 "https://www.gradecraft.com/" "Mozilla/5.0 (Windows NT 6.1; WOW64) AppleWebKit/537.1 (KHTML, like Gecko) Chrome/21.0.1180.89 Safari/537.1"
67.194.9.55 - smithlu [25/Sep/2012:11:13:58 -0400] "GET /favicon.ico HTTP/1.1" 200 4650 "-" "Mozilla/5.0 (Macintosh; Intel Mac OS X 10_7_4) AppleWebKit/537.1 (KHTML, like Gecko) Chrome/21.0.1180.89 Safari/537.1"
67.194.111.96 - - [25/Sep/2012:11:14:00 -0400] "GET /cosign/valid?cosign-www.gradecraft.com=-aVP8RVeEbM2ZpNq4SW0XIhxAkN+eTy39DIOfr2W8jMCszbN90Tg4VURbvkNJIRyP62HviKNkbWFXtoBnlMXKoBWKpYuMBE3LY0l2JJCCtYxVQK8o+JO-xFrClU2&https://www.gradecraft.com/dashboard HTTP/1.1" 301 1045 "https://weblogin.umich.edu/?cosign-www.gradecraft.com&https://www.gradecraft.com/dashboard" "Mozilla/5.0 (Windows NT 6.1; WOW64) AppleWebKit/537.1 (KHTML, like Gecko) Chrome/21.0.1180.89 Safari/537.1"
67.194.111.96 - amschwar [25/Sep/2012:11:14:01 -0400] "GET /dashboard HTTP/1.1" 302 1364 "https://weblogin.umich.edu/?cosign-www.gradecraft.com&https://www.gradecraft.com/dashboard" "Mozilla/5.0 (Windows NT 6.1; WOW64) AppleWebKit/537.1 (KHTML, like Gecko) Chrome/21.0.1180.89 Safari/537.1"
67.194.111.96 - amschwar [25/Sep/2012:11:14:01 -0400] "GET /dashboard HTTP/1.1" 200 5300 "https://weblogin.umich.edu/?cosign-www.gradecraft.com&https://www.gradecraft.com/dashboard" "Mozilla/5.0 (Windows NT 6.1; WOW64) AppleWebKit/537.1 (KHTML, like Gecko) Chrome/21.0.1180.89 Safari/537.1"
67.194.6.58 - - [25/Sep/2012:11:14:01 -0400] "GET / HTTP/1.1" 302 3789 "https://sites.google.com/a/umich.edu/polsci101f2012/course-structure/essays" "Mozilla/5.0 (Macintosh; Intel Mac OS X 10_7_4) AppleWebKit/537.1 (KHTML, like Gecko) Chrome/21.0.1180.89 Safari/537.1"
67.194.111.96 - amschwar [25/Sep/2012:11:14:01 -0400] "GET /assets/application-73d555b682bfc2118de2b80e87f52658.css HTTP/1.1" 304 245 "https://www.gradecraft.com/dashboard" "Mozilla/5.0 (Windows NT 6.1; WOW64) AppleWebKit/537.1 (KHTML, like Gecko) Chrome/21.0.1180.89 Safari/537.1"
67.194.111.96 - amschwar [25/Sep/2012:11:14:01 -0400] "GET /assets/application-47982acee63e77b1a3a5471daae4414a.js HTTP/1.1" 304 245 "https://www.gradecraft.com/dashboard" "Mozilla/5.0 (Windows NT 6.1; WOW64) AppleWebKit/537.1 (KHTML, like Gecko) Chrome/21.0.1180.89 Safari/537.1"
67.194.6.58 - - [25/Sep/2012:11:14:02 -0400] "GET /cosign/valid?cosign-www.gradecraft.com=k7srHLP71pgsv2iXdgXpsm1J5HWeb-6ile5Biafq1LQVlrvQSHcPno1Efw3VG49ChPrHgk2besJ+0vaYIDNep8oyvyCPUrnswca7qcY40lgA5KFB5NDegm1s63aE&https://www.gradecraft.com/ HTTP/1.1" 301 868 "https://sites.google.com/a/umich.edu/polsci101f2012/course-structure/essays" "Mozilla/5.0 (Macintosh; Intel Mac OS X 10_7_4) AppleWebKit/537.1 (KHTML, like Gecko) Chrome/21.0.1180.89 Safari/537.1"
67.194.6.58 - jsacksho [25/Sep/2012:11:14:02 -0400] "GET / HTTP/1.1" 200 5284 "https://sites.google.com/a/umich.edu/polsci101f2012/course-structure/essays" "Mozilla/5.0 (Macintosh; Intel Mac OS X 10_7_4) AppleWebKit/537.1 (KHTML, like Gecko) Chrome/21.0.1180.89 Safari/537.1"
67.194.6.58 - jsacksho [25/Sep/2012:11:14:02 -0400] "GET /assets/application-73d555b682bfc2118de2b80e87f52658.css HTTP/1.1" 304 245 "https://www.gradecraft.com/" "Mozilla/5.0 (Macintosh; Intel Mac OS X 10_7_4) AppleWebKit/537.1 (KHTML, like Gecko) Chrome/21.0.1180.89 Safari/537.1"
67.194.6.58 - jsacksho [25/Sep/2012:11:14:02 -0400] "GET /assets/application-47982acee63e77b1a3a5471daae4414a.js HTTP/1.1" 304 3278 "https://www.gradecraft.com/" "Mozilla/5.0 (Macintosh; Intel Mac OS X 10_7_4) AppleWebKit/537.1 (KHTML, like Gecko) Chrome/21.0.1180.89 Safari/537.1"
67.194.111.96 - amschwar [25/Sep/2012:11:14:02 -0400] "GET /users/predictor.json?user_id=333 HTTP/1.1" 304 1030 "https://www.gradecraft.com/dashboard" "Mozilla/5.0 (Windows NT 6.1; WOW64) AppleWebKit/537.1 (KHTML, like Gecko) Chrome/21.0.1180.89 Safari/537.1"
67.194.111.96 - amschwar [25/Sep/2012:11:14:02 -0400] "GET /uploads/badge/icon/23/learning_from_mistakes.png HTTP/1.1" 404 1205 "https://www.gradecraft.com/dashboard" "Mozilla/5.0 (Windows NT 6.1; WOW64) AppleWebKit/537.1 (KHTML, like Gecko) Chrome/21.0.1180.89 Safari/537.1"
67.194.111.96 - amschwar [25/Sep/2012:11:14:02 -0400] "GET /users/predictor.json?in_progress=true&user_id=333 HTTP/1.1" 304 885 "https://www.gradecraft.com/dashboard" "Mozilla/5.0 (Windows NT 6.1; WOW64) AppleWebKit/537.1 (KHTML, like Gecko) Chrome/21.0.1180.89 Safari/537.1"
35.0.94.49 - mbobcean [25/Sep/2012:11:13:55 -0400] "GET /assets/application-47982acee63e77b1a3a5471daae4414a.js HTTP/1.1" 200 207236 "https://www.gradecraft.com/" "Mozilla/5.0 (Windows NT 6.1; WOW64) AppleWebKit/537.1 (KHTML, like Gecko) Chrome/21.0.1180.89 Safari/537.1"
67.194.6.58 - jsacksho [25/Sep/2012:11:14:03 -0400] "GET /uploads/badge/icon/23/learning_from_mistakes.png HTTP/1.1" 404 4093 "https://www.gradecraft.com/" "Mozilla/5.0 (Macintosh; Intel Mac OS X 10_7_4) AppleWebKit/537.1 (KHTML, like Gecko) Chrome/21.0.1180.89 Safari/537.1"
67.194.6.58 - jsacksho [25/Sep/2012:11:14:03 -0400] "GET /users/predictor.json?user_id=332 HTTP/1.1" 304 869 "https://www.gradecraft.com/" "Mozilla/5.0 (Macintosh; Intel Mac OS X 10_7_4) AppleWebKit/537.1 (KHTML, like Gecko) Chrome/21.0.1180.89 Safari/537.1"
67.194.6.58 - jsacksho [25/Sep/2012:11:14:03 -0400] "GET /users/predictor.json?in_progress=true&user_id=332 HTTP/1.1" 304 885 "https://www.gradecraft.com/" "Mozilla/5.0 (Macintosh; Intel Mac OS X 10_7_4) AppleWebKit/537.1 (KHTML, like Gecko) Chrome/21.0.1180.89 Safari/537.1"
35.0.94.49 - mbobcean [25/Sep/2012:11:14:05 -0400] "GET /badges/pos101/always_learning.png HTTP/1.1" 200 3066 "https://www.gradecraft.com/" "Mozilla/5.0 (Windows NT 6.1; WOW64) AppleWebKit/537.1 (KHTML, like Gecko) Chrome/21.0.1180.89 Safari/537.1"
35.0.94.49 - mbobcean [25/Sep/2012:11:14:05 -0400] "GET /badges/pos101/above_and_beyond.png HTTP/1.1" 200 6234 "https://www.gradecraft.com/" "Mozilla/5.0 (Windows NT 6.1; WOW64) AppleWebKit/537.1 (KHTML, like Gecko) Chrome/21.0.1180.89 Safari/537.1"
35.0.94.49 - mbobcean [25/Sep/2012:11:14:05 -0400] "GET /badges/pos101/awesome_aggregator.png HTTP/1.1" 200 5803 "https://www.gradecraft.com/" "Mozilla/5.0 (Windows NT 6.1; WOW64) AppleWebKit/537.1 (KHTML, like Gecko) Chrome/21.0.1180.89 Safari/537.1"
35.0.94.49 - mbobcean [25/Sep/2012:11:14:05 -0400] "GET /users/predictor.json?user_id=319 HTTP/1.1" 200 1610 "https://www.gradecraft.com/" "Mozilla/5.0 (Windows NT 6.1; WOW64) AppleWebKit/537.1 (KHTML, like Gecko) Chrome/21.0.1180.89 Safari/537.1"
35.0.94.49 - mbobcean [25/Sep/2012:11:14:05 -0400] "GET /badges/pos101/great_critic.png HTTP/1.1" 200 5451 "https://www.gradecraft.com/" "Mozilla/5.0 (Windows NT 6.1; WOW64) AppleWebKit/537.1 (KHTML, like Gecko) Chrome/21.0.1180.89 Safari/537.1"
35.0.94.49 - mbobcean [25/Sep/2012:11:14:05 -0400] "GET /badges/pos101/presentation_of_self.png HTTP/1.1" 200 5643 "https://www.gradecraft.com/" "Mozilla/5.0 (Windows NT 6.1; WOW64) AppleWebKit/537.1 (KHTML, like Gecko) Chrome/21.0.1180.89 Safari/537.1"
35.0.94.49 - mbobcean [25/Sep/2012:11:14:05 -0400] "GET /users/predictor.json?in_progress=true&user_id=319 HTTP/1.1" 200 1610 "https://www.gradecraft.com/" "Mozilla/5.0 (Windows NT 6.1; WOW64) AppleWebKit/537.1 (KHTML, like Gecko) Chrome/21.0.1180.89 Safari/537.1"
35.0.94.49 - mbobcean [25/Sep/2012:11:14:05 -0400] "GET /badges/pos101/teachers_pet.png HTTP/1.1" 200 3194 "https://www.gradecraft.com/" "Mozilla/5.0 (Windows NT 6.1; WOW64) AppleWebKit/537.1 (KHTML, like Gecko) Chrome/21.0.1180.89 Safari/537.1"
35.0.94.49 - mbobcean [25/Sep/2012:11:14:05 -0400] "GET /badges/pos101/concentrator.png HTTP/1.1" 200 3594 "https://www.gradecraft.com/" "Mozilla/5.0 (Windows NT 6.1; WOW64) AppleWebKit/537.1 (KHTML, like Gecko) Chrome/21.0.1180.89 Safari/537.1"
35.0.94.49 - mbobcean [25/Sep/2012:11:14:05 -0400] "GET /badges/pos101/courageous_failure.png HTTP/1.1" 200 8410 "https://www.gradecraft.com/" "Mozilla/5.0 (Windows NT 6.1; WOW64) AppleWebKit/537.1 (KHTML, like Gecko) Chrome/21.0.1180.89 Safari/537.1"
35.0.94.49 - mbobcean [25/Sep/2012:11:14:05 -0400] "GET /badges/pos101/early_bird_special.png HTTP/1.1" 200 4602 "https://www.gradecraft.com/" "Mozilla/5.0 (Windows NT 6.1; WOW64) AppleWebKit/537.1 (KHTML, like Gecko) Chrome/21.0.1180.89 Safari/537.1"
35.0.94.49 - mbobcean [25/Sep/2012:11:14:05 -0400] "GET /badges/pos101/examination_expert.png HTTP/1.1" 200 4042 "https://www.gradecraft.com/" "Mozilla/5.0 (Windows NT 6.1; WOW64) AppleWebKit/537.1 (KHTML, like Gecko) Chrome/21.0.1180.89 Safari/537.1"
35.0.94.49 - mbobcean [25/Sep/2012:11:14:05 -0400] "GET /badges/pos101/gaining_experience.png HTTP/1.1" 200 8458 "https://www.gradecraft.com/" "Mozilla/5.0 (Windows NT 6.1; WOW64) AppleWebKit/537.1 (KHTML, like Gecko) Chrome/21.0.1180.89 Safari/537.1"
35.0.94.49 - mbobcean [25/Sep/2012:11:14:05 -0400] "GET /badges/pos101/gamer.png HTTP/1.1" 200 4378 "https://www.gradecraft.com/" "Mozilla/5.0 (Windows NT 6.1; WOW64) AppleWebKit/537.1 (KHTML, like Gecko) Chrome/21.0.1180.89 Safari/537.1"
35.0.94.49 - mbobcean [25/Sep/2012:11:14:05 -0400] "GET /uploads/badge/icon/23/learning_from_mistakes.png HTTP/1.1" 404 1044 "https://www.gradecraft.com/" "Mozilla/5.0 (Windows NT 6.1; WOW64) AppleWebKit/537.1 (KHTML, like Gecko) Chrome/21.0.1180.89 Safari/537.1"
35.0.94.49 - mbobcean [25/Sep/2012:11:14:05 -0400] "GET /badges/pos101/level_one.png HTTP/1.1" 200 4458 "https://www.gradecraft.com/" "Mozilla/5.0 (Windows NT 6.1; WOW64) AppleWebKit/537.1 (KHTML, like Gecko) Chrome/21.0.1180.89 Safari/537.1"
35.0.94.49 - mbobcean [25/Sep/2012:11:14:05 -0400] "GET /badges/pos101/personal.png HTTP/1.1" 200 4474 "https://www.gradecraft.com/" "Mozilla/5.0 (Windows NT 6.1; WOW64) AppleWebKit/537.1 (KHTML, like Gecko) Chrome/21.0.1180.89 Safari/537.1"
35.0.94.49 - mbobcean [25/Sep/2012:11:14:05 -0400] "GET /badges/pos101/participatory_democrat.png HTTP/1.1" 200 5354 "https://www.gradecraft.com/" "Mozilla/5.0 (Windows NT 6.1; WOW64) AppleWebKit/537.1 (KHTML, like Gecko) Chrome/21.0.1180.89 Safari/537.1"
35.0.94.49 - mbobcean [25/Sep/2012:11:14:06 -0400] "GET /badges/pos101/practice_makes_perfect.png HTTP/1.1" 200 6010 "https://www.gradecraft.com/" "Mozilla/5.0 (Windows NT 6.1; WOW64) AppleWebKit/537.1 (KHTML, like Gecko) Chrome/21.0.1180.89 Safari/537.1"
35.0.94.49 - mbobcean [25/Sep/2012:11:14:06 -0400] "GET /badges/pos101/public_speaker.png HTTP/1.1" 200 5482 "https://www.gradecraft.com/" "Mozilla/5.0 (Windows NT 6.1; WOW64) AppleWebKit/537.1 (KHTML, like Gecko) Chrome/21.0.1180.89 Safari/537.1"
35.0.94.49 - mbobcean [25/Sep/2012:11:14:06 -0400] "GET /badges/pos101/scribe.png HTTP/1.1" 200 3002 "https://www.gradecraft.com/" "Mozilla/5.0 (Windows NT 6.1; WOW64) AppleWebKit/537.1 (KHTML, like Gecko) Chrome/21.0.1180.89 Safari/537.1"
35.0.94.49 - mbobcean [25/Sep/2012:11:14:06 -0400] "GET /badges/pos101/times_immemorial.png HTTP/1.1" 200 5722 "https://www.gradecraft.com/" "Mozilla/5.0 (Windows NT 6.1; WOW64) AppleWebKit/537.1 (KHTML, like Gecko) Chrome/21.0.1180.89 Safari/537.1"
67.194.97.4 - sjspark [25/Sep/2012:11:14:21 -0400] "GET /dashboard HTTP/1.1" 200 5397 "https://www.gradecraft.com/" "Mozilla/5.0 (Windows NT 6.1; WOW64) AppleWebKit/537.1 (KHTML, like Gecko) Chrome/21.0.1180.89 Safari/537.1"
67.194.97.4 - sjspark [25/Sep/2012:11:14:21 -0400] "GET /uploads/badge/icon/23/learning_from_mistakes.png HTTP/1.1" 404 1205 "https://www.gradecraft.com/dashboard" "Mozilla/5.0 (Windows NT 6.1; WOW64) AppleWebKit/537.1 (KHTML, like Gecko) Chrome/21.0.1180.89 Safari/537.1"
67.194.97.4 - sjspark [25/Sep/2012:11:14:21 -0400] "GET /users/predictor.json?user_id=331 HTTP/1.1" 304 1030 "https://www.gradecraft.com/dashboard" "Mozilla/5.0 (Windows NT 6.1; WOW64) AppleWebKit/537.1 (KHTML, like Gecko) Chrome/21.0.1180.89 Safari/537.1"
67.194.97.4 - sjspark [25/Sep/2012:11:14:21 -0400] "GET /users/predictor.json?in_progress=true&user_id=331 HTTP/1.1" 304 885 "https://www.gradecraft.com/dashboard" "Mozilla/5.0 (Windows NT 6.1; WOW64) AppleWebKit/537.1 (KHTML, like Gecko) Chrome/21.0.1180.89 Safari/537.1"
67.194.9.55 - smithlu [25/Sep/2012:11:14:24 -0400] "GET /dashboard HTTP/1.1" 200 5397 "https://www.gradecraft.com/" "Mozilla/5.0 (Macintosh; Intel Mac OS X 10_7_4) AppleWebKit/537.1 (KHTML, like Gecko) Chrome/21.0.1180.89 Safari/537.1"
67.194.9.55 - smithlu [25/Sep/2012:11:14:24 -0400] "GET /assets/stylesheets/cyborg.min.css HTTP/1.1" 404 1044 "https://www.gradecraft.com/dashboard" "Mozilla/5.0 (Macintosh; Intel Mac OS X 10_7_4) AppleWebKit/537.1 (KHTML, like Gecko) Chrome/21.0.1180.89 Safari/537.1"
67.194.9.55 - smithlu [25/Sep/2012:11:14:24 -0400] "GET /uploads/badge/icon/23/learning_from_mistakes.png HTTP/1.1" 404 1205 "https://www.gradecraft.com/dashboard" "Mozilla/5.0 (Macintosh; Intel Mac OS X 10_7_4) AppleWebKit/537.1 (KHTML, like Gecko) Chrome/21.0.1180.89 Safari/537.1"
67.194.9.55 - smithlu [25/Sep/2012:11:14:24 -0400] "GET /users/predictor.json?user_id=335 HTTP/1.1" 304 1014 "https://www.gradecraft.com/dashboard" "Mozilla/5.0 (Macintosh; Intel Mac OS X 10_7_4) AppleWebKit/537.1 (KHTML, like Gecko) Chrome/21.0.1180.89 Safari/537.1"
67.194.9.55 - smithlu [25/Sep/2012:11:14:24 -0400] "GET /users/predictor.json?in_progress=true&user_id=335 HTTP/1.1" 304 1030 "https://www.gradecraft.com/dashboard" "Mozilla/5.0 (Macintosh; Intel Mac OS X 10_7_4) AppleWebKit/537.1 (KHTML, like Gecko) Chrome/21.0.1180.89 Safari/537.1"
67.194.6.58 - jsacksho [25/Sep/2012:11:14:26 -0400] "GET /dashboard HTTP/1.1" 200 8512 "https://www.gradecraft.com/" "Mozilla/5.0 (Macintosh; Intel Mac OS X 10_7_4) AppleWebKit/537.1 (KHTML, like Gecko) Chrome/21.0.1180.89 Safari/537.1"
67.194.6.58 - jsacksho [25/Sep/2012:11:14:27 -0400] "GET /uploads/badge/icon/23/learning_from_mistakes.png HTTP/1.1" 404 1205 "https://www.gradecraft.com/dashboard" "Mozilla/5.0 (Macintosh; Intel Mac OS X 10_7_4) AppleWebKit/537.1 (KHTML, like Gecko) Chrome/21.0.1180.89 Safari/537.1"
67.194.6.58 - jsacksho [25/Sep/2012:11:14:27 -0400] "GET /users/predictor.json?user_id=332 HTTP/1.1" 304 1030 "https://www.gradecraft.com/dashboard" "Mozilla/5.0 (Macintosh; Intel Mac OS X 10_7_4) AppleWebKit/537.1 (KHTML, like Gecko) Chrome/21.0.1180.89 Safari/537.1"
67.194.6.58 - jsacksho [25/Sep/2012:11:14:27 -0400] "GET /users/predictor.json?in_progress=true&user_id=332 HTTP/1.1" 304 885 "https://www.gradecraft.com/dashboard" "Mozilla/5.0 (Macintosh; Intel Mac OS X 10_7_4) AppleWebKit/537.1 (KHTML, like Gecko) Chrome/21.0.1180.89 Safari/537.1"
67.194.97.4 - sjspark [25/Sep/2012:11:14:29 -0400] "GET /users/edit_profile HTTP/1.1" 200 3156 "https://www.gradecraft.com/dashboard" "Mozilla/5.0 (Windows NT 6.1; WOW64) AppleWebKit/537.1 (KHTML, like Gecko) Chrome/21.0.1180.89 Safari/537.1"
67.194.97.4 - sjspark [25/Sep/2012:11:14:31 -0400] "GET /dashboard HTTP/1.1" 304 917 "https://www.gradecraft.com/users/edit_profile" "Mozilla/5.0 (Windows NT 6.1; WOW64) AppleWebKit/537.1 (KHTML, like Gecko) Chrome/21.0.1180.89 Safari/537.1"
67.194.6.58 - jsacksho [25/Sep/2012:11:14:32 -0400] "GET /users/edit_profile HTTP/1.1" 200 3172 "https://www.gradecraft.com/dashboard" "Mozilla/5.0 (Macintosh; Intel Mac OS X 10_7_4) AppleWebKit/537.1 (KHTML, like Gecko) Chrome/21.0.1180.89 Safari/537.1"
67.194.97.4 - sjspark [25/Sep/2012:11:14:32 -0400] "GET /users/predictor.json?user_id=331 HTTP/1.1" 304 869 "https://www.gradecraft.com/dashboard" "Mozilla/5.0 (Windows NT 6.1; WOW64) AppleWebKit/537.1 (KHTML, like Gecko) Chrome/21.0.1180.89 Safari/537.1"
67.194.97.4 - sjspark [25/Sep/2012:11:14:32 -0400] "GET /uploads/badge/icon/23/learning_from_mistakes.png HTTP/1.1" 404 1044 "https://www.gradecraft.com/dashboard" "Mozilla/5.0 (Windows NT 6.1; WOW64) AppleWebKit/537.1 (KHTML, like Gecko) Chrome/21.0.1180.89 Safari/537.1"
67.194.97.4 - sjspark [25/Sep/2012:11:14:32 -0400] "GET /users/predictor.json?in_progress=true&user_id=331 HTTP/1.1" 304 885 "https://www.gradecraft.com/dashboard" "Mozilla/5.0 (Windows NT 6.1; WOW64) AppleWebKit/537.1 (KHTML, like Gecko) Chrome/21.0.1180.89 Safari/537.1"
67.194.6.58 - jsacksho [25/Sep/2012:11:14:36 -0400] "GET / HTTP/1.1" 304 917 "https://www.gradecraft.com/users/edit_profile" "Mozilla/5.0 (Macintosh; Intel Mac OS X 10_7_4) AppleWebKit/537.1 (KHTML, like Gecko) Chrome/21.0.1180.89 Safari/537.1"
67.194.6.58 - jsacksho [25/Sep/2012:11:14:37 -0400] "GET /uploads/badge/icon/23/learning_from_mistakes.png HTTP/1.1" 404 1044 "https://www.gradecraft.com/" "Mozilla/5.0 (Macintosh; Intel Mac OS X 10_7_4) AppleWebKit/537.1 (KHTML, like Gecko) Chrome/21.0.1180.89 Safari/537.1"
67.194.6.58 - jsacksho [25/Sep/2012:11:14:37 -0400] "GET /users/predictor.json?user_id=332 HTTP/1.1" 304 885 "https://www.gradecraft.com/" "Mozilla/5.0 (Macintosh; Intel Mac OS X 10_7_4) AppleWebKit/537.1 (KHTML, like Gecko) Chrome/21.0.1180.89 Safari/537.1"
67.194.6.58 - jsacksho [25/Sep/2012:11:14:38 -0400] "GET /dashboard HTTP/1.1" 304 901 "https://www.gradecraft.com/" "Mozilla/5.0 (Macintosh; Intel Mac OS X 10_7_4) AppleWebKit/537.1 (KHTML, like Gecko) Chrome/21.0.1180.89 Safari/537.1"
67.194.6.58 - jsacksho [25/Sep/2012:11:14:37 -0400] "GET /users/predictor.json?in_progress=true&user_id=332 HTTP/1.1" 304 869 "https://www.gradecraft.com/" "Mozilla/5.0 (Macintosh; Intel Mac OS X 10_7_4) AppleWebKit/537.1 (KHTML, like Gecko) Chrome/21.0.1180.89 Safari/537.1"
67.194.6.58 - jsacksho [25/Sep/2012:11:14:38 -0400] "GET /uploads/badge/icon/23/learning_from_mistakes.png HTTP/1.1" 404 1205 "https://www.gradecraft.com/dashboard" "Mozilla/5.0 (Macintosh; Intel Mac OS X 10_7_4) AppleWebKit/537.1 (KHTML, like Gecko) Chrome/21.0.1180.89 Safari/537.1"
67.194.6.58 - jsacksho [25/Sep/2012:11:14:38 -0400] "GET /users/predictor.json?user_id=332 HTTP/1.1" 304 869 "https://www.gradecraft.com/dashboard" "Mozilla/5.0 (Macintosh; Intel Mac OS X 10_7_4) AppleWebKit/537.1 (KHTML, like Gecko) Chrome/21.0.1180.89 Safari/537.1"
67.194.6.58 - jsacksho [25/Sep/2012:11:14:38 -0400] "GET /users/predictor.json?in_progress=true&user_id=332 HTTP/1.1" 200 1610 "https://www.gradecraft.com/dashboard" "Mozilla/5.0 (Macintosh; Intel Mac OS X 10_7_4) AppleWebKit/537.1 (KHTML, like Gecko) Chrome/21.0.1180.89 Safari/537.1"
67.194.28.146 - - [25/Sep/2012:11:14:40 -0400] "GET / HTTP/1.1" 302 3984 "-" "Mozilla/5.0 (Windows NT 6.1; WOW64) AppleWebKit/537.1 (KHTML, like Gecko) Chrome/21.0.1180.89 Safari/537.1"
35.0.94.49 - mbobcean [25/Sep/2012:11:14:46 -0400] "GET / HTTP/1.1" 304 1046 "https://sites.google.com/a/umich.edu/polsci101f2012/readings/reading-homework" "Mozilla/5.0 (Windows NT 6.1; WOW64) AppleWebKit/537.1 (KHTML, like Gecko) Chrome/21.0.1180.89 Safari/537.1"
35.0.94.49 - mbobcean [25/Sep/2012:11:14:47 -0400] "GET /assets/stylesheets/cyborg.min.css HTTP/1.1" 404 1044 "https://www.gradecraft.com/" "Mozilla/5.0 (Windows NT 6.1; WOW64) AppleWebKit/537.1 (KHTML, like Gecko) Chrome/21.0.1180.89 Safari/537.1"
35.0.94.49 - mbobcean [25/Sep/2012:11:14:47 -0400] "GET /assets/application-73d555b682bfc2118de2b80e87f52658.css HTTP/1.1" 304 390 "https://www.gradecraft.com/" "Mozilla/5.0 (Windows NT 6.1; WOW64) AppleWebKit/537.1 (KHTML, like Gecko) Chrome/21.0.1180.89 Safari/537.1"
35.0.94.49 - mbobcean [25/Sep/2012:11:14:47 -0400] "GET /assets/application-47982acee63e77b1a3a5471daae4414a.js HTTP/1.1" 304 390 "https://www.gradecraft.com/" "Mozilla/5.0 (Windows NT 6.1; WOW64) AppleWebKit/537.1 (KHTML, like Gecko) Chrome/21.0.1180.89 Safari/537.1"
35.0.94.49 - mbobcean [25/Sep/2012:11:14:48 -0400] "GET /users/predictor.json?user_id=319 HTTP/1.1" 304 885 "https://www.gradecraft.com/" "Mozilla/5.0 (Windows NT 6.1; WOW64) AppleWebKit/537.1 (KHTML, like Gecko) Chrome/21.0.1180.89 Safari/537.1"
35.0.94.49 - mbobcean [25/Sep/2012:11:14:48 -0400] "GET /uploads/badge/icon/23/learning_from_mistakes.png HTTP/1.1" 404 1044 "https://www.gradecraft.com/" "Mozilla/5.0 (Windows NT 6.1; WOW64) AppleWebKit/537.1 (KHTML, like Gecko) Chrome/21.0.1180.89 Safari/537.1"
35.0.94.49 - mbobcean [25/Sep/2012:11:14:48 -0400] "GET /users/predictor.json?in_progress=true&user_id=319 HTTP/1.1" 304 885 "https://www.gradecraft.com/" "Mozilla/5.0 (Windows NT 6.1; WOW64) AppleWebKit/537.1 (KHTML, like Gecko) Chrome/21.0.1180.89 Safari/537.1"
67.194.28.146 - - [25/Sep/2012:11:14:48 -0400] "GET /cosign/valid?cosign-www.gradecraft.com=N1DFBW8Of1sfEhV5C8+H2qjNWvvfmH9r1KmpbdWc0DbfUv0opAR9TVwMM7GDtSapVq6aNwyxCqvbGU7zj6hDhPYir9SdNFHuywWahijkcu052OCsLdvhoxZguItX&https://www.gradecraft.com/ HTTP/1.1" 301 868 "https://weblogin.umich.edu/?cosign-www.gradecraft.com&https://www.gradecraft.com/" "Mozilla/5.0 (Windows NT 6.1; WOW64) AppleWebKit/537.1 (KHTML, like Gecko) Chrome/21.0.1180.89 Safari/537.1"
67.194.28.146 - bethomp [25/Sep/2012:11:14:48 -0400] "GET / HTTP/1.1" 302 1348 "https://weblogin.umich.edu/?cosign-www.gradecraft.com&https://www.gradecraft.com/" "Mozilla/5.0 (Windows NT 6.1; WOW64) AppleWebKit/537.1 (KHTML, like Gecko) Chrome/21.0.1180.89 Safari/537.1"
67.194.28.146 - bethomp [25/Sep/2012:11:14:48 -0400] "GET /dashboard HTTP/1.1" 200 5284 "https://weblogin.umich.edu/?cosign-www.gradecraft.com&https://www.gradecraft.com/" "Mozilla/5.0 (Windows NT 6.1; WOW64) AppleWebKit/537.1 (KHTML, like Gecko) Chrome/21.0.1180.89 Safari/537.1"
67.194.28.146 - bethomp [25/Sep/2012:11:14:49 -0400] "GET /assets/application-73d555b682bfc2118de2b80e87f52658.css HTTP/1.1" 200 46989 "https://www.gradecraft.com/dashboard" "Mozilla/5.0 (Windows NT 6.1; WOW64) AppleWebKit/537.1 (KHTML, like Gecko) Chrome/21.0.1180.89 Safari/537.1"
67.194.28.146 - bethomp [25/Sep/2012:11:14:49 -0400] "GET /assets/application-47982acee63e77b1a3a5471daae4414a.js HTTP/1.1" 200 207236 "https://www.gradecraft.com/dashboard" "Mozilla/5.0 (Windows NT 6.1; WOW64) AppleWebKit/537.1 (KHTML, like Gecko) Chrome/21.0.1180.89 Safari/537.1"
67.194.28.146 - bethomp [25/Sep/2012:11:14:51 -0400] "GET /users/predictor.json?user_id=337 HTTP/1.1" 304 869 "https://www.gradecraft.com/dashboard" "Mozilla/5.0 (Windows NT 6.1; WOW64) AppleWebKit/537.1 (KHTML, like Gecko) Chrome/21.0.1180.89 Safari/537.1"
67.194.28.146 - bethomp [25/Sep/2012:11:14:51 -0400] "GET /users/predictor.json?in_progress=true&user_id=337 HTTP/1.1" 304 885 "https://www.gradecraft.com/dashboard" "Mozilla/5.0 (Windows NT 6.1; WOW64) AppleWebKit/537.1 (KHTML, like Gecko) Chrome/21.0.1180.89 Safari/537.1"
67.194.28.146 - bethomp [25/Sep/2012:11:14:52 -0400] "GET /uploads/badge/icon/23/learning_from_mistakes.png HTTP/1.1" 404 1044 "https://www.gradecraft.com/dashboard" "Mozilla/5.0 (Windows NT 6.1; WOW64) AppleWebKit/537.1 (KHTML, like Gecko) Chrome/21.0.1180.89 Safari/537.1"
67.194.24.41 - - [25/Sep/2012:11:15:18 -0400] "GET / HTTP/1.1" 302 3259 "-" "Mozilla/5.0 (compatible; MSIE 9.0; Windows NT 6.1; WOW64; Trident/5.0)"
67.194.24.41 - - [25/Sep/2012:11:15:18 -0400] "GET /cosign/valid?cosign-www.gradecraft.com=c2u0xVxOpCMO+zWdIwNbptqeIk+J3rIcbuY5wbrGywgM56EkzbU9YAYm7u+zLiF7BWLZSknesEdjbQJSFmvef8eHsba6+tL7p99GQvLU2PXyxfiaYdXsIIgZfjp5&https://www.gradecraft.com/ HTTP/1.1" 301 3371 "-" "Mozilla/5.0 (compatible; MSIE 9.0; Windows NT 6.1; WOW64; Trident/5.0)"
67.194.24.41 - rjgott [25/Sep/2012:11:15:18 -0400] "GET / HTTP/1.1" 302 1348 "-" "Mozilla/5.0 (compatible; MSIE 9.0; Windows NT 6.1; WOW64; Trident/5.0)"
67.194.24.41 - rjgott [25/Sep/2012:11:15:18 -0400] "GET /dashboard HTTP/1.1" 200 5268 "-" "Mozilla/5.0 (compatible; MSIE 9.0; Windows NT 6.1; WOW64; Trident/5.0)"
67.194.24.41 - rjgott [25/Sep/2012:11:15:18 -0400] "GET /badges/pos101/teachers_pet.png HTTP/1.1" 200 3339 "https://www.gradecraft.com/dashboard" "Mozilla/5.0 (compatible; MSIE 9.0; Windows NT 6.1; WOW64; Trident/5.0)"
67.194.24.41 - rjgott [25/Sep/2012:11:15:18 -0400] "GET /badges/pos101/always_learning.png HTTP/1.1" 200 3211 "https://www.gradecraft.com/dashboard" "Mozilla/5.0 (compatible; MSIE 9.0; Windows NT 6.1; WOW64; Trident/5.0)"
67.194.24.41 - rjgott [25/Sep/2012:11:15:18 -0400] "GET /badges/pos101/above_and_beyond.png HTTP/1.1" 200 6379 "https://www.gradecraft.com/dashboard" "Mozilla/5.0 (compatible; MSIE 9.0; Windows NT 6.1; WOW64; Trident/5.0)"
67.194.24.41 - rjgott [25/Sep/2012:11:15:18 -0400] "GET /assets/stylesheets/cyborg.min.css HTTP/1.1" 404 1205 "https://www.gradecraft.com/dashboard" "Mozilla/5.0 (compatible; MSIE 9.0; Windows NT 6.1; WOW64; Trident/5.0)"
67.194.24.41 - rjgott [25/Sep/2012:11:15:18 -0400] "GET /badges/pos101/presentation_of_self.png HTTP/1.1" 200 5498 "https://www.gradecraft.com/dashboard" "Mozilla/5.0 (compatible; MSIE 9.0; Windows NT 6.1; WOW64; Trident/5.0)"
67.194.24.41 - rjgott [25/Sep/2012:11:15:18 -0400] "GET /badges/pos101/concentrator.png HTTP/1.1" 200 3594 "https://www.gradecraft.com/dashboard" "Mozilla/5.0 (compatible; MSIE 9.0; Windows NT 6.1; WOW64; Trident/5.0)"
67.194.24.41 - rjgott [25/Sep/2012:11:15:18 -0400] "GET /badges/pos101/courageous_failure.png HTTP/1.1" 200 8410 "https://www.gradecraft.com/dashboard" "Mozilla/5.0 (compatible; MSIE 9.0; Windows NT 6.1; WOW64; Trident/5.0)"
67.194.24.41 - rjgott [25/Sep/2012:11:15:18 -0400] "GET /assets/application-73d555b682bfc2118de2b80e87f52658.css HTTP/1.1" 200 46989 "https://www.gradecraft.com/dashboard" "Mozilla/5.0 (compatible; MSIE 9.0; Windows NT 6.1; WOW64; Trident/5.0)"
67.194.24.41 - rjgott [25/Sep/2012:11:15:19 -0400] "GET /badges/pos101/early_bird_special.png HTTP/1.1" 200 4602 "https://www.gradecraft.com/dashboard" "Mozilla/5.0 (compatible; MSIE 9.0; Windows NT 6.1; WOW64; Trident/5.0)"
67.194.24.41 - rjgott [25/Sep/2012:11:15:19 -0400] "GET /badges/pos101/examination_expert.png HTTP/1.1" 200 4042 "https://www.gradecraft.com/dashboard" "Mozilla/5.0 (compatible; MSIE 9.0; Windows NT 6.1; WOW64; Trident/5.0)"
67.194.24.41 - rjgott [25/Sep/2012:11:15:19 -0400] "GET /badges/pos101/gamer.png HTTP/1.1" 200 4378 "https://www.gradecraft.com/dashboard" "Mozilla/5.0 (compatible; MSIE 9.0; Windows NT 6.1; WOW64; Trident/5.0)"
67.194.24.41 - rjgott [25/Sep/2012:11:15:19 -0400] "GET /badges/pos101/level_one.png HTTP/1.1" 200 4458 "https://www.gradecraft.com/dashboard" "Mozilla/5.0 (compatible; MSIE 9.0; Windows NT 6.1; WOW64; Trident/5.0)"
67.194.24.41 - rjgott [25/Sep/2012:11:15:19 -0400] "GET /badges/pos101/personal.png HTTP/1.1" 200 4474 "https://www.gradecraft.com/dashboard" "Mozilla/5.0 (compatible; MSIE 9.0; Windows NT 6.1; WOW64; Trident/5.0)"
67.194.24.41 - rjgott [25/Sep/2012:11:15:19 -0400] "GET /uploads/badge/icon/23/learning_from_mistakes.png HTTP/1.1" 404 1044 "https://www.gradecraft.com/dashboard" "Mozilla/5.0 (compatible; MSIE 9.0; Windows NT 6.1; WOW64; Trident/5.0)"
67.194.24.41 - rjgott [25/Sep/2012:11:15:19 -0400] "GET /badges/pos101/participatory_democrat.png HTTP/1.1" 200 5354 "https://www.gradecraft.com/dashboard" "Mozilla/5.0 (compatible; MSIE 9.0; Windows NT 6.1; WOW64; Trident/5.0)"
67.194.24.41 - rjgott [25/Sep/2012:11:15:19 -0400] "GET /badges/pos101/practice_makes_perfect.png HTTP/1.1" 200 6010 "https://www.gradecraft.com/dashboard" "Mozilla/5.0 (compatible; MSIE 9.0; Windows NT 6.1; WOW64; Trident/5.0)"
67.194.24.41 - rjgott [25/Sep/2012:11:15:19 -0400] "GET /badges/pos101/public_speaker.png HTTP/1.1" 200 5482 "https://www.gradecraft.com/dashboard" "Mozilla/5.0 (compatible; MSIE 9.0; Windows NT 6.1; WOW64; Trident/5.0)"
67.194.24.41 - rjgott [25/Sep/2012:11:15:19 -0400] "GET /badges/pos101/scribe.png HTTP/1.1" 200 3002 "https://www.gradecraft.com/dashboard" "Mozilla/5.0 (compatible; MSIE 9.0; Windows NT 6.1; WOW64; Trident/5.0)"
67.194.24.41 - rjgott [25/Sep/2012:11:15:19 -0400] "GET /badges/pos101/times_immemorial.png HTTP/1.1" 200 5722 "https://www.gradecraft.com/dashboard" "Mozilla/5.0 (compatible; MSIE 9.0; Windows NT 6.1; WOW64; Trident/5.0)"
67.194.24.41 - rjgott [25/Sep/2012:11:15:19 -0400] "GET /badges/pos101/awesome_aggregator.png HTTP/1.1" 200 5658 "https://www.gradecraft.com/dashboard" "Mozilla/5.0 (compatible; MSIE 9.0; Windows NT 6.1; WOW64; Trident/5.0)"
67.194.24.41 - rjgott [25/Sep/2012:11:15:19 -0400] "GET /badges/pos101/great_critic.png HTTP/1.1" 200 5306 "https://www.gradecraft.com/dashboard" "Mozilla/5.0 (compatible; MSIE 9.0; Windows NT 6.1; WOW64; Trident/5.0)"
67.194.24.41 - rjgott [25/Sep/2012:11:15:19 -0400] "GET /badges/pos101/gaining_experience.png HTTP/1.1" 200 8458 "https://www.gradecraft.com/dashboard" "Mozilla/5.0 (compatible; MSIE 9.0; Windows NT 6.1; WOW64; Trident/5.0)"
67.194.24.41 - rjgott [25/Sep/2012:11:15:18 -0400] "GET /assets/application-47982acee63e77b1a3a5471daae4414a.js HTTP/1.1" 200 204008 "https://www.gradecraft.com/dashboard" "Mozilla/5.0 (compatible; MSIE 9.0; Windows NT 6.1; WOW64; Trident/5.0)"
67.194.24.41 - rjgott [25/Sep/2012:11:15:19 -0400] "GET /users/predictor.json?user_id=322 HTTP/1.1" 200 1610 "https://www.gradecraft.com/dashboard" "Mozilla/5.0 (compatible; MSIE 9.0; Windows NT 6.1; WOW64; Trident/5.0)"
67.194.24.41 - rjgott [25/Sep/2012:11:15:19 -0400] "GET /users/predictor.json?in_progress=true&user_id=322 HTTP/1.1" 200 1610 "https://www.gradecraft.com/dashboard" "Mozilla/5.0 (compatible; MSIE 9.0; Windows NT 6.1; WOW64; Trident/5.0)"
67.194.74.161 - - [25/Sep/2012:11:15:24 -0400] "GET /dashboard HTTP/1.1" 302 3789 "-" "Mozilla/5.0 (Windows NT 6.1; WOW64) AppleWebKit/537.1 (KHTML, like Gecko) Chrome/21.0.1180.89 Safari/537.1"
67.194.74.161 - - [25/Sep/2012:11:15:25 -0400] "GET /cosign/valid?cosign-www.gradecraft.com=an9X+eLI3mwTT-pigBBqU87RhPT6M1LSFu8RVjusL5bRYTsmGqEzTgfLW3KDOLVzZEvdNe-8WZGuIkcbn7iNrc4V-b+hGokMLaBm9IMUViyRUvYZ0raIhVBQimoN&https://www.gradecraft.com/dashboard HTTP/1.1" 301 900 "-" "Mozilla/5.0 (Windows NT 6.1; WOW64) AppleWebKit/537.1 (KHTML, like Gecko) Chrome/21.0.1180.89 Safari/537.1"
67.194.74.161 - hjsim [25/Sep/2012:11:15:25 -0400] "GET /dashboard HTTP/1.1" 200 5268 "-" "Mozilla/5.0 (Windows NT 6.1; WOW64) AppleWebKit/537.1 (KHTML, like Gecko) Chrome/21.0.1180.89 Safari/537.1"
67.194.74.161 - hjsim [25/Sep/2012:11:15:25 -0400] "GET /assets/application-73d555b682bfc2118de2b80e87f52658.css HTTP/1.1" 200 46989 "https://www.gradecraft.com/dashboard" "Mozilla/5.0 (Windows NT 6.1; WOW64) AppleWebKit/537.1 (KHTML, like Gecko) Chrome/21.0.1180.89 Safari/537.1"
67.194.74.161 - hjsim [25/Sep/2012:11:15:25 -0400] "GET /assets/application-47982acee63e77b1a3a5471daae4414a.js HTTP/1.1" 200 207041 "https://www.gradecraft.com/dashboard" "Mozilla/5.0 (Windows NT 6.1; WOW64) AppleWebKit/537.1 (KHTML, like Gecko) Chrome/21.0.1180.89 Safari/537.1"
67.194.74.161 - hjsim [25/Sep/2012:11:15:26 -0400] "GET /users/predictor.json?user_id=334 HTTP/1.1" 304 885 "https://www.gradecraft.com/dashboard" "Mozilla/5.0 (Windows NT 6.1; WOW64) AppleWebKit/537.1 (KHTML, like Gecko) Chrome/21.0.1180.89 Safari/537.1"
67.194.74.161 - hjsim [25/Sep/2012:11:15:26 -0400] "GET /users/predictor.json?in_progress=true&user_id=334 HTTP/1.1" 304 885 "https://www.gradecraft.com/dashboard" "Mozilla/5.0 (Windows NT 6.1; WOW64) AppleWebKit/537.1 (KHTML, like Gecko) Chrome/21.0.1180.89 Safari/537.1"
67.194.74.161 - hjsim [25/Sep/2012:11:15:27 -0400] "GET /uploads/badge/icon/23/learning_from_mistakes.png HTTP/1.1" 404 1044 "https://www.gradecraft.com/dashboard" "Mozilla/5.0 (Windows NT 6.1; WOW64) AppleWebKit/537.1 (KHTML, like Gecko) Chrome/21.0.1180.89 Safari/537.1"
67.194.16.209 - - [25/Sep/2012:11:15:27 -0400] "GET /dashboard HTTP/1.1" 302 3254 "-" "Mozilla/5.0 (Macintosh; U; Intel Mac OS X 10_5_8; en-us) AppleWebKit/533.19.4 (KHTML, like Gecko) Version/5.0.3 Safari/533.19.4"
67.194.75.217 - gamza [25/Sep/2012:11:15:36 -0400] "GET /dashboard HTTP/1.1" 200 6733 "-" "Mozilla/5.0 (Macintosh; Intel Mac OS X 10_8_2) AppleWebKit/537.1 (KHTML, like Gecko) Chrome/21.0.1180.89 Safari/537.1"
67.194.75.217 - gamza [25/Sep/2012:11:15:37 -0400] "GET /assets/application-73d555b682bfc2118de2b80e87f52658.css HTTP/1.1" 304 245 "https://www.gradecraft.com/dashboard" "Mozilla/5.0 (Macintosh; Intel Mac OS X 10_8_2) AppleWebKit/537.1 (KHTML, like Gecko) Chrome/21.0.1180.89 Safari/537.1"
67.194.75.217 - gamza [25/Sep/2012:11:15:37 -0400] "GET /assets/application-47982acee63e77b1a3a5471daae4414a.js HTTP/1.1" 304 3278 "https://www.gradecraft.com/dashboard" "Mozilla/5.0 (Macintosh; Intel Mac OS X 10_8_2) AppleWebKit/537.1 (KHTML, like Gecko) Chrome/21.0.1180.89 Safari/537.1"
67.194.75.217 - gamza [25/Sep/2012:11:15:37 -0400] "GET /assets/stylesheets/cyborg.min.css HTTP/1.1" 404 4093 "https://www.gradecraft.com/dashboard" "Mozilla/5.0 (Macintosh; Intel Mac OS X 10_8_2) AppleWebKit/537.1 (KHTML, like Gecko) Chrome/21.0.1180.89 Safari/537.1"
67.194.16.209 - - [25/Sep/2012:11:15:45 -0400] "GET /cosign/valid?cosign-www.gradecraft.com=L0DFXiSt3jr5mznBhmjLvUWlbpx71KmhzNDm1OBQO9aXoBjoP-3w3ZUtjRvCTDWf63iT69itmN-OEq6hBES15I3wdAuZ7X-ncsr0tnpE0kqbZ6eALjAUebOMhLgu&https://www.gradecraft.com/dashboard HTTP/1.1" 301 3408 "https://weblogin.umich.edu/cosign-bin/cosign.cgi" "Mozilla/5.0 (Macintosh; U; Intel Mac OS X 10_5_8; en-us) AppleWebKit/533.19.4 (KHTML, like Gecko) Version/5.0.3 Safari/533.19.4"
67.194.16.209 - solommar [25/Sep/2012:11:15:45 -0400] "GET /dashboard HTTP/1.1" 302 1518 "https://weblogin.umich.edu/cosign-bin/cosign.cgi" "Mozilla/5.0 (Macintosh; U; Intel Mac OS X 10_5_8; en-us) AppleWebKit/533.19.4 (KHTML, like Gecko) Version/5.0.3 Safari/533.19.4"
67.194.16.209 - solommar [25/Sep/2012:11:15:45 -0400] "GET /dashboard HTTP/1.1" 200 5284 "https://weblogin.umich.edu/cosign-bin/cosign.cgi" "Mozilla/5.0 (Macintosh; U; Intel Mac OS X 10_5_8; en-us) AppleWebKit/533.19.4 (KHTML, like Gecko) Version/5.0.3 Safari/533.19.4"
67.194.16.209 - solommar [25/Sep/2012:11:15:45 -0400] "GET /assets/stylesheets/cyborg.min.css HTTP/1.1" 404 3568 "https://www.gradecraft.com/dashboard" "Mozilla/5.0 (Macintosh; U; Intel Mac OS X 10_5_8; en-us) AppleWebKit/533.19.4 (KHTML, like Gecko) Version/5.0.3 Safari/533.19.4"
67.194.16.209 - solommar [25/Sep/2012:11:15:45 -0400] "GET /badges/pos101/awesome_aggregator.png HTTP/1.1" 200 8166 "https://www.gradecraft.com/dashboard" "Mozilla/5.0 (Macintosh; U; Intel Mac OS X 10_5_8; en-us) AppleWebKit/533.19.4 (KHTML, like Gecko) Version/5.0.3 Safari/533.19.4"
67.194.16.209 - solommar [25/Sep/2012:11:15:45 -0400] "GET /badges/pos101/above_and_beyond.png HTTP/1.1" 200 8742 "https://www.gradecraft.com/dashboard" "Mozilla/5.0 (Macintosh; U; Intel Mac OS X 10_5_8; en-us) AppleWebKit/533.19.4 (KHTML, like Gecko) Version/5.0.3 Safari/533.19.4"
67.194.16.209 - solommar [25/Sep/2012:11:15:45 -0400] "GET /badges/pos101/great_critic.png HTTP/1.1" 200 5306 "https://www.gradecraft.com/dashboard" "Mozilla/5.0 (Macintosh; U; Intel Mac OS X 10_5_8; en-us) AppleWebKit/533.19.4 (KHTML, like Gecko) Version/5.0.3 Safari/533.19.4"
67.194.16.209 - solommar [25/Sep/2012:11:15:45 -0400] "GET /badges/pos101/teachers_pet.png HTTP/1.1" 200 3194 "https://www.gradecraft.com/dashboard" "Mozilla/5.0 (Macintosh; U; Intel Mac OS X 10_5_8; en-us) AppleWebKit/533.19.4 (KHTML, like Gecko) Version/5.0.3 Safari/533.19.4"
67.194.16.209 - solommar [25/Sep/2012:11:15:45 -0400] "GET /badges/pos101/presentation_of_self.png HTTP/1.1" 200 5498 "https://www.gradecraft.com/dashboard" "Mozilla/5.0 (Macintosh; U; Intel Mac OS X 10_5_8; en-us) AppleWebKit/533.19.4 (KHTML, like Gecko) Version/5.0.3 Safari/533.19.4"
67.194.16.209 - solommar [25/Sep/2012:11:15:45 -0400] "GET /badges/pos101/concentrator.png HTTP/1.1" 200 3594 "https://www.gradecraft.com/dashboard" "Mozilla/5.0 (Macintosh; U; Intel Mac OS X 10_5_8; en-us) AppleWebKit/533.19.4 (KHTML, like Gecko) Version/5.0.3 Safari/533.19.4"
67.194.16.209 - solommar [25/Sep/2012:11:15:45 -0400] "GET /badges/pos101/always_learning.png HTTP/1.1" 200 5574 "https://www.gradecraft.com/dashboard" "Mozilla/5.0 (Macintosh; U; Intel Mac OS X 10_5_8; en-us) AppleWebKit/533.19.4 (KHTML, like Gecko) Version/5.0.3 Safari/533.19.4"
67.194.16.209 - solommar [25/Sep/2012:11:15:46 -0400] "GET /badges/pos101/early_bird_special.png HTTP/1.1" 200 4602 "https://www.gradecraft.com/dashboard" "Mozilla/5.0 (Macintosh; U; Intel Mac OS X 10_5_8; en-us) AppleWebKit/533.19.4 (KHTML, like Gecko) Version/5.0.3 Safari/533.19.4"
67.194.16.209 - solommar [25/Sep/2012:11:15:46 -0400] "GET /badges/pos101/courageous_failure.png HTTP/1.1" 200 8410 "https://www.gradecraft.com/dashboard" "Mozilla/5.0 (Macintosh; U; Intel Mac OS X 10_5_8; en-us) AppleWebKit/533.19.4 (KHTML, like Gecko) Version/5.0.3 Safari/533.19.4"
67.194.16.209 - solommar [25/Sep/2012:11:15:46 -0400] "GET /badges/pos101/examination_expert.png HTTP/1.1" 200 4042 "https://www.gradecraft.com/dashboard" "Mozilla/5.0 (Macintosh; U; Intel Mac OS X 10_5_8; en-us) AppleWebKit/533.19.4 (KHTML, like Gecko) Version/5.0.3 Safari/533.19.4"
67.194.16.209 - solommar [25/Sep/2012:11:15:46 -0400] "GET /badges/pos101/gaining_experience.png HTTP/1.1" 200 8458 "https://www.gradecraft.com/dashboard" "Mozilla/5.0 (Macintosh; U; Intel Mac OS X 10_5_8; en-us) AppleWebKit/533.19.4 (KHTML, like Gecko) Version/5.0.3 Safari/533.19.4"
67.194.16.209 - solommar [25/Sep/2012:11:15:46 -0400] "GET /badges/pos101/gamer.png HTTP/1.1" 200 4378 "https://www.gradecraft.com/dashboard" "Mozilla/5.0 (Macintosh; U; Intel Mac OS X 10_5_8; en-us) AppleWebKit/533.19.4 (KHTML, like Gecko) Version/5.0.3 Safari/533.19.4"
67.194.16.209 - solommar [25/Sep/2012:11:15:46 -0400] "GET /badges/pos101/level_one.png HTTP/1.1" 200 4458 "https://www.gradecraft.com/dashboard" "Mozilla/5.0 (Macintosh; U; Intel Mac OS X 10_5_8; en-us) AppleWebKit/533.19.4 (KHTML, like Gecko) Version/5.0.3 Safari/533.19.4"
67.194.16.209 - solommar [25/Sep/2012:11:15:46 -0400] "GET /badges/pos101/personal.png HTTP/1.1" 200 4474 "https://www.gradecraft.com/dashboard" "Mozilla/5.0 (Macintosh; U; Intel Mac OS X 10_5_8; en-us) AppleWebKit/533.19.4 (KHTML, like Gecko) Version/5.0.3 Safari/533.19.4"
67.194.16.209 - solommar [25/Sep/2012:11:15:46 -0400] "GET /badges/pos101/participatory_democrat.png HTTP/1.1" 200 5354 "https://www.gradecraft.com/dashboard" "Mozilla/5.0 (Macintosh; U; Intel Mac OS X 10_5_8; en-us) AppleWebKit/533.19.4 (KHTML, like Gecko) Version/5.0.3 Safari/533.19.4"
67.194.16.209 - solommar [25/Sep/2012:11:15:46 -0400] "GET /badges/pos101/practice_makes_perfect.png HTTP/1.1" 200 6010 "https://www.gradecraft.com/dashboard" "Mozilla/5.0 (Macintosh; U; Intel Mac OS X 10_5_8; en-us) AppleWebKit/533.19.4 (KHTML, like Gecko) Version/5.0.3 Safari/533.19.4"
67.194.16.209 - solommar [25/Sep/2012:11:15:46 -0400] "GET /uploads/badge/icon/23/learning_from_mistakes.png HTTP/1.1" 404 1044 "https://www.gradecraft.com/dashboard" "Mozilla/5.0 (Macintosh; U; Intel Mac OS X 10_5_8; en-us) AppleWebKit/533.19.4 (KHTML, like Gecko) Version/5.0.3 Safari/533.19.4"
67.194.16.209 - solommar [25/Sep/2012:11:15:46 -0400] "GET /badges/pos101/public_speaker.png HTTP/1.1" 200 5482 "https://www.gradecraft.com/dashboard" "Mozilla/5.0 (Macintosh; U; Intel Mac OS X 10_5_8; en-us) AppleWebKit/533.19.4 (KHTML, like Gecko) Version/5.0.3 Safari/533.19.4"
67.194.16.209 - solommar [25/Sep/2012:11:15:46 -0400] "GET /badges/pos101/scribe.png HTTP/1.1" 200 3002 "https://www.gradecraft.com/dashboard" "Mozilla/5.0 (Macintosh; U; Intel Mac OS X 10_5_8; en-us) AppleWebKit/533.19.4 (KHTML, like Gecko) Version/5.0.3 Safari/533.19.4"
67.194.16.209 - solommar [25/Sep/2012:11:15:46 -0400] "GET /badges/pos101/times_immemorial.png HTTP/1.1" 200 5722 "https://www.gradecraft.com/dashboard" "Mozilla/5.0 (Macintosh; U; Intel Mac OS X 10_5_8; en-us) AppleWebKit/533.19.4 (KHTML, like Gecko) Version/5.0.3 Safari/533.19.4"
35.0.84.161 - - [25/Sep/2012:11:15:51 -0400] "GET / HTTP/1.1" 302 3254 "-" "Mozilla/5.0 (Macintosh; Intel Mac OS X 10_7_4) AppleWebKit/534.56.5 (KHTML, like Gecko) Version/5.1.6 Safari/534.56.5"
67.194.86.147 - - [25/Sep/2012:11:15:54 -0400] "GET / HTTP/1.1" 302 3254 "-" "Mozilla/5.0 (Macintosh; Intel Mac OS X 10_7_5) AppleWebKit/534.57.7 (KHTML, like Gecko) Version/5.1.7 Safari/534.57.7"
35.0.84.161 - - [25/Sep/2012:11:15:56 -0400] "GET /cosign/valid?cosign-www.gradecraft.com=GZQ7Jwif0Z98cWSaD7tzpnrgKggBF-kwgRSphRsvPXon7hpdiX38PIv2AUOlta0Vq8xU9NS0PxfrOiZf5X8ExsQnjtkH+kL6tQI8+lrlUtKCvq0JVN0xgneOVdZZ&https://www.gradecraft.com/ HTTP/1.1" 301 868 "https://weblogin.umich.edu/?cosign-www.gradecraft.com&https://www.gradecraft.com/" "Mozilla/5.0 (Macintosh; Intel Mac OS X 10_7_4) AppleWebKit/534.56.5 (KHTML, like Gecko) Version/5.1.6 Safari/534.56.5"
35.0.84.161 - jrjurg [25/Sep/2012:11:15:56 -0400] "GET / HTTP/1.1" 302 1348 "https://weblogin.umich.edu/?cosign-www.gradecraft.com&https://www.gradecraft.com/" "Mozilla/5.0 (Macintosh; Intel Mac OS X 10_7_4) AppleWebKit/534.56.5 (KHTML, like Gecko) Version/5.1.6 Safari/534.56.5"
35.0.84.161 - jrjurg [25/Sep/2012:11:15:56 -0400] "GET /dashboard HTTP/1.1" 200 5268 "https://weblogin.umich.edu/?cosign-www.gradecraft.com&https://www.gradecraft.com/" "Mozilla/5.0 (Macintosh; Intel Mac OS X 10_7_4) AppleWebKit/534.56.5 (KHTML, like Gecko) Version/5.1.6 Safari/534.56.5"
35.0.84.161 - jrjurg [25/Sep/2012:11:15:56 -0400] "GET /assets/stylesheets/cyborg.min.css HTTP/1.1" 404 1198 "https://www.gradecraft.com/dashboard" "Mozilla/5.0 (Macintosh; Intel Mac OS X 10_7_4) AppleWebKit/534.56.5 (KHTML, like Gecko) Version/5.1.6 Safari/534.56.5"
35.0.84.161 - jrjurg [25/Sep/2012:11:15:56 -0400] "GET /assets/application-73d555b682bfc2118de2b80e87f52658.css HTTP/1.1" 200 46989 "https://www.gradecraft.com/dashboard" "Mozilla/5.0 (Macintosh; Intel Mac OS X 10_7_4) AppleWebKit/534.56.5 (KHTML, like Gecko) Version/5.1.6 Safari/534.56.5"
67.194.24.41 - rjgott [25/Sep/2012:11:15:59 -0400] "GET / HTTP/1.1" 200 5397 "-" "Mozilla/5.0 (compatible; MSIE 9.0; Windows NT 6.1; WOW64; Trident/5.0)"
67.194.24.41 - rjgott [25/Sep/2012:11:16:00 -0400] "GET /uploads/badge/icon/23/learning_from_mistakes.png HTTP/1.1" 404 1044 "https://www.gradecraft.com/" "Mozilla/5.0 (compatible; MSIE 9.0; Windows NT 6.1; WOW64; Trident/5.0)"
67.194.24.41 - rjgott [25/Sep/2012:11:16:00 -0400] "GET /assets/stylesheets/cyborg.min.css HTTP/1.1" 404 1205 "https://www.gradecraft.com/" "Mozilla/5.0 (compatible; MSIE 9.0; Windows NT 6.1; WOW64; Trident/5.0)"
67.194.24.41 - rjgott [25/Sep/2012:11:16:00 -0400] "GET /users/predictor.json?user_id=322 HTTP/1.1" 304 869 "https://www.gradecraft.com/" "Mozilla/5.0 (compatible; MSIE 9.0; Windows NT 6.1; WOW64; Trident/5.0)"
67.194.24.41 - rjgott [25/Sep/2012:11:16:00 -0400] "GET /users/predictor.json?in_progress=true&user_id=322 HTTP/1.1" 304 885 "https://www.gradecraft.com/" "Mozilla/5.0 (compatible; MSIE 9.0; Windows NT 6.1; WOW64; Trident/5.0)"
35.0.84.161 - jrjurg [25/Sep/2012:11:15:56 -0400] "GET /assets/application-47982acee63e77b1a3a5471daae4414a.js HTTP/1.1" 200 204146 "https://www.gradecraft.com/dashboard" "Mozilla/5.0 (Macintosh; Intel Mac OS X 10_7_4) AppleWebKit/534.56.5 (KHTML, like Gecko) Version/5.1.6 Safari/534.56.5"
35.0.84.161 - jrjurg [25/Sep/2012:11:16:03 -0400] "GET /badges/pos101/always_learning.png HTTP/1.1" 200 3066 "https://www.gradecraft.com/dashboard" "Mozilla/5.0 (Macintosh; Intel Mac OS X 10_7_4) AppleWebKit/534.56.5 (KHTML, like Gecko) Version/5.1.6 Safari/534.56.5"
35.0.84.161 - jrjurg [25/Sep/2012:11:16:03 -0400] "GET /badges/pos101/presentation_of_self.png HTTP/1.1" 200 5498 "https://www.gradecraft.com/dashboard" "Mozilla/5.0 (Macintosh; Intel Mac OS X 10_7_4) AppleWebKit/534.56.5 (KHTML, like Gecko) Version/5.1.6 Safari/534.56.5"
35.0.84.161 - jrjurg [25/Sep/2012:11:16:03 -0400] "GET /badges/pos101/teachers_pet.png HTTP/1.1" 200 3194 "https://www.gradecraft.com/dashboard" "Mozilla/5.0 (Macintosh; Intel Mac OS X 10_7_4) AppleWebKit/534.56.5 (KHTML, like Gecko) Version/5.1.6 Safari/534.56.5"
35.0.84.161 - jrjurg [25/Sep/2012:11:16:03 -0400] "GET /badges/pos101/concentrator.png HTTP/1.1" 200 3594 "https://www.gradecraft.com/dashboard" "Mozilla/5.0 (Macintosh; Intel Mac OS X 10_7_4) AppleWebKit/534.56.5 (KHTML, like Gecko) Version/5.1.6 Safari/534.56.5"
