67.194.28.243 - lschlos [18/Oct/2012:13:05:59 -0400] "GET /users/predictor.json?in_progress=true&user_id=175 HTTP/1.1" 200 1610 "https://www.gradecraft.com/dashboard" "Mozilla/5.0 (Macintosh; Intel Mac OS X 10_6_8) AppleWebKit/534.57.2 (KHTML, like Gecko) Version/5.1.7 Safari/534.57.2"
67.194.94.209 - jclarkjr [18/Oct/2012:13:06:03 -0400] "GET /dashboard HTTP/1.1" 200 7627 "-" "Mozilla/5.0 (Macintosh; Intel Mac OS X 10_8_2) AppleWebKit/536.26.14 (KHTML, like Gecko) Version/6.0.1 Safari/536.26.14"
67.194.94.209 - jclarkjr [18/Oct/2012:13:06:04 -0400] "GET /assets/application-75efbcdd2e483708b1922621823d8e20.css HTTP/1.1" 200 47326 "https://www.gradecraft.com/dashboard" "Mozilla/5.0 (Macintosh; Intel Mac OS X 10_8_2) AppleWebKit/536.26.14 (KHTML, like Gecko) Version/6.0.1 Safari/536.26.14"
67.194.94.209 - jclarkjr [18/Oct/2012:13:06:04 -0400] "GET /assets/application-8ce02592fd93cf8f056fcba13d4bd5fc.js HTTP/1.1" 200 201800 "https://www.gradecraft.com/dashboard" "Mozilla/5.0 (Macintosh; Intel Mac OS X 10_8_2) AppleWebKit/536.26.14 (KHTML, like Gecko) Version/6.0.1 Safari/536.26.14"
67.194.94.209 - jclarkjr [18/Oct/2012:13:06:05 -0400] "GET /users/predictor.json?user_id=84 HTTP/1.1" 304 885 "https://www.gradecraft.com/dashboard" "Mozilla/5.0 (Macintosh; Intel Mac OS X 10_8_2) AppleWebKit/536.26.14 (KHTML, like Gecko) Version/6.0.1 Safari/536.26.14"
67.194.94.209 - jclarkjr [18/Oct/2012:13:06:05 -0400] "GET /users/predictor.json?in_progress=true&user_id=84 HTTP/1.1" 304 885 "https://www.gradecraft.com/dashboard" "Mozilla/5.0 (Macintosh; Intel Mac OS X 10_8_2) AppleWebKit/536.26.14 (KHTML, like Gecko) Version/6.0.1 Safari/536.26.14"
67.194.41.154 - - [18/Oct/2012:13:06:31 -0400] "GET / HTTP/1.1" 302 3259 "-" "Mozilla/5.0 (Macintosh; Intel Mac OS X 10_8_2) AppleWebKit/536.26.14 (KHTML, like Gecko) Version/6.0.1 Safari/536.26.14"
67.194.94.209 - jclarkjr [18/Oct/2012:13:06:30 -0400] "GET /users/predictor?user_id=84 HTTP/1.1" 200 5605 "https://www.gradecraft.com/dashboard" "Mozilla/5.0 (Macintosh; Intel Mac OS X 10_8_2) AppleWebKit/536.26.14 (KHTML, like Gecko) Version/6.0.1 Safari/536.26.14"
67.194.94.209 - jclarkjr [18/Oct/2012:13:06:32 -0400] "GET /assets/images/bg_direction_nav.png HTTP/1.1" 200 2778 "https://www.gradecraft.com/users/predictor?user_id=84" "Mozilla/5.0 (Macintosh; Intel Mac OS X 10_8_2) AppleWebKit/536.26.14 (KHTML, like Gecko) Version/6.0.1 Safari/536.26.14"
67.194.94.209 - jclarkjr [18/Oct/2012:13:06:32 -0400] "GET /assets/jquery-ui/ui-bg_flat_75_ffffff_40x100-841636c8f8d33987bb8d2f31e8ef92ca.png HTTP/1.1" 200 538 "https://www.gradecraft.com/users/predictor?user_id=84" "Mozilla/5.0 (Macintosh; Intel Mac OS X 10_8_2) AppleWebKit/536.26.14 (KHTML, like Gecko) Version/6.0.1 Safari/536.26.14"
67.194.94.209 - jclarkjr [18/Oct/2012:13:06:32 -0400] "GET /assets/jquery-ui/ui-bg_glass_75_e6e6e6_1x400-3e20bce1b7b2f5dd47ca6ac361805162.png HTTP/1.1" 200 619 "https://www.gradecraft.com/users/predictor?user_id=84" "Mozilla/5.0 (Macintosh; Intel Mac OS X 10_8_2) AppleWebKit/536.26.14 (KHTML, like Gecko) Version/6.0.1 Safari/536.26.14"
67.194.94.209 - jclarkjr [18/Oct/2012:13:06:35 -0400] "GET /assets/jquery-ui/ui-bg_glass_75_dadada_1x400-38ed9f33e066d6bee977c567d4b03650.png HTTP/1.1" 200 474 "https://www.gradecraft.com/users/predictor?user_id=84" "Mozilla/5.0 (Macintosh; Intel Mac OS X 10_8_2) AppleWebKit/536.26.14 (KHTML, like Gecko) Version/6.0.1 Safari/536.26.14"
67.194.94.209 - jclarkjr [18/Oct/2012:13:06:36 -0400] "GET /assets/jquery-ui/ui-bg_glass_65_ffffff_1x400-a30aa544902182c133dbb46ac40a08d2.png HTTP/1.1" 200 458 "https://www.gradecraft.com/users/predictor?user_id=84" "Mozilla/5.0 (Macintosh; Intel Mac OS X 10_8_2) AppleWebKit/536.26.14 (KHTML, like Gecko) Version/6.0.1 Safari/536.26.14"
67.194.28.243 - lschlos [18/Oct/2012:13:06:38 -0400] "GET /assignments/100/assignment_submissions/531?gradeable_id=175&gradeable_type=User HTTP/1.1" 200 2750 "https://www.gradecraft.com/dashboard" "Mozilla/5.0 (Macintosh; Intel Mac OS X 10_6_8) AppleWebKit/534.57.2 (KHTML, like Gecko) Version/5.1.7 Safari/534.57.2"
67.194.30.115 - - [18/Oct/2012:13:08:44 -0400] "GET / HTTP/1.1" 302 3259 "-" "Mozilla/5.0 (Macintosh; Intel Mac OS X 10_8_2) AppleWebKit/536.26.14 (KHTML, like Gecko) Version/6.0.1 Safari/536.26.14"
67.194.27.169 - - [18/Oct/2012:13:09:11 -0400] "GET / HTTP/1.1" 302 3254 "-" "Mozilla/5.0 (Macintosh; U; Intel Mac OS X 10_6_8; en-us) AppleWebKit/533.21.1 (KHTML, like Gecko) Version/5.0.5 Safari/533.21.1"
35.0.105.222 - - [18/Oct/2012:13:09:24 -0400] "GET /dashboard HTTP/1.1" 302 3984 "-" "Mozilla/5.0 (Macintosh; Intel Mac OS X 10_8_0) AppleWebKit/537.4 (KHTML, like Gecko) Chrome/22.0.1229.94 Safari/537.4"
35.0.105.222 - - [18/Oct/2012:13:09:24 -0400] "GET /cosign/valid?cosign-www.gradecraft.com=PumSA116axmT+T7DuD82tBvutKWXs0iwbEx7ekwcdqohu6y0Ue7tjvqnhniYfEjIVRWRVj-DW56nz2xGZqaZAm4EQ+9oZTkbUI0OaDyOhbOPiOoo+dGuQbjw6BWi&https://www.gradecraft.com/dashboard HTTP/1.1" 301 4128 "-" "Mozilla/5.0 (Macintosh; Intel Mac OS X 10_8_0) AppleWebKit/537.4 (KHTML, like Gecko) Chrome/22.0.1229.94 Safari/537.4"
35.0.105.222 - meltjen [18/Oct/2012:13:09:24 -0400] "GET /dashboard HTTP/1.1" 302 4576 "-" "Mozilla/5.0 (Macintosh; Intel Mac OS X 10_8_0) AppleWebKit/537.4 (KHTML, like Gecko) Chrome/22.0.1229.94 Safari/537.4"
35.0.105.222 - meltjen [18/Oct/2012:13:09:28 -0400] "GET /dashboard HTTP/1.1" 200 5092 "-" "Mozilla/5.0 (Macintosh; Intel Mac OS X 10_8_0) AppleWebKit/537.4 (KHTML, like Gecko) Chrome/22.0.1229.94 Safari/537.4"
35.0.105.222 - meltjen [18/Oct/2012:13:09:29 -0400] "GET /assets/application-75efbcdd2e483708b1922621823d8e20.css HTTP/1.1" 304 245 "https://www.gradecraft.com/dashboard" "Mozilla/5.0 (Macintosh; Intel Mac OS X 10_8_0) AppleWebKit/537.4 (KHTML, like Gecko) Chrome/22.0.1229.94 Safari/537.4"
35.0.105.222 - meltjen [18/Oct/2012:13:09:29 -0400] "GET /assets/application-8ce02592fd93cf8f056fcba13d4bd5fc.js HTTP/1.1" 304 3473 "https://www.gradecraft.com/dashboard" "Mozilla/5.0 (Macintosh; Intel Mac OS X 10_8_0) AppleWebKit/537.4 (KHTML, like Gecko) Chrome/22.0.1229.94 Safari/537.4"
35.0.105.222 - meltjen [18/Oct/2012:13:09:29 -0400] "GET /users/predictor.json?user_id=179 HTTP/1.1" 304 885 "https://www.gradecraft.com/dashboard" "Mozilla/5.0 (Macintosh; Intel Mac OS X 10_8_0) AppleWebKit/537.4 (KHTML, like Gecko) Chrome/22.0.1229.94 Safari/537.4"
35.0.105.222 - meltjen [18/Oct/2012:13:09:29 -0400] "GET /users/predictor.json?in_progress=true&user_id=179 HTTP/1.1" 304 885 "https://www.gradecraft.com/dashboard" "Mozilla/5.0 (Macintosh; Intel Mac OS X 10_8_0) AppleWebKit/537.4 (KHTML, like Gecko) Chrome/22.0.1229.94 Safari/537.4"
67.194.32.129 - - [18/Oct/2012:13:12:01 -0400] "GET / HTTP/1.1" 302 3789 "-" "Mozilla/5.0 (Macintosh; Intel Mac OS X 10.6; rv:15.0) Gecko/20100101 Firefox/15.0.1"
67.194.42.97 - - [18/Oct/2012:13:12:04 -0400] "GET /dashboard HTTP/1.1" 302 3789 "-" "Mozilla/5.0 (Macintosh; Intel Mac OS X 10.7; rv:13.0) Gecko/20100101 Firefox/13.0"
67.194.32.129 - - [18/Oct/2012:13:12:08 -0400] "GET / HTTP/1.1" 302 756 "-" "Mozilla/5.0 (Macintosh; Intel Mac OS X 10.6; rv:15.0) Gecko/20100101 Firefox/15.0.1"
67.194.32.129 - - [18/Oct/2012:13:12:13 -0400] "GET /cosign/valid?cosign-www.gradecraft.com=5zNfHI57RZzRqIRm3iEy2foypvyPG55q54ha7GuFAOx-nmhs0M5VsfAnOpnJixL5Y50DfGHADZoYS59VqiUgY9uak5xTcn9wbzlAK4aEXx2SkYe3QusFI6kbEcR-&https://www.gradecraft.com/ HTTP/1.1" 301 868 "https://weblogin.umich.edu/?cosign-www.gradecraft.com&https://www.gradecraft.com/" "Mozilla/5.0 (Macintosh; Intel Mac OS X 10.6; rv:15.0) Gecko/20100101 Firefox/15.0.1"
67.194.42.97 - - [18/Oct/2012:13:12:14 -0400] "GET /cosign/valid?cosign-www.gradecraft.com=o3RbSQbdXMLu414RyYZqKQZBQIYJJbzRLohJ6Pz-MfOo6Z4VEOwX8txoUu+hostfsWjR6wf2aQ0ZAlgCPmE6yG9tlakovaHJi1Q5obFrLFcpycd0XzbnEGnmMSaX&https://www.gradecraft.com/dashboard HTTP/1.1" 301 900 "-" "Mozilla/5.0 (Macintosh; Intel Mac OS X 10.7; rv:13.0) Gecko/20100101 Firefox/13.0"
67.194.32.129 - mariahw [18/Oct/2012:13:12:13 -0400] "GET / HTTP/1.1" 200 5124 "https://weblogin.umich.edu/?cosign-www.gradecraft.com&https://www.gradecraft.com/" "Mozilla/5.0 (Macintosh; Intel Mac OS X 10.6; rv:15.0) Gecko/20100101 Firefox/15.0.1"
67.194.32.129 - mariahw [18/Oct/2012:13:12:15 -0400] "GET /assets/application-75efbcdd2e483708b1922621823d8e20.css HTTP/1.1" 200 47181 "https://www.gradecraft.com/" "Mozilla/5.0 (Macintosh; Intel Mac OS X 10.6; rv:15.0) Gecko/20100101 Firefox/15.0.1"
67.194.32.129 - mariahw [18/Oct/2012:13:12:15 -0400] "GET /badges/pos101/always_learning.png HTTP/1.1" 200 6294 "https://www.gradecraft.com/" "Mozilla/5.0 (Macintosh; Intel Mac OS X 10.6; rv:15.0) Gecko/20100101 Firefox/15.0.1"
67.194.32.129 - mariahw [18/Oct/2012:13:12:15 -0400] "GET /badges/pos101/great_critic.png HTTP/1.1" 200 8534 "https://www.gradecraft.com/" "Mozilla/5.0 (Macintosh; Intel Mac OS X 10.6; rv:15.0) Gecko/20100101 Firefox/15.0.1"
67.194.32.129 - mariahw [18/Oct/2012:13:12:15 -0400] "GET /badges/pos101/above_and_beyond.png HTTP/1.1" 200 9462 "https://www.gradecraft.com/" "Mozilla/5.0 (Macintosh; Intel Mac OS X 10.6; rv:15.0) Gecko/20100101 Firefox/15.0.1"
67.194.32.129 - mariahw [18/Oct/2012:13:12:15 -0400] "GET /badges/pos101/presentation_of_self.png HTTP/1.1" 200 5498 "https://www.gradecraft.com/" "Mozilla/5.0 (Macintosh; Intel Mac OS X 10.6; rv:15.0) Gecko/20100101 Firefox/15.0.1"
67.194.32.129 - mariahw [18/Oct/2012:13:12:15 -0400] "GET /badges/pos101/teachers_pet.png HTTP/1.1" 200 3194 "https://www.gradecraft.com/" "Mozilla/5.0 (Macintosh; Intel Mac OS X 10.6; rv:15.0) Gecko/20100101 Firefox/15.0.1"
67.194.32.129 - mariahw [18/Oct/2012:13:12:15 -0400] "GET /badges/pos101/awesome_aggregator.png HTTP/1.1" 200 8886 "https://www.gradecraft.com/" "Mozilla/5.0 (Macintosh; Intel Mac OS X 10.6; rv:15.0) Gecko/20100101 Firefox/15.0.1"
67.194.42.97 - ppicon [18/Oct/2012:13:12:14 -0400] "GET /dashboard HTTP/1.1" 200 5076 "-" "Mozilla/5.0 (Macintosh; Intel Mac OS X 10.7; rv:13.0) Gecko/20100101 Firefox/13.0"
67.194.32.129 - mariahw [18/Oct/2012:13:12:15 -0400] "GET /assets/application-8ce02592fd93cf8f056fcba13d4bd5fc.js HTTP/1.1" 200 205028 "https://www.gradecraft.com/" "Mozilla/5.0 (Macintosh; Intel Mac OS X 10.6; rv:15.0) Gecko/20100101 Firefox/15.0.1"
67.194.32.129 - mariahw [18/Oct/2012:13:12:15 -0400] "GET /badges/pos101/concentrator.png HTTP/1.1" 200 3594 "https://www.gradecraft.com/" "Mozilla/5.0 (Macintosh; Intel Mac OS X 10.6; rv:15.0) Gecko/20100101 Firefox/15.0.1"
67.194.32.129 - mariahw [18/Oct/2012:13:12:15 -0400] "GET /badges/pos101/early_bird_special.png HTTP/1.1" 200 4602 "https://www.gradecraft.com/" "Mozilla/5.0 (Macintosh; Intel Mac OS X 10.6; rv:15.0) Gecko/20100101 Firefox/15.0.1"
67.194.32.129 - mariahw [18/Oct/2012:13:12:15 -0400] "GET /badges/pos101/courageous_failure.png HTTP/1.1" 200 8410 "https://www.gradecraft.com/" "Mozilla/5.0 (Macintosh; Intel Mac OS X 10.6; rv:15.0) Gecko/20100101 Firefox/15.0.1"
67.194.32.129 - mariahw [18/Oct/2012:13:12:15 -0400] "GET /badges/pos101/gaining_experience.png HTTP/1.1" 200 8458 "https://www.gradecraft.com/" "Mozilla/5.0 (Macintosh; Intel Mac OS X 10.6; rv:15.0) Gecko/20100101 Firefox/15.0.1"
67.194.32.129 - mariahw [18/Oct/2012:13:12:15 -0400] "GET /badges/pos101/examination_expert.png HTTP/1.1" 200 4042 "https://www.gradecraft.com/" "Mozilla/5.0 (Macintosh; Intel Mac OS X 10.6; rv:15.0) Gecko/20100101 Firefox/15.0.1"
67.194.32.129 - mariahw [18/Oct/2012:13:12:15 -0400] "GET /badges/pos101/learning_from_mistakes.png HTTP/1.1" 200 8362 "https://www.gradecraft.com/" "Mozilla/5.0 (Macintosh; Intel Mac OS X 10.6; rv:15.0) Gecko/20100101 Firefox/15.0.1"
67.194.32.129 - mariahw [18/Oct/2012:13:12:15 -0400] "GET /badges/pos101/gamer.png HTTP/1.1" 200 4378 "https://www.gradecraft.com/" "Mozilla/5.0 (Macintosh; Intel Mac OS X 10.6; rv:15.0) Gecko/20100101 Firefox/15.0.1"
67.194.32.129 - mariahw [18/Oct/2012:13:12:15 -0400] "GET /badges/pos101/level_one.png HTTP/1.1" 200 4458 "https://www.gradecraft.com/" "Mozilla/5.0 (Macintosh; Intel Mac OS X 10.6; rv:15.0) Gecko/20100101 Firefox/15.0.1"
67.194.32.129 - mariahw [18/Oct/2012:13:12:15 -0400] "GET /badges/pos101/personal.png HTTP/1.1" 200 4474 "https://www.gradecraft.com/" "Mozilla/5.0 (Macintosh; Intel Mac OS X 10.6; rv:15.0) Gecko/20100101 Firefox/15.0.1"
67.194.32.129 - mariahw [18/Oct/2012:13:12:15 -0400] "GET /badges/pos101/participatory_democrat.png HTTP/1.1" 200 5354 "https://www.gradecraft.com/" "Mozilla/5.0 (Macintosh; Intel Mac OS X 10.6; rv:15.0) Gecko/20100101 Firefox/15.0.1"
67.194.32.129 - mariahw [18/Oct/2012:13:12:15 -0400] "GET /badges/pos101/public_speaker.png HTTP/1.1" 200 5482 "https://www.gradecraft.com/" "Mozilla/5.0 (Macintosh; Intel Mac OS X 10.6; rv:15.0) Gecko/20100101 Firefox/15.0.1"
67.194.32.129 - mariahw [18/Oct/2012:13:12:15 -0400] "GET /badges/pos101/times_immemorial.png HTTP/1.1" 200 5722 "https://www.gradecraft.com/" "Mozilla/5.0 (Macintosh; Intel Mac OS X 10.6; rv:15.0) Gecko/20100101 Firefox/15.0.1"
67.194.32.129 - mariahw [18/Oct/2012:13:12:15 -0400] "GET /badges/pos101/scribe.png HTTP/1.1" 200 3002 "https://www.gradecraft.com/" "Mozilla/5.0 (Macintosh; Intel Mac OS X 10.6; rv:15.0) Gecko/20100101 Firefox/15.0.1"
67.194.32.129 - mariahw [18/Oct/2012:13:12:15 -0400] "GET /badges/pos101/phoebe_badge.jpg HTTP/1.1" 200 5994 "https://www.gradecraft.com/" "Mozilla/5.0 (Macintosh; Intel Mac OS X 10.6; rv:15.0) Gecko/20100101 Firefox/15.0.1"
67.194.32.129 - mariahw [18/Oct/2012:13:12:15 -0400] "GET /badges/pos101/practice_makes_perfect.png HTTP/1.1" 200 6010 "https://www.gradecraft.com/" "Mozilla/5.0 (Macintosh; Intel Mac OS X 10.6; rv:15.0) Gecko/20100101 Firefox/15.0.1"
67.194.42.97 - ppicon [18/Oct/2012:13:12:15 -0400] "GET /assets/application-75efbcdd2e483708b1922621823d8e20.css HTTP/1.1" 304 245 "-" "Mozilla/5.0 (Macintosh; Intel Mac OS X 10.7; rv:13.0) Gecko/20100101 Firefox/13.0"
67.194.42.97 - ppicon [18/Oct/2012:13:12:15 -0400] "GET /assets/application-8ce02592fd93cf8f056fcba13d4bd5fc.js HTTP/1.1" 304 245 "-" "Mozilla/5.0 (Macintosh; Intel Mac OS X 10.7; rv:13.0) Gecko/20100101 Firefox/13.0"
67.194.32.129 - mariahw [18/Oct/2012:13:12:16 -0400] "GET /favicon.ico HTTP/1.1" 200 4650 "-" "Mozilla/5.0 (Macintosh; Intel Mac OS X 10.6; rv:15.0) Gecko/20100101 Firefox/15.0.1"
67.194.32.129 - mariahw [18/Oct/2012:13:12:16 -0400] "GET /users/predictor.json?in_progress=true&user_id=257 HTTP/1.1" 304 885 "https://www.gradecraft.com/" "Mozilla/5.0 (Macintosh; Intel Mac OS X 10.6; rv:15.0) Gecko/20100101 Firefox/15.0.1"
67.194.32.129 - mariahw [18/Oct/2012:13:12:16 -0400] "GET /users/predictor.json?user_id=257 HTTP/1.1" 304 885 "https://www.gradecraft.com/" "Mozilla/5.0 (Macintosh; Intel Mac OS X 10.6; rv:15.0) Gecko/20100101 Firefox/15.0.1"
67.194.42.97 - ppicon [18/Oct/2012:13:12:16 -0400] "GET /users/predictor.json?user_id=273 HTTP/1.1" 304 4113 "-" "Mozilla/5.0 (Macintosh; Intel Mac OS X 10.7; rv:13.0) Gecko/20100101 Firefox/13.0"
67.194.42.97 - ppicon [18/Oct/2012:13:12:16 -0400] "GET /users/predictor.json?in_progress=true&user_id=273 HTTP/1.1" 304 885 "-" "Mozilla/5.0 (Macintosh; Intel Mac OS X 10.7; rv:13.0) Gecko/20100101 Firefox/13.0"
67.194.42.97 - ppicon [18/Oct/2012:13:13:28 -0400] "GET /badges HTTP/1.1" 200 4053 "-" "Mozilla/5.0 (Macintosh; Intel Mac OS X 10.7; rv:13.0) Gecko/20100101 Firefox/13.0"
67.194.46.222 - - [18/Oct/2012:13:13:47 -0400] "GET / HTTP/1.1" 302 3254 "-" "Mozilla/5.0 (Macintosh; Intel Mac OS X 10_7_4) AppleWebKit/536.25 (KHTML, like Gecko) Version/6.0 Safari/536.25"
67.194.89.134 - - [18/Oct/2012:13:13:49 -0400] "GET /dashboard HTTP/1.1" 302 3984 "-" "Mozilla/5.0 (Macintosh; Intel Mac OS X 10_8_2) AppleWebKit/537.4 (KHTML, like Gecko) Chrome/22.0.1229.94 Safari/537.4"
67.194.89.134 - - [18/Oct/2012:13:13:56 -0400] "GET /cosign/valid?cosign-www.gradecraft.com=xj9t55-Z+TS+cXgMythLe7iJR0GFrZm4D0bVpNb7cs0BsScyclbYLQSpguiUmGpyLWv6oA8gCxt03MKSUsRdG7V9ui06VgzhmEzv98pldzyBrSKLo38+A6N6JKuL&https://www.gradecraft.com/dashboard HTTP/1.1" 301 900 "https://weblogin.umich.edu/?cosign-www.gradecraft.com&https://www.gradecraft.com/dashboard" "Mozilla/5.0 (Macintosh; Intel Mac OS X 10_8_2) AppleWebKit/537.4 (KHTML, like Gecko) Chrome/22.0.1229.94 Safari/537.4"
67.194.89.134 - ilesjef [18/Oct/2012:13:13:56 -0400] "GET /dashboard HTTP/1.1" 200 5156 "https://weblogin.umich.edu/?cosign-www.gradecraft.com&https://www.gradecraft.com/dashboard" "Mozilla/5.0 (Macintosh; Intel Mac OS X 10_8_2) AppleWebKit/537.4 (KHTML, like Gecko) Chrome/22.0.1229.94 Safari/537.4"
67.194.89.134 - ilesjef [18/Oct/2012:13:13:58 -0400] "GET /assets/application-75efbcdd2e483708b1922621823d8e20.css HTTP/1.1" 304 245 "https://www.gradecraft.com/dashboard" "Mozilla/5.0 (Macintosh; Intel Mac OS X 10_8_2) AppleWebKit/537.4 (KHTML, like Gecko) Chrome/22.0.1229.94 Safari/537.4"
67.194.89.134 - ilesjef [18/Oct/2012:13:13:58 -0400] "GET /assets/application-8ce02592fd93cf8f056fcba13d4bd5fc.js HTTP/1.1" 304 3473 "https://www.gradecraft.com/dashboard" "Mozilla/5.0 (Macintosh; Intel Mac OS X 10_8_2) AppleWebKit/537.4 (KHTML, like Gecko) Chrome/22.0.1229.94 Safari/537.4"
67.194.89.134 - ilesjef [18/Oct/2012:13:13:58 -0400] "GET /favicon.ico HTTP/1.1" 200 7878 "-" "Mozilla/5.0 (Macintosh; Intel Mac OS X 10_8_2) AppleWebKit/537.4 (KHTML, like Gecko) Chrome/22.0.1229.94 Safari/537.4"
67.194.89.134 - ilesjef [18/Oct/2012:13:13:58 -0400] "GET /users/predictor.json?user_id=150 HTTP/1.1" 304 885 "https://www.gradecraft.com/dashboard" "Mozilla/5.0 (Macintosh; Intel Mac OS X 10_8_2) AppleWebKit/537.4 (KHTML, like Gecko) Chrome/22.0.1229.94 Safari/537.4"
67.194.89.134 - ilesjef [18/Oct/2012:13:13:58 -0400] "GET /users/predictor.json?in_progress=true&user_id=150 HTTP/1.1" 304 885 "https://www.gradecraft.com/dashboard" "Mozilla/5.0 (Macintosh; Intel Mac OS X 10_8_2) AppleWebKit/537.4 (KHTML, like Gecko) Chrome/22.0.1229.94 Safari/537.4"
67.194.14.178 - ayakter [18/Oct/2012:13:14:16 -0400] "GET /dashboard HTTP/1.1" 200 7405 "-" "Mozilla/5.0 (Windows NT 6.1; WOW64; rv:16.0) Gecko/20100101 Firefox/16.0"
67.194.41.154 - - [18/Oct/2012:13:14:50 -0400] "GET / HTTP/1.1" 302 3259 "-" "Mozilla/5.0 (Macintosh; Intel Mac OS X 10_8_2) AppleWebKit/536.26.14 (KHTML, like Gecko) Version/6.0.1 Safari/536.26.14"
67.194.41.154 - - [18/Oct/2012:13:14:50 -0400] "GET /cosign/valid?cosign-www.gradecraft.com=J5-Me7c-0RXzOjJpGmXDqJfhlCCzA3xrvqAdp3NMwD-qtVf5QNp-QeLi5MfpKs106CyvVz+44Qo8THUC9TRFKtjUP0QwQaesygEk9FXnt1qLOQdsoTFKy0CUK1NU&https://www.gradecraft.com/ HTTP/1.1" 301 868 "-" "Mozilla/5.0 (Macintosh; Intel Mac OS X 10_8_2) AppleWebKit/536.26.14 (KHTML, like Gecko) Version/6.0.1 Safari/536.26.14"
67.194.41.154 - hlsmallw [18/Oct/2012:13:14:51 -0400] "GET / HTTP/1.1" 302 1348 "-" "Mozilla/5.0 (Macintosh; Intel Mac OS X 10_8_2) AppleWebKit/536.26.14 (KHTML, like Gecko) Version/6.0.1 Safari/536.26.14"
67.194.41.154 - hlsmallw [18/Oct/2012:13:14:51 -0400] "GET /dashboard HTTP/1.1" 200 5124 "-" "Mozilla/5.0 (Macintosh; Intel Mac OS X 10_8_2) AppleWebKit/536.26.14 (KHTML, like Gecko) Version/6.0.1 Safari/536.26.14"
67.194.41.154 - hlsmallw [18/Oct/2012:13:14:52 -0400] "GET /assets/application-75efbcdd2e483708b1922621823d8e20.css HTTP/1.1" 200 47326 "https://www.gradecraft.com/dashboard" "Mozilla/5.0 (Macintosh; Intel Mac OS X 10_8_2) AppleWebKit/536.26.14 (KHTML, like Gecko) Version/6.0.1 Safari/536.26.14"
67.194.41.154 - hlsmallw [18/Oct/2012:13:14:52 -0400] "GET /assets/application-8ce02592fd93cf8f056fcba13d4bd5fc.js HTTP/1.1" 200 201800 "https://www.gradecraft.com/dashboard" "Mozilla/5.0 (Macintosh; Intel Mac OS X 10_8_2) AppleWebKit/536.26.14 (KHTML, like Gecko) Version/6.0.1 Safari/536.26.14"
67.194.41.154 - hlsmallw [18/Oct/2012:13:14:52 -0400] "GET /badges/pos101/above_and_beyond.png HTTP/1.1" 200 6379 "https://www.gradecraft.com/dashboard" "Mozilla/5.0 (Macintosh; Intel Mac OS X 10_8_2) AppleWebKit/536.26.14 (KHTML, like Gecko) Version/6.0.1 Safari/536.26.14"
67.194.41.154 - hlsmallw [18/Oct/2012:13:14:52 -0400] "GET /badges/pos101/always_learning.png HTTP/1.1" 200 3211 "https://www.gradecraft.com/dashboard" "Mozilla/5.0 (Macintosh; Intel Mac OS X 10_8_2) AppleWebKit/536.26.14 (KHTML, like Gecko) Version/6.0.1 Safari/536.26.14"
67.194.41.154 - hlsmallw [18/Oct/2012:13:14:52 -0400] "GET /badges/pos101/great_critic.png HTTP/1.1" 200 5451 "https://www.gradecraft.com/dashboard" "Mozilla/5.0 (Macintosh; Intel Mac OS X 10_8_2) AppleWebKit/536.26.14 (KHTML, like Gecko) Version/6.0.1 Safari/536.26.14"
67.194.41.154 - hlsmallw [18/Oct/2012:13:14:52 -0400] "GET /badges/pos101/awesome_aggregator.png HTTP/1.1" 200 5803 "https://www.gradecraft.com/dashboard" "Mozilla/5.0 (Macintosh; Intel Mac OS X 10_8_2) AppleWebKit/536.26.14 (KHTML, like Gecko) Version/6.0.1 Safari/536.26.14"
67.194.41.154 - hlsmallw [18/Oct/2012:13:14:52 -0400] "GET /badges/pos101/teachers_pet.png HTTP/1.1" 200 3194 "https://www.gradecraft.com/dashboard" "Mozilla/5.0 (Macintosh; Intel Mac OS X 10_8_2) AppleWebKit/536.26.14 (KHTML, like Gecko) Version/6.0.1 Safari/536.26.14"
67.194.41.154 - hlsmallw [18/Oct/2012:13:14:52 -0400] "GET /badges/pos101/concentrator.png HTTP/1.1" 200 3594 "https://www.gradecraft.com/dashboard" "Mozilla/5.0 (Macintosh; Intel Mac OS X 10_8_2) AppleWebKit/536.26.14 (KHTML, like Gecko) Version/6.0.1 Safari/536.26.14"
67.194.41.154 - hlsmallw [18/Oct/2012:13:14:52 -0400] "GET /badges/pos101/presentation_of_self.png HTTP/1.1" 200 5498 "https://www.gradecraft.com/dashboard" "Mozilla/5.0 (Macintosh; Intel Mac OS X 10_8_2) AppleWebKit/536.26.14 (KHTML, like Gecko) Version/6.0.1 Safari/536.26.14"
67.194.41.154 - hlsmallw [18/Oct/2012:13:14:52 -0400] "GET /badges/pos101/courageous_failure.png HTTP/1.1" 200 8410 "https://www.gradecraft.com/dashboard" "Mozilla/5.0 (Macintosh; Intel Mac OS X 10_8_2) AppleWebKit/536.26.14 (KHTML, like Gecko) Version/6.0.1 Safari/536.26.14"
67.194.41.154 - hlsmallw [18/Oct/2012:13:14:52 -0400] "GET /badges/pos101/early_bird_special.png HTTP/1.1" 200 4602 "https://www.gradecraft.com/dashboard" "Mozilla/5.0 (Macintosh; Intel Mac OS X 10_8_2) AppleWebKit/536.26.14 (KHTML, like Gecko) Version/6.0.1 Safari/536.26.14"
67.194.41.154 - hlsmallw [18/Oct/2012:13:14:52 -0400] "GET /badges/pos101/gaining_experience.png HTTP/1.1" 200 8458 "https://www.gradecraft.com/dashboard" "Mozilla/5.0 (Macintosh; Intel Mac OS X 10_8_2) AppleWebKit/536.26.14 (KHTML, like Gecko) Version/6.0.1 Safari/536.26.14"
67.194.41.154 - hlsmallw [18/Oct/2012:13:14:52 -0400] "GET /badges/pos101/examination_expert.png HTTP/1.1" 200 4042 "https://www.gradecraft.com/dashboard" "Mozilla/5.0 (Macintosh; Intel Mac OS X 10_8_2) AppleWebKit/536.26.14 (KHTML, like Gecko) Version/6.0.1 Safari/536.26.14"
67.194.41.154 - hlsmallw [18/Oct/2012:13:14:52 -0400] "GET /badges/pos101/gamer.png HTTP/1.1" 200 4378 "https://www.gradecraft.com/dashboard" "Mozilla/5.0 (Macintosh; Intel Mac OS X 10_8_2) AppleWebKit/536.26.14 (KHTML, like Gecko) Version/6.0.1 Safari/536.26.14"
67.194.41.154 - hlsmallw [18/Oct/2012:13:14:52 -0400] "GET /badges/pos101/level_one.png HTTP/1.1" 200 4458 "https://www.gradecraft.com/dashboard" "Mozilla/5.0 (Macintosh; Intel Mac OS X 10_8_2) AppleWebKit/536.26.14 (KHTML, like Gecko) Version/6.0.1 Safari/536.26.14"
67.194.41.154 - hlsmallw [18/Oct/2012:13:14:52 -0400] "GET /badges/pos101/learning_from_mistakes.png HTTP/1.1" 200 8362 "https://www.gradecraft.com/dashboard" "Mozilla/5.0 (Macintosh; Intel Mac OS X 10_8_2) AppleWebKit/536.26.14 (KHTML, like Gecko) Version/6.0.1 Safari/536.26.14"
67.194.41.154 - hlsmallw [18/Oct/2012:13:14:52 -0400] "GET /badges/pos101/participatory_democrat.png HTTP/1.1" 200 5354 "https://www.gradecraft.com/dashboard" "Mozilla/5.0 (Macintosh; Intel Mac OS X 10_8_2) AppleWebKit/536.26.14 (KHTML, like Gecko) Version/6.0.1 Safari/536.26.14"
67.194.41.154 - hlsmallw [18/Oct/2012:13:14:52 -0400] "GET /badges/pos101/practice_makes_perfect.png HTTP/1.1" 200 6010 "https://www.gradecraft.com/dashboard" "Mozilla/5.0 (Macintosh; Intel Mac OS X 10_8_2) AppleWebKit/536.26.14 (KHTML, like Gecko) Version/6.0.1 Safari/536.26.14"
67.194.41.154 - hlsmallw [18/Oct/2012:13:14:52 -0400] "GET /badges/pos101/public_speaker.png HTTP/1.1" 200 5482 "https://www.gradecraft.com/dashboard" "Mozilla/5.0 (Macintosh; Intel Mac OS X 10_8_2) AppleWebKit/536.26.14 (KHTML, like Gecko) Version/6.0.1 Safari/536.26.14"
67.194.41.154 - hlsmallw [18/Oct/2012:13:14:52 -0400] "GET /badges/pos101/personal.png HTTP/1.1" 200 4474 "https://www.gradecraft.com/dashboard" "Mozilla/5.0 (Macintosh; Intel Mac OS X 10_8_2) AppleWebKit/536.26.14 (KHTML, like Gecko) Version/6.0.1 Safari/536.26.14"
67.194.41.154 - hlsmallw [18/Oct/2012:13:14:52 -0400] "GET /badges/pos101/phoebe_badge.jpg HTTP/1.1" 200 5994 "https://www.gradecraft.com/dashboard" "Mozilla/5.0 (Macintosh; Intel Mac OS X 10_8_2) AppleWebKit/536.26.14 (KHTML, like Gecko) Version/6.0.1 Safari/536.26.14"
67.194.41.154 - hlsmallw [18/Oct/2012:13:14:52 -0400] "GET /badges/pos101/scribe.png HTTP/1.1" 200 3002 "https://www.gradecraft.com/dashboard" "Mozilla/5.0 (Macintosh; Intel Mac OS X 10_8_2) AppleWebKit/536.26.14 (KHTML, like Gecko) Version/6.0.1 Safari/536.26.14"
67.194.41.154 - hlsmallw [18/Oct/2012:13:14:52 -0400] "GET /badges/pos101/times_immemorial.png HTTP/1.1" 200 5722 "https://www.gradecraft.com/dashboard" "Mozilla/5.0 (Macintosh; Intel Mac OS X 10_8_2) AppleWebKit/536.26.14 (KHTML, like Gecko) Version/6.0.1 Safari/536.26.14"
67.194.41.154 - hlsmallw [18/Oct/2012:13:14:52 -0400] "GET /favicon.ico HTTP/1.1" 200 4795 "https://www.gradecraft.com/dashboard" "Mozilla/5.0 (Macintosh; Intel Mac OS X 10_8_2) AppleWebKit/536.26.14 (KHTML, like Gecko) Version/6.0.1 Safari/536.26.14"
67.194.41.154 - hlsmallw [18/Oct/2012:13:14:52 -0400] "GET /users/predictor.json?user_id=178 HTTP/1.1" 200 1530 "https://www.gradecraft.com/dashboard" "Mozilla/5.0 (Macintosh; Intel Mac OS X 10_8_2) AppleWebKit/536.26.14 (KHTML, like Gecko) Version/6.0.1 Safari/536.26.14"
67.194.41.154 - hlsmallw [18/Oct/2012:13:14:52 -0400] "GET /users/predictor.json?in_progress=true&user_id=178 HTTP/1.1" 200 1610 "https://www.gradecraft.com/dashboard" "Mozilla/5.0 (Macintosh; Intel Mac OS X 10_8_2) AppleWebKit/536.26.14 (KHTML, like Gecko) Version/6.0.1 Safari/536.26.14"
67.194.24.13 - - [18/Oct/2012:13:16:51 -0400] "GET / HTTP/1.1" 302 3254 "-" "Mozilla/5.0 (Macintosh; Intel Mac OS X 10_7_4) AppleWebKit/536.25 (KHTML, like Gecko) Version/6.0 Safari/536.25"
24.11.171.92 - - [18/Oct/2012:13:17:46 -0400] "GET / HTTP/1.1" 302 3254 "-" "Mozilla/5.0 (Macintosh; Intel Mac OS X 10_6_8) AppleWebKit/534.57.2 (KHTML, like Gecko) Version/5.1.7 Safari/534.57.2"
67.194.66.50 - - [18/Oct/2012:13:18:10 -0400] "GET / HTTP/1.1" 302 3254 "-" "Mozilla/5.0 (Macintosh; Intel Mac OS X 10_7_5) AppleWebKit/536.26.14 (KHTML, like Gecko) Version/6.0.1 Safari/536.26.14"
67.194.13.149 - - [18/Oct/2012:13:19:31 -0400] "GET / HTTP/1.1" 302 3254 "https://sites.google.com/a/umich.edu/polsci101f2012/" "Mozilla/5.0 (Macintosh; Intel Mac OS X 10_7_5) AppleWebKit/536.26.14 (KHTML, like Gecko) Version/6.0.1 Safari/536.26.14"
67.194.13.149 - - [18/Oct/2012:13:19:31 -0400] "GET /cosign/valid?cosign-www.gradecraft.com=NqwGRfLcEv3V8vrj-k8FWiLgCuWt-saaEIvxgPTGTJwYYTJ6FFULx4MALa76o14qiyP7stbS85S8U6I1NvTFqjB4b+rrhRUpve67A8fxdB+jkmzuupm0At-cbi4H&https://www.gradecraft.com/ HTTP/1.1" 301 868 "https://sites.google.com/a/umich.edu/polsci101f2012/" "Mozilla/5.0 (Macintosh; Intel Mac OS X 10_7_5) AppleWebKit/536.26.14 (KHTML, like Gecko) Version/6.0.1 Safari/536.26.14"
67.194.13.149 - cympan [18/Oct/2012:13:19:31 -0400] "GET / HTTP/1.1" 302 1348 "https://sites.google.com/a/umich.edu/polsci101f2012/" "Mozilla/5.0 (Macintosh; Intel Mac OS X 10_7_5) AppleWebKit/536.26.14 (KHTML, like Gecko) Version/6.0.1 Safari/536.26.14"
67.194.13.149 - cympan [18/Oct/2012:13:19:31 -0400] "GET /dashboard HTTP/1.1" 200 5156 "https://sites.google.com/a/umich.edu/polsci101f2012/" "Mozilla/5.0 (Macintosh; Intel Mac OS X 10_7_5) AppleWebKit/536.26.14 (KHTML, like Gecko) Version/6.0.1 Safari/536.26.14"
67.194.13.149 - cympan [18/Oct/2012:13:19:32 -0400] "GET /assets/application-75efbcdd2e483708b1922621823d8e20.css HTTP/1.1" 200 47181 "https://www.gradecraft.com/dashboard" "Mozilla/5.0 (Macintosh; Intel Mac OS X 10_7_5) AppleWebKit/536.26.14 (KHTML, like Gecko) Version/6.0.1 Safari/536.26.14"
67.194.13.149 - cympan [18/Oct/2012:13:19:32 -0400] "GET /assets/application-8ce02592fd93cf8f056fcba13d4bd5fc.js HTTP/1.1" 200 201938 "https://www.gradecraft.com/dashboard" "Mozilla/5.0 (Macintosh; Intel Mac OS X 10_7_5) AppleWebKit/536.26.14 (KHTML, like Gecko) Version/6.0.1 Safari/536.26.14"
67.194.13.149 - cympan [18/Oct/2012:13:19:32 -0400] "GET /badges/pos101/great_critic.png HTTP/1.1" 200 5444 "https://www.gradecraft.com/dashboard" "Mozilla/5.0 (Macintosh; Intel Mac OS X 10_7_5) AppleWebKit/536.26.14 (KHTML, like Gecko) Version/6.0.1 Safari/536.26.14"
67.194.13.149 - cympan [18/Oct/2012:13:19:32 -0400] "GET /badges/pos101/awesome_aggregator.png HTTP/1.1" 200 5796 "https://www.gradecraft.com/dashboard" "Mozilla/5.0 (Macintosh; Intel Mac OS X 10_7_5) AppleWebKit/536.26.14 (KHTML, like Gecko) Version/6.0.1 Safari/536.26.14"
67.194.13.149 - cympan [18/Oct/2012:13:19:32 -0400] "GET /badges/pos101/above_and_beyond.png HTTP/1.1" 200 6372 "https://www.gradecraft.com/dashboard" "Mozilla/5.0 (Macintosh; Intel Mac OS X 10_7_5) AppleWebKit/536.26.14 (KHTML, like Gecko) Version/6.0.1 Safari/536.26.14"
67.194.13.149 - cympan [18/Oct/2012:13:19:33 -0400] "GET /badges/pos101/always_learning.png HTTP/1.1" 200 3204 "https://www.gradecraft.com/dashboard" "Mozilla/5.0 (Macintosh; Intel Mac OS X 10_7_5) AppleWebKit/536.26.14 (KHTML, like Gecko) Version/6.0.1 Safari/536.26.14"
67.194.13.149 - cympan [18/Oct/2012:13:19:33 -0400] "GET /badges/pos101/presentation_of_self.png HTTP/1.1" 200 5498 "https://www.gradecraft.com/dashboard" "Mozilla/5.0 (Macintosh; Intel Mac OS X 10_7_5) AppleWebKit/536.26.14 (KHTML, like Gecko) Version/6.0.1 Safari/536.26.14"
67.194.13.149 - cympan [18/Oct/2012:13:19:33 -0400] "GET /badges/pos101/teachers_pet.png HTTP/1.1" 200 3194 "https://www.gradecraft.com/dashboard" "Mozilla/5.0 (Macintosh; Intel Mac OS X 10_7_5) AppleWebKit/536.26.14 (KHTML, like Gecko) Version/6.0.1 Safari/536.26.14"
67.194.13.149 - cympan [18/Oct/2012:13:19:33 -0400] "GET /badges/pos101/concentrator.png HTTP/1.1" 200 3594 "https://www.gradecraft.com/dashboard" "Mozilla/5.0 (Macintosh; Intel Mac OS X 10_7_5) AppleWebKit/536.26.14 (KHTML, like Gecko) Version/6.0.1 Safari/536.26.14"
67.194.13.149 - cympan [18/Oct/2012:13:19:33 -0400] "GET /badges/pos101/courageous_failure.png HTTP/1.1" 200 8410 "https://www.gradecraft.com/dashboard" "Mozilla/5.0 (Macintosh; Intel Mac OS X 10_7_5) AppleWebKit/536.26.14 (KHTML, like Gecko) Version/6.0.1 Safari/536.26.14"
67.194.13.149 - cympan [18/Oct/2012:13:19:33 -0400] "GET /badges/pos101/early_bird_special.png HTTP/1.1" 200 4602 "https://www.gradecraft.com/dashboard" "Mozilla/5.0 (Macintosh; Intel Mac OS X 10_7_5) AppleWebKit/536.26.14 (KHTML, like Gecko) Version/6.0.1 Safari/536.26.14"
67.194.13.149 - cympan [18/Oct/2012:13:19:33 -0400] "GET /badges/pos101/examination_expert.png HTTP/1.1" 200 4042 "https://www.gradecraft.com/dashboard" "Mozilla/5.0 (Macintosh; Intel Mac OS X 10_7_5) AppleWebKit/536.26.14 (KHTML, like Gecko) Version/6.0.1 Safari/536.26.14"
67.194.13.149 - cympan [18/Oct/2012:13:19:33 -0400] "GET /badges/pos101/gaining_experience.png HTTP/1.1" 200 8458 "https://www.gradecraft.com/dashboard" "Mozilla/5.0 (Macintosh; Intel Mac OS X 10_7_5) AppleWebKit/536.26.14 (KHTML, like Gecko) Version/6.0.1 Safari/536.26.14"
67.194.13.149 - cympan [18/Oct/2012:13:19:33 -0400] "GET /badges/pos101/gamer.png HTTP/1.1" 200 4378 "https://www.gradecraft.com/dashboard" "Mozilla/5.0 (Macintosh; Intel Mac OS X 10_7_5) AppleWebKit/536.26.14 (KHTML, like Gecko) Version/6.0.1 Safari/536.26.14"
67.194.13.149 - cympan [18/Oct/2012:13:19:33 -0400] "GET /badges/pos101/learning_from_mistakes.png HTTP/1.1" 200 8362 "https://www.gradecraft.com/dashboard" "Mozilla/5.0 (Macintosh; Intel Mac OS X 10_7_5) AppleWebKit/536.26.14 (KHTML, like Gecko) Version/6.0.1 Safari/536.26.14"
67.194.13.149 - cympan [18/Oct/2012:13:19:33 -0400] "GET /badges/pos101/level_one.png HTTP/1.1" 200 4458 "https://www.gradecraft.com/dashboard" "Mozilla/5.0 (Macintosh; Intel Mac OS X 10_7_5) AppleWebKit/536.26.14 (KHTML, like Gecko) Version/6.0.1 Safari/536.26.14"
67.194.13.149 - cympan [18/Oct/2012:13:19:33 -0400] "GET /badges/pos101/personal.png HTTP/1.1" 200 4474 "https://www.gradecraft.com/dashboard" "Mozilla/5.0 (Macintosh; Intel Mac OS X 10_7_5) AppleWebKit/536.26.14 (KHTML, like Gecko) Version/6.0.1 Safari/536.26.14"
67.194.13.149 - cympan [18/Oct/2012:13:19:33 -0400] "GET /badges/pos101/participatory_democrat.png HTTP/1.1" 200 5354 "https://www.gradecraft.com/dashboard" "Mozilla/5.0 (Macintosh; Intel Mac OS X 10_7_5) AppleWebKit/536.26.14 (KHTML, like Gecko) Version/6.0.1 Safari/536.26.14"
67.194.13.149 - cympan [18/Oct/2012:13:19:33 -0400] "GET /badges/pos101/practice_makes_perfect.png HTTP/1.1" 200 6010 "https://www.gradecraft.com/dashboard" "Mozilla/5.0 (Macintosh; Intel Mac OS X 10_7_5) AppleWebKit/536.26.14 (KHTML, like Gecko) Version/6.0.1 Safari/536.26.14"
67.194.13.149 - cympan [18/Oct/2012:13:19:33 -0400] "GET /badges/pos101/public_speaker.png HTTP/1.1" 200 5482 "https://www.gradecraft.com/dashboard" "Mozilla/5.0 (Macintosh; Intel Mac OS X 10_7_5) AppleWebKit/536.26.14 (KHTML, like Gecko) Version/6.0.1 Safari/536.26.14"
67.194.13.149 - cympan [18/Oct/2012:13:19:33 -0400] "GET /badges/pos101/scribe.png HTTP/1.1" 200 3002 "https://www.gradecraft.com/dashboard" "Mozilla/5.0 (Macintosh; Intel Mac OS X 10_7_5) AppleWebKit/536.26.14 (KHTML, like Gecko) Version/6.0.1 Safari/536.26.14"
67.194.13.149 - cympan [18/Oct/2012:13:19:33 -0400] "GET /badges/pos101/times_immemorial.png HTTP/1.1" 200 5722 "https://www.gradecraft.com/dashboard" "Mozilla/5.0 (Macintosh; Intel Mac OS X 10_7_5) AppleWebKit/536.26.14 (KHTML, like Gecko) Version/6.0.1 Safari/536.26.14"
67.194.13.149 - cympan [18/Oct/2012:13:19:33 -0400] "GET /badges/pos101/phoebe_badge.jpg HTTP/1.1" 200 5994 "https://www.gradecraft.com/dashboard" "Mozilla/5.0 (Macintosh; Intel Mac OS X 10_7_5) AppleWebKit/536.26.14 (KHTML, like Gecko) Version/6.0.1 Safari/536.26.14"
67.194.13.149 - cympan [18/Oct/2012:13:19:32 -0400] "GET /users/predictor.json?user_id=134 HTTP/1.1" 200 1610 "https://www.gradecraft.com/dashboard" "Mozilla/5.0 (Macintosh; Intel Mac OS X 10_7_5) AppleWebKit/536.26.14 (KHTML, like Gecko) Version/6.0.1 Safari/536.26.14"
67.194.13.149 - cympan [18/Oct/2012:13:19:32 -0400] "GET /users/predictor.json?in_progress=true&user_id=134 HTTP/1.1" 200 1610 "https://www.gradecraft.com/dashboard" "Mozilla/5.0 (Macintosh; Intel Mac OS X 10_7_5) AppleWebKit/536.26.14 (KHTML, like Gecko) Version/6.0.1 Safari/536.26.14"
67.194.42.97 - ppicon [18/Oct/2012:13:19:38 -0400] "GET /dashboard HTTP/1.1" 304 3950 "-" "Mozilla/5.0 (Macintosh; Intel Mac OS X 10.7; rv:13.0) Gecko/20100101 Firefox/13.0"
67.194.42.97 - ppicon [18/Oct/2012:13:19:40 -0400] "GET /users/predictor.json?user_id=273 HTTP/1.1" 304 4113 "-" "Mozilla/5.0 (Macintosh; Intel Mac OS X 10.7; rv:13.0) Gecko/20100101 Firefox/13.0"
67.194.42.97 - ppicon [18/Oct/2012:13:19:40 -0400] "GET /users/predictor.json?in_progress=true&user_id=273 HTTP/1.1" 304 885 "-" "Mozilla/5.0 (Macintosh; Intel Mac OS X 10.7; rv:13.0) Gecko/20100101 Firefox/13.0"
67.194.42.97 - ppicon [18/Oct/2012:13:19:45 -0400] "GET /assignments/1/assignment_submissions/185?gradeable_id=273&gradeable_type=User HTTP/1.1" 200 2420 "-" "Mozilla/5.0 (Macintosh; Intel Mac OS X 10.7; rv:13.0) Gecko/20100101 Firefox/13.0"
67.194.217.239 - - [18/Oct/2012:13:20:21 -0400] "GET /dashboard HTTP/1.1" 302 3254 "-" "Mozilla/5.0 (Macintosh; U; Intel Mac OS X 10_6_8; en-us) AppleWebKit/533.21.1 (KHTML, like Gecko) Version/5.0.5 Safari/533.21.1"
67.194.14.178 - ayakter [18/Oct/2012:13:20:50 -0400] "GET /assignments HTTP/1.1" 304 4161 "https://www.gradecraft.com/dashboard" "Mozilla/5.0 (Windows NT 6.1; WOW64; rv:16.0) Gecko/20100101 Firefox/16.0"
67.194.14.178 - ayakter [18/Oct/2012:13:21:08 -0400] "GET /assignments/114 HTTP/1.1" 200 10506 "https://www.gradecraft.com/assignments" "Mozilla/5.0 (Windows NT 6.1; WOW64; rv:16.0) Gecko/20100101 Firefox/16.0"
67.194.14.178 - ayakter [18/Oct/2012:13:21:18 -0400] "GET /assignments HTTP/1.1" 304 917 "https://www.gradecraft.com/assignments/114" "Mozilla/5.0 (Windows NT 6.1; WOW64; rv:16.0) Gecko/20100101 Firefox/16.0"
67.194.14.178 - ayakter [18/Oct/2012:13:21:28 -0400] "GET /assignments/110 HTTP/1.1" 304 933 "https://www.gradecraft.com/assignments" "Mozilla/5.0 (Windows NT 6.1; WOW64; rv:16.0) Gecko/20100101 Firefox/16.0"
67.194.14.178 - ayakter [18/Oct/2012:13:21:34 -0400] "GET /assignments/110?utf8=%E2%9C%93&assignment_id=110&team_id=3&commit=Filter HTTP/1.1" 304 933 "https://www.gradecraft.com/assignments/110" "Mozilla/5.0 (Windows NT 6.1; WOW64; rv:16.0) Gecko/20100101 Firefox/16.0"
67.194.14.178 - ayakter [18/Oct/2012:13:21:38 -0400] "GET /assignments/110/grades/new?gradeable_id=88&gradeable_type=User HTTP/1.1" 200 7508 "https://www.gradecraft.com/assignments/110?utf8=%E2%9C%93&assignment_id=110&team_id=3&commit=Filter" "Mozilla/5.0 (Windows NT 6.1; WOW64; rv:16.0) Gecko/20100101 Firefox/16.0"
67.194.14.178 - ayakter [18/Oct/2012:13:21:39 -0400] "GET /assignments/110/grades/lib/css/wysiwyg-color.css HTTP/1.1" 404 1044 "https://www.gradecraft.com/assignments/110/grades/new?gradeable_id=88&gradeable_type=User" "Mozilla/5.0 (Windows NT 6.1; WOW64; rv:16.0) Gecko/20100101 Firefox/16.0"
67.194.42.97 - ppicon [18/Oct/2012:13:21:43 -0400] "GET /dashboard HTTP/1.1" 304 1078 "-" "Mozilla/5.0 (Macintosh; Intel Mac OS X 10.7; rv:13.0) Gecko/20100101 Firefox/13.0"
67.194.42.97 - ppicon [18/Oct/2012:13:21:45 -0400] "GET /users/predictor.json?user_id=273 HTTP/1.1" 304 1030 "-" "Mozilla/5.0 (Macintosh; Intel Mac OS X 10.7; rv:13.0) Gecko/20100101 Firefox/13.0"
67.194.42.97 - ppicon [18/Oct/2012:13:21:45 -0400] "GET /users/predictor.json?in_progress=true&user_id=273 HTTP/1.1" 304 885 "-" "Mozilla/5.0 (Macintosh; Intel Mac OS X 10.7; rv:13.0) Gecko/20100101 Firefox/13.0"
67.194.42.97 - ppicon [18/Oct/2012:13:21:47 -0400] "GET /users/predictor?user_id=273 HTTP/1.1" 200 5428 "-" "Mozilla/5.0 (Macintosh; Intel Mac OS X 10.7; rv:13.0) Gecko/20100101 Firefox/13.0"
67.194.42.97 - ppicon [18/Oct/2012:13:21:50 -0400] "GET /assets/images/bg_direction_nav.png HTTP/1.1" 200 2778 "-" "Mozilla/5.0 (Macintosh; Intel Mac OS X 10.7; rv:13.0) Gecko/20100101 Firefox/13.0"
67.194.42.97 - ppicon [18/Oct/2012:13:21:50 -0400] "GET /assets/jquery-ui/ui-bg_flat_75_ffffff_40x100-841636c8f8d33987bb8d2f31e8ef92ca.png HTTP/1.1" 200 538 "-" "Mozilla/5.0 (Macintosh; Intel Mac OS X 10.7; rv:13.0) Gecko/20100101 Firefox/13.0"
67.194.42.97 - ppicon [18/Oct/2012:13:21:50 -0400] "GET /assets/jquery-ui/ui-bg_glass_75_e6e6e6_1x400-3e20bce1b7b2f5dd47ca6ac361805162.png HTTP/1.1" 200 474 "-" "Mozilla/5.0 (Macintosh; Intel Mac OS X 10.7; rv:13.0) Gecko/20100101 Firefox/13.0"
67.194.20.90 - jakerud [18/Oct/2012:13:21:58 -0400] "GET /badges HTTP/1.1" 200 6427 "https://www.gradecraft.com/dashboard" "Mozilla/5.0 (Macintosh; Intel Mac OS X 10_8) AppleWebKit/536.25 (KHTML, like Gecko) Version/6.0 Safari/536.25"
67.194.42.97 - ppicon [18/Oct/2012:13:22:02 -0400] "GET /dashboard HTTP/1.1" 304 933 "-" "Mozilla/5.0 (Macintosh; Intel Mac OS X 10.7; rv:13.0) Gecko/20100101 Firefox/13.0"
67.194.42.97 - ppicon [18/Oct/2012:13:22:03 -0400] "GET /users/predictor.json?user_id=273 HTTP/1.1" 304 885 "-" "Mozilla/5.0 (Macintosh; Intel Mac OS X 10.7; rv:13.0) Gecko/20100101 Firefox/13.0"
67.194.42.97 - ppicon [18/Oct/2012:13:22:03 -0400] "GET /users/predictor.json?in_progress=true&user_id=273 HTTP/1.1" 304 885 "-" "Mozilla/5.0 (Macintosh; Intel Mac OS X 10.7; rv:13.0) Gecko/20100101 Firefox/13.0"
67.194.36.117 - - [18/Oct/2012:13:26:22 -0400] "GET / HTTP/1.1" 302 3254 "-" "Mozilla/5.0 (Macintosh; Intel Mac OS X 10_5_8) AppleWebKit/534.50.2 (KHTML, like Gecko) Version/5.0.6 Safari/533.22.3"
67.194.14.178 - ayakter [18/Oct/2012:13:27:19 -0400] "POST /assignments/110/grades HTTP/1.1" 302 4701 "https://www.gradecraft.com/assignments/110/grades/new?gradeable_id=88&gradeable_type=User" "Mozilla/5.0 (Windows NT 6.1; WOW64; rv:16.0) Gecko/20100101 Firefox/16.0"
67.194.14.178 - ayakter [18/Oct/2012:13:27:19 -0400] "GET /assignments/110 HTTP/1.1" 200 11737 "https://www.gradecraft.com/assignments/110/grades/new?gradeable_id=88&gradeable_type=User" "Mozilla/5.0 (Windows NT 6.1; WOW64; rv:16.0) Gecko/20100101 Firefox/16.0"
67.194.14.178 - ayakter [18/Oct/2012:13:27:26 -0400] "GET /assignments/110/grades/9278?gradeable_id=88&gradeable_type=User HTTP/1.1" 200 3060 "https://www.gradecraft.com/assignments/110" "Mozilla/5.0 (Windows NT 6.1; WOW64; rv:16.0) Gecko/20100101 Firefox/16.0"
67.194.14.178 - ayakter [18/Oct/2012:13:27:40 -0400] "GET /assignments/110/grades/9278/edit?gradeable_id=88&gradeable_type=User HTTP/1.1" 200 7892 "https://www.gradecraft.com/assignments/110/grades/9278?gradeable_id=88&gradeable_type=User" "Mozilla/5.0 (Windows NT 6.1; WOW64; rv:16.0) Gecko/20100101 Firefox/16.0"
67.194.14.178 - ayakter [18/Oct/2012:13:27:41 -0400] "GET /assignments/110/grades/9278/lib/css/wysiwyg-color.css HTTP/1.1" 404 1044 "https://www.gradecraft.com/assignments/110/grades/9278/edit?gradeable_id=88&gradeable_type=User" "Mozilla/5.0 (Windows NT 6.1; WOW64; rv:16.0) Gecko/20100101 Firefox/16.0"
71.227.119.213 - - [18/Oct/2012:13:27:53 -0400] "GET / HTTP/1.1" 302 3984 "-" "Mozilla/5.0 (Macintosh; Intel Mac OS X 10_6_8) AppleWebKit/537.4 (KHTML, like Gecko) Chrome/22.0.1229.94 Safari/537.4"
71.227.119.213 - - [18/Oct/2012:13:27:53 -0400] "GET /cosign/valid?cosign-www.gradecraft.com=zj+CtMKYRLJW2rRhIdi8JiLeL9ppg4aOW8Z3XnI4JloQe19-yLcPplme0YXlYXqITRvWLuFtXHZ3lueid7gjg6E7U6FywFY1lxo7ARD2bizeiBgVqa5C4JXq4-Ab&https://www.gradecraft.com/ HTTP/1.1" 301 868 "-" "Mozilla/5.0 (Macintosh; Intel Mac OS X 10_6_8) AppleWebKit/537.4 (KHTML, like Gecko) Chrome/22.0.1229.94 Safari/537.4"
71.227.119.213 - hay [18/Oct/2012:13:27:54 -0400] "GET / HTTP/1.1" 302 1348 "-" "Mozilla/5.0 (Macintosh; Intel Mac OS X 10_6_8) AppleWebKit/537.4 (KHTML, like Gecko) Chrome/22.0.1229.94 Safari/537.4"
71.227.119.213 - hay [18/Oct/2012:13:27:54 -0400] "GET /dashboard HTTP/1.1" 200 5092 "-" "Mozilla/5.0 (Macintosh; Intel Mac OS X 10_6_8) AppleWebKit/537.4 (KHTML, like Gecko) Chrome/22.0.1229.94 Safari/537.4"
71.227.119.213 - hay [18/Oct/2012:13:27:55 -0400] "GET /assets/application-75efbcdd2e483708b1922621823d8e20.css HTTP/1.1" 304 245 "https://www.gradecraft.com/dashboard" "Mozilla/5.0 (Macintosh; Intel Mac OS X 10_6_8) AppleWebKit/537.4 (KHTML, like Gecko) Chrome/22.0.1229.94 Safari/537.4"
71.227.119.213 - hay [18/Oct/2012:13:27:55 -0400] "GET /assets/application-8ce02592fd93cf8f056fcba13d4bd5fc.js HTTP/1.1" 304 3473 "https://www.gradecraft.com/dashboard" "Mozilla/5.0 (Macintosh; Intel Mac OS X 10_6_8) AppleWebKit/537.4 (KHTML, like Gecko) Chrome/22.0.1229.94 Safari/537.4"
71.227.119.213 - hay [18/Oct/2012:13:27:56 -0400] "GET /users/predictor.json?user_id=160 HTTP/1.1" 304 869 "https://www.gradecraft.com/dashboard" "Mozilla/5.0 (Macintosh; Intel Mac OS X 10_6_8) AppleWebKit/537.4 (KHTML, like Gecko) Chrome/22.0.1229.94 Safari/537.4"
71.227.119.213 - hay [18/Oct/2012:13:27:56 -0400] "GET /users/predictor.json?in_progress=true&user_id=160 HTTP/1.1" 304 869 "https://www.gradecraft.com/dashboard" "Mozilla/5.0 (Macintosh; Intel Mac OS X 10_6_8) AppleWebKit/537.4 (KHTML, like Gecko) Chrome/22.0.1229.94 Safari/537.4"
67.194.14.178 - ayakter [18/Oct/2012:13:28:52 -0400] "POST /assignments/110/grades/9278 HTTP/1.1" 302 1813 "https://www.gradecraft.com/assignments/110/grades/9278/edit?gradeable_id=88&gradeable_type=User" "Mozilla/5.0 (Windows NT 6.1; WOW64; rv:16.0) Gecko/20100101 Firefox/16.0"
67.194.14.178 - ayakter [18/Oct/2012:13:28:52 -0400] "GET /assignments/110 HTTP/1.1" 200 11737 "https://www.gradecraft.com/assignments/110/grades/9278/edit?gradeable_id=88&gradeable_type=User" "Mozilla/5.0 (Windows NT 6.1; WOW64; rv:16.0) Gecko/20100101 Firefox/16.0"
67.194.110.201 - - [18/Oct/2012:13:31:06 -0400] "GET /dashboard HTTP/1.1" 302 3259 "-" "Mozilla/5.0 (Macintosh; Intel Mac OS X 10_8_2) AppleWebKit/536.26.14 (KHTML, like Gecko) Version/6.0.1 Safari/536.26.14"
67.194.14.178 - ayakter [18/Oct/2012:13:32:18 -0400] "GET /assignments HTTP/1.1" 200 5445 "https://www.gradecraft.com/assignments/110" "Mozilla/5.0 (Windows NT 6.1; WOW64; rv:16.0) Gecko/20100101 Firefox/16.0"
67.194.14.178 - ayakter [18/Oct/2012:13:32:27 -0400] "GET /assignments/25/edit HTTP/1.1" 200 4596 "https://www.gradecraft.com/assignments" "Mozilla/5.0 (Windows NT 6.1; WOW64; rv:16.0) Gecko/20100101 Firefox/16.0"
67.194.248.54 - - [18/Oct/2012:13:32:28 -0400] "GET /dashboard HTTP/1.1" 302 3254 "-" "Mozilla/5.0 (Macintosh; U; Intel Mac OS X 10_6_8; en-us) AppleWebKit/533.21.1 (KHTML, like Gecko) Version/5.0.5 Safari/533.21.1"
67.194.14.178 - ayakter [18/Oct/2012:13:32:28 -0400] "GET /assignments/25/lib/css/wysiwyg-color.css HTTP/1.1" 404 1044 "https://www.gradecraft.com/assignments/25/edit" "Mozilla/5.0 (Windows NT 6.1; WOW64; rv:16.0) Gecko/20100101 Firefox/16.0"
67.194.14.178 - ayakter [18/Oct/2012:13:32:33 -0400] "GET /assignments/25 HTTP/1.1" 200 15113 "https://www.gradecraft.com/assignments" "Mozilla/5.0 (Windows NT 6.1; WOW64; rv:16.0) Gecko/20100101 Firefox/16.0"
67.194.14.178 - ayakter [18/Oct/2012:13:32:39 -0400] "GET /assignments/25/grades/32/edit?gradeable_id=60&gradeable_type=User HTTP/1.1" 200 7508 "https://www.gradecraft.com/assignments/25" "Mozilla/5.0 (Windows NT 6.1; WOW64; rv:16.0) Gecko/20100101 Firefox/16.0"
67.194.14.178 - ayakter [18/Oct/2012:13:32:40 -0400] "GET /assignments/25/grades/32/lib/css/wysiwyg-color.css HTTP/1.1" 404 1044 "https://www.gradecraft.com/assignments/25/grades/32/edit?gradeable_id=60&gradeable_type=User" "Mozilla/5.0 (Windows NT 6.1; WOW64; rv:16.0) Gecko/20100101 Firefox/16.0"
67.194.7.59 - - [18/Oct/2012:13:33:45 -0400] "GET / HTTP/1.1" 302 3254 "-" "Mozilla/5.0 (Macintosh; Intel Mac OS X 10_7_5) AppleWebKit/534.57.7 (KHTML, like Gecko) Version/5.1.7 Safari/534.57.7"
67.194.109.224 - - [18/Oct/2012:13:33:49 -0400] "GET / HTTP/1.1" 302 3259 "-" "Mozilla/5.0 (Macintosh; Intel Mac OS X 10_8_2) AppleWebKit/536.26.14 (KHTML, like Gecko) Version/6.0.1 Safari/536.26.14"
67.194.14.178 - ayakter [18/Oct/2012:13:33:55 -0400] "GET /assignments HTTP/1.1" 304 3966 "https://www.gradecraft.com/assignments/25/grades/32/edit?gradeable_id=60&gradeable_type=User" "Mozilla/5.0 (Windows NT 6.1; WOW64; rv:16.0) Gecko/20100101 Firefox/16.0"
67.194.14.178 - ayakter [18/Oct/2012:13:33:57 -0400] "GET /dashboard HTTP/1.1" 304 4145 "https://www.gradecraft.com/assignments" "Mozilla/5.0 (Windows NT 6.1; WOW64; rv:16.0) Gecko/20100101 Firefox/16.0"
67.194.14.178 - ayakter [18/Oct/2012:13:34:27 -0400] "GET /assignments/110/assignment_submissions/2?gradeable_id=226&gradeable_type=User HTTP/1.1" 200 3509 "https://www.gradecraft.com/dashboard" "Mozilla/5.0 (Windows NT 6.1; WOW64; rv:16.0) Gecko/20100101 Firefox/16.0"
67.194.14.178 - ayakter [18/Oct/2012:13:34:28 -0400] "GET /assignments/110/assignment_submissions/lib/css/wysiwyg-color.css HTTP/1.1" 404 1044 "https://www.gradecraft.com/assignments/110/assignment_submissions/2?gradeable_id=226&gradeable_type=User" "Mozilla/5.0 (Windows NT 6.1; WOW64; rv:16.0) Gecko/20100101 Firefox/16.0"
67.194.42.206 - - [18/Oct/2012:13:35:11 -0400] "GET / HTTP/1.1" 302 3259 "-" "Mozilla/5.0 (Macintosh; Intel Mac OS X 10_8_2) AppleWebKit/536.26.14 (KHTML, like Gecko) Version/6.0.1 Safari/536.26.14"
67.194.14.178 - ayakter [18/Oct/2012:13:38:19 -0400] "GET /assignments HTTP/1.1" 304 1078 "https://www.gradecraft.com/assignments/110/assignment_submissions/2?gradeable_id=226&gradeable_type=User" "Mozilla/5.0 (Windows NT 6.1; WOW64; rv:16.0) Gecko/20100101 Firefox/16.0"
67.194.14.178 - ayakter [18/Oct/2012:13:38:27 -0400] "GET /assignments/100/edit HTTP/1.1" 200 4564 "https://www.gradecraft.com/assignments" "Mozilla/5.0 (Windows NT 6.1; WOW64; rv:16.0) Gecko/20100101 Firefox/16.0"
67.194.14.178 - ayakter [18/Oct/2012:13:38:28 -0400] "GET /assignments/100/lib/css/wysiwyg-color.css HTTP/1.1" 404 1044 "https://www.gradecraft.com/assignments/100/edit" "Mozilla/5.0 (Windows NT 6.1; WOW64; rv:16.0) Gecko/20100101 Firefox/16.0"
67.194.14.178 - ayakter [18/Oct/2012:13:38:30 -0400] "GET /assignments/100 HTTP/1.1" 200 11689 "https://www.gradecraft.com/assignments" "Mozilla/5.0 (Windows NT 6.1; WOW64; rv:16.0) Gecko/20100101 Firefox/16.0"
68.73.58.84 - - [18/Oct/2012:13:43:52 -0400] "GET / HTTP/1.1" 302 3789 "https://sites.google.com/a/umich.edu/polsci101f2012/home" "Mozilla/5.0 (Macintosh; Intel Mac OS X 10_6_8) AppleWebKit/537.4 (KHTML, like Gecko) Chrome/22.0.1229.94 Safari/537.4"
68.73.58.84 - - [18/Oct/2012:13:43:53 -0400] "GET /cosign/valid?cosign-www.gradecraft.com=cT-JhO7WuWvDxnRMwKKCwkIr9x2JKtI29Du-xkFDCUImaGa5ES21vVP14+rTRzdgJQKa1t6DCwY4BwXy7m2QuG72r6MjK106j6OjpVKb2FF71FbrKfw2Myimtd0m&https://www.gradecraft.com/ HTTP/1.1" 301 868 "https://sites.google.com/a/umich.edu/polsci101f2012/home" "Mozilla/5.0 (Macintosh; Intel Mac OS X 10_6_8) AppleWebKit/537.4 (KHTML, like Gecko) Chrome/22.0.1229.94 Safari/537.4"
68.73.58.84 - dvalvo [18/Oct/2012:13:43:53 -0400] "GET / HTTP/1.1" 200 5092 "https://sites.google.com/a/umich.edu/polsci101f2012/home" "Mozilla/5.0 (Macintosh; Intel Mac OS X 10_6_8) AppleWebKit/537.4 (KHTML, like Gecko) Chrome/22.0.1229.94 Safari/537.4"
68.73.58.84 - dvalvo [18/Oct/2012:13:43:55 -0400] "GET /assets/application-75efbcdd2e483708b1922621823d8e20.css HTTP/1.1" 304 245 "https://www.gradecraft.com/" "Mozilla/5.0 (Macintosh; Intel Mac OS X 10_6_8) AppleWebKit/537.4 (KHTML, like Gecko) Chrome/22.0.1229.94 Safari/537.4"
