67.194.126.116 - frasheed [23/Oct/2012:11:28:05 -0400] "GET /assets/application-75efbcdd2e483708b1922621823d8e20.css HTTP/1.1" 200 47326 "https://www.gradecraft.com/dashboard" "Mozilla/5.0 (Macintosh; Intel Mac OS X 10_8_2) AppleWebKit/536.26.14 (KHTML, like Gecko) Version/6.0.1 Safari/536.26.14"
67.194.126.116 - frasheed [23/Oct/2012:11:28:05 -0400] "GET /assets/application-8ce02592fd93cf8f056fcba13d4bd5fc.js HTTP/1.1" 200 201800 "https://www.gradecraft.com/dashboard" "Mozilla/5.0 (Macintosh; Intel Mac OS X 10_8_2) AppleWebKit/536.26.14 (KHTML, like Gecko) Version/6.0.1 Safari/536.26.14"
67.194.126.116 - frasheed [23/Oct/2012:11:28:06 -0400] "GET /badges/pos101/awesome_aggregator.png HTTP/1.1" 200 5803 "https://www.gradecraft.com/dashboard" "Mozilla/5.0 (Macintosh; Intel Mac OS X 10_8_2) AppleWebKit/536.26.14 (KHTML, like Gecko) Version/6.0.1 Safari/536.26.14"
67.194.126.116 - frasheed [23/Oct/2012:11:28:06 -0400] "GET /badges/pos101/above_and_beyond.png HTTP/1.1" 200 6379 "https://www.gradecraft.com/dashboard" "Mozilla/5.0 (Macintosh; Intel Mac OS X 10_8_2) AppleWebKit/536.26.14 (KHTML, like Gecko) Version/6.0.1 Safari/536.26.14"
67.194.126.116 - frasheed [23/Oct/2012:11:28:06 -0400] "GET /badges/pos101/great_critic.png HTTP/1.1" 200 5451 "https://www.gradecraft.com/dashboard" "Mozilla/5.0 (Macintosh; Intel Mac OS X 10_8_2) AppleWebKit/536.26.14 (KHTML, like Gecko) Version/6.0.1 Safari/536.26.14"
67.194.126.116 - frasheed [23/Oct/2012:11:28:06 -0400] "GET /badges/pos101/presentation_of_self.png HTTP/1.1" 200 5643 "https://www.gradecraft.com/dashboard" "Mozilla/5.0 (Macintosh; Intel Mac OS X 10_8_2) AppleWebKit/536.26.14 (KHTML, like Gecko) Version/6.0.1 Safari/536.26.14"
67.194.126.116 - frasheed [23/Oct/2012:11:28:06 -0400] "GET /badges/pos101/courageous_failure.png HTTP/1.1" 200 8410 "https://www.gradecraft.com/dashboard" "Mozilla/5.0 (Macintosh; Intel Mac OS X 10_8_2) AppleWebKit/536.26.14 (KHTML, like Gecko) Version/6.0.1 Safari/536.26.14"
67.194.126.116 - frasheed [23/Oct/2012:11:28:06 -0400] "GET /badges/pos101/concentrator.png HTTP/1.1" 200 3594 "https://www.gradecraft.com/dashboard" "Mozilla/5.0 (Macintosh; Intel Mac OS X 10_8_2) AppleWebKit/536.26.14 (KHTML, like Gecko) Version/6.0.1 Safari/536.26.14"
67.194.126.116 - frasheed [23/Oct/2012:11:28:06 -0400] "GET /badges/pos101/examination_expert.png HTTP/1.1" 200 4042 "https://www.gradecraft.com/dashboard" "Mozilla/5.0 (Macintosh; Intel Mac OS X 10_8_2) AppleWebKit/536.26.14 (KHTML, like Gecko) Version/6.0.1 Safari/536.26.14"
67.194.126.116 - frasheed [23/Oct/2012:11:28:06 -0400] "GET /badges/pos101/early_bird_special.png HTTP/1.1" 200 4602 "https://www.gradecraft.com/dashboard" "Mozilla/5.0 (Macintosh; Intel Mac OS X 10_8_2) AppleWebKit/536.26.14 (KHTML, like Gecko) Version/6.0.1 Safari/536.26.14"
67.194.126.116 - frasheed [23/Oct/2012:11:28:06 -0400] "GET /badges/pos101/gaining_experience.png HTTP/1.1" 200 8458 "https://www.gradecraft.com/dashboard" "Mozilla/5.0 (Macintosh; Intel Mac OS X 10_8_2) AppleWebKit/536.26.14 (KHTML, like Gecko) Version/6.0.1 Safari/536.26.14"
67.194.126.116 - frasheed [23/Oct/2012:11:28:06 -0400] "GET /badges/pos101/gamer.png HTTP/1.1" 200 4378 "https://www.gradecraft.com/dashboard" "Mozilla/5.0 (Macintosh; Intel Mac OS X 10_8_2) AppleWebKit/536.26.14 (KHTML, like Gecko) Version/6.0.1 Safari/536.26.14"
67.194.126.116 - frasheed [23/Oct/2012:11:28:06 -0400] "GET /badges/pos101/level_one.png HTTP/1.1" 200 4458 "https://www.gradecraft.com/dashboard" "Mozilla/5.0 (Macintosh; Intel Mac OS X 10_8_2) AppleWebKit/536.26.14 (KHTML, like Gecko) Version/6.0.1 Safari/536.26.14"
67.194.126.116 - frasheed [23/Oct/2012:11:28:06 -0400] "GET /badges/pos101/learning_from_mistakes.png HTTP/1.1" 200 8362 "https://www.gradecraft.com/dashboard" "Mozilla/5.0 (Macintosh; Intel Mac OS X 10_8_2) AppleWebKit/536.26.14 (KHTML, like Gecko) Version/6.0.1 Safari/536.26.14"
67.194.126.116 - frasheed [23/Oct/2012:11:28:06 -0400] "GET /badges/pos101/personal.png HTTP/1.1" 200 4474 "https://www.gradecraft.com/dashboard" "Mozilla/5.0 (Macintosh; Intel Mac OS X 10_8_2) AppleWebKit/536.26.14 (KHTML, like Gecko) Version/6.0.1 Safari/536.26.14"
67.194.126.116 - frasheed [23/Oct/2012:11:28:06 -0400] "GET /badges/pos101/participatory_democrat.png HTTP/1.1" 200 5354 "https://www.gradecraft.com/dashboard" "Mozilla/5.0 (Macintosh; Intel Mac OS X 10_8_2) AppleWebKit/536.26.14 (KHTML, like Gecko) Version/6.0.1 Safari/536.26.14"
67.194.126.116 - frasheed [23/Oct/2012:11:28:06 -0400] "GET /badges/pos101/practice_makes_perfect.png HTTP/1.1" 200 6010 "https://www.gradecraft.com/dashboard" "Mozilla/5.0 (Macintosh; Intel Mac OS X 10_8_2) AppleWebKit/536.26.14 (KHTML, like Gecko) Version/6.0.1 Safari/536.26.14"
67.194.126.116 - frasheed [23/Oct/2012:11:28:06 -0400] "GET /badges/pos101/public_speaker.png HTTP/1.1" 200 5482 "https://www.gradecraft.com/dashboard" "Mozilla/5.0 (Macintosh; Intel Mac OS X 10_8_2) AppleWebKit/536.26.14 (KHTML, like Gecko) Version/6.0.1 Safari/536.26.14"
67.194.126.116 - frasheed [23/Oct/2012:11:28:06 -0400] "GET /badges/pos101/phoebe_badge.jpg HTTP/1.1" 200 5994 "https://www.gradecraft.com/dashboard" "Mozilla/5.0 (Macintosh; Intel Mac OS X 10_8_2) AppleWebKit/536.26.14 (KHTML, like Gecko) Version/6.0.1 Safari/536.26.14"
67.194.126.116 - frasheed [23/Oct/2012:11:28:06 -0400] "GET /badges/pos101/times_immemorial.png HTTP/1.1" 200 5722 "https://www.gradecraft.com/dashboard" "Mozilla/5.0 (Macintosh; Intel Mac OS X 10_8_2) AppleWebKit/536.26.14 (KHTML, like Gecko) Version/6.0.1 Safari/536.26.14"
67.194.126.116 - frasheed [23/Oct/2012:11:28:06 -0400] "GET /users/predictor.json?in_progress=true&user_id=193 HTTP/1.1" 200 1610 "https://www.gradecraft.com/dashboard" "Mozilla/5.0 (Macintosh; Intel Mac OS X 10_8_2) AppleWebKit/536.26.14 (KHTML, like Gecko) Version/6.0.1 Safari/536.26.14"
67.194.126.116 - frasheed [23/Oct/2012:11:28:06 -0400] "GET /users/predictor.json?user_id=193 HTTP/1.1" 200 1610 "https://www.gradecraft.com/dashboard" "Mozilla/5.0 (Macintosh; Intel Mac OS X 10_8_2) AppleWebKit/536.26.14 (KHTML, like Gecko) Version/6.0.1 Safari/536.26.14"
141.211.154.28 - mmanty [23/Oct/2012:11:28:19 -0400] "GET /assignments/74/grades/mass_edit?utf8=%E2%9C%93&assignment_id=74&team_id=2&commit=Filter HTTP/1.1" 200 6992 "https://www.gradecraft.com/assignments/74/grades/mass_edit" "Mozilla/5.0 (Macintosh; Intel Mac OS X 10.6; rv:16.0) Gecko/20100101 Firefox/16.0"
67.194.20.94 - - [23/Oct/2012:11:28:21 -0400] "GET / HTTP/1.1" 302 3254 "-" "Mozilla/5.0 (Macintosh; Intel Mac OS X 10_7_5) AppleWebKit/536.25 (KHTML, like Gecko) Version/6.0 Safari/536.25"
141.211.154.28 - mmanty [23/Oct/2012:11:28:31 -0400] "POST /assignments/74/grades/mass_update HTTP/1.1" 302 1460 "https://www.gradecraft.com/assignments/74/grades/mass_edit?utf8=%E2%9C%93&assignment_id=74&team_id=2&commit=Filter" "Mozilla/5.0 (Macintosh; Intel Mac OS X 10.6; rv:16.0) Gecko/20100101 Firefox/16.0"
141.211.154.28 - mmanty [23/Oct/2012:11:28:31 -0400] "GET /assignments/74 HTTP/1.1" 500 1028 "https://www.gradecraft.com/assignments/74/grades/mass_edit?utf8=%E2%9C%93&assignment_id=74&team_id=2&commit=Filter" "Mozilla/5.0 (Macintosh; Intel Mac OS X 10.6; rv:16.0) Gecko/20100101 Firefox/16.0"
141.211.154.28 - mmanty [23/Oct/2012:11:28:48 -0400] "GET /dashboard HTTP/1.1" 200 3957 "https://www.gradecraft.com/assignments/74/grades/mass_edit?utf8=%E2%9C%93&assignment_id=74&team_id=2&commit=Filter" "Mozilla/5.0 (Macintosh; Intel Mac OS X 10.6; rv:16.0) Gecko/20100101 Firefox/16.0"
141.211.154.28 - mmanty [23/Oct/2012:11:28:59 -0400] "GET /users/students HTTP/1.1" 200 21086 "https://www.gradecraft.com/dashboard" "Mozilla/5.0 (Macintosh; Intel Mac OS X 10.6; rv:16.0) Gecko/20100101 Firefox/16.0"
141.211.154.28 - mmanty [23/Oct/2012:11:29:27 -0400] "GET /badges/pos101/phoebe_badge.jpg HTTP/1.1" 304 229 "https://www.gradecraft.com/users/students" "Mozilla/5.0 (Macintosh; Intel Mac OS X 10.6; rv:16.0) Gecko/20100101 Firefox/16.0"
141.211.154.28 - mmanty [23/Oct/2012:11:29:40 -0400] "GET /users/63 HTTP/1.1" 200 5908 "https://www.gradecraft.com/users/students" "Mozilla/5.0 (Macintosh; Intel Mac OS X 10.6; rv:16.0) Gecko/20100101 Firefox/16.0"
141.211.154.28 - mmanty [23/Oct/2012:11:29:43 -0400] "GET /users/predictor.json?user_id=63 HTTP/1.1" 200 1771 "https://www.gradecraft.com/users/63" "Mozilla/5.0 (Macintosh; Intel Mac OS X 10.6; rv:16.0) Gecko/20100101 Firefox/16.0"
141.211.154.28 - mmanty [23/Oct/2012:11:29:43 -0400] "GET /users/predictor.json?in_progress=true&user_id=63 HTTP/1.1" 200 1610 "https://www.gradecraft.com/users/63" "Mozilla/5.0 (Macintosh; Intel Mac OS X 10.6; rv:16.0) Gecko/20100101 Firefox/16.0"
141.211.154.28 - mmanty [23/Oct/2012:11:29:53 -0400] "GET /assignments HTTP/1.1" 304 933 "https://www.gradecraft.com/users/63" "Mozilla/5.0 (Macintosh; Intel Mac OS X 10.6; rv:16.0) Gecko/20100101 Firefox/16.0"
141.211.154.28 - mmanty [23/Oct/2012:11:30:05 -0400] "GET /assignments/74/grades/mass_edit HTTP/1.1" 304 933 "https://www.gradecraft.com/assignments" "Mozilla/5.0 (Macintosh; Intel Mac OS X 10.6; rv:16.0) Gecko/20100101 Firefox/16.0"
141.211.154.28 - mmanty [23/Oct/2012:11:30:28 -0400] "GET /assignments/74/grades/mass_edit?utf8=%E2%9C%93&assignment_id=74&team_id=3&commit=Filter HTTP/1.1" 200 4021 "https://www.gradecraft.com/assignments/74/grades/mass_edit" "Mozilla/5.0 (Macintosh; Intel Mac OS X 10.6; rv:16.0) Gecko/20100101 Firefox/16.0"
141.211.154.28 - mmanty [23/Oct/2012:11:31:19 -0400] "POST /assignments/74/grades/mass_update HTTP/1.1" 302 1621 "https://www.gradecraft.com/assignments/74/grades/mass_edit?utf8=%E2%9C%93&assignment_id=74&team_id=3&commit=Filter" "Mozilla/5.0 (Macintosh; Intel Mac OS X 10.6; rv:16.0) Gecko/20100101 Firefox/16.0"
141.211.154.28 - mmanty [23/Oct/2012:11:31:22 -0400] "GET /assignments/74 HTTP/1.1" 500 1028 "https://www.gradecraft.com/assignments/74/grades/mass_edit?utf8=%E2%9C%93&assignment_id=74&team_id=3&commit=Filter" "Mozilla/5.0 (Macintosh; Intel Mac OS X 10.6; rv:16.0) Gecko/20100101 Firefox/16.0"
141.211.154.28 - mmanty [23/Oct/2012:11:31:29 -0400] "GET /assignments/74/grades/mass_edit?utf8=%E2%9C%93&assignment_id=74&team_id=4&commit=Filter HTTP/1.1" 200 4037 "https://www.gradecraft.com/assignments/74/grades/mass_edit?utf8=%E2%9C%93&assignment_id=74&team_id=3&commit=Filter" "Mozilla/5.0 (Macintosh; Intel Mac OS X 10.6; rv:16.0) Gecko/20100101 Firefox/16.0"
141.211.154.28 - mmanty [23/Oct/2012:11:32:12 -0400] "POST /assignments/74/grades/mass_update HTTP/1.1" 302 1621 "https://www.gradecraft.com/assignments/74/grades/mass_edit?utf8=%E2%9C%93&assignment_id=74&team_id=4&commit=Filter" "Mozilla/5.0 (Macintosh; Intel Mac OS X 10.6; rv:16.0) Gecko/20100101 Firefox/16.0"
141.211.154.28 - mmanty [23/Oct/2012:11:32:14 -0400] "GET /assignments/74 HTTP/1.1" 500 1028 "https://www.gradecraft.com/assignments/74/grades/mass_edit?utf8=%E2%9C%93&assignment_id=74&team_id=4&commit=Filter" "Mozilla/5.0 (Macintosh; Intel Mac OS X 10.6; rv:16.0) Gecko/20100101 Firefox/16.0"
141.211.154.28 - mmanty [23/Oct/2012:11:32:22 -0400] "GET /assignments/74/grades/mass_edit?utf8=%E2%9C%93&assignment_id=74&team_id=5&commit=Filter HTTP/1.1" 200 4005 "https://www.gradecraft.com/assignments/74/grades/mass_edit?utf8=%E2%9C%93&assignment_id=74&team_id=4&commit=Filter" "Mozilla/5.0 (Macintosh; Intel Mac OS X 10.6; rv:16.0) Gecko/20100101 Firefox/16.0"
35.0.95.11 - - [23/Oct/2012:11:32:52 -0400] "GET / HTTP/1.1" 302 3254 "-" "Mozilla/5.0 (Macintosh; Intel Mac OS X 10_7_4) AppleWebKit/534.57.5 (KHTML, like Gecko) Version/5.1.7 Safari/534.57.4"
35.0.95.11 - - [23/Oct/2012:11:33:02 -0400] "GET /dashboard HTTP/1.1" 302 756 "-" "Mozilla/5.0 (Macintosh; Intel Mac OS X 10_7_4) AppleWebKit/534.57.5 (KHTML, like Gecko) Version/5.1.7 Safari/534.57.4"
141.211.154.28 - mmanty [23/Oct/2012:11:33:08 -0400] "POST /assignments/74/grades/mass_update HTTP/1.1" 302 1621 "https://www.gradecraft.com/assignments/74/grades/mass_edit?utf8=%E2%9C%93&assignment_id=74&team_id=5&commit=Filter" "Mozilla/5.0 (Macintosh; Intel Mac OS X 10.6; rv:16.0) Gecko/20100101 Firefox/16.0"
141.211.154.28 - mmanty [23/Oct/2012:11:33:11 -0400] "GET /assignments/74 HTTP/1.1" 500 1028 "https://www.gradecraft.com/assignments/74/grades/mass_edit?utf8=%E2%9C%93&assignment_id=74&team_id=5&commit=Filter" "Mozilla/5.0 (Macintosh; Intel Mac OS X 10.6; rv:16.0) Gecko/20100101 Firefox/16.0"
141.211.154.28 - mmanty [23/Oct/2012:11:33:16 -0400] "GET /assignments/74/grades/mass_edit?utf8=%E2%9C%93&assignment_id=74&team_id=6&commit=Filter HTTP/1.1" 200 4085 "https://www.gradecraft.com/assignments/74/grades/mass_edit?utf8=%E2%9C%93&assignment_id=74&team_id=5&commit=Filter" "Mozilla/5.0 (Macintosh; Intel Mac OS X 10.6; rv:16.0) Gecko/20100101 Firefox/16.0"
141.211.154.28 - mmanty [23/Oct/2012:11:34:04 -0400] "POST /assignments/74/grades/mass_update HTTP/1.1" 302 4509 "https://www.gradecraft.com/assignments/74/grades/mass_edit?utf8=%E2%9C%93&assignment_id=74&team_id=6&commit=Filter" "Mozilla/5.0 (Macintosh; Intel Mac OS X 10.6; rv:16.0) Gecko/20100101 Firefox/16.0"
141.211.154.28 - mmanty [23/Oct/2012:11:34:07 -0400] "GET /assignments/74 HTTP/1.1" 500 1028 "https://www.gradecraft.com/assignments/74/grades/mass_edit?utf8=%E2%9C%93&assignment_id=74&team_id=6&commit=Filter" "Mozilla/5.0 (Macintosh; Intel Mac OS X 10.6; rv:16.0) Gecko/20100101 Firefox/16.0"
141.211.154.28 - mmanty [23/Oct/2012:11:34:13 -0400] "GET /assignments/74/grades/mass_edit?utf8=%E2%9C%93&assignment_id=74&team_id=7&commit=Filter HTTP/1.1" 200 7056 "https://www.gradecraft.com/assignments/74/grades/mass_edit?utf8=%E2%9C%93&assignment_id=74&team_id=6&commit=Filter" "Mozilla/5.0 (Macintosh; Intel Mac OS X 10.6; rv:16.0) Gecko/20100101 Firefox/16.0"
67.194.98.87 - - [23/Oct/2012:11:34:49 -0400] "GET / HTTP/1.1" 302 3789 "-" "Mozilla/5.0 (Macintosh; Intel Mac OS X 10.5; rv:10.0.2) Gecko/20100101 Firefox/10.0.2"
67.194.98.87 - - [23/Oct/2012:11:34:56 -0400] "GET /cosign/valid?cosign-www.gradecraft.com=V7N1TCTmoHkcUFyc6AkWo0vLvPydgeFJckeHUSZDBrMZuNJaD8lYEC7hE7VVWcSugzjScFhGgJSgVqznqZmb7tvKm6ZTyzD-T-HVo0ezQDKnQJ9nfgNwyboQDBOv&https://www.gradecraft.com/ HTTP/1.1" 301 868 "https://weblogin.umich.edu/?cosign-www.gradecraft.com&https://www.gradecraft.com/" "Mozilla/5.0 (Macintosh; Intel Mac OS X 10.5; rv:10.0.2) Gecko/20100101 Firefox/10.0.2"
67.194.98.87 - nkoker [23/Oct/2012:11:34:56 -0400] "GET / HTTP/1.1" 200 4404 "https://weblogin.umich.edu/?cosign-www.gradecraft.com&https://www.gradecraft.com/" "Mozilla/5.0 (Macintosh; Intel Mac OS X 10.5; rv:10.0.2) Gecko/20100101 Firefox/10.0.2"
141.211.154.28 - mmanty [23/Oct/2012:11:34:59 -0400] "POST /assignments/74/grades/mass_update HTTP/1.1" 302 1621 "https://www.gradecraft.com/assignments/74/grades/mass_edit?utf8=%E2%9C%93&assignment_id=74&team_id=7&commit=Filter" "Mozilla/5.0 (Macintosh; Intel Mac OS X 10.6; rv:16.0) Gecko/20100101 Firefox/16.0"
141.211.154.28 - mmanty [23/Oct/2012:11:35:02 -0400] "GET /assignments/74 HTTP/1.1" 500 1028 "https://www.gradecraft.com/assignments/74/grades/mass_edit?utf8=%E2%9C%93&assignment_id=74&team_id=7&commit=Filter" "Mozilla/5.0 (Macintosh; Intel Mac OS X 10.6; rv:16.0) Gecko/20100101 Firefox/16.0"
141.211.154.28 - mmanty [23/Oct/2012:11:35:07 -0400] "GET /assignments/74/grades/mass_edit?utf8=%E2%9C%93&assignment_id=74&team_id=8&commit=Filter HTTP/1.1" 200 4021 "https://www.gradecraft.com/assignments/74/grades/mass_edit?utf8=%E2%9C%93&assignment_id=74&team_id=7&commit=Filter" "Mozilla/5.0 (Macintosh; Intel Mac OS X 10.6; rv:16.0) Gecko/20100101 Firefox/16.0"
67.194.214.60 - - [23/Oct/2012:11:35:44 -0400] "GET / HTTP/1.1" 302 3254 "-" "Mozilla/5.0 (Macintosh; Intel Mac OS X 10_5_8) AppleWebKit/534.50.2 (KHTML, like Gecko) Version/5.0.6 Safari/533.22.3"
141.211.154.28 - mmanty [23/Oct/2012:11:35:50 -0400] "POST /assignments/74/grades/mass_update HTTP/1.1" 302 1621 "https://www.gradecraft.com/assignments/74/grades/mass_edit?utf8=%E2%9C%93&assignment_id=74&team_id=8&commit=Filter" "Mozilla/5.0 (Macintosh; Intel Mac OS X 10.6; rv:16.0) Gecko/20100101 Firefox/16.0"
141.211.154.28 - mmanty [23/Oct/2012:11:35:52 -0400] "GET /assignments/74 HTTP/1.1" 500 1028 "https://www.gradecraft.com/assignments/74/grades/mass_edit?utf8=%E2%9C%93&assignment_id=74&team_id=8&commit=Filter" "Mozilla/5.0 (Macintosh; Intel Mac OS X 10.6; rv:16.0) Gecko/20100101 Firefox/16.0"
141.211.154.28 - mmanty [23/Oct/2012:11:35:59 -0400] "GET /assignments/74/grades/mass_edit?utf8=%E2%9C%93&assignment_id=74&team_id=8&commit=Filter HTTP/1.1" 200 3845 "https://www.gradecraft.com/assignments/74/grades/mass_edit?utf8=%E2%9C%93&assignment_id=74&team_id=8&commit=Filter" "Mozilla/5.0 (Macintosh; Intel Mac OS X 10.6; rv:16.0) Gecko/20100101 Firefox/16.0"
141.211.154.28 - mmanty [23/Oct/2012:11:36:02 -0400] "GET /assignments/74/grades/mass_edit?utf8=%E2%9C%93&assignment_id=74&team_id=9&commit=Filter HTTP/1.1" 200 3876 "https://www.gradecraft.com/assignments/74/grades/mass_edit?utf8=%E2%9C%93&assignment_id=74&team_id=8&commit=Filter" "Mozilla/5.0 (Macintosh; Intel Mac OS X 10.6; rv:16.0) Gecko/20100101 Firefox/16.0"
67.194.42.102 - - [23/Oct/2012:11:36:35 -0400] "GET / HTTP/1.1" 302 3259 "-" "Mozilla/5.0 (Macintosh; Intel Mac OS X 10_8_2) AppleWebKit/536.26.14 (KHTML, like Gecko) Version/6.0.1 Safari/536.26.14"
141.211.154.28 - mmanty [23/Oct/2012:11:36:33 -0400] "POST /assignments/74/grades/mass_update HTTP/1.1" 302 1621 "https://www.gradecraft.com/assignments/74/grades/mass_edit?utf8=%E2%9C%93&assignment_id=74&team_id=9&commit=Filter" "Mozilla/5.0 (Macintosh; Intel Mac OS X 10.6; rv:16.0) Gecko/20100101 Firefox/16.0"
141.211.154.28 - mmanty [23/Oct/2012:11:36:36 -0400] "GET /assignments/74 HTTP/1.1" 500 1028 "https://www.gradecraft.com/assignments/74/grades/mass_edit?utf8=%E2%9C%93&assignment_id=74&team_id=9&commit=Filter" "Mozilla/5.0 (Macintosh; Intel Mac OS X 10.6; rv:16.0) Gecko/20100101 Firefox/16.0"
141.211.154.28 - mmanty [23/Oct/2012:11:36:41 -0400] "GET /assignments/74/grades/mass_edit?utf8=%E2%9C%93&assignment_id=74&team_id=10&commit=Filter HTTP/1.1" 200 4005 "https://www.gradecraft.com/assignments/74/grades/mass_edit?utf8=%E2%9C%93&assignment_id=74&team_id=9&commit=Filter" "Mozilla/5.0 (Macintosh; Intel Mac OS X 10.6; rv:16.0) Gecko/20100101 Firefox/16.0"
141.211.154.28 - mmanty [23/Oct/2012:11:37:15 -0400] "POST /assignments/74/grades/mass_update HTTP/1.1" 302 1621 "https://www.gradecraft.com/assignments/74/grades/mass_edit?utf8=%E2%9C%93&assignment_id=74&team_id=10&commit=Filter" "Mozilla/5.0 (Macintosh; Intel Mac OS X 10.6; rv:16.0) Gecko/20100101 Firefox/16.0"
141.211.154.28 - mmanty [23/Oct/2012:11:37:17 -0400] "GET /assignments/74 HTTP/1.1" 500 1028 "https://www.gradecraft.com/assignments/74/grades/mass_edit?utf8=%E2%9C%93&assignment_id=74&team_id=10&commit=Filter" "Mozilla/5.0 (Macintosh; Intel Mac OS X 10.6; rv:16.0) Gecko/20100101 Firefox/16.0"
141.211.154.28 - mmanty [23/Oct/2012:11:37:23 -0400] "GET /assignments/74/grades/mass_edit?utf8=%E2%9C%93&assignment_id=74&team_id=11&commit=Filter HTTP/1.1" 200 4021 "https://www.gradecraft.com/assignments/74/grades/mass_edit?utf8=%E2%9C%93&assignment_id=74&team_id=10&commit=Filter" "Mozilla/5.0 (Macintosh; Intel Mac OS X 10.6; rv:16.0) Gecko/20100101 Firefox/16.0"
141.211.154.28 - mmanty [23/Oct/2012:11:38:15 -0400] "POST /assignments/74/grades/mass_update HTTP/1.1" 302 1605 "https://www.gradecraft.com/assignments/74/grades/mass_edit?utf8=%E2%9C%93&assignment_id=74&team_id=11&commit=Filter" "Mozilla/5.0 (Macintosh; Intel Mac OS X 10.6; rv:16.0) Gecko/20100101 Firefox/16.0"
141.211.154.28 - mmanty [23/Oct/2012:11:38:17 -0400] "GET /assignments/74 HTTP/1.1" 500 1028 "https://www.gradecraft.com/assignments/74/grades/mass_edit?utf8=%E2%9C%93&assignment_id=74&team_id=11&commit=Filter" "Mozilla/5.0 (Macintosh; Intel Mac OS X 10.6; rv:16.0) Gecko/20100101 Firefox/16.0"
67.194.68.62 - - [23/Oct/2012:11:38:25 -0400] "GET /dashboard HTTP/1.1" 302 3259 "-" "Mozilla/5.0 (Macintosh; Intel Mac OS X 10_8_2) AppleWebKit/536.26.14 (KHTML, like Gecko) Version/6.0.1 Safari/536.26.14"
141.211.154.28 - mmanty [23/Oct/2012:11:38:28 -0400] "GET /assignments/74/grades/mass_edit?utf8=%E2%9C%93&assignment_id=74&team_id=12&commit=Filter HTTP/1.1" 200 4021 "https://www.gradecraft.com/assignments/74/grades/mass_edit?utf8=%E2%9C%93&assignment_id=74&team_id=11&commit=Filter" "Mozilla/5.0 (Macintosh; Intel Mac OS X 10.6; rv:16.0) Gecko/20100101 Firefox/16.0"
67.194.98.87 - nkoker [23/Oct/2012:11:38:52 -0400] "GET /users/265 HTTP/1.1" 200 9280 "https://www.gradecraft.com/" "Mozilla/5.0 (Macintosh; Intel Mac OS X 10.5; rv:10.0.2) Gecko/20100101 Firefox/10.0.2"
67.194.98.87 - nkoker [23/Oct/2012:11:38:55 -0400] "GET /users/predictor.json?in_progress=true&user_id=265 HTTP/1.1" 304 869 "https://www.gradecraft.com/users/265" "Mozilla/5.0 (Macintosh; Intel Mac OS X 10.5; rv:10.0.2) Gecko/20100101 Firefox/10.0.2"
67.194.98.87 - nkoker [23/Oct/2012:11:38:56 -0400] "GET /users/predictor.json?user_id=265 HTTP/1.1" 304 1014 "https://www.gradecraft.com/users/265" "Mozilla/5.0 (Macintosh; Intel Mac OS X 10.5; rv:10.0.2) Gecko/20100101 Firefox/10.0.2"
141.211.154.28 - mmanty [23/Oct/2012:11:39:02 -0400] "POST /assignments/74/grades/mass_update HTTP/1.1" 302 1621 "https://www.gradecraft.com/assignments/74/grades/mass_edit?utf8=%E2%9C%93&assignment_id=74&team_id=12&commit=Filter" "Mozilla/5.0 (Macintosh; Intel Mac OS X 10.6; rv:16.0) Gecko/20100101 Firefox/16.0"
141.211.154.28 - mmanty [23/Oct/2012:11:39:05 -0400] "GET /assignments/74 HTTP/1.1" 500 1028 "https://www.gradecraft.com/assignments/74/grades/mass_edit?utf8=%E2%9C%93&assignment_id=74&team_id=12&commit=Filter" "Mozilla/5.0 (Macintosh; Intel Mac OS X 10.6; rv:16.0) Gecko/20100101 Firefox/16.0"
141.211.154.28 - mmanty [23/Oct/2012:11:39:11 -0400] "GET /assignments/74/grades/mass_edit?utf8=%E2%9C%93&assignment_id=74&team_id=13&commit=Filter HTTP/1.1" 200 3893 "https://www.gradecraft.com/assignments/74/grades/mass_edit?utf8=%E2%9C%93&assignment_id=74&team_id=12&commit=Filter" "Mozilla/5.0 (Macintosh; Intel Mac OS X 10.6; rv:16.0) Gecko/20100101 Firefox/16.0"
141.211.154.28 - mmanty [23/Oct/2012:11:39:35 -0400] "POST /assignments/74/grades/mass_update HTTP/1.1" 302 4493 "https://www.gradecraft.com/assignments/74/grades/mass_edit?utf8=%E2%9C%93&assignment_id=74&team_id=13&commit=Filter" "Mozilla/5.0 (Macintosh; Intel Mac OS X 10.6; rv:16.0) Gecko/20100101 Firefox/16.0"
141.211.154.28 - mmanty [23/Oct/2012:11:39:37 -0400] "GET /assignments/74 HTTP/1.1" 500 1028 "https://www.gradecraft.com/assignments/74/grades/mass_edit?utf8=%E2%9C%93&assignment_id=74&team_id=13&commit=Filter" "Mozilla/5.0 (Macintosh; Intel Mac OS X 10.6; rv:16.0) Gecko/20100101 Firefox/16.0"
141.211.154.28 - mmanty [23/Oct/2012:11:39:45 -0400] "GET /assignments/74/grades/mass_edit?utf8=%E2%9C%93&assignment_id=74&team_id=13&commit=Filter HTTP/1.1" 200 6832 "https://www.gradecraft.com/assignments/74/grades/mass_edit?utf8=%E2%9C%93&assignment_id=74&team_id=13&commit=Filter" "Mozilla/5.0 (Macintosh; Intel Mac OS X 10.6; rv:16.0) Gecko/20100101 Firefox/16.0"
141.211.154.28 - mmanty [23/Oct/2012:11:39:48 -0400] "GET /assignments/74/grades/mass_edit?utf8=%E2%9C%93&assignment_id=74&team_id=14&commit=Filter HTTP/1.1" 200 3876 "https://www.gradecraft.com/assignments/74/grades/mass_edit?utf8=%E2%9C%93&assignment_id=74&team_id=13&commit=Filter" "Mozilla/5.0 (Macintosh; Intel Mac OS X 10.6; rv:16.0) Gecko/20100101 Firefox/16.0"
67.194.16.175 - - [23/Oct/2012:11:40:04 -0400] "GET / HTTP/1.1" 302 3254 "-" "Mozilla/5.0 (Macintosh; Intel Mac OS X 10_7_4) AppleWebKit/536.25 (KHTML, like Gecko) Version/6.0 Safari/536.25"
141.211.154.28 - mmanty [23/Oct/2012:11:40:17 -0400] "POST /assignments/74/grades/mass_update HTTP/1.1" 302 1621 "https://www.gradecraft.com/assignments/74/grades/mass_edit?utf8=%E2%9C%93&assignment_id=74&team_id=14&commit=Filter" "Mozilla/5.0 (Macintosh; Intel Mac OS X 10.6; rv:16.0) Gecko/20100101 Firefox/16.0"
141.211.154.28 - mmanty [23/Oct/2012:11:40:19 -0400] "GET /assignments/74 HTTP/1.1" 500 1028 "https://www.gradecraft.com/assignments/74/grades/mass_edit?utf8=%E2%9C%93&assignment_id=74&team_id=14&commit=Filter" "Mozilla/5.0 (Macintosh; Intel Mac OS X 10.6; rv:16.0) Gecko/20100101 Firefox/16.0"
141.211.154.28 - mmanty [23/Oct/2012:11:40:24 -0400] "GET /assignments/74/grades/mass_edit?utf8=%E2%9C%93&assignment_id=74&team_id=15&commit=Filter HTTP/1.1" 200 4021 "https://www.gradecraft.com/assignments/74/grades/mass_edit?utf8=%E2%9C%93&assignment_id=74&team_id=14&commit=Filter" "Mozilla/5.0 (Macintosh; Intel Mac OS X 10.6; rv:16.0) Gecko/20100101 Firefox/16.0"
141.211.154.28 - mmanty [23/Oct/2012:11:40:51 -0400] "POST /assignments/74/grades/mass_update HTTP/1.1" 302 1621 "https://www.gradecraft.com/assignments/74/grades/mass_edit?utf8=%E2%9C%93&assignment_id=74&team_id=15&commit=Filter" "Mozilla/5.0 (Macintosh; Intel Mac OS X 10.6; rv:16.0) Gecko/20100101 Firefox/16.0"
141.211.154.28 - mmanty [23/Oct/2012:11:40:53 -0400] "GET /assignments/74 HTTP/1.1" 500 1028 "https://www.gradecraft.com/assignments/74/grades/mass_edit?utf8=%E2%9C%93&assignment_id=74&team_id=15&commit=Filter" "Mozilla/5.0 (Macintosh; Intel Mac OS X 10.6; rv:16.0) Gecko/20100101 Firefox/16.0"
141.211.154.28 - mmanty [23/Oct/2012:11:40:58 -0400] "GET /assignments/74/grades/mass_edit?utf8=%E2%9C%93&assignment_id=74&team_id=1&commit=Filter HTTP/1.1" 200 4037 "https://www.gradecraft.com/assignments/74/grades/mass_edit?utf8=%E2%9C%93&assignment_id=74&team_id=15&commit=Filter" "Mozilla/5.0 (Macintosh; Intel Mac OS X 10.6; rv:16.0) Gecko/20100101 Firefox/16.0"
67.194.67.191 - - [23/Oct/2012:11:41:20 -0400] "GET / HTTP/1.1" 302 3984 "-" "Mozilla/5.0 (Windows NT 6.1; WOW64; rv:15.0) Gecko/20100101 Firefox/15.0.1"
67.194.67.191 - - [23/Oct/2012:11:41:20 -0400] "GET /cosign/valid?cosign-www.gradecraft.com=oT3kcvI+VBNYgSD7RxxpoL80kL6CUSYKqaS+A5MSIsz8xgympx5w0S0q8pA9nrOWzw7xWAQmjG37cRvbNyVHjc9zWPJMQjZgbeBeEIRaou35rjKJX1QUVZpepqR8&https://www.gradecraft.com/ HTTP/1.1" 301 868 "-" "Mozilla/5.0 (Windows NT 6.1; WOW64; rv:15.0) Gecko/20100101 Firefox/15.0.1"
67.194.67.191 - sstapper [23/Oct/2012:11:41:21 -0400] "GET / HTTP/1.1" 302 1332 "-" "Mozilla/5.0 (Windows NT 6.1; WOW64; rv:15.0) Gecko/20100101 Firefox/15.0.1"
67.194.67.191 - sstapper [23/Oct/2012:11:41:21 -0400] "GET /dashboard HTTP/1.1" 200 5092 "-" "Mozilla/5.0 (Windows NT 6.1; WOW64; rv:15.0) Gecko/20100101 Firefox/15.0.1"
67.194.67.191 - sstapper [23/Oct/2012:11:41:22 -0400] "GET /assets/application-75efbcdd2e483708b1922621823d8e20.css HTTP/1.1" 304 245 "https://www.gradecraft.com/dashboard" "Mozilla/5.0 (Windows NT 6.1; WOW64; rv:15.0) Gecko/20100101 Firefox/15.0.1"
67.194.67.191 - sstapper [23/Oct/2012:11:41:22 -0400] "GET /assets/application-8ce02592fd93cf8f056fcba13d4bd5fc.js HTTP/1.1" 304 390 "https://www.gradecraft.com/dashboard" "Mozilla/5.0 (Windows NT 6.1; WOW64; rv:15.0) Gecko/20100101 Firefox/15.0.1"
67.194.67.191 - sstapper [23/Oct/2012:11:41:23 -0400] "GET /users/predictor.json?user_id=293 HTTP/1.1" 304 885 "https://www.gradecraft.com/dashboard" "Mozilla/5.0 (Windows NT 6.1; WOW64; rv:15.0) Gecko/20100101 Firefox/15.0.1"
67.194.67.191 - sstapper [23/Oct/2012:11:41:23 -0400] "GET /users/predictor.json?in_progress=true&user_id=293 HTTP/1.1" 304 885 "https://www.gradecraft.com/dashboard" "Mozilla/5.0 (Windows NT 6.1; WOW64; rv:15.0) Gecko/20100101 Firefox/15.0.1"
141.211.154.28 - mmanty [23/Oct/2012:11:41:32 -0400] "POST /assignments/74/grades/mass_update HTTP/1.1" 302 1621 "https://www.gradecraft.com/assignments/74/grades/mass_edit?utf8=%E2%9C%93&assignment_id=74&team_id=1&commit=Filter" "Mozilla/5.0 (Macintosh; Intel Mac OS X 10.6; rv:16.0) Gecko/20100101 Firefox/16.0"
141.211.154.28 - mmanty [23/Oct/2012:11:41:35 -0400] "GET /assignments/74 HTTP/1.1" 500 1028 "https://www.gradecraft.com/assignments/74/grades/mass_edit?utf8=%E2%9C%93&assignment_id=74&team_id=1&commit=Filter" "Mozilla/5.0 (Macintosh; Intel Mac OS X 10.6; rv:16.0) Gecko/20100101 Firefox/16.0"
141.211.154.28 - mmanty [23/Oct/2012:11:41:48 -0400] "GET / HTTP/1.1" 200 3957 "-" "Mozilla/5.0 (Macintosh; Intel Mac OS X 10.6; rv:16.0) Gecko/20100101 Firefox/16.0"
141.211.154.28 - mmanty [23/Oct/2012:11:41:58 -0400] "GET /assignments HTTP/1.1" 200 5348 "https://www.gradecraft.com/" "Mozilla/5.0 (Macintosh; Intel Mac OS X 10.6; rv:16.0) Gecko/20100101 Firefox/16.0"
141.211.154.28 - mmanty [23/Oct/2012:11:42:13 -0400] "GET /assignments/74 HTTP/1.1" 500 1028 "https://www.gradecraft.com/assignments" "Mozilla/5.0 (Macintosh; Intel Mac OS X 10.6; rv:16.0) Gecko/20100101 Firefox/16.0"
67.194.101.36 - hjsim [23/Oct/2012:11:42:43 -0400] "GET / HTTP/1.1" 200 8173 "-" "Mozilla/5.0 (Windows NT 6.1; WOW64) AppleWebKit/537.4 (KHTML, like Gecko) Chrome/22.0.1229.94 Safari/537.4"
67.194.101.36 - hjsim [23/Oct/2012:11:42:46 -0400] "GET /users/predictor.json?in_progress=true&user_id=334 HTTP/1.1" 304 901 "https://www.gradecraft.com/" "Mozilla/5.0 (Windows NT 6.1; WOW64) AppleWebKit/537.4 (KHTML, like Gecko) Chrome/22.0.1229.94 Safari/537.4"
67.194.101.36 - hjsim [23/Oct/2012:11:42:46 -0400] "GET /users/predictor.json?user_id=334 HTTP/1.1" 304 3918 "https://www.gradecraft.com/" "Mozilla/5.0 (Windows NT 6.1; WOW64) AppleWebKit/537.4 (KHTML, like Gecko) Chrome/22.0.1229.94 Safari/537.4"
67.194.101.36 - hjsim [23/Oct/2012:11:42:53 -0400] "GET /users/334/user_assignment_type_weights/194/edit?assignment_type_id=8 HTTP/1.1" 200 2740 "https://www.gradecraft.com/" "Mozilla/5.0 (Windows NT 6.1; WOW64) AppleWebKit/537.4 (KHTML, like Gecko) Chrome/22.0.1229.94 Safari/537.4"
67.194.101.36 - hjsim [23/Oct/2012:11:42:58 -0400] "POST /users/334/user_assignment_type_weights/194 HTTP/1.1" 302 1444 "https://www.gradecraft.com/users/334/user_assignment_type_weights/194/edit?assignment_type_id=8" "Mozilla/5.0 (Windows NT 6.1; WOW64) AppleWebKit/537.4 (KHTML, like Gecko) Chrome/22.0.1229.94 Safari/537.4"
67.194.101.36 - hjsim [23/Oct/2012:11:42:58 -0400] "GET /dashboard HTTP/1.1" 200 5140 "https://www.gradecraft.com/users/334/user_assignment_type_weights/194/edit?assignment_type_id=8" "Mozilla/5.0 (Windows NT 6.1; WOW64) AppleWebKit/537.4 (KHTML, like Gecko) Chrome/22.0.1229.94 Safari/537.4"
67.194.101.36 - hjsim [23/Oct/2012:11:43:00 -0400] "GET /users/predictor.json?user_id=334 HTTP/1.1" 304 885 "https://www.gradecraft.com/dashboard" "Mozilla/5.0 (Windows NT 6.1; WOW64) AppleWebKit/537.4 (KHTML, like Gecko) Chrome/22.0.1229.94 Safari/537.4"
67.194.101.36 - hjsim [23/Oct/2012:11:43:00 -0400] "GET /users/predictor.json?in_progress=true&user_id=334 HTTP/1.1" 304 885 "https://www.gradecraft.com/dashboard" "Mozilla/5.0 (Windows NT 6.1; WOW64) AppleWebKit/537.4 (KHTML, like Gecko) Chrome/22.0.1229.94 Safari/537.4"
67.194.101.36 - hjsim [23/Oct/2012:11:43:06 -0400] "GET /users/334/user_assignment_type_weights/195/edit?assignment_type_id=9 HTTP/1.1" 200 2724 "https://www.gradecraft.com/dashboard" "Mozilla/5.0 (Windows NT 6.1; WOW64) AppleWebKit/537.4 (KHTML, like Gecko) Chrome/22.0.1229.94 Safari/537.4"
67.194.101.36 - hjsim [23/Oct/2012:11:43:11 -0400] "POST /users/334/user_assignment_type_weights/195 HTTP/1.1" 302 1460 "https://www.gradecraft.com/users/334/user_assignment_type_weights/195/edit?assignment_type_id=9" "Mozilla/5.0 (Windows NT 6.1; WOW64) AppleWebKit/537.4 (KHTML, like Gecko) Chrome/22.0.1229.94 Safari/537.4"
67.194.101.36 - hjsim [23/Oct/2012:11:43:11 -0400] "GET /dashboard HTTP/1.1" 200 5124 "https://www.gradecraft.com/users/334/user_assignment_type_weights/195/edit?assignment_type_id=9" "Mozilla/5.0 (Windows NT 6.1; WOW64) AppleWebKit/537.4 (KHTML, like Gecko) Chrome/22.0.1229.94 Safari/537.4"
67.194.101.36 - hjsim [23/Oct/2012:11:43:13 -0400] "GET /users/predictor.json?user_id=334 HTTP/1.1" 304 885 "https://www.gradecraft.com/dashboard" "Mozilla/5.0 (Windows NT 6.1; WOW64) AppleWebKit/537.4 (KHTML, like Gecko) Chrome/22.0.1229.94 Safari/537.4"
67.194.101.36 - hjsim [23/Oct/2012:11:43:13 -0400] "GET /users/predictor.json?in_progress=true&user_id=334 HTTP/1.1" 304 885 "https://www.gradecraft.com/dashboard" "Mozilla/5.0 (Windows NT 6.1; WOW64) AppleWebKit/537.4 (KHTML, like Gecko) Chrome/22.0.1229.94 Safari/537.4"
67.194.101.36 - hjsim [23/Oct/2012:11:43:16 -0400] "GET /users/334/user_assignment_type_weights/194/edit?assignment_type_id=8 HTTP/1.1" 200 2740 "https://www.gradecraft.com/dashboard" "Mozilla/5.0 (Windows NT 6.1; WOW64) AppleWebKit/537.4 (KHTML, like Gecko) Chrome/22.0.1229.94 Safari/537.4"
67.194.101.36 - hjsim [23/Oct/2012:11:43:19 -0400] "POST /users/334/user_assignment_type_weights/194 HTTP/1.1" 302 1460 "https://www.gradecraft.com/users/334/user_assignment_type_weights/194/edit?assignment_type_id=8" "Mozilla/5.0 (Windows NT 6.1; WOW64) AppleWebKit/537.4 (KHTML, like Gecko) Chrome/22.0.1229.94 Safari/537.4"
67.194.101.36 - hjsim [23/Oct/2012:11:43:19 -0400] "GET /dashboard HTTP/1.1" 200 5140 "https://www.gradecraft.com/users/334/user_assignment_type_weights/194/edit?assignment_type_id=8" "Mozilla/5.0 (Windows NT 6.1; WOW64) AppleWebKit/537.4 (KHTML, like Gecko) Chrome/22.0.1229.94 Safari/537.4"
67.194.101.36 - hjsim [23/Oct/2012:11:43:22 -0400] "GET /users/predictor.json?user_id=334 HTTP/1.1" 304 885 "https://www.gradecraft.com/dashboard" "Mozilla/5.0 (Windows NT 6.1; WOW64) AppleWebKit/537.4 (KHTML, like Gecko) Chrome/22.0.1229.94 Safari/537.4"
67.194.101.36 - hjsim [23/Oct/2012:11:43:21 -0400] "GET /users/predictor.json?in_progress=true&user_id=334 HTTP/1.1" 304 885 "https://www.gradecraft.com/dashboard" "Mozilla/5.0 (Windows NT 6.1; WOW64) AppleWebKit/537.4 (KHTML, like Gecko) Chrome/22.0.1229.94 Safari/537.4"
67.194.67.191 - sstapper [23/Oct/2012:11:43:50 -0400] "GET /users/predictor?user_id=293 HTTP/1.1" 200 5573 "https://www.gradecraft.com/dashboard" "Mozilla/5.0 (Windows NT 6.1; WOW64; rv:15.0) Gecko/20100101 Firefox/15.0.1"
141.211.154.28 - mmanty [23/Oct/2012:11:42:37 -0400] "GET /gradebook HTTP/1.1" 200 56851 "https://www.gradecraft.com/assignments" "Mozilla/5.0 (Macintosh; Intel Mac OS X 10.6; rv:16.0) Gecko/20100101 Firefox/16.0"
67.194.67.191 - sstapper [23/Oct/2012:11:43:53 -0400] "GET /assets/images/bg_direction_nav.png HTTP/1.1" 200 2778 "https://www.gradecraft.com/assets/application-75efbcdd2e483708b1922621823d8e20.css" "Mozilla/5.0 (Windows NT 6.1; WOW64; rv:15.0) Gecko/20100101 Firefox/15.0.1"
67.194.67.191 - sstapper [23/Oct/2012:11:43:53 -0400] "GET /assets/jquery-ui/ui-bg_flat_75_ffffff_40x100-841636c8f8d33987bb8d2f31e8ef92ca.png HTTP/1.1" 200 538 "https://www.gradecraft.com/assets/application-75efbcdd2e483708b1922621823d8e20.css" "Mozilla/5.0 (Windows NT 6.1; WOW64; rv:15.0) Gecko/20100101 Firefox/15.0.1"
67.194.67.191 - sstapper [23/Oct/2012:11:43:53 -0400] "GET /assets/jquery-ui/ui-bg_glass_75_e6e6e6_1x400-3e20bce1b7b2f5dd47ca6ac361805162.png HTTP/1.1" 200 619 "https://www.gradecraft.com/assets/application-75efbcdd2e483708b1922621823d8e20.css" "Mozilla/5.0 (Windows NT 6.1; WOW64; rv:15.0) Gecko/20100101 Firefox/15.0.1"
67.194.67.191 - sstapper [23/Oct/2012:11:44:00 -0400] "GET /assets/jquery-ui/ui-bg_glass_75_dadada_1x400-38ed9f33e066d6bee977c567d4b03650.png HTTP/1.1" 200 474 "https://www.gradecraft.com/assets/application-75efbcdd2e483708b1922621823d8e20.css" "Mozilla/5.0 (Windows NT 6.1; WOW64; rv:15.0) Gecko/20100101 Firefox/15.0.1"
67.194.67.191 - sstapper [23/Oct/2012:11:44:01 -0400] "GET /assets/jquery-ui/ui-bg_glass_65_ffffff_1x400-a30aa544902182c133dbb46ac40a08d2.png HTTP/1.1" 200 458 "https://www.gradecraft.com/assets/application-75efbcdd2e483708b1922621823d8e20.css" "Mozilla/5.0 (Windows NT 6.1; WOW64; rv:15.0) Gecko/20100101 Firefox/15.0.1"
67.194.21.11 - - [23/Oct/2012:11:44:15 -0400] "GET /dashboard HTTP/1.1" 302 3254 "-" "Mozilla/5.0 (Macintosh; U; Intel Mac OS X 10_6_8; en-us) AppleWebKit/533.21.1 (KHTML, like Gecko) Version/5.0.5 Safari/533.21.1"
141.211.154.28 - mmanty [23/Oct/2012:11:45:28 -0400] "GET /users/choices HTTP/1.1" 200 11261 "https://www.gradecraft.com/gradebook" "Mozilla/5.0 (Macintosh; Intel Mac OS X 10.6; rv:16.0) Gecko/20100101 Firefox/16.0"
67.194.14.29 - - [23/Oct/2012:11:45:39 -0400] "GET / HTTP/1.1" 302 3259 "-" "Mozilla/5.0 (Macintosh; Intel Mac OS X 10_8_1) AppleWebKit/536.25 (KHTML, like Gecko) Version/6.0 Safari/536.25"
67.194.67.191 - sstapper [23/Oct/2012:11:45:56 -0400] "GET /users/293/user_assignment_type_weights/new?assignment_type_id=9 HTTP/1.1" 200 2837 "https://www.gradecraft.com/users/predictor?user_id=293" "Mozilla/5.0 (Windows NT 6.1; WOW64; rv:15.0) Gecko/20100101 Firefox/15.0.1"
70.42.157.21 - - [23/Oct/2012:11:45:57 -0400] "GET /dashboard HTTP/1.1" 302 3254 "-" "Mozilla/5.0 (Macintosh; Intel Mac OS X 10_6_8) AppleWebKit/534.52.7 (KHTML, like Gecko) Version/5.1.2 Safari/534.52.7"
67.194.67.191 - sstapper [23/Oct/2012:11:46:02 -0400] "POST /users/293/user_assignment_type_weights HTTP/1.1" 302 1700 "https://www.gradecraft.com/users/293/user_assignment_type_weights/new?assignment_type_id=9" "Mozilla/5.0 (Windows NT 6.1; WOW64; rv:15.0) Gecko/20100101 Firefox/15.0.1"
67.194.67.191 - sstapper [23/Oct/2012:11:46:02 -0400] "GET /users/293/user_assignment_type_weights HTTP/1.1" 302 1636 "https://www.gradecraft.com/users/293/user_assignment_type_weights/new?assignment_type_id=9" "Mozilla/5.0 (Windows NT 6.1; WOW64; rv:15.0) Gecko/20100101 Firefox/15.0.1"
67.194.67.191 - sstapper [23/Oct/2012:11:46:02 -0400] "GET /dashboard HTTP/1.1" 200 5124 "https://www.gradecraft.com/users/293/user_assignment_type_weights/new?assignment_type_id=9" "Mozilla/5.0 (Windows NT 6.1; WOW64; rv:15.0) Gecko/20100101 Firefox/15.0.1"
67.194.67.191 - sstapper [23/Oct/2012:11:46:04 -0400] "GET /users/predictor.json?user_id=293 HTTP/1.1" 304 1030 "https://www.gradecraft.com/dashboard" "Mozilla/5.0 (Windows NT 6.1; WOW64; rv:15.0) Gecko/20100101 Firefox/15.0.1"
67.194.67.191 - sstapper [23/Oct/2012:11:46:03 -0400] "GET /users/predictor.json?in_progress=true&user_id=293 HTTP/1.1" 304 885 "https://www.gradecraft.com/dashboard" "Mozilla/5.0 (Windows NT 6.1; WOW64; rv:15.0) Gecko/20100101 Firefox/15.0.1"
67.194.67.191 - sstapper [23/Oct/2012:11:46:08 -0400] "GET /users/predictor?user_id=293 HTTP/1.1" 200 5476 "https://www.gradecraft.com/dashboard" "Mozilla/5.0 (Windows NT 6.1; WOW64; rv:15.0) Gecko/20100101 Firefox/15.0.1"
67.194.67.191 - sstapper [23/Oct/2012:11:46:13 -0400] "GET /users/293/user_assignment_type_weights/new?assignment_type_id=8 HTTP/1.1" 200 2708 "https://www.gradecraft.com/users/predictor?user_id=293" "Mozilla/5.0 (Windows NT 6.1; WOW64; rv:15.0) Gecko/20100101 Firefox/15.0.1"
67.194.67.191 - sstapper [23/Oct/2012:11:46:16 -0400] "POST /users/293/user_assignment_type_weights HTTP/1.1" 302 1700 "https://www.gradecraft.com/users/293/user_assignment_type_weights/new?assignment_type_id=8" "Mozilla/5.0 (Windows NT 6.1; WOW64; rv:15.0) Gecko/20100101 Firefox/15.0.1"
67.194.67.191 - sstapper [23/Oct/2012:11:46:16 -0400] "GET /users/293/user_assignment_type_weights HTTP/1.1" 302 1636 "https://www.gradecraft.com/users/293/user_assignment_type_weights/new?assignment_type_id=8" "Mozilla/5.0 (Windows NT 6.1; WOW64; rv:15.0) Gecko/20100101 Firefox/15.0.1"
67.194.67.191 - sstapper [23/Oct/2012:11:46:16 -0400] "GET /dashboard HTTP/1.1" 200 5140 "https://www.gradecraft.com/users/293/user_assignment_type_weights/new?assignment_type_id=8" "Mozilla/5.0 (Windows NT 6.1; WOW64; rv:15.0) Gecko/20100101 Firefox/15.0.1"
67.194.67.191 - sstapper [23/Oct/2012:11:46:18 -0400] "GET /users/predictor.json?user_id=293 HTTP/1.1" 304 885 "https://www.gradecraft.com/dashboard" "Mozilla/5.0 (Windows NT 6.1; WOW64; rv:15.0) Gecko/20100101 Firefox/15.0.1"
67.194.67.191 - sstapper [23/Oct/2012:11:46:18 -0400] "GET /users/predictor.json?in_progress=true&user_id=293 HTTP/1.1" 304 885 "https://www.gradecraft.com/dashboard" "Mozilla/5.0 (Windows NT 6.1; WOW64; rv:15.0) Gecko/20100101 Firefox/15.0.1"
67.194.67.191 - sstapper [23/Oct/2012:11:46:22 -0400] "GET /users/predictor?user_id=293 HTTP/1.1" 200 5460 "https://www.gradecraft.com/dashboard" "Mozilla/5.0 (Windows NT 6.1; WOW64; rv:15.0) Gecko/20100101 Firefox/15.0.1"
67.194.70.221 - - [23/Oct/2012:11:46:35 -0400] "GET /dashboard HTTP/1.1" 302 3259 "-" "Mozilla/5.0 (Macintosh; Intel Mac OS X 10_8_1) AppleWebKit/536.25 (KHTML, like Gecko) Version/6.0 Safari/536.25"
67.194.23.61 - - [23/Oct/2012:11:48:40 -0400] "GET / HTTP/1.1" 302 3984 "-" "Mozilla/5.0 (Macintosh; Intel Mac OS X 10.8; rv:14.0) Gecko/20100101 Firefox/14.0.1"
67.194.23.61 - - [23/Oct/2012:11:48:41 -0400] "GET /cosign/valid?cosign-www.gradecraft.com=Fr0Htk34HSI9m82vPLdqovXt+5St0W1v5FUP2Zse4-fGIzIiVAMFua5cYk4tCeObAlcAIumj0S-Ene2kbRyQCDNjXA4LLbqIrDvTnlxasXK3hGN+7tnfgwVFsDYI&https://www.gradecraft.com/ HTTP/1.1" 301 868 "-" "Mozilla/5.0 (Macintosh; Intel Mac OS X 10.8; rv:14.0) Gecko/20100101 Firefox/14.0.1"
67.194.23.61 - timshan [23/Oct/2012:11:48:41 -0400] "GET / HTTP/1.1" 302 1348 "-" "Mozilla/5.0 (Macintosh; Intel Mac OS X 10.8; rv:14.0) Gecko/20100101 Firefox/14.0.1"
67.194.23.61 - timshan [23/Oct/2012:11:48:41 -0400] "GET /dashboard HTTP/1.1" 200 5140 "-" "Mozilla/5.0 (Macintosh; Intel Mac OS X 10.8; rv:14.0) Gecko/20100101 Firefox/14.0.1"
67.194.23.61 - timshan [23/Oct/2012:11:48:43 -0400] "GET /assets/application-75efbcdd2e483708b1922621823d8e20.css HTTP/1.1" 304 245 "https://www.gradecraft.com/dashboard" "Mozilla/5.0 (Macintosh; Intel Mac OS X 10.8; rv:14.0) Gecko/20100101 Firefox/14.0.1"
67.194.23.61 - timshan [23/Oct/2012:11:48:43 -0400] "GET /assets/application-8ce02592fd93cf8f056fcba13d4bd5fc.js HTTP/1.1" 304 390 "https://www.gradecraft.com/dashboard" "Mozilla/5.0 (Macintosh; Intel Mac OS X 10.8; rv:14.0) Gecko/20100101 Firefox/14.0.1"
67.194.23.61 - timshan [23/Oct/2012:11:48:44 -0400] "GET /users/predictor.json?user_id=118 HTTP/1.1" 304 869 "https://www.gradecraft.com/dashboard" "Mozilla/5.0 (Macintosh; Intel Mac OS X 10.8; rv:14.0) Gecko/20100101 Firefox/14.0.1"
67.194.23.61 - timshan [23/Oct/2012:11:48:44 -0400] "GET /users/predictor.json?in_progress=true&user_id=118 HTTP/1.1" 304 869 "https://www.gradecraft.com/dashboard" "Mozilla/5.0 (Macintosh; Intel Mac OS X 10.8; rv:14.0) Gecko/20100101 Firefox/14.0.1"
67.194.103.235 - - [23/Oct/2012:11:50:10 -0400] "GET /dashboard HTTP/1.1" 302 3201 "-" "VB Project"
67.194.67.191 - sstapper [23/Oct/2012:11:50:11 -0400] "GET /users/293/user_assignment_type_weights/348/edit?assignment_type_id=8 HTTP/1.1" 200 5773 "https://www.gradecraft.com/users/predictor?user_id=293" "Mozilla/5.0 (Windows NT 6.1; WOW64; rv:15.0) Gecko/20100101 Firefox/15.0.1"
67.194.67.191 - sstapper [23/Oct/2012:11:50:18 -0400] "POST /users/293/user_assignment_type_weights/348 HTTP/1.1" 302 1444 "https://www.gradecraft.com/users/293/user_assignment_type_weights/348/edit?assignment_type_id=8" "Mozilla/5.0 (Windows NT 6.1; WOW64; rv:15.0) Gecko/20100101 Firefox/15.0.1"
67.194.67.191 - sstapper [23/Oct/2012:11:50:19 -0400] "GET /dashboard HTTP/1.1" 200 5156 "https://www.gradecraft.com/users/293/user_assignment_type_weights/348/edit?assignment_type_id=8" "Mozilla/5.0 (Windows NT 6.1; WOW64; rv:15.0) Gecko/20100101 Firefox/15.0.1"
67.194.67.191 - sstapper [23/Oct/2012:11:50:20 -0400] "GET /users/predictor.json?user_id=293 HTTP/1.1" 304 4113 "https://www.gradecraft.com/dashboard" "Mozilla/5.0 (Windows NT 6.1; WOW64; rv:15.0) Gecko/20100101 Firefox/15.0.1"
67.194.67.191 - sstapper [23/Oct/2012:11:50:20 -0400] "GET /users/predictor.json?in_progress=true&user_id=293 HTTP/1.1" 304 869 "https://www.gradecraft.com/dashboard" "Mozilla/5.0 (Windows NT 6.1; WOW64; rv:15.0) Gecko/20100101 Firefox/15.0.1"
67.194.209.253 - barnesbr [23/Oct/2012:11:50:34 -0400] "GET /users/predictor?user_id=162 HTTP/1.1" 200 7990 "https://www.gradecraft.com/dashboard" "Mozilla/5.0 (Macintosh; Intel Mac OS X 10_7_4) AppleWebKit/536.25 (KHTML, like Gecko) Version/6.0 Safari/536.25"
67.194.209.253 - barnesbr [23/Oct/2012:11:50:45 -0400] "GET /dashboard HTTP/1.1" 200 5140 "https://www.gradecraft.com/users/predictor?user_id=162" "Mozilla/5.0 (Macintosh; Intel Mac OS X 10_7_4) AppleWebKit/536.25 (KHTML, like Gecko) Version/6.0 Safari/536.25"
67.194.209.253 - barnesbr [23/Oct/2012:11:50:47 -0400] "GET /users/predictor.json?user_id=162 HTTP/1.1" 304 1007 "https://www.gradecraft.com/dashboard" "Mozilla/5.0 (Macintosh; Intel Mac OS X 10_7_4) AppleWebKit/536.25 (KHTML, like Gecko) Version/6.0 Safari/536.25"
67.194.209.253 - barnesbr [23/Oct/2012:11:50:47 -0400] "GET /users/predictor.json?in_progress=true&user_id=162 HTTP/1.1" 304 869 "https://www.gradecraft.com/dashboard" "Mozilla/5.0 (Macintosh; Intel Mac OS X 10_7_4) AppleWebKit/536.25 (KHTML, like Gecko) Version/6.0 Safari/536.25"
67.194.67.191 - sstapper [23/Oct/2012:11:50:54 -0400] "GET /users/293/user_assignment_type_weights/348/edit?assignment_type_id=8 HTTP/1.1" 200 2885 "https://www.gradecraft.com/dashboard" "Mozilla/5.0 (Windows NT 6.1; WOW64; rv:15.0) Gecko/20100101 Firefox/15.0.1"
67.194.67.191 - sstapper [23/Oct/2012:11:50:57 -0400] "POST /users/293/user_assignment_type_weights/348 HTTP/1.1" 302 1444 "https://www.gradecraft.com/users/293/user_assignment_type_weights/348/edit?assignment_type_id=8" "Mozilla/5.0 (Windows NT 6.1; WOW64; rv:15.0) Gecko/20100101 Firefox/15.0.1"
67.194.67.191 - sstapper [23/Oct/2012:11:50:57 -0400] "GET /dashboard HTTP/1.1" 200 5140 "https://www.gradecraft.com/users/293/user_assignment_type_weights/348/edit?assignment_type_id=8" "Mozilla/5.0 (Windows NT 6.1; WOW64; rv:15.0) Gecko/20100101 Firefox/15.0.1"
67.194.67.191 - sstapper [23/Oct/2012:11:50:59 -0400] "GET /users/predictor.json?user_id=293 HTTP/1.1" 304 1030 "https://www.gradecraft.com/dashboard" "Mozilla/5.0 (Windows NT 6.1; WOW64; rv:15.0) Gecko/20100101 Firefox/15.0.1"
67.194.67.191 - sstapper [23/Oct/2012:11:50:59 -0400] "GET /users/predictor.json?in_progress=true&user_id=293 HTTP/1.1" 304 885 "https://www.gradecraft.com/dashboard" "Mozilla/5.0 (Windows NT 6.1; WOW64; rv:15.0) Gecko/20100101 Firefox/15.0.1"
67.194.67.191 - sstapper [23/Oct/2012:11:51:18 -0400] "GET /badges HTTP/1.1" 200 4069 "https://www.gradecraft.com/dashboard" "Mozilla/5.0 (Windows NT 6.1; WOW64; rv:15.0) Gecko/20100101 Firefox/15.0.1"
64.134.165.95 - - [23/Oct/2012:11:51:37 -0400] "GET /dashboard HTTP/1.1" 302 3254 "-" "Mozilla/5.0 (Macintosh; Intel Mac OS X 10_7_4) AppleWebKit/536.25 (KHTML, like Gecko) Version/6.0 Safari/536.25"
67.194.25.195 - - [23/Oct/2012:11:53:41 -0400] "GET / HTTP/1.1" 302 3984 "-" "Mozilla/5.0 (Macintosh; Intel Mac OS X 10_7_4) AppleWebKit/537.4 (KHTML, like Gecko) Chrome/22.0.1229.94 Safari/537.4"
67.194.25.195 - - [23/Oct/2012:11:53:46 -0400] "GET /cosign/valid?cosign-www.gradecraft.com=T66GFmWGviupUo8Z5H+8Jk0qNEK+mZ19bV495oZInMI8HUOEzpsQZa67TS+8uRqu1aN+r2iuXjcJgJhVqIPIjb3UGBfdfn4qwTH0nbtv2it5SNWgUzw6WMrhC4Fs&https://www.gradecraft.com/ HTTP/1.1" 301 868 "https://weblogin.umich.edu/?cosign-www.gradecraft.com&https://www.gradecraft.com/" "Mozilla/5.0 (Macintosh; Intel Mac OS X 10_7_4) AppleWebKit/537.4 (KHTML, like Gecko) Chrome/22.0.1229.94 Safari/537.4"
67.194.25.195 - jklann [23/Oct/2012:11:53:47 -0400] "GET / HTTP/1.1" 200 5140 "https://weblogin.umich.edu/?cosign-www.gradecraft.com&https://www.gradecraft.com/" "Mozilla/5.0 (Macintosh; Intel Mac OS X 10_7_4) AppleWebKit/537.4 (KHTML, like Gecko) Chrome/22.0.1229.94 Safari/537.4"
67.194.25.195 - jklann [23/Oct/2012:11:53:48 -0400] "GET /assets/application-75efbcdd2e483708b1922621823d8e20.css HTTP/1.1" 200 47181 "https://www.gradecraft.com/" "Mozilla/5.0 (Macintosh; Intel Mac OS X 10_7_4) AppleWebKit/537.4 (KHTML, like Gecko) Chrome/22.0.1229.94 Safari/537.4"
67.194.25.195 - jklann [23/Oct/2012:11:53:48 -0400] "GET /assets/application-8ce02592fd93cf8f056fcba13d4bd5fc.js HTTP/1.1" 200 201945 "https://www.gradecraft.com/" "Mozilla/5.0 (Macintosh; Intel Mac OS X 10_7_4) AppleWebKit/537.4 (KHTML, like Gecko) Chrome/22.0.1229.94 Safari/537.4"
67.194.25.195 - jklann [23/Oct/2012:11:53:48 -0400] "GET /badges/pos101/always_learning.png HTTP/1.1" 200 3211 "https://www.gradecraft.com/" "Mozilla/5.0 (Macintosh; Intel Mac OS X 10_7_4) AppleWebKit/537.4 (KHTML, like Gecko) Chrome/22.0.1229.94 Safari/537.4"
67.194.25.195 - jklann [23/Oct/2012:11:53:48 -0400] "GET /badges/pos101/above_and_beyond.png HTTP/1.1" 200 6379 "https://www.gradecraft.com/" "Mozilla/5.0 (Macintosh; Intel Mac OS X 10_7_4) AppleWebKit/537.4 (KHTML, like Gecko) Chrome/22.0.1229.94 Safari/537.4"
67.194.25.195 - jklann [23/Oct/2012:11:53:48 -0400] "GET /badges/pos101/awesome_aggregator.png HTTP/1.1" 200 5803 "https://www.gradecraft.com/" "Mozilla/5.0 (Macintosh; Intel Mac OS X 10_7_4) AppleWebKit/537.4 (KHTML, like Gecko) Chrome/22.0.1229.94 Safari/537.4"
67.194.25.195 - jklann [23/Oct/2012:11:53:48 -0400] "GET /badges/pos101/presentation_of_self.png HTTP/1.1" 200 5498 "https://www.gradecraft.com/" "Mozilla/5.0 (Macintosh; Intel Mac OS X 10_7_4) AppleWebKit/537.4 (KHTML, like Gecko) Chrome/22.0.1229.94 Safari/537.4"
67.194.25.195 - jklann [23/Oct/2012:11:53:48 -0400] "GET /badges/pos101/great_critic.png HTTP/1.1" 200 5451 "https://www.gradecraft.com/" "Mozilla/5.0 (Macintosh; Intel Mac OS X 10_7_4) AppleWebKit/537.4 (KHTML, like Gecko) Chrome/22.0.1229.94 Safari/537.4"
67.194.25.195 - jklann [23/Oct/2012:11:53:48 -0400] "GET /badges/pos101/teachers_pet.png HTTP/1.1" 200 3194 "https://www.gradecraft.com/" "Mozilla/5.0 (Macintosh; Intel Mac OS X 10_7_4) AppleWebKit/537.4 (KHTML, like Gecko) Chrome/22.0.1229.94 Safari/537.4"
67.194.25.195 - jklann [23/Oct/2012:11:53:48 -0400] "GET /badges/pos101/concentrator.png HTTP/1.1" 200 3594 "https://www.gradecraft.com/" "Mozilla/5.0 (Macintosh; Intel Mac OS X 10_7_4) AppleWebKit/537.4 (KHTML, like Gecko) Chrome/22.0.1229.94 Safari/537.4"
67.194.25.195 - jklann [23/Oct/2012:11:53:48 -0400] "GET /badges/pos101/courageous_failure.png HTTP/1.1" 200 8410 "https://www.gradecraft.com/" "Mozilla/5.0 (Macintosh; Intel Mac OS X 10_7_4) AppleWebKit/537.4 (KHTML, like Gecko) Chrome/22.0.1229.94 Safari/537.4"
