130.91.59.31 - kly@wharton.upenn.edu [31/Oct/2012:10:32:21 -0400] "GET /badges/wharton/image08.png HTTP/1.1" 200 11146 "https://www.gradecraft.com/dashboard" "Mozilla/5.0 (Windows NT 6.1; WOW64) AppleWebKit/537.4 (KHTML, like Gecko) Chrome/22.0.1229.94 Safari/537.4"
130.91.59.31 - kly@wharton.upenn.edu [31/Oct/2012:10:32:22 -0400] "GET /badges/wharton/image09.png HTTP/1.1" 200 11818 "https://www.gradecraft.com/dashboard" "Mozilla/5.0 (Windows NT 6.1; WOW64) AppleWebKit/537.4 (KHTML, like Gecko) Chrome/22.0.1229.94 Safari/537.4"
130.91.59.31 - kly@wharton.upenn.edu [31/Oct/2012:10:32:22 -0400] "GET /badges/wharton/image00.png HTTP/1.1" 200 8362 "https://www.gradecraft.com/dashboard" "Mozilla/5.0 (Windows NT 6.1; WOW64) AppleWebKit/537.4 (KHTML, like Gecko) Chrome/22.0.1229.94 Safari/537.4"
130.91.59.31 - kly@wharton.upenn.edu [31/Oct/2012:10:32:22 -0400] "GET /badges/wharton/Game-Master-Badge.png HTTP/1.1" 200 11946 "https://www.gradecraft.com/dashboard" "Mozilla/5.0 (Windows NT 6.1; WOW64) AppleWebKit/537.4 (KHTML, like Gecko) Chrome/22.0.1229.94 Safari/537.4"
130.91.59.31 - kly@wharton.upenn.edu [31/Oct/2012:10:32:22 -0400] "GET /badges/wharton/Corporate-Lackey-Badge.png HTTP/1.1" 200 9914 "https://www.gradecraft.com/dashboard" "Mozilla/5.0 (Windows NT 6.1; WOW64) AppleWebKit/537.4 (KHTML, like Gecko) Chrome/22.0.1229.94 Safari/537.4"
130.91.59.31 - kly@wharton.upenn.edu [31/Oct/2012:10:32:22 -0400] "GET /badges/wharton/Globe-Trotter-Badge.png HTTP/1.1" 200 10490 "https://www.gradecraft.com/dashboard" "Mozilla/5.0 (Windows NT 6.1; WOW64) AppleWebKit/537.4 (KHTML, like Gecko) Chrome/22.0.1229.94 Safari/537.4"
165.123.86.97 - evanro@wharton.upenn.edu [31/Oct/2012:10:32:22 -0400] "GET /assignments/15/grades/self_log?gradeable_id=22&gradeable_type=User HTTP/1.1" 200 2821 "https://www.gradecraft.com/dashboard" "Mozilla/5.0 (Macintosh; Intel Mac OS X 10_8_2) AppleWebKit/536.26.14 (KHTML, like Gecko) Version/6.0.1 Safari/536.26.14"
165.123.86.97 - evanro@wharton.upenn.edu [31/Oct/2012:10:32:22 -0400] "GET /assets/stylesheets/superhero.min.css HTTP/1.1" 404 1044 "https://www.gradecraft.com/assignments/15/grades/self_log?gradeable_id=22&gradeable_type=User" "Mozilla/5.0 (Macintosh; Intel Mac OS X 10_8_2) AppleWebKit/536.26.14 (KHTML, like Gecko) Version/6.0.1 Safari/536.26.14"
130.91.59.31 - kly@wharton.upenn.edu [31/Oct/2012:10:32:23 -0400] "GET /favicon.ico HTTP/1.1" 200 4650 "-" "Mozilla/5.0 (Windows NT 6.1; WOW64) AppleWebKit/537.4 (KHTML, like Gecko) Chrome/22.0.1229.94 Safari/537.4"
165.123.86.97 - evanro@wharton.upenn.edu [31/Oct/2012:10:32:26 -0400] "POST /assignments/15/grades/self_log_create HTTP/1.1" 302 1652 "https://www.gradecraft.com/assignments/15/grades/self_log?gradeable_id=22&gradeable_type=User" "Mozilla/5.0 (Macintosh; Intel Mac OS X 10_8_2) AppleWebKit/536.26.14 (KHTML, like Gecko) Version/6.0.1 Safari/536.26.14"
165.123.86.30 - - [31/Oct/2012:10:32:26 -0400] "GET /dashboard HTTP/1.1" 302 3984 "-" "Mozilla/5.0 (Windows NT 6.1; WOW64) AppleWebKit/537.4 (KHTML, like Gecko) Chrome/22.0.1229.94 Safari/537.4"
165.123.86.97 - evanro@wharton.upenn.edu [31/Oct/2012:10:32:26 -0400] "GET /dashboard HTTP/1.1" 200 4532 "https://www.gradecraft.com/assignments/15/grades/self_log?gradeable_id=22&gradeable_type=User" "Mozilla/5.0 (Macintosh; Intel Mac OS X 10_8_2) AppleWebKit/536.26.14 (KHTML, like Gecko) Version/6.0.1 Safari/536.26.14"
165.123.86.97 - evanro@wharton.upenn.edu [31/Oct/2012:10:32:27 -0400] "GET /assets/stylesheets/superhero.min.css HTTP/1.1" 404 1205 "https://www.gradecraft.com/dashboard" "Mozilla/5.0 (Macintosh; Intel Mac OS X 10_8_2) AppleWebKit/536.26.14 (KHTML, like Gecko) Version/6.0.1 Safari/536.26.14"
165.123.86.97 - evanro@wharton.upenn.edu [31/Oct/2012:10:32:27 -0400] "GET /users/predictor.json?in_progress=true&user_id=22 HTTP/1.1" 304 885 "https://www.gradecraft.com/dashboard" "Mozilla/5.0 (Macintosh; Intel Mac OS X 10_8_2) AppleWebKit/536.26.14 (KHTML, like Gecko) Version/6.0.1 Safari/536.26.14"
165.123.86.97 - evanro@wharton.upenn.edu [31/Oct/2012:10:32:27 -0400] "GET /users/predictor.json?user_id=22 HTTP/1.1" 304 1030 "https://www.gradecraft.com/dashboard" "Mozilla/5.0 (Macintosh; Intel Mac OS X 10_8_2) AppleWebKit/536.26.14 (KHTML, like Gecko) Version/6.0.1 Safari/536.26.14"
130.91.59.31 - kly@wharton.upenn.edu [31/Oct/2012:10:32:35 -0400] "GET /assignments/15/grades/self_log?gradeable_id=11&gradeable_type=User HTTP/1.1" 200 2676 "https://www.gradecraft.com/dashboard" "Mozilla/5.0 (Windows NT 6.1; WOW64) AppleWebKit/537.4 (KHTML, like Gecko) Chrome/22.0.1229.94 Safari/537.4"
130.91.59.31 - kly@wharton.upenn.edu [31/Oct/2012:10:32:35 -0400] "GET /assets/stylesheets/superhero.min.css HTTP/1.1" 404 1044 "https://www.gradecraft.com/assignments/15/grades/self_log?gradeable_id=11&gradeable_type=User" "Mozilla/5.0 (Windows NT 6.1; WOW64) AppleWebKit/537.4 (KHTML, like Gecko) Chrome/22.0.1229.94 Safari/537.4"
165.123.87.211 - - [31/Oct/2012:10:32:36 -0400] "GET /cosign/valid?cosign-www.gradecraft.com=BCjHmvtoNXi8OrYojJMq5DECCb-0eHtfwxrIaDYGgBWNmIDzYveoQn7NhrxwiNUdYjyGcmLnOXxc93ygMkWBjOBAO8Ju7ef4droYC6beUxNXvyzYTRu+hqReFcxl&https://www.gradecraft.com/dashboard HTTP/1.1" 301 1045 "https://weblogin.umich.edu/cosign-bin/cosign.cgi" "Mozilla/5.0 (iPad; CPU OS 5_1_1 like Mac OS X) AppleWebKit/534.46 (KHTML, like Gecko) Version/5.1 Mobile/9B206 Safari/7534.48.3"
165.123.87.211 - brclark@wharton.upenn.edu [31/Oct/2012:10:32:36 -0400] "GET /dashboard HTTP/1.1" 302 1364 "https://weblogin.umich.edu/cosign-bin/cosign.cgi" "Mozilla/5.0 (iPad; CPU OS 5_1_1 like Mac OS X) AppleWebKit/534.46 (KHTML, like Gecko) Version/5.1 Mobile/9B206 Safari/7534.48.3"
165.123.86.30 - - [31/Oct/2012:10:32:37 -0400] "GET /cosign/valid?cosign-www.gradecraft.com=JSBDAJvt+VHpNGQYSgme0X0LPE+hgIVn1T06TGvlJyqCaIYZ8SQ4masCa2zx0npWmCy2pKQAEBYTlAeBpEWzf0GliybvUA3nj6FM1wQtQ0rdf7dPWMvkF1Ltl5Co&https://www.gradecraft.com/dashboard HTTP/1.1" 301 900 "https://weblogin.umich.edu/?cosign-www.gradecraft.com&https://www.gradecraft.com/dashboard" "Mozilla/5.0 (Windows NT 6.1; WOW64) AppleWebKit/537.4 (KHTML, like Gecko) Chrome/22.0.1229.94 Safari/537.4"
165.123.86.30 - barbora@wharton.upenn.edu [31/Oct/2012:10:32:37 -0400] "GET /dashboard HTTP/1.1" 200 4356 "https://weblogin.umich.edu/?cosign-www.gradecraft.com&https://www.gradecraft.com/dashboard" "Mozilla/5.0 (Windows NT 6.1; WOW64) AppleWebKit/537.4 (KHTML, like Gecko) Chrome/22.0.1229.94 Safari/537.4"
165.123.87.211 - brclark@wharton.upenn.edu [31/Oct/2012:10:32:37 -0400] "GET /dashboard HTTP/1.1" 200 4372 "https://weblogin.umich.edu/cosign-bin/cosign.cgi" "Mozilla/5.0 (iPad; CPU OS 5_1_1 like Mac OS X) AppleWebKit/534.46 (KHTML, like Gecko) Version/5.1 Mobile/9B206 Safari/7534.48.3"
165.123.86.30 - barbora@wharton.upenn.edu [31/Oct/2012:10:32:38 -0400] "GET /assets/stylesheets/superhero.min.css HTTP/1.1" 404 4288 "https://www.gradecraft.com/dashboard" "Mozilla/5.0 (Windows NT 6.1; WOW64) AppleWebKit/537.4 (KHTML, like Gecko) Chrome/22.0.1229.94 Safari/537.4"
165.123.87.211 - brclark@wharton.upenn.edu [31/Oct/2012:10:32:38 -0400] "GET /assets/application-a3ae5c543e1d181d1d7cb923cba7352c.css HTTP/1.1" 200 47949 "https://www.gradecraft.com/dashboard" "Mozilla/5.0 (iPad; CPU OS 5_1_1 like Mac OS X) AppleWebKit/534.46 (KHTML, like Gecko) Version/5.1 Mobile/9B206 Safari/7534.48.3"
165.123.87.211 - brclark@wharton.upenn.edu [31/Oct/2012:10:32:38 -0400] "GET /assets/stylesheets/superhero.min.css HTTP/1.1" 404 1205 "https://www.gradecraft.com/dashboard" "Mozilla/5.0 (iPad; CPU OS 5_1_1 like Mac OS X) AppleWebKit/534.46 (KHTML, like Gecko) Version/5.1 Mobile/9B206 Safari/7534.48.3"
165.123.86.30 - barbora@wharton.upenn.edu [31/Oct/2012:10:32:38 -0400] "GET /assets/application-4019f0e2cdfabad442b22c5ea2d0cede.js HTTP/1.1" 200 211849 "https://www.gradecraft.com/dashboard" "Mozilla/5.0 (Windows NT 6.1; WOW64) AppleWebKit/537.4 (KHTML, like Gecko) Chrome/22.0.1229.94 Safari/537.4"
165.123.87.211 - brclark@wharton.upenn.edu [31/Oct/2012:10:32:38 -0400] "GET /assets/application-4019f0e2cdfabad442b22c5ea2d0cede.js HTTP/1.1" 200 208621 "https://www.gradecraft.com/dashboard" "Mozilla/5.0 (iPad; CPU OS 5_1_1 like Mac OS X) AppleWebKit/534.46 (KHTML, like Gecko) Version/5.1 Mobile/9B206 Safari/7534.48.3"
165.123.86.30 - barbora@wharton.upenn.edu [31/Oct/2012:10:32:38 -0400] "GET /assets/application-a3ae5c543e1d181d1d7cb923cba7352c.css HTTP/1.1" 200 47949 "https://www.gradecraft.com/dashboard" "Mozilla/5.0 (Windows NT 6.1; WOW64) AppleWebKit/537.4 (KHTML, like Gecko) Chrome/22.0.1229.94 Safari/537.4"
130.91.59.31 - kly@wharton.upenn.edu [31/Oct/2012:10:32:39 -0400] "POST /assignments/15/grades/self_log_create HTTP/1.1" 302 1652 "https://www.gradecraft.com/assignments/15/grades/self_log?gradeable_id=11&gradeable_type=User" "Mozilla/5.0 (Windows NT 6.1; WOW64) AppleWebKit/537.4 (KHTML, like Gecko) Chrome/22.0.1229.94 Safari/537.4"
165.123.87.211 - brclark@wharton.upenn.edu [31/Oct/2012:10:32:39 -0400] "GET /badges/wharton/image01.png HTTP/1.1" 200 6842 "https://www.gradecraft.com/dashboard" "Mozilla/5.0 (iPad; CPU OS 5_1_1 like Mac OS X) AppleWebKit/534.46 (KHTML, like Gecko) Version/5.1 Mobile/9B206 Safari/7534.48.3"
165.123.87.211 - brclark@wharton.upenn.edu [31/Oct/2012:10:32:39 -0400] "GET /badges/wharton/image02.png HTTP/1.1" 200 9754 "https://www.gradecraft.com/dashboard" "Mozilla/5.0 (iPad; CPU OS 5_1_1 like Mac OS X) AppleWebKit/534.46 (KHTML, like Gecko) Version/5.1 Mobile/9B206 Safari/7534.48.3"
165.123.87.211 - brclark@wharton.upenn.edu [31/Oct/2012:10:32:39 -0400] "GET /badges/wharton/image07.png HTTP/1.1" 200 7946 "https://www.gradecraft.com/dashboard" "Mozilla/5.0 (iPad; CPU OS 5_1_1 like Mac OS X) AppleWebKit/534.46 (KHTML, like Gecko) Version/5.1 Mobile/9B206 Safari/7534.48.3"
165.123.87.211 - brclark@wharton.upenn.edu [31/Oct/2012:10:32:39 -0400] "GET /badges/wharton/image08.png HTTP/1.1" 200 11146 "https://www.gradecraft.com/dashboard" "Mozilla/5.0 (iPad; CPU OS 5_1_1 like Mac OS X) AppleWebKit/534.46 (KHTML, like Gecko) Version/5.1 Mobile/9B206 Safari/7534.48.3"
165.123.87.211 - brclark@wharton.upenn.edu [31/Oct/2012:10:32:39 -0400] "GET /badges/wharton/image09.png HTTP/1.1" 200 11818 "https://www.gradecraft.com/dashboard" "Mozilla/5.0 (iPad; CPU OS 5_1_1 like Mac OS X) AppleWebKit/534.46 (KHTML, like Gecko) Version/5.1 Mobile/9B206 Safari/7534.48.3"
165.123.87.136 - ghalia@wharton.upenn.edu [31/Oct/2012:10:32:39 -0400] "GET /assignments/15/grades/self_log?gradeable_id=26&gradeable_type=User HTTP/1.1" 304 1078 "https://www.gradecraft.com/dashboard" "Mozilla/5.0 (iPhone; CPU iPhone OS 6_0 like Mac OS X) AppleWebKit/536.26 (KHTML, like Gecko) Version/6.0 Mobile/10A403 Safari/8536.25"
165.123.87.211 - brclark@wharton.upenn.edu [31/Oct/2012:10:32:39 -0400] "GET /badges/wharton/Game-Master-Badge.png HTTP/1.1" 200 11946 "https://www.gradecraft.com/dashboard" "Mozilla/5.0 (iPad; CPU OS 5_1_1 like Mac OS X) AppleWebKit/534.46 (KHTML, like Gecko) Version/5.1 Mobile/9B206 Safari/7534.48.3"
165.123.87.211 - brclark@wharton.upenn.edu [31/Oct/2012:10:32:39 -0400] "GET /badges/wharton/Corporate-Lackey-Badge.png HTTP/1.1" 200 9914 "https://www.gradecraft.com/dashboard" "Mozilla/5.0 (iPad; CPU OS 5_1_1 like Mac OS X) AppleWebKit/534.46 (KHTML, like Gecko) Version/5.1 Mobile/9B206 Safari/7534.48.3"
165.123.87.211 - brclark@wharton.upenn.edu [31/Oct/2012:10:32:39 -0400] "GET /badges/wharton/image06.png HTTP/1.1" 200 8187 "https://www.gradecraft.com/dashboard" "Mozilla/5.0 (iPad; CPU OS 5_1_1 like Mac OS X) AppleWebKit/534.46 (KHTML, like Gecko) Version/5.1 Mobile/9B206 Safari/7534.48.3"
165.123.87.211 - brclark@wharton.upenn.edu [31/Oct/2012:10:32:39 -0400] "GET /badges/wharton/image04.png HTTP/1.1" 200 7835 "https://www.gradecraft.com/dashboard" "Mozilla/5.0 (iPad; CPU OS 5_1_1 like Mac OS X) AppleWebKit/534.46 (KHTML, like Gecko) Version/5.1 Mobile/9B206 Safari/7534.48.3"
165.123.87.211 - brclark@wharton.upenn.edu [31/Oct/2012:10:32:39 -0400] "GET /badges/wharton/image03.png HTTP/1.1" 200 10843 "https://www.gradecraft.com/dashboard" "Mozilla/5.0 (iPad; CPU OS 5_1_1 like Mac OS X) AppleWebKit/534.46 (KHTML, like Gecko) Version/5.1 Mobile/9B206 Safari/7534.48.3"
165.123.87.211 - brclark@wharton.upenn.edu [31/Oct/2012:10:32:39 -0400] "GET /badges/wharton/image00.png HTTP/1.1" 200 8362 "https://www.gradecraft.com/dashboard" "Mozilla/5.0 (iPad; CPU OS 5_1_1 like Mac OS X) AppleWebKit/534.46 (KHTML, like Gecko) Version/5.1 Mobile/9B206 Safari/7534.48.3"
165.123.87.211 - brclark@wharton.upenn.edu [31/Oct/2012:10:32:39 -0400] "GET /badges/wharton/image05.png HTTP/1.1" 200 8011 "https://www.gradecraft.com/dashboard" "Mozilla/5.0 (iPad; CPU OS 5_1_1 like Mac OS X) AppleWebKit/534.46 (KHTML, like Gecko) Version/5.1 Mobile/9B206 Safari/7534.48.3"
165.123.86.30 - barbora@wharton.upenn.edu [31/Oct/2012:10:32:39 -0400] "GET /badges/wharton/image01.png HTTP/1.1" 200 6842 "https://www.gradecraft.com/dashboard" "Mozilla/5.0 (Windows NT 6.1; WOW64) AppleWebKit/537.4 (KHTML, like Gecko) Chrome/22.0.1229.94 Safari/537.4"
165.123.86.30 - barbora@wharton.upenn.edu [31/Oct/2012:10:32:39 -0400] "GET /badges/wharton/image02.png HTTP/1.1" 200 12982 "https://www.gradecraft.com/dashboard" "Mozilla/5.0 (Windows NT 6.1; WOW64) AppleWebKit/537.4 (KHTML, like Gecko) Chrome/22.0.1229.94 Safari/537.4"
165.123.86.30 - barbora@wharton.upenn.edu [31/Oct/2012:10:32:39 -0400] "GET /badges/wharton/image03.png HTTP/1.1" 200 13926 "https://www.gradecraft.com/dashboard" "Mozilla/5.0 (Windows NT 6.1; WOW64) AppleWebKit/537.4 (KHTML, like Gecko) Chrome/22.0.1229.94 Safari/537.4"
165.123.87.211 - brclark@wharton.upenn.edu [31/Oct/2012:10:32:39 -0400] "GET /badges/wharton/Globe-Trotter-Badge.png HTTP/1.1" 200 10490 "https://www.gradecraft.com/dashboard" "Mozilla/5.0 (iPad; CPU OS 5_1_1 like Mac OS X) AppleWebKit/534.46 (KHTML, like Gecko) Version/5.1 Mobile/9B206 Safari/7534.48.3"
165.123.86.30 - barbora@wharton.upenn.edu [31/Oct/2012:10:32:39 -0400] "GET /badges/wharton/image04.png HTTP/1.1" 200 7690 "https://www.gradecraft.com/dashboard" "Mozilla/5.0 (Windows NT 6.1; WOW64) AppleWebKit/537.4 (KHTML, like Gecko) Chrome/22.0.1229.94 Safari/537.4"
165.123.86.30 - barbora@wharton.upenn.edu [31/Oct/2012:10:32:39 -0400] "GET /badges/wharton/image05.png HTTP/1.1" 200 8011 "https://www.gradecraft.com/dashboard" "Mozilla/5.0 (Windows NT 6.1; WOW64) AppleWebKit/537.4 (KHTML, like Gecko) Chrome/22.0.1229.94 Safari/537.4"
165.123.86.30 - barbora@wharton.upenn.edu [31/Oct/2012:10:32:39 -0400] "GET /badges/wharton/image06.png HTTP/1.1" 200 8042 "https://www.gradecraft.com/dashboard" "Mozilla/5.0 (Windows NT 6.1; WOW64) AppleWebKit/537.4 (KHTML, like Gecko) Chrome/22.0.1229.94 Safari/537.4"
165.123.86.30 - barbora@wharton.upenn.edu [31/Oct/2012:10:32:39 -0400] "GET /badges/wharton/image07.png HTTP/1.1" 200 7946 "https://www.gradecraft.com/dashboard" "Mozilla/5.0 (Windows NT 6.1; WOW64) AppleWebKit/537.4 (KHTML, like Gecko) Chrome/22.0.1229.94 Safari/537.4"
165.123.86.30 - barbora@wharton.upenn.edu [31/Oct/2012:10:32:39 -0400] "GET /badges/wharton/image08.png HTTP/1.1" 200 11146 "https://www.gradecraft.com/dashboard" "Mozilla/5.0 (Windows NT 6.1; WOW64) AppleWebKit/537.4 (KHTML, like Gecko) Chrome/22.0.1229.94 Safari/537.4"
130.91.59.31 - kly@wharton.upenn.edu [31/Oct/2012:10:32:39 -0400] "GET /dashboard HTTP/1.1" 200 4548 "https://www.gradecraft.com/assignments/15/grades/self_log?gradeable_id=11&gradeable_type=User" "Mozilla/5.0 (Windows NT 6.1; WOW64) AppleWebKit/537.4 (KHTML, like Gecko) Chrome/22.0.1229.94 Safari/537.4"
165.123.86.30 - barbora@wharton.upenn.edu [31/Oct/2012:10:32:39 -0400] "GET /users/predictor.json?user_id=20 HTTP/1.1" 200 1706 "https://www.gradecraft.com/dashboard" "Mozilla/5.0 (Windows NT 6.1; WOW64) AppleWebKit/537.4 (KHTML, like Gecko) Chrome/22.0.1229.94 Safari/537.4"
165.123.86.30 - barbora@wharton.upenn.edu [31/Oct/2012:10:32:39 -0400] "GET /users/predictor.json?in_progress=true&user_id=20 HTTP/1.1" 200 1706 "https://www.gradecraft.com/dashboard" "Mozilla/5.0 (Windows NT 6.1; WOW64) AppleWebKit/537.4 (KHTML, like Gecko) Chrome/22.0.1229.94 Safari/537.4"
130.91.59.31 - kly@wharton.upenn.edu [31/Oct/2012:10:32:40 -0400] "GET /assets/stylesheets/superhero.min.css HTTP/1.1" 404 1044 "https://www.gradecraft.com/dashboard" "Mozilla/5.0 (Windows NT 6.1; WOW64) AppleWebKit/537.4 (KHTML, like Gecko) Chrome/22.0.1229.94 Safari/537.4"
165.123.86.228 - paynej@wharton.upenn.edu [31/Oct/2012:10:32:40 -0400] "GET /dashboard HTTP/1.1" 200 7373 "-" "Mozilla/5.0 (Macintosh; Intel Mac OS X 10_6_8) AppleWebKit/537.4 (KHTML, like Gecko) Chrome/22.0.1229.94 Safari/537.4"
165.123.87.136 - ghalia@wharton.upenn.edu [31/Oct/2012:10:32:40 -0400] "GET /dashboard HTTP/1.1" 200 4292 "https://weblogin.umich.edu/?cosign-www.gradecraft.com&https://www.gradecraft.com/dashboard" "Mozilla/5.0 (iPhone; CPU iPhone OS 6_0 like Mac OS X) AppleWebKit/536.26 (KHTML, like Gecko) Version/6.0 Mobile/10A403 Safari/8536.25"
130.91.59.31 - kly@wharton.upenn.edu [31/Oct/2012:10:32:40 -0400] "GET /users/predictor.json?in_progress=true&user_id=11 HTTP/1.1" 304 885 "https://www.gradecraft.com/dashboard" "Mozilla/5.0 (Windows NT 6.1; WOW64) AppleWebKit/537.4 (KHTML, like Gecko) Chrome/22.0.1229.94 Safari/537.4"
130.91.59.31 - kly@wharton.upenn.edu [31/Oct/2012:10:32:40 -0400] "GET /users/predictor.json?user_id=11 HTTP/1.1" 304 885 "https://www.gradecraft.com/dashboard" "Mozilla/5.0 (Windows NT 6.1; WOW64) AppleWebKit/537.4 (KHTML, like Gecko) Chrome/22.0.1229.94 Safari/537.4"
165.123.86.228 - paynej@wharton.upenn.edu [31/Oct/2012:10:32:41 -0400] "GET /assets/stylesheets/superhero.min.css HTTP/1.1" 404 1044 "https://www.gradecraft.com/dashboard" "Mozilla/5.0 (Macintosh; Intel Mac OS X 10_6_8) AppleWebKit/537.4 (KHTML, like Gecko) Chrome/22.0.1229.94 Safari/537.4"
165.123.86.228 - paynej@wharton.upenn.edu [31/Oct/2012:10:32:41 -0400] "GET /users/predictor.json?user_id=17 HTTP/1.1" 304 3902 "https://www.gradecraft.com/dashboard" "Mozilla/5.0 (Macintosh; Intel Mac OS X 10_6_8) AppleWebKit/537.4 (KHTML, like Gecko) Chrome/22.0.1229.94 Safari/537.4"
165.123.86.228 - paynej@wharton.upenn.edu [31/Oct/2012:10:32:41 -0400] "GET /users/predictor.json?in_progress=true&user_id=17 HTTP/1.1" 304 3902 "https://www.gradecraft.com/dashboard" "Mozilla/5.0 (Macintosh; Intel Mac OS X 10_6_8) AppleWebKit/537.4 (KHTML, like Gecko) Chrome/22.0.1229.94 Safari/537.4"
165.123.87.211 - brclark@wharton.upenn.edu [31/Oct/2012:10:32:41 -0400] "GET /users/predictor.json?in_progress=true&user_id=49 HTTP/1.1" 200 1690 "https://www.gradecraft.com/dashboard" "Mozilla/5.0 (iPad; CPU OS 5_1_1 like Mac OS X) AppleWebKit/534.46 (KHTML, like Gecko) Version/5.1 Mobile/9B206 Safari/7534.48.3"
165.123.87.211 - brclark@wharton.upenn.edu [31/Oct/2012:10:32:41 -0400] "GET /users/predictor.json?user_id=49 HTTP/1.1" 200 1674 "https://www.gradecraft.com/dashboard" "Mozilla/5.0 (iPad; CPU OS 5_1_1 like Mac OS X) AppleWebKit/534.46 (KHTML, like Gecko) Version/5.1 Mobile/9B206 Safari/7534.48.3"
165.123.87.136 - - [31/Oct/2012:10:32:42 -0400] "GET /cosign/valid?cosign-www.gradecraft.com=SIdeYfwpOD9tciuVRAJ8dSLN2Bup6aEG0+FcEOMeOlRidRNhKxI7sBOGQ53fWy9Iy8dkq6-WP5I88tcV+quwUw1h87sK4SytMiz5X9qii5mhu9bAGdcpRXdDjp0m&https://www.gradecraft.com/dashboard HTTP/1.1" 301 900 "https://wharton.instructure.com/courses/755358" "Mozilla/5.0 (iPhone; CPU iPhone OS 6_0 like Mac OS X) AppleWebKit/536.26 (KHTML, like Gecko) Version/6.0 Mobile/10A403 Safari/8536.25"
165.123.87.136 - ghalia@wharton.upenn.edu [31/Oct/2012:10:32:42 -0400] "GET /dashboard HTTP/1.1" 304 933 "https://wharton.instructure.com/courses/755358" "Mozilla/5.0 (iPhone; CPU iPhone OS 6_0 like Mac OS X) AppleWebKit/536.26 (KHTML, like Gecko) Version/6.0 Mobile/10A403 Safari/8536.25"
165.123.86.30 - barbora@wharton.upenn.edu [31/Oct/2012:10:32:43 -0400] "GET /badges/wharton/image09.png HTTP/1.1" 200 11818 "https://www.gradecraft.com/dashboard" "Mozilla/5.0 (Windows NT 6.1; WOW64) AppleWebKit/537.4 (KHTML, like Gecko) Chrome/22.0.1229.94 Safari/537.4"
165.123.86.30 - barbora@wharton.upenn.edu [31/Oct/2012:10:32:43 -0400] "GET /badges/wharton/image00.png HTTP/1.1" 200 8362 "https://www.gradecraft.com/dashboard" "Mozilla/5.0 (Windows NT 6.1; WOW64) AppleWebKit/537.4 (KHTML, like Gecko) Chrome/22.0.1229.94 Safari/537.4"
165.123.86.30 - barbora@wharton.upenn.edu [31/Oct/2012:10:32:43 -0400] "GET /badges/wharton/Game-Master-Badge.png HTTP/1.1" 200 11946 "https://www.gradecraft.com/dashboard" "Mozilla/5.0 (Windows NT 6.1; WOW64) AppleWebKit/537.4 (KHTML, like Gecko) Chrome/22.0.1229.94 Safari/537.4"
165.123.86.30 - barbora@wharton.upenn.edu [31/Oct/2012:10:32:43 -0400] "GET /badges/wharton/Corporate-Lackey-Badge.png HTTP/1.1" 200 9914 "https://www.gradecraft.com/dashboard" "Mozilla/5.0 (Windows NT 6.1; WOW64) AppleWebKit/537.4 (KHTML, like Gecko) Chrome/22.0.1229.94 Safari/537.4"
165.123.86.30 - barbora@wharton.upenn.edu [31/Oct/2012:10:32:43 -0400] "GET /badges/wharton/Globe-Trotter-Badge.png HTTP/1.1" 200 10490 "https://www.gradecraft.com/dashboard" "Mozilla/5.0 (Windows NT 6.1; WOW64) AppleWebKit/537.4 (KHTML, like Gecko) Chrome/22.0.1229.94 Safari/537.4"
165.123.86.228 - paynej@wharton.upenn.edu [31/Oct/2012:10:32:46 -0400] "GET /assignments/15/grades/self_log?gradeable_id=17&gradeable_type=User HTTP/1.1" 200 2660 "https://www.gradecraft.com/dashboard" "Mozilla/5.0 (Macintosh; Intel Mac OS X 10_6_8) AppleWebKit/537.4 (KHTML, like Gecko) Chrome/22.0.1229.94 Safari/537.4"
165.123.86.228 - paynej@wharton.upenn.edu [31/Oct/2012:10:32:47 -0400] "GET /assets/stylesheets/superhero.min.css HTTP/1.1" 404 1044 "https://www.gradecraft.com/assignments/15/grades/self_log?gradeable_id=17&gradeable_type=User" "Mozilla/5.0 (Macintosh; Intel Mac OS X 10_6_8) AppleWebKit/537.4 (KHTML, like Gecko) Chrome/22.0.1229.94 Safari/537.4"
165.123.86.185 - - [31/Oct/2012:10:32:51 -0400] "GET / HTTP/1.1" 302 3984 "-" "Mozilla/5.0 (Windows NT 6.1; WOW64) AppleWebKit/537.4 (KHTML, like Gecko) Chrome/22.0.1229.94 Safari/537.4"
165.123.86.228 - paynej@wharton.upenn.edu [31/Oct/2012:10:32:51 -0400] "POST /assignments/15/grades/self_log_create HTTP/1.1" 302 1636 "https://www.gradecraft.com/assignments/15/grades/self_log?gradeable_id=17&gradeable_type=User" "Mozilla/5.0 (Macintosh; Intel Mac OS X 10_6_8) AppleWebKit/537.4 (KHTML, like Gecko) Chrome/22.0.1229.94 Safari/537.4"
165.123.87.211 - brclark@wharton.upenn.edu [31/Oct/2012:10:32:51 -0400] "GET /assignments/15/grades/self_log?gradeable_id=49&gradeable_type=User HTTP/1.1" 200 2676 "https://www.gradecraft.com/dashboard" "Mozilla/5.0 (iPad; CPU OS 5_1_1 like Mac OS X) AppleWebKit/534.46 (KHTML, like Gecko) Version/5.1 Mobile/9B206 Safari/7534.48.3"
165.123.87.211 - brclark@wharton.upenn.edu [31/Oct/2012:10:32:52 -0400] "GET /assets/stylesheets/superhero.min.css HTTP/1.1" 404 1044 "https://www.gradecraft.com/assignments/15/grades/self_log?gradeable_id=49&gradeable_type=User" "Mozilla/5.0 (iPad; CPU OS 5_1_1 like Mac OS X) AppleWebKit/534.46 (KHTML, like Gecko) Version/5.1 Mobile/9B206 Safari/7534.48.3"
165.123.86.228 - paynej@wharton.upenn.edu [31/Oct/2012:10:32:52 -0400] "GET /dashboard HTTP/1.1" 200 4516 "https://www.gradecraft.com/assignments/15/grades/self_log?gradeable_id=17&gradeable_type=User" "Mozilla/5.0 (Macintosh; Intel Mac OS X 10_6_8) AppleWebKit/537.4 (KHTML, like Gecko) Chrome/22.0.1229.94 Safari/537.4"
165.123.86.228 - paynej@wharton.upenn.edu [31/Oct/2012:10:32:53 -0400] "GET /assets/stylesheets/superhero.min.css HTTP/1.1" 404 1044 "https://www.gradecraft.com/dashboard" "Mozilla/5.0 (Macintosh; Intel Mac OS X 10_6_8) AppleWebKit/537.4 (KHTML, like Gecko) Chrome/22.0.1229.94 Safari/537.4"
165.123.86.228 - paynej@wharton.upenn.edu [31/Oct/2012:10:32:53 -0400] "GET /users/predictor.json?in_progress=true&user_id=17 HTTP/1.1" 304 869 "https://www.gradecraft.com/dashboard" "Mozilla/5.0 (Macintosh; Intel Mac OS X 10_6_8) AppleWebKit/537.4 (KHTML, like Gecko) Chrome/22.0.1229.94 Safari/537.4"
165.123.86.228 - paynej@wharton.upenn.edu [31/Oct/2012:10:32:53 -0400] "GET /users/predictor.json?user_id=17 HTTP/1.1" 304 869 "https://www.gradecraft.com/dashboard" "Mozilla/5.0 (Macintosh; Intel Mac OS X 10_6_8) AppleWebKit/537.4 (KHTML, like Gecko) Chrome/22.0.1229.94 Safari/537.4"
130.91.56.35 - - [31/Oct/2012:10:32:55 -0400] "GET /dashboard HTTP/1.1" 302 3984 "https://wharton.instructure.com/courses/755358" "Mozilla/5.0 (Windows NT 6.1; WOW64) AppleWebKit/537.4 (KHTML, like Gecko) Chrome/22.0.1229.94 Safari/537.4"
165.123.87.211 - brclark@wharton.upenn.edu [31/Oct/2012:10:32:57 -0400] "POST /assignments/15/grades/self_log_create HTTP/1.1" 302 1652 "https://www.gradecraft.com/assignments/15/grades/self_log?gradeable_id=49&gradeable_type=User" "Mozilla/5.0 (iPad; CPU OS 5_1_1 like Mac OS X) AppleWebKit/534.46 (KHTML, like Gecko) Version/5.1 Mobile/9B206 Safari/7534.48.3"
165.123.87.211 - brclark@wharton.upenn.edu [31/Oct/2012:10:32:57 -0400] "GET /dashboard HTTP/1.1" 200 4548 "https://www.gradecraft.com/assignments/15/grades/self_log?gradeable_id=49&gradeable_type=User" "Mozilla/5.0 (iPad; CPU OS 5_1_1 like Mac OS X) AppleWebKit/534.46 (KHTML, like Gecko) Version/5.1 Mobile/9B206 Safari/7534.48.3"
165.123.87.211 - brclark@wharton.upenn.edu [31/Oct/2012:10:32:58 -0400] "GET /assets/stylesheets/superhero.min.css HTTP/1.1" 404 1044 "https://www.gradecraft.com/dashboard" "Mozilla/5.0 (iPad; CPU OS 5_1_1 like Mac OS X) AppleWebKit/534.46 (KHTML, like Gecko) Version/5.1 Mobile/9B206 Safari/7534.48.3"
165.123.87.211 - brclark@wharton.upenn.edu [31/Oct/2012:10:32:58 -0400] "GET /users/predictor.json?in_progress=true&user_id=49 HTTP/1.1" 200 1690 "https://www.gradecraft.com/dashboard" "Mozilla/5.0 (iPad; CPU OS 5_1_1 like Mac OS X) AppleWebKit/534.46 (KHTML, like Gecko) Version/5.1 Mobile/9B206 Safari/7534.48.3"
165.123.87.211 - brclark@wharton.upenn.edu [31/Oct/2012:10:32:59 -0400] "GET /users/predictor.json?user_id=49 HTTP/1.1" 200 1835 "https://www.gradecraft.com/dashboard" "Mozilla/5.0 (iPad; CPU OS 5_1_1 like Mac OS X) AppleWebKit/534.46 (KHTML, like Gecko) Version/5.1 Mobile/9B206 Safari/7534.48.3"
165.123.86.185 - - [31/Oct/2012:10:33:00 -0400] "GET /cosign/valid?cosign-www.gradecraft.com=U4C5f+Yal9M0mm1d0Km3uzETNpJAMUkjut3rAYNrSBzCKXn-0fUztAl5ryGeIFcOzaHYd+lm5dFhpNeeoZhs84Qe7mXmItvJi9e9J7BGjjYoddsmMOY3RcX9I7Uj&https://www.gradecraft.com/ HTTP/1.1" 301 868 "https://weblogin.umich.edu/?cosign-www.gradecraft.com&https://www.gradecraft.com/" "Mozilla/5.0 (Windows NT 6.1; WOW64) AppleWebKit/537.4 (KHTML, like Gecko) Chrome/22.0.1229.94 Safari/537.4"
165.123.86.185 - wadse@wharton.upenn.edu [31/Oct/2012:10:33:00 -0400] "GET / HTTP/1.1" 302 1348 "https://weblogin.umich.edu/?cosign-www.gradecraft.com&https://www.gradecraft.com/" "Mozilla/5.0 (Windows NT 6.1; WOW64) AppleWebKit/537.4 (KHTML, like Gecko) Chrome/22.0.1229.94 Safari/537.4"
165.123.86.185 - wadse@wharton.upenn.edu [31/Oct/2012:10:33:01 -0400] "GET /dashboard HTTP/1.1" 200 4340 "https://weblogin.umich.edu/?cosign-www.gradecraft.com&https://www.gradecraft.com/" "Mozilla/5.0 (Windows NT 6.1; WOW64) AppleWebKit/537.4 (KHTML, like Gecko) Chrome/22.0.1229.94 Safari/537.4"
165.123.86.185 - wadse@wharton.upenn.edu [31/Oct/2012:10:33:02 -0400] "GET /assets/stylesheets/superhero.min.css HTTP/1.1" 404 4288 "https://www.gradecraft.com/dashboard" "Mozilla/5.0 (Windows NT 6.1; WOW64) AppleWebKit/537.4 (KHTML, like Gecko) Chrome/22.0.1229.94 Safari/537.4"
165.123.86.185 - wadse@wharton.upenn.edu [31/Oct/2012:10:33:02 -0400] "GET /assets/application-a3ae5c543e1d181d1d7cb923cba7352c.css HTTP/1.1" 200 47949 "https://www.gradecraft.com/dashboard" "Mozilla/5.0 (Windows NT 6.1; WOW64) AppleWebKit/537.4 (KHTML, like Gecko) Chrome/22.0.1229.94 Safari/537.4"
130.91.56.35 - - [31/Oct/2012:10:33:05 -0400] "GET /cosign/valid?cosign-www.gradecraft.com=NkMGpOwX50rAk85jFfdR3bOuZPa8wfAYyLe1KeGJ2-RYORofUSleWVzPPVIrlxlhOGr91Bc-PmiZYkd46hJ-VAF0qZoZI5UqUdEvvShApzkhOfwGknuOvGlL0pQb&https://www.gradecraft.com/dashboard HTTP/1.1" 301 900 "https://weblogin.umich.edu/?cosign-www.gradecraft.com&https://www.gradecraft.com/dashboard" "Mozilla/5.0 (Windows NT 6.1; WOW64) AppleWebKit/537.4 (KHTML, like Gecko) Chrome/22.0.1229.94 Safari/537.4"
130.91.56.35 - nbocc@wharton.upenn.edu [31/Oct/2012:10:33:05 -0400] "GET /dashboard HTTP/1.1" 200 4340 "https://weblogin.umich.edu/?cosign-www.gradecraft.com&https://www.gradecraft.com/dashboard" "Mozilla/5.0 (Windows NT 6.1; WOW64) AppleWebKit/537.4 (KHTML, like Gecko) Chrome/22.0.1229.94 Safari/537.4"
130.91.56.35 - nbocc@wharton.upenn.edu [31/Oct/2012:10:33:06 -0400] "GET /assets/application-a3ae5c543e1d181d1d7cb923cba7352c.css HTTP/1.1" 304 245 "https://www.gradecraft.com/dashboard" "Mozilla/5.0 (Windows NT 6.1; WOW64) AppleWebKit/537.4 (KHTML, like Gecko) Chrome/22.0.1229.94 Safari/537.4"
130.91.56.35 - nbocc@wharton.upenn.edu [31/Oct/2012:10:33:06 -0400] "GET /assets/application-4019f0e2cdfabad442b22c5ea2d0cede.js HTTP/1.1" 304 390 "https://www.gradecraft.com/dashboard" "Mozilla/5.0 (Windows NT 6.1; WOW64) AppleWebKit/537.4 (KHTML, like Gecko) Chrome/22.0.1229.94 Safari/537.4"
130.91.56.35 - nbocc@wharton.upenn.edu [31/Oct/2012:10:33:06 -0400] "GET /assets/stylesheets/superhero.min.css HTTP/1.1" 404 1044 "https://www.gradecraft.com/dashboard" "Mozilla/5.0 (Windows NT 6.1; WOW64) AppleWebKit/537.4 (KHTML, like Gecko) Chrome/22.0.1229.94 Safari/537.4"
165.123.86.185 - wadse@wharton.upenn.edu [31/Oct/2012:10:33:02 -0400] "GET /assets/application-4019f0e2cdfabad442b22c5ea2d0cede.js HTTP/1.1" 200 211849 "https://www.gradecraft.com/dashboard" "Mozilla/5.0 (Windows NT 6.1; WOW64) AppleWebKit/537.4 (KHTML, like Gecko) Chrome/22.0.1229.94 Safari/537.4"
165.123.86.185 - wadse@wharton.upenn.edu [31/Oct/2012:10:33:07 -0400] "GET /badges/wharton/image01.png HTTP/1.1" 200 6842 "https://www.gradecraft.com/dashboard" "Mozilla/5.0 (Windows NT 6.1; WOW64) AppleWebKit/537.4 (KHTML, like Gecko) Chrome/22.0.1229.94 Safari/537.4"
165.123.86.185 - wadse@wharton.upenn.edu [31/Oct/2012:10:33:07 -0400] "GET /badges/wharton/image04.png HTTP/1.1" 200 10918 "https://www.gradecraft.com/dashboard" "Mozilla/5.0 (Windows NT 6.1; WOW64) AppleWebKit/537.4 (KHTML, like Gecko) Chrome/22.0.1229.94 Safari/537.4"
165.123.86.185 - wadse@wharton.upenn.edu [31/Oct/2012:10:33:07 -0400] "GET /badges/wharton/image02.png HTTP/1.1" 200 12982 "https://www.gradecraft.com/dashboard" "Mozilla/5.0 (Windows NT 6.1; WOW64) AppleWebKit/537.4 (KHTML, like Gecko) Chrome/22.0.1229.94 Safari/537.4"
165.123.86.185 - wadse@wharton.upenn.edu [31/Oct/2012:10:33:07 -0400] "GET /badges/wharton/image03.png HTTP/1.1" 200 13926 "https://www.gradecraft.com/dashboard" "Mozilla/5.0 (Windows NT 6.1; WOW64) AppleWebKit/537.4 (KHTML, like Gecko) Chrome/22.0.1229.94 Safari/537.4"
165.123.86.185 - wadse@wharton.upenn.edu [31/Oct/2012:10:33:07 -0400] "GET /badges/wharton/image05.png HTTP/1.1" 200 7866 "https://www.gradecraft.com/dashboard" "Mozilla/5.0 (Windows NT 6.1; WOW64) AppleWebKit/537.4 (KHTML, like Gecko) Chrome/22.0.1229.94 Safari/537.4"
165.123.86.185 - wadse@wharton.upenn.edu [31/Oct/2012:10:33:07 -0400] "GET /badges/wharton/image06.png HTTP/1.1" 200 8042 "https://www.gradecraft.com/dashboard" "Mozilla/5.0 (Windows NT 6.1; WOW64) AppleWebKit/537.4 (KHTML, like Gecko) Chrome/22.0.1229.94 Safari/537.4"
165.123.86.185 - wadse@wharton.upenn.edu [31/Oct/2012:10:33:07 -0400] "GET /badges/wharton/image08.png HTTP/1.1" 200 11146 "https://www.gradecraft.com/dashboard" "Mozilla/5.0 (Windows NT 6.1; WOW64) AppleWebKit/537.4 (KHTML, like Gecko) Chrome/22.0.1229.94 Safari/537.4"
165.123.86.185 - wadse@wharton.upenn.edu [31/Oct/2012:10:33:07 -0400] "GET /badges/wharton/image07.png HTTP/1.1" 200 7946 "https://www.gradecraft.com/dashboard" "Mozilla/5.0 (Windows NT 6.1; WOW64) AppleWebKit/537.4 (KHTML, like Gecko) Chrome/22.0.1229.94 Safari/537.4"
165.123.86.185 - wadse@wharton.upenn.edu [31/Oct/2012:10:33:07 -0400] "GET /badges/wharton/image09.png HTTP/1.1" 200 11818 "https://www.gradecraft.com/dashboard" "Mozilla/5.0 (Windows NT 6.1; WOW64) AppleWebKit/537.4 (KHTML, like Gecko) Chrome/22.0.1229.94 Safari/537.4"
165.123.86.185 - wadse@wharton.upenn.edu [31/Oct/2012:10:33:07 -0400] "GET /badges/wharton/image00.png HTTP/1.1" 200 8362 "https://www.gradecraft.com/dashboard" "Mozilla/5.0 (Windows NT 6.1; WOW64) AppleWebKit/537.4 (KHTML, like Gecko) Chrome/22.0.1229.94 Safari/537.4"
165.123.86.185 - wadse@wharton.upenn.edu [31/Oct/2012:10:33:07 -0400] "GET /badges/wharton/Game-Master-Badge.png HTTP/1.1" 200 11946 "https://www.gradecraft.com/dashboard" "Mozilla/5.0 (Windows NT 6.1; WOW64) AppleWebKit/537.4 (KHTML, like Gecko) Chrome/22.0.1229.94 Safari/537.4"
165.123.86.185 - wadse@wharton.upenn.edu [31/Oct/2012:10:33:07 -0400] "GET /badges/wharton/Corporate-Lackey-Badge.png HTTP/1.1" 200 9914 "https://www.gradecraft.com/dashboard" "Mozilla/5.0 (Windows NT 6.1; WOW64) AppleWebKit/537.4 (KHTML, like Gecko) Chrome/22.0.1229.94 Safari/537.4"
165.123.86.185 - wadse@wharton.upenn.edu [31/Oct/2012:10:33:07 -0400] "GET /badges/wharton/Globe-Trotter-Badge.png HTTP/1.1" 200 10490 "https://www.gradecraft.com/dashboard" "Mozilla/5.0 (Windows NT 6.1; WOW64) AppleWebKit/537.4 (KHTML, like Gecko) Chrome/22.0.1229.94 Safari/537.4"
165.123.86.185 - wadse@wharton.upenn.edu [31/Oct/2012:10:33:07 -0400] "GET /users/predictor.json?user_id=34 HTTP/1.1" 200 1674 "https://www.gradecraft.com/dashboard" "Mozilla/5.0 (Windows NT 6.1; WOW64) AppleWebKit/537.4 (KHTML, like Gecko) Chrome/22.0.1229.94 Safari/537.4"
165.123.86.185 - wadse@wharton.upenn.edu [31/Oct/2012:10:33:07 -0400] "GET /favicon.ico HTTP/1.1" 200 4650 "-" "Mozilla/5.0 (Windows NT 6.1; WOW64) AppleWebKit/537.4 (KHTML, like Gecko) Chrome/22.0.1229.94 Safari/537.4"
165.123.86.185 - wadse@wharton.upenn.edu [31/Oct/2012:10:33:07 -0400] "GET /users/predictor.json?in_progress=true&user_id=34 HTTP/1.1" 200 1658 "https://www.gradecraft.com/dashboard" "Mozilla/5.0 (Windows NT 6.1; WOW64) AppleWebKit/537.4 (KHTML, like Gecko) Chrome/22.0.1229.94 Safari/537.4"
165.123.86.30 - barbora@wharton.upenn.edu [31/Oct/2012:10:33:08 -0400] "GET /assignments/15/grades/self_log?gradeable_id=20&gradeable_type=User HTTP/1.1" 200 2821 "https://www.gradecraft.com/dashboard" "Mozilla/5.0 (Windows NT 6.1; WOW64) AppleWebKit/537.4 (KHTML, like Gecko) Chrome/22.0.1229.94 Safari/537.4"
165.123.86.30 - barbora@wharton.upenn.edu [31/Oct/2012:10:33:08 -0400] "GET /assets/stylesheets/superhero.min.css HTTP/1.1" 404 1044 "https://www.gradecraft.com/assignments/15/grades/self_log?gradeable_id=20&gradeable_type=User" "Mozilla/5.0 (Windows NT 6.1; WOW64) AppleWebKit/537.4 (KHTML, like Gecko) Chrome/22.0.1229.94 Safari/537.4"
130.91.56.35 - nbocc@wharton.upenn.edu [31/Oct/2012:10:33:09 -0400] "GET /users/predictor.json?in_progress=true&user_id=46 HTTP/1.1" 304 885 "https://www.gradecraft.com/dashboard" "Mozilla/5.0 (Windows NT 6.1; WOW64) AppleWebKit/537.4 (KHTML, like Gecko) Chrome/22.0.1229.94 Safari/537.4"
130.91.56.35 - nbocc@wharton.upenn.edu [31/Oct/2012:10:33:09 -0400] "GET /users/predictor.json?user_id=46 HTTP/1.1" 304 885 "https://www.gradecraft.com/dashboard" "Mozilla/5.0 (Windows NT 6.1; WOW64) AppleWebKit/537.4 (KHTML, like Gecko) Chrome/22.0.1229.94 Safari/537.4"
130.91.56.61 - - [31/Oct/2012:10:33:11 -0400] "GET /dashboard HTTP/1.1" 302 3984 "-" "Mozilla/5.0 (Macintosh; Intel Mac OS X 10_7_4) AppleWebKit/537.4 (KHTML, like Gecko) Chrome/22.0.1229.94 Safari/537.4"
165.123.86.30 - barbora@wharton.upenn.edu [31/Oct/2012:10:33:12 -0400] "POST /assignments/15/grades/self_log_create HTTP/1.1" 302 1652 "https://www.gradecraft.com/assignments/15/grades/self_log?gradeable_id=20&gradeable_type=User" "Mozilla/5.0 (Windows NT 6.1; WOW64) AppleWebKit/537.4 (KHTML, like Gecko) Chrome/22.0.1229.94 Safari/537.4"
165.123.86.30 - barbora@wharton.upenn.edu [31/Oct/2012:10:33:14 -0400] "GET /dashboard HTTP/1.1" 200 4516 "https://www.gradecraft.com/assignments/15/grades/self_log?gradeable_id=20&gradeable_type=User" "Mozilla/5.0 (Windows NT 6.1; WOW64) AppleWebKit/537.4 (KHTML, like Gecko) Chrome/22.0.1229.94 Safari/537.4"
165.123.86.30 - barbora@wharton.upenn.edu [31/Oct/2012:10:33:14 -0400] "GET /assets/stylesheets/superhero.min.css HTTP/1.1" 404 1044 "https://www.gradecraft.com/dashboard" "Mozilla/5.0 (Windows NT 6.1; WOW64) AppleWebKit/537.4 (KHTML, like Gecko) Chrome/22.0.1229.94 Safari/537.4"
165.123.86.30 - barbora@wharton.upenn.edu [31/Oct/2012:10:33:15 -0400] "GET /users/predictor.json?in_progress=true&user_id=20 HTTP/1.1" 304 885 "https://www.gradecraft.com/dashboard" "Mozilla/5.0 (Windows NT 6.1; WOW64) AppleWebKit/537.4 (KHTML, like Gecko) Chrome/22.0.1229.94 Safari/537.4"
165.123.86.30 - barbora@wharton.upenn.edu [31/Oct/2012:10:33:15 -0400] "GET /users/predictor.json?user_id=20 HTTP/1.1" 304 1030 "https://www.gradecraft.com/dashboard" "Mozilla/5.0 (Windows NT 6.1; WOW64) AppleWebKit/537.4 (KHTML, like Gecko) Chrome/22.0.1229.94 Safari/537.4"
130.91.56.35 - nbocc@wharton.upenn.edu [31/Oct/2012:10:33:16 -0400] "GET /assignments/15/grades/self_log?gradeable_id=46&gradeable_type=User HTTP/1.1" 200 2676 "https://www.gradecraft.com/dashboard" "Mozilla/5.0 (Windows NT 6.1; WOW64) AppleWebKit/537.4 (KHTML, like Gecko) Chrome/22.0.1229.94 Safari/537.4"
130.91.56.35 - nbocc@wharton.upenn.edu [31/Oct/2012:10:33:17 -0400] "GET /assets/stylesheets/superhero.min.css HTTP/1.1" 404 1044 "https://www.gradecraft.com/assignments/15/grades/self_log?gradeable_id=46&gradeable_type=User" "Mozilla/5.0 (Windows NT 6.1; WOW64) AppleWebKit/537.4 (KHTML, like Gecko) Chrome/22.0.1229.94 Safari/537.4"
130.91.56.35 - nbocc@wharton.upenn.edu [31/Oct/2012:10:33:21 -0400] "POST /assignments/15/grades/self_log_create HTTP/1.1" 302 1652 "https://www.gradecraft.com/assignments/15/grades/self_log?gradeable_id=46&gradeable_type=User" "Mozilla/5.0 (Windows NT 6.1; WOW64) AppleWebKit/537.4 (KHTML, like Gecko) Chrome/22.0.1229.94 Safari/537.4"
130.91.56.35 - nbocc@wharton.upenn.edu [31/Oct/2012:10:33:21 -0400] "GET /dashboard HTTP/1.1" 200 4500 "https://www.gradecraft.com/assignments/15/grades/self_log?gradeable_id=46&gradeable_type=User" "Mozilla/5.0 (Windows NT 6.1; WOW64) AppleWebKit/537.4 (KHTML, like Gecko) Chrome/22.0.1229.94 Safari/537.4"
130.91.56.35 - nbocc@wharton.upenn.edu [31/Oct/2012:10:33:22 -0400] "GET /assets/stylesheets/superhero.min.css HTTP/1.1" 404 1044 "https://www.gradecraft.com/dashboard" "Mozilla/5.0 (Windows NT 6.1; WOW64) AppleWebKit/537.4 (KHTML, like Gecko) Chrome/22.0.1229.94 Safari/537.4"
130.91.56.35 - nbocc@wharton.upenn.edu [31/Oct/2012:10:33:22 -0400] "GET /users/predictor.json?user_id=46 HTTP/1.1" 304 1030 "https://www.gradecraft.com/dashboard" "Mozilla/5.0 (Windows NT 6.1; WOW64) AppleWebKit/537.4 (KHTML, like Gecko) Chrome/22.0.1229.94 Safari/537.4"
130.91.56.61 - - [31/Oct/2012:10:33:22 -0400] "GET /cosign/valid?cosign-www.gradecraft.com=eWSS2g2G0b5SQ2hrtuJO7NLbYTOSgn7h8Ksd6okiy-9LFhX5cS5ospXh9+8Eaky1pR2FpTQuwXQlWyxLPcolFpdtdBblvK09H4wrbfPpwaOuRlsRjhGmrRMQcr5-&https://www.gradecraft.com/dashboard HTTP/1.1" 301 900 "https://weblogin.umich.edu/?cosign-www.gradecraft.com&https://www.gradecraft.com/dashboard" "Mozilla/5.0 (Macintosh; Intel Mac OS X 10_7_4) AppleWebKit/537.4 (KHTML, like Gecko) Chrome/22.0.1229.94 Safari/537.4"
130.91.56.61 - kaipeng@wharton.upenn.edu [31/Oct/2012:10:33:22 -0400] "GET /dashboard HTTP/1.1" 302 1348 "https://weblogin.umich.edu/?cosign-www.gradecraft.com&https://www.gradecraft.com/dashboard" "Mozilla/5.0 (Macintosh; Intel Mac OS X 10_7_4) AppleWebKit/537.4 (KHTML, like Gecko) Chrome/22.0.1229.94 Safari/537.4"
130.91.56.35 - nbocc@wharton.upenn.edu [31/Oct/2012:10:33:22 -0400] "GET /users/predictor.json?in_progress=true&user_id=46 HTTP/1.1" 304 885 "https://www.gradecraft.com/dashboard" "Mozilla/5.0 (Windows NT 6.1; WOW64) AppleWebKit/537.4 (KHTML, like Gecko) Chrome/22.0.1229.94 Safari/537.4"
130.91.56.61 - kaipeng@wharton.upenn.edu [31/Oct/2012:10:33:22 -0400] "GET /dashboard HTTP/1.1" 200 4356 "https://weblogin.umich.edu/?cosign-www.gradecraft.com&https://www.gradecraft.com/dashboard" "Mozilla/5.0 (Macintosh; Intel Mac OS X 10_7_4) AppleWebKit/537.4 (KHTML, like Gecko) Chrome/22.0.1229.94 Safari/537.4"
130.91.56.61 - kaipeng@wharton.upenn.edu [31/Oct/2012:10:33:23 -0400] "GET /assets/application-a3ae5c543e1d181d1d7cb923cba7352c.css HTTP/1.1" 200 47949 "https://www.gradecraft.com/dashboard" "Mozilla/5.0 (Macintosh; Intel Mac OS X 10_7_4) AppleWebKit/537.4 (KHTML, like Gecko) Chrome/22.0.1229.94 Safari/537.4"
130.91.56.61 - kaipeng@wharton.upenn.edu [31/Oct/2012:10:33:23 -0400] "GET /assets/stylesheets/superhero.min.css HTTP/1.1" 404 1205 "https://www.gradecraft.com/dashboard" "Mozilla/5.0 (Macintosh; Intel Mac OS X 10_7_4) AppleWebKit/537.4 (KHTML, like Gecko) Chrome/22.0.1229.94 Safari/537.4"
130.91.56.61 - kaipeng@wharton.upenn.edu [31/Oct/2012:10:33:23 -0400] "GET /assets/application-4019f0e2cdfabad442b22c5ea2d0cede.js HTTP/1.1" 200 208766 "https://www.gradecraft.com/dashboard" "Mozilla/5.0 (Macintosh; Intel Mac OS X 10_7_4) AppleWebKit/537.4 (KHTML, like Gecko) Chrome/22.0.1229.94 Safari/537.4"
130.91.56.61 - kaipeng@wharton.upenn.edu [31/Oct/2012:10:33:23 -0400] "GET /badges/wharton/image01.png HTTP/1.1" 200 6842 "https://www.gradecraft.com/dashboard" "Mozilla/5.0 (Macintosh; Intel Mac OS X 10_7_4) AppleWebKit/537.4 (KHTML, like Gecko) Chrome/22.0.1229.94 Safari/537.4"
130.91.56.61 - kaipeng@wharton.upenn.edu [31/Oct/2012:10:33:23 -0400] "GET /badges/wharton/image02.png HTTP/1.1" 200 9899 "https://www.gradecraft.com/dashboard" "Mozilla/5.0 (Macintosh; Intel Mac OS X 10_7_4) AppleWebKit/537.4 (KHTML, like Gecko) Chrome/22.0.1229.94 Safari/537.4"
130.91.56.61 - kaipeng@wharton.upenn.edu [31/Oct/2012:10:33:24 -0400] "GET /badges/wharton/image03.png HTTP/1.1" 200 10698 "https://www.gradecraft.com/dashboard" "Mozilla/5.0 (Macintosh; Intel Mac OS X 10_7_4) AppleWebKit/537.4 (KHTML, like Gecko) Chrome/22.0.1229.94 Safari/537.4"
130.91.56.61 - kaipeng@wharton.upenn.edu [31/Oct/2012:10:33:24 -0400] "GET /badges/wharton/image04.png HTTP/1.1" 200 7690 "https://www.gradecraft.com/dashboard" "Mozilla/5.0 (Macintosh; Intel Mac OS X 10_7_4) AppleWebKit/537.4 (KHTML, like Gecko) Chrome/22.0.1229.94 Safari/537.4"
130.91.56.61 - kaipeng@wharton.upenn.edu [31/Oct/2012:10:33:24 -0400] "GET /badges/wharton/image05.png HTTP/1.1" 200 7866 "https://www.gradecraft.com/dashboard" "Mozilla/5.0 (Macintosh; Intel Mac OS X 10_7_4) AppleWebKit/537.4 (KHTML, like Gecko) Chrome/22.0.1229.94 Safari/537.4"
130.91.56.61 - kaipeng@wharton.upenn.edu [31/Oct/2012:10:33:24 -0400] "GET /badges/wharton/image06.png HTTP/1.1" 200 8187 "https://www.gradecraft.com/dashboard" "Mozilla/5.0 (Macintosh; Intel Mac OS X 10_7_4) AppleWebKit/537.4 (KHTML, like Gecko) Chrome/22.0.1229.94 Safari/537.4"
130.91.56.61 - kaipeng@wharton.upenn.edu [31/Oct/2012:10:33:24 -0400] "GET /badges/wharton/image07.png HTTP/1.1" 200 8091 "https://www.gradecraft.com/dashboard" "Mozilla/5.0 (Macintosh; Intel Mac OS X 10_7_4) AppleWebKit/537.4 (KHTML, like Gecko) Chrome/22.0.1229.94 Safari/537.4"
130.91.56.61 - kaipeng@wharton.upenn.edu [31/Oct/2012:10:33:23 -0400] "GET /users/predictor.json?user_id=18 HTTP/1.1" 200 1690 "https://www.gradecraft.com/dashboard" "Mozilla/5.0 (Macintosh; Intel Mac OS X 10_7_4) AppleWebKit/537.4 (KHTML, like Gecko) Chrome/22.0.1229.94 Safari/537.4"
130.91.56.61 - kaipeng@wharton.upenn.edu [31/Oct/2012:10:33:23 -0400] "GET /users/predictor.json?in_progress=true&user_id=18 HTTP/1.1" 200 1674 "https://www.gradecraft.com/dashboard" "Mozilla/5.0 (Macintosh; Intel Mac OS X 10_7_4) AppleWebKit/537.4 (KHTML, like Gecko) Chrome/22.0.1229.94 Safari/537.4"
130.91.56.61 - kaipeng@wharton.upenn.edu [31/Oct/2012:10:33:24 -0400] "GET /badges/wharton/image08.png HTTP/1.1" 200 11146 "https://www.gradecraft.com/dashboard" "Mozilla/5.0 (Macintosh; Intel Mac OS X 10_7_4) AppleWebKit/537.4 (KHTML, like Gecko) Chrome/22.0.1229.94 Safari/537.4"
130.91.56.61 - kaipeng@wharton.upenn.edu [31/Oct/2012:10:33:24 -0400] "GET /badges/wharton/image09.png HTTP/1.1" 200 11818 "https://www.gradecraft.com/dashboard" "Mozilla/5.0 (Macintosh; Intel Mac OS X 10_7_4) AppleWebKit/537.4 (KHTML, like Gecko) Chrome/22.0.1229.94 Safari/537.4"
130.91.56.61 - kaipeng@wharton.upenn.edu [31/Oct/2012:10:33:24 -0400] "GET /badges/wharton/image00.png HTTP/1.1" 200 8362 "https://www.gradecraft.com/dashboard" "Mozilla/5.0 (Macintosh; Intel Mac OS X 10_7_4) AppleWebKit/537.4 (KHTML, like Gecko) Chrome/22.0.1229.94 Safari/537.4"
130.91.56.61 - kaipeng@wharton.upenn.edu [31/Oct/2012:10:33:24 -0400] "GET /badges/wharton/Game-Master-Badge.png HTTP/1.1" 200 11946 "https://www.gradecraft.com/dashboard" "Mozilla/5.0 (Macintosh; Intel Mac OS X 10_7_4) AppleWebKit/537.4 (KHTML, like Gecko) Chrome/22.0.1229.94 Safari/537.4"
130.91.56.61 - kaipeng@wharton.upenn.edu [31/Oct/2012:10:33:24 -0400] "GET /badges/wharton/Corporate-Lackey-Badge.png HTTP/1.1" 200 9914 "https://www.gradecraft.com/dashboard" "Mozilla/5.0 (Macintosh; Intel Mac OS X 10_7_4) AppleWebKit/537.4 (KHTML, like Gecko) Chrome/22.0.1229.94 Safari/537.4"
130.91.56.61 - kaipeng@wharton.upenn.edu [31/Oct/2012:10:33:24 -0400] "GET /badges/wharton/Globe-Trotter-Badge.png HTTP/1.1" 200 10490 "https://www.gradecraft.com/dashboard" "Mozilla/5.0 (Macintosh; Intel Mac OS X 10_7_4) AppleWebKit/537.4 (KHTML, like Gecko) Chrome/22.0.1229.94 Safari/537.4"
130.91.56.61 - kaipeng@wharton.upenn.edu [31/Oct/2012:10:33:25 -0400] "GET /favicon.ico HTTP/1.1" 200 4650 "-" "Mozilla/5.0 (Macintosh; Intel Mac OS X 10_7_4) AppleWebKit/537.4 (KHTML, like Gecko) Chrome/22.0.1229.94 Safari/537.4"
130.91.56.35 - nbocc@wharton.upenn.edu [31/Oct/2012:10:33:27 -0400] "GET /users/predictor?user_id=46 HTTP/1.1" 200 3972 "https://www.gradecraft.com/dashboard" "Mozilla/5.0 (Windows NT 6.1; WOW64) AppleWebKit/537.4 (KHTML, like Gecko) Chrome/22.0.1229.94 Safari/537.4"
130.91.56.35 - nbocc@wharton.upenn.edu [31/Oct/2012:10:33:28 -0400] "GET /assets/stylesheets/superhero.min.css HTTP/1.1" 404 1044 "https://www.gradecraft.com/users/predictor?user_id=46" "Mozilla/5.0 (Windows NT 6.1; WOW64) AppleWebKit/537.4 (KHTML, like Gecko) Chrome/22.0.1229.94 Safari/537.4"
165.123.84.210 - - [31/Oct/2012:10:33:30 -0400] "GET / HTTP/1.1" 302 3984 "-" "Mozilla/5.0 (Macintosh; Intel Mac OS X 10_8_2) AppleWebKit/537.4 (KHTML, like Gecko) Chrome/22.0.1229.94 Safari/537.4"
165.123.86.185 - wadse@wharton.upenn.edu [31/Oct/2012:10:33:33 -0400] "GET /assignments/15/grades/self_log?gradeable_id=34&gradeable_type=User HTTP/1.1" 200 2805 "https://www.gradecraft.com/dashboard" "Mozilla/5.0 (Windows NT 6.1; WOW64) AppleWebKit/537.4 (KHTML, like Gecko) Chrome/22.0.1229.94 Safari/537.4"
165.123.86.185 - wadse@wharton.upenn.edu [31/Oct/2012:10:33:33 -0400] "GET /assets/stylesheets/superhero.min.css HTTP/1.1" 404 1044 "https://www.gradecraft.com/assignments/15/grades/self_log?gradeable_id=34&gradeable_type=User" "Mozilla/5.0 (Windows NT 6.1; WOW64) AppleWebKit/537.4 (KHTML, like Gecko) Chrome/22.0.1229.94 Safari/537.4"
130.91.56.35 - nbocc@wharton.upenn.edu [31/Oct/2012:10:33:34 -0400] "GET /assets/jquery-ui/ui-bg_flat_75_ffffff_40x100-841636c8f8d33987bb8d2f31e8ef92ca.png HTTP/1.1" 304 213 "https://www.gradecraft.com/users/predictor?user_id=46" "Mozilla/5.0 (Windows NT 6.1; WOW64) AppleWebKit/537.4 (KHTML, like Gecko) Chrome/22.0.1229.94 Safari/537.4"
130.91.56.35 - nbocc@wharton.upenn.edu [31/Oct/2012:10:33:34 -0400] "GET /assets/jquery-ui/ui-bg_glass_75_e6e6e6_1x400-3e20bce1b7b2f5dd47ca6ac361805162.png HTTP/1.1" 304 213 "https://www.gradecraft.com/users/predictor?user_id=46" "Mozilla/5.0 (Windows NT 6.1; WOW64) AppleWebKit/537.4 (KHTML, like Gecko) Chrome/22.0.1229.94 Safari/537.4"
165.123.86.185 - wadse@wharton.upenn.edu [31/Oct/2012:10:33:36 -0400] "POST /assignments/15/grades/self_log_create HTTP/1.1" 302 1636 "https://www.gradecraft.com/assignments/15/grades/self_log?gradeable_id=34&gradeable_type=User" "Mozilla/5.0 (Windows NT 6.1; WOW64) AppleWebKit/537.4 (KHTML, like Gecko) Chrome/22.0.1229.94 Safari/537.4"
165.123.86.185 - wadse@wharton.upenn.edu [31/Oct/2012:10:33:36 -0400] "GET /dashboard HTTP/1.1" 200 4516 "https://www.gradecraft.com/assignments/15/grades/self_log?gradeable_id=34&gradeable_type=User" "Mozilla/5.0 (Windows NT 6.1; WOW64) AppleWebKit/537.4 (KHTML, like Gecko) Chrome/22.0.1229.94 Safari/537.4"
165.123.86.185 - wadse@wharton.upenn.edu [31/Oct/2012:10:33:37 -0400] "GET /assets/stylesheets/superhero.min.css HTTP/1.1" 404 1044 "https://www.gradecraft.com/dashboard" "Mozilla/5.0 (Windows NT 6.1; WOW64) AppleWebKit/537.4 (KHTML, like Gecko) Chrome/22.0.1229.94 Safari/537.4"
165.123.86.185 - wadse@wharton.upenn.edu [31/Oct/2012:10:33:37 -0400] "GET /users/predictor.json?in_progress=true&user_id=34 HTTP/1.1" 304 869 "https://www.gradecraft.com/dashboard" "Mozilla/5.0 (Windows NT 6.1; WOW64) AppleWebKit/537.4 (KHTML, like Gecko) Chrome/22.0.1229.94 Safari/537.4"
165.123.86.185 - wadse@wharton.upenn.edu [31/Oct/2012:10:33:37 -0400] "GET /users/predictor.json?user_id=34 HTTP/1.1" 304 1014 "https://www.gradecraft.com/dashboard" "Mozilla/5.0 (Windows NT 6.1; WOW64) AppleWebKit/537.4 (KHTML, like Gecko) Chrome/22.0.1229.94 Safari/537.4"
165.123.84.210 - - [31/Oct/2012:10:33:40 -0400] "GET /cosign/valid?cosign-www.gradecraft.com=90vuAdggxtBYb+r4xO7m5EqEpokBuaiaSCglgxaxQgQrposU7b2P7eYdnhiN3FriHW4nzGLu3dpWHeKal5sWlmJbxhSu+nBnOYkETUOsGQestQBvoJ7gIevlYZpU&https://www.gradecraft.com/ HTTP/1.1" 301 868 "https://weblogin.umich.edu/?cosign-www.gradecraft.com&https://www.gradecraft.com/" "Mozilla/5.0 (Macintosh; Intel Mac OS X 10_8_2) AppleWebKit/537.4 (KHTML, like Gecko) Chrome/22.0.1229.94 Safari/537.4"
165.123.84.210 - adrianfr@wharton.upenn.edu [31/Oct/2012:10:33:40 -0400] "GET / HTTP/1.1" 302 1348 "https://weblogin.umich.edu/?cosign-www.gradecraft.com&https://www.gradecraft.com/" "Mozilla/5.0 (Macintosh; Intel Mac OS X 10_8_2) AppleWebKit/537.4 (KHTML, like Gecko) Chrome/22.0.1229.94 Safari/537.4"
