67.194.3.33 - jbgolden [17/Sep/2012:11:33:00 -0400] "GET /dashboard HTTP/1.1" 200 3908 "-" "Mozilla/5.0 (Macintosh; Intel Mac OS X 10_7_2) AppleWebKit/534.52.7 (KHTML, like Gecko) Version/5.1.2 Safari/534.52.7"
67.194.3.33 - jbgolden [17/Sep/2012:11:33:00 -0400] "GET /uploads/theme/filename/3/cyborg.min.css HTTP/1.1" 200 16531 "https://www.gradecraft.com/dashboard" "Mozilla/5.0 (Macintosh; Intel Mac OS X 10_7_2) AppleWebKit/534.52.7 (KHTML, like Gecko) Version/5.1.2 Safari/534.52.7"
67.194.3.33 - jbgolden [17/Sep/2012:11:33:00 -0400] "GET /assets/application-00253241250260a29e421ba336543d92.css HTTP/1.1" 200 46253 "https://www.gradecraft.com/dashboard" "Mozilla/5.0 (Macintosh; Intel Mac OS X 10_7_2) AppleWebKit/534.52.7 (KHTML, like Gecko) Version/5.1.2 Safari/534.52.7"
67.194.3.33 - jbgolden [17/Sep/2012:11:33:00 -0400] "GET /assets/application-4ce0ae23744168912769066ef11545d8.js HTTP/1.1" 200 135908 "https://www.gradecraft.com/dashboard" "Mozilla/5.0 (Macintosh; Intel Mac OS X 10_7_2) AppleWebKit/534.52.7 (KHTML, like Gecko) Version/5.1.2 Safari/534.52.7"
67.194.3.33 - jbgolden [17/Sep/2012:11:33:01 -0400] "GET /users/predictor.json?user_id=88 HTTP/1.1" 200 1594 "https://www.gradecraft.com/dashboard" "Mozilla/5.0 (Macintosh; Intel Mac OS X 10_7_2) AppleWebKit/534.52.7 (KHTML, like Gecko) Version/5.1.2 Safari/534.52.7"
67.194.3.33 - jbgolden [17/Sep/2012:11:33:01 -0400] "GET /users/predictor.json?in_progress=true&user_id=88 HTTP/1.1" 200 1594 "https://www.gradecraft.com/dashboard" "Mozilla/5.0 (Macintosh; Intel Mac OS X 10_7_2) AppleWebKit/534.52.7 (KHTML, like Gecko) Version/5.1.2 Safari/534.52.7"
67.194.3.33 - jbgolden [17/Sep/2012:11:33:01 -0400] "GET /favicon.ico HTTP/1.1" 200 4650 "https://www.gradecraft.com/dashboard" "Mozilla/5.0 (Macintosh; Intel Mac OS X 10_7_2) AppleWebKit/534.52.7 (KHTML, like Gecko) Version/5.1.2 Safari/534.52.7"
67.194.94.83 - ebunin [17/Sep/2012:11:33:04 -0400] "GET /dashboard HTTP/1.1" 304 1055 "https://www.gradecraft.com/dashboard" "Mozilla/5.0 (Macintosh; Intel Mac OS X 10_6_8) AppleWebKit/534.57.2 (KHTML, like Gecko) Version/5.1.7 Safari/534.57.2"
67.194.94.83 - ebunin [17/Sep/2012:11:33:05 -0400] "GET /users/predictor.json?in_progress=true&user_id=302 HTTP/1.1" 304 1007 "https://www.gradecraft.com/dashboard" "Mozilla/5.0 (Macintosh; Intel Mac OS X 10_6_8) AppleWebKit/534.57.2 (KHTML, like Gecko) Version/5.1.7 Safari/534.57.2"
67.194.94.83 - ebunin [17/Sep/2012:11:33:05 -0400] "GET /users/predictor.json?user_id=302 HTTP/1.1" 304 1023 "https://www.gradecraft.com/dashboard" "Mozilla/5.0 (Macintosh; Intel Mac OS X 10_6_8) AppleWebKit/534.57.2 (KHTML, like Gecko) Version/5.1.7 Safari/534.57.2"
67.194.109.61 - allportk [17/Sep/2012:11:33:10 -0400] "GET /assignments/28/grades/self_log?gradeable_id=161&gradeable_type=User HTTP/1.1" 200 2740 "https://www.gradecraft.com/dashboard" "Mozilla/5.0 (Windows NT 6.1; WOW64) AppleWebKit/537.1 (KHTML, like Gecko) Chrome/21.0.1180.89 Safari/537.1"
67.194.3.33 - jbgolden [17/Sep/2012:11:33:13 -0400] "GET /assignments/28/grades/self_log?gradeable_id=88&gradeable_type=User HTTP/1.1" 200 2756 "https://www.gradecraft.com/dashboard" "Mozilla/5.0 (Macintosh; Intel Mac OS X 10_7_2) AppleWebKit/534.52.7 (KHTML, like Gecko) Version/5.1.2 Safari/534.52.7"
67.194.29.139 - - [17/Sep/2012:11:33:14 -0400] "GET / HTTP/1.1" 302 3264 "-" "Mozilla/5.0 (Macintosh; Intel Mac OS X 10_6_8) AppleWebKit/534.52.7 (KHTML, like Gecko) Version/5.1.2 Safari/534.52.7"
67.194.5.144 - - [17/Sep/2012:11:33:14 -0400] "GET / HTTP/1.1" 302 3984 "-" "Mozilla/5.0 (Macintosh; Intel Mac OS X 10_6_8) AppleWebKit/537.1 (KHTML, like Gecko) Chrome/21.0.1180.89 Safari/537.1"
67.194.5.144 - - [17/Sep/2012:11:33:15 -0400] "GET /cosign/valid?cosign-www.gradecraft.com=DX9CqdB+rpEwjoEFGlQ8v427QWcy1RjYBoffXhjERd0usc-ZcwF9L8TFhOecukVIFo1r7VM28L7QjwK+nO5SV2uKXeuD8oKGebRWtO66v57GVMnNoxFGcpjccqs7&https://www.gradecraft.com/ HTTP/1.1" 301 868 "-" "Mozilla/5.0 (Macintosh; Intel Mac OS X 10_6_8) AppleWebKit/537.1 (KHTML, like Gecko) Chrome/21.0.1180.89 Safari/537.1"
67.194.5.144 - abigailt [17/Sep/2012:11:33:15 -0400] "GET / HTTP/1.1" 302 1348 "-" "Mozilla/5.0 (Macintosh; Intel Mac OS X 10_6_8) AppleWebKit/537.1 (KHTML, like Gecko) Chrome/21.0.1180.89 Safari/537.1"
67.194.109.61 - allportk [17/Sep/2012:11:33:15 -0400] "POST /assignments/28/grades/self_log_create HTTP/1.1" 302 1636 "https://www.gradecraft.com/assignments/28/grades/self_log?gradeable_id=161&gradeable_type=User" "Mozilla/5.0 (Windows NT 6.1; WOW64) AppleWebKit/537.1 (KHTML, like Gecko) Chrome/21.0.1180.89 Safari/537.1"
67.194.5.144 - abigailt [17/Sep/2012:11:33:15 -0400] "GET /dashboard HTTP/1.1" 200 3892 "-" "Mozilla/5.0 (Macintosh; Intel Mac OS X 10_6_8) AppleWebKit/537.1 (KHTML, like Gecko) Chrome/21.0.1180.89 Safari/537.1"
67.194.5.144 - abigailt [17/Sep/2012:11:33:15 -0400] "GET /uploads/theme/filename/3/cyborg.min.css HTTP/1.1" 200 19621 "https://www.gradecraft.com/dashboard" "Mozilla/5.0 (Macintosh; Intel Mac OS X 10_6_8) AppleWebKit/537.1 (KHTML, like Gecko) Chrome/21.0.1180.89 Safari/537.1"
67.194.5.144 - abigailt [17/Sep/2012:11:33:15 -0400] "GET /assets/application-00253241250260a29e421ba336543d92.css HTTP/1.1" 200 46253 "https://www.gradecraft.com/dashboard" "Mozilla/5.0 (Macintosh; Intel Mac OS X 10_6_8) AppleWebKit/537.1 (KHTML, like Gecko) Chrome/21.0.1180.89 Safari/537.1"
67.194.5.144 - abigailt [17/Sep/2012:11:33:15 -0400] "GET /assets/application-4ce0ae23744168912769066ef11545d8.js HTTP/1.1" 200 135915 "https://www.gradecraft.com/dashboard" "Mozilla/5.0 (Macintosh; Intel Mac OS X 10_6_8) AppleWebKit/537.1 (KHTML, like Gecko) Chrome/21.0.1180.89 Safari/537.1"
67.194.5.144 - abigailt [17/Sep/2012:11:33:16 -0400] "GET /users/predictor.json?in_progress=true&user_id=137 HTTP/1.1" 200 1578 "https://www.gradecraft.com/dashboard" "Mozilla/5.0 (Macintosh; Intel Mac OS X 10_6_8) AppleWebKit/537.1 (KHTML, like Gecko) Chrome/21.0.1180.89 Safari/537.1"
67.194.5.144 - abigailt [17/Sep/2012:11:33:16 -0400] "GET /users/predictor.json?user_id=137 HTTP/1.1" 200 1578 "https://www.gradecraft.com/dashboard" "Mozilla/5.0 (Macintosh; Intel Mac OS X 10_6_8) AppleWebKit/537.1 (KHTML, like Gecko) Chrome/21.0.1180.89 Safari/537.1"
67.194.5.144 - abigailt [17/Sep/2012:11:33:16 -0400] "GET /favicon.ico HTTP/1.1" 200 4650 "-" "Mozilla/5.0 (Macintosh; Intel Mac OS X 10_6_8) AppleWebKit/537.1 (KHTML, like Gecko) Chrome/21.0.1180.89 Safari/537.1"
67.194.3.33 - jbgolden [17/Sep/2012:11:33:16 -0400] "POST /assignments/28/grades/self_log_create HTTP/1.1" 302 1652 "https://www.gradecraft.com/assignments/28/grades/self_log?gradeable_id=88&gradeable_type=User" "Mozilla/5.0 (Macintosh; Intel Mac OS X 10_7_2) AppleWebKit/534.52.7 (KHTML, like Gecko) Version/5.1.2 Safari/534.52.7"
67.194.3.33 - jbgolden [17/Sep/2012:11:33:16 -0400] "GET /dashboard HTTP/1.1" 200 4148 "https://www.gradecraft.com/assignments/28/grades/self_log?gradeable_id=88&gradeable_type=User" "Mozilla/5.0 (Macintosh; Intel Mac OS X 10_7_2) AppleWebKit/534.52.7 (KHTML, like Gecko) Version/5.1.2 Safari/534.52.7"
67.194.3.33 - jbgolden [17/Sep/2012:11:33:16 -0400] "GET /users/predictor.json?user_id=88 HTTP/1.1" 200 1732 "https://www.gradecraft.com/dashboard" "Mozilla/5.0 (Macintosh; Intel Mac OS X 10_7_2) AppleWebKit/534.52.7 (KHTML, like Gecko) Version/5.1.2 Safari/534.52.7"
67.194.3.33 - jbgolden [17/Sep/2012:11:33:16 -0400] "GET /users/predictor.json?in_progress=true&user_id=88 HTTP/1.1" 200 1578 "https://www.gradecraft.com/dashboard" "Mozilla/5.0 (Macintosh; Intel Mac OS X 10_7_2) AppleWebKit/534.52.7 (KHTML, like Gecko) Version/5.1.2 Safari/534.52.7"
67.194.29.139 - - [17/Sep/2012:11:33:18 -0400] "GET /cosign/valid?cosign-www.gradecraft.com=G8bGzYhA3XjYBXkbsV2pS1AbDYiQc4pJpXzIdU-3AAZa0eD2C-WKJ5xPvQMAY+AY3WQYWC894P4R4xv79rxt96-f3c1OPwRgkHGcm4psr8xmHYtt92mIHqg8GOEA&https://www.gradecraft.com/ HTTP/1.1" 301 868 "https://weblogin.umich.edu/?cosign-www.gradecraft.com&https://www.gradecraft.com/" "Mozilla/5.0 (Macintosh; Intel Mac OS X 10_6_8) AppleWebKit/534.52.7 (KHTML, like Gecko) Version/5.1.2 Safari/534.52.7"
67.194.29.139 - ehbakes [17/Sep/2012:11:33:19 -0400] "GET / HTTP/1.1" 302 1348 "https://weblogin.umich.edu/?cosign-www.gradecraft.com&https://www.gradecraft.com/" "Mozilla/5.0 (Macintosh; Intel Mac OS X 10_6_8) AppleWebKit/534.52.7 (KHTML, like Gecko) Version/5.1.2 Safari/534.52.7"
67.194.29.139 - ehbakes [17/Sep/2012:11:33:19 -0400] "GET /dashboard HTTP/1.1" 200 3940 "https://weblogin.umich.edu/?cosign-www.gradecraft.com&https://www.gradecraft.com/" "Mozilla/5.0 (Macintosh; Intel Mac OS X 10_6_8) AppleWebKit/534.52.7 (KHTML, like Gecko) Version/5.1.2 Safari/534.52.7"
67.194.29.139 - ehbakes [17/Sep/2012:11:33:19 -0400] "GET /uploads/theme/filename/3/cyborg.min.css HTTP/1.1" 200 16547 "https://www.gradecraft.com/dashboard" "Mozilla/5.0 (Macintosh; Intel Mac OS X 10_6_8) AppleWebKit/534.52.7 (KHTML, like Gecko) Version/5.1.2 Safari/534.52.7"
67.194.29.139 - ehbakes [17/Sep/2012:11:33:19 -0400] "GET /assets/application-00253241250260a29e421ba336543d92.css HTTP/1.1" 200 46407 "https://www.gradecraft.com/dashboard" "Mozilla/5.0 (Macintosh; Intel Mac OS X 10_6_8) AppleWebKit/534.52.7 (KHTML, like Gecko) Version/5.1.2 Safari/534.52.7"
67.194.29.139 - ehbakes [17/Sep/2012:11:33:19 -0400] "GET /assets/application-4ce0ae23744168912769066ef11545d8.js HTTP/1.1" 200 135770 "https://www.gradecraft.com/dashboard" "Mozilla/5.0 (Macintosh; Intel Mac OS X 10_6_8) AppleWebKit/534.52.7 (KHTML, like Gecko) Version/5.1.2 Safari/534.52.7"
67.194.3.33 - jbgolden [17/Sep/2012:11:33:20 -0400] "GET /logout HTTP/1.1" 302 1284 "https://www.gradecraft.com/dashboard" "Mozilla/5.0 (Macintosh; Intel Mac OS X 10_7_2) AppleWebKit/534.52.7 (KHTML, like Gecko) Version/5.1.2 Safari/534.52.7"
67.194.109.61 - allportk [17/Sep/2012:11:33:20 -0400] "GET /dashboard HTTP/1.1" 200 4180 "https://www.gradecraft.com/assignments/28/grades/self_log?gradeable_id=161&gradeable_type=User" "Mozilla/5.0 (Windows NT 6.1; WOW64) AppleWebKit/537.1 (KHTML, like Gecko) Chrome/21.0.1180.89 Safari/537.1"
67.194.109.61 - allportk [17/Sep/2012:11:33:20 -0400] "GET /users/predictor.json?in_progress=true&user_id=161 HTTP/1.1" 200 1578 "https://www.gradecraft.com/dashboard" "Mozilla/5.0 (Windows NT 6.1; WOW64) AppleWebKit/537.1 (KHTML, like Gecko) Chrome/21.0.1180.89 Safari/537.1"
67.194.109.61 - allportk [17/Sep/2012:11:33:20 -0400] "GET /users/predictor.json?user_id=161 HTTP/1.1" 200 1723 "https://www.gradecraft.com/dashboard" "Mozilla/5.0 (Windows NT 6.1; WOW64) AppleWebKit/537.1 (KHTML, like Gecko) Chrome/21.0.1180.89 Safari/537.1"
67.194.10.197 - - [17/Sep/2012:11:33:22 -0400] "GET / HTTP/1.1" 302 3236 "-" "Mozilla/5.0 (compatible; MSIE 9.0; Windows NT 6.1; WOW64; Trident/5.0)"
67.194.10.197 - - [17/Sep/2012:11:33:22 -0400] "GET /cosign/valid?cosign-www.gradecraft.com=jcID-aX0IFo4znHVk7AGx7QP7T3xymIafIW9d5Ybl7x8v2Rmp1SQ6LEy+DzpycBnvIdn28EHSUA0sNJpRW7H7QCmkB1miwb7fO8XYEZRFROn6d-lF0DNVMT4uq8G&https://www.gradecraft.com/ HTTP/1.1" 301 3362 "-" "Mozilla/5.0 (compatible; MSIE 9.0; Windows NT 6.1; WOW64; Trident/5.0)"
67.194.10.197 - jcbelt [17/Sep/2012:11:33:22 -0400] "GET / HTTP/1.1" 302 1322 "-" "Mozilla/5.0 (compatible; MSIE 9.0; Windows NT 6.1; WOW64; Trident/5.0)"
67.194.10.197 - jcbelt [17/Sep/2012:11:33:22 -0400] "GET /dashboard HTTP/1.1" 200 3874 "-" "Mozilla/5.0 (compatible; MSIE 9.0; Windows NT 6.1; WOW64; Trident/5.0)"
67.194.10.197 - jcbelt [17/Sep/2012:11:33:22 -0400] "GET /uploads/theme/filename/3/cyborg.min.css HTTP/1.1" 200 16364 "https://www.gradecraft.com/dashboard" "Mozilla/5.0 (compatible; MSIE 9.0; Windows NT 6.1; WOW64; Trident/5.0)"
67.194.10.197 - jcbelt [17/Sep/2012:11:33:22 -0400] "GET /assets/application-00253241250260a29e421ba336543d92.css HTTP/1.1" 200 46172 "https://www.gradecraft.com/dashboard" "Mozilla/5.0 (compatible; MSIE 9.0; Windows NT 6.1; WOW64; Trident/5.0)"
67.194.10.197 - jcbelt [17/Sep/2012:11:33:22 -0400] "GET /assets/application-4ce0ae23744168912769066ef11545d8.js HTTP/1.1" 200 135475 "https://www.gradecraft.com/dashboard" "Mozilla/5.0 (compatible; MSIE 9.0; Windows NT 6.1; WOW64; Trident/5.0)"
67.194.29.139 - ehbakes [17/Sep/2012:11:33:23 -0400] "GET /users/predictor.json?user_id=186 HTTP/1.1" 200 1578 "https://www.gradecraft.com/dashboard" "Mozilla/5.0 (Macintosh; Intel Mac OS X 10_6_8) AppleWebKit/534.52.7 (KHTML, like Gecko) Version/5.1.2 Safari/534.52.7"
67.194.29.139 - ehbakes [17/Sep/2012:11:33:23 -0400] "GET /users/predictor.json?in_progress=true&user_id=186 HTTP/1.1" 200 1578 "https://www.gradecraft.com/dashboard" "Mozilla/5.0 (Macintosh; Intel Mac OS X 10_6_8) AppleWebKit/534.52.7 (KHTML, like Gecko) Version/5.1.2 Safari/534.52.7"
67.194.29.139 - ehbakes [17/Sep/2012:11:33:23 -0400] "GET /favicon.ico HTTP/1.1" 200 4650 "https://www.gradecraft.com/dashboard" "Mozilla/5.0 (Macintosh; Intel Mac OS X 10_6_8) AppleWebKit/534.52.7 (KHTML, like Gecko) Version/5.1.2 Safari/534.52.7"
67.194.10.197 - jcbelt [17/Sep/2012:11:33:25 -0400] "GET /users/predictor.json?user_id=123 HTTP/1.1" 200 1556 "https://www.gradecraft.com/dashboard" "Mozilla/5.0 (compatible; MSIE 9.0; Windows NT 6.1; WOW64; Trident/5.0)"
67.194.10.197 - - [17/Sep/2012:11:33:25 -0400] "GET /favicon.ico HTTP/1.1" 302 3254 "-" "Mozilla/5.0 (compatible; MSIE 9.0; Windows NT 6.1; WOW64; Trident/5.0)"
67.194.10.197 - jcbelt [17/Sep/2012:11:33:25 -0400] "GET /users/predictor.json?in_progress=true&user_id=123 HTTP/1.1" 200 1555 "https://www.gradecraft.com/dashboard" "Mozilla/5.0 (compatible; MSIE 9.0; Windows NT 6.1; WOW64; Trident/5.0)"
67.194.3.33 - jbgolden [17/Sep/2012:11:33:31 -0400] "GET / HTTP/1.1" 302 1524 "-" "Mozilla/5.0 (Macintosh; Intel Mac OS X 10_7_2) AppleWebKit/534.52.7 (KHTML, like Gecko) Version/5.1.2 Safari/534.52.7"
67.194.3.33 - jbgolden [17/Sep/2012:11:33:31 -0400] "GET /dashboard HTTP/1.1" 200 3892 "-" "Mozilla/5.0 (Macintosh; Intel Mac OS X 10_7_2) AppleWebKit/534.52.7 (KHTML, like Gecko) Version/5.1.2 Safari/534.52.7"
67.194.3.33 - jbgolden [17/Sep/2012:11:33:31 -0400] "GET /users/predictor.json?user_id=88 HTTP/1.1" 304 869 "https://www.gradecraft.com/dashboard" "Mozilla/5.0 (Macintosh; Intel Mac OS X 10_7_2) AppleWebKit/534.52.7 (KHTML, like Gecko) Version/5.1.2 Safari/534.52.7"
67.194.3.33 - jbgolden [17/Sep/2012:11:33:31 -0400] "GET /users/predictor.json?in_progress=true&user_id=88 HTTP/1.1" 304 869 "https://www.gradecraft.com/dashboard" "Mozilla/5.0 (Macintosh; Intel Mac OS X 10_7_2) AppleWebKit/534.52.7 (KHTML, like Gecko) Version/5.1.2 Safari/534.52.7"
67.194.16.211 - - [17/Sep/2012:11:33:31 -0400] "GET / HTTP/1.1" 302 3984 "-" "Mozilla/5.0 (Macintosh; Intel Mac OS X 10_7_4) AppleWebKit/537.1 (KHTML, like Gecko) Chrome/21.0.1180.89 Safari/537.1"
67.194.16.211 - - [17/Sep/2012:11:33:31 -0400] "GET /cosign/valid?cosign-www.gradecraft.com=Vs+msWBvsirUXSDhlEMr-NJokZavlv0hnRryR+ElmM3aKzC+C3O0bIrMep-YBqm6pSDgT2mkWs1EAP3-lItarCATQujSgy7lMXi-0ugQRfM5JGIEAFCA9YDO3tqd&https://www.gradecraft.com/ HTTP/1.1" 301 868 "-" "Mozilla/5.0 (Macintosh; Intel Mac OS X 10_7_4) AppleWebKit/537.1 (KHTML, like Gecko) Chrome/21.0.1180.89 Safari/537.1"
67.194.16.211 - nhazen [17/Sep/2012:11:33:32 -0400] "GET / HTTP/1.1" 200 3940 "-" "Mozilla/5.0 (Macintosh; Intel Mac OS X 10_7_4) AppleWebKit/537.1 (KHTML, like Gecko) Chrome/21.0.1180.89 Safari/537.1"
67.194.16.211 - nhazen [17/Sep/2012:11:33:32 -0400] "GET /assets/application-00253241250260a29e421ba336543d92.css HTTP/1.1" 304 245 "https://www.gradecraft.com/" "Mozilla/5.0 (Macintosh; Intel Mac OS X 10_7_4) AppleWebKit/537.1 (KHTML, like Gecko) Chrome/21.0.1180.89 Safari/537.1"
67.194.16.211 - nhazen [17/Sep/2012:11:33:32 -0400] "GET /uploads/theme/filename/3/cyborg.min.css HTTP/1.1" 304 3473 "https://www.gradecraft.com/" "Mozilla/5.0 (Macintosh; Intel Mac OS X 10_7_4) AppleWebKit/537.1 (KHTML, like Gecko) Chrome/21.0.1180.89 Safari/537.1"
67.194.16.211 - nhazen [17/Sep/2012:11:33:32 -0400] "GET /assets/application-4ce0ae23744168912769066ef11545d8.js HTTP/1.1" 304 3473 "https://www.gradecraft.com/" "Mozilla/5.0 (Macintosh; Intel Mac OS X 10_7_4) AppleWebKit/537.1 (KHTML, like Gecko) Chrome/21.0.1180.89 Safari/537.1"
67.194.16.211 - nhazen [17/Sep/2012:11:33:32 -0400] "GET /users/predictor.json?in_progress=true&user_id=287 HTTP/1.1" 304 885 "https://www.gradecraft.com/" "Mozilla/5.0 (Macintosh; Intel Mac OS X 10_7_4) AppleWebKit/537.1 (KHTML, like Gecko) Chrome/21.0.1180.89 Safari/537.1"
67.194.16.211 - nhazen [17/Sep/2012:11:33:32 -0400] "GET /users/predictor.json?user_id=287 HTTP/1.1" 304 885 "https://www.gradecraft.com/" "Mozilla/5.0 (Macintosh; Intel Mac OS X 10_7_4) AppleWebKit/537.1 (KHTML, like Gecko) Chrome/21.0.1180.89 Safari/537.1"
67.194.5.154 - halmaghi [17/Sep/2012:11:33:33 -0400] "GET /dashboard HTTP/1.1" 200 4053 "https://www.gradecraft.com/dashboard" "Mozilla/5.0 (Macintosh; Intel Mac OS X 10_7_4) AppleWebKit/537.1 (KHTML, like Gecko) Chrome/21.0.1180.89 Safari/537.1"
67.194.5.154 - halmaghi [17/Sep/2012:11:33:33 -0400] "GET /users/predictor.json?user_id=265 HTTP/1.1" 304 1030 "https://www.gradecraft.com/dashboard" "Mozilla/5.0 (Macintosh; Intel Mac OS X 10_7_4) AppleWebKit/537.1 (KHTML, like Gecko) Chrome/21.0.1180.89 Safari/537.1"
67.194.5.154 - halmaghi [17/Sep/2012:11:33:33 -0400] "GET /users/predictor.json?in_progress=true&user_id=265 HTTP/1.1" 304 885 "https://www.gradecraft.com/dashboard" "Mozilla/5.0 (Macintosh; Intel Mac OS X 10_7_4) AppleWebKit/537.1 (KHTML, like Gecko) Chrome/21.0.1180.89 Safari/537.1"
67.194.3.33 - jbgolden [17/Sep/2012:11:33:36 -0400] "GET /logout HTTP/1.1" 302 1438 "https://www.gradecraft.com/dashboard" "Mozilla/5.0 (Macintosh; Intel Mac OS X 10_7_2) AppleWebKit/534.52.7 (KHTML, like Gecko) Version/5.1.2 Safari/534.52.7"
67.194.31.50 - - [17/Sep/2012:11:33:42 -0400] "GET / HTTP/1.1" 302 3984 "-" "Mozilla/5.0 (Windows NT 6.1; WOW64) AppleWebKit/537.1 (KHTML, like Gecko) Chrome/21.0.1180.89 Safari/537.1"
67.194.16.211 - nhazen [17/Sep/2012:11:33:48 -0400] "GET /assignments/28/grades/self_log?gradeable_id=287&gradeable_type=User HTTP/1.1" 200 5984 "https://www.gradecraft.com/" "Mozilla/5.0 (Macintosh; Intel Mac OS X 10_7_4) AppleWebKit/537.1 (KHTML, like Gecko) Chrome/21.0.1180.89 Safari/537.1"
67.194.90.231 - jjsinger [17/Sep/2012:11:33:48 -0400] "GET /dashboard HTTP/1.1" 200 4053 "-" "Mozilla/5.0 (Macintosh; Intel Mac OS X 10_8) AppleWebKit/536.25 (KHTML, like Gecko) Version/6.0 Safari/536.25"
67.194.28.221 - hlsmallw [17/Sep/2012:11:33:49 -0400] "GET /badges HTTP/1.1" 200 4117 "https://www.gradecraft.com/dashboard" "Mozilla/5.0 (Macintosh; Intel Mac OS X 10_8) AppleWebKit/536.25 (KHTML, like Gecko) Version/6.0 Safari/536.25"
67.194.90.231 - jjsinger [17/Sep/2012:11:33:49 -0400] "GET /users/predictor.json?user_id=356 HTTP/1.1" 200 1594 "https://www.gradecraft.com/dashboard" "Mozilla/5.0 (Macintosh; Intel Mac OS X 10_8) AppleWebKit/536.25 (KHTML, like Gecko) Version/6.0 Safari/536.25"
67.194.28.221 - hlsmallw [17/Sep/2012:11:33:49 -0400] "GET /badges/pos101/above_and_beyond.png HTTP/1.1" 200 6234 "https://www.gradecraft.com/badges" "Mozilla/5.0 (Macintosh; Intel Mac OS X 10_8) AppleWebKit/536.25 (KHTML, like Gecko) Version/6.0 Safari/536.25"
67.194.28.221 - hlsmallw [17/Sep/2012:11:33:49 -0400] "GET /badges/pos101/awesome_aggregator.png HTTP/1.1" 200 5803 "https://www.gradecraft.com/badges" "Mozilla/5.0 (Macintosh; Intel Mac OS X 10_8) AppleWebKit/536.25 (KHTML, like Gecko) Version/6.0 Safari/536.25"
67.194.28.221 - hlsmallw [17/Sep/2012:11:33:49 -0400] "GET /badges/pos101/always_learning.png HTTP/1.1" 200 3211 "https://www.gradecraft.com/badges" "Mozilla/5.0 (Macintosh; Intel Mac OS X 10_8) AppleWebKit/536.25 (KHTML, like Gecko) Version/6.0 Safari/536.25"
67.194.28.221 - hlsmallw [17/Sep/2012:11:33:49 -0400] "GET /badges/pos101/presentation_of_self.png HTTP/1.1" 200 5643 "https://www.gradecraft.com/badges" "Mozilla/5.0 (Macintosh; Intel Mac OS X 10_8) AppleWebKit/536.25 (KHTML, like Gecko) Version/6.0 Safari/536.25"
67.194.28.221 - hlsmallw [17/Sep/2012:11:33:49 -0400] "GET /badges/pos101/teachers_pet.png HTTP/1.1" 200 3339 "https://www.gradecraft.com/badges" "Mozilla/5.0 (Macintosh; Intel Mac OS X 10_8) AppleWebKit/536.25 (KHTML, like Gecko) Version/6.0 Safari/536.25"
67.194.28.221 - hlsmallw [17/Sep/2012:11:33:49 -0400] "GET /badges/pos101/great_critic.png HTTP/1.1" 200 5451 "https://www.gradecraft.com/badges" "Mozilla/5.0 (Macintosh; Intel Mac OS X 10_8) AppleWebKit/536.25 (KHTML, like Gecko) Version/6.0 Safari/536.25"
67.194.28.221 - hlsmallw [17/Sep/2012:11:33:49 -0400] "GET /badges/pos101/concentrator.png HTTP/1.1" 200 3594 "https://www.gradecraft.com/badges" "Mozilla/5.0 (Macintosh; Intel Mac OS X 10_8) AppleWebKit/536.25 (KHTML, like Gecko) Version/6.0 Safari/536.25"
67.194.28.221 - hlsmallw [17/Sep/2012:11:33:49 -0400] "GET /badges/pos101/courageous_failure.png HTTP/1.1" 200 8410 "https://www.gradecraft.com/badges" "Mozilla/5.0 (Macintosh; Intel Mac OS X 10_8) AppleWebKit/536.25 (KHTML, like Gecko) Version/6.0 Safari/536.25"
67.194.28.221 - hlsmallw [17/Sep/2012:11:33:49 -0400] "GET /badges/pos101/early_bird_special.png HTTP/1.1" 200 4602 "https://www.gradecraft.com/badges" "Mozilla/5.0 (Macintosh; Intel Mac OS X 10_8) AppleWebKit/536.25 (KHTML, like Gecko) Version/6.0 Safari/536.25"
67.194.28.221 - hlsmallw [17/Sep/2012:11:33:49 -0400] "GET /badges/pos101/gamer.png HTTP/1.1" 200 4378 "https://www.gradecraft.com/badges" "Mozilla/5.0 (Macintosh; Intel Mac OS X 10_8) AppleWebKit/536.25 (KHTML, like Gecko) Version/6.0 Safari/536.25"
67.194.28.221 - hlsmallw [17/Sep/2012:11:33:49 -0400] "GET /badges/pos101/gaining_experience.png HTTP/1.1" 200 8458 "https://www.gradecraft.com/badges" "Mozilla/5.0 (Macintosh; Intel Mac OS X 10_8) AppleWebKit/536.25 (KHTML, like Gecko) Version/6.0 Safari/536.25"
67.194.28.221 - hlsmallw [17/Sep/2012:11:33:49 -0400] "GET /badges/pos101/level_one.png HTTP/1.1" 200 4458 "https://www.gradecraft.com/badges" "Mozilla/5.0 (Macintosh; Intel Mac OS X 10_8) AppleWebKit/536.25 (KHTML, like Gecko) Version/6.0 Safari/536.25"
67.194.28.221 - hlsmallw [17/Sep/2012:11:33:49 -0400] "GET /badges/pos101/personal.png HTTP/1.1" 200 4474 "https://www.gradecraft.com/badges" "Mozilla/5.0 (Macintosh; Intel Mac OS X 10_8) AppleWebKit/536.25 (KHTML, like Gecko) Version/6.0 Safari/536.25"
67.194.28.221 - hlsmallw [17/Sep/2012:11:33:49 -0400] "GET /badges/pos101/examination_expert.png HTTP/1.1" 200 4042 "https://www.gradecraft.com/badges" "Mozilla/5.0 (Macintosh; Intel Mac OS X 10_8) AppleWebKit/536.25 (KHTML, like Gecko) Version/6.0 Safari/536.25"
67.194.28.221 - hlsmallw [17/Sep/2012:11:33:49 -0400] "GET /uploads/badge/icon/23/learning_from_mistakes.png HTTP/1.1" 404 1044 "https://www.gradecraft.com/badges" "Mozilla/5.0 (Macintosh; Intel Mac OS X 10_8) AppleWebKit/536.25 (KHTML, like Gecko) Version/6.0 Safari/536.25"
67.194.28.221 - hlsmallw [17/Sep/2012:11:33:49 -0400] "GET /badges/pos101/practice_makes_perfect.png HTTP/1.1" 200 6010 "https://www.gradecraft.com/badges" "Mozilla/5.0 (Macintosh; Intel Mac OS X 10_8) AppleWebKit/536.25 (KHTML, like Gecko) Version/6.0 Safari/536.25"
67.194.28.221 - hlsmallw [17/Sep/2012:11:33:49 -0400] "GET /badges/pos101/participatory_democrat.png HTTP/1.1" 200 5354 "https://www.gradecraft.com/badges" "Mozilla/5.0 (Macintosh; Intel Mac OS X 10_8) AppleWebKit/536.25 (KHTML, like Gecko) Version/6.0 Safari/536.25"
67.194.28.221 - hlsmallw [17/Sep/2012:11:33:49 -0400] "GET /badges/pos101/public_speaker.png HTTP/1.1" 200 5482 "https://www.gradecraft.com/badges" "Mozilla/5.0 (Macintosh; Intel Mac OS X 10_8) AppleWebKit/536.25 (KHTML, like Gecko) Version/6.0 Safari/536.25"
67.194.28.221 - hlsmallw [17/Sep/2012:11:33:49 -0400] "GET /badges/pos101/scribe.png HTTP/1.1" 200 3002 "https://www.gradecraft.com/badges" "Mozilla/5.0 (Macintosh; Intel Mac OS X 10_8) AppleWebKit/536.25 (KHTML, like Gecko) Version/6.0 Safari/536.25"
67.194.28.221 - hlsmallw [17/Sep/2012:11:33:49 -0400] "GET /badges/pos101/times_immemorial.png HTTP/1.1" 200 5722 "https://www.gradecraft.com/badges" "Mozilla/5.0 (Macintosh; Intel Mac OS X 10_8) AppleWebKit/536.25 (KHTML, like Gecko) Version/6.0 Safari/536.25"
67.194.90.231 - jjsinger [17/Sep/2012:11:33:49 -0400] "GET /users/predictor.json?in_progress=true&user_id=356 HTTP/1.1" 304 1030 "https://www.gradecraft.com/dashboard" "Mozilla/5.0 (Macintosh; Intel Mac OS X 10_8) AppleWebKit/536.25 (KHTML, like Gecko) Version/6.0 Safari/536.25"
67.194.24.25 - - [17/Sep/2012:11:33:51 -0400] "GET / HTTP/1.1" 302 3254 "-" "Mozilla/5.0 (Macintosh; Intel Mac OS X 10_7_4) AppleWebKit/534.57.2 (KHTML, like Gecko) Version/5.1.7 Safari/534.57.2"
67.194.31.50 - - [17/Sep/2012:11:33:52 -0400] "GET /cosign/valid?cosign-www.gradecraft.com=NXcvtO-7VZyGRUMdx79e+28zVXMTov+0jj6fNf9kU0zyQneyvVua9ZqznVP69JR5Cl8XcYGVsvHSaUn+wgDccggdyR8L9JFz13WxATcCY4riEc4-bJaw1VbzQN-g&https://www.gradecraft.com/ HTTP/1.1" 301 868 "https://weblogin.umich.edu/?cosign-www.gradecraft.com&https://www.gradecraft.com/" "Mozilla/5.0 (Windows NT 6.1; WOW64) AppleWebKit/537.1 (KHTML, like Gecko) Chrome/21.0.1180.89 Safari/537.1"
67.194.16.211 - nhazen [17/Sep/2012:11:33:52 -0400] "POST /assignments/28/grades/self_log_create HTTP/1.1" 302 1636 "https://www.gradecraft.com/assignments/28/grades/self_log?gradeable_id=287&gradeable_type=User" "Mozilla/5.0 (Macintosh; Intel Mac OS X 10_7_4) AppleWebKit/537.1 (KHTML, like Gecko) Chrome/21.0.1180.89 Safari/537.1"
67.194.31.50 - doksuz [17/Sep/2012:11:33:52 -0400] "GET / HTTP/1.1" 302 1348 "https://weblogin.umich.edu/?cosign-www.gradecraft.com&https://www.gradecraft.com/" "Mozilla/5.0 (Windows NT 6.1; WOW64) AppleWebKit/537.1 (KHTML, like Gecko) Chrome/21.0.1180.89 Safari/537.1"
67.194.31.50 - doksuz [17/Sep/2012:11:33:52 -0400] "GET /dashboard HTTP/1.1" 200 3924 "https://weblogin.umich.edu/?cosign-www.gradecraft.com&https://www.gradecraft.com/" "Mozilla/5.0 (Windows NT 6.1; WOW64) AppleWebKit/537.1 (KHTML, like Gecko) Chrome/21.0.1180.89 Safari/537.1"
67.194.31.50 - doksuz [17/Sep/2012:11:33:52 -0400] "GET /uploads/theme/filename/3/cyborg.min.css HTTP/1.1" 200 19621 "https://www.gradecraft.com/dashboard" "Mozilla/5.0 (Windows NT 6.1; WOW64) AppleWebKit/537.1 (KHTML, like Gecko) Chrome/21.0.1180.89 Safari/537.1"
67.194.31.50 - doksuz [17/Sep/2012:11:33:52 -0400] "GET /assets/application-00253241250260a29e421ba336543d92.css HTTP/1.1" 200 46253 "https://www.gradecraft.com/dashboard" "Mozilla/5.0 (Windows NT 6.1; WOW64) AppleWebKit/537.1 (KHTML, like Gecko) Chrome/21.0.1180.89 Safari/537.1"
67.194.31.50 - doksuz [17/Sep/2012:11:33:52 -0400] "GET /assets/application-4ce0ae23744168912769066ef11545d8.js HTTP/1.1" 200 138998 "https://www.gradecraft.com/dashboard" "Mozilla/5.0 (Windows NT 6.1; WOW64) AppleWebKit/537.1 (KHTML, like Gecko) Chrome/21.0.1180.89 Safari/537.1"
67.194.16.211 - nhazen [17/Sep/2012:11:33:52 -0400] "GET /dashboard HTTP/1.1" 200 4164 "https://www.gradecraft.com/assignments/28/grades/self_log?gradeable_id=287&gradeable_type=User" "Mozilla/5.0 (Macintosh; Intel Mac OS X 10_7_4) AppleWebKit/537.1 (KHTML, like Gecko) Chrome/21.0.1180.89 Safari/537.1"
67.194.16.211 - nhazen [17/Sep/2012:11:33:53 -0400] "GET /users/predictor.json?user_id=287 HTTP/1.1" 200 1723 "https://www.gradecraft.com/dashboard" "Mozilla/5.0 (Macintosh; Intel Mac OS X 10_7_4) AppleWebKit/537.1 (KHTML, like Gecko) Chrome/21.0.1180.89 Safari/537.1"
67.194.16.211 - nhazen [17/Sep/2012:11:33:53 -0400] "GET /users/predictor.json?in_progress=true&user_id=287 HTTP/1.1" 200 1578 "https://www.gradecraft.com/dashboard" "Mozilla/5.0 (Macintosh; Intel Mac OS X 10_7_4) AppleWebKit/537.1 (KHTML, like Gecko) Chrome/21.0.1180.89 Safari/537.1"
67.194.31.50 - doksuz [17/Sep/2012:11:33:53 -0400] "GET /users/predictor.json?in_progress=true&user_id=156 HTTP/1.1" 200 1562 "https://www.gradecraft.com/dashboard" "Mozilla/5.0 (Windows NT 6.1; WOW64) AppleWebKit/537.1 (KHTML, like Gecko) Chrome/21.0.1180.89 Safari/537.1"
67.194.31.50 - doksuz [17/Sep/2012:11:33:53 -0400] "GET /users/predictor.json?user_id=156 HTTP/1.1" 200 1562 "https://www.gradecraft.com/dashboard" "Mozilla/5.0 (Windows NT 6.1; WOW64) AppleWebKit/537.1 (KHTML, like Gecko) Chrome/21.0.1180.89 Safari/537.1"
166.137.80.43 - - [17/Sep/2012:11:33:55 -0400] "GET /assignments/27/grades/self_log?gradeable_id=304&gradeable_type=User HTTP/1.1" 302 3355 "-" "Mozilla/5.0 (iPhone; CPU iPhone OS 5_1_1 like Mac OS X) AppleWebKit/534.46 (KHTML, like Gecko) Version/5.1 Mobile/9B206 Safari/7534.48.3"
67.194.89.17 - - [17/Sep/2012:11:33:57 -0400] "GET / HTTP/1.1" 302 3259 "-" "Mozilla/5.0 (iPhone; CPU iPhone OS 5_1_1 like Mac OS X) AppleWebKit/534.46 (KHTML, like Gecko) Version/5.1 Mobile/9B206 Safari/7534.48.3"
67.194.68.190 - jclarkjr [17/Sep/2012:11:33:58 -0400] "GET /dashboard HTTP/1.1" 200 6411 "-" "Mozilla/5.0 (Macintosh; Intel Mac OS X 10_8_1) AppleWebKit/536.25 (KHTML, like Gecko) Version/6.0 Safari/536.25"
67.194.68.190 - jclarkjr [17/Sep/2012:11:33:58 -0400] "GET /assets/application-00253241250260a29e421ba336543d92.css HTTP/1.1" 200 46253 "https://www.gradecraft.com/dashboard" "Mozilla/5.0 (Macintosh; Intel Mac OS X 10_8_1) AppleWebKit/536.25 (KHTML, like Gecko) Version/6.0 Safari/536.25"
67.194.68.190 - jclarkjr [17/Sep/2012:11:33:58 -0400] "GET /uploads/theme/filename/3/cyborg.min.css HTTP/1.1" 200 16538 "https://www.gradecraft.com/dashboard" "Mozilla/5.0 (Macintosh; Intel Mac OS X 10_8_1) AppleWebKit/536.25 (KHTML, like Gecko) Version/6.0 Safari/536.25"
67.194.68.190 - jclarkjr [17/Sep/2012:11:33:58 -0400] "GET /assets/application-4ce0ae23744168912769066ef11545d8.js HTTP/1.1" 200 135915 "https://www.gradecraft.com/dashboard" "Mozilla/5.0 (Macintosh; Intel Mac OS X 10_8_1) AppleWebKit/536.25 (KHTML, like Gecko) Version/6.0 Safari/536.25"
67.194.24.25 - - [17/Sep/2012:11:33:59 -0400] "GET /cosign/valid?cosign-www.gradecraft.com=hAJIVgAwir0V7v2XkeN6DzsT7OnZn8HF06FCifGIo1xmpr-qgn8+lqw7prjIwd65UlHNA6EdCVCNRzj7wpno2ZN5Xf7uCCWKSay5hSc0RTyUgApsYj6ppfVoJT46&https://www.gradecraft.com/ HTTP/1.1" 301 868 "https://weblogin.umich.edu/?cosign-www.gradecraft.com&https://www.gradecraft.com/" "Mozilla/5.0 (Macintosh; Intel Mac OS X 10_7_4) AppleWebKit/534.57.2 (KHTML, like Gecko) Version/5.1.7 Safari/534.57.2"
67.194.24.25 - ellenahh [17/Sep/2012:11:33:59 -0400] "GET / HTTP/1.1" 302 1348 "https://weblogin.umich.edu/?cosign-www.gradecraft.com&https://www.gradecraft.com/" "Mozilla/5.0 (Macintosh; Intel Mac OS X 10_7_4) AppleWebKit/534.57.2 (KHTML, like Gecko) Version/5.1.7 Safari/534.57.2"
67.194.24.25 - ellenahh [17/Sep/2012:11:33:59 -0400] "GET /dashboard HTTP/1.1" 200 3892 "https://weblogin.umich.edu/?cosign-www.gradecraft.com&https://www.gradecraft.com/" "Mozilla/5.0 (Macintosh; Intel Mac OS X 10_7_4) AppleWebKit/534.57.2 (KHTML, like Gecko) Version/5.1.7 Safari/534.57.2"
67.194.24.25 - ellenahh [17/Sep/2012:11:33:59 -0400] "GET /uploads/theme/filename/3/cyborg.min.css HTTP/1.1" 200 16531 "https://www.gradecraft.com/dashboard" "Mozilla/5.0 (Macintosh; Intel Mac OS X 10_7_4) AppleWebKit/534.57.2 (KHTML, like Gecko) Version/5.1.7 Safari/534.57.2"
67.194.24.25 - ellenahh [17/Sep/2012:11:33:59 -0400] "GET /assets/application-00253241250260a29e421ba336543d92.css HTTP/1.1" 200 46253 "https://www.gradecraft.com/dashboard" "Mozilla/5.0 (Macintosh; Intel Mac OS X 10_7_4) AppleWebKit/534.57.2 (KHTML, like Gecko) Version/5.1.7 Safari/534.57.2"
67.194.24.25 - ellenahh [17/Sep/2012:11:33:59 -0400] "GET /assets/application-4ce0ae23744168912769066ef11545d8.js HTTP/1.1" 200 135908 "https://www.gradecraft.com/dashboard" "Mozilla/5.0 (Macintosh; Intel Mac OS X 10_7_4) AppleWebKit/534.57.2 (KHTML, like Gecko) Version/5.1.7 Safari/534.57.2"
67.194.68.190 - jclarkjr [17/Sep/2012:11:33:59 -0400] "GET /users/predictor.json?in_progress=true&user_id=84 HTTP/1.1" 200 1578 "https://www.gradecraft.com/dashboard" "Mozilla/5.0 (Macintosh; Intel Mac OS X 10_8_1) AppleWebKit/536.25 (KHTML, like Gecko) Version/6.0 Safari/536.25"
67.194.68.190 - jclarkjr [17/Sep/2012:11:33:59 -0400] "GET /users/predictor.json?user_id=84 HTTP/1.1" 200 1594 "https://www.gradecraft.com/dashboard" "Mozilla/5.0 (Macintosh; Intel Mac OS X 10_8_1) AppleWebKit/536.25 (KHTML, like Gecko) Version/6.0 Safari/536.25"
67.194.24.25 - ellenahh [17/Sep/2012:11:34:00 -0400] "GET /favicon.ico HTTP/1.1" 200 4650 "https://www.gradecraft.com/dashboard" "Mozilla/5.0 (Macintosh; Intel Mac OS X 10_7_4) AppleWebKit/534.57.2 (KHTML, like Gecko) Version/5.1.7 Safari/534.57.2"
67.194.24.25 - ellenahh [17/Sep/2012:11:34:00 -0400] "GET /users/predictor.json?user_id=255 HTTP/1.1" 200 1578 "https://www.gradecraft.com/dashboard" "Mozilla/5.0 (Macintosh; Intel Mac OS X 10_7_4) AppleWebKit/534.57.2 (KHTML, like Gecko) Version/5.1.7 Safari/534.57.2"
67.194.24.25 - ellenahh [17/Sep/2012:11:34:00 -0400] "GET /users/predictor.json?in_progress=true&user_id=255 HTTP/1.1" 200 1578 "https://www.gradecraft.com/dashboard" "Mozilla/5.0 (Macintosh; Intel Mac OS X 10_7_4) AppleWebKit/534.57.2 (KHTML, like Gecko) Version/5.1.7 Safari/534.57.2"
67.194.5.144 - abigailt [17/Sep/2012:11:34:01 -0400] "GET /assignments/28/grades/self_log?gradeable_id=137&gradeable_type=User HTTP/1.1" 200 2885 "https://www.gradecraft.com/dashboard" "Mozilla/5.0 (Macintosh; Intel Mac OS X 10_6_8) AppleWebKit/537.1 (KHTML, like Gecko) Chrome/21.0.1180.89 Safari/537.1"
67.194.5.144 - abigailt [17/Sep/2012:11:34:06 -0400] "POST /assignments/28/grades/self_log_create HTTP/1.1" 302 1636 "https://www.gradecraft.com/assignments/28/grades/self_log?gradeable_id=137&gradeable_type=User" "Mozilla/5.0 (Macintosh; Intel Mac OS X 10_6_8) AppleWebKit/537.1 (KHTML, like Gecko) Chrome/21.0.1180.89 Safari/537.1"
67.194.5.144 - abigailt [17/Sep/2012:11:34:06 -0400] "GET /dashboard HTTP/1.1" 200 4148 "https://www.gradecraft.com/assignments/28/grades/self_log?gradeable_id=137&gradeable_type=User" "Mozilla/5.0 (Macintosh; Intel Mac OS X 10_6_8) AppleWebKit/537.1 (KHTML, like Gecko) Chrome/21.0.1180.89 Safari/537.1"
67.194.5.144 - abigailt [17/Sep/2012:11:34:07 -0400] "GET /users/predictor.json?user_id=137 HTTP/1.1" 200 1723 "https://www.gradecraft.com/dashboard" "Mozilla/5.0 (Macintosh; Intel Mac OS X 10_6_8) AppleWebKit/537.1 (KHTML, like Gecko) Chrome/21.0.1180.89 Safari/537.1"
67.194.5.144 - abigailt [17/Sep/2012:11:34:07 -0400] "GET /users/predictor.json?in_progress=true&user_id=137 HTTP/1.1" 200 1578 "https://www.gradecraft.com/dashboard" "Mozilla/5.0 (Macintosh; Intel Mac OS X 10_6_8) AppleWebKit/537.1 (KHTML, like Gecko) Chrome/21.0.1180.89 Safari/537.1"
67.194.125.202 - - [17/Sep/2012:11:34:13 -0400] "GET / HTTP/1.1" 302 3984 "-" "Mozilla/5.0 (Windows NT 6.1; WOW64) AppleWebKit/537.1 (KHTML, like Gecko) Chrome/21.0.1180.89 Safari/537.1"
35.0.87.245 - - [17/Sep/2012:11:34:13 -0400] "GET / HTTP/1.1" 302 3254 "-" "Mozilla/5.0 (Macintosh; U; Intel Mac OS X 10_6_8; en-us) AppleWebKit/533.21.1 (KHTML, like Gecko) Version/5.0.5 Safari/533.21.1"
67.194.125.202 - - [17/Sep/2012:11:34:13 -0400] "GET /cosign/valid?cosign-www.gradecraft.com=VzejaRG-l54eFcw1Br53EgDWK17Bl-LDOA7PCc8QhiinzNiLgiD5UjNER+XtprCNgWT5-cFCzPmKgVMRobFLpxEGoinCayABARBwmZAR++mEpccyNpwseXWDDe5h&https://www.gradecraft.com/ HTTP/1.1" 301 868 "-" "Mozilla/5.0 (Windows NT 6.1; WOW64) AppleWebKit/537.1 (KHTML, like Gecko) Chrome/21.0.1180.89 Safari/537.1"
67.194.125.202 - sjspark [17/Sep/2012:11:34:13 -0400] "GET / HTTP/1.1" 302 1348 "-" "Mozilla/5.0 (Windows NT 6.1; WOW64) AppleWebKit/537.1 (KHTML, like Gecko) Chrome/21.0.1180.89 Safari/537.1"
67.194.125.202 - sjspark [17/Sep/2012:11:34:14 -0400] "GET /dashboard HTTP/1.1" 200 3908 "-" "Mozilla/5.0 (Windows NT 6.1; WOW64) AppleWebKit/537.1 (KHTML, like Gecko) Chrome/21.0.1180.89 Safari/537.1"
67.194.125.202 - sjspark [17/Sep/2012:11:34:14 -0400] "GET /assets/application-00253241250260a29e421ba336543d92.css HTTP/1.1" 304 245 "https://www.gradecraft.com/dashboard" "Mozilla/5.0 (Windows NT 6.1; WOW64) AppleWebKit/537.1 (KHTML, like Gecko) Chrome/21.0.1180.89 Safari/537.1"
67.194.125.202 - sjspark [17/Sep/2012:11:34:14 -0400] "GET /assets/application-4ce0ae23744168912769066ef11545d8.js HTTP/1.1" 304 245 "https://www.gradecraft.com/dashboard" "Mozilla/5.0 (Windows NT 6.1; WOW64) AppleWebKit/537.1 (KHTML, like Gecko) Chrome/21.0.1180.89 Safari/537.1"
67.194.125.202 - sjspark [17/Sep/2012:11:34:14 -0400] "GET /uploads/theme/filename/3/cyborg.min.css HTTP/1.1" 304 3473 "https://www.gradecraft.com/dashboard" "Mozilla/5.0 (Windows NT 6.1; WOW64) AppleWebKit/537.1 (KHTML, like Gecko) Chrome/21.0.1180.89 Safari/537.1"
67.194.125.202 - sjspark [17/Sep/2012:11:34:14 -0400] "GET /users/predictor.json?user_id=331 HTTP/1.1" 304 885 "https://www.gradecraft.com/dashboard" "Mozilla/5.0 (Windows NT 6.1; WOW64) AppleWebKit/537.1 (KHTML, like Gecko) Chrome/21.0.1180.89 Safari/537.1"
67.194.125.202 - sjspark [17/Sep/2012:11:34:14 -0400] "GET /users/predictor.json?in_progress=true&user_id=331 HTTP/1.1" 304 885 "https://www.gradecraft.com/dashboard" "Mozilla/5.0 (Windows NT 6.1; WOW64) AppleWebKit/537.1 (KHTML, like Gecko) Chrome/21.0.1180.89 Safari/537.1"
67.194.89.17 - - [17/Sep/2012:11:34:16 -0400] "GET /cosign/valid?cosign-www.gradecraft.com=057Dhz8TBeefSwtRfL1W5QCbSa1Z8D6dEIQCAJrdFd9vV48WdGd0B7TrfbostfLYzLv1w39B-MS7Hm09R2d0kEtdpn2ma0RMkcKJS89ifFZbrxVD7WQb6egwCKP5&https://gradecraft.com/ HTTP/1.1" 301 3243 "https://weblogin.umich.edu/?cosign-www.gradecraft.com&https://gradecraft.com/" "Mozilla/5.0 (iPhone; CPU iPhone OS 5_1_1 like Mac OS X) AppleWebKit/534.46 (KHTML, like Gecko) Version/5.1 Mobile/9B206 Safari/7534.48.3"
67.194.89.17 - - [17/Sep/2012:11:34:18 -0400] "GET /cosign/valid?cosign-www.gradecraft.com=psAJOu-8CSyKYuIbqqWNLXNd0NKpt797x6-c76TC2nLzfH5oQnbfxoAuUWcivO6fK+ocr-KaUAyTCOTRdVl1l+LnFV66kT3mLwELOZ4GXo9MIICFqJ+cU6ol2qjY&https://gradecraft.com/ HTTP/1.1" 301 740 "-" "Mozilla/5.0 (iPhone; CPU iPhone OS 5_1_1 like Mac OS X) AppleWebKit/534.46 (KHTML, like Gecko) Version/5.1 Mobile/9B206 Safari/7534.48.3"
67.194.68.190 - jclarkjr [17/Sep/2012:11:34:20 -0400] "GET /assignments/28/grades/self_log?gradeable_id=84&gradeable_type=User HTTP/1.1" 200 2901 "https://www.gradecraft.com/dashboard" "Mozilla/5.0 (Macintosh; Intel Mac OS X 10_8_1) AppleWebKit/536.25 (KHTML, like Gecko) Version/6.0 Safari/536.25"
67.194.69.173 - - [17/Sep/2012:11:34:21 -0400] "GET / HTTP/1.1" 302 3984 "-" "Mozilla/5.0 (Windows NT 6.1; WOW64) AppleWebKit/537.1 (KHTML, like Gecko) Chrome/21.0.1180.89 Safari/537.1"
35.0.87.245 - - [17/Sep/2012:11:34:20 -0400] "GET /cosign/valid?cosign-www.gradecraft.com=aCC0d+REFr-UOmdY0zB1HScLyYfVQVWZ8ihDfCJj2qV0gU6Byaw1r6QP8Klay0vQx6a+PXEL6CnUxnjnwaWHbY3+LKA1dVEsHENmYDaS4uwdrPuwJ5jojGojWjzA&https://www.gradecraft.com/ HTTP/1.1" 301 868 "https://weblogin.umich.edu/?cosign-www.gradecraft.com&https://www.gradecraft.com/" "Mozilla/5.0 (Macintosh; U; Intel Mac OS X 10_6_8; en-us) AppleWebKit/533.21.1 (KHTML, like Gecko) Version/5.0.5 Safari/533.21.1"
35.0.87.245 - aaabihai [17/Sep/2012:11:34:21 -0400] "GET / HTTP/1.1" 200 3892 "https://weblogin.umich.edu/?cosign-www.gradecraft.com&https://www.gradecraft.com/" "Mozilla/5.0 (Macintosh; U; Intel Mac OS X 10_6_8; en-us) AppleWebKit/533.21.1 (KHTML, like Gecko) Version/5.0.5 Safari/533.21.1"
35.0.87.245 - aaabihai [17/Sep/2012:11:34:21 -0400] "GET /uploads/theme/filename/3/cyborg.min.css HTTP/1.1" 200 16531 "https://www.gradecraft.com/" "Mozilla/5.0 (Macintosh; U; Intel Mac OS X 10_6_8; en-us) AppleWebKit/533.21.1 (KHTML, like Gecko) Version/5.0.5 Safari/533.21.1"
67.194.31.50 - doksuz [17/Sep/2012:11:34:21 -0400] "GET /user_assignment_type_weights/new?assignment_type_id=8 HTTP/1.1" 200 7925 "https://www.gradecraft.com/dashboard" "Mozilla/5.0 (Windows NT 6.1; WOW64) AppleWebKit/537.1 (KHTML, like Gecko) Chrome/21.0.1180.89 Safari/537.1"
35.0.87.245 - aaabihai [17/Sep/2012:11:34:21 -0400] "GET /assets/application-00253241250260a29e421ba336543d92.css HTTP/1.1" 200 46391 "https://www.gradecraft.com/" "Mozilla/5.0 (Macintosh; U; Intel Mac OS X 10_6_8; en-us) AppleWebKit/533.21.1 (KHTML, like Gecko) Version/5.0.5 Safari/533.21.1"
67.194.28.221 - hlsmallw [17/Sep/2012:11:34:22 -0400] "GET /dashboard HTTP/1.1" 200 4085 "https://www.gradecraft.com/badges" "Mozilla/5.0 (Macintosh; Intel Mac OS X 10_8) AppleWebKit/536.25 (KHTML, like Gecko) Version/6.0 Safari/536.25"
67.194.28.221 - hlsmallw [17/Sep/2012:11:34:22 -0400] "GET /users/predictor.json?user_id=178 HTTP/1.1" 200 1578 "https://www.gradecraft.com/dashboard" "Mozilla/5.0 (Macintosh; Intel Mac OS X 10_8) AppleWebKit/536.25 (KHTML, like Gecko) Version/6.0 Safari/536.25"
67.194.28.221 - hlsmallw [17/Sep/2012:11:34:22 -0400] "GET /users/predictor.json?in_progress=true&user_id=178 HTTP/1.1" 304 1014 "https://www.gradecraft.com/dashboard" "Mozilla/5.0 (Macintosh; Intel Mac OS X 10_8) AppleWebKit/536.25 (KHTML, like Gecko) Version/6.0 Safari/536.25"
67.194.10.197 - jcbelt [17/Sep/2012:11:34:23 -0400] "GET /assignments/28/grades/self_log?gradeable_id=123&gradeable_type=User HTTP/1.1" 200 2875 "https://www.gradecraft.com/dashboard" "Mozilla/5.0 (compatible; MSIE 9.0; Windows NT 6.1; WOW64; Trident/5.0)"
35.0.87.245 - aaabihai [17/Sep/2012:11:34:21 -0400] "GET /assets/application-4ce0ae23744168912769066ef11545d8.js HTTP/1.1" 200 135770 "https://www.gradecraft.com/" "Mozilla/5.0 (Macintosh; U; Intel Mac OS X 10_6_8; en-us) AppleWebKit/533.21.1 (KHTML, like Gecko) Version/5.0.5 Safari/533.21.1"
67.194.10.197 - - [17/Sep/2012:11:34:24 -0400] "GET /favicon.ico HTTP/1.1" 302 900 "-" "Mozilla/5.0 (compatible; MSIE 9.0; Windows NT 6.1; WOW64; Trident/5.0)"
35.0.87.245 - aaabihai [17/Sep/2012:11:34:24 -0400] "GET /favicon.ico HTTP/1.1" 200 4650 "https://www.gradecraft.com/" "Mozilla/5.0 (Macintosh; U; Intel Mac OS X 10_6_8; en-us) AppleWebKit/533.21.1 (KHTML, like Gecko) Version/5.0.5 Safari/533.21.1"
35.0.87.245 - aaabihai [17/Sep/2012:11:34:24 -0400] "GET /users/predictor.json?user_id=121 HTTP/1.1" 200 1578 "https://www.gradecraft.com/" "Mozilla/5.0 (Macintosh; U; Intel Mac OS X 10_6_8; en-us) AppleWebKit/533.21.1 (KHTML, like Gecko) Version/5.0.5 Safari/533.21.1"
35.0.87.245 - aaabihai [17/Sep/2012:11:34:24 -0400] "GET /users/predictor.json?in_progress=true&user_id=121 HTTP/1.1" 200 1578 "https://www.gradecraft.com/" "Mozilla/5.0 (Macintosh; U; Intel Mac OS X 10_6_8; en-us) AppleWebKit/533.21.1 (KHTML, like Gecko) Version/5.0.5 Safari/533.21.1"
35.0.91.59 - - [17/Sep/2012:11:34:25 -0400] "GET / HTTP/1.1" 302 3984 "-" "Mozilla/5.0 (Macintosh; Intel Mac OS X 10_7_4) AppleWebKit/537.1 (KHTML, like Gecko) Chrome/21.0.1180.89 Safari/537.1"
67.194.68.190 - jclarkjr [17/Sep/2012:11:34:26 -0400] "POST /assignments/28/grades/self_log_create HTTP/1.1" 302 1636 "https://www.gradecraft.com/assignments/28/grades/self_log?gradeable_id=84&gradeable_type=User" "Mozilla/5.0 (Macintosh; Intel Mac OS X 10_8_1) AppleWebKit/536.25 (KHTML, like Gecko) Version/6.0 Safari/536.25"
67.194.68.190 - jclarkjr [17/Sep/2012:11:34:26 -0400] "GET /dashboard HTTP/1.1" 200 4148 "https://www.gradecraft.com/assignments/28/grades/self_log?gradeable_id=84&gradeable_type=User" "Mozilla/5.0 (Macintosh; Intel Mac OS X 10_8_1) AppleWebKit/536.25 (KHTML, like Gecko) Version/6.0 Safari/536.25"
67.194.68.190 - jclarkjr [17/Sep/2012:11:34:26 -0400] "GET /users/predictor.json?user_id=84 HTTP/1.1" 200 1739 "https://www.gradecraft.com/dashboard" "Mozilla/5.0 (Macintosh; Intel Mac OS X 10_8_1) AppleWebKit/536.25 (KHTML, like Gecko) Version/6.0 Safari/536.25"
67.194.68.190 - jclarkjr [17/Sep/2012:11:34:26 -0400] "GET /users/predictor.json?in_progress=true&user_id=84 HTTP/1.1" 200 1578 "https://www.gradecraft.com/dashboard" "Mozilla/5.0 (Macintosh; Intel Mac OS X 10_8_1) AppleWebKit/536.25 (KHTML, like Gecko) Version/6.0 Safari/536.25"
67.194.69.173 - - [17/Sep/2012:11:34:27 -0400] "GET /cosign/valid?cosign-www.gradecraft.com=+X+CpOQDZJrTXw0lNOY2moAf0itj6bmPp2A3-uzu1EUghjZGP9JbPN+cy3OZkjPwwoefxW0-KVaS+Fch+vVexmLdRGgFgRFFBYAWXB0tzoWmM7kWj5XjYwt2Brnn&https://www.gradecraft.com/ HTTP/1.1" 301 868 "https://weblogin.umich.edu/?cosign-www.gradecraft.com&https://www.gradecraft.com/" "Mozilla/5.0 (Windows NT 6.1; WOW64) AppleWebKit/537.1 (KHTML, like Gecko) Chrome/21.0.1180.89 Safari/537.1"
67.194.69.173 - swsmth [17/Sep/2012:11:34:27 -0400] "GET / HTTP/1.1" 302 1348 "https://weblogin.umich.edu/?cosign-www.gradecraft.com&https://www.gradecraft.com/" "Mozilla/5.0 (Windows NT 6.1; WOW64) AppleWebKit/537.1 (KHTML, like Gecko) Chrome/21.0.1180.89 Safari/537.1"
67.194.69.173 - swsmth [17/Sep/2012:11:34:28 -0400] "GET /dashboard HTTP/1.1" 200 3892 "https://weblogin.umich.edu/?cosign-www.gradecraft.com&https://www.gradecraft.com/" "Mozilla/5.0 (Windows NT 6.1; WOW64) AppleWebKit/537.1 (KHTML, like Gecko) Chrome/21.0.1180.89 Safari/537.1"
67.194.69.173 - swsmth [17/Sep/2012:11:34:29 -0400] "GET /assets/application-00253241250260a29e421ba336543d92.css HTTP/1.1" 304 245 "https://www.gradecraft.com/dashboard" "Mozilla/5.0 (Windows NT 6.1; WOW64) AppleWebKit/537.1 (KHTML, like Gecko) Chrome/21.0.1180.89 Safari/537.1"
67.194.69.173 - swsmth [17/Sep/2012:11:34:29 -0400] "GET /uploads/theme/filename/3/cyborg.min.css HTTP/1.1" 304 3473 "https://www.gradecraft.com/dashboard" "Mozilla/5.0 (Windows NT 6.1; WOW64) AppleWebKit/537.1 (KHTML, like Gecko) Chrome/21.0.1180.89 Safari/537.1"
67.194.69.173 - swsmth [17/Sep/2012:11:34:29 -0400] "GET /assets/application-4ce0ae23744168912769066ef11545d8.js HTTP/1.1" 304 245 "https://www.gradecraft.com/dashboard" "Mozilla/5.0 (Windows NT 6.1; WOW64) AppleWebKit/537.1 (KHTML, like Gecko) Chrome/21.0.1180.89 Safari/537.1"
67.194.69.173 - swsmth [17/Sep/2012:11:34:29 -0400] "GET /users/predictor.json?user_id=136 HTTP/1.1" 200 1578 "https://www.gradecraft.com/dashboard" "Mozilla/5.0 (Windows NT 6.1; WOW64) AppleWebKit/537.1 (KHTML, like Gecko) Chrome/21.0.1180.89 Safari/537.1"
67.194.69.173 - swsmth [17/Sep/2012:11:34:29 -0400] "GET /users/predictor.json?in_progress=true&user_id=136 HTTP/1.1" 200 1578 "https://www.gradecraft.com/dashboard" "Mozilla/5.0 (Windows NT 6.1; WOW64) AppleWebKit/537.1 (KHTML, like Gecko) Chrome/21.0.1180.89 Safari/537.1"
67.194.10.197 - jcbelt [17/Sep/2012:11:34:31 -0400] "POST /assignments/28/grades/self_log_create HTTP/1.1" 302 1781 "https://www.gradecraft.com/assignments/28/grades/self_log?gradeable_id=123&gradeable_type=User" "Mozilla/5.0 (compatible; MSIE 9.0; Windows NT 6.1; WOW64; Trident/5.0)"
67.194.10.197 - jcbelt [17/Sep/2012:11:34:31 -0400] "GET /dashboard HTTP/1.1" 200 4118 "https://www.gradecraft.com/assignments/28/grades/self_log?gradeable_id=123&gradeable_type=User" "Mozilla/5.0 (compatible; MSIE 9.0; Windows NT 6.1; WOW64; Trident/5.0)"
67.194.10.197 - jcbelt [17/Sep/2012:11:34:32 -0400] "GET /users/predictor.json?user_id=123 HTTP/1.1" 200 1554 "https://www.gradecraft.com/dashboard" "Mozilla/5.0 (compatible; MSIE 9.0; Windows NT 6.1; WOW64; Trident/5.0)"
67.194.10.197 - jcbelt [17/Sep/2012:11:34:32 -0400] "GET /users/predictor.json?in_progress=true&user_id=123 HTTP/1.1" 200 1555 "https://www.gradecraft.com/dashboard" "Mozilla/5.0 (compatible; MSIE 9.0; Windows NT 6.1; WOW64; Trident/5.0)"
35.0.91.59 - - [17/Sep/2012:11:34:33 -0400] "GET /cosign/valid?cosign-www.gradecraft.com=vSsEhZs-KFs0j1vv-qhypuoXV+prdwI1rS3fg6zokwn18WA+00+J3LZ41-3XdwQHwFxbVcyAMJ4ga7VaBwkjSOJCtbPmbWqHX6Xt9PmFpS9oZnTqyH7PjRvtLhUb&https://gradecraft.com/ HTTP/1.1" 301 3968 "https://weblogin.umich.edu/?cosign-www.gradecraft.com&https://gradecraft.com/" "Mozilla/5.0 (Macintosh; Intel Mac OS X 10_7_4) AppleWebKit/537.1 (KHTML, like Gecko) Chrome/21.0.1180.89 Safari/537.1"
67.194.89.17 - - [17/Sep/2012:11:34:33 -0400] "GET / HTTP/1.1" 302 901 "-" "Mozilla/5.0 (iPhone; CPU iPhone OS 5_1_1 like Mac OS X) AppleWebKit/534.46 (KHTML, like Gecko) Version/5.1 Mobile/9B206 Safari/7534.48.3"
67.194.89.17 - - [17/Sep/2012:11:34:33 -0400] "GET /cosign/valid?cosign-www.gradecraft.com=qHh5SU8klrC90MYHWuL2baSsd+GMYDk+pWS-TygufVMis4U4hH5oiD7y401xOvypJ2cmAcCpGyVd2WTFcMSBch+VKTgkWFY6XwKV26mjiSsTifyZ++PkUZqSaB24&https://gradecraft.com/ HTTP/1.1" 301 885 "-" "Mozilla/5.0 (iPhone; CPU iPhone OS 5_1_1 like Mac OS X) AppleWebKit/534.46 (KHTML, like Gecko) Version/5.1 Mobile/9B206 Safari/7534.48.3"
67.194.14.79 - - [17/Sep/2012:11:34:34 -0400] "GET / HTTP/1.1" 302 3984 "-" "Mozilla/5.0 (Macintosh; Intel Mac OS X 10.6; rv:10.0) Gecko/20100101 Firefox/10.0"
67.194.14.79 - - [17/Sep/2012:11:34:35 -0400] "GET /cosign/valid?cosign-www.gradecraft.com=-OIgRHFPmSbols2GzbyJGO2KU25jCP7l87oDln33ZfCg9ghFGvyzdCRoAr6FVNpmoCYq4sdUQB5ZWsYM-mv31MAY9x3Btn5lyJ12x7dXe8FTWNFefEu5XYYWp8PQ&https://www.gradecraft.com/ HTTP/1.1" 301 868 "-" "Mozilla/5.0 (Macintosh; Intel Mac OS X 10.6; rv:10.0) Gecko/20100101 Firefox/10.0"
67.194.14.79 - rhwarner [17/Sep/2012:11:34:35 -0400] "GET / HTTP/1.1" 200 3892 "-" "Mozilla/5.0 (Macintosh; Intel Mac OS X 10.6; rv:10.0) Gecko/20100101 Firefox/10.0"
67.194.14.79 - rhwarner [17/Sep/2012:11:34:35 -0400] "GET /assets/application-00253241250260a29e421ba336543d92.css HTTP/1.1" 200 46253 "https://www.gradecraft.com/" "Mozilla/5.0 (Macintosh; Intel Mac OS X 10.6; rv:10.0) Gecko/20100101 Firefox/10.0"
67.194.14.79 - rhwarner [17/Sep/2012:11:34:35 -0400] "GET /uploads/theme/filename/3/cyborg.min.css HTTP/1.1" 200 16538 "https://www.gradecraft.com/" "Mozilla/5.0 (Macintosh; Intel Mac OS X 10.6; rv:10.0) Gecko/20100101 Firefox/10.0"
67.194.14.79 - rhwarner [17/Sep/2012:11:34:35 -0400] "GET /assets/application-4ce0ae23744168912769066ef11545d8.js HTTP/1.1" 200 135915 "https://www.gradecraft.com/" "Mozilla/5.0 (Macintosh; Intel Mac OS X 10.6; rv:10.0) Gecko/20100101 Firefox/10.0"
67.194.14.79 - rhwarner [17/Sep/2012:11:34:36 -0400] "GET /users/predictor.json?user_id=120 HTTP/1.1" 200 1578 "https://www.gradecraft.com/" "Mozilla/5.0 (Macintosh; Intel Mac OS X 10.6; rv:10.0) Gecko/20100101 Firefox/10.0"
67.194.14.79 - rhwarner [17/Sep/2012:11:34:36 -0400] "GET /users/predictor.json?in_progress=true&user_id=120 HTTP/1.1" 200 1562 "https://www.gradecraft.com/" "Mozilla/5.0 (Macintosh; Intel Mac OS X 10.6; rv:10.0) Gecko/20100101 Firefox/10.0"
